[2026-05-19T19:18:20.414+0000] {processor.py:161} INFO - Started process (PID=8057) to work on /home/airflow/.local/lib/python3.8/site-packages/airflow/example_dags/example_sensor_decorator.py
[2026-05-19T19:18:20.418+0000] {processor.py:830} INFO - Processing file /home/airflow/.local/lib/python3.8/site-packages/airflow/example_dags/example_sensor_decorator.py for tasks to queue
[2026-05-19T19:18:20.425+0000] {logging_mixin.py:188} INFO - [2026-05-19T19:18:20.424+0000] {dagbag.py:540} INFO - Filling up the DagBag from /home/airflow/.local/lib/python3.8/site-packages/airflow/example_dags/example_sensor_decorator.py
[2026-05-19T19:18:20.447+0000] {processor.py:840} INFO - DAG(s) 'example_sensor_decorator' retrieved from /home/airflow/.local/lib/python3.8/site-packages/airflow/example_dags/example_sensor_decorator.py
[2026-05-19T19:18:20.549+0000] {logging_mixin.py:188} INFO - [2026-05-19T19:18:20.548+0000] {dag.py:3047} INFO - Sync 1 DAGs
[2026-05-19T19:18:20.595+0000] {logging_mixin.py:188} INFO - [2026-05-19T19:18:20.594+0000] {dag.py:3834} INFO - Setting next_dagrun for example_sensor_decorator to None, run_after=None
[2026-05-19T19:18:20.657+0000] {processor.py:183} INFO - Processing /home/airflow/.local/lib/python3.8/site-packages/airflow/example_dags/example_sensor_decorator.py took 0.252 seconds
[2026-05-19T19:18:50.816+0000] {processor.py:161} INFO - Started process (PID=8112) to work on /home/airflow/.local/lib/python3.8/site-packages/airflow/example_dags/example_sensor_decorator.py
[2026-05-19T19:18:50.817+0000] {processor.py:830} INFO - Processing file /home/airflow/.local/lib/python3.8/site-packages/airflow/example_dags/example_sensor_decorator.py for tasks to queue
[2026-05-19T19:18:50.819+0000] {logging_mixin.py:188} INFO - [2026-05-19T19:18:50.819+0000] {dagbag.py:540} INFO - Filling up the DagBag from /home/airflow/.local/lib/python3.8/site-packages/airflow/example_dags/example_sensor_decorator.py
[2026-05-19T19:18:50.825+0000] {processor.py:840} INFO - DAG(s) 'example_sensor_decorator' retrieved from /home/airflow/.local/lib/python3.8/site-packages/airflow/example_dags/example_sensor_decorator.py
[2026-05-19T19:18:50.843+0000] {logging_mixin.py:188} INFO - [2026-05-19T19:18:50.843+0000] {dag.py:3047} INFO - Sync 1 DAGs
[2026-05-19T19:18:50.854+0000] {logging_mixin.py:188} INFO - [2026-05-19T19:18:50.853+0000] {dag.py:3834} INFO - Setting next_dagrun for example_sensor_decorator to None, run_after=None
[2026-05-19T19:18:50.869+0000] {processor.py:183} INFO - Processing /home/airflow/.local/lib/python3.8/site-packages/airflow/example_dags/example_sensor_decorator.py took 0.057 seconds
[2026-05-19T19:19:21.434+0000] {processor.py:161} INFO - Started process (PID=8166) to work on /home/airflow/.local/lib/python3.8/site-packages/airflow/example_dags/example_sensor_decorator.py
[2026-05-19T19:19:21.436+0000] {processor.py:830} INFO - Processing file /home/airflow/.local/lib/python3.8/site-packages/airflow/example_dags/example_sensor_decorator.py for tasks to queue
[2026-05-19T19:19:21.438+0000] {logging_mixin.py:188} INFO - [2026-05-19T19:19:21.438+0000] {dagbag.py:540} INFO - Filling up the DagBag from /home/airflow/.local/lib/python3.8/site-packages/airflow/example_dags/example_sensor_decorator.py
[2026-05-19T19:19:21.451+0000] {processor.py:840} INFO - DAG(s) 'example_sensor_decorator' retrieved from /home/airflow/.local/lib/python3.8/site-packages/airflow/example_dags/example_sensor_decorator.py
[2026-05-19T19:19:21.485+0000] {logging_mixin.py:188} INFO - [2026-05-19T19:19:21.485+0000] {dag.py:3047} INFO - Sync 1 DAGs
[2026-05-19T19:19:21.508+0000] {logging_mixin.py:188} INFO - [2026-05-19T19:19:21.507+0000] {dag.py:3834} INFO - Setting next_dagrun for example_sensor_decorator to None, run_after=None
[2026-05-19T19:19:21.545+0000] {processor.py:183} INFO - Processing /home/airflow/.local/lib/python3.8/site-packages/airflow/example_dags/example_sensor_decorator.py took 0.117 seconds
[2026-05-19T19:19:52.181+0000] {processor.py:161} INFO - Started process (PID=8222) to work on /home/airflow/.local/lib/python3.8/site-packages/airflow/example_dags/example_sensor_decorator.py
[2026-05-19T19:19:52.183+0000] {processor.py:830} INFO - Processing file /home/airflow/.local/lib/python3.8/site-packages/airflow/example_dags/example_sensor_decorator.py for tasks to queue
[2026-05-19T19:19:52.185+0000] {logging_mixin.py:188} INFO - [2026-05-19T19:19:52.185+0000] {dagbag.py:540} INFO - Filling up the DagBag from /home/airflow/.local/lib/python3.8/site-packages/airflow/example_dags/example_sensor_decorator.py
[2026-05-19T19:19:52.192+0000] {processor.py:840} INFO - DAG(s) 'example_sensor_decorator' retrieved from /home/airflow/.local/lib/python3.8/site-packages/airflow/example_dags/example_sensor_decorator.py
[2026-05-19T19:19:52.214+0000] {logging_mixin.py:188} INFO - [2026-05-19T19:19:52.214+0000] {dag.py:3047} INFO - Sync 1 DAGs
[2026-05-19T19:19:52.227+0000] {logging_mixin.py:188} INFO - [2026-05-19T19:19:52.226+0000] {dag.py:3834} INFO - Setting next_dagrun for example_sensor_decorator to None, run_after=None
[2026-05-19T19:19:52.248+0000] {processor.py:183} INFO - Processing /home/airflow/.local/lib/python3.8/site-packages/airflow/example_dags/example_sensor_decorator.py took 0.070 seconds
[2026-05-19T19:20:23.112+0000] {processor.py:161} INFO - Started process (PID=8277) to work on /home/airflow/.local/lib/python3.8/site-packages/airflow/example_dags/example_sensor_decorator.py
[2026-05-19T19:20:23.114+0000] {processor.py:830} INFO - Processing file /home/airflow/.local/lib/python3.8/site-packages/airflow/example_dags/example_sensor_decorator.py for tasks to queue
[2026-05-19T19:20:23.117+0000] {logging_mixin.py:188} INFO - [2026-05-19T19:20:23.117+0000] {dagbag.py:540} INFO - Filling up the DagBag from /home/airflow/.local/lib/python3.8/site-packages/airflow/example_dags/example_sensor_decorator.py
[2026-05-19T19:20:23.128+0000] {processor.py:840} INFO - DAG(s) 'example_sensor_decorator' retrieved from /home/airflow/.local/lib/python3.8/site-packages/airflow/example_dags/example_sensor_decorator.py
[2026-05-19T19:20:23.163+0000] {logging_mixin.py:188} INFO - [2026-05-19T19:20:23.162+0000] {dag.py:3047} INFO - Sync 1 DAGs
[2026-05-19T19:20:23.182+0000] {logging_mixin.py:188} INFO - [2026-05-19T19:20:23.181+0000] {dag.py:3834} INFO - Setting next_dagrun for example_sensor_decorator to None, run_after=None
[2026-05-19T19:20:23.211+0000] {processor.py:183} INFO - Processing /home/airflow/.local/lib/python3.8/site-packages/airflow/example_dags/example_sensor_decorator.py took 0.105 seconds
[2026-05-19T19:20:53.296+0000] {processor.py:161} INFO - Started process (PID=8332) to work on /home/airflow/.local/lib/python3.8/site-packages/airflow/example_dags/example_sensor_decorator.py
[2026-05-19T19:20:53.297+0000] {processor.py:830} INFO - Processing file /home/airflow/.local/lib/python3.8/site-packages/airflow/example_dags/example_sensor_decorator.py for tasks to queue
[2026-05-19T19:20:53.299+0000] {logging_mixin.py:188} INFO - [2026-05-19T19:20:53.299+0000] {dagbag.py:540} INFO - Filling up the DagBag from /home/airflow/.local/lib/python3.8/site-packages/airflow/example_dags/example_sensor_decorator.py
[2026-05-19T19:20:53.307+0000] {processor.py:840} INFO - DAG(s) 'example_sensor_decorator' retrieved from /home/airflow/.local/lib/python3.8/site-packages/airflow/example_dags/example_sensor_decorator.py
[2026-05-19T19:20:53.344+0000] {logging_mixin.py:188} INFO - [2026-05-19T19:20:53.343+0000] {dag.py:3047} INFO - Sync 1 DAGs
[2026-05-19T19:20:53.357+0000] {logging_mixin.py:188} INFO - [2026-05-19T19:20:53.357+0000] {dag.py:3834} INFO - Setting next_dagrun for example_sensor_decorator to None, run_after=None
[2026-05-19T19:20:53.390+0000] {processor.py:183} INFO - Processing /home/airflow/.local/lib/python3.8/site-packages/airflow/example_dags/example_sensor_decorator.py took 0.098 seconds
[2026-05-19T19:21:24.292+0000] {processor.py:161} INFO - Started process (PID=8388) to work on /home/airflow/.local/lib/python3.8/site-packages/airflow/example_dags/example_sensor_decorator.py
[2026-05-19T19:21:24.295+0000] {processor.py:830} INFO - Processing file /home/airflow/.local/lib/python3.8/site-packages/airflow/example_dags/example_sensor_decorator.py for tasks to queue
[2026-05-19T19:21:24.301+0000] {logging_mixin.py:188} INFO - [2026-05-19T19:21:24.300+0000] {dagbag.py:540} INFO - Filling up the DagBag from /home/airflow/.local/lib/python3.8/site-packages/airflow/example_dags/example_sensor_decorator.py
[2026-05-19T19:21:24.312+0000] {processor.py:840} INFO - DAG(s) 'example_sensor_decorator' retrieved from /home/airflow/.local/lib/python3.8/site-packages/airflow/example_dags/example_sensor_decorator.py
[2026-05-19T19:21:24.348+0000] {logging_mixin.py:188} INFO - [2026-05-19T19:21:24.347+0000] {dag.py:3047} INFO - Sync 1 DAGs
[2026-05-19T19:21:24.391+0000] {logging_mixin.py:188} INFO - [2026-05-19T19:21:24.390+0000] {dag.py:3834} INFO - Setting next_dagrun for example_sensor_decorator to None, run_after=None
[2026-05-19T19:21:24.462+0000] {processor.py:183} INFO - Processing /home/airflow/.local/lib/python3.8/site-packages/airflow/example_dags/example_sensor_decorator.py took 0.176 seconds
[2026-05-19T19:21:55.015+0000] {processor.py:161} INFO - Started process (PID=8443) to work on /home/airflow/.local/lib/python3.8/site-packages/airflow/example_dags/example_sensor_decorator.py
[2026-05-19T19:21:55.017+0000] {processor.py:830} INFO - Processing file /home/airflow/.local/lib/python3.8/site-packages/airflow/example_dags/example_sensor_decorator.py for tasks to queue
[2026-05-19T19:21:55.020+0000] {logging_mixin.py:188} INFO - [2026-05-19T19:21:55.019+0000] {dagbag.py:540} INFO - Filling up the DagBag from /home/airflow/.local/lib/python3.8/site-packages/airflow/example_dags/example_sensor_decorator.py
[2026-05-19T19:21:55.029+0000] {processor.py:840} INFO - DAG(s) 'example_sensor_decorator' retrieved from /home/airflow/.local/lib/python3.8/site-packages/airflow/example_dags/example_sensor_decorator.py
[2026-05-19T19:21:55.061+0000] {logging_mixin.py:188} INFO - [2026-05-19T19:21:55.061+0000] {dag.py:3047} INFO - Sync 1 DAGs
[2026-05-19T19:21:55.076+0000] {logging_mixin.py:188} INFO - [2026-05-19T19:21:55.076+0000] {dag.py:3834} INFO - Setting next_dagrun for example_sensor_decorator to None, run_after=None
[2026-05-19T19:21:55.113+0000] {processor.py:183} INFO - Processing /home/airflow/.local/lib/python3.8/site-packages/airflow/example_dags/example_sensor_decorator.py took 0.103 seconds
[2026-05-19T19:22:26.367+0000] {processor.py:161} INFO - Started process (PID=8498) to work on /home/airflow/.local/lib/python3.8/site-packages/airflow/example_dags/example_sensor_decorator.py
[2026-05-19T19:22:26.370+0000] {processor.py:830} INFO - Processing file /home/airflow/.local/lib/python3.8/site-packages/airflow/example_dags/example_sensor_decorator.py for tasks to queue
[2026-05-19T19:22:26.374+0000] {logging_mixin.py:188} INFO - [2026-05-19T19:22:26.374+0000] {dagbag.py:540} INFO - Filling up the DagBag from /home/airflow/.local/lib/python3.8/site-packages/airflow/example_dags/example_sensor_decorator.py
[2026-05-19T19:22:26.389+0000] {processor.py:840} INFO - DAG(s) 'example_sensor_decorator' retrieved from /home/airflow/.local/lib/python3.8/site-packages/airflow/example_dags/example_sensor_decorator.py
[2026-05-19T19:22:26.435+0000] {logging_mixin.py:188} INFO - [2026-05-19T19:22:26.435+0000] {dag.py:3047} INFO - Sync 1 DAGs
[2026-05-19T19:22:26.466+0000] {logging_mixin.py:188} INFO - [2026-05-19T19:22:26.466+0000] {dag.py:3834} INFO - Setting next_dagrun for example_sensor_decorator to None, run_after=None
[2026-05-19T19:22:26.509+0000] {processor.py:183} INFO - Processing /home/airflow/.local/lib/python3.8/site-packages/airflow/example_dags/example_sensor_decorator.py took 0.147 seconds
[2026-05-19T19:22:57.052+0000] {processor.py:161} INFO - Started process (PID=8552) to work on /home/airflow/.local/lib/python3.8/site-packages/airflow/example_dags/example_sensor_decorator.py
[2026-05-19T19:22:57.054+0000] {processor.py:830} INFO - Processing file /home/airflow/.local/lib/python3.8/site-packages/airflow/example_dags/example_sensor_decorator.py for tasks to queue
[2026-05-19T19:22:57.057+0000] {logging_mixin.py:188} INFO - [2026-05-19T19:22:57.056+0000] {dagbag.py:540} INFO - Filling up the DagBag from /home/airflow/.local/lib/python3.8/site-packages/airflow/example_dags/example_sensor_decorator.py
[2026-05-19T19:22:57.062+0000] {processor.py:840} INFO - DAG(s) 'example_sensor_decorator' retrieved from /home/airflow/.local/lib/python3.8/site-packages/airflow/example_dags/example_sensor_decorator.py
[2026-05-19T19:22:57.084+0000] {logging_mixin.py:188} INFO - [2026-05-19T19:22:57.084+0000] {dag.py:3047} INFO - Sync 1 DAGs
[2026-05-19T19:22:57.095+0000] {logging_mixin.py:188} INFO - [2026-05-19T19:22:57.095+0000] {dag.py:3834} INFO - Setting next_dagrun for example_sensor_decorator to None, run_after=None
[2026-05-19T19:22:57.119+0000] {processor.py:183} INFO - Processing /home/airflow/.local/lib/python3.8/site-packages/airflow/example_dags/example_sensor_decorator.py took 0.070 seconds
[2026-05-19T19:23:27.857+0000] {processor.py:161} INFO - Started process (PID=8607) to work on /home/airflow/.local/lib/python3.8/site-packages/airflow/example_dags/example_sensor_decorator.py
[2026-05-19T19:23:27.859+0000] {processor.py:830} INFO - Processing file /home/airflow/.local/lib/python3.8/site-packages/airflow/example_dags/example_sensor_decorator.py for tasks to queue
[2026-05-19T19:23:27.862+0000] {logging_mixin.py:188} INFO - [2026-05-19T19:23:27.862+0000] {dagbag.py:540} INFO - Filling up the DagBag from /home/airflow/.local/lib/python3.8/site-packages/airflow/example_dags/example_sensor_decorator.py
[2026-05-19T19:23:27.870+0000] {processor.py:840} INFO - DAG(s) 'example_sensor_decorator' retrieved from /home/airflow/.local/lib/python3.8/site-packages/airflow/example_dags/example_sensor_decorator.py
[2026-05-19T19:23:27.899+0000] {logging_mixin.py:188} INFO - [2026-05-19T19:23:27.899+0000] {dag.py:3047} INFO - Sync 1 DAGs
[2026-05-19T19:23:27.913+0000] {logging_mixin.py:188} INFO - [2026-05-19T19:23:27.913+0000] {dag.py:3834} INFO - Setting next_dagrun for example_sensor_decorator to None, run_after=None
[2026-05-19T19:23:27.971+0000] {processor.py:183} INFO - Processing /home/airflow/.local/lib/python3.8/site-packages/airflow/example_dags/example_sensor_decorator.py took 0.118 seconds
[2026-05-19T19:23:58.038+0000] {processor.py:161} INFO - Started process (PID=8662) to work on /home/airflow/.local/lib/python3.8/site-packages/airflow/example_dags/example_sensor_decorator.py
[2026-05-19T19:23:58.039+0000] {processor.py:830} INFO - Processing file /home/airflow/.local/lib/python3.8/site-packages/airflow/example_dags/example_sensor_decorator.py for tasks to queue
[2026-05-19T19:23:58.041+0000] {logging_mixin.py:188} INFO - [2026-05-19T19:23:58.041+0000] {dagbag.py:540} INFO - Filling up the DagBag from /home/airflow/.local/lib/python3.8/site-packages/airflow/example_dags/example_sensor_decorator.py
[2026-05-19T19:23:58.047+0000] {processor.py:840} INFO - DAG(s) 'example_sensor_decorator' retrieved from /home/airflow/.local/lib/python3.8/site-packages/airflow/example_dags/example_sensor_decorator.py
[2026-05-19T19:23:58.063+0000] {logging_mixin.py:188} INFO - [2026-05-19T19:23:58.063+0000] {dag.py:3047} INFO - Sync 1 DAGs
[2026-05-19T19:23:58.073+0000] {logging_mixin.py:188} INFO - [2026-05-19T19:23:58.073+0000] {dag.py:3834} INFO - Setting next_dagrun for example_sensor_decorator to None, run_after=None
[2026-05-19T19:23:58.090+0000] {processor.py:183} INFO - Processing /home/airflow/.local/lib/python3.8/site-packages/airflow/example_dags/example_sensor_decorator.py took 0.056 seconds
[2026-05-19T19:24:29.437+0000] {processor.py:161} INFO - Started process (PID=8717) to work on /home/airflow/.local/lib/python3.8/site-packages/airflow/example_dags/example_sensor_decorator.py
[2026-05-19T19:24:29.440+0000] {processor.py:830} INFO - Processing file /home/airflow/.local/lib/python3.8/site-packages/airflow/example_dags/example_sensor_decorator.py for tasks to queue
[2026-05-19T19:24:29.445+0000] {logging_mixin.py:188} INFO - [2026-05-19T19:24:29.444+0000] {dagbag.py:540} INFO - Filling up the DagBag from /home/airflow/.local/lib/python3.8/site-packages/airflow/example_dags/example_sensor_decorator.py
[2026-05-19T19:24:29.459+0000] {processor.py:840} INFO - DAG(s) 'example_sensor_decorator' retrieved from /home/airflow/.local/lib/python3.8/site-packages/airflow/example_dags/example_sensor_decorator.py
[2026-05-19T19:24:29.513+0000] {logging_mixin.py:188} INFO - [2026-05-19T19:24:29.512+0000] {dag.py:3047} INFO - Sync 1 DAGs
[2026-05-19T19:24:29.540+0000] {logging_mixin.py:188} INFO - [2026-05-19T19:24:29.539+0000] {dag.py:3834} INFO - Setting next_dagrun for example_sensor_decorator to None, run_after=None
[2026-05-19T19:24:29.593+0000] {processor.py:183} INFO - Processing /home/airflow/.local/lib/python3.8/site-packages/airflow/example_dags/example_sensor_decorator.py took 0.163 seconds
[2026-05-19T19:25:00.363+0000] {processor.py:161} INFO - Started process (PID=8772) to work on /home/airflow/.local/lib/python3.8/site-packages/airflow/example_dags/example_sensor_decorator.py
[2026-05-19T19:25:00.366+0000] {processor.py:830} INFO - Processing file /home/airflow/.local/lib/python3.8/site-packages/airflow/example_dags/example_sensor_decorator.py for tasks to queue
[2026-05-19T19:25:00.371+0000] {logging_mixin.py:188} INFO - [2026-05-19T19:25:00.371+0000] {dagbag.py:540} INFO - Filling up the DagBag from /home/airflow/.local/lib/python3.8/site-packages/airflow/example_dags/example_sensor_decorator.py
[2026-05-19T19:25:00.392+0000] {processor.py:840} INFO - DAG(s) 'example_sensor_decorator' retrieved from /home/airflow/.local/lib/python3.8/site-packages/airflow/example_dags/example_sensor_decorator.py
[2026-05-19T19:25:00.441+0000] {logging_mixin.py:188} INFO - [2026-05-19T19:25:00.440+0000] {dag.py:3047} INFO - Sync 1 DAGs
[2026-05-19T19:25:00.468+0000] {logging_mixin.py:188} INFO - [2026-05-19T19:25:00.468+0000] {dag.py:3834} INFO - Setting next_dagrun for example_sensor_decorator to None, run_after=None
[2026-05-19T19:25:00.508+0000] {processor.py:183} INFO - Processing /home/airflow/.local/lib/python3.8/site-packages/airflow/example_dags/example_sensor_decorator.py took 0.154 seconds
[2026-05-19T19:25:31.319+0000] {processor.py:161} INFO - Started process (PID=8827) to work on /home/airflow/.local/lib/python3.8/site-packages/airflow/example_dags/example_sensor_decorator.py
[2026-05-19T19:25:31.322+0000] {processor.py:830} INFO - Processing file /home/airflow/.local/lib/python3.8/site-packages/airflow/example_dags/example_sensor_decorator.py for tasks to queue
[2026-05-19T19:25:31.326+0000] {logging_mixin.py:188} INFO - [2026-05-19T19:25:31.326+0000] {dagbag.py:540} INFO - Filling up the DagBag from /home/airflow/.local/lib/python3.8/site-packages/airflow/example_dags/example_sensor_decorator.py
[2026-05-19T19:25:31.338+0000] {processor.py:840} INFO - DAG(s) 'example_sensor_decorator' retrieved from /home/airflow/.local/lib/python3.8/site-packages/airflow/example_dags/example_sensor_decorator.py
[2026-05-19T19:25:31.373+0000] {logging_mixin.py:188} INFO - [2026-05-19T19:25:31.373+0000] {dag.py:3047} INFO - Sync 1 DAGs
[2026-05-19T19:25:31.394+0000] {logging_mixin.py:188} INFO - [2026-05-19T19:25:31.394+0000] {dag.py:3834} INFO - Setting next_dagrun for example_sensor_decorator to None, run_after=None
[2026-05-19T19:25:31.426+0000] {processor.py:183} INFO - Processing /home/airflow/.local/lib/python3.8/site-packages/airflow/example_dags/example_sensor_decorator.py took 0.114 seconds
[2026-05-19T19:26:01.964+0000] {processor.py:161} INFO - Started process (PID=8882) to work on /home/airflow/.local/lib/python3.8/site-packages/airflow/example_dags/example_sensor_decorator.py
[2026-05-19T19:26:01.965+0000] {processor.py:830} INFO - Processing file /home/airflow/.local/lib/python3.8/site-packages/airflow/example_dags/example_sensor_decorator.py for tasks to queue
[2026-05-19T19:26:01.967+0000] {logging_mixin.py:188} INFO - [2026-05-19T19:26:01.967+0000] {dagbag.py:540} INFO - Filling up the DagBag from /home/airflow/.local/lib/python3.8/site-packages/airflow/example_dags/example_sensor_decorator.py
[2026-05-19T19:26:01.974+0000] {processor.py:840} INFO - DAG(s) 'example_sensor_decorator' retrieved from /home/airflow/.local/lib/python3.8/site-packages/airflow/example_dags/example_sensor_decorator.py
[2026-05-19T19:26:02.004+0000] {logging_mixin.py:188} INFO - [2026-05-19T19:26:02.003+0000] {dag.py:3047} INFO - Sync 1 DAGs
[2026-05-19T19:26:02.026+0000] {logging_mixin.py:188} INFO - [2026-05-19T19:26:02.026+0000] {dag.py:3834} INFO - Setting next_dagrun for example_sensor_decorator to None, run_after=None
[2026-05-19T19:26:02.057+0000] {processor.py:183} INFO - Processing /home/airflow/.local/lib/python3.8/site-packages/airflow/example_dags/example_sensor_decorator.py took 0.097 seconds
[2026-05-19T19:26:32.756+0000] {processor.py:161} INFO - Started process (PID=8935) to work on /home/airflow/.local/lib/python3.8/site-packages/airflow/example_dags/example_sensor_decorator.py
[2026-05-19T19:26:32.758+0000] {processor.py:830} INFO - Processing file /home/airflow/.local/lib/python3.8/site-packages/airflow/example_dags/example_sensor_decorator.py for tasks to queue
[2026-05-19T19:26:32.761+0000] {logging_mixin.py:188} INFO - [2026-05-19T19:26:32.761+0000] {dagbag.py:540} INFO - Filling up the DagBag from /home/airflow/.local/lib/python3.8/site-packages/airflow/example_dags/example_sensor_decorator.py
[2026-05-19T19:26:32.771+0000] {processor.py:840} INFO - DAG(s) 'example_sensor_decorator' retrieved from /home/airflow/.local/lib/python3.8/site-packages/airflow/example_dags/example_sensor_decorator.py
[2026-05-19T19:26:32.796+0000] {logging_mixin.py:188} INFO - [2026-05-19T19:26:32.796+0000] {dag.py:3047} INFO - Sync 1 DAGs
[2026-05-19T19:26:32.808+0000] {logging_mixin.py:188} INFO - [2026-05-19T19:26:32.808+0000] {dag.py:3834} INFO - Setting next_dagrun for example_sensor_decorator to None, run_after=None
[2026-05-19T19:26:32.828+0000] {processor.py:183} INFO - Processing /home/airflow/.local/lib/python3.8/site-packages/airflow/example_dags/example_sensor_decorator.py took 0.075 seconds
[2026-05-19T19:27:03.379+0000] {processor.py:161} INFO - Started process (PID=8990) to work on /home/airflow/.local/lib/python3.8/site-packages/airflow/example_dags/example_sensor_decorator.py
[2026-05-19T19:27:03.382+0000] {processor.py:830} INFO - Processing file /home/airflow/.local/lib/python3.8/site-packages/airflow/example_dags/example_sensor_decorator.py for tasks to queue
[2026-05-19T19:27:03.388+0000] {logging_mixin.py:188} INFO - [2026-05-19T19:27:03.387+0000] {dagbag.py:540} INFO - Filling up the DagBag from /home/airflow/.local/lib/python3.8/site-packages/airflow/example_dags/example_sensor_decorator.py
[2026-05-19T19:27:03.402+0000] {processor.py:840} INFO - DAG(s) 'example_sensor_decorator' retrieved from /home/airflow/.local/lib/python3.8/site-packages/airflow/example_dags/example_sensor_decorator.py
[2026-05-19T19:27:03.442+0000] {logging_mixin.py:188} INFO - [2026-05-19T19:27:03.441+0000] {dag.py:3047} INFO - Sync 1 DAGs
[2026-05-19T19:27:03.460+0000] {logging_mixin.py:188} INFO - [2026-05-19T19:27:03.460+0000] {dag.py:3834} INFO - Setting next_dagrun for example_sensor_decorator to None, run_after=None
[2026-05-19T19:27:03.529+0000] {processor.py:183} INFO - Processing /home/airflow/.local/lib/python3.8/site-packages/airflow/example_dags/example_sensor_decorator.py took 0.157 seconds
[2026-05-19T19:27:34.406+0000] {processor.py:161} INFO - Started process (PID=9045) to work on /home/airflow/.local/lib/python3.8/site-packages/airflow/example_dags/example_sensor_decorator.py
[2026-05-19T19:27:34.408+0000] {processor.py:830} INFO - Processing file /home/airflow/.local/lib/python3.8/site-packages/airflow/example_dags/example_sensor_decorator.py for tasks to queue
[2026-05-19T19:27:34.413+0000] {logging_mixin.py:188} INFO - [2026-05-19T19:27:34.412+0000] {dagbag.py:540} INFO - Filling up the DagBag from /home/airflow/.local/lib/python3.8/site-packages/airflow/example_dags/example_sensor_decorator.py
[2026-05-19T19:27:34.422+0000] {processor.py:840} INFO - DAG(s) 'example_sensor_decorator' retrieved from /home/airflow/.local/lib/python3.8/site-packages/airflow/example_dags/example_sensor_decorator.py
[2026-05-19T19:27:34.462+0000] {logging_mixin.py:188} INFO - [2026-05-19T19:27:34.461+0000] {dag.py:3047} INFO - Sync 1 DAGs
[2026-05-19T19:27:34.511+0000] {logging_mixin.py:188} INFO - [2026-05-19T19:27:34.511+0000] {dag.py:3834} INFO - Setting next_dagrun for example_sensor_decorator to None, run_after=None
[2026-05-19T19:27:34.586+0000] {processor.py:183} INFO - Processing /home/airflow/.local/lib/python3.8/site-packages/airflow/example_dags/example_sensor_decorator.py took 0.185 seconds
[2026-05-19T19:28:04.838+0000] {processor.py:161} INFO - Started process (PID=9100) to work on /home/airflow/.local/lib/python3.8/site-packages/airflow/example_dags/example_sensor_decorator.py
[2026-05-19T19:28:04.839+0000] {processor.py:830} INFO - Processing file /home/airflow/.local/lib/python3.8/site-packages/airflow/example_dags/example_sensor_decorator.py for tasks to queue
[2026-05-19T19:28:04.844+0000] {logging_mixin.py:188} INFO - [2026-05-19T19:28:04.843+0000] {dagbag.py:540} INFO - Filling up the DagBag from /home/airflow/.local/lib/python3.8/site-packages/airflow/example_dags/example_sensor_decorator.py
[2026-05-19T19:28:04.854+0000] {processor.py:840} INFO - DAG(s) 'example_sensor_decorator' retrieved from /home/airflow/.local/lib/python3.8/site-packages/airflow/example_dags/example_sensor_decorator.py
[2026-05-19T19:28:04.889+0000] {logging_mixin.py:188} INFO - [2026-05-19T19:28:04.889+0000] {dag.py:3047} INFO - Sync 1 DAGs
[2026-05-19T19:28:04.909+0000] {logging_mixin.py:188} INFO - [2026-05-19T19:28:04.909+0000] {dag.py:3834} INFO - Setting next_dagrun for example_sensor_decorator to None, run_after=None
[2026-05-19T19:28:04.948+0000] {processor.py:183} INFO - Processing /home/airflow/.local/lib/python3.8/site-packages/airflow/example_dags/example_sensor_decorator.py took 0.115 seconds
[2026-05-19T19:28:36.879+0000] {processor.py:161} INFO - Started process (PID=9155) to work on /home/airflow/.local/lib/python3.8/site-packages/airflow/example_dags/example_sensor_decorator.py
[2026-05-19T19:28:36.882+0000] {processor.py:830} INFO - Processing file /home/airflow/.local/lib/python3.8/site-packages/airflow/example_dags/example_sensor_decorator.py for tasks to queue
[2026-05-19T19:28:36.888+0000] {logging_mixin.py:188} INFO - [2026-05-19T19:28:36.888+0000] {dagbag.py:540} INFO - Filling up the DagBag from /home/airflow/.local/lib/python3.8/site-packages/airflow/example_dags/example_sensor_decorator.py
[2026-05-19T19:28:36.901+0000] {processor.py:840} INFO - DAG(s) 'example_sensor_decorator' retrieved from /home/airflow/.local/lib/python3.8/site-packages/airflow/example_dags/example_sensor_decorator.py
[2026-05-19T19:28:36.936+0000] {logging_mixin.py:188} INFO - [2026-05-19T19:28:36.936+0000] {dag.py:3047} INFO - Sync 1 DAGs
[2026-05-19T19:28:36.959+0000] {logging_mixin.py:188} INFO - [2026-05-19T19:28:36.959+0000] {dag.py:3834} INFO - Setting next_dagrun for example_sensor_decorator to None, run_after=None
[2026-05-19T19:28:36.994+0000] {processor.py:183} INFO - Processing /home/airflow/.local/lib/python3.8/site-packages/airflow/example_dags/example_sensor_decorator.py took 0.124 seconds
[2026-05-19T19:29:07.297+0000] {processor.py:161} INFO - Started process (PID=9210) to work on /home/airflow/.local/lib/python3.8/site-packages/airflow/example_dags/example_sensor_decorator.py
[2026-05-19T19:29:07.301+0000] {processor.py:830} INFO - Processing file /home/airflow/.local/lib/python3.8/site-packages/airflow/example_dags/example_sensor_decorator.py for tasks to queue
[2026-05-19T19:29:07.306+0000] {logging_mixin.py:188} INFO - [2026-05-19T19:29:07.305+0000] {dagbag.py:540} INFO - Filling up the DagBag from /home/airflow/.local/lib/python3.8/site-packages/airflow/example_dags/example_sensor_decorator.py
[2026-05-19T19:29:07.328+0000] {processor.py:840} INFO - DAG(s) 'example_sensor_decorator' retrieved from /home/airflow/.local/lib/python3.8/site-packages/airflow/example_dags/example_sensor_decorator.py
[2026-05-19T19:29:07.392+0000] {logging_mixin.py:188} INFO - [2026-05-19T19:29:07.391+0000] {dag.py:3047} INFO - Sync 1 DAGs
[2026-05-19T19:29:07.422+0000] {logging_mixin.py:188} INFO - [2026-05-19T19:29:07.422+0000] {dag.py:3834} INFO - Setting next_dagrun for example_sensor_decorator to None, run_after=None
[2026-05-19T19:29:07.475+0000] {processor.py:183} INFO - Processing /home/airflow/.local/lib/python3.8/site-packages/airflow/example_dags/example_sensor_decorator.py took 0.187 seconds
[2026-05-19T19:29:37.914+0000] {processor.py:161} INFO - Started process (PID=9265) to work on /home/airflow/.local/lib/python3.8/site-packages/airflow/example_dags/example_sensor_decorator.py
[2026-05-19T19:29:37.916+0000] {processor.py:830} INFO - Processing file /home/airflow/.local/lib/python3.8/site-packages/airflow/example_dags/example_sensor_decorator.py for tasks to queue
[2026-05-19T19:29:37.918+0000] {logging_mixin.py:188} INFO - [2026-05-19T19:29:37.918+0000] {dagbag.py:540} INFO - Filling up the DagBag from /home/airflow/.local/lib/python3.8/site-packages/airflow/example_dags/example_sensor_decorator.py
[2026-05-19T19:29:37.944+0000] {processor.py:840} INFO - DAG(s) 'example_sensor_decorator' retrieved from /home/airflow/.local/lib/python3.8/site-packages/airflow/example_dags/example_sensor_decorator.py
[2026-05-19T19:29:38.036+0000] {logging_mixin.py:188} INFO - [2026-05-19T19:29:38.035+0000] {dag.py:3047} INFO - Sync 1 DAGs
[2026-05-19T19:29:38.103+0000] {logging_mixin.py:188} INFO - [2026-05-19T19:29:38.102+0000] {dag.py:3834} INFO - Setting next_dagrun for example_sensor_decorator to None, run_after=None
[2026-05-19T19:29:38.232+0000] {processor.py:183} INFO - Processing /home/airflow/.local/lib/python3.8/site-packages/airflow/example_dags/example_sensor_decorator.py took 0.322 seconds
[2026-05-19T19:30:08.474+0000] {processor.py:161} INFO - Started process (PID=9320) to work on /home/airflow/.local/lib/python3.8/site-packages/airflow/example_dags/example_sensor_decorator.py
[2026-05-19T19:30:08.477+0000] {processor.py:830} INFO - Processing file /home/airflow/.local/lib/python3.8/site-packages/airflow/example_dags/example_sensor_decorator.py for tasks to queue
[2026-05-19T19:30:08.486+0000] {logging_mixin.py:188} INFO - [2026-05-19T19:30:08.485+0000] {dagbag.py:540} INFO - Filling up the DagBag from /home/airflow/.local/lib/python3.8/site-packages/airflow/example_dags/example_sensor_decorator.py
[2026-05-19T19:30:08.503+0000] {processor.py:840} INFO - DAG(s) 'example_sensor_decorator' retrieved from /home/airflow/.local/lib/python3.8/site-packages/airflow/example_dags/example_sensor_decorator.py
[2026-05-19T19:30:08.551+0000] {logging_mixin.py:188} INFO - [2026-05-19T19:30:08.550+0000] {dag.py:3047} INFO - Sync 1 DAGs
[2026-05-19T19:30:08.584+0000] {logging_mixin.py:188} INFO - [2026-05-19T19:30:08.583+0000] {dag.py:3834} INFO - Setting next_dagrun for example_sensor_decorator to None, run_after=None
[2026-05-19T19:30:08.623+0000] {processor.py:183} INFO - Processing /home/airflow/.local/lib/python3.8/site-packages/airflow/example_dags/example_sensor_decorator.py took 0.167 seconds
[2026-05-19T19:30:39.210+0000] {processor.py:161} INFO - Started process (PID=9375) to work on /home/airflow/.local/lib/python3.8/site-packages/airflow/example_dags/example_sensor_decorator.py
[2026-05-19T19:30:39.212+0000] {processor.py:830} INFO - Processing file /home/airflow/.local/lib/python3.8/site-packages/airflow/example_dags/example_sensor_decorator.py for tasks to queue
[2026-05-19T19:30:39.217+0000] {logging_mixin.py:188} INFO - [2026-05-19T19:30:39.216+0000] {dagbag.py:540} INFO - Filling up the DagBag from /home/airflow/.local/lib/python3.8/site-packages/airflow/example_dags/example_sensor_decorator.py
[2026-05-19T19:30:39.226+0000] {processor.py:840} INFO - DAG(s) 'example_sensor_decorator' retrieved from /home/airflow/.local/lib/python3.8/site-packages/airflow/example_dags/example_sensor_decorator.py
[2026-05-19T19:30:39.263+0000] {logging_mixin.py:188} INFO - [2026-05-19T19:30:39.262+0000] {dag.py:3047} INFO - Sync 1 DAGs
[2026-05-19T19:30:39.284+0000] {logging_mixin.py:188} INFO - [2026-05-19T19:30:39.284+0000] {dag.py:3834} INFO - Setting next_dagrun for example_sensor_decorator to None, run_after=None
[2026-05-19T19:30:39.327+0000] {processor.py:183} INFO - Processing /home/airflow/.local/lib/python3.8/site-packages/airflow/example_dags/example_sensor_decorator.py took 0.124 seconds
[2026-05-19T19:31:09.504+0000] {processor.py:161} INFO - Started process (PID=9430) to work on /home/airflow/.local/lib/python3.8/site-packages/airflow/example_dags/example_sensor_decorator.py
[2026-05-19T19:31:09.509+0000] {processor.py:830} INFO - Processing file /home/airflow/.local/lib/python3.8/site-packages/airflow/example_dags/example_sensor_decorator.py for tasks to queue
[2026-05-19T19:31:09.514+0000] {logging_mixin.py:188} INFO - [2026-05-19T19:31:09.513+0000] {dagbag.py:540} INFO - Filling up the DagBag from /home/airflow/.local/lib/python3.8/site-packages/airflow/example_dags/example_sensor_decorator.py
[2026-05-19T19:31:09.532+0000] {processor.py:840} INFO - DAG(s) 'example_sensor_decorator' retrieved from /home/airflow/.local/lib/python3.8/site-packages/airflow/example_dags/example_sensor_decorator.py
[2026-05-19T19:31:09.585+0000] {logging_mixin.py:188} INFO - [2026-05-19T19:31:09.584+0000] {dag.py:3047} INFO - Sync 1 DAGs
[2026-05-19T19:31:09.616+0000] {logging_mixin.py:188} INFO - [2026-05-19T19:31:09.615+0000] {dag.py:3834} INFO - Setting next_dagrun for example_sensor_decorator to None, run_after=None
[2026-05-19T19:31:09.680+0000] {processor.py:183} INFO - Processing /home/airflow/.local/lib/python3.8/site-packages/airflow/example_dags/example_sensor_decorator.py took 0.183 seconds
[2026-05-19T19:31:40.605+0000] {processor.py:161} INFO - Started process (PID=9485) to work on /home/airflow/.local/lib/python3.8/site-packages/airflow/example_dags/example_sensor_decorator.py
[2026-05-19T19:31:40.609+0000] {processor.py:830} INFO - Processing file /home/airflow/.local/lib/python3.8/site-packages/airflow/example_dags/example_sensor_decorator.py for tasks to queue
[2026-05-19T19:31:40.620+0000] {logging_mixin.py:188} INFO - [2026-05-19T19:31:40.619+0000] {dagbag.py:540} INFO - Filling up the DagBag from /home/airflow/.local/lib/python3.8/site-packages/airflow/example_dags/example_sensor_decorator.py
[2026-05-19T19:31:40.643+0000] {processor.py:840} INFO - DAG(s) 'example_sensor_decorator' retrieved from /home/airflow/.local/lib/python3.8/site-packages/airflow/example_dags/example_sensor_decorator.py
[2026-05-19T19:31:40.720+0000] {logging_mixin.py:188} INFO - [2026-05-19T19:31:40.719+0000] {dag.py:3047} INFO - Sync 1 DAGs
[2026-05-19T19:31:40.754+0000] {logging_mixin.py:188} INFO - [2026-05-19T19:31:40.753+0000] {dag.py:3834} INFO - Setting next_dagrun for example_sensor_decorator to None, run_after=None
[2026-05-19T19:31:40.810+0000] {processor.py:183} INFO - Processing /home/airflow/.local/lib/python3.8/site-packages/airflow/example_dags/example_sensor_decorator.py took 0.213 seconds
[2026-05-19T19:32:10.875+0000] {processor.py:161} INFO - Started process (PID=9539) to work on /home/airflow/.local/lib/python3.8/site-packages/airflow/example_dags/example_sensor_decorator.py
[2026-05-19T19:32:10.876+0000] {processor.py:830} INFO - Processing file /home/airflow/.local/lib/python3.8/site-packages/airflow/example_dags/example_sensor_decorator.py for tasks to queue
[2026-05-19T19:32:10.879+0000] {logging_mixin.py:188} INFO - [2026-05-19T19:32:10.878+0000] {dagbag.py:540} INFO - Filling up the DagBag from /home/airflow/.local/lib/python3.8/site-packages/airflow/example_dags/example_sensor_decorator.py
[2026-05-19T19:32:10.895+0000] {processor.py:840} INFO - DAG(s) 'example_sensor_decorator' retrieved from /home/airflow/.local/lib/python3.8/site-packages/airflow/example_dags/example_sensor_decorator.py
[2026-05-19T19:32:10.950+0000] {logging_mixin.py:188} INFO - [2026-05-19T19:32:10.950+0000] {dag.py:3047} INFO - Sync 1 DAGs
[2026-05-19T19:32:10.976+0000] {logging_mixin.py:188} INFO - [2026-05-19T19:32:10.976+0000] {dag.py:3834} INFO - Setting next_dagrun for example_sensor_decorator to None, run_after=None
[2026-05-19T19:32:11.005+0000] {processor.py:183} INFO - Processing /home/airflow/.local/lib/python3.8/site-packages/airflow/example_dags/example_sensor_decorator.py took 0.135 seconds
[2026-05-19T19:32:41.282+0000] {processor.py:161} INFO - Started process (PID=9594) to work on /home/airflow/.local/lib/python3.8/site-packages/airflow/example_dags/example_sensor_decorator.py
[2026-05-19T19:32:41.309+0000] {processor.py:830} INFO - Processing file /home/airflow/.local/lib/python3.8/site-packages/airflow/example_dags/example_sensor_decorator.py for tasks to queue
[2026-05-19T19:32:41.359+0000] {logging_mixin.py:188} INFO - [2026-05-19T19:32:41.358+0000] {dagbag.py:540} INFO - Filling up the DagBag from /home/airflow/.local/lib/python3.8/site-packages/airflow/example_dags/example_sensor_decorator.py
[2026-05-19T19:32:41.395+0000] {processor.py:840} INFO - DAG(s) 'example_sensor_decorator' retrieved from /home/airflow/.local/lib/python3.8/site-packages/airflow/example_dags/example_sensor_decorator.py
[2026-05-19T19:32:41.441+0000] {logging_mixin.py:188} INFO - [2026-05-19T19:32:41.441+0000] {dag.py:3047} INFO - Sync 1 DAGs
[2026-05-19T19:32:41.473+0000] {logging_mixin.py:188} INFO - [2026-05-19T19:32:41.473+0000] {dag.py:3834} INFO - Setting next_dagrun for example_sensor_decorator to None, run_after=None
[2026-05-19T19:32:41.525+0000] {processor.py:183} INFO - Processing /home/airflow/.local/lib/python3.8/site-packages/airflow/example_dags/example_sensor_decorator.py took 0.250 seconds
[2026-05-19T19:33:11.877+0000] {processor.py:161} INFO - Started process (PID=9649) to work on /home/airflow/.local/lib/python3.8/site-packages/airflow/example_dags/example_sensor_decorator.py
[2026-05-19T19:33:11.878+0000] {processor.py:830} INFO - Processing file /home/airflow/.local/lib/python3.8/site-packages/airflow/example_dags/example_sensor_decorator.py for tasks to queue
[2026-05-19T19:33:11.880+0000] {logging_mixin.py:188} INFO - [2026-05-19T19:33:11.880+0000] {dagbag.py:540} INFO - Filling up the DagBag from /home/airflow/.local/lib/python3.8/site-packages/airflow/example_dags/example_sensor_decorator.py
[2026-05-19T19:33:11.886+0000] {processor.py:840} INFO - DAG(s) 'example_sensor_decorator' retrieved from /home/airflow/.local/lib/python3.8/site-packages/airflow/example_dags/example_sensor_decorator.py
[2026-05-19T19:33:11.905+0000] {logging_mixin.py:188} INFO - [2026-05-19T19:33:11.905+0000] {dag.py:3047} INFO - Sync 1 DAGs
[2026-05-19T19:33:11.916+0000] {logging_mixin.py:188} INFO - [2026-05-19T19:33:11.916+0000] {dag.py:3834} INFO - Setting next_dagrun for example_sensor_decorator to None, run_after=None
[2026-05-19T19:33:11.936+0000] {processor.py:183} INFO - Processing /home/airflow/.local/lib/python3.8/site-packages/airflow/example_dags/example_sensor_decorator.py took 0.062 seconds
[2026-05-19T19:33:42.649+0000] {processor.py:161} INFO - Started process (PID=9705) to work on /home/airflow/.local/lib/python3.8/site-packages/airflow/example_dags/example_sensor_decorator.py
[2026-05-19T19:33:42.653+0000] {processor.py:830} INFO - Processing file /home/airflow/.local/lib/python3.8/site-packages/airflow/example_dags/example_sensor_decorator.py for tasks to queue
[2026-05-19T19:33:42.656+0000] {logging_mixin.py:188} INFO - [2026-05-19T19:33:42.656+0000] {dagbag.py:540} INFO - Filling up the DagBag from /home/airflow/.local/lib/python3.8/site-packages/airflow/example_dags/example_sensor_decorator.py
[2026-05-19T19:33:42.671+0000] {processor.py:840} INFO - DAG(s) 'example_sensor_decorator' retrieved from /home/airflow/.local/lib/python3.8/site-packages/airflow/example_dags/example_sensor_decorator.py
[2026-05-19T19:33:42.722+0000] {logging_mixin.py:188} INFO - [2026-05-19T19:33:42.722+0000] {dag.py:3047} INFO - Sync 1 DAGs
[2026-05-19T19:33:42.755+0000] {logging_mixin.py:188} INFO - [2026-05-19T19:33:42.755+0000] {dag.py:3834} INFO - Setting next_dagrun for example_sensor_decorator to None, run_after=None
[2026-05-19T19:33:42.781+0000] {processor.py:183} INFO - Processing /home/airflow/.local/lib/python3.8/site-packages/airflow/example_dags/example_sensor_decorator.py took 0.139 seconds
