[2026-05-19T19:18:19.796+0000] {processor.py:161} INFO - Started process (PID=8054) to work on /home/airflow/.local/lib/python3.8/site-packages/airflow/example_dags/example_sensors.py
[2026-05-19T19:18:19.799+0000] {processor.py:830} INFO - Processing file /home/airflow/.local/lib/python3.8/site-packages/airflow/example_dags/example_sensors.py for tasks to queue
[2026-05-19T19:18:19.806+0000] {logging_mixin.py:188} INFO - [2026-05-19T19:18:19.804+0000] {dagbag.py:540} INFO - Filling up the DagBag from /home/airflow/.local/lib/python3.8/site-packages/airflow/example_dags/example_sensors.py
[2026-05-19T19:18:19.831+0000] {processor.py:840} INFO - DAG(s) 'example_sensors' retrieved from /home/airflow/.local/lib/python3.8/site-packages/airflow/example_dags/example_sensors.py
[2026-05-19T19:18:19.948+0000] {logging_mixin.py:188} INFO - [2026-05-19T19:18:19.947+0000] {dag.py:3047} INFO - Sync 1 DAGs
[2026-05-19T19:18:19.998+0000] {logging_mixin.py:188} INFO - [2026-05-19T19:18:19.997+0000] {dag.py:3834} INFO - Setting next_dagrun for example_sensors to None, run_after=None
[2026-05-19T19:18:20.066+0000] {processor.py:183} INFO - Processing /home/airflow/.local/lib/python3.8/site-packages/airflow/example_dags/example_sensors.py took 0.281 seconds
[2026-05-19T19:18:50.591+0000] {processor.py:161} INFO - Started process (PID=8109) to work on /home/airflow/.local/lib/python3.8/site-packages/airflow/example_dags/example_sensors.py
[2026-05-19T19:18:50.592+0000] {processor.py:830} INFO - Processing file /home/airflow/.local/lib/python3.8/site-packages/airflow/example_dags/example_sensors.py for tasks to queue
[2026-05-19T19:18:50.594+0000] {logging_mixin.py:188} INFO - [2026-05-19T19:18:50.594+0000] {dagbag.py:540} INFO - Filling up the DagBag from /home/airflow/.local/lib/python3.8/site-packages/airflow/example_dags/example_sensors.py
[2026-05-19T19:18:50.602+0000] {processor.py:840} INFO - DAG(s) 'example_sensors' retrieved from /home/airflow/.local/lib/python3.8/site-packages/airflow/example_dags/example_sensors.py
[2026-05-19T19:18:50.658+0000] {logging_mixin.py:188} INFO - [2026-05-19T19:18:50.657+0000] {dag.py:3047} INFO - Sync 1 DAGs
[2026-05-19T19:18:50.671+0000] {logging_mixin.py:188} INFO - [2026-05-19T19:18:50.671+0000] {dag.py:3834} INFO - Setting next_dagrun for example_sensors to None, run_after=None
[2026-05-19T19:18:50.693+0000] {processor.py:183} INFO - Processing /home/airflow/.local/lib/python3.8/site-packages/airflow/example_dags/example_sensors.py took 0.105 seconds
[2026-05-19T19:19:21.042+0000] {processor.py:161} INFO - Started process (PID=8163) to work on /home/airflow/.local/lib/python3.8/site-packages/airflow/example_dags/example_sensors.py
[2026-05-19T19:19:21.047+0000] {processor.py:830} INFO - Processing file /home/airflow/.local/lib/python3.8/site-packages/airflow/example_dags/example_sensors.py for tasks to queue
[2026-05-19T19:19:21.058+0000] {logging_mixin.py:188} INFO - [2026-05-19T19:19:21.057+0000] {dagbag.py:540} INFO - Filling up the DagBag from /home/airflow/.local/lib/python3.8/site-packages/airflow/example_dags/example_sensors.py
[2026-05-19T19:19:21.089+0000] {processor.py:840} INFO - DAG(s) 'example_sensors' retrieved from /home/airflow/.local/lib/python3.8/site-packages/airflow/example_dags/example_sensors.py
[2026-05-19T19:19:21.190+0000] {logging_mixin.py:188} INFO - [2026-05-19T19:19:21.189+0000] {dag.py:3047} INFO - Sync 1 DAGs
[2026-05-19T19:19:21.211+0000] {logging_mixin.py:188} INFO - [2026-05-19T19:19:21.211+0000] {dag.py:3834} INFO - Setting next_dagrun for example_sensors to None, run_after=None
[2026-05-19T19:19:21.276+0000] {processor.py:183} INFO - Processing /home/airflow/.local/lib/python3.8/site-packages/airflow/example_dags/example_sensors.py took 0.241 seconds
[2026-05-19T19:19:52.015+0000] {processor.py:161} INFO - Started process (PID=8219) to work on /home/airflow/.local/lib/python3.8/site-packages/airflow/example_dags/example_sensors.py
[2026-05-19T19:19:52.017+0000] {processor.py:830} INFO - Processing file /home/airflow/.local/lib/python3.8/site-packages/airflow/example_dags/example_sensors.py for tasks to queue
[2026-05-19T19:19:52.021+0000] {logging_mixin.py:188} INFO - [2026-05-19T19:19:52.020+0000] {dagbag.py:540} INFO - Filling up the DagBag from /home/airflow/.local/lib/python3.8/site-packages/airflow/example_dags/example_sensors.py
[2026-05-19T19:19:52.034+0000] {processor.py:840} INFO - DAG(s) 'example_sensors' retrieved from /home/airflow/.local/lib/python3.8/site-packages/airflow/example_dags/example_sensors.py
[2026-05-19T19:19:52.065+0000] {logging_mixin.py:188} INFO - [2026-05-19T19:19:52.065+0000] {dag.py:3047} INFO - Sync 1 DAGs
[2026-05-19T19:19:52.079+0000] {logging_mixin.py:188} INFO - [2026-05-19T19:19:52.079+0000] {dag.py:3834} INFO - Setting next_dagrun for example_sensors to None, run_after=None
[2026-05-19T19:19:52.104+0000] {processor.py:183} INFO - Processing /home/airflow/.local/lib/python3.8/site-packages/airflow/example_dags/example_sensors.py took 0.093 seconds
[2026-05-19T19:20:22.748+0000] {processor.py:161} INFO - Started process (PID=8274) to work on /home/airflow/.local/lib/python3.8/site-packages/airflow/example_dags/example_sensors.py
[2026-05-19T19:20:22.749+0000] {processor.py:830} INFO - Processing file /home/airflow/.local/lib/python3.8/site-packages/airflow/example_dags/example_sensors.py for tasks to queue
[2026-05-19T19:20:22.752+0000] {logging_mixin.py:188} INFO - [2026-05-19T19:20:22.751+0000] {dagbag.py:540} INFO - Filling up the DagBag from /home/airflow/.local/lib/python3.8/site-packages/airflow/example_dags/example_sensors.py
[2026-05-19T19:20:22.761+0000] {processor.py:840} INFO - DAG(s) 'example_sensors' retrieved from /home/airflow/.local/lib/python3.8/site-packages/airflow/example_dags/example_sensors.py
[2026-05-19T19:20:22.792+0000] {logging_mixin.py:188} INFO - [2026-05-19T19:20:22.791+0000] {dag.py:3047} INFO - Sync 1 DAGs
[2026-05-19T19:20:22.804+0000] {logging_mixin.py:188} INFO - [2026-05-19T19:20:22.804+0000] {dag.py:3834} INFO - Setting next_dagrun for example_sensors to None, run_after=None
[2026-05-19T19:20:22.825+0000] {processor.py:183} INFO - Processing /home/airflow/.local/lib/python3.8/site-packages/airflow/example_dags/example_sensors.py took 0.081 seconds
[2026-05-19T19:20:53.175+0000] {processor.py:161} INFO - Started process (PID=8329) to work on /home/airflow/.local/lib/python3.8/site-packages/airflow/example_dags/example_sensors.py
[2026-05-19T19:20:53.176+0000] {processor.py:830} INFO - Processing file /home/airflow/.local/lib/python3.8/site-packages/airflow/example_dags/example_sensors.py for tasks to queue
[2026-05-19T19:20:53.178+0000] {logging_mixin.py:188} INFO - [2026-05-19T19:20:53.177+0000] {dagbag.py:540} INFO - Filling up the DagBag from /home/airflow/.local/lib/python3.8/site-packages/airflow/example_dags/example_sensors.py
[2026-05-19T19:20:53.185+0000] {processor.py:840} INFO - DAG(s) 'example_sensors' retrieved from /home/airflow/.local/lib/python3.8/site-packages/airflow/example_dags/example_sensors.py
[2026-05-19T19:20:53.211+0000] {logging_mixin.py:188} INFO - [2026-05-19T19:20:53.211+0000] {dag.py:3047} INFO - Sync 1 DAGs
[2026-05-19T19:20:53.227+0000] {logging_mixin.py:188} INFO - [2026-05-19T19:20:53.227+0000] {dag.py:3834} INFO - Setting next_dagrun for example_sensors to None, run_after=None
[2026-05-19T19:20:53.245+0000] {processor.py:183} INFO - Processing /home/airflow/.local/lib/python3.8/site-packages/airflow/example_dags/example_sensors.py took 0.075 seconds
[2026-05-19T19:21:24.014+0000] {processor.py:161} INFO - Started process (PID=8385) to work on /home/airflow/.local/lib/python3.8/site-packages/airflow/example_dags/example_sensors.py
[2026-05-19T19:21:24.039+0000] {processor.py:830} INFO - Processing file /home/airflow/.local/lib/python3.8/site-packages/airflow/example_dags/example_sensors.py for tasks to queue
[2026-05-19T19:21:24.056+0000] {logging_mixin.py:188} INFO - [2026-05-19T19:21:24.055+0000] {dagbag.py:540} INFO - Filling up the DagBag from /home/airflow/.local/lib/python3.8/site-packages/airflow/example_dags/example_sensors.py
[2026-05-19T19:21:24.077+0000] {processor.py:840} INFO - DAG(s) 'example_sensors' retrieved from /home/airflow/.local/lib/python3.8/site-packages/airflow/example_dags/example_sensors.py
[2026-05-19T19:21:24.117+0000] {logging_mixin.py:188} INFO - [2026-05-19T19:21:24.117+0000] {dag.py:3047} INFO - Sync 1 DAGs
[2026-05-19T19:21:24.137+0000] {logging_mixin.py:188} INFO - [2026-05-19T19:21:24.137+0000] {dag.py:3834} INFO - Setting next_dagrun for example_sensors to None, run_after=None
[2026-05-19T19:21:24.169+0000] {processor.py:183} INFO - Processing /home/airflow/.local/lib/python3.8/site-packages/airflow/example_dags/example_sensors.py took 0.160 seconds
[2026-05-19T19:21:54.696+0000] {processor.py:161} INFO - Started process (PID=8440) to work on /home/airflow/.local/lib/python3.8/site-packages/airflow/example_dags/example_sensors.py
[2026-05-19T19:21:54.698+0000] {processor.py:830} INFO - Processing file /home/airflow/.local/lib/python3.8/site-packages/airflow/example_dags/example_sensors.py for tasks to queue
[2026-05-19T19:21:54.701+0000] {logging_mixin.py:188} INFO - [2026-05-19T19:21:54.701+0000] {dagbag.py:540} INFO - Filling up the DagBag from /home/airflow/.local/lib/python3.8/site-packages/airflow/example_dags/example_sensors.py
[2026-05-19T19:21:54.715+0000] {processor.py:840} INFO - DAG(s) 'example_sensors' retrieved from /home/airflow/.local/lib/python3.8/site-packages/airflow/example_dags/example_sensors.py
[2026-05-19T19:21:54.756+0000] {logging_mixin.py:188} INFO - [2026-05-19T19:21:54.755+0000] {dag.py:3047} INFO - Sync 1 DAGs
[2026-05-19T19:21:54.779+0000] {logging_mixin.py:188} INFO - [2026-05-19T19:21:54.779+0000] {dag.py:3834} INFO - Setting next_dagrun for example_sensors to None, run_after=None
[2026-05-19T19:21:54.802+0000] {processor.py:183} INFO - Processing /home/airflow/.local/lib/python3.8/site-packages/airflow/example_dags/example_sensors.py took 0.111 seconds
[2026-05-19T19:22:25.882+0000] {processor.py:161} INFO - Started process (PID=8495) to work on /home/airflow/.local/lib/python3.8/site-packages/airflow/example_dags/example_sensors.py
[2026-05-19T19:22:25.886+0000] {processor.py:830} INFO - Processing file /home/airflow/.local/lib/python3.8/site-packages/airflow/example_dags/example_sensors.py for tasks to queue
[2026-05-19T19:22:25.893+0000] {logging_mixin.py:188} INFO - [2026-05-19T19:22:25.892+0000] {dagbag.py:540} INFO - Filling up the DagBag from /home/airflow/.local/lib/python3.8/site-packages/airflow/example_dags/example_sensors.py
[2026-05-19T19:22:25.917+0000] {processor.py:840} INFO - DAG(s) 'example_sensors' retrieved from /home/airflow/.local/lib/python3.8/site-packages/airflow/example_dags/example_sensors.py
[2026-05-19T19:22:25.993+0000] {logging_mixin.py:188} INFO - [2026-05-19T19:22:25.992+0000] {dag.py:3047} INFO - Sync 1 DAGs
[2026-05-19T19:22:26.024+0000] {logging_mixin.py:188} INFO - [2026-05-19T19:22:26.024+0000] {dag.py:3834} INFO - Setting next_dagrun for example_sensors to None, run_after=None
[2026-05-19T19:22:26.073+0000] {processor.py:183} INFO - Processing /home/airflow/.local/lib/python3.8/site-packages/airflow/example_dags/example_sensors.py took 0.203 seconds
[2026-05-19T19:22:56.914+0000] {processor.py:161} INFO - Started process (PID=8549) to work on /home/airflow/.local/lib/python3.8/site-packages/airflow/example_dags/example_sensors.py
[2026-05-19T19:22:56.915+0000] {processor.py:830} INFO - Processing file /home/airflow/.local/lib/python3.8/site-packages/airflow/example_dags/example_sensors.py for tasks to queue
[2026-05-19T19:22:56.917+0000] {logging_mixin.py:188} INFO - [2026-05-19T19:22:56.917+0000] {dagbag.py:540} INFO - Filling up the DagBag from /home/airflow/.local/lib/python3.8/site-packages/airflow/example_dags/example_sensors.py
[2026-05-19T19:22:56.926+0000] {processor.py:840} INFO - DAG(s) 'example_sensors' retrieved from /home/airflow/.local/lib/python3.8/site-packages/airflow/example_dags/example_sensors.py
[2026-05-19T19:22:56.979+0000] {logging_mixin.py:188} INFO - [2026-05-19T19:22:56.979+0000] {dag.py:3047} INFO - Sync 1 DAGs
[2026-05-19T19:22:56.993+0000] {logging_mixin.py:188} INFO - [2026-05-19T19:22:56.993+0000] {dag.py:3834} INFO - Setting next_dagrun for example_sensors to None, run_after=None
[2026-05-19T19:22:57.015+0000] {processor.py:183} INFO - Processing /home/airflow/.local/lib/python3.8/site-packages/airflow/example_dags/example_sensors.py took 0.105 seconds
[2026-05-19T19:23:27.588+0000] {processor.py:161} INFO - Started process (PID=8604) to work on /home/airflow/.local/lib/python3.8/site-packages/airflow/example_dags/example_sensors.py
[2026-05-19T19:23:27.590+0000] {processor.py:830} INFO - Processing file /home/airflow/.local/lib/python3.8/site-packages/airflow/example_dags/example_sensors.py for tasks to queue
[2026-05-19T19:23:27.593+0000] {logging_mixin.py:188} INFO - [2026-05-19T19:23:27.593+0000] {dagbag.py:540} INFO - Filling up the DagBag from /home/airflow/.local/lib/python3.8/site-packages/airflow/example_dags/example_sensors.py
[2026-05-19T19:23:27.604+0000] {processor.py:840} INFO - DAG(s) 'example_sensors' retrieved from /home/airflow/.local/lib/python3.8/site-packages/airflow/example_dags/example_sensors.py
[2026-05-19T19:23:27.633+0000] {logging_mixin.py:188} INFO - [2026-05-19T19:23:27.633+0000] {dag.py:3047} INFO - Sync 1 DAGs
[2026-05-19T19:23:27.648+0000] {logging_mixin.py:188} INFO - [2026-05-19T19:23:27.648+0000] {dag.py:3834} INFO - Setting next_dagrun for example_sensors to None, run_after=None
[2026-05-19T19:23:27.682+0000] {processor.py:183} INFO - Processing /home/airflow/.local/lib/python3.8/site-packages/airflow/example_dags/example_sensors.py took 0.097 seconds
[2026-05-19T19:23:57.805+0000] {processor.py:161} INFO - Started process (PID=8659) to work on /home/airflow/.local/lib/python3.8/site-packages/airflow/example_dags/example_sensors.py
[2026-05-19T19:23:57.806+0000] {processor.py:830} INFO - Processing file /home/airflow/.local/lib/python3.8/site-packages/airflow/example_dags/example_sensors.py for tasks to queue
[2026-05-19T19:23:57.808+0000] {logging_mixin.py:188} INFO - [2026-05-19T19:23:57.807+0000] {dagbag.py:540} INFO - Filling up the DagBag from /home/airflow/.local/lib/python3.8/site-packages/airflow/example_dags/example_sensors.py
[2026-05-19T19:23:57.814+0000] {processor.py:840} INFO - DAG(s) 'example_sensors' retrieved from /home/airflow/.local/lib/python3.8/site-packages/airflow/example_dags/example_sensors.py
[2026-05-19T19:23:57.835+0000] {logging_mixin.py:188} INFO - [2026-05-19T19:23:57.834+0000] {dag.py:3047} INFO - Sync 1 DAGs
[2026-05-19T19:23:57.844+0000] {logging_mixin.py:188} INFO - [2026-05-19T19:23:57.843+0000] {dag.py:3834} INFO - Setting next_dagrun for example_sensors to None, run_after=None
[2026-05-19T19:23:57.860+0000] {processor.py:183} INFO - Processing /home/airflow/.local/lib/python3.8/site-packages/airflow/example_dags/example_sensors.py took 0.058 seconds
[2026-05-19T19:24:29.028+0000] {processor.py:161} INFO - Started process (PID=8714) to work on /home/airflow/.local/lib/python3.8/site-packages/airflow/example_dags/example_sensors.py
[2026-05-19T19:24:29.031+0000] {processor.py:830} INFO - Processing file /home/airflow/.local/lib/python3.8/site-packages/airflow/example_dags/example_sensors.py for tasks to queue
[2026-05-19T19:24:29.035+0000] {logging_mixin.py:188} INFO - [2026-05-19T19:24:29.035+0000] {dagbag.py:540} INFO - Filling up the DagBag from /home/airflow/.local/lib/python3.8/site-packages/airflow/example_dags/example_sensors.py
[2026-05-19T19:24:29.055+0000] {processor.py:840} INFO - DAG(s) 'example_sensors' retrieved from /home/airflow/.local/lib/python3.8/site-packages/airflow/example_dags/example_sensors.py
[2026-05-19T19:24:29.102+0000] {logging_mixin.py:188} INFO - [2026-05-19T19:24:29.102+0000] {dag.py:3047} INFO - Sync 1 DAGs
[2026-05-19T19:24:29.121+0000] {logging_mixin.py:188} INFO - [2026-05-19T19:24:29.121+0000] {dag.py:3834} INFO - Setting next_dagrun for example_sensors to None, run_after=None
[2026-05-19T19:24:29.158+0000] {processor.py:183} INFO - Processing /home/airflow/.local/lib/python3.8/site-packages/airflow/example_dags/example_sensors.py took 0.138 seconds
[2026-05-19T19:24:59.795+0000] {processor.py:161} INFO - Started process (PID=8769) to work on /home/airflow/.local/lib/python3.8/site-packages/airflow/example_dags/example_sensors.py
[2026-05-19T19:24:59.797+0000] {processor.py:830} INFO - Processing file /home/airflow/.local/lib/python3.8/site-packages/airflow/example_dags/example_sensors.py for tasks to queue
[2026-05-19T19:24:59.800+0000] {logging_mixin.py:188} INFO - [2026-05-19T19:24:59.800+0000] {dagbag.py:540} INFO - Filling up the DagBag from /home/airflow/.local/lib/python3.8/site-packages/airflow/example_dags/example_sensors.py
[2026-05-19T19:24:59.812+0000] {processor.py:840} INFO - DAG(s) 'example_sensors' retrieved from /home/airflow/.local/lib/python3.8/site-packages/airflow/example_dags/example_sensors.py
[2026-05-19T19:24:59.850+0000] {logging_mixin.py:188} INFO - [2026-05-19T19:24:59.850+0000] {dag.py:3047} INFO - Sync 1 DAGs
[2026-05-19T19:24:59.894+0000] {logging_mixin.py:188} INFO - [2026-05-19T19:24:59.893+0000] {dag.py:3834} INFO - Setting next_dagrun for example_sensors to None, run_after=None
[2026-05-19T19:24:59.959+0000] {processor.py:183} INFO - Processing /home/airflow/.local/lib/python3.8/site-packages/airflow/example_dags/example_sensors.py took 0.168 seconds
[2026-05-19T19:25:31.042+0000] {processor.py:161} INFO - Started process (PID=8824) to work on /home/airflow/.local/lib/python3.8/site-packages/airflow/example_dags/example_sensors.py
[2026-05-19T19:25:31.045+0000] {processor.py:830} INFO - Processing file /home/airflow/.local/lib/python3.8/site-packages/airflow/example_dags/example_sensors.py for tasks to queue
[2026-05-19T19:25:31.050+0000] {logging_mixin.py:188} INFO - [2026-05-19T19:25:31.049+0000] {dagbag.py:540} INFO - Filling up the DagBag from /home/airflow/.local/lib/python3.8/site-packages/airflow/example_dags/example_sensors.py
[2026-05-19T19:25:31.071+0000] {processor.py:840} INFO - DAG(s) 'example_sensors' retrieved from /home/airflow/.local/lib/python3.8/site-packages/airflow/example_dags/example_sensors.py
[2026-05-19T19:25:31.120+0000] {logging_mixin.py:188} INFO - [2026-05-19T19:25:31.119+0000] {dag.py:3047} INFO - Sync 1 DAGs
[2026-05-19T19:25:31.141+0000] {logging_mixin.py:188} INFO - [2026-05-19T19:25:31.140+0000] {dag.py:3834} INFO - Setting next_dagrun for example_sensors to None, run_after=None
[2026-05-19T19:25:31.177+0000] {processor.py:183} INFO - Processing /home/airflow/.local/lib/python3.8/site-packages/airflow/example_dags/example_sensors.py took 0.142 seconds
[2026-05-19T19:26:01.678+0000] {processor.py:161} INFO - Started process (PID=8879) to work on /home/airflow/.local/lib/python3.8/site-packages/airflow/example_dags/example_sensors.py
[2026-05-19T19:26:01.680+0000] {processor.py:830} INFO - Processing file /home/airflow/.local/lib/python3.8/site-packages/airflow/example_dags/example_sensors.py for tasks to queue
[2026-05-19T19:26:01.682+0000] {logging_mixin.py:188} INFO - [2026-05-19T19:26:01.682+0000] {dagbag.py:540} INFO - Filling up the DagBag from /home/airflow/.local/lib/python3.8/site-packages/airflow/example_dags/example_sensors.py
[2026-05-19T19:26:01.692+0000] {processor.py:840} INFO - DAG(s) 'example_sensors' retrieved from /home/airflow/.local/lib/python3.8/site-packages/airflow/example_dags/example_sensors.py
[2026-05-19T19:26:01.721+0000] {logging_mixin.py:188} INFO - [2026-05-19T19:26:01.720+0000] {dag.py:3047} INFO - Sync 1 DAGs
[2026-05-19T19:26:01.734+0000] {logging_mixin.py:188} INFO - [2026-05-19T19:26:01.734+0000] {dag.py:3834} INFO - Setting next_dagrun for example_sensors to None, run_after=None
[2026-05-19T19:26:01.760+0000] {processor.py:183} INFO - Processing /home/airflow/.local/lib/python3.8/site-packages/airflow/example_dags/example_sensors.py took 0.086 seconds
[2026-05-19T19:26:32.466+0000] {processor.py:161} INFO - Started process (PID=8932) to work on /home/airflow/.local/lib/python3.8/site-packages/airflow/example_dags/example_sensors.py
[2026-05-19T19:26:32.468+0000] {processor.py:830} INFO - Processing file /home/airflow/.local/lib/python3.8/site-packages/airflow/example_dags/example_sensors.py for tasks to queue
[2026-05-19T19:26:32.472+0000] {logging_mixin.py:188} INFO - [2026-05-19T19:26:32.471+0000] {dagbag.py:540} INFO - Filling up the DagBag from /home/airflow/.local/lib/python3.8/site-packages/airflow/example_dags/example_sensors.py
[2026-05-19T19:26:32.482+0000] {processor.py:840} INFO - DAG(s) 'example_sensors' retrieved from /home/airflow/.local/lib/python3.8/site-packages/airflow/example_dags/example_sensors.py
[2026-05-19T19:26:32.523+0000] {logging_mixin.py:188} INFO - [2026-05-19T19:26:32.522+0000] {dag.py:3047} INFO - Sync 1 DAGs
[2026-05-19T19:26:32.537+0000] {logging_mixin.py:188} INFO - [2026-05-19T19:26:32.537+0000] {dag.py:3834} INFO - Setting next_dagrun for example_sensors to None, run_after=None
[2026-05-19T19:26:32.562+0000] {processor.py:183} INFO - Processing /home/airflow/.local/lib/python3.8/site-packages/airflow/example_dags/example_sensors.py took 0.100 seconds
[2026-05-19T19:27:03.040+0000] {processor.py:161} INFO - Started process (PID=8987) to work on /home/airflow/.local/lib/python3.8/site-packages/airflow/example_dags/example_sensors.py
[2026-05-19T19:27:03.043+0000] {processor.py:830} INFO - Processing file /home/airflow/.local/lib/python3.8/site-packages/airflow/example_dags/example_sensors.py for tasks to queue
[2026-05-19T19:27:03.046+0000] {logging_mixin.py:188} INFO - [2026-05-19T19:27:03.045+0000] {dagbag.py:540} INFO - Filling up the DagBag from /home/airflow/.local/lib/python3.8/site-packages/airflow/example_dags/example_sensors.py
[2026-05-19T19:27:03.058+0000] {processor.py:840} INFO - DAG(s) 'example_sensors' retrieved from /home/airflow/.local/lib/python3.8/site-packages/airflow/example_dags/example_sensors.py
[2026-05-19T19:27:03.093+0000] {logging_mixin.py:188} INFO - [2026-05-19T19:27:03.093+0000] {dag.py:3047} INFO - Sync 1 DAGs
[2026-05-19T19:27:03.109+0000] {logging_mixin.py:188} INFO - [2026-05-19T19:27:03.108+0000] {dag.py:3834} INFO - Setting next_dagrun for example_sensors to None, run_after=None
[2026-05-19T19:27:03.136+0000] {processor.py:183} INFO - Processing /home/airflow/.local/lib/python3.8/site-packages/airflow/example_dags/example_sensors.py took 0.103 seconds
[2026-05-19T19:27:33.876+0000] {processor.py:161} INFO - Started process (PID=9042) to work on /home/airflow/.local/lib/python3.8/site-packages/airflow/example_dags/example_sensors.py
[2026-05-19T19:27:33.877+0000] {processor.py:830} INFO - Processing file /home/airflow/.local/lib/python3.8/site-packages/airflow/example_dags/example_sensors.py for tasks to queue
[2026-05-19T19:27:33.881+0000] {logging_mixin.py:188} INFO - [2026-05-19T19:27:33.881+0000] {dagbag.py:540} INFO - Filling up the DagBag from /home/airflow/.local/lib/python3.8/site-packages/airflow/example_dags/example_sensors.py
[2026-05-19T19:27:33.899+0000] {processor.py:840} INFO - DAG(s) 'example_sensors' retrieved from /home/airflow/.local/lib/python3.8/site-packages/airflow/example_dags/example_sensors.py
[2026-05-19T19:27:33.958+0000] {logging_mixin.py:188} INFO - [2026-05-19T19:27:33.957+0000] {dag.py:3047} INFO - Sync 1 DAGs
[2026-05-19T19:27:33.994+0000] {logging_mixin.py:188} INFO - [2026-05-19T19:27:33.993+0000] {dag.py:3834} INFO - Setting next_dagrun for example_sensors to None, run_after=None
[2026-05-19T19:27:34.051+0000] {processor.py:183} INFO - Processing /home/airflow/.local/lib/python3.8/site-packages/airflow/example_dags/example_sensors.py took 0.179 seconds
[2026-05-19T19:28:04.426+0000] {processor.py:161} INFO - Started process (PID=9097) to work on /home/airflow/.local/lib/python3.8/site-packages/airflow/example_dags/example_sensors.py
[2026-05-19T19:28:04.428+0000] {processor.py:830} INFO - Processing file /home/airflow/.local/lib/python3.8/site-packages/airflow/example_dags/example_sensors.py for tasks to queue
[2026-05-19T19:28:04.431+0000] {logging_mixin.py:188} INFO - [2026-05-19T19:28:04.431+0000] {dagbag.py:540} INFO - Filling up the DagBag from /home/airflow/.local/lib/python3.8/site-packages/airflow/example_dags/example_sensors.py
[2026-05-19T19:28:04.441+0000] {processor.py:840} INFO - DAG(s) 'example_sensors' retrieved from /home/airflow/.local/lib/python3.8/site-packages/airflow/example_dags/example_sensors.py
[2026-05-19T19:28:04.509+0000] {logging_mixin.py:188} INFO - [2026-05-19T19:28:04.508+0000] {dag.py:3047} INFO - Sync 1 DAGs
[2026-05-19T19:28:04.534+0000] {logging_mixin.py:188} INFO - [2026-05-19T19:28:04.533+0000] {dag.py:3834} INFO - Setting next_dagrun for example_sensors to None, run_after=None
[2026-05-19T19:28:04.568+0000] {processor.py:183} INFO - Processing /home/airflow/.local/lib/python3.8/site-packages/airflow/example_dags/example_sensors.py took 0.145 seconds
[2026-05-19T19:28:35.808+0000] {processor.py:161} INFO - Started process (PID=9152) to work on /home/airflow/.local/lib/python3.8/site-packages/airflow/example_dags/example_sensors.py
[2026-05-19T19:28:35.810+0000] {processor.py:830} INFO - Processing file /home/airflow/.local/lib/python3.8/site-packages/airflow/example_dags/example_sensors.py for tasks to queue
[2026-05-19T19:28:35.815+0000] {logging_mixin.py:188} INFO - [2026-05-19T19:28:35.814+0000] {dagbag.py:540} INFO - Filling up the DagBag from /home/airflow/.local/lib/python3.8/site-packages/airflow/example_dags/example_sensors.py
[2026-05-19T19:28:35.828+0000] {processor.py:840} INFO - DAG(s) 'example_sensors' retrieved from /home/airflow/.local/lib/python3.8/site-packages/airflow/example_dags/example_sensors.py
[2026-05-19T19:28:35.869+0000] {logging_mixin.py:188} INFO - [2026-05-19T19:28:35.868+0000] {dag.py:3047} INFO - Sync 1 DAGs
[2026-05-19T19:28:35.889+0000] {logging_mixin.py:188} INFO - [2026-05-19T19:28:35.888+0000] {dag.py:3834} INFO - Setting next_dagrun for example_sensors to None, run_after=None
[2026-05-19T19:28:35.974+0000] {processor.py:183} INFO - Processing /home/airflow/.local/lib/python3.8/site-packages/airflow/example_dags/example_sensors.py took 0.173 seconds
[2026-05-19T19:29:06.209+0000] {processor.py:161} INFO - Started process (PID=9207) to work on /home/airflow/.local/lib/python3.8/site-packages/airflow/example_dags/example_sensors.py
[2026-05-19T19:29:06.212+0000] {processor.py:830} INFO - Processing file /home/airflow/.local/lib/python3.8/site-packages/airflow/example_dags/example_sensors.py for tasks to queue
[2026-05-19T19:29:06.217+0000] {logging_mixin.py:188} INFO - [2026-05-19T19:29:06.217+0000] {dagbag.py:540} INFO - Filling up the DagBag from /home/airflow/.local/lib/python3.8/site-packages/airflow/example_dags/example_sensors.py
[2026-05-19T19:29:06.240+0000] {processor.py:840} INFO - DAG(s) 'example_sensors' retrieved from /home/airflow/.local/lib/python3.8/site-packages/airflow/example_dags/example_sensors.py
[2026-05-19T19:29:06.298+0000] {logging_mixin.py:188} INFO - [2026-05-19T19:29:06.297+0000] {dag.py:3047} INFO - Sync 1 DAGs
[2026-05-19T19:29:06.363+0000] {logging_mixin.py:188} INFO - [2026-05-19T19:29:06.363+0000] {dag.py:3834} INFO - Setting next_dagrun for example_sensors to None, run_after=None
[2026-05-19T19:29:06.484+0000] {processor.py:183} INFO - Processing /home/airflow/.local/lib/python3.8/site-packages/airflow/example_dags/example_sensors.py took 0.282 seconds
[2026-05-19T19:29:36.767+0000] {processor.py:161} INFO - Started process (PID=9262) to work on /home/airflow/.local/lib/python3.8/site-packages/airflow/example_dags/example_sensors.py
[2026-05-19T19:29:36.768+0000] {processor.py:830} INFO - Processing file /home/airflow/.local/lib/python3.8/site-packages/airflow/example_dags/example_sensors.py for tasks to queue
[2026-05-19T19:29:36.772+0000] {logging_mixin.py:188} INFO - [2026-05-19T19:29:36.772+0000] {dagbag.py:540} INFO - Filling up the DagBag from /home/airflow/.local/lib/python3.8/site-packages/airflow/example_dags/example_sensors.py
[2026-05-19T19:29:36.782+0000] {processor.py:840} INFO - DAG(s) 'example_sensors' retrieved from /home/airflow/.local/lib/python3.8/site-packages/airflow/example_dags/example_sensors.py
[2026-05-19T19:29:36.817+0000] {logging_mixin.py:188} INFO - [2026-05-19T19:29:36.816+0000] {dag.py:3047} INFO - Sync 1 DAGs
[2026-05-19T19:29:36.832+0000] {logging_mixin.py:188} INFO - [2026-05-19T19:29:36.832+0000] {dag.py:3834} INFO - Setting next_dagrun for example_sensors to None, run_after=None
[2026-05-19T19:29:36.859+0000] {processor.py:183} INFO - Processing /home/airflow/.local/lib/python3.8/site-packages/airflow/example_dags/example_sensors.py took 0.096 seconds
[2026-05-19T19:30:07.178+0000] {processor.py:161} INFO - Started process (PID=9317) to work on /home/airflow/.local/lib/python3.8/site-packages/airflow/example_dags/example_sensors.py
[2026-05-19T19:30:07.181+0000] {processor.py:830} INFO - Processing file /home/airflow/.local/lib/python3.8/site-packages/airflow/example_dags/example_sensors.py for tasks to queue
[2026-05-19T19:30:07.198+0000] {logging_mixin.py:188} INFO - [2026-05-19T19:30:07.197+0000] {dagbag.py:540} INFO - Filling up the DagBag from /home/airflow/.local/lib/python3.8/site-packages/airflow/example_dags/example_sensors.py
[2026-05-19T19:30:07.241+0000] {processor.py:840} INFO - DAG(s) 'example_sensors' retrieved from /home/airflow/.local/lib/python3.8/site-packages/airflow/example_dags/example_sensors.py
[2026-05-19T19:30:07.289+0000] {logging_mixin.py:188} INFO - [2026-05-19T19:30:07.289+0000] {dag.py:3047} INFO - Sync 1 DAGs
[2026-05-19T19:30:07.311+0000] {logging_mixin.py:188} INFO - [2026-05-19T19:30:07.311+0000] {dag.py:3834} INFO - Setting next_dagrun for example_sensors to None, run_after=None
[2026-05-19T19:30:07.342+0000] {processor.py:183} INFO - Processing /home/airflow/.local/lib/python3.8/site-packages/airflow/example_dags/example_sensors.py took 0.172 seconds
[2026-05-19T19:30:37.957+0000] {processor.py:161} INFO - Started process (PID=9372) to work on /home/airflow/.local/lib/python3.8/site-packages/airflow/example_dags/example_sensors.py
[2026-05-19T19:30:37.963+0000] {processor.py:830} INFO - Processing file /home/airflow/.local/lib/python3.8/site-packages/airflow/example_dags/example_sensors.py for tasks to queue
[2026-05-19T19:30:37.969+0000] {logging_mixin.py:188} INFO - [2026-05-19T19:30:37.969+0000] {dagbag.py:540} INFO - Filling up the DagBag from /home/airflow/.local/lib/python3.8/site-packages/airflow/example_dags/example_sensors.py
[2026-05-19T19:30:37.989+0000] {processor.py:840} INFO - DAG(s) 'example_sensors' retrieved from /home/airflow/.local/lib/python3.8/site-packages/airflow/example_dags/example_sensors.py
[2026-05-19T19:30:38.025+0000] {logging_mixin.py:188} INFO - [2026-05-19T19:30:38.025+0000] {dag.py:3047} INFO - Sync 1 DAGs
[2026-05-19T19:30:38.040+0000] {logging_mixin.py:188} INFO - [2026-05-19T19:30:38.040+0000] {dag.py:3834} INFO - Setting next_dagrun for example_sensors to None, run_after=None
[2026-05-19T19:30:38.070+0000] {processor.py:183} INFO - Processing /home/airflow/.local/lib/python3.8/site-packages/airflow/example_dags/example_sensors.py took 0.119 seconds
[2026-05-19T19:31:08.164+0000] {processor.py:161} INFO - Started process (PID=9427) to work on /home/airflow/.local/lib/python3.8/site-packages/airflow/example_dags/example_sensors.py
[2026-05-19T19:31:08.166+0000] {processor.py:830} INFO - Processing file /home/airflow/.local/lib/python3.8/site-packages/airflow/example_dags/example_sensors.py for tasks to queue
[2026-05-19T19:31:08.169+0000] {logging_mixin.py:188} INFO - [2026-05-19T19:31:08.168+0000] {dagbag.py:540} INFO - Filling up the DagBag from /home/airflow/.local/lib/python3.8/site-packages/airflow/example_dags/example_sensors.py
[2026-05-19T19:31:08.180+0000] {processor.py:840} INFO - DAG(s) 'example_sensors' retrieved from /home/airflow/.local/lib/python3.8/site-packages/airflow/example_dags/example_sensors.py
[2026-05-19T19:31:08.235+0000] {logging_mixin.py:188} INFO - [2026-05-19T19:31:08.235+0000] {dag.py:3047} INFO - Sync 1 DAGs
[2026-05-19T19:31:08.250+0000] {logging_mixin.py:188} INFO - [2026-05-19T19:31:08.250+0000] {dag.py:3834} INFO - Setting next_dagrun for example_sensors to None, run_after=None
[2026-05-19T19:31:08.272+0000] {processor.py:183} INFO - Processing /home/airflow/.local/lib/python3.8/site-packages/airflow/example_dags/example_sensors.py took 0.113 seconds
[2026-05-19T19:31:39.260+0000] {processor.py:161} INFO - Started process (PID=9482) to work on /home/airflow/.local/lib/python3.8/site-packages/airflow/example_dags/example_sensors.py
[2026-05-19T19:31:39.262+0000] {processor.py:830} INFO - Processing file /home/airflow/.local/lib/python3.8/site-packages/airflow/example_dags/example_sensors.py for tasks to queue
[2026-05-19T19:31:39.265+0000] {logging_mixin.py:188} INFO - [2026-05-19T19:31:39.265+0000] {dagbag.py:540} INFO - Filling up the DagBag from /home/airflow/.local/lib/python3.8/site-packages/airflow/example_dags/example_sensors.py
[2026-05-19T19:31:39.278+0000] {processor.py:840} INFO - DAG(s) 'example_sensors' retrieved from /home/airflow/.local/lib/python3.8/site-packages/airflow/example_dags/example_sensors.py
[2026-05-19T19:31:39.322+0000] {logging_mixin.py:188} INFO - [2026-05-19T19:31:39.322+0000] {dag.py:3047} INFO - Sync 1 DAGs
[2026-05-19T19:31:39.346+0000] {logging_mixin.py:188} INFO - [2026-05-19T19:31:39.346+0000] {dag.py:3834} INFO - Setting next_dagrun for example_sensors to None, run_after=None
[2026-05-19T19:31:39.384+0000] {processor.py:183} INFO - Processing /home/airflow/.local/lib/python3.8/site-packages/airflow/example_dags/example_sensors.py took 0.128 seconds
[2026-05-19T19:32:09.617+0000] {processor.py:161} INFO - Started process (PID=9537) to work on /home/airflow/.local/lib/python3.8/site-packages/airflow/example_dags/example_sensors.py
[2026-05-19T19:32:09.629+0000] {processor.py:830} INFO - Processing file /home/airflow/.local/lib/python3.8/site-packages/airflow/example_dags/example_sensors.py for tasks to queue
[2026-05-19T19:32:09.640+0000] {logging_mixin.py:188} INFO - [2026-05-19T19:32:09.639+0000] {dagbag.py:540} INFO - Filling up the DagBag from /home/airflow/.local/lib/python3.8/site-packages/airflow/example_dags/example_sensors.py
[2026-05-19T19:32:09.680+0000] {processor.py:840} INFO - DAG(s) 'example_sensors' retrieved from /home/airflow/.local/lib/python3.8/site-packages/airflow/example_dags/example_sensors.py
[2026-05-19T19:32:09.749+0000] {logging_mixin.py:188} INFO - [2026-05-19T19:32:09.749+0000] {dag.py:3047} INFO - Sync 1 DAGs
[2026-05-19T19:32:09.772+0000] {logging_mixin.py:188} INFO - [2026-05-19T19:32:09.772+0000] {dag.py:3834} INFO - Setting next_dagrun for example_sensors to None, run_after=None
[2026-05-19T19:32:09.814+0000] {processor.py:183} INFO - Processing /home/airflow/.local/lib/python3.8/site-packages/airflow/example_dags/example_sensors.py took 0.207 seconds
[2026-05-19T19:32:40.897+0000] {processor.py:161} INFO - Started process (PID=9592) to work on /home/airflow/.local/lib/python3.8/site-packages/airflow/example_dags/example_sensors.py
[2026-05-19T19:32:40.901+0000] {processor.py:830} INFO - Processing file /home/airflow/.local/lib/python3.8/site-packages/airflow/example_dags/example_sensors.py for tasks to queue
[2026-05-19T19:32:40.904+0000] {logging_mixin.py:188} INFO - [2026-05-19T19:32:40.903+0000] {dagbag.py:540} INFO - Filling up the DagBag from /home/airflow/.local/lib/python3.8/site-packages/airflow/example_dags/example_sensors.py
[2026-05-19T19:32:40.929+0000] {processor.py:840} INFO - DAG(s) 'example_sensors' retrieved from /home/airflow/.local/lib/python3.8/site-packages/airflow/example_dags/example_sensors.py
[2026-05-19T19:32:40.977+0000] {logging_mixin.py:188} INFO - [2026-05-19T19:32:40.977+0000] {dag.py:3047} INFO - Sync 1 DAGs
[2026-05-19T19:32:40.999+0000] {logging_mixin.py:188} INFO - [2026-05-19T19:32:40.998+0000] {dag.py:3834} INFO - Setting next_dagrun for example_sensors to None, run_after=None
[2026-05-19T19:32:41.046+0000] {processor.py:183} INFO - Processing /home/airflow/.local/lib/python3.8/site-packages/airflow/example_dags/example_sensors.py took 0.156 seconds
[2026-05-19T19:33:11.729+0000] {processor.py:161} INFO - Started process (PID=9647) to work on /home/airflow/.local/lib/python3.8/site-packages/airflow/example_dags/example_sensors.py
[2026-05-19T19:33:11.731+0000] {processor.py:830} INFO - Processing file /home/airflow/.local/lib/python3.8/site-packages/airflow/example_dags/example_sensors.py for tasks to queue
[2026-05-19T19:33:11.733+0000] {logging_mixin.py:188} INFO - [2026-05-19T19:33:11.733+0000] {dagbag.py:540} INFO - Filling up the DagBag from /home/airflow/.local/lib/python3.8/site-packages/airflow/example_dags/example_sensors.py
[2026-05-19T19:33:11.741+0000] {processor.py:840} INFO - DAG(s) 'example_sensors' retrieved from /home/airflow/.local/lib/python3.8/site-packages/airflow/example_dags/example_sensors.py
[2026-05-19T19:33:11.763+0000] {logging_mixin.py:188} INFO - [2026-05-19T19:33:11.763+0000] {dag.py:3047} INFO - Sync 1 DAGs
[2026-05-19T19:33:11.772+0000] {logging_mixin.py:188} INFO - [2026-05-19T19:33:11.772+0000] {dag.py:3834} INFO - Setting next_dagrun for example_sensors to None, run_after=None
[2026-05-19T19:33:11.821+0000] {processor.py:183} INFO - Processing /home/airflow/.local/lib/python3.8/site-packages/airflow/example_dags/example_sensors.py took 0.094 seconds
[2026-05-19T19:33:42.280+0000] {processor.py:161} INFO - Started process (PID=9702) to work on /home/airflow/.local/lib/python3.8/site-packages/airflow/example_dags/example_sensors.py
[2026-05-19T19:33:42.282+0000] {processor.py:830} INFO - Processing file /home/airflow/.local/lib/python3.8/site-packages/airflow/example_dags/example_sensors.py for tasks to queue
[2026-05-19T19:33:42.286+0000] {logging_mixin.py:188} INFO - [2026-05-19T19:33:42.285+0000] {dagbag.py:540} INFO - Filling up the DagBag from /home/airflow/.local/lib/python3.8/site-packages/airflow/example_dags/example_sensors.py
[2026-05-19T19:33:42.301+0000] {processor.py:840} INFO - DAG(s) 'example_sensors' retrieved from /home/airflow/.local/lib/python3.8/site-packages/airflow/example_dags/example_sensors.py
[2026-05-19T19:33:42.344+0000] {logging_mixin.py:188} INFO - [2026-05-19T19:33:42.344+0000] {dag.py:3047} INFO - Sync 1 DAGs
[2026-05-19T19:33:42.361+0000] {logging_mixin.py:188} INFO - [2026-05-19T19:33:42.360+0000] {dag.py:3834} INFO - Setting next_dagrun for example_sensors to None, run_after=None
[2026-05-19T19:33:42.394+0000] {processor.py:183} INFO - Processing /home/airflow/.local/lib/python3.8/site-packages/airflow/example_dags/example_sensors.py took 0.118 seconds
