[2026-05-19T19:18:14.444+0000] {processor.py:161} INFO - Started process (PID=8024) to work on /home/airflow/.local/lib/python3.8/site-packages/airflow/example_dags/example_skip_dag.py
[2026-05-19T19:18:14.447+0000] {processor.py:830} INFO - Processing file /home/airflow/.local/lib/python3.8/site-packages/airflow/example_dags/example_skip_dag.py for tasks to queue
[2026-05-19T19:18:14.452+0000] {logging_mixin.py:188} INFO - [2026-05-19T19:18:14.451+0000] {dagbag.py:540} INFO - Filling up the DagBag from /home/airflow/.local/lib/python3.8/site-packages/airflow/example_dags/example_skip_dag.py
[2026-05-19T19:18:14.467+0000] {processor.py:840} INFO - DAG(s) 'example_skip_dag' retrieved from /home/airflow/.local/lib/python3.8/site-packages/airflow/example_dags/example_skip_dag.py
[2026-05-19T19:18:14.521+0000] {logging_mixin.py:188} INFO - [2026-05-19T19:18:14.520+0000] {dag.py:3047} INFO - Sync 1 DAGs
[2026-05-19T19:18:14.583+0000] {logging_mixin.py:188} INFO - [2026-05-19T19:18:14.582+0000] {dag.py:3834} INFO - Setting next_dagrun for example_skip_dag to 2026-05-18 00:00:00+00:00, run_after=2026-05-19 00:00:00+00:00
[2026-05-19T19:18:14.649+0000] {processor.py:183} INFO - Processing /home/airflow/.local/lib/python3.8/site-packages/airflow/example_dags/example_skip_dag.py took 0.213 seconds
[2026-05-19T19:18:44.818+0000] {processor.py:161} INFO - Started process (PID=8077) to work on /home/airflow/.local/lib/python3.8/site-packages/airflow/example_dags/example_skip_dag.py
[2026-05-19T19:18:44.819+0000] {processor.py:830} INFO - Processing file /home/airflow/.local/lib/python3.8/site-packages/airflow/example_dags/example_skip_dag.py for tasks to queue
[2026-05-19T19:18:44.821+0000] {logging_mixin.py:188} INFO - [2026-05-19T19:18:44.821+0000] {dagbag.py:540} INFO - Filling up the DagBag from /home/airflow/.local/lib/python3.8/site-packages/airflow/example_dags/example_skip_dag.py
[2026-05-19T19:18:44.828+0000] {processor.py:840} INFO - DAG(s) 'example_skip_dag' retrieved from /home/airflow/.local/lib/python3.8/site-packages/airflow/example_dags/example_skip_dag.py
[2026-05-19T19:18:44.850+0000] {logging_mixin.py:188} INFO - [2026-05-19T19:18:44.849+0000] {dag.py:3047} INFO - Sync 1 DAGs
[2026-05-19T19:18:44.873+0000] {logging_mixin.py:188} INFO - [2026-05-19T19:18:44.872+0000] {dag.py:3834} INFO - Setting next_dagrun for example_skip_dag to 2026-05-18 00:00:00+00:00, run_after=2026-05-19 00:00:00+00:00
[2026-05-19T19:18:44.920+0000] {processor.py:183} INFO - Processing /home/airflow/.local/lib/python3.8/site-packages/airflow/example_dags/example_skip_dag.py took 0.106 seconds
[2026-05-19T19:19:15.269+0000] {processor.py:161} INFO - Started process (PID=8131) to work on /home/airflow/.local/lib/python3.8/site-packages/airflow/example_dags/example_skip_dag.py
[2026-05-19T19:19:15.271+0000] {processor.py:830} INFO - Processing file /home/airflow/.local/lib/python3.8/site-packages/airflow/example_dags/example_skip_dag.py for tasks to queue
[2026-05-19T19:19:15.275+0000] {logging_mixin.py:188} INFO - [2026-05-19T19:19:15.274+0000] {dagbag.py:540} INFO - Filling up the DagBag from /home/airflow/.local/lib/python3.8/site-packages/airflow/example_dags/example_skip_dag.py
[2026-05-19T19:19:15.284+0000] {processor.py:840} INFO - DAG(s) 'example_skip_dag' retrieved from /home/airflow/.local/lib/python3.8/site-packages/airflow/example_dags/example_skip_dag.py
[2026-05-19T19:19:15.312+0000] {logging_mixin.py:188} INFO - [2026-05-19T19:19:15.311+0000] {dag.py:3047} INFO - Sync 1 DAGs
[2026-05-19T19:19:15.339+0000] {logging_mixin.py:188} INFO - [2026-05-19T19:19:15.339+0000] {dag.py:3834} INFO - Setting next_dagrun for example_skip_dag to 2026-05-18 00:00:00+00:00, run_after=2026-05-19 00:00:00+00:00
[2026-05-19T19:19:15.370+0000] {processor.py:183} INFO - Processing /home/airflow/.local/lib/python3.8/site-packages/airflow/example_dags/example_skip_dag.py took 0.105 seconds
[2026-05-19T19:19:45.562+0000] {processor.py:161} INFO - Started process (PID=8185) to work on /home/airflow/.local/lib/python3.8/site-packages/airflow/example_dags/example_skip_dag.py
[2026-05-19T19:19:45.563+0000] {processor.py:830} INFO - Processing file /home/airflow/.local/lib/python3.8/site-packages/airflow/example_dags/example_skip_dag.py for tasks to queue
[2026-05-19T19:19:45.565+0000] {logging_mixin.py:188} INFO - [2026-05-19T19:19:45.565+0000] {dagbag.py:540} INFO - Filling up the DagBag from /home/airflow/.local/lib/python3.8/site-packages/airflow/example_dags/example_skip_dag.py
[2026-05-19T19:19:45.571+0000] {processor.py:840} INFO - DAG(s) 'example_skip_dag' retrieved from /home/airflow/.local/lib/python3.8/site-packages/airflow/example_dags/example_skip_dag.py
[2026-05-19T19:19:45.589+0000] {logging_mixin.py:188} INFO - [2026-05-19T19:19:45.589+0000] {dag.py:3047} INFO - Sync 1 DAGs
[2026-05-19T19:19:45.610+0000] {logging_mixin.py:188} INFO - [2026-05-19T19:19:45.610+0000] {dag.py:3834} INFO - Setting next_dagrun for example_skip_dag to 2026-05-18 00:00:00+00:00, run_after=2026-05-19 00:00:00+00:00
[2026-05-19T19:19:45.624+0000] {processor.py:183} INFO - Processing /home/airflow/.local/lib/python3.8/site-packages/airflow/example_dags/example_skip_dag.py took 0.065 seconds
[2026-05-19T19:20:16.699+0000] {processor.py:161} INFO - Started process (PID=8247) to work on /home/airflow/.local/lib/python3.8/site-packages/airflow/example_dags/example_skip_dag.py
[2026-05-19T19:20:16.700+0000] {processor.py:830} INFO - Processing file /home/airflow/.local/lib/python3.8/site-packages/airflow/example_dags/example_skip_dag.py for tasks to queue
[2026-05-19T19:20:16.702+0000] {logging_mixin.py:188} INFO - [2026-05-19T19:20:16.702+0000] {dagbag.py:540} INFO - Filling up the DagBag from /home/airflow/.local/lib/python3.8/site-packages/airflow/example_dags/example_skip_dag.py
[2026-05-19T19:20:16.713+0000] {processor.py:840} INFO - DAG(s) 'example_skip_dag' retrieved from /home/airflow/.local/lib/python3.8/site-packages/airflow/example_dags/example_skip_dag.py
[2026-05-19T19:20:16.736+0000] {logging_mixin.py:188} INFO - [2026-05-19T19:20:16.736+0000] {dag.py:3047} INFO - Sync 1 DAGs
[2026-05-19T19:20:16.757+0000] {logging_mixin.py:188} INFO - [2026-05-19T19:20:16.756+0000] {dag.py:3834} INFO - Setting next_dagrun for example_skip_dag to 2026-05-18 00:00:00+00:00, run_after=2026-05-19 00:00:00+00:00
[2026-05-19T19:20:16.777+0000] {processor.py:183} INFO - Processing /home/airflow/.local/lib/python3.8/site-packages/airflow/example_dags/example_skip_dag.py took 0.082 seconds
[2026-05-19T19:20:47.449+0000] {processor.py:161} INFO - Started process (PID=8302) to work on /home/airflow/.local/lib/python3.8/site-packages/airflow/example_dags/example_skip_dag.py
[2026-05-19T19:20:47.452+0000] {processor.py:830} INFO - Processing file /home/airflow/.local/lib/python3.8/site-packages/airflow/example_dags/example_skip_dag.py for tasks to queue
[2026-05-19T19:20:47.460+0000] {logging_mixin.py:188} INFO - [2026-05-19T19:20:47.458+0000] {dagbag.py:540} INFO - Filling up the DagBag from /home/airflow/.local/lib/python3.8/site-packages/airflow/example_dags/example_skip_dag.py
[2026-05-19T19:20:47.472+0000] {processor.py:840} INFO - DAG(s) 'example_skip_dag' retrieved from /home/airflow/.local/lib/python3.8/site-packages/airflow/example_dags/example_skip_dag.py
[2026-05-19T19:20:47.524+0000] {logging_mixin.py:188} INFO - [2026-05-19T19:20:47.523+0000] {dag.py:3047} INFO - Sync 1 DAGs
[2026-05-19T19:20:47.595+0000] {logging_mixin.py:188} INFO - [2026-05-19T19:20:47.594+0000] {dag.py:3834} INFO - Setting next_dagrun for example_skip_dag to 2026-05-18 00:00:00+00:00, run_after=2026-05-19 00:00:00+00:00
[2026-05-19T19:20:47.668+0000] {processor.py:183} INFO - Processing /home/airflow/.local/lib/python3.8/site-packages/airflow/example_dags/example_skip_dag.py took 0.224 seconds
[2026-05-19T19:21:17.840+0000] {processor.py:161} INFO - Started process (PID=8358) to work on /home/airflow/.local/lib/python3.8/site-packages/airflow/example_dags/example_skip_dag.py
[2026-05-19T19:21:17.842+0000] {processor.py:830} INFO - Processing file /home/airflow/.local/lib/python3.8/site-packages/airflow/example_dags/example_skip_dag.py for tasks to queue
[2026-05-19T19:21:17.845+0000] {logging_mixin.py:188} INFO - [2026-05-19T19:21:17.844+0000] {dagbag.py:540} INFO - Filling up the DagBag from /home/airflow/.local/lib/python3.8/site-packages/airflow/example_dags/example_skip_dag.py
[2026-05-19T19:21:17.857+0000] {processor.py:840} INFO - DAG(s) 'example_skip_dag' retrieved from /home/airflow/.local/lib/python3.8/site-packages/airflow/example_dags/example_skip_dag.py
[2026-05-19T19:21:17.908+0000] {logging_mixin.py:188} INFO - [2026-05-19T19:21:17.907+0000] {dag.py:3047} INFO - Sync 1 DAGs
[2026-05-19T19:21:17.962+0000] {logging_mixin.py:188} INFO - [2026-05-19T19:21:17.962+0000] {dag.py:3834} INFO - Setting next_dagrun for example_skip_dag to 2026-05-18 00:00:00+00:00, run_after=2026-05-19 00:00:00+00:00
[2026-05-19T19:21:18.004+0000] {processor.py:183} INFO - Processing /home/airflow/.local/lib/python3.8/site-packages/airflow/example_dags/example_skip_dag.py took 0.169 seconds
[2026-05-19T19:21:48.386+0000] {processor.py:161} INFO - Started process (PID=8413) to work on /home/airflow/.local/lib/python3.8/site-packages/airflow/example_dags/example_skip_dag.py
[2026-05-19T19:21:48.388+0000] {processor.py:830} INFO - Processing file /home/airflow/.local/lib/python3.8/site-packages/airflow/example_dags/example_skip_dag.py for tasks to queue
[2026-05-19T19:21:48.392+0000] {logging_mixin.py:188} INFO - [2026-05-19T19:21:48.391+0000] {dagbag.py:540} INFO - Filling up the DagBag from /home/airflow/.local/lib/python3.8/site-packages/airflow/example_dags/example_skip_dag.py
[2026-05-19T19:21:48.404+0000] {processor.py:840} INFO - DAG(s) 'example_skip_dag' retrieved from /home/airflow/.local/lib/python3.8/site-packages/airflow/example_dags/example_skip_dag.py
[2026-05-19T19:21:48.446+0000] {logging_mixin.py:188} INFO - [2026-05-19T19:21:48.445+0000] {dag.py:3047} INFO - Sync 1 DAGs
[2026-05-19T19:21:48.473+0000] {logging_mixin.py:188} INFO - [2026-05-19T19:21:48.473+0000] {dag.py:3834} INFO - Setting next_dagrun for example_skip_dag to 2026-05-18 00:00:00+00:00, run_after=2026-05-19 00:00:00+00:00
[2026-05-19T19:21:48.502+0000] {processor.py:183} INFO - Processing /home/airflow/.local/lib/python3.8/site-packages/airflow/example_dags/example_skip_dag.py took 0.121 seconds
[2026-05-19T19:22:18.878+0000] {processor.py:161} INFO - Started process (PID=8468) to work on /home/airflow/.local/lib/python3.8/site-packages/airflow/example_dags/example_skip_dag.py
[2026-05-19T19:22:18.881+0000] {processor.py:830} INFO - Processing file /home/airflow/.local/lib/python3.8/site-packages/airflow/example_dags/example_skip_dag.py for tasks to queue
[2026-05-19T19:22:18.886+0000] {logging_mixin.py:188} INFO - [2026-05-19T19:22:18.885+0000] {dagbag.py:540} INFO - Filling up the DagBag from /home/airflow/.local/lib/python3.8/site-packages/airflow/example_dags/example_skip_dag.py
[2026-05-19T19:22:18.898+0000] {processor.py:840} INFO - DAG(s) 'example_skip_dag' retrieved from /home/airflow/.local/lib/python3.8/site-packages/airflow/example_dags/example_skip_dag.py
[2026-05-19T19:22:18.941+0000] {logging_mixin.py:188} INFO - [2026-05-19T19:22:18.941+0000] {dag.py:3047} INFO - Sync 1 DAGs
[2026-05-19T19:22:18.979+0000] {logging_mixin.py:188} INFO - [2026-05-19T19:22:18.978+0000] {dag.py:3834} INFO - Setting next_dagrun for example_skip_dag to 2026-05-18 00:00:00+00:00, run_after=2026-05-19 00:00:00+00:00
[2026-05-19T19:22:19.015+0000] {processor.py:183} INFO - Processing /home/airflow/.local/lib/python3.8/site-packages/airflow/example_dags/example_skip_dag.py took 0.144 seconds
[2026-05-19T19:22:49.946+0000] {processor.py:161} INFO - Started process (PID=8523) to work on /home/airflow/.local/lib/python3.8/site-packages/airflow/example_dags/example_skip_dag.py
[2026-05-19T19:22:49.948+0000] {processor.py:830} INFO - Processing file /home/airflow/.local/lib/python3.8/site-packages/airflow/example_dags/example_skip_dag.py for tasks to queue
[2026-05-19T19:22:49.951+0000] {logging_mixin.py:188} INFO - [2026-05-19T19:22:49.950+0000] {dagbag.py:540} INFO - Filling up the DagBag from /home/airflow/.local/lib/python3.8/site-packages/airflow/example_dags/example_skip_dag.py
[2026-05-19T19:22:49.960+0000] {processor.py:840} INFO - DAG(s) 'example_skip_dag' retrieved from /home/airflow/.local/lib/python3.8/site-packages/airflow/example_dags/example_skip_dag.py
[2026-05-19T19:22:49.997+0000] {logging_mixin.py:188} INFO - [2026-05-19T19:22:49.996+0000] {dag.py:3047} INFO - Sync 1 DAGs
[2026-05-19T19:22:50.021+0000] {logging_mixin.py:188} INFO - [2026-05-19T19:22:50.021+0000] {dag.py:3834} INFO - Setting next_dagrun for example_skip_dag to 2026-05-18 00:00:00+00:00, run_after=2026-05-19 00:00:00+00:00
[2026-05-19T19:22:50.046+0000] {processor.py:183} INFO - Processing /home/airflow/.local/lib/python3.8/site-packages/airflow/example_dags/example_skip_dag.py took 0.103 seconds
[2026-05-19T19:23:20.286+0000] {processor.py:161} INFO - Started process (PID=8578) to work on /home/airflow/.local/lib/python3.8/site-packages/airflow/example_dags/example_skip_dag.py
[2026-05-19T19:23:20.288+0000] {processor.py:830} INFO - Processing file /home/airflow/.local/lib/python3.8/site-packages/airflow/example_dags/example_skip_dag.py for tasks to queue
[2026-05-19T19:23:20.290+0000] {logging_mixin.py:188} INFO - [2026-05-19T19:23:20.289+0000] {dagbag.py:540} INFO - Filling up the DagBag from /home/airflow/.local/lib/python3.8/site-packages/airflow/example_dags/example_skip_dag.py
[2026-05-19T19:23:20.295+0000] {processor.py:840} INFO - DAG(s) 'example_skip_dag' retrieved from /home/airflow/.local/lib/python3.8/site-packages/airflow/example_dags/example_skip_dag.py
[2026-05-19T19:23:20.318+0000] {logging_mixin.py:188} INFO - [2026-05-19T19:23:20.317+0000] {dag.py:3047} INFO - Sync 1 DAGs
[2026-05-19T19:23:20.338+0000] {logging_mixin.py:188} INFO - [2026-05-19T19:23:20.338+0000] {dag.py:3834} INFO - Setting next_dagrun for example_skip_dag to 2026-05-18 00:00:00+00:00, run_after=2026-05-19 00:00:00+00:00
[2026-05-19T19:23:20.361+0000] {processor.py:183} INFO - Processing /home/airflow/.local/lib/python3.8/site-packages/airflow/example_dags/example_skip_dag.py took 0.078 seconds
[2026-05-19T19:23:50.844+0000] {processor.py:161} INFO - Started process (PID=8633) to work on /home/airflow/.local/lib/python3.8/site-packages/airflow/example_dags/example_skip_dag.py
[2026-05-19T19:23:50.908+0000] {processor.py:830} INFO - Processing file /home/airflow/.local/lib/python3.8/site-packages/airflow/example_dags/example_skip_dag.py for tasks to queue
[2026-05-19T19:23:50.939+0000] {logging_mixin.py:188} INFO - [2026-05-19T19:23:50.939+0000] {dagbag.py:540} INFO - Filling up the DagBag from /home/airflow/.local/lib/python3.8/site-packages/airflow/example_dags/example_skip_dag.py
[2026-05-19T19:23:50.987+0000] {processor.py:840} INFO - DAG(s) 'example_skip_dag' retrieved from /home/airflow/.local/lib/python3.8/site-packages/airflow/example_dags/example_skip_dag.py
[2026-05-19T19:23:51.044+0000] {logging_mixin.py:188} INFO - [2026-05-19T19:23:51.044+0000] {dag.py:3047} INFO - Sync 1 DAGs
[2026-05-19T19:23:51.081+0000] {logging_mixin.py:188} INFO - [2026-05-19T19:23:51.081+0000] {dag.py:3834} INFO - Setting next_dagrun for example_skip_dag to 2026-05-18 00:00:00+00:00, run_after=2026-05-19 00:00:00+00:00
[2026-05-19T19:23:51.124+0000] {processor.py:183} INFO - Processing /home/airflow/.local/lib/python3.8/site-packages/airflow/example_dags/example_skip_dag.py took 0.287 seconds
[2026-05-19T19:24:21.221+0000] {processor.py:161} INFO - Started process (PID=8688) to work on /home/airflow/.local/lib/python3.8/site-packages/airflow/example_dags/example_skip_dag.py
[2026-05-19T19:24:21.224+0000] {processor.py:830} INFO - Processing file /home/airflow/.local/lib/python3.8/site-packages/airflow/example_dags/example_skip_dag.py for tasks to queue
[2026-05-19T19:24:21.228+0000] {logging_mixin.py:188} INFO - [2026-05-19T19:24:21.227+0000] {dagbag.py:540} INFO - Filling up the DagBag from /home/airflow/.local/lib/python3.8/site-packages/airflow/example_dags/example_skip_dag.py
[2026-05-19T19:24:21.240+0000] {processor.py:840} INFO - DAG(s) 'example_skip_dag' retrieved from /home/airflow/.local/lib/python3.8/site-packages/airflow/example_dags/example_skip_dag.py
[2026-05-19T19:24:21.287+0000] {logging_mixin.py:188} INFO - [2026-05-19T19:24:21.286+0000] {dag.py:3047} INFO - Sync 1 DAGs
[2026-05-19T19:24:21.339+0000] {logging_mixin.py:188} INFO - [2026-05-19T19:24:21.339+0000] {dag.py:3834} INFO - Setting next_dagrun for example_skip_dag to 2026-05-18 00:00:00+00:00, run_after=2026-05-19 00:00:00+00:00
[2026-05-19T19:24:21.385+0000] {processor.py:183} INFO - Processing /home/airflow/.local/lib/python3.8/site-packages/airflow/example_dags/example_skip_dag.py took 0.170 seconds
[2026-05-19T19:24:51.489+0000] {processor.py:161} INFO - Started process (PID=8742) to work on /home/airflow/.local/lib/python3.8/site-packages/airflow/example_dags/example_skip_dag.py
[2026-05-19T19:24:51.491+0000] {processor.py:830} INFO - Processing file /home/airflow/.local/lib/python3.8/site-packages/airflow/example_dags/example_skip_dag.py for tasks to queue
[2026-05-19T19:24:51.495+0000] {logging_mixin.py:188} INFO - [2026-05-19T19:24:51.494+0000] {dagbag.py:540} INFO - Filling up the DagBag from /home/airflow/.local/lib/python3.8/site-packages/airflow/example_dags/example_skip_dag.py
[2026-05-19T19:24:51.505+0000] {processor.py:840} INFO - DAG(s) 'example_skip_dag' retrieved from /home/airflow/.local/lib/python3.8/site-packages/airflow/example_dags/example_skip_dag.py
[2026-05-19T19:24:51.538+0000] {logging_mixin.py:188} INFO - [2026-05-19T19:24:51.538+0000] {dag.py:3047} INFO - Sync 1 DAGs
[2026-05-19T19:24:51.568+0000] {logging_mixin.py:188} INFO - [2026-05-19T19:24:51.568+0000] {dag.py:3834} INFO - Setting next_dagrun for example_skip_dag to 2026-05-18 00:00:00+00:00, run_after=2026-05-19 00:00:00+00:00
[2026-05-19T19:24:51.604+0000] {processor.py:183} INFO - Processing /home/airflow/.local/lib/python3.8/site-packages/airflow/example_dags/example_skip_dag.py took 0.120 seconds
[2026-05-19T19:25:22.029+0000] {processor.py:161} INFO - Started process (PID=8797) to work on /home/airflow/.local/lib/python3.8/site-packages/airflow/example_dags/example_skip_dag.py
[2026-05-19T19:25:22.032+0000] {processor.py:830} INFO - Processing file /home/airflow/.local/lib/python3.8/site-packages/airflow/example_dags/example_skip_dag.py for tasks to queue
[2026-05-19T19:25:22.039+0000] {logging_mixin.py:188} INFO - [2026-05-19T19:25:22.038+0000] {dagbag.py:540} INFO - Filling up the DagBag from /home/airflow/.local/lib/python3.8/site-packages/airflow/example_dags/example_skip_dag.py
[2026-05-19T19:25:22.055+0000] {processor.py:840} INFO - DAG(s) 'example_skip_dag' retrieved from /home/airflow/.local/lib/python3.8/site-packages/airflow/example_dags/example_skip_dag.py
[2026-05-19T19:25:22.096+0000] {logging_mixin.py:188} INFO - [2026-05-19T19:25:22.096+0000] {dag.py:3047} INFO - Sync 1 DAGs
[2026-05-19T19:25:22.151+0000] {logging_mixin.py:188} INFO - [2026-05-19T19:25:22.150+0000] {dag.py:3834} INFO - Setting next_dagrun for example_skip_dag to 2026-05-18 00:00:00+00:00, run_after=2026-05-19 00:00:00+00:00
[2026-05-19T19:25:22.221+0000] {processor.py:183} INFO - Processing /home/airflow/.local/lib/python3.8/site-packages/airflow/example_dags/example_skip_dag.py took 0.202 seconds
[2026-05-19T19:25:52.696+0000] {processor.py:161} INFO - Started process (PID=8852) to work on /home/airflow/.local/lib/python3.8/site-packages/airflow/example_dags/example_skip_dag.py
[2026-05-19T19:25:52.700+0000] {processor.py:830} INFO - Processing file /home/airflow/.local/lib/python3.8/site-packages/airflow/example_dags/example_skip_dag.py for tasks to queue
[2026-05-19T19:25:52.704+0000] {logging_mixin.py:188} INFO - [2026-05-19T19:25:52.704+0000] {dagbag.py:540} INFO - Filling up the DagBag from /home/airflow/.local/lib/python3.8/site-packages/airflow/example_dags/example_skip_dag.py
[2026-05-19T19:25:52.717+0000] {processor.py:840} INFO - DAG(s) 'example_skip_dag' retrieved from /home/airflow/.local/lib/python3.8/site-packages/airflow/example_dags/example_skip_dag.py
[2026-05-19T19:25:52.753+0000] {logging_mixin.py:188} INFO - [2026-05-19T19:25:52.753+0000] {dag.py:3047} INFO - Sync 1 DAGs
[2026-05-19T19:25:52.791+0000] {logging_mixin.py:188} INFO - [2026-05-19T19:25:52.790+0000] {dag.py:3834} INFO - Setting next_dagrun for example_skip_dag to 2026-05-18 00:00:00+00:00, run_after=2026-05-19 00:00:00+00:00
[2026-05-19T19:25:52.823+0000] {processor.py:183} INFO - Processing /home/airflow/.local/lib/python3.8/site-packages/airflow/example_dags/example_skip_dag.py took 0.133 seconds
[2026-05-19T19:26:22.978+0000] {processor.py:161} INFO - Started process (PID=8907) to work on /home/airflow/.local/lib/python3.8/site-packages/airflow/example_dags/example_skip_dag.py
[2026-05-19T19:26:22.980+0000] {processor.py:830} INFO - Processing file /home/airflow/.local/lib/python3.8/site-packages/airflow/example_dags/example_skip_dag.py for tasks to queue
[2026-05-19T19:26:22.983+0000] {logging_mixin.py:188} INFO - [2026-05-19T19:26:22.983+0000] {dagbag.py:540} INFO - Filling up the DagBag from /home/airflow/.local/lib/python3.8/site-packages/airflow/example_dags/example_skip_dag.py
[2026-05-19T19:26:22.994+0000] {processor.py:840} INFO - DAG(s) 'example_skip_dag' retrieved from /home/airflow/.local/lib/python3.8/site-packages/airflow/example_dags/example_skip_dag.py
[2026-05-19T19:26:23.032+0000] {logging_mixin.py:188} INFO - [2026-05-19T19:26:23.032+0000] {dag.py:3047} INFO - Sync 1 DAGs
[2026-05-19T19:26:23.065+0000] {logging_mixin.py:188} INFO - [2026-05-19T19:26:23.065+0000] {dag.py:3834} INFO - Setting next_dagrun for example_skip_dag to 2026-05-18 00:00:00+00:00, run_after=2026-05-19 00:00:00+00:00
[2026-05-19T19:26:23.096+0000] {processor.py:183} INFO - Processing /home/airflow/.local/lib/python3.8/site-packages/airflow/example_dags/example_skip_dag.py took 0.125 seconds
[2026-05-19T19:26:54.977+0000] {processor.py:161} INFO - Started process (PID=8962) to work on /home/airflow/.local/lib/python3.8/site-packages/airflow/example_dags/example_skip_dag.py
[2026-05-19T19:26:54.980+0000] {processor.py:830} INFO - Processing file /home/airflow/.local/lib/python3.8/site-packages/airflow/example_dags/example_skip_dag.py for tasks to queue
[2026-05-19T19:26:54.984+0000] {logging_mixin.py:188} INFO - [2026-05-19T19:26:54.983+0000] {dagbag.py:540} INFO - Filling up the DagBag from /home/airflow/.local/lib/python3.8/site-packages/airflow/example_dags/example_skip_dag.py
[2026-05-19T19:26:54.995+0000] {processor.py:840} INFO - DAG(s) 'example_skip_dag' retrieved from /home/airflow/.local/lib/python3.8/site-packages/airflow/example_dags/example_skip_dag.py
[2026-05-19T19:26:55.033+0000] {logging_mixin.py:188} INFO - [2026-05-19T19:26:55.032+0000] {dag.py:3047} INFO - Sync 1 DAGs
[2026-05-19T19:26:55.073+0000] {logging_mixin.py:188} INFO - [2026-05-19T19:26:55.073+0000] {dag.py:3834} INFO - Setting next_dagrun for example_skip_dag to 2026-05-18 00:00:00+00:00, run_after=2026-05-19 00:00:00+00:00
[2026-05-19T19:26:55.111+0000] {processor.py:183} INFO - Processing /home/airflow/.local/lib/python3.8/site-packages/airflow/example_dags/example_skip_dag.py took 0.142 seconds
[2026-05-19T19:27:25.631+0000] {processor.py:161} INFO - Started process (PID=9017) to work on /home/airflow/.local/lib/python3.8/site-packages/airflow/example_dags/example_skip_dag.py
[2026-05-19T19:27:25.636+0000] {processor.py:830} INFO - Processing file /home/airflow/.local/lib/python3.8/site-packages/airflow/example_dags/example_skip_dag.py for tasks to queue
[2026-05-19T19:27:25.645+0000] {logging_mixin.py:188} INFO - [2026-05-19T19:27:25.644+0000] {dagbag.py:540} INFO - Filling up the DagBag from /home/airflow/.local/lib/python3.8/site-packages/airflow/example_dags/example_skip_dag.py
[2026-05-19T19:27:25.665+0000] {processor.py:840} INFO - DAG(s) 'example_skip_dag' retrieved from /home/airflow/.local/lib/python3.8/site-packages/airflow/example_dags/example_skip_dag.py
[2026-05-19T19:27:25.775+0000] {logging_mixin.py:188} INFO - [2026-05-19T19:27:25.774+0000] {dag.py:3047} INFO - Sync 1 DAGs
[2026-05-19T19:27:25.879+0000] {logging_mixin.py:188} INFO - [2026-05-19T19:27:25.878+0000] {dag.py:3834} INFO - Setting next_dagrun for example_skip_dag to 2026-05-18 00:00:00+00:00, run_after=2026-05-19 00:00:00+00:00
[2026-05-19T19:27:25.940+0000] {processor.py:183} INFO - Processing /home/airflow/.local/lib/python3.8/site-packages/airflow/example_dags/example_skip_dag.py took 0.323 seconds
[2026-05-19T19:27:56.417+0000] {processor.py:161} INFO - Started process (PID=9072) to work on /home/airflow/.local/lib/python3.8/site-packages/airflow/example_dags/example_skip_dag.py
[2026-05-19T19:27:56.419+0000] {processor.py:830} INFO - Processing file /home/airflow/.local/lib/python3.8/site-packages/airflow/example_dags/example_skip_dag.py for tasks to queue
[2026-05-19T19:27:56.423+0000] {logging_mixin.py:188} INFO - [2026-05-19T19:27:56.423+0000] {dagbag.py:540} INFO - Filling up the DagBag from /home/airflow/.local/lib/python3.8/site-packages/airflow/example_dags/example_skip_dag.py
[2026-05-19T19:27:56.432+0000] {processor.py:840} INFO - DAG(s) 'example_skip_dag' retrieved from /home/airflow/.local/lib/python3.8/site-packages/airflow/example_dags/example_skip_dag.py
[2026-05-19T19:27:56.460+0000] {logging_mixin.py:188} INFO - [2026-05-19T19:27:56.460+0000] {dag.py:3047} INFO - Sync 1 DAGs
[2026-05-19T19:27:56.490+0000] {logging_mixin.py:188} INFO - [2026-05-19T19:27:56.489+0000] {dag.py:3834} INFO - Setting next_dagrun for example_skip_dag to 2026-05-18 00:00:00+00:00, run_after=2026-05-19 00:00:00+00:00
[2026-05-19T19:27:56.522+0000] {processor.py:183} INFO - Processing /home/airflow/.local/lib/python3.8/site-packages/airflow/example_dags/example_skip_dag.py took 0.110 seconds
[2026-05-19T19:28:27.065+0000] {processor.py:161} INFO - Started process (PID=9127) to work on /home/airflow/.local/lib/python3.8/site-packages/airflow/example_dags/example_skip_dag.py
[2026-05-19T19:28:27.069+0000] {processor.py:830} INFO - Processing file /home/airflow/.local/lib/python3.8/site-packages/airflow/example_dags/example_skip_dag.py for tasks to queue
[2026-05-19T19:28:27.074+0000] {logging_mixin.py:188} INFO - [2026-05-19T19:28:27.073+0000] {dagbag.py:540} INFO - Filling up the DagBag from /home/airflow/.local/lib/python3.8/site-packages/airflow/example_dags/example_skip_dag.py
[2026-05-19T19:28:27.091+0000] {processor.py:840} INFO - DAG(s) 'example_skip_dag' retrieved from /home/airflow/.local/lib/python3.8/site-packages/airflow/example_dags/example_skip_dag.py
[2026-05-19T19:28:27.136+0000] {logging_mixin.py:188} INFO - [2026-05-19T19:28:27.135+0000] {dag.py:3047} INFO - Sync 1 DAGs
[2026-05-19T19:28:27.182+0000] {logging_mixin.py:188} INFO - [2026-05-19T19:28:27.182+0000] {dag.py:3834} INFO - Setting next_dagrun for example_skip_dag to 2026-05-18 00:00:00+00:00, run_after=2026-05-19 00:00:00+00:00
[2026-05-19T19:28:27.234+0000] {processor.py:183} INFO - Processing /home/airflow/.local/lib/python3.8/site-packages/airflow/example_dags/example_skip_dag.py took 0.178 seconds
[2026-05-19T19:28:57.903+0000] {processor.py:161} INFO - Started process (PID=9182) to work on /home/airflow/.local/lib/python3.8/site-packages/airflow/example_dags/example_skip_dag.py
[2026-05-19T19:28:57.905+0000] {processor.py:830} INFO - Processing file /home/airflow/.local/lib/python3.8/site-packages/airflow/example_dags/example_skip_dag.py for tasks to queue
[2026-05-19T19:28:57.907+0000] {logging_mixin.py:188} INFO - [2026-05-19T19:28:57.906+0000] {dagbag.py:540} INFO - Filling up the DagBag from /home/airflow/.local/lib/python3.8/site-packages/airflow/example_dags/example_skip_dag.py
[2026-05-19T19:28:57.913+0000] {processor.py:840} INFO - DAG(s) 'example_skip_dag' retrieved from /home/airflow/.local/lib/python3.8/site-packages/airflow/example_dags/example_skip_dag.py
[2026-05-19T19:28:57.935+0000] {logging_mixin.py:188} INFO - [2026-05-19T19:28:57.935+0000] {dag.py:3047} INFO - Sync 1 DAGs
[2026-05-19T19:28:57.953+0000] {logging_mixin.py:188} INFO - [2026-05-19T19:28:57.953+0000] {dag.py:3834} INFO - Setting next_dagrun for example_skip_dag to 2026-05-18 00:00:00+00:00, run_after=2026-05-19 00:00:00+00:00
[2026-05-19T19:28:57.976+0000] {processor.py:183} INFO - Processing /home/airflow/.local/lib/python3.8/site-packages/airflow/example_dags/example_skip_dag.py took 0.076 seconds
[2026-05-19T19:29:28.784+0000] {processor.py:161} INFO - Started process (PID=9237) to work on /home/airflow/.local/lib/python3.8/site-packages/airflow/example_dags/example_skip_dag.py
[2026-05-19T19:29:28.787+0000] {processor.py:830} INFO - Processing file /home/airflow/.local/lib/python3.8/site-packages/airflow/example_dags/example_skip_dag.py for tasks to queue
[2026-05-19T19:29:28.794+0000] {logging_mixin.py:188} INFO - [2026-05-19T19:29:28.793+0000] {dagbag.py:540} INFO - Filling up the DagBag from /home/airflow/.local/lib/python3.8/site-packages/airflow/example_dags/example_skip_dag.py
[2026-05-19T19:29:28.804+0000] {processor.py:840} INFO - DAG(s) 'example_skip_dag' retrieved from /home/airflow/.local/lib/python3.8/site-packages/airflow/example_dags/example_skip_dag.py
[2026-05-19T19:29:28.833+0000] {logging_mixin.py:188} INFO - [2026-05-19T19:29:28.833+0000] {dag.py:3047} INFO - Sync 1 DAGs
[2026-05-19T19:29:28.857+0000] {logging_mixin.py:188} INFO - [2026-05-19T19:29:28.856+0000] {dag.py:3834} INFO - Setting next_dagrun for example_skip_dag to 2026-05-18 00:00:00+00:00, run_after=2026-05-19 00:00:00+00:00
[2026-05-19T19:29:28.884+0000] {processor.py:183} INFO - Processing /home/airflow/.local/lib/python3.8/site-packages/airflow/example_dags/example_skip_dag.py took 0.105 seconds
[2026-05-19T19:29:59.843+0000] {processor.py:161} INFO - Started process (PID=9292) to work on /home/airflow/.local/lib/python3.8/site-packages/airflow/example_dags/example_skip_dag.py
[2026-05-19T19:29:59.845+0000] {processor.py:830} INFO - Processing file /home/airflow/.local/lib/python3.8/site-packages/airflow/example_dags/example_skip_dag.py for tasks to queue
[2026-05-19T19:29:59.849+0000] {logging_mixin.py:188} INFO - [2026-05-19T19:29:59.848+0000] {dagbag.py:540} INFO - Filling up the DagBag from /home/airflow/.local/lib/python3.8/site-packages/airflow/example_dags/example_skip_dag.py
[2026-05-19T19:29:59.859+0000] {processor.py:840} INFO - DAG(s) 'example_skip_dag' retrieved from /home/airflow/.local/lib/python3.8/site-packages/airflow/example_dags/example_skip_dag.py
[2026-05-19T19:29:59.895+0000] {logging_mixin.py:188} INFO - [2026-05-19T19:29:59.895+0000] {dag.py:3047} INFO - Sync 1 DAGs
[2026-05-19T19:29:59.929+0000] {logging_mixin.py:188} INFO - [2026-05-19T19:29:59.929+0000] {dag.py:3834} INFO - Setting next_dagrun for example_skip_dag to 2026-05-18 00:00:00+00:00, run_after=2026-05-19 00:00:00+00:00
[2026-05-19T19:29:59.962+0000] {processor.py:183} INFO - Processing /home/airflow/.local/lib/python3.8/site-packages/airflow/example_dags/example_skip_dag.py took 0.124 seconds
[2026-05-19T19:30:30.305+0000] {processor.py:161} INFO - Started process (PID=9347) to work on /home/airflow/.local/lib/python3.8/site-packages/airflow/example_dags/example_skip_dag.py
[2026-05-19T19:30:30.308+0000] {processor.py:830} INFO - Processing file /home/airflow/.local/lib/python3.8/site-packages/airflow/example_dags/example_skip_dag.py for tasks to queue
[2026-05-19T19:30:30.319+0000] {logging_mixin.py:188} INFO - [2026-05-19T19:30:30.318+0000] {dagbag.py:540} INFO - Filling up the DagBag from /home/airflow/.local/lib/python3.8/site-packages/airflow/example_dags/example_skip_dag.py
[2026-05-19T19:30:30.338+0000] {processor.py:840} INFO - DAG(s) 'example_skip_dag' retrieved from /home/airflow/.local/lib/python3.8/site-packages/airflow/example_dags/example_skip_dag.py
[2026-05-19T19:30:30.403+0000] {logging_mixin.py:188} INFO - [2026-05-19T19:30:30.403+0000] {dag.py:3047} INFO - Sync 1 DAGs
[2026-05-19T19:30:30.475+0000] {logging_mixin.py:188} INFO - [2026-05-19T19:30:30.475+0000] {dag.py:3834} INFO - Setting next_dagrun for example_skip_dag to 2026-05-18 00:00:00+00:00, run_after=2026-05-19 00:00:00+00:00
[2026-05-19T19:30:30.531+0000] {processor.py:183} INFO - Processing /home/airflow/.local/lib/python3.8/site-packages/airflow/example_dags/example_skip_dag.py took 0.236 seconds
[2026-05-19T19:31:01.428+0000] {processor.py:161} INFO - Started process (PID=9402) to work on /home/airflow/.local/lib/python3.8/site-packages/airflow/example_dags/example_skip_dag.py
[2026-05-19T19:31:01.430+0000] {processor.py:830} INFO - Processing file /home/airflow/.local/lib/python3.8/site-packages/airflow/example_dags/example_skip_dag.py for tasks to queue
[2026-05-19T19:31:01.442+0000] {logging_mixin.py:188} INFO - [2026-05-19T19:31:01.441+0000] {dagbag.py:540} INFO - Filling up the DagBag from /home/airflow/.local/lib/python3.8/site-packages/airflow/example_dags/example_skip_dag.py
[2026-05-19T19:31:01.467+0000] {processor.py:840} INFO - DAG(s) 'example_skip_dag' retrieved from /home/airflow/.local/lib/python3.8/site-packages/airflow/example_dags/example_skip_dag.py
[2026-05-19T19:31:01.511+0000] {logging_mixin.py:188} INFO - [2026-05-19T19:31:01.511+0000] {dag.py:3047} INFO - Sync 1 DAGs
[2026-05-19T19:31:01.558+0000] {logging_mixin.py:188} INFO - [2026-05-19T19:31:01.558+0000] {dag.py:3834} INFO - Setting next_dagrun for example_skip_dag to 2026-05-18 00:00:00+00:00, run_after=2026-05-19 00:00:00+00:00
[2026-05-19T19:31:01.598+0000] {processor.py:183} INFO - Processing /home/airflow/.local/lib/python3.8/site-packages/airflow/example_dags/example_skip_dag.py took 0.175 seconds
[2026-05-19T19:31:31.829+0000] {processor.py:161} INFO - Started process (PID=9457) to work on /home/airflow/.local/lib/python3.8/site-packages/airflow/example_dags/example_skip_dag.py
[2026-05-19T19:31:31.831+0000] {processor.py:830} INFO - Processing file /home/airflow/.local/lib/python3.8/site-packages/airflow/example_dags/example_skip_dag.py for tasks to queue
[2026-05-19T19:31:31.836+0000] {logging_mixin.py:188} INFO - [2026-05-19T19:31:31.835+0000] {dagbag.py:540} INFO - Filling up the DagBag from /home/airflow/.local/lib/python3.8/site-packages/airflow/example_dags/example_skip_dag.py
[2026-05-19T19:31:31.851+0000] {processor.py:840} INFO - DAG(s) 'example_skip_dag' retrieved from /home/airflow/.local/lib/python3.8/site-packages/airflow/example_dags/example_skip_dag.py
[2026-05-19T19:31:31.886+0000] {logging_mixin.py:188} INFO - [2026-05-19T19:31:31.886+0000] {dag.py:3047} INFO - Sync 1 DAGs
[2026-05-19T19:31:31.922+0000] {logging_mixin.py:188} INFO - [2026-05-19T19:31:31.921+0000] {dag.py:3834} INFO - Setting next_dagrun for example_skip_dag to 2026-05-18 00:00:00+00:00, run_after=2026-05-19 00:00:00+00:00
[2026-05-19T19:31:31.954+0000] {processor.py:183} INFO - Processing /home/airflow/.local/lib/python3.8/site-packages/airflow/example_dags/example_skip_dag.py took 0.132 seconds
[2026-05-19T19:32:02.477+0000] {processor.py:161} INFO - Started process (PID=9512) to work on /home/airflow/.local/lib/python3.8/site-packages/airflow/example_dags/example_skip_dag.py
[2026-05-19T19:32:02.488+0000] {processor.py:830} INFO - Processing file /home/airflow/.local/lib/python3.8/site-packages/airflow/example_dags/example_skip_dag.py for tasks to queue
[2026-05-19T19:32:02.520+0000] {logging_mixin.py:188} INFO - [2026-05-19T19:32:02.520+0000] {dagbag.py:540} INFO - Filling up the DagBag from /home/airflow/.local/lib/python3.8/site-packages/airflow/example_dags/example_skip_dag.py
[2026-05-19T19:32:02.544+0000] {processor.py:840} INFO - DAG(s) 'example_skip_dag' retrieved from /home/airflow/.local/lib/python3.8/site-packages/airflow/example_dags/example_skip_dag.py
[2026-05-19T19:32:02.594+0000] {logging_mixin.py:188} INFO - [2026-05-19T19:32:02.593+0000] {dag.py:3047} INFO - Sync 1 DAGs
[2026-05-19T19:32:02.630+0000] {logging_mixin.py:188} INFO - [2026-05-19T19:32:02.629+0000] {dag.py:3834} INFO - Setting next_dagrun for example_skip_dag to 2026-05-18 00:00:00+00:00, run_after=2026-05-19 00:00:00+00:00
[2026-05-19T19:32:02.661+0000] {processor.py:183} INFO - Processing /home/airflow/.local/lib/python3.8/site-packages/airflow/example_dags/example_skip_dag.py took 0.189 seconds
[2026-05-19T19:32:32.939+0000] {processor.py:161} INFO - Started process (PID=9567) to work on /home/airflow/.local/lib/python3.8/site-packages/airflow/example_dags/example_skip_dag.py
[2026-05-19T19:32:32.941+0000] {processor.py:830} INFO - Processing file /home/airflow/.local/lib/python3.8/site-packages/airflow/example_dags/example_skip_dag.py for tasks to queue
[2026-05-19T19:32:32.947+0000] {logging_mixin.py:188} INFO - [2026-05-19T19:32:32.946+0000] {dagbag.py:540} INFO - Filling up the DagBag from /home/airflow/.local/lib/python3.8/site-packages/airflow/example_dags/example_skip_dag.py
[2026-05-19T19:32:32.969+0000] {processor.py:840} INFO - DAG(s) 'example_skip_dag' retrieved from /home/airflow/.local/lib/python3.8/site-packages/airflow/example_dags/example_skip_dag.py
[2026-05-19T19:32:33.016+0000] {logging_mixin.py:188} INFO - [2026-05-19T19:32:33.016+0000] {dag.py:3047} INFO - Sync 1 DAGs
[2026-05-19T19:32:33.061+0000] {logging_mixin.py:188} INFO - [2026-05-19T19:32:33.060+0000] {dag.py:3834} INFO - Setting next_dagrun for example_skip_dag to 2026-05-18 00:00:00+00:00, run_after=2026-05-19 00:00:00+00:00
[2026-05-19T19:32:33.119+0000] {processor.py:183} INFO - Processing /home/airflow/.local/lib/python3.8/site-packages/airflow/example_dags/example_skip_dag.py took 0.189 seconds
[2026-05-19T19:33:03.424+0000] {processor.py:161} INFO - Started process (PID=9622) to work on /home/airflow/.local/lib/python3.8/site-packages/airflow/example_dags/example_skip_dag.py
[2026-05-19T19:33:03.427+0000] {processor.py:830} INFO - Processing file /home/airflow/.local/lib/python3.8/site-packages/airflow/example_dags/example_skip_dag.py for tasks to queue
[2026-05-19T19:33:03.431+0000] {logging_mixin.py:188} INFO - [2026-05-19T19:33:03.430+0000] {dagbag.py:540} INFO - Filling up the DagBag from /home/airflow/.local/lib/python3.8/site-packages/airflow/example_dags/example_skip_dag.py
[2026-05-19T19:33:03.443+0000] {processor.py:840} INFO - DAG(s) 'example_skip_dag' retrieved from /home/airflow/.local/lib/python3.8/site-packages/airflow/example_dags/example_skip_dag.py
[2026-05-19T19:33:03.519+0000] {logging_mixin.py:188} INFO - [2026-05-19T19:33:03.518+0000] {dag.py:3047} INFO - Sync 1 DAGs
[2026-05-19T19:33:03.577+0000] {logging_mixin.py:188} INFO - [2026-05-19T19:33:03.577+0000] {dag.py:3834} INFO - Setting next_dagrun for example_skip_dag to 2026-05-18 00:00:00+00:00, run_after=2026-05-19 00:00:00+00:00
[2026-05-19T19:33:03.622+0000] {processor.py:183} INFO - Processing /home/airflow/.local/lib/python3.8/site-packages/airflow/example_dags/example_skip_dag.py took 0.207 seconds
[2026-05-19T19:33:33.742+0000] {processor.py:161} INFO - Started process (PID=9677) to work on /home/airflow/.local/lib/python3.8/site-packages/airflow/example_dags/example_skip_dag.py
[2026-05-19T19:33:33.744+0000] {processor.py:830} INFO - Processing file /home/airflow/.local/lib/python3.8/site-packages/airflow/example_dags/example_skip_dag.py for tasks to queue
[2026-05-19T19:33:33.748+0000] {logging_mixin.py:188} INFO - [2026-05-19T19:33:33.747+0000] {dagbag.py:540} INFO - Filling up the DagBag from /home/airflow/.local/lib/python3.8/site-packages/airflow/example_dags/example_skip_dag.py
[2026-05-19T19:33:33.757+0000] {processor.py:840} INFO - DAG(s) 'example_skip_dag' retrieved from /home/airflow/.local/lib/python3.8/site-packages/airflow/example_dags/example_skip_dag.py
[2026-05-19T19:33:33.800+0000] {logging_mixin.py:188} INFO - [2026-05-19T19:33:33.800+0000] {dag.py:3047} INFO - Sync 1 DAGs
[2026-05-19T19:33:33.849+0000] {logging_mixin.py:188} INFO - [2026-05-19T19:33:33.847+0000] {dag.py:3834} INFO - Setting next_dagrun for example_skip_dag to 2026-05-18 00:00:00+00:00, run_after=2026-05-19 00:00:00+00:00
[2026-05-19T19:33:33.914+0000] {processor.py:183} INFO - Processing /home/airflow/.local/lib/python3.8/site-packages/airflow/example_dags/example_skip_dag.py took 0.177 seconds
