[2026-05-19T19:18:12.778+0000] {processor.py:161} INFO - Started process (PID=8017) to work on /home/airflow/.local/lib/python3.8/site-packages/airflow/example_dags/example_task_group_decorator.py
[2026-05-19T19:18:12.786+0000] {processor.py:830} INFO - Processing file /home/airflow/.local/lib/python3.8/site-packages/airflow/example_dags/example_task_group_decorator.py for tasks to queue
[2026-05-19T19:18:12.796+0000] {logging_mixin.py:188} INFO - [2026-05-19T19:18:12.795+0000] {dagbag.py:540} INFO - Filling up the DagBag from /home/airflow/.local/lib/python3.8/site-packages/airflow/example_dags/example_task_group_decorator.py
[2026-05-19T19:18:12.846+0000] {processor.py:840} INFO - DAG(s) 'example_task_group_decorator' retrieved from /home/airflow/.local/lib/python3.8/site-packages/airflow/example_dags/example_task_group_decorator.py
[2026-05-19T19:18:12.956+0000] {logging_mixin.py:188} INFO - [2026-05-19T19:18:12.955+0000] {dag.py:3047} INFO - Sync 1 DAGs
[2026-05-19T19:18:13.034+0000] {logging_mixin.py:188} INFO - [2026-05-19T19:18:13.033+0000] {dag.py:3834} INFO - Setting next_dagrun for example_task_group_decorator to 2026-05-18 00:00:00+00:00, run_after=2026-05-19 00:00:00+00:00
[2026-05-19T19:18:13.108+0000] {processor.py:183} INFO - Processing /home/airflow/.local/lib/python3.8/site-packages/airflow/example_dags/example_task_group_decorator.py took 0.340 seconds
[2026-05-19T19:18:43.250+0000] {processor.py:161} INFO - Started process (PID=8070) to work on /home/airflow/.local/lib/python3.8/site-packages/airflow/example_dags/example_task_group_decorator.py
[2026-05-19T19:18:43.252+0000] {processor.py:830} INFO - Processing file /home/airflow/.local/lib/python3.8/site-packages/airflow/example_dags/example_task_group_decorator.py for tasks to queue
[2026-05-19T19:18:43.255+0000] {logging_mixin.py:188} INFO - [2026-05-19T19:18:43.255+0000] {dagbag.py:540} INFO - Filling up the DagBag from /home/airflow/.local/lib/python3.8/site-packages/airflow/example_dags/example_task_group_decorator.py
[2026-05-19T19:18:43.273+0000] {processor.py:840} INFO - DAG(s) 'example_task_group_decorator' retrieved from /home/airflow/.local/lib/python3.8/site-packages/airflow/example_dags/example_task_group_decorator.py
[2026-05-19T19:18:43.335+0000] {logging_mixin.py:188} INFO - [2026-05-19T19:18:43.334+0000] {dag.py:3047} INFO - Sync 1 DAGs
[2026-05-19T19:18:43.419+0000] {logging_mixin.py:188} INFO - [2026-05-19T19:18:43.418+0000] {dag.py:3834} INFO - Setting next_dagrun for example_task_group_decorator to 2026-05-18 00:00:00+00:00, run_after=2026-05-19 00:00:00+00:00
[2026-05-19T19:18:43.501+0000] {processor.py:183} INFO - Processing /home/airflow/.local/lib/python3.8/site-packages/airflow/example_dags/example_task_group_decorator.py took 0.255 seconds
[2026-05-19T19:19:13.766+0000] {processor.py:161} INFO - Started process (PID=8125) to work on /home/airflow/.local/lib/python3.8/site-packages/airflow/example_dags/example_task_group_decorator.py
[2026-05-19T19:19:13.768+0000] {processor.py:830} INFO - Processing file /home/airflow/.local/lib/python3.8/site-packages/airflow/example_dags/example_task_group_decorator.py for tasks to queue
[2026-05-19T19:19:13.773+0000] {logging_mixin.py:188} INFO - [2026-05-19T19:19:13.773+0000] {dagbag.py:540} INFO - Filling up the DagBag from /home/airflow/.local/lib/python3.8/site-packages/airflow/example_dags/example_task_group_decorator.py
[2026-05-19T19:19:13.793+0000] {processor.py:840} INFO - DAG(s) 'example_task_group_decorator' retrieved from /home/airflow/.local/lib/python3.8/site-packages/airflow/example_dags/example_task_group_decorator.py
[2026-05-19T19:19:13.824+0000] {logging_mixin.py:188} INFO - [2026-05-19T19:19:13.824+0000] {dag.py:3047} INFO - Sync 1 DAGs
[2026-05-19T19:19:13.855+0000] {logging_mixin.py:188} INFO - [2026-05-19T19:19:13.855+0000] {dag.py:3834} INFO - Setting next_dagrun for example_task_group_decorator to 2026-05-18 00:00:00+00:00, run_after=2026-05-19 00:00:00+00:00
[2026-05-19T19:19:13.886+0000] {processor.py:183} INFO - Processing /home/airflow/.local/lib/python3.8/site-packages/airflow/example_dags/example_task_group_decorator.py took 0.124 seconds
[2026-05-19T19:19:44.256+0000] {processor.py:161} INFO - Started process (PID=8179) to work on /home/airflow/.local/lib/python3.8/site-packages/airflow/example_dags/example_task_group_decorator.py
[2026-05-19T19:19:44.258+0000] {processor.py:830} INFO - Processing file /home/airflow/.local/lib/python3.8/site-packages/airflow/example_dags/example_task_group_decorator.py for tasks to queue
[2026-05-19T19:19:44.261+0000] {logging_mixin.py:188} INFO - [2026-05-19T19:19:44.260+0000] {dagbag.py:540} INFO - Filling up the DagBag from /home/airflow/.local/lib/python3.8/site-packages/airflow/example_dags/example_task_group_decorator.py
[2026-05-19T19:19:44.274+0000] {processor.py:840} INFO - DAG(s) 'example_task_group_decorator' retrieved from /home/airflow/.local/lib/python3.8/site-packages/airflow/example_dags/example_task_group_decorator.py
[2026-05-19T19:19:44.298+0000] {logging_mixin.py:188} INFO - [2026-05-19T19:19:44.298+0000] {dag.py:3047} INFO - Sync 1 DAGs
[2026-05-19T19:19:44.326+0000] {logging_mixin.py:188} INFO - [2026-05-19T19:19:44.326+0000] {dag.py:3834} INFO - Setting next_dagrun for example_task_group_decorator to 2026-05-18 00:00:00+00:00, run_after=2026-05-19 00:00:00+00:00
[2026-05-19T19:19:44.357+0000] {processor.py:183} INFO - Processing /home/airflow/.local/lib/python3.8/site-packages/airflow/example_dags/example_task_group_decorator.py took 0.104 seconds
[2026-05-19T19:20:15.082+0000] {processor.py:161} INFO - Started process (PID=8235) to work on /home/airflow/.local/lib/python3.8/site-packages/airflow/example_dags/example_task_group_decorator.py
[2026-05-19T19:20:15.084+0000] {processor.py:830} INFO - Processing file /home/airflow/.local/lib/python3.8/site-packages/airflow/example_dags/example_task_group_decorator.py for tasks to queue
[2026-05-19T19:20:15.086+0000] {logging_mixin.py:188} INFO - [2026-05-19T19:20:15.086+0000] {dagbag.py:540} INFO - Filling up the DagBag from /home/airflow/.local/lib/python3.8/site-packages/airflow/example_dags/example_task_group_decorator.py
[2026-05-19T19:20:15.099+0000] {processor.py:840} INFO - DAG(s) 'example_task_group_decorator' retrieved from /home/airflow/.local/lib/python3.8/site-packages/airflow/example_dags/example_task_group_decorator.py
[2026-05-19T19:20:15.130+0000] {logging_mixin.py:188} INFO - [2026-05-19T19:20:15.129+0000] {dag.py:3047} INFO - Sync 1 DAGs
[2026-05-19T19:20:15.151+0000] {logging_mixin.py:188} INFO - [2026-05-19T19:20:15.151+0000] {dag.py:3834} INFO - Setting next_dagrun for example_task_group_decorator to 2026-05-18 00:00:00+00:00, run_after=2026-05-19 00:00:00+00:00
[2026-05-19T19:20:15.175+0000] {processor.py:183} INFO - Processing /home/airflow/.local/lib/python3.8/site-packages/airflow/example_dags/example_task_group_decorator.py took 0.097 seconds
[2026-05-19T19:20:46.039+0000] {processor.py:161} INFO - Started process (PID=8290) to work on /home/airflow/.local/lib/python3.8/site-packages/airflow/example_dags/example_task_group_decorator.py
[2026-05-19T19:20:46.040+0000] {processor.py:830} INFO - Processing file /home/airflow/.local/lib/python3.8/site-packages/airflow/example_dags/example_task_group_decorator.py for tasks to queue
[2026-05-19T19:20:46.043+0000] {logging_mixin.py:188} INFO - [2026-05-19T19:20:46.042+0000] {dagbag.py:540} INFO - Filling up the DagBag from /home/airflow/.local/lib/python3.8/site-packages/airflow/example_dags/example_task_group_decorator.py
[2026-05-19T19:20:46.054+0000] {processor.py:840} INFO - DAG(s) 'example_task_group_decorator' retrieved from /home/airflow/.local/lib/python3.8/site-packages/airflow/example_dags/example_task_group_decorator.py
[2026-05-19T19:20:46.077+0000] {logging_mixin.py:188} INFO - [2026-05-19T19:20:46.077+0000] {dag.py:3047} INFO - Sync 1 DAGs
[2026-05-19T19:20:46.094+0000] {logging_mixin.py:188} INFO - [2026-05-19T19:20:46.094+0000] {dag.py:3834} INFO - Setting next_dagrun for example_task_group_decorator to 2026-05-18 00:00:00+00:00, run_after=2026-05-19 00:00:00+00:00
[2026-05-19T19:20:46.112+0000] {processor.py:183} INFO - Processing /home/airflow/.local/lib/python3.8/site-packages/airflow/example_dags/example_task_group_decorator.py took 0.076 seconds
[2026-05-19T19:21:16.194+0000] {processor.py:161} INFO - Started process (PID=8345) to work on /home/airflow/.local/lib/python3.8/site-packages/airflow/example_dags/example_task_group_decorator.py
[2026-05-19T19:21:16.195+0000] {processor.py:830} INFO - Processing file /home/airflow/.local/lib/python3.8/site-packages/airflow/example_dags/example_task_group_decorator.py for tasks to queue
[2026-05-19T19:21:16.199+0000] {logging_mixin.py:188} INFO - [2026-05-19T19:21:16.198+0000] {dagbag.py:540} INFO - Filling up the DagBag from /home/airflow/.local/lib/python3.8/site-packages/airflow/example_dags/example_task_group_decorator.py
[2026-05-19T19:21:16.211+0000] {processor.py:840} INFO - DAG(s) 'example_task_group_decorator' retrieved from /home/airflow/.local/lib/python3.8/site-packages/airflow/example_dags/example_task_group_decorator.py
[2026-05-19T19:21:16.244+0000] {logging_mixin.py:188} INFO - [2026-05-19T19:21:16.243+0000] {dag.py:3047} INFO - Sync 1 DAGs
[2026-05-19T19:21:16.291+0000] {logging_mixin.py:188} INFO - [2026-05-19T19:21:16.290+0000] {dag.py:3834} INFO - Setting next_dagrun for example_task_group_decorator to 2026-05-18 00:00:00+00:00, run_after=2026-05-19 00:00:00+00:00
[2026-05-19T19:21:16.328+0000] {processor.py:183} INFO - Processing /home/airflow/.local/lib/python3.8/site-packages/airflow/example_dags/example_task_group_decorator.py took 0.138 seconds
[2026-05-19T19:21:46.634+0000] {processor.py:161} INFO - Started process (PID=8407) to work on /home/airflow/.local/lib/python3.8/site-packages/airflow/example_dags/example_task_group_decorator.py
[2026-05-19T19:21:46.635+0000] {processor.py:830} INFO - Processing file /home/airflow/.local/lib/python3.8/site-packages/airflow/example_dags/example_task_group_decorator.py for tasks to queue
[2026-05-19T19:21:46.637+0000] {logging_mixin.py:188} INFO - [2026-05-19T19:21:46.637+0000] {dagbag.py:540} INFO - Filling up the DagBag from /home/airflow/.local/lib/python3.8/site-packages/airflow/example_dags/example_task_group_decorator.py
[2026-05-19T19:21:46.648+0000] {processor.py:840} INFO - DAG(s) 'example_task_group_decorator' retrieved from /home/airflow/.local/lib/python3.8/site-packages/airflow/example_dags/example_task_group_decorator.py
[2026-05-19T19:21:46.677+0000] {logging_mixin.py:188} INFO - [2026-05-19T19:21:46.676+0000] {dag.py:3047} INFO - Sync 1 DAGs
[2026-05-19T19:21:46.705+0000] {logging_mixin.py:188} INFO - [2026-05-19T19:21:46.705+0000] {dag.py:3834} INFO - Setting next_dagrun for example_task_group_decorator to 2026-05-18 00:00:00+00:00, run_after=2026-05-19 00:00:00+00:00
[2026-05-19T19:21:46.750+0000] {processor.py:183} INFO - Processing /home/airflow/.local/lib/python3.8/site-packages/airflow/example_dags/example_task_group_decorator.py took 0.120 seconds
[2026-05-19T19:22:16.894+0000] {processor.py:161} INFO - Started process (PID=8462) to work on /home/airflow/.local/lib/python3.8/site-packages/airflow/example_dags/example_task_group_decorator.py
[2026-05-19T19:22:16.900+0000] {processor.py:830} INFO - Processing file /home/airflow/.local/lib/python3.8/site-packages/airflow/example_dags/example_task_group_decorator.py for tasks to queue
[2026-05-19T19:22:16.907+0000] {logging_mixin.py:188} INFO - [2026-05-19T19:22:16.906+0000] {dagbag.py:540} INFO - Filling up the DagBag from /home/airflow/.local/lib/python3.8/site-packages/airflow/example_dags/example_task_group_decorator.py
[2026-05-19T19:22:16.924+0000] {processor.py:840} INFO - DAG(s) 'example_task_group_decorator' retrieved from /home/airflow/.local/lib/python3.8/site-packages/airflow/example_dags/example_task_group_decorator.py
[2026-05-19T19:22:16.960+0000] {logging_mixin.py:188} INFO - [2026-05-19T19:22:16.960+0000] {dag.py:3047} INFO - Sync 1 DAGs
[2026-05-19T19:22:16.983+0000] {logging_mixin.py:188} INFO - [2026-05-19T19:22:16.982+0000] {dag.py:3834} INFO - Setting next_dagrun for example_task_group_decorator to 2026-05-18 00:00:00+00:00, run_after=2026-05-19 00:00:00+00:00
[2026-05-19T19:22:17.011+0000] {processor.py:183} INFO - Processing /home/airflow/.local/lib/python3.8/site-packages/airflow/example_dags/example_task_group_decorator.py took 0.124 seconds
[2026-05-19T19:22:47.462+0000] {processor.py:161} INFO - Started process (PID=8516) to work on /home/airflow/.local/lib/python3.8/site-packages/airflow/example_dags/example_task_group_decorator.py
[2026-05-19T19:22:47.465+0000] {processor.py:830} INFO - Processing file /home/airflow/.local/lib/python3.8/site-packages/airflow/example_dags/example_task_group_decorator.py for tasks to queue
[2026-05-19T19:22:47.470+0000] {logging_mixin.py:188} INFO - [2026-05-19T19:22:47.470+0000] {dagbag.py:540} INFO - Filling up the DagBag from /home/airflow/.local/lib/python3.8/site-packages/airflow/example_dags/example_task_group_decorator.py
[2026-05-19T19:22:47.497+0000] {processor.py:840} INFO - DAG(s) 'example_task_group_decorator' retrieved from /home/airflow/.local/lib/python3.8/site-packages/airflow/example_dags/example_task_group_decorator.py
[2026-05-19T19:22:47.545+0000] {logging_mixin.py:188} INFO - [2026-05-19T19:22:47.544+0000] {dag.py:3047} INFO - Sync 1 DAGs
[2026-05-19T19:22:47.582+0000] {logging_mixin.py:188} INFO - [2026-05-19T19:22:47.582+0000] {dag.py:3834} INFO - Setting next_dagrun for example_task_group_decorator to 2026-05-18 00:00:00+00:00, run_after=2026-05-19 00:00:00+00:00
[2026-05-19T19:22:47.608+0000] {processor.py:183} INFO - Processing /home/airflow/.local/lib/python3.8/site-packages/airflow/example_dags/example_task_group_decorator.py took 0.153 seconds
[2026-05-19T19:23:17.870+0000] {processor.py:161} INFO - Started process (PID=8571) to work on /home/airflow/.local/lib/python3.8/site-packages/airflow/example_dags/example_task_group_decorator.py
[2026-05-19T19:23:17.872+0000] {processor.py:830} INFO - Processing file /home/airflow/.local/lib/python3.8/site-packages/airflow/example_dags/example_task_group_decorator.py for tasks to queue
[2026-05-19T19:23:17.875+0000] {logging_mixin.py:188} INFO - [2026-05-19T19:23:17.874+0000] {dagbag.py:540} INFO - Filling up the DagBag from /home/airflow/.local/lib/python3.8/site-packages/airflow/example_dags/example_task_group_decorator.py
[2026-05-19T19:23:17.888+0000] {processor.py:840} INFO - DAG(s) 'example_task_group_decorator' retrieved from /home/airflow/.local/lib/python3.8/site-packages/airflow/example_dags/example_task_group_decorator.py
[2026-05-19T19:23:17.919+0000] {logging_mixin.py:188} INFO - [2026-05-19T19:23:17.919+0000] {dag.py:3047} INFO - Sync 1 DAGs
[2026-05-19T19:23:17.948+0000] {logging_mixin.py:188} INFO - [2026-05-19T19:23:17.947+0000] {dag.py:3834} INFO - Setting next_dagrun for example_task_group_decorator to 2026-05-18 00:00:00+00:00, run_after=2026-05-19 00:00:00+00:00
[2026-05-19T19:23:17.974+0000] {processor.py:183} INFO - Processing /home/airflow/.local/lib/python3.8/site-packages/airflow/example_dags/example_task_group_decorator.py took 0.107 seconds
[2026-05-19T19:23:48.229+0000] {processor.py:161} INFO - Started process (PID=8626) to work on /home/airflow/.local/lib/python3.8/site-packages/airflow/example_dags/example_task_group_decorator.py
[2026-05-19T19:23:48.232+0000] {processor.py:830} INFO - Processing file /home/airflow/.local/lib/python3.8/site-packages/airflow/example_dags/example_task_group_decorator.py for tasks to queue
[2026-05-19T19:23:48.238+0000] {logging_mixin.py:188} INFO - [2026-05-19T19:23:48.237+0000] {dagbag.py:540} INFO - Filling up the DagBag from /home/airflow/.local/lib/python3.8/site-packages/airflow/example_dags/example_task_group_decorator.py
[2026-05-19T19:23:48.268+0000] {processor.py:840} INFO - DAG(s) 'example_task_group_decorator' retrieved from /home/airflow/.local/lib/python3.8/site-packages/airflow/example_dags/example_task_group_decorator.py
[2026-05-19T19:23:48.319+0000] {logging_mixin.py:188} INFO - [2026-05-19T19:23:48.319+0000] {dag.py:3047} INFO - Sync 1 DAGs
[2026-05-19T19:23:48.360+0000] {logging_mixin.py:188} INFO - [2026-05-19T19:23:48.360+0000] {dag.py:3834} INFO - Setting next_dagrun for example_task_group_decorator to 2026-05-18 00:00:00+00:00, run_after=2026-05-19 00:00:00+00:00
[2026-05-19T19:23:48.415+0000] {processor.py:183} INFO - Processing /home/airflow/.local/lib/python3.8/site-packages/airflow/example_dags/example_task_group_decorator.py took 0.198 seconds
[2026-05-19T19:24:19.151+0000] {processor.py:161} INFO - Started process (PID=8681) to work on /home/airflow/.local/lib/python3.8/site-packages/airflow/example_dags/example_task_group_decorator.py
[2026-05-19T19:24:19.153+0000] {processor.py:830} INFO - Processing file /home/airflow/.local/lib/python3.8/site-packages/airflow/example_dags/example_task_group_decorator.py for tasks to queue
[2026-05-19T19:24:19.158+0000] {logging_mixin.py:188} INFO - [2026-05-19T19:24:19.158+0000] {dagbag.py:540} INFO - Filling up the DagBag from /home/airflow/.local/lib/python3.8/site-packages/airflow/example_dags/example_task_group_decorator.py
[2026-05-19T19:24:19.179+0000] {processor.py:840} INFO - DAG(s) 'example_task_group_decorator' retrieved from /home/airflow/.local/lib/python3.8/site-packages/airflow/example_dags/example_task_group_decorator.py
[2026-05-19T19:24:19.256+0000] {logging_mixin.py:188} INFO - [2026-05-19T19:24:19.255+0000] {dag.py:3047} INFO - Sync 1 DAGs
[2026-05-19T19:24:19.327+0000] {logging_mixin.py:188} INFO - [2026-05-19T19:24:19.327+0000] {dag.py:3834} INFO - Setting next_dagrun for example_task_group_decorator to 2026-05-18 00:00:00+00:00, run_after=2026-05-19 00:00:00+00:00
[2026-05-19T19:24:19.410+0000] {processor.py:183} INFO - Processing /home/airflow/.local/lib/python3.8/site-packages/airflow/example_dags/example_task_group_decorator.py took 0.267 seconds
[2026-05-19T19:24:49.650+0000] {processor.py:161} INFO - Started process (PID=8736) to work on /home/airflow/.local/lib/python3.8/site-packages/airflow/example_dags/example_task_group_decorator.py
[2026-05-19T19:24:49.651+0000] {processor.py:830} INFO - Processing file /home/airflow/.local/lib/python3.8/site-packages/airflow/example_dags/example_task_group_decorator.py for tasks to queue
[2026-05-19T19:24:49.654+0000] {logging_mixin.py:188} INFO - [2026-05-19T19:24:49.654+0000] {dagbag.py:540} INFO - Filling up the DagBag from /home/airflow/.local/lib/python3.8/site-packages/airflow/example_dags/example_task_group_decorator.py
[2026-05-19T19:24:49.668+0000] {processor.py:840} INFO - DAG(s) 'example_task_group_decorator' retrieved from /home/airflow/.local/lib/python3.8/site-packages/airflow/example_dags/example_task_group_decorator.py
[2026-05-19T19:24:49.702+0000] {logging_mixin.py:188} INFO - [2026-05-19T19:24:49.701+0000] {dag.py:3047} INFO - Sync 1 DAGs
[2026-05-19T19:24:49.736+0000] {logging_mixin.py:188} INFO - [2026-05-19T19:24:49.735+0000] {dag.py:3834} INFO - Setting next_dagrun for example_task_group_decorator to 2026-05-18 00:00:00+00:00, run_after=2026-05-19 00:00:00+00:00
[2026-05-19T19:24:49.787+0000] {processor.py:183} INFO - Processing /home/airflow/.local/lib/python3.8/site-packages/airflow/example_dags/example_task_group_decorator.py took 0.142 seconds
[2026-05-19T19:25:20.394+0000] {processor.py:161} INFO - Started process (PID=8791) to work on /home/airflow/.local/lib/python3.8/site-packages/airflow/example_dags/example_task_group_decorator.py
[2026-05-19T19:25:20.395+0000] {processor.py:830} INFO - Processing file /home/airflow/.local/lib/python3.8/site-packages/airflow/example_dags/example_task_group_decorator.py for tasks to queue
[2026-05-19T19:25:20.398+0000] {logging_mixin.py:188} INFO - [2026-05-19T19:25:20.398+0000] {dagbag.py:540} INFO - Filling up the DagBag from /home/airflow/.local/lib/python3.8/site-packages/airflow/example_dags/example_task_group_decorator.py
[2026-05-19T19:25:20.418+0000] {processor.py:840} INFO - DAG(s) 'example_task_group_decorator' retrieved from /home/airflow/.local/lib/python3.8/site-packages/airflow/example_dags/example_task_group_decorator.py
[2026-05-19T19:25:20.464+0000] {logging_mixin.py:188} INFO - [2026-05-19T19:25:20.463+0000] {dag.py:3047} INFO - Sync 1 DAGs
[2026-05-19T19:25:20.490+0000] {logging_mixin.py:188} INFO - [2026-05-19T19:25:20.490+0000] {dag.py:3834} INFO - Setting next_dagrun for example_task_group_decorator to 2026-05-18 00:00:00+00:00, run_after=2026-05-19 00:00:00+00:00
[2026-05-19T19:25:20.536+0000] {processor.py:183} INFO - Processing /home/airflow/.local/lib/python3.8/site-packages/airflow/example_dags/example_task_group_decorator.py took 0.146 seconds
[2026-05-19T19:25:51.659+0000] {processor.py:161} INFO - Started process (PID=8846) to work on /home/airflow/.local/lib/python3.8/site-packages/airflow/example_dags/example_task_group_decorator.py
[2026-05-19T19:25:51.663+0000] {processor.py:830} INFO - Processing file /home/airflow/.local/lib/python3.8/site-packages/airflow/example_dags/example_task_group_decorator.py for tasks to queue
[2026-05-19T19:25:51.669+0000] {logging_mixin.py:188} INFO - [2026-05-19T19:25:51.667+0000] {dagbag.py:540} INFO - Filling up the DagBag from /home/airflow/.local/lib/python3.8/site-packages/airflow/example_dags/example_task_group_decorator.py
[2026-05-19T19:25:51.737+0000] {processor.py:840} INFO - DAG(s) 'example_task_group_decorator' retrieved from /home/airflow/.local/lib/python3.8/site-packages/airflow/example_dags/example_task_group_decorator.py
[2026-05-19T19:25:51.825+0000] {logging_mixin.py:188} INFO - [2026-05-19T19:25:51.825+0000] {dag.py:3047} INFO - Sync 1 DAGs
[2026-05-19T19:25:51.889+0000] {logging_mixin.py:188} INFO - [2026-05-19T19:25:51.888+0000] {dag.py:3834} INFO - Setting next_dagrun for example_task_group_decorator to 2026-05-18 00:00:00+00:00, run_after=2026-05-19 00:00:00+00:00
[2026-05-19T19:25:51.946+0000] {processor.py:183} INFO - Processing /home/airflow/.local/lib/python3.8/site-packages/airflow/example_dags/example_task_group_decorator.py took 0.294 seconds
[2026-05-19T19:26:22.198+0000] {processor.py:161} INFO - Started process (PID=8901) to work on /home/airflow/.local/lib/python3.8/site-packages/airflow/example_dags/example_task_group_decorator.py
[2026-05-19T19:26:22.200+0000] {processor.py:830} INFO - Processing file /home/airflow/.local/lib/python3.8/site-packages/airflow/example_dags/example_task_group_decorator.py for tasks to queue
[2026-05-19T19:26:22.202+0000] {logging_mixin.py:188} INFO - [2026-05-19T19:26:22.202+0000] {dagbag.py:540} INFO - Filling up the DagBag from /home/airflow/.local/lib/python3.8/site-packages/airflow/example_dags/example_task_group_decorator.py
[2026-05-19T19:26:22.255+0000] {processor.py:840} INFO - DAG(s) 'example_task_group_decorator' retrieved from /home/airflow/.local/lib/python3.8/site-packages/airflow/example_dags/example_task_group_decorator.py
[2026-05-19T19:26:22.300+0000] {logging_mixin.py:188} INFO - [2026-05-19T19:26:22.299+0000] {dag.py:3047} INFO - Sync 1 DAGs
[2026-05-19T19:26:22.328+0000] {logging_mixin.py:188} INFO - [2026-05-19T19:26:22.328+0000] {dag.py:3834} INFO - Setting next_dagrun for example_task_group_decorator to 2026-05-18 00:00:00+00:00, run_after=2026-05-19 00:00:00+00:00
[2026-05-19T19:26:22.364+0000] {processor.py:183} INFO - Processing /home/airflow/.local/lib/python3.8/site-packages/airflow/example_dags/example_task_group_decorator.py took 0.170 seconds
[2026-05-19T19:26:53.126+0000] {processor.py:161} INFO - Started process (PID=8956) to work on /home/airflow/.local/lib/python3.8/site-packages/airflow/example_dags/example_task_group_decorator.py
[2026-05-19T19:26:53.131+0000] {processor.py:830} INFO - Processing file /home/airflow/.local/lib/python3.8/site-packages/airflow/example_dags/example_task_group_decorator.py for tasks to queue
[2026-05-19T19:26:53.137+0000] {logging_mixin.py:188} INFO - [2026-05-19T19:26:53.136+0000] {dagbag.py:540} INFO - Filling up the DagBag from /home/airflow/.local/lib/python3.8/site-packages/airflow/example_dags/example_task_group_decorator.py
[2026-05-19T19:26:53.201+0000] {processor.py:840} INFO - DAG(s) 'example_task_group_decorator' retrieved from /home/airflow/.local/lib/python3.8/site-packages/airflow/example_dags/example_task_group_decorator.py
[2026-05-19T19:26:53.270+0000] {logging_mixin.py:188} INFO - [2026-05-19T19:26:53.270+0000] {dag.py:3047} INFO - Sync 1 DAGs
[2026-05-19T19:26:53.328+0000] {logging_mixin.py:188} INFO - [2026-05-19T19:26:53.328+0000] {dag.py:3834} INFO - Setting next_dagrun for example_task_group_decorator to 2026-05-18 00:00:00+00:00, run_after=2026-05-19 00:00:00+00:00
[2026-05-19T19:26:53.419+0000] {processor.py:183} INFO - Processing /home/airflow/.local/lib/python3.8/site-packages/airflow/example_dags/example_task_group_decorator.py took 0.306 seconds
[2026-05-19T19:27:23.531+0000] {processor.py:161} INFO - Started process (PID=9011) to work on /home/airflow/.local/lib/python3.8/site-packages/airflow/example_dags/example_task_group_decorator.py
[2026-05-19T19:27:23.533+0000] {processor.py:830} INFO - Processing file /home/airflow/.local/lib/python3.8/site-packages/airflow/example_dags/example_task_group_decorator.py for tasks to queue
[2026-05-19T19:27:23.537+0000] {logging_mixin.py:188} INFO - [2026-05-19T19:27:23.537+0000] {dagbag.py:540} INFO - Filling up the DagBag from /home/airflow/.local/lib/python3.8/site-packages/airflow/example_dags/example_task_group_decorator.py
[2026-05-19T19:27:23.556+0000] {processor.py:840} INFO - DAG(s) 'example_task_group_decorator' retrieved from /home/airflow/.local/lib/python3.8/site-packages/airflow/example_dags/example_task_group_decorator.py
[2026-05-19T19:27:23.587+0000] {logging_mixin.py:188} INFO - [2026-05-19T19:27:23.586+0000] {dag.py:3047} INFO - Sync 1 DAGs
[2026-05-19T19:27:23.611+0000] {logging_mixin.py:188} INFO - [2026-05-19T19:27:23.611+0000] {dag.py:3834} INFO - Setting next_dagrun for example_task_group_decorator to 2026-05-18 00:00:00+00:00, run_after=2026-05-19 00:00:00+00:00
[2026-05-19T19:27:23.638+0000] {processor.py:183} INFO - Processing /home/airflow/.local/lib/python3.8/site-packages/airflow/example_dags/example_task_group_decorator.py took 0.111 seconds
[2026-05-19T19:27:53.854+0000] {processor.py:161} INFO - Started process (PID=9066) to work on /home/airflow/.local/lib/python3.8/site-packages/airflow/example_dags/example_task_group_decorator.py
[2026-05-19T19:27:53.859+0000] {processor.py:830} INFO - Processing file /home/airflow/.local/lib/python3.8/site-packages/airflow/example_dags/example_task_group_decorator.py for tasks to queue
[2026-05-19T19:27:53.865+0000] {logging_mixin.py:188} INFO - [2026-05-19T19:27:53.865+0000] {dagbag.py:540} INFO - Filling up the DagBag from /home/airflow/.local/lib/python3.8/site-packages/airflow/example_dags/example_task_group_decorator.py
[2026-05-19T19:27:53.898+0000] {processor.py:840} INFO - DAG(s) 'example_task_group_decorator' retrieved from /home/airflow/.local/lib/python3.8/site-packages/airflow/example_dags/example_task_group_decorator.py
[2026-05-19T19:27:53.940+0000] {logging_mixin.py:188} INFO - [2026-05-19T19:27:53.939+0000] {dag.py:3047} INFO - Sync 1 DAGs
[2026-05-19T19:27:53.972+0000] {logging_mixin.py:188} INFO - [2026-05-19T19:27:53.971+0000] {dag.py:3834} INFO - Setting next_dagrun for example_task_group_decorator to 2026-05-18 00:00:00+00:00, run_after=2026-05-19 00:00:00+00:00
[2026-05-19T19:27:54.053+0000] {processor.py:183} INFO - Processing /home/airflow/.local/lib/python3.8/site-packages/airflow/example_dags/example_task_group_decorator.py took 0.208 seconds
[2026-05-19T19:28:25.006+0000] {processor.py:161} INFO - Started process (PID=9121) to work on /home/airflow/.local/lib/python3.8/site-packages/airflow/example_dags/example_task_group_decorator.py
[2026-05-19T19:28:25.008+0000] {processor.py:830} INFO - Processing file /home/airflow/.local/lib/python3.8/site-packages/airflow/example_dags/example_task_group_decorator.py for tasks to queue
[2026-05-19T19:28:25.011+0000] {logging_mixin.py:188} INFO - [2026-05-19T19:28:25.011+0000] {dagbag.py:540} INFO - Filling up the DagBag from /home/airflow/.local/lib/python3.8/site-packages/airflow/example_dags/example_task_group_decorator.py
[2026-05-19T19:28:25.028+0000] {processor.py:840} INFO - DAG(s) 'example_task_group_decorator' retrieved from /home/airflow/.local/lib/python3.8/site-packages/airflow/example_dags/example_task_group_decorator.py
[2026-05-19T19:28:25.062+0000] {logging_mixin.py:188} INFO - [2026-05-19T19:28:25.062+0000] {dag.py:3047} INFO - Sync 1 DAGs
[2026-05-19T19:28:25.127+0000] {logging_mixin.py:188} INFO - [2026-05-19T19:28:25.126+0000] {dag.py:3834} INFO - Setting next_dagrun for example_task_group_decorator to 2026-05-18 00:00:00+00:00, run_after=2026-05-19 00:00:00+00:00
[2026-05-19T19:28:25.182+0000] {processor.py:183} INFO - Processing /home/airflow/.local/lib/python3.8/site-packages/airflow/example_dags/example_task_group_decorator.py took 0.181 seconds
[2026-05-19T19:28:55.528+0000] {processor.py:161} INFO - Started process (PID=9176) to work on /home/airflow/.local/lib/python3.8/site-packages/airflow/example_dags/example_task_group_decorator.py
[2026-05-19T19:28:55.530+0000] {processor.py:830} INFO - Processing file /home/airflow/.local/lib/python3.8/site-packages/airflow/example_dags/example_task_group_decorator.py for tasks to queue
[2026-05-19T19:28:55.532+0000] {logging_mixin.py:188} INFO - [2026-05-19T19:28:55.532+0000] {dagbag.py:540} INFO - Filling up the DagBag from /home/airflow/.local/lib/python3.8/site-packages/airflow/example_dags/example_task_group_decorator.py
[2026-05-19T19:28:55.546+0000] {processor.py:840} INFO - DAG(s) 'example_task_group_decorator' retrieved from /home/airflow/.local/lib/python3.8/site-packages/airflow/example_dags/example_task_group_decorator.py
[2026-05-19T19:28:55.570+0000] {logging_mixin.py:188} INFO - [2026-05-19T19:28:55.570+0000] {dag.py:3047} INFO - Sync 1 DAGs
[2026-05-19T19:28:55.589+0000] {logging_mixin.py:188} INFO - [2026-05-19T19:28:55.589+0000] {dag.py:3834} INFO - Setting next_dagrun for example_task_group_decorator to 2026-05-18 00:00:00+00:00, run_after=2026-05-19 00:00:00+00:00
[2026-05-19T19:28:55.605+0000] {processor.py:183} INFO - Processing /home/airflow/.local/lib/python3.8/site-packages/airflow/example_dags/example_task_group_decorator.py took 0.080 seconds
[2026-05-19T19:29:26.358+0000] {processor.py:161} INFO - Started process (PID=9231) to work on /home/airflow/.local/lib/python3.8/site-packages/airflow/example_dags/example_task_group_decorator.py
[2026-05-19T19:29:26.360+0000] {processor.py:830} INFO - Processing file /home/airflow/.local/lib/python3.8/site-packages/airflow/example_dags/example_task_group_decorator.py for tasks to queue
[2026-05-19T19:29:26.364+0000] {logging_mixin.py:188} INFO - [2026-05-19T19:29:26.363+0000] {dagbag.py:540} INFO - Filling up the DagBag from /home/airflow/.local/lib/python3.8/site-packages/airflow/example_dags/example_task_group_decorator.py
[2026-05-19T19:29:26.381+0000] {processor.py:840} INFO - DAG(s) 'example_task_group_decorator' retrieved from /home/airflow/.local/lib/python3.8/site-packages/airflow/example_dags/example_task_group_decorator.py
[2026-05-19T19:29:26.421+0000] {logging_mixin.py:188} INFO - [2026-05-19T19:29:26.421+0000] {dag.py:3047} INFO - Sync 1 DAGs
[2026-05-19T19:29:26.447+0000] {logging_mixin.py:188} INFO - [2026-05-19T19:29:26.447+0000] {dag.py:3834} INFO - Setting next_dagrun for example_task_group_decorator to 2026-05-18 00:00:00+00:00, run_after=2026-05-19 00:00:00+00:00
[2026-05-19T19:29:26.479+0000] {processor.py:183} INFO - Processing /home/airflow/.local/lib/python3.8/site-packages/airflow/example_dags/example_task_group_decorator.py took 0.128 seconds
[2026-05-19T19:29:57.193+0000] {processor.py:161} INFO - Started process (PID=9286) to work on /home/airflow/.local/lib/python3.8/site-packages/airflow/example_dags/example_task_group_decorator.py
[2026-05-19T19:29:57.197+0000] {processor.py:830} INFO - Processing file /home/airflow/.local/lib/python3.8/site-packages/airflow/example_dags/example_task_group_decorator.py for tasks to queue
[2026-05-19T19:29:57.204+0000] {logging_mixin.py:188} INFO - [2026-05-19T19:29:57.203+0000] {dagbag.py:540} INFO - Filling up the DagBag from /home/airflow/.local/lib/python3.8/site-packages/airflow/example_dags/example_task_group_decorator.py
[2026-05-19T19:29:57.241+0000] {processor.py:840} INFO - DAG(s) 'example_task_group_decorator' retrieved from /home/airflow/.local/lib/python3.8/site-packages/airflow/example_dags/example_task_group_decorator.py
[2026-05-19T19:29:57.303+0000] {logging_mixin.py:188} INFO - [2026-05-19T19:29:57.302+0000] {dag.py:3047} INFO - Sync 1 DAGs
[2026-05-19T19:29:57.369+0000] {logging_mixin.py:188} INFO - [2026-05-19T19:29:57.368+0000] {dag.py:3834} INFO - Setting next_dagrun for example_task_group_decorator to 2026-05-18 00:00:00+00:00, run_after=2026-05-19 00:00:00+00:00
[2026-05-19T19:29:57.420+0000] {processor.py:183} INFO - Processing /home/airflow/.local/lib/python3.8/site-packages/airflow/example_dags/example_task_group_decorator.py took 0.234 seconds
[2026-05-19T19:30:28.349+0000] {processor.py:161} INFO - Started process (PID=9341) to work on /home/airflow/.local/lib/python3.8/site-packages/airflow/example_dags/example_task_group_decorator.py
[2026-05-19T19:30:28.351+0000] {processor.py:830} INFO - Processing file /home/airflow/.local/lib/python3.8/site-packages/airflow/example_dags/example_task_group_decorator.py for tasks to queue
[2026-05-19T19:30:28.353+0000] {logging_mixin.py:188} INFO - [2026-05-19T19:30:28.353+0000] {dagbag.py:540} INFO - Filling up the DagBag from /home/airflow/.local/lib/python3.8/site-packages/airflow/example_dags/example_task_group_decorator.py
[2026-05-19T19:30:28.367+0000] {processor.py:840} INFO - DAG(s) 'example_task_group_decorator' retrieved from /home/airflow/.local/lib/python3.8/site-packages/airflow/example_dags/example_task_group_decorator.py
[2026-05-19T19:30:28.393+0000] {logging_mixin.py:188} INFO - [2026-05-19T19:30:28.393+0000] {dag.py:3047} INFO - Sync 1 DAGs
[2026-05-19T19:30:28.419+0000] {logging_mixin.py:188} INFO - [2026-05-19T19:30:28.419+0000] {dag.py:3834} INFO - Setting next_dagrun for example_task_group_decorator to 2026-05-18 00:00:00+00:00, run_after=2026-05-19 00:00:00+00:00
[2026-05-19T19:30:28.446+0000] {processor.py:183} INFO - Processing /home/airflow/.local/lib/python3.8/site-packages/airflow/example_dags/example_task_group_decorator.py took 0.101 seconds
[2026-05-19T19:30:58.540+0000] {processor.py:161} INFO - Started process (PID=9396) to work on /home/airflow/.local/lib/python3.8/site-packages/airflow/example_dags/example_task_group_decorator.py
[2026-05-19T19:30:58.543+0000] {processor.py:830} INFO - Processing file /home/airflow/.local/lib/python3.8/site-packages/airflow/example_dags/example_task_group_decorator.py for tasks to queue
[2026-05-19T19:30:58.548+0000] {logging_mixin.py:188} INFO - [2026-05-19T19:30:58.547+0000] {dagbag.py:540} INFO - Filling up the DagBag from /home/airflow/.local/lib/python3.8/site-packages/airflow/example_dags/example_task_group_decorator.py
[2026-05-19T19:30:58.568+0000] {processor.py:840} INFO - DAG(s) 'example_task_group_decorator' retrieved from /home/airflow/.local/lib/python3.8/site-packages/airflow/example_dags/example_task_group_decorator.py
[2026-05-19T19:30:58.599+0000] {logging_mixin.py:188} INFO - [2026-05-19T19:30:58.599+0000] {dag.py:3047} INFO - Sync 1 DAGs
[2026-05-19T19:30:58.629+0000] {logging_mixin.py:188} INFO - [2026-05-19T19:30:58.629+0000] {dag.py:3834} INFO - Setting next_dagrun for example_task_group_decorator to 2026-05-18 00:00:00+00:00, run_after=2026-05-19 00:00:00+00:00
[2026-05-19T19:30:58.660+0000] {processor.py:183} INFO - Processing /home/airflow/.local/lib/python3.8/site-packages/airflow/example_dags/example_task_group_decorator.py took 0.126 seconds
[2026-05-19T19:31:29.467+0000] {processor.py:161} INFO - Started process (PID=9451) to work on /home/airflow/.local/lib/python3.8/site-packages/airflow/example_dags/example_task_group_decorator.py
[2026-05-19T19:31:29.474+0000] {processor.py:830} INFO - Processing file /home/airflow/.local/lib/python3.8/site-packages/airflow/example_dags/example_task_group_decorator.py for tasks to queue
[2026-05-19T19:31:29.482+0000] {logging_mixin.py:188} INFO - [2026-05-19T19:31:29.481+0000] {dagbag.py:540} INFO - Filling up the DagBag from /home/airflow/.local/lib/python3.8/site-packages/airflow/example_dags/example_task_group_decorator.py
[2026-05-19T19:31:29.510+0000] {processor.py:840} INFO - DAG(s) 'example_task_group_decorator' retrieved from /home/airflow/.local/lib/python3.8/site-packages/airflow/example_dags/example_task_group_decorator.py
[2026-05-19T19:31:29.581+0000] {logging_mixin.py:188} INFO - [2026-05-19T19:31:29.581+0000] {dag.py:3047} INFO - Sync 1 DAGs
[2026-05-19T19:31:29.642+0000] {logging_mixin.py:188} INFO - [2026-05-19T19:31:29.641+0000] {dag.py:3834} INFO - Setting next_dagrun for example_task_group_decorator to 2026-05-18 00:00:00+00:00, run_after=2026-05-19 00:00:00+00:00
[2026-05-19T19:31:29.686+0000] {processor.py:183} INFO - Processing /home/airflow/.local/lib/python3.8/site-packages/airflow/example_dags/example_task_group_decorator.py took 0.225 seconds
[2026-05-19T19:32:00.032+0000] {processor.py:161} INFO - Started process (PID=9506) to work on /home/airflow/.local/lib/python3.8/site-packages/airflow/example_dags/example_task_group_decorator.py
[2026-05-19T19:32:00.034+0000] {processor.py:830} INFO - Processing file /home/airflow/.local/lib/python3.8/site-packages/airflow/example_dags/example_task_group_decorator.py for tasks to queue
[2026-05-19T19:32:00.037+0000] {logging_mixin.py:188} INFO - [2026-05-19T19:32:00.037+0000] {dagbag.py:540} INFO - Filling up the DagBag from /home/airflow/.local/lib/python3.8/site-packages/airflow/example_dags/example_task_group_decorator.py
[2026-05-19T19:32:00.052+0000] {processor.py:840} INFO - DAG(s) 'example_task_group_decorator' retrieved from /home/airflow/.local/lib/python3.8/site-packages/airflow/example_dags/example_task_group_decorator.py
[2026-05-19T19:32:00.082+0000] {logging_mixin.py:188} INFO - [2026-05-19T19:32:00.082+0000] {dag.py:3047} INFO - Sync 1 DAGs
[2026-05-19T19:32:00.115+0000] {logging_mixin.py:188} INFO - [2026-05-19T19:32:00.115+0000] {dag.py:3834} INFO - Setting next_dagrun for example_task_group_decorator to 2026-05-18 00:00:00+00:00, run_after=2026-05-19 00:00:00+00:00
[2026-05-19T19:32:00.144+0000] {processor.py:183} INFO - Processing /home/airflow/.local/lib/python3.8/site-packages/airflow/example_dags/example_task_group_decorator.py took 0.118 seconds
[2026-05-19T19:32:30.265+0000] {processor.py:161} INFO - Started process (PID=9561) to work on /home/airflow/.local/lib/python3.8/site-packages/airflow/example_dags/example_task_group_decorator.py
[2026-05-19T19:32:30.268+0000] {processor.py:830} INFO - Processing file /home/airflow/.local/lib/python3.8/site-packages/airflow/example_dags/example_task_group_decorator.py for tasks to queue
[2026-05-19T19:32:30.273+0000] {logging_mixin.py:188} INFO - [2026-05-19T19:32:30.272+0000] {dagbag.py:540} INFO - Filling up the DagBag from /home/airflow/.local/lib/python3.8/site-packages/airflow/example_dags/example_task_group_decorator.py
[2026-05-19T19:32:30.306+0000] {processor.py:840} INFO - DAG(s) 'example_task_group_decorator' retrieved from /home/airflow/.local/lib/python3.8/site-packages/airflow/example_dags/example_task_group_decorator.py
[2026-05-19T19:32:30.354+0000] {logging_mixin.py:188} INFO - [2026-05-19T19:32:30.354+0000] {dag.py:3047} INFO - Sync 1 DAGs
[2026-05-19T19:32:30.399+0000] {logging_mixin.py:188} INFO - [2026-05-19T19:32:30.398+0000] {dag.py:3834} INFO - Setting next_dagrun for example_task_group_decorator to 2026-05-18 00:00:00+00:00, run_after=2026-05-19 00:00:00+00:00
[2026-05-19T19:32:30.437+0000] {processor.py:183} INFO - Processing /home/airflow/.local/lib/python3.8/site-packages/airflow/example_dags/example_task_group_decorator.py took 0.181 seconds
[2026-05-19T19:33:00.706+0000] {processor.py:161} INFO - Started process (PID=9616) to work on /home/airflow/.local/lib/python3.8/site-packages/airflow/example_dags/example_task_group_decorator.py
[2026-05-19T19:33:00.709+0000] {processor.py:830} INFO - Processing file /home/airflow/.local/lib/python3.8/site-packages/airflow/example_dags/example_task_group_decorator.py for tasks to queue
[2026-05-19T19:33:00.714+0000] {logging_mixin.py:188} INFO - [2026-05-19T19:33:00.714+0000] {dagbag.py:540} INFO - Filling up the DagBag from /home/airflow/.local/lib/python3.8/site-packages/airflow/example_dags/example_task_group_decorator.py
[2026-05-19T19:33:00.745+0000] {processor.py:840} INFO - DAG(s) 'example_task_group_decorator' retrieved from /home/airflow/.local/lib/python3.8/site-packages/airflow/example_dags/example_task_group_decorator.py
[2026-05-19T19:33:00.791+0000] {logging_mixin.py:188} INFO - [2026-05-19T19:33:00.790+0000] {dag.py:3047} INFO - Sync 1 DAGs
[2026-05-19T19:33:00.846+0000] {logging_mixin.py:188} INFO - [2026-05-19T19:33:00.846+0000] {dag.py:3834} INFO - Setting next_dagrun for example_task_group_decorator to 2026-05-18 00:00:00+00:00, run_after=2026-05-19 00:00:00+00:00
[2026-05-19T19:33:00.893+0000] {processor.py:183} INFO - Processing /home/airflow/.local/lib/python3.8/site-packages/airflow/example_dags/example_task_group_decorator.py took 0.196 seconds
[2026-05-19T19:33:31.059+0000] {processor.py:161} INFO - Started process (PID=9671) to work on /home/airflow/.local/lib/python3.8/site-packages/airflow/example_dags/example_task_group_decorator.py
[2026-05-19T19:33:31.065+0000] {processor.py:830} INFO - Processing file /home/airflow/.local/lib/python3.8/site-packages/airflow/example_dags/example_task_group_decorator.py for tasks to queue
[2026-05-19T19:33:31.071+0000] {logging_mixin.py:188} INFO - [2026-05-19T19:33:31.071+0000] {dagbag.py:540} INFO - Filling up the DagBag from /home/airflow/.local/lib/python3.8/site-packages/airflow/example_dags/example_task_group_decorator.py
[2026-05-19T19:33:31.098+0000] {processor.py:840} INFO - DAG(s) 'example_task_group_decorator' retrieved from /home/airflow/.local/lib/python3.8/site-packages/airflow/example_dags/example_task_group_decorator.py
[2026-05-19T19:33:31.173+0000] {logging_mixin.py:188} INFO - [2026-05-19T19:33:31.173+0000] {dag.py:3047} INFO - Sync 1 DAGs
[2026-05-19T19:33:31.214+0000] {logging_mixin.py:188} INFO - [2026-05-19T19:33:31.213+0000] {dag.py:3834} INFO - Setting next_dagrun for example_task_group_decorator to 2026-05-18 00:00:00+00:00, run_after=2026-05-19 00:00:00+00:00
[2026-05-19T19:33:31.245+0000] {processor.py:183} INFO - Processing /home/airflow/.local/lib/python3.8/site-packages/airflow/example_dags/example_task_group_decorator.py took 0.193 seconds
