[2026-05-19T19:18:16.131+0000] {processor.py:161} INFO - Started process (PID=8035) to work on /home/airflow/.local/lib/python3.8/site-packages/airflow/example_dags/example_kubernetes_executor.py
[2026-05-19T19:18:16.141+0000] {processor.py:830} INFO - Processing file /home/airflow/.local/lib/python3.8/site-packages/airflow/example_dags/example_kubernetes_executor.py for tasks to queue
[2026-05-19T19:18:16.152+0000] {logging_mixin.py:188} INFO - [2026-05-19T19:18:16.151+0000] {dagbag.py:540} INFO - Filling up the DagBag from /home/airflow/.local/lib/python3.8/site-packages/airflow/example_dags/example_kubernetes_executor.py
[2026-05-19T19:18:16.196+0000] {processor.py:840} INFO - DAG(s) 'example_kubernetes_executor' retrieved from /home/airflow/.local/lib/python3.8/site-packages/airflow/example_dags/example_kubernetes_executor.py
[2026-05-19T19:18:16.352+0000] {logging_mixin.py:188} INFO - [2026-05-19T19:18:16.351+0000] {dag.py:3047} INFO - Sync 1 DAGs
[2026-05-19T19:18:16.408+0000] {logging_mixin.py:188} INFO - [2026-05-19T19:18:16.408+0000] {dag.py:3834} INFO - Setting next_dagrun for example_kubernetes_executor to None, run_after=None
[2026-05-19T19:18:16.484+0000] {processor.py:183} INFO - Processing /home/airflow/.local/lib/python3.8/site-packages/airflow/example_dags/example_kubernetes_executor.py took 0.361 seconds
[2026-05-19T19:18:47.200+0000] {processor.py:161} INFO - Started process (PID=8090) to work on /home/airflow/.local/lib/python3.8/site-packages/airflow/example_dags/example_kubernetes_executor.py
[2026-05-19T19:18:47.203+0000] {processor.py:830} INFO - Processing file /home/airflow/.local/lib/python3.8/site-packages/airflow/example_dags/example_kubernetes_executor.py for tasks to queue
[2026-05-19T19:18:47.207+0000] {logging_mixin.py:188} INFO - [2026-05-19T19:18:47.206+0000] {dagbag.py:540} INFO - Filling up the DagBag from /home/airflow/.local/lib/python3.8/site-packages/airflow/example_dags/example_kubernetes_executor.py
[2026-05-19T19:18:47.223+0000] {processor.py:840} INFO - DAG(s) 'example_kubernetes_executor' retrieved from /home/airflow/.local/lib/python3.8/site-packages/airflow/example_dags/example_kubernetes_executor.py
[2026-05-19T19:18:47.282+0000] {logging_mixin.py:188} INFO - [2026-05-19T19:18:47.282+0000] {dag.py:3047} INFO - Sync 1 DAGs
[2026-05-19T19:18:47.299+0000] {logging_mixin.py:188} INFO - [2026-05-19T19:18:47.299+0000] {dag.py:3834} INFO - Setting next_dagrun for example_kubernetes_executor to None, run_after=None
[2026-05-19T19:18:47.341+0000] {processor.py:183} INFO - Processing /home/airflow/.local/lib/python3.8/site-packages/airflow/example_dags/example_kubernetes_executor.py took 0.147 seconds
[2026-05-19T19:19:17.866+0000] {processor.py:161} INFO - Started process (PID=8144) to work on /home/airflow/.local/lib/python3.8/site-packages/airflow/example_dags/example_kubernetes_executor.py
[2026-05-19T19:19:17.868+0000] {processor.py:830} INFO - Processing file /home/airflow/.local/lib/python3.8/site-packages/airflow/example_dags/example_kubernetes_executor.py for tasks to queue
[2026-05-19T19:19:17.869+0000] {logging_mixin.py:188} INFO - [2026-05-19T19:19:17.869+0000] {dagbag.py:540} INFO - Filling up the DagBag from /home/airflow/.local/lib/python3.8/site-packages/airflow/example_dags/example_kubernetes_executor.py
[2026-05-19T19:19:17.879+0000] {processor.py:840} INFO - DAG(s) 'example_kubernetes_executor' retrieved from /home/airflow/.local/lib/python3.8/site-packages/airflow/example_dags/example_kubernetes_executor.py
[2026-05-19T19:19:17.921+0000] {logging_mixin.py:188} INFO - [2026-05-19T19:19:17.921+0000] {dag.py:3047} INFO - Sync 1 DAGs
[2026-05-19T19:19:17.933+0000] {logging_mixin.py:188} INFO - [2026-05-19T19:19:17.932+0000] {dag.py:3834} INFO - Setting next_dagrun for example_kubernetes_executor to None, run_after=None
[2026-05-19T19:19:17.955+0000] {processor.py:183} INFO - Processing /home/airflow/.local/lib/python3.8/site-packages/airflow/example_dags/example_kubernetes_executor.py took 0.091 seconds
[2026-05-19T19:19:48.124+0000] {processor.py:161} INFO - Started process (PID=8200) to work on /home/airflow/.local/lib/python3.8/site-packages/airflow/example_dags/example_kubernetes_executor.py
[2026-05-19T19:19:48.127+0000] {processor.py:830} INFO - Processing file /home/airflow/.local/lib/python3.8/site-packages/airflow/example_dags/example_kubernetes_executor.py for tasks to queue
[2026-05-19T19:19:48.132+0000] {logging_mixin.py:188} INFO - [2026-05-19T19:19:48.131+0000] {dagbag.py:540} INFO - Filling up the DagBag from /home/airflow/.local/lib/python3.8/site-packages/airflow/example_dags/example_kubernetes_executor.py
[2026-05-19T19:19:48.166+0000] {processor.py:840} INFO - DAG(s) 'example_kubernetes_executor' retrieved from /home/airflow/.local/lib/python3.8/site-packages/airflow/example_dags/example_kubernetes_executor.py
[2026-05-19T19:19:48.221+0000] {logging_mixin.py:188} INFO - [2026-05-19T19:19:48.221+0000] {dag.py:3047} INFO - Sync 1 DAGs
[2026-05-19T19:19:48.265+0000] {logging_mixin.py:188} INFO - [2026-05-19T19:19:48.262+0000] {dag.py:3834} INFO - Setting next_dagrun for example_kubernetes_executor to None, run_after=None
[2026-05-19T19:19:48.338+0000] {processor.py:183} INFO - Processing /home/airflow/.local/lib/python3.8/site-packages/airflow/example_dags/example_kubernetes_executor.py took 0.223 seconds
[2026-05-19T19:20:18.767+0000] {processor.py:161} INFO - Started process (PID=8255) to work on /home/airflow/.local/lib/python3.8/site-packages/airflow/example_dags/example_kubernetes_executor.py
[2026-05-19T19:20:18.786+0000] {processor.py:830} INFO - Processing file /home/airflow/.local/lib/python3.8/site-packages/airflow/example_dags/example_kubernetes_executor.py for tasks to queue
[2026-05-19T19:20:18.802+0000] {logging_mixin.py:188} INFO - [2026-05-19T19:20:18.801+0000] {dagbag.py:540} INFO - Filling up the DagBag from /home/airflow/.local/lib/python3.8/site-packages/airflow/example_dags/example_kubernetes_executor.py
[2026-05-19T19:20:18.846+0000] {processor.py:840} INFO - DAG(s) 'example_kubernetes_executor' retrieved from /home/airflow/.local/lib/python3.8/site-packages/airflow/example_dags/example_kubernetes_executor.py
[2026-05-19T19:20:18.912+0000] {logging_mixin.py:188} INFO - [2026-05-19T19:20:18.912+0000] {dag.py:3047} INFO - Sync 1 DAGs
[2026-05-19T19:20:18.929+0000] {logging_mixin.py:188} INFO - [2026-05-19T19:20:18.928+0000] {dag.py:3834} INFO - Setting next_dagrun for example_kubernetes_executor to None, run_after=None
[2026-05-19T19:20:18.961+0000] {processor.py:183} INFO - Processing /home/airflow/.local/lib/python3.8/site-packages/airflow/example_dags/example_kubernetes_executor.py took 0.198 seconds
[2026-05-19T19:20:49.219+0000] {processor.py:161} INFO - Started process (PID=8310) to work on /home/airflow/.local/lib/python3.8/site-packages/airflow/example_dags/example_kubernetes_executor.py
[2026-05-19T19:20:49.221+0000] {processor.py:830} INFO - Processing file /home/airflow/.local/lib/python3.8/site-packages/airflow/example_dags/example_kubernetes_executor.py for tasks to queue
[2026-05-19T19:20:49.225+0000] {logging_mixin.py:188} INFO - [2026-05-19T19:20:49.225+0000] {dagbag.py:540} INFO - Filling up the DagBag from /home/airflow/.local/lib/python3.8/site-packages/airflow/example_dags/example_kubernetes_executor.py
[2026-05-19T19:20:49.262+0000] {processor.py:840} INFO - DAG(s) 'example_kubernetes_executor' retrieved from /home/airflow/.local/lib/python3.8/site-packages/airflow/example_dags/example_kubernetes_executor.py
[2026-05-19T19:20:49.362+0000] {logging_mixin.py:188} INFO - [2026-05-19T19:20:49.361+0000] {dag.py:3047} INFO - Sync 1 DAGs
[2026-05-19T19:20:49.377+0000] {logging_mixin.py:188} INFO - [2026-05-19T19:20:49.376+0000] {dag.py:3834} INFO - Setting next_dagrun for example_kubernetes_executor to None, run_after=None
[2026-05-19T19:20:49.413+0000] {processor.py:183} INFO - Processing /home/airflow/.local/lib/python3.8/site-packages/airflow/example_dags/example_kubernetes_executor.py took 0.200 seconds
[2026-05-19T19:21:19.773+0000] {processor.py:161} INFO - Started process (PID=8366) to work on /home/airflow/.local/lib/python3.8/site-packages/airflow/example_dags/example_kubernetes_executor.py
[2026-05-19T19:21:19.775+0000] {processor.py:830} INFO - Processing file /home/airflow/.local/lib/python3.8/site-packages/airflow/example_dags/example_kubernetes_executor.py for tasks to queue
[2026-05-19T19:21:19.777+0000] {logging_mixin.py:188} INFO - [2026-05-19T19:21:19.777+0000] {dagbag.py:540} INFO - Filling up the DagBag from /home/airflow/.local/lib/python3.8/site-packages/airflow/example_dags/example_kubernetes_executor.py
[2026-05-19T19:21:19.788+0000] {processor.py:840} INFO - DAG(s) 'example_kubernetes_executor' retrieved from /home/airflow/.local/lib/python3.8/site-packages/airflow/example_dags/example_kubernetes_executor.py
[2026-05-19T19:21:19.824+0000] {logging_mixin.py:188} INFO - [2026-05-19T19:21:19.824+0000] {dag.py:3047} INFO - Sync 1 DAGs
[2026-05-19T19:21:19.838+0000] {logging_mixin.py:188} INFO - [2026-05-19T19:21:19.838+0000] {dag.py:3834} INFO - Setting next_dagrun for example_kubernetes_executor to None, run_after=None
[2026-05-19T19:21:19.854+0000] {processor.py:183} INFO - Processing /home/airflow/.local/lib/python3.8/site-packages/airflow/example_dags/example_kubernetes_executor.py took 0.084 seconds
[2026-05-19T19:21:50.142+0000] {processor.py:161} INFO - Started process (PID=8419) to work on /home/airflow/.local/lib/python3.8/site-packages/airflow/example_dags/example_kubernetes_executor.py
[2026-05-19T19:21:50.146+0000] {processor.py:830} INFO - Processing file /home/airflow/.local/lib/python3.8/site-packages/airflow/example_dags/example_kubernetes_executor.py for tasks to queue
[2026-05-19T19:21:50.153+0000] {logging_mixin.py:188} INFO - [2026-05-19T19:21:50.152+0000] {dagbag.py:540} INFO - Filling up the DagBag from /home/airflow/.local/lib/python3.8/site-packages/airflow/example_dags/example_kubernetes_executor.py
[2026-05-19T19:21:50.199+0000] {processor.py:840} INFO - DAG(s) 'example_kubernetes_executor' retrieved from /home/airflow/.local/lib/python3.8/site-packages/airflow/example_dags/example_kubernetes_executor.py
[2026-05-19T19:21:50.326+0000] {logging_mixin.py:188} INFO - [2026-05-19T19:21:50.325+0000] {dag.py:3047} INFO - Sync 1 DAGs
[2026-05-19T19:21:50.355+0000] {logging_mixin.py:188} INFO - [2026-05-19T19:21:50.354+0000] {dag.py:3834} INFO - Setting next_dagrun for example_kubernetes_executor to None, run_after=None
[2026-05-19T19:21:50.416+0000] {processor.py:183} INFO - Processing /home/airflow/.local/lib/python3.8/site-packages/airflow/example_dags/example_kubernetes_executor.py took 0.285 seconds
[2026-05-19T19:22:20.854+0000] {processor.py:161} INFO - Started process (PID=8474) to work on /home/airflow/.local/lib/python3.8/site-packages/airflow/example_dags/example_kubernetes_executor.py
[2026-05-19T19:22:20.858+0000] {processor.py:830} INFO - Processing file /home/airflow/.local/lib/python3.8/site-packages/airflow/example_dags/example_kubernetes_executor.py for tasks to queue
[2026-05-19T19:22:20.863+0000] {logging_mixin.py:188} INFO - [2026-05-19T19:22:20.862+0000] {dagbag.py:540} INFO - Filling up the DagBag from /home/airflow/.local/lib/python3.8/site-packages/airflow/example_dags/example_kubernetes_executor.py
[2026-05-19T19:22:20.885+0000] {processor.py:840} INFO - DAG(s) 'example_kubernetes_executor' retrieved from /home/airflow/.local/lib/python3.8/site-packages/airflow/example_dags/example_kubernetes_executor.py
[2026-05-19T19:22:20.948+0000] {logging_mixin.py:188} INFO - [2026-05-19T19:22:20.948+0000] {dag.py:3047} INFO - Sync 1 DAGs
[2026-05-19T19:22:20.970+0000] {logging_mixin.py:188} INFO - [2026-05-19T19:22:20.969+0000] {dag.py:3834} INFO - Setting next_dagrun for example_kubernetes_executor to None, run_after=None
[2026-05-19T19:22:21.054+0000] {processor.py:183} INFO - Processing /home/airflow/.local/lib/python3.8/site-packages/airflow/example_dags/example_kubernetes_executor.py took 0.206 seconds
[2026-05-19T19:22:51.484+0000] {processor.py:161} INFO - Started process (PID=8528) to work on /home/airflow/.local/lib/python3.8/site-packages/airflow/example_dags/example_kubernetes_executor.py
[2026-05-19T19:22:51.486+0000] {processor.py:830} INFO - Processing file /home/airflow/.local/lib/python3.8/site-packages/airflow/example_dags/example_kubernetes_executor.py for tasks to queue
[2026-05-19T19:22:51.488+0000] {logging_mixin.py:188} INFO - [2026-05-19T19:22:51.488+0000] {dagbag.py:540} INFO - Filling up the DagBag from /home/airflow/.local/lib/python3.8/site-packages/airflow/example_dags/example_kubernetes_executor.py
[2026-05-19T19:22:51.501+0000] {processor.py:840} INFO - DAG(s) 'example_kubernetes_executor' retrieved from /home/airflow/.local/lib/python3.8/site-packages/airflow/example_dags/example_kubernetes_executor.py
[2026-05-19T19:22:51.544+0000] {logging_mixin.py:188} INFO - [2026-05-19T19:22:51.544+0000] {dag.py:3047} INFO - Sync 1 DAGs
[2026-05-19T19:22:51.556+0000] {logging_mixin.py:188} INFO - [2026-05-19T19:22:51.556+0000] {dag.py:3834} INFO - Setting next_dagrun for example_kubernetes_executor to None, run_after=None
[2026-05-19T19:22:51.580+0000] {processor.py:183} INFO - Processing /home/airflow/.local/lib/python3.8/site-packages/airflow/example_dags/example_kubernetes_executor.py took 0.100 seconds
[2026-05-19T19:23:21.788+0000] {processor.py:161} INFO - Started process (PID=8583) to work on /home/airflow/.local/lib/python3.8/site-packages/airflow/example_dags/example_kubernetes_executor.py
[2026-05-19T19:23:21.790+0000] {processor.py:830} INFO - Processing file /home/airflow/.local/lib/python3.8/site-packages/airflow/example_dags/example_kubernetes_executor.py for tasks to queue
[2026-05-19T19:23:21.792+0000] {logging_mixin.py:188} INFO - [2026-05-19T19:23:21.791+0000] {dagbag.py:540} INFO - Filling up the DagBag from /home/airflow/.local/lib/python3.8/site-packages/airflow/example_dags/example_kubernetes_executor.py
[2026-05-19T19:23:21.803+0000] {processor.py:840} INFO - DAG(s) 'example_kubernetes_executor' retrieved from /home/airflow/.local/lib/python3.8/site-packages/airflow/example_dags/example_kubernetes_executor.py
[2026-05-19T19:23:21.835+0000] {logging_mixin.py:188} INFO - [2026-05-19T19:23:21.835+0000] {dag.py:3047} INFO - Sync 1 DAGs
[2026-05-19T19:23:21.844+0000] {logging_mixin.py:188} INFO - [2026-05-19T19:23:21.844+0000] {dag.py:3834} INFO - Setting next_dagrun for example_kubernetes_executor to None, run_after=None
[2026-05-19T19:23:21.862+0000] {processor.py:183} INFO - Processing /home/airflow/.local/lib/python3.8/site-packages/airflow/example_dags/example_kubernetes_executor.py took 0.076 seconds
[2026-05-19T19:23:52.004+0000] {processor.py:161} INFO - Started process (PID=8638) to work on /home/airflow/.local/lib/python3.8/site-packages/airflow/example_dags/example_kubernetes_executor.py
[2026-05-19T19:23:52.007+0000] {processor.py:830} INFO - Processing file /home/airflow/.local/lib/python3.8/site-packages/airflow/example_dags/example_kubernetes_executor.py for tasks to queue
[2026-05-19T19:23:52.014+0000] {logging_mixin.py:188} INFO - [2026-05-19T19:23:52.013+0000] {dagbag.py:540} INFO - Filling up the DagBag from /home/airflow/.local/lib/python3.8/site-packages/airflow/example_dags/example_kubernetes_executor.py
[2026-05-19T19:23:52.067+0000] {processor.py:840} INFO - DAG(s) 'example_kubernetes_executor' retrieved from /home/airflow/.local/lib/python3.8/site-packages/airflow/example_dags/example_kubernetes_executor.py
[2026-05-19T19:23:52.171+0000] {logging_mixin.py:188} INFO - [2026-05-19T19:23:52.171+0000] {dag.py:3047} INFO - Sync 1 DAGs
[2026-05-19T19:23:52.201+0000] {logging_mixin.py:188} INFO - [2026-05-19T19:23:52.199+0000] {dag.py:3834} INFO - Setting next_dagrun for example_kubernetes_executor to None, run_after=None
[2026-05-19T19:23:52.256+0000] {processor.py:183} INFO - Processing /home/airflow/.local/lib/python3.8/site-packages/airflow/example_dags/example_kubernetes_executor.py took 0.261 seconds
[2026-05-19T19:24:23.124+0000] {processor.py:161} INFO - Started process (PID=8693) to work on /home/airflow/.local/lib/python3.8/site-packages/airflow/example_dags/example_kubernetes_executor.py
[2026-05-19T19:24:23.126+0000] {processor.py:830} INFO - Processing file /home/airflow/.local/lib/python3.8/site-packages/airflow/example_dags/example_kubernetes_executor.py for tasks to queue
[2026-05-19T19:24:23.130+0000] {logging_mixin.py:188} INFO - [2026-05-19T19:24:23.130+0000] {dagbag.py:540} INFO - Filling up the DagBag from /home/airflow/.local/lib/python3.8/site-packages/airflow/example_dags/example_kubernetes_executor.py
[2026-05-19T19:24:23.184+0000] {processor.py:840} INFO - DAG(s) 'example_kubernetes_executor' retrieved from /home/airflow/.local/lib/python3.8/site-packages/airflow/example_dags/example_kubernetes_executor.py
[2026-05-19T19:24:23.429+0000] {logging_mixin.py:188} INFO - [2026-05-19T19:24:23.428+0000] {dag.py:3047} INFO - Sync 1 DAGs
[2026-05-19T19:24:23.502+0000] {logging_mixin.py:188} INFO - [2026-05-19T19:24:23.501+0000] {dag.py:3834} INFO - Setting next_dagrun for example_kubernetes_executor to None, run_after=None
[2026-05-19T19:24:23.613+0000] {processor.py:183} INFO - Processing /home/airflow/.local/lib/python3.8/site-packages/airflow/example_dags/example_kubernetes_executor.py took 0.495 seconds
[2026-05-19T19:24:54.212+0000] {processor.py:161} INFO - Started process (PID=8748) to work on /home/airflow/.local/lib/python3.8/site-packages/airflow/example_dags/example_kubernetes_executor.py
[2026-05-19T19:24:54.215+0000] {processor.py:830} INFO - Processing file /home/airflow/.local/lib/python3.8/site-packages/airflow/example_dags/example_kubernetes_executor.py for tasks to queue
[2026-05-19T19:24:54.222+0000] {logging_mixin.py:188} INFO - [2026-05-19T19:24:54.221+0000] {dagbag.py:540} INFO - Filling up the DagBag from /home/airflow/.local/lib/python3.8/site-packages/airflow/example_dags/example_kubernetes_executor.py
[2026-05-19T19:24:54.279+0000] {processor.py:840} INFO - DAG(s) 'example_kubernetes_executor' retrieved from /home/airflow/.local/lib/python3.8/site-packages/airflow/example_dags/example_kubernetes_executor.py
[2026-05-19T19:24:54.432+0000] {logging_mixin.py:188} INFO - [2026-05-19T19:24:54.431+0000] {dag.py:3047} INFO - Sync 1 DAGs
[2026-05-19T19:24:54.467+0000] {logging_mixin.py:188} INFO - [2026-05-19T19:24:54.466+0000] {dag.py:3834} INFO - Setting next_dagrun for example_kubernetes_executor to None, run_after=None
[2026-05-19T19:24:54.517+0000] {processor.py:183} INFO - Processing /home/airflow/.local/lib/python3.8/site-packages/airflow/example_dags/example_kubernetes_executor.py took 0.315 seconds
[2026-05-19T19:25:24.973+0000] {processor.py:161} INFO - Started process (PID=8803) to work on /home/airflow/.local/lib/python3.8/site-packages/airflow/example_dags/example_kubernetes_executor.py
[2026-05-19T19:25:24.978+0000] {processor.py:830} INFO - Processing file /home/airflow/.local/lib/python3.8/site-packages/airflow/example_dags/example_kubernetes_executor.py for tasks to queue
[2026-05-19T19:25:24.982+0000] {logging_mixin.py:188} INFO - [2026-05-19T19:25:24.981+0000] {dagbag.py:540} INFO - Filling up the DagBag from /home/airflow/.local/lib/python3.8/site-packages/airflow/example_dags/example_kubernetes_executor.py
[2026-05-19T19:25:25.022+0000] {processor.py:840} INFO - DAG(s) 'example_kubernetes_executor' retrieved from /home/airflow/.local/lib/python3.8/site-packages/airflow/example_dags/example_kubernetes_executor.py
[2026-05-19T19:25:25.227+0000] {logging_mixin.py:188} INFO - [2026-05-19T19:25:25.226+0000] {dag.py:3047} INFO - Sync 1 DAGs
[2026-05-19T19:25:25.299+0000] {logging_mixin.py:188} INFO - [2026-05-19T19:25:25.298+0000] {dag.py:3834} INFO - Setting next_dagrun for example_kubernetes_executor to None, run_after=None
[2026-05-19T19:25:25.359+0000] {processor.py:183} INFO - Processing /home/airflow/.local/lib/python3.8/site-packages/airflow/example_dags/example_kubernetes_executor.py took 0.397 seconds
[2026-05-19T19:25:55.765+0000] {processor.py:161} INFO - Started process (PID=8858) to work on /home/airflow/.local/lib/python3.8/site-packages/airflow/example_dags/example_kubernetes_executor.py
[2026-05-19T19:25:55.768+0000] {processor.py:830} INFO - Processing file /home/airflow/.local/lib/python3.8/site-packages/airflow/example_dags/example_kubernetes_executor.py for tasks to queue
[2026-05-19T19:25:55.774+0000] {logging_mixin.py:188} INFO - [2026-05-19T19:25:55.773+0000] {dagbag.py:540} INFO - Filling up the DagBag from /home/airflow/.local/lib/python3.8/site-packages/airflow/example_dags/example_kubernetes_executor.py
[2026-05-19T19:25:55.815+0000] {processor.py:840} INFO - DAG(s) 'example_kubernetes_executor' retrieved from /home/airflow/.local/lib/python3.8/site-packages/airflow/example_dags/example_kubernetes_executor.py
[2026-05-19T19:25:55.950+0000] {logging_mixin.py:188} INFO - [2026-05-19T19:25:55.949+0000] {dag.py:3047} INFO - Sync 1 DAGs
[2026-05-19T19:25:55.977+0000] {logging_mixin.py:188} INFO - [2026-05-19T19:25:55.976+0000] {dag.py:3834} INFO - Setting next_dagrun for example_kubernetes_executor to None, run_after=None
[2026-05-19T19:25:56.025+0000] {processor.py:183} INFO - Processing /home/airflow/.local/lib/python3.8/site-packages/airflow/example_dags/example_kubernetes_executor.py took 0.267 seconds
[2026-05-19T19:26:26.660+0000] {processor.py:161} INFO - Started process (PID=8913) to work on /home/airflow/.local/lib/python3.8/site-packages/airflow/example_dags/example_kubernetes_executor.py
[2026-05-19T19:26:26.662+0000] {processor.py:830} INFO - Processing file /home/airflow/.local/lib/python3.8/site-packages/airflow/example_dags/example_kubernetes_executor.py for tasks to queue
[2026-05-19T19:26:26.666+0000] {logging_mixin.py:188} INFO - [2026-05-19T19:26:26.666+0000] {dagbag.py:540} INFO - Filling up the DagBag from /home/airflow/.local/lib/python3.8/site-packages/airflow/example_dags/example_kubernetes_executor.py
[2026-05-19T19:26:26.682+0000] {processor.py:840} INFO - DAG(s) 'example_kubernetes_executor' retrieved from /home/airflow/.local/lib/python3.8/site-packages/airflow/example_dags/example_kubernetes_executor.py
[2026-05-19T19:26:26.736+0000] {logging_mixin.py:188} INFO - [2026-05-19T19:26:26.736+0000] {dag.py:3047} INFO - Sync 1 DAGs
[2026-05-19T19:26:26.750+0000] {logging_mixin.py:188} INFO - [2026-05-19T19:26:26.749+0000] {dag.py:3834} INFO - Setting next_dagrun for example_kubernetes_executor to None, run_after=None
[2026-05-19T19:26:26.772+0000] {processor.py:183} INFO - Processing /home/airflow/.local/lib/python3.8/site-packages/airflow/example_dags/example_kubernetes_executor.py took 0.118 seconds
[2026-05-19T19:26:57.324+0000] {processor.py:161} INFO - Started process (PID=8968) to work on /home/airflow/.local/lib/python3.8/site-packages/airflow/example_dags/example_kubernetes_executor.py
[2026-05-19T19:26:57.326+0000] {processor.py:830} INFO - Processing file /home/airflow/.local/lib/python3.8/site-packages/airflow/example_dags/example_kubernetes_executor.py for tasks to queue
[2026-05-19T19:26:57.328+0000] {logging_mixin.py:188} INFO - [2026-05-19T19:26:57.327+0000] {dagbag.py:540} INFO - Filling up the DagBag from /home/airflow/.local/lib/python3.8/site-packages/airflow/example_dags/example_kubernetes_executor.py
[2026-05-19T19:26:57.338+0000] {processor.py:840} INFO - DAG(s) 'example_kubernetes_executor' retrieved from /home/airflow/.local/lib/python3.8/site-packages/airflow/example_dags/example_kubernetes_executor.py
[2026-05-19T19:26:57.379+0000] {logging_mixin.py:188} INFO - [2026-05-19T19:26:57.378+0000] {dag.py:3047} INFO - Sync 1 DAGs
[2026-05-19T19:26:57.395+0000] {logging_mixin.py:188} INFO - [2026-05-19T19:26:57.394+0000] {dag.py:3834} INFO - Setting next_dagrun for example_kubernetes_executor to None, run_after=None
[2026-05-19T19:26:57.423+0000] {processor.py:183} INFO - Processing /home/airflow/.local/lib/python3.8/site-packages/airflow/example_dags/example_kubernetes_executor.py took 0.103 seconds
[2026-05-19T19:27:28.106+0000] {processor.py:161} INFO - Started process (PID=9023) to work on /home/airflow/.local/lib/python3.8/site-packages/airflow/example_dags/example_kubernetes_executor.py
[2026-05-19T19:27:28.108+0000] {processor.py:830} INFO - Processing file /home/airflow/.local/lib/python3.8/site-packages/airflow/example_dags/example_kubernetes_executor.py for tasks to queue
[2026-05-19T19:27:28.112+0000] {logging_mixin.py:188} INFO - [2026-05-19T19:27:28.111+0000] {dagbag.py:540} INFO - Filling up the DagBag from /home/airflow/.local/lib/python3.8/site-packages/airflow/example_dags/example_kubernetes_executor.py
[2026-05-19T19:27:28.133+0000] {processor.py:840} INFO - DAG(s) 'example_kubernetes_executor' retrieved from /home/airflow/.local/lib/python3.8/site-packages/airflow/example_dags/example_kubernetes_executor.py
[2026-05-19T19:27:28.195+0000] {logging_mixin.py:188} INFO - [2026-05-19T19:27:28.195+0000] {dag.py:3047} INFO - Sync 1 DAGs
[2026-05-19T19:27:28.216+0000] {logging_mixin.py:188} INFO - [2026-05-19T19:27:28.216+0000] {dag.py:3834} INFO - Setting next_dagrun for example_kubernetes_executor to None, run_after=None
[2026-05-19T19:27:28.244+0000] {processor.py:183} INFO - Processing /home/airflow/.local/lib/python3.8/site-packages/airflow/example_dags/example_kubernetes_executor.py took 0.142 seconds
[2026-05-19T19:27:58.829+0000] {processor.py:161} INFO - Started process (PID=9078) to work on /home/airflow/.local/lib/python3.8/site-packages/airflow/example_dags/example_kubernetes_executor.py
[2026-05-19T19:27:58.831+0000] {processor.py:830} INFO - Processing file /home/airflow/.local/lib/python3.8/site-packages/airflow/example_dags/example_kubernetes_executor.py for tasks to queue
[2026-05-19T19:27:58.835+0000] {logging_mixin.py:188} INFO - [2026-05-19T19:27:58.834+0000] {dagbag.py:540} INFO - Filling up the DagBag from /home/airflow/.local/lib/python3.8/site-packages/airflow/example_dags/example_kubernetes_executor.py
[2026-05-19T19:27:58.857+0000] {processor.py:840} INFO - DAG(s) 'example_kubernetes_executor' retrieved from /home/airflow/.local/lib/python3.8/site-packages/airflow/example_dags/example_kubernetes_executor.py
[2026-05-19T19:27:58.940+0000] {logging_mixin.py:188} INFO - [2026-05-19T19:27:58.939+0000] {dag.py:3047} INFO - Sync 1 DAGs
[2026-05-19T19:27:58.960+0000] {logging_mixin.py:188} INFO - [2026-05-19T19:27:58.960+0000] {dag.py:3834} INFO - Setting next_dagrun for example_kubernetes_executor to None, run_after=None
[2026-05-19T19:27:59.004+0000] {processor.py:183} INFO - Processing /home/airflow/.local/lib/python3.8/site-packages/airflow/example_dags/example_kubernetes_executor.py took 0.182 seconds
[2026-05-19T19:28:29.601+0000] {processor.py:161} INFO - Started process (PID=9133) to work on /home/airflow/.local/lib/python3.8/site-packages/airflow/example_dags/example_kubernetes_executor.py
[2026-05-19T19:28:29.605+0000] {processor.py:830} INFO - Processing file /home/airflow/.local/lib/python3.8/site-packages/airflow/example_dags/example_kubernetes_executor.py for tasks to queue
[2026-05-19T19:28:29.611+0000] {logging_mixin.py:188} INFO - [2026-05-19T19:28:29.610+0000] {dagbag.py:540} INFO - Filling up the DagBag from /home/airflow/.local/lib/python3.8/site-packages/airflow/example_dags/example_kubernetes_executor.py
[2026-05-19T19:28:29.669+0000] {processor.py:840} INFO - DAG(s) 'example_kubernetes_executor' retrieved from /home/airflow/.local/lib/python3.8/site-packages/airflow/example_dags/example_kubernetes_executor.py
[2026-05-19T19:28:29.868+0000] {logging_mixin.py:188} INFO - [2026-05-19T19:28:29.868+0000] {dag.py:3047} INFO - Sync 1 DAGs
[2026-05-19T19:28:29.937+0000] {logging_mixin.py:188} INFO - [2026-05-19T19:28:29.936+0000] {dag.py:3834} INFO - Setting next_dagrun for example_kubernetes_executor to None, run_after=None
[2026-05-19T19:28:29.984+0000] {processor.py:183} INFO - Processing /home/airflow/.local/lib/python3.8/site-packages/airflow/example_dags/example_kubernetes_executor.py took 0.390 seconds
[2026-05-19T19:29:00.171+0000] {processor.py:161} INFO - Started process (PID=9188) to work on /home/airflow/.local/lib/python3.8/site-packages/airflow/example_dags/example_kubernetes_executor.py
[2026-05-19T19:29:00.174+0000] {processor.py:830} INFO - Processing file /home/airflow/.local/lib/python3.8/site-packages/airflow/example_dags/example_kubernetes_executor.py for tasks to queue
[2026-05-19T19:29:00.178+0000] {logging_mixin.py:188} INFO - [2026-05-19T19:29:00.177+0000] {dagbag.py:540} INFO - Filling up the DagBag from /home/airflow/.local/lib/python3.8/site-packages/airflow/example_dags/example_kubernetes_executor.py
[2026-05-19T19:29:00.207+0000] {processor.py:840} INFO - DAG(s) 'example_kubernetes_executor' retrieved from /home/airflow/.local/lib/python3.8/site-packages/airflow/example_dags/example_kubernetes_executor.py
[2026-05-19T19:29:00.288+0000] {logging_mixin.py:188} INFO - [2026-05-19T19:29:00.288+0000] {dag.py:3047} INFO - Sync 1 DAGs
[2026-05-19T19:29:00.318+0000] {logging_mixin.py:188} INFO - [2026-05-19T19:29:00.317+0000] {dag.py:3834} INFO - Setting next_dagrun for example_kubernetes_executor to None, run_after=None
[2026-05-19T19:29:00.377+0000] {processor.py:183} INFO - Processing /home/airflow/.local/lib/python3.8/site-packages/airflow/example_dags/example_kubernetes_executor.py took 0.211 seconds
[2026-05-19T19:29:31.291+0000] {processor.py:161} INFO - Started process (PID=9243) to work on /home/airflow/.local/lib/python3.8/site-packages/airflow/example_dags/example_kubernetes_executor.py
[2026-05-19T19:29:31.294+0000] {processor.py:830} INFO - Processing file /home/airflow/.local/lib/python3.8/site-packages/airflow/example_dags/example_kubernetes_executor.py for tasks to queue
[2026-05-19T19:29:31.299+0000] {logging_mixin.py:188} INFO - [2026-05-19T19:29:31.298+0000] {dagbag.py:540} INFO - Filling up the DagBag from /home/airflow/.local/lib/python3.8/site-packages/airflow/example_dags/example_kubernetes_executor.py
[2026-05-19T19:29:31.327+0000] {processor.py:840} INFO - DAG(s) 'example_kubernetes_executor' retrieved from /home/airflow/.local/lib/python3.8/site-packages/airflow/example_dags/example_kubernetes_executor.py
[2026-05-19T19:29:31.421+0000] {logging_mixin.py:188} INFO - [2026-05-19T19:29:31.421+0000] {dag.py:3047} INFO - Sync 1 DAGs
[2026-05-19T19:29:31.446+0000] {logging_mixin.py:188} INFO - [2026-05-19T19:29:31.446+0000] {dag.py:3834} INFO - Setting next_dagrun for example_kubernetes_executor to None, run_after=None
[2026-05-19T19:29:31.483+0000] {processor.py:183} INFO - Processing /home/airflow/.local/lib/python3.8/site-packages/airflow/example_dags/example_kubernetes_executor.py took 0.199 seconds
[2026-05-19T19:30:02.288+0000] {processor.py:161} INFO - Started process (PID=9298) to work on /home/airflow/.local/lib/python3.8/site-packages/airflow/example_dags/example_kubernetes_executor.py
[2026-05-19T19:30:02.291+0000] {processor.py:830} INFO - Processing file /home/airflow/.local/lib/python3.8/site-packages/airflow/example_dags/example_kubernetes_executor.py for tasks to queue
[2026-05-19T19:30:02.297+0000] {logging_mixin.py:188} INFO - [2026-05-19T19:30:02.296+0000] {dagbag.py:540} INFO - Filling up the DagBag from /home/airflow/.local/lib/python3.8/site-packages/airflow/example_dags/example_kubernetes_executor.py
[2026-05-19T19:30:02.361+0000] {processor.py:840} INFO - DAG(s) 'example_kubernetes_executor' retrieved from /home/airflow/.local/lib/python3.8/site-packages/airflow/example_dags/example_kubernetes_executor.py
[2026-05-19T19:30:02.521+0000] {logging_mixin.py:188} INFO - [2026-05-19T19:30:02.521+0000] {dag.py:3047} INFO - Sync 1 DAGs
[2026-05-19T19:30:02.566+0000] {logging_mixin.py:188} INFO - [2026-05-19T19:30:02.565+0000] {dag.py:3834} INFO - Setting next_dagrun for example_kubernetes_executor to None, run_after=None
[2026-05-19T19:30:02.640+0000] {processor.py:183} INFO - Processing /home/airflow/.local/lib/python3.8/site-packages/airflow/example_dags/example_kubernetes_executor.py took 0.366 seconds
[2026-05-19T19:30:33.182+0000] {processor.py:161} INFO - Started process (PID=9353) to work on /home/airflow/.local/lib/python3.8/site-packages/airflow/example_dags/example_kubernetes_executor.py
[2026-05-19T19:30:33.184+0000] {processor.py:830} INFO - Processing file /home/airflow/.local/lib/python3.8/site-packages/airflow/example_dags/example_kubernetes_executor.py for tasks to queue
[2026-05-19T19:30:33.187+0000] {logging_mixin.py:188} INFO - [2026-05-19T19:30:33.186+0000] {dagbag.py:540} INFO - Filling up the DagBag from /home/airflow/.local/lib/python3.8/site-packages/airflow/example_dags/example_kubernetes_executor.py
[2026-05-19T19:30:33.208+0000] {processor.py:840} INFO - DAG(s) 'example_kubernetes_executor' retrieved from /home/airflow/.local/lib/python3.8/site-packages/airflow/example_dags/example_kubernetes_executor.py
[2026-05-19T19:30:33.261+0000] {logging_mixin.py:188} INFO - [2026-05-19T19:30:33.261+0000] {dag.py:3047} INFO - Sync 1 DAGs
[2026-05-19T19:30:33.278+0000] {logging_mixin.py:188} INFO - [2026-05-19T19:30:33.278+0000] {dag.py:3834} INFO - Setting next_dagrun for example_kubernetes_executor to None, run_after=None
[2026-05-19T19:30:33.311+0000] {processor.py:183} INFO - Processing /home/airflow/.local/lib/python3.8/site-packages/airflow/example_dags/example_kubernetes_executor.py took 0.136 seconds
[2026-05-19T19:31:04.074+0000] {processor.py:161} INFO - Started process (PID=9408) to work on /home/airflow/.local/lib/python3.8/site-packages/airflow/example_dags/example_kubernetes_executor.py
[2026-05-19T19:31:04.077+0000] {processor.py:830} INFO - Processing file /home/airflow/.local/lib/python3.8/site-packages/airflow/example_dags/example_kubernetes_executor.py for tasks to queue
[2026-05-19T19:31:04.082+0000] {logging_mixin.py:188} INFO - [2026-05-19T19:31:04.081+0000] {dagbag.py:540} INFO - Filling up the DagBag from /home/airflow/.local/lib/python3.8/site-packages/airflow/example_dags/example_kubernetes_executor.py
[2026-05-19T19:31:04.114+0000] {processor.py:840} INFO - DAG(s) 'example_kubernetes_executor' retrieved from /home/airflow/.local/lib/python3.8/site-packages/airflow/example_dags/example_kubernetes_executor.py
[2026-05-19T19:31:04.197+0000] {logging_mixin.py:188} INFO - [2026-05-19T19:31:04.196+0000] {dag.py:3047} INFO - Sync 1 DAGs
[2026-05-19T19:31:04.226+0000] {logging_mixin.py:188} INFO - [2026-05-19T19:31:04.225+0000] {dag.py:3834} INFO - Setting next_dagrun for example_kubernetes_executor to None, run_after=None
[2026-05-19T19:31:04.278+0000] {processor.py:183} INFO - Processing /home/airflow/.local/lib/python3.8/site-packages/airflow/example_dags/example_kubernetes_executor.py took 0.214 seconds
[2026-05-19T19:31:34.648+0000] {processor.py:161} INFO - Started process (PID=9463) to work on /home/airflow/.local/lib/python3.8/site-packages/airflow/example_dags/example_kubernetes_executor.py
[2026-05-19T19:31:34.650+0000] {processor.py:830} INFO - Processing file /home/airflow/.local/lib/python3.8/site-packages/airflow/example_dags/example_kubernetes_executor.py for tasks to queue
[2026-05-19T19:31:34.654+0000] {logging_mixin.py:188} INFO - [2026-05-19T19:31:34.654+0000] {dagbag.py:540} INFO - Filling up the DagBag from /home/airflow/.local/lib/python3.8/site-packages/airflow/example_dags/example_kubernetes_executor.py
[2026-05-19T19:31:34.669+0000] {processor.py:840} INFO - DAG(s) 'example_kubernetes_executor' retrieved from /home/airflow/.local/lib/python3.8/site-packages/airflow/example_dags/example_kubernetes_executor.py
[2026-05-19T19:31:34.713+0000] {logging_mixin.py:188} INFO - [2026-05-19T19:31:34.713+0000] {dag.py:3047} INFO - Sync 1 DAGs
[2026-05-19T19:31:34.730+0000] {logging_mixin.py:188} INFO - [2026-05-19T19:31:34.729+0000] {dag.py:3834} INFO - Setting next_dagrun for example_kubernetes_executor to None, run_after=None
[2026-05-19T19:31:34.757+0000] {processor.py:183} INFO - Processing /home/airflow/.local/lib/python3.8/site-packages/airflow/example_dags/example_kubernetes_executor.py took 0.117 seconds
[2026-05-19T19:32:04.965+0000] {processor.py:161} INFO - Started process (PID=9518) to work on /home/airflow/.local/lib/python3.8/site-packages/airflow/example_dags/example_kubernetes_executor.py
[2026-05-19T19:32:04.968+0000] {processor.py:830} INFO - Processing file /home/airflow/.local/lib/python3.8/site-packages/airflow/example_dags/example_kubernetes_executor.py for tasks to queue
[2026-05-19T19:32:04.970+0000] {logging_mixin.py:188} INFO - [2026-05-19T19:32:04.970+0000] {dagbag.py:540} INFO - Filling up the DagBag from /home/airflow/.local/lib/python3.8/site-packages/airflow/example_dags/example_kubernetes_executor.py
[2026-05-19T19:32:05.005+0000] {processor.py:840} INFO - DAG(s) 'example_kubernetes_executor' retrieved from /home/airflow/.local/lib/python3.8/site-packages/airflow/example_dags/example_kubernetes_executor.py
[2026-05-19T19:32:05.082+0000] {logging_mixin.py:188} INFO - [2026-05-19T19:32:05.082+0000] {dag.py:3047} INFO - Sync 1 DAGs
[2026-05-19T19:32:05.098+0000] {logging_mixin.py:188} INFO - [2026-05-19T19:32:05.098+0000] {dag.py:3834} INFO - Setting next_dagrun for example_kubernetes_executor to None, run_after=None
[2026-05-19T19:32:05.131+0000] {processor.py:183} INFO - Processing /home/airflow/.local/lib/python3.8/site-packages/airflow/example_dags/example_kubernetes_executor.py took 0.169 seconds
[2026-05-19T19:32:35.640+0000] {processor.py:161} INFO - Started process (PID=9573) to work on /home/airflow/.local/lib/python3.8/site-packages/airflow/example_dags/example_kubernetes_executor.py
[2026-05-19T19:32:35.643+0000] {processor.py:830} INFO - Processing file /home/airflow/.local/lib/python3.8/site-packages/airflow/example_dags/example_kubernetes_executor.py for tasks to queue
[2026-05-19T19:32:35.649+0000] {logging_mixin.py:188} INFO - [2026-05-19T19:32:35.648+0000] {dagbag.py:540} INFO - Filling up the DagBag from /home/airflow/.local/lib/python3.8/site-packages/airflow/example_dags/example_kubernetes_executor.py
[2026-05-19T19:32:35.722+0000] {processor.py:840} INFO - DAG(s) 'example_kubernetes_executor' retrieved from /home/airflow/.local/lib/python3.8/site-packages/airflow/example_dags/example_kubernetes_executor.py
[2026-05-19T19:32:35.842+0000] {logging_mixin.py:188} INFO - [2026-05-19T19:32:35.841+0000] {dag.py:3047} INFO - Sync 1 DAGs
[2026-05-19T19:32:35.876+0000] {logging_mixin.py:188} INFO - [2026-05-19T19:32:35.876+0000] {dag.py:3834} INFO - Setting next_dagrun for example_kubernetes_executor to None, run_after=None
[2026-05-19T19:32:35.976+0000] {processor.py:183} INFO - Processing /home/airflow/.local/lib/python3.8/site-packages/airflow/example_dags/example_kubernetes_executor.py took 0.342 seconds
[2026-05-19T19:33:06.632+0000] {processor.py:161} INFO - Started process (PID=9629) to work on /home/airflow/.local/lib/python3.8/site-packages/airflow/example_dags/example_kubernetes_executor.py
[2026-05-19T19:33:06.634+0000] {processor.py:830} INFO - Processing file /home/airflow/.local/lib/python3.8/site-packages/airflow/example_dags/example_kubernetes_executor.py for tasks to queue
[2026-05-19T19:33:06.638+0000] {logging_mixin.py:188} INFO - [2026-05-19T19:33:06.637+0000] {dagbag.py:540} INFO - Filling up the DagBag from /home/airflow/.local/lib/python3.8/site-packages/airflow/example_dags/example_kubernetes_executor.py
[2026-05-19T19:33:06.664+0000] {processor.py:840} INFO - DAG(s) 'example_kubernetes_executor' retrieved from /home/airflow/.local/lib/python3.8/site-packages/airflow/example_dags/example_kubernetes_executor.py
[2026-05-19T19:33:06.726+0000] {logging_mixin.py:188} INFO - [2026-05-19T19:33:06.726+0000] {dag.py:3047} INFO - Sync 1 DAGs
[2026-05-19T19:33:06.746+0000] {logging_mixin.py:188} INFO - [2026-05-19T19:33:06.745+0000] {dag.py:3834} INFO - Setting next_dagrun for example_kubernetes_executor to None, run_after=None
[2026-05-19T19:33:06.782+0000] {processor.py:183} INFO - Processing /home/airflow/.local/lib/python3.8/site-packages/airflow/example_dags/example_kubernetes_executor.py took 0.155 seconds
[2026-05-19T19:33:37.449+0000] {processor.py:161} INFO - Started process (PID=9683) to work on /home/airflow/.local/lib/python3.8/site-packages/airflow/example_dags/example_kubernetes_executor.py
[2026-05-19T19:33:37.452+0000] {processor.py:830} INFO - Processing file /home/airflow/.local/lib/python3.8/site-packages/airflow/example_dags/example_kubernetes_executor.py for tasks to queue
[2026-05-19T19:33:37.457+0000] {logging_mixin.py:188} INFO - [2026-05-19T19:33:37.456+0000] {dagbag.py:540} INFO - Filling up the DagBag from /home/airflow/.local/lib/python3.8/site-packages/airflow/example_dags/example_kubernetes_executor.py
[2026-05-19T19:33:37.479+0000] {processor.py:840} INFO - DAG(s) 'example_kubernetes_executor' retrieved from /home/airflow/.local/lib/python3.8/site-packages/airflow/example_dags/example_kubernetes_executor.py
[2026-05-19T19:33:37.552+0000] {logging_mixin.py:188} INFO - [2026-05-19T19:33:37.551+0000] {dag.py:3047} INFO - Sync 1 DAGs
[2026-05-19T19:33:37.572+0000] {logging_mixin.py:188} INFO - [2026-05-19T19:33:37.571+0000] {dag.py:3834} INFO - Setting next_dagrun for example_kubernetes_executor to None, run_after=None
[2026-05-19T19:33:37.614+0000] {processor.py:183} INFO - Processing /home/airflow/.local/lib/python3.8/site-packages/airflow/example_dags/example_kubernetes_executor.py took 0.170 seconds
