[2026-05-19T19:18:21.102+0000] {processor.py:161} INFO - Started process (PID=8060) to work on /home/airflow/.local/lib/python3.8/site-packages/airflow/example_dags/example_complex.py
[2026-05-19T19:18:21.107+0000] {processor.py:830} INFO - Processing file /home/airflow/.local/lib/python3.8/site-packages/airflow/example_dags/example_complex.py for tasks to queue
[2026-05-19T19:18:21.115+0000] {logging_mixin.py:188} INFO - [2026-05-19T19:18:21.114+0000] {dagbag.py:540} INFO - Filling up the DagBag from /home/airflow/.local/lib/python3.8/site-packages/airflow/example_dags/example_complex.py
[2026-05-19T19:18:21.151+0000] {processor.py:840} INFO - DAG(s) 'example_complex' retrieved from /home/airflow/.local/lib/python3.8/site-packages/airflow/example_dags/example_complex.py
[2026-05-19T19:18:21.288+0000] {logging_mixin.py:188} INFO - [2026-05-19T19:18:21.287+0000] {dag.py:3047} INFO - Sync 1 DAGs
[2026-05-19T19:18:21.335+0000] {logging_mixin.py:188} INFO - [2026-05-19T19:18:21.333+0000] {dag.py:3834} INFO - Setting next_dagrun for example_complex to None, run_after=None
[2026-05-19T19:18:21.425+0000] {processor.py:183} INFO - Processing /home/airflow/.local/lib/python3.8/site-packages/airflow/example_dags/example_complex.py took 0.337 seconds
[2026-05-19T19:18:52.092+0000] {processor.py:161} INFO - Started process (PID=8115) to work on /home/airflow/.local/lib/python3.8/site-packages/airflow/example_dags/example_complex.py
[2026-05-19T19:18:52.093+0000] {processor.py:830} INFO - Processing file /home/airflow/.local/lib/python3.8/site-packages/airflow/example_dags/example_complex.py for tasks to queue
[2026-05-19T19:18:52.095+0000] {logging_mixin.py:188} INFO - [2026-05-19T19:18:52.095+0000] {dagbag.py:540} INFO - Filling up the DagBag from /home/airflow/.local/lib/python3.8/site-packages/airflow/example_dags/example_complex.py
[2026-05-19T19:18:52.103+0000] {processor.py:840} INFO - DAG(s) 'example_complex' retrieved from /home/airflow/.local/lib/python3.8/site-packages/airflow/example_dags/example_complex.py
[2026-05-19T19:18:52.141+0000] {logging_mixin.py:188} INFO - [2026-05-19T19:18:52.141+0000] {dag.py:3047} INFO - Sync 1 DAGs
[2026-05-19T19:18:52.156+0000] {logging_mixin.py:188} INFO - [2026-05-19T19:18:52.155+0000] {dag.py:3834} INFO - Setting next_dagrun for example_complex to None, run_after=None
[2026-05-19T19:18:52.181+0000] {processor.py:183} INFO - Processing /home/airflow/.local/lib/python3.8/site-packages/airflow/example_dags/example_complex.py took 0.092 seconds
[2026-05-19T19:19:22.675+0000] {processor.py:161} INFO - Started process (PID=8169) to work on /home/airflow/.local/lib/python3.8/site-packages/airflow/example_dags/example_complex.py
[2026-05-19T19:19:22.676+0000] {processor.py:830} INFO - Processing file /home/airflow/.local/lib/python3.8/site-packages/airflow/example_dags/example_complex.py for tasks to queue
[2026-05-19T19:19:22.678+0000] {logging_mixin.py:188} INFO - [2026-05-19T19:19:22.678+0000] {dagbag.py:540} INFO - Filling up the DagBag from /home/airflow/.local/lib/python3.8/site-packages/airflow/example_dags/example_complex.py
[2026-05-19T19:19:22.687+0000] {processor.py:840} INFO - DAG(s) 'example_complex' retrieved from /home/airflow/.local/lib/python3.8/site-packages/airflow/example_dags/example_complex.py
[2026-05-19T19:19:22.714+0000] {logging_mixin.py:188} INFO - [2026-05-19T19:19:22.714+0000] {dag.py:3047} INFO - Sync 1 DAGs
[2026-05-19T19:19:22.726+0000] {logging_mixin.py:188} INFO - [2026-05-19T19:19:22.725+0000] {dag.py:3834} INFO - Setting next_dagrun for example_complex to None, run_after=None
[2026-05-19T19:19:22.744+0000] {processor.py:183} INFO - Processing /home/airflow/.local/lib/python3.8/site-packages/airflow/example_dags/example_complex.py took 0.072 seconds
[2026-05-19T19:19:53.439+0000] {processor.py:161} INFO - Started process (PID=8225) to work on /home/airflow/.local/lib/python3.8/site-packages/airflow/example_dags/example_complex.py
[2026-05-19T19:19:53.441+0000] {processor.py:830} INFO - Processing file /home/airflow/.local/lib/python3.8/site-packages/airflow/example_dags/example_complex.py for tasks to queue
[2026-05-19T19:19:53.445+0000] {logging_mixin.py:188} INFO - [2026-05-19T19:19:53.444+0000] {dagbag.py:540} INFO - Filling up the DagBag from /home/airflow/.local/lib/python3.8/site-packages/airflow/example_dags/example_complex.py
[2026-05-19T19:19:53.459+0000] {processor.py:840} INFO - DAG(s) 'example_complex' retrieved from /home/airflow/.local/lib/python3.8/site-packages/airflow/example_dags/example_complex.py
[2026-05-19T19:19:53.489+0000] {logging_mixin.py:188} INFO - [2026-05-19T19:19:53.488+0000] {dag.py:3047} INFO - Sync 1 DAGs
[2026-05-19T19:19:53.503+0000] {logging_mixin.py:188} INFO - [2026-05-19T19:19:53.503+0000] {dag.py:3834} INFO - Setting next_dagrun for example_complex to None, run_after=None
[2026-05-19T19:19:53.523+0000] {processor.py:183} INFO - Processing /home/airflow/.local/lib/python3.8/site-packages/airflow/example_dags/example_complex.py took 0.089 seconds
[2026-05-19T19:20:24.458+0000] {processor.py:161} INFO - Started process (PID=8280) to work on /home/airflow/.local/lib/python3.8/site-packages/airflow/example_dags/example_complex.py
[2026-05-19T19:20:24.459+0000] {processor.py:830} INFO - Processing file /home/airflow/.local/lib/python3.8/site-packages/airflow/example_dags/example_complex.py for tasks to queue
[2026-05-19T19:20:24.461+0000] {logging_mixin.py:188} INFO - [2026-05-19T19:20:24.461+0000] {dagbag.py:540} INFO - Filling up the DagBag from /home/airflow/.local/lib/python3.8/site-packages/airflow/example_dags/example_complex.py
[2026-05-19T19:20:24.472+0000] {processor.py:840} INFO - DAG(s) 'example_complex' retrieved from /home/airflow/.local/lib/python3.8/site-packages/airflow/example_dags/example_complex.py
[2026-05-19T19:20:24.501+0000] {logging_mixin.py:188} INFO - [2026-05-19T19:20:24.501+0000] {dag.py:3047} INFO - Sync 1 DAGs
[2026-05-19T19:20:24.514+0000] {logging_mixin.py:188} INFO - [2026-05-19T19:20:24.513+0000] {dag.py:3834} INFO - Setting next_dagrun for example_complex to None, run_after=None
[2026-05-19T19:20:24.543+0000] {processor.py:183} INFO - Processing /home/airflow/.local/lib/python3.8/site-packages/airflow/example_dags/example_complex.py took 0.089 seconds
[2026-05-19T19:20:54.595+0000] {processor.py:161} INFO - Started process (PID=8335) to work on /home/airflow/.local/lib/python3.8/site-packages/airflow/example_dags/example_complex.py
[2026-05-19T19:20:54.596+0000] {processor.py:830} INFO - Processing file /home/airflow/.local/lib/python3.8/site-packages/airflow/example_dags/example_complex.py for tasks to queue
[2026-05-19T19:20:54.598+0000] {logging_mixin.py:188} INFO - [2026-05-19T19:20:54.598+0000] {dagbag.py:540} INFO - Filling up the DagBag from /home/airflow/.local/lib/python3.8/site-packages/airflow/example_dags/example_complex.py
[2026-05-19T19:20:54.606+0000] {processor.py:840} INFO - DAG(s) 'example_complex' retrieved from /home/airflow/.local/lib/python3.8/site-packages/airflow/example_dags/example_complex.py
[2026-05-19T19:20:54.628+0000] {logging_mixin.py:188} INFO - [2026-05-19T19:20:54.628+0000] {dag.py:3047} INFO - Sync 1 DAGs
[2026-05-19T19:20:54.638+0000] {logging_mixin.py:188} INFO - [2026-05-19T19:20:54.638+0000] {dag.py:3834} INFO - Setting next_dagrun for example_complex to None, run_after=None
[2026-05-19T19:20:54.653+0000] {processor.py:183} INFO - Processing /home/airflow/.local/lib/python3.8/site-packages/airflow/example_dags/example_complex.py took 0.061 seconds
[2026-05-19T19:21:25.609+0000] {processor.py:161} INFO - Started process (PID=8391) to work on /home/airflow/.local/lib/python3.8/site-packages/airflow/example_dags/example_complex.py
[2026-05-19T19:21:25.611+0000] {processor.py:830} INFO - Processing file /home/airflow/.local/lib/python3.8/site-packages/airflow/example_dags/example_complex.py for tasks to queue
[2026-05-19T19:21:25.614+0000] {logging_mixin.py:188} INFO - [2026-05-19T19:21:25.613+0000] {dagbag.py:540} INFO - Filling up the DagBag from /home/airflow/.local/lib/python3.8/site-packages/airflow/example_dags/example_complex.py
[2026-05-19T19:21:25.625+0000] {processor.py:840} INFO - DAG(s) 'example_complex' retrieved from /home/airflow/.local/lib/python3.8/site-packages/airflow/example_dags/example_complex.py
[2026-05-19T19:21:25.662+0000] {logging_mixin.py:188} INFO - [2026-05-19T19:21:25.661+0000] {dag.py:3047} INFO - Sync 1 DAGs
[2026-05-19T19:21:25.676+0000] {logging_mixin.py:188} INFO - [2026-05-19T19:21:25.676+0000] {dag.py:3834} INFO - Setting next_dagrun for example_complex to None, run_after=None
[2026-05-19T19:21:25.703+0000] {processor.py:183} INFO - Processing /home/airflow/.local/lib/python3.8/site-packages/airflow/example_dags/example_complex.py took 0.098 seconds
[2026-05-19T19:21:56.307+0000] {processor.py:161} INFO - Started process (PID=8446) to work on /home/airflow/.local/lib/python3.8/site-packages/airflow/example_dags/example_complex.py
[2026-05-19T19:21:56.309+0000] {processor.py:830} INFO - Processing file /home/airflow/.local/lib/python3.8/site-packages/airflow/example_dags/example_complex.py for tasks to queue
[2026-05-19T19:21:56.315+0000] {logging_mixin.py:188} INFO - [2026-05-19T19:21:56.314+0000] {dagbag.py:540} INFO - Filling up the DagBag from /home/airflow/.local/lib/python3.8/site-packages/airflow/example_dags/example_complex.py
[2026-05-19T19:21:56.332+0000] {processor.py:840} INFO - DAG(s) 'example_complex' retrieved from /home/airflow/.local/lib/python3.8/site-packages/airflow/example_dags/example_complex.py
[2026-05-19T19:21:56.372+0000] {logging_mixin.py:188} INFO - [2026-05-19T19:21:56.371+0000] {dag.py:3047} INFO - Sync 1 DAGs
[2026-05-19T19:21:56.389+0000] {logging_mixin.py:188} INFO - [2026-05-19T19:21:56.388+0000] {dag.py:3834} INFO - Setting next_dagrun for example_complex to None, run_after=None
[2026-05-19T19:21:56.420+0000] {processor.py:183} INFO - Processing /home/airflow/.local/lib/python3.8/site-packages/airflow/example_dags/example_complex.py took 0.121 seconds
[2026-05-19T19:22:26.689+0000] {processor.py:161} INFO - Started process (PID=8501) to work on /home/airflow/.local/lib/python3.8/site-packages/airflow/example_dags/example_complex.py
[2026-05-19T19:22:26.691+0000] {processor.py:830} INFO - Processing file /home/airflow/.local/lib/python3.8/site-packages/airflow/example_dags/example_complex.py for tasks to queue
[2026-05-19T19:22:26.696+0000] {logging_mixin.py:188} INFO - [2026-05-19T19:22:26.695+0000] {dagbag.py:540} INFO - Filling up the DagBag from /home/airflow/.local/lib/python3.8/site-packages/airflow/example_dags/example_complex.py
[2026-05-19T19:22:26.716+0000] {processor.py:840} INFO - DAG(s) 'example_complex' retrieved from /home/airflow/.local/lib/python3.8/site-packages/airflow/example_dags/example_complex.py
[2026-05-19T19:22:26.764+0000] {logging_mixin.py:188} INFO - [2026-05-19T19:22:26.764+0000] {dag.py:3047} INFO - Sync 1 DAGs
[2026-05-19T19:22:26.785+0000] {logging_mixin.py:188} INFO - [2026-05-19T19:22:26.785+0000] {dag.py:3834} INFO - Setting next_dagrun for example_complex to None, run_after=None
[2026-05-19T19:22:26.819+0000] {processor.py:183} INFO - Processing /home/airflow/.local/lib/python3.8/site-packages/airflow/example_dags/example_complex.py took 0.136 seconds
[2026-05-19T19:22:57.335+0000] {processor.py:161} INFO - Started process (PID=8555) to work on /home/airflow/.local/lib/python3.8/site-packages/airflow/example_dags/example_complex.py
[2026-05-19T19:22:57.336+0000] {processor.py:830} INFO - Processing file /home/airflow/.local/lib/python3.8/site-packages/airflow/example_dags/example_complex.py for tasks to queue
[2026-05-19T19:22:57.339+0000] {logging_mixin.py:188} INFO - [2026-05-19T19:22:57.339+0000] {dagbag.py:540} INFO - Filling up the DagBag from /home/airflow/.local/lib/python3.8/site-packages/airflow/example_dags/example_complex.py
[2026-05-19T19:22:57.350+0000] {processor.py:840} INFO - DAG(s) 'example_complex' retrieved from /home/airflow/.local/lib/python3.8/site-packages/airflow/example_dags/example_complex.py
[2026-05-19T19:22:57.421+0000] {logging_mixin.py:188} INFO - [2026-05-19T19:22:57.420+0000] {dag.py:3047} INFO - Sync 1 DAGs
[2026-05-19T19:22:57.440+0000] {logging_mixin.py:188} INFO - [2026-05-19T19:22:57.440+0000] {dag.py:3834} INFO - Setting next_dagrun for example_complex to None, run_after=None
[2026-05-19T19:22:57.503+0000] {processor.py:183} INFO - Processing /home/airflow/.local/lib/python3.8/site-packages/airflow/example_dags/example_complex.py took 0.172 seconds
[2026-05-19T19:23:28.059+0000] {processor.py:161} INFO - Started process (PID=8610) to work on /home/airflow/.local/lib/python3.8/site-packages/airflow/example_dags/example_complex.py
[2026-05-19T19:23:28.061+0000] {processor.py:830} INFO - Processing file /home/airflow/.local/lib/python3.8/site-packages/airflow/example_dags/example_complex.py for tasks to queue
[2026-05-19T19:23:28.064+0000] {logging_mixin.py:188} INFO - [2026-05-19T19:23:28.064+0000] {dagbag.py:540} INFO - Filling up the DagBag from /home/airflow/.local/lib/python3.8/site-packages/airflow/example_dags/example_complex.py
[2026-05-19T19:23:28.074+0000] {processor.py:840} INFO - DAG(s) 'example_complex' retrieved from /home/airflow/.local/lib/python3.8/site-packages/airflow/example_dags/example_complex.py
[2026-05-19T19:23:28.106+0000] {logging_mixin.py:188} INFO - [2026-05-19T19:23:28.105+0000] {dag.py:3047} INFO - Sync 1 DAGs
[2026-05-19T19:23:28.120+0000] {logging_mixin.py:188} INFO - [2026-05-19T19:23:28.120+0000] {dag.py:3834} INFO - Setting next_dagrun for example_complex to None, run_after=None
[2026-05-19T19:23:28.147+0000] {processor.py:183} INFO - Processing /home/airflow/.local/lib/python3.8/site-packages/airflow/example_dags/example_complex.py took 0.091 seconds
[2026-05-19T19:23:58.241+0000] {processor.py:161} INFO - Started process (PID=8665) to work on /home/airflow/.local/lib/python3.8/site-packages/airflow/example_dags/example_complex.py
[2026-05-19T19:23:58.242+0000] {processor.py:830} INFO - Processing file /home/airflow/.local/lib/python3.8/site-packages/airflow/example_dags/example_complex.py for tasks to queue
[2026-05-19T19:23:58.244+0000] {logging_mixin.py:188} INFO - [2026-05-19T19:23:58.244+0000] {dagbag.py:540} INFO - Filling up the DagBag from /home/airflow/.local/lib/python3.8/site-packages/airflow/example_dags/example_complex.py
[2026-05-19T19:23:58.253+0000] {processor.py:840} INFO - DAG(s) 'example_complex' retrieved from /home/airflow/.local/lib/python3.8/site-packages/airflow/example_dags/example_complex.py
[2026-05-19T19:23:58.280+0000] {logging_mixin.py:188} INFO - [2026-05-19T19:23:58.279+0000] {dag.py:3047} INFO - Sync 1 DAGs
[2026-05-19T19:23:58.290+0000] {logging_mixin.py:188} INFO - [2026-05-19T19:23:58.290+0000] {dag.py:3834} INFO - Setting next_dagrun for example_complex to None, run_after=None
[2026-05-19T19:23:58.310+0000] {processor.py:183} INFO - Processing /home/airflow/.local/lib/python3.8/site-packages/airflow/example_dags/example_complex.py took 0.072 seconds
[2026-05-19T19:24:29.900+0000] {processor.py:161} INFO - Started process (PID=8720) to work on /home/airflow/.local/lib/python3.8/site-packages/airflow/example_dags/example_complex.py
[2026-05-19T19:24:29.905+0000] {processor.py:830} INFO - Processing file /home/airflow/.local/lib/python3.8/site-packages/airflow/example_dags/example_complex.py for tasks to queue
[2026-05-19T19:24:29.913+0000] {logging_mixin.py:188} INFO - [2026-05-19T19:24:29.912+0000] {dagbag.py:540} INFO - Filling up the DagBag from /home/airflow/.local/lib/python3.8/site-packages/airflow/example_dags/example_complex.py
[2026-05-19T19:24:29.952+0000] {processor.py:840} INFO - DAG(s) 'example_complex' retrieved from /home/airflow/.local/lib/python3.8/site-packages/airflow/example_dags/example_complex.py
[2026-05-19T19:24:30.016+0000] {logging_mixin.py:188} INFO - [2026-05-19T19:24:30.015+0000] {dag.py:3047} INFO - Sync 1 DAGs
[2026-05-19T19:24:30.043+0000] {logging_mixin.py:188} INFO - [2026-05-19T19:24:30.043+0000] {dag.py:3834} INFO - Setting next_dagrun for example_complex to None, run_after=None
[2026-05-19T19:24:30.097+0000] {processor.py:183} INFO - Processing /home/airflow/.local/lib/python3.8/site-packages/airflow/example_dags/example_complex.py took 0.205 seconds
[2026-05-19T19:25:00.915+0000] {processor.py:161} INFO - Started process (PID=8775) to work on /home/airflow/.local/lib/python3.8/site-packages/airflow/example_dags/example_complex.py
[2026-05-19T19:25:00.935+0000] {processor.py:830} INFO - Processing file /home/airflow/.local/lib/python3.8/site-packages/airflow/example_dags/example_complex.py for tasks to queue
[2026-05-19T19:25:00.950+0000] {logging_mixin.py:188} INFO - [2026-05-19T19:25:00.949+0000] {dagbag.py:540} INFO - Filling up the DagBag from /home/airflow/.local/lib/python3.8/site-packages/airflow/example_dags/example_complex.py
[2026-05-19T19:25:00.974+0000] {processor.py:840} INFO - DAG(s) 'example_complex' retrieved from /home/airflow/.local/lib/python3.8/site-packages/airflow/example_dags/example_complex.py
[2026-05-19T19:25:01.065+0000] {logging_mixin.py:188} INFO - [2026-05-19T19:25:01.064+0000] {dag.py:3047} INFO - Sync 1 DAGs
[2026-05-19T19:25:01.100+0000] {logging_mixin.py:188} INFO - [2026-05-19T19:25:01.099+0000] {dag.py:3834} INFO - Setting next_dagrun for example_complex to None, run_after=None
[2026-05-19T19:25:01.173+0000] {processor.py:183} INFO - Processing /home/airflow/.local/lib/python3.8/site-packages/airflow/example_dags/example_complex.py took 0.265 seconds
[2026-05-19T19:25:31.688+0000] {processor.py:161} INFO - Started process (PID=8830) to work on /home/airflow/.local/lib/python3.8/site-packages/airflow/example_dags/example_complex.py
[2026-05-19T19:25:31.690+0000] {processor.py:830} INFO - Processing file /home/airflow/.local/lib/python3.8/site-packages/airflow/example_dags/example_complex.py for tasks to queue
[2026-05-19T19:25:31.694+0000] {logging_mixin.py:188} INFO - [2026-05-19T19:25:31.694+0000] {dagbag.py:540} INFO - Filling up the DagBag from /home/airflow/.local/lib/python3.8/site-packages/airflow/example_dags/example_complex.py
[2026-05-19T19:25:31.708+0000] {processor.py:840} INFO - DAG(s) 'example_complex' retrieved from /home/airflow/.local/lib/python3.8/site-packages/airflow/example_dags/example_complex.py
[2026-05-19T19:25:31.746+0000] {logging_mixin.py:188} INFO - [2026-05-19T19:25:31.746+0000] {dag.py:3047} INFO - Sync 1 DAGs
[2026-05-19T19:25:31.763+0000] {logging_mixin.py:188} INFO - [2026-05-19T19:25:31.763+0000] {dag.py:3834} INFO - Setting next_dagrun for example_complex to None, run_after=None
[2026-05-19T19:25:31.804+0000] {processor.py:183} INFO - Processing /home/airflow/.local/lib/python3.8/site-packages/airflow/example_dags/example_complex.py took 0.120 seconds
[2026-05-19T19:26:02.142+0000] {processor.py:161} INFO - Started process (PID=8885) to work on /home/airflow/.local/lib/python3.8/site-packages/airflow/example_dags/example_complex.py
[2026-05-19T19:26:02.144+0000] {processor.py:830} INFO - Processing file /home/airflow/.local/lib/python3.8/site-packages/airflow/example_dags/example_complex.py for tasks to queue
[2026-05-19T19:26:02.149+0000] {logging_mixin.py:188} INFO - [2026-05-19T19:26:02.148+0000] {dagbag.py:540} INFO - Filling up the DagBag from /home/airflow/.local/lib/python3.8/site-packages/airflow/example_dags/example_complex.py
[2026-05-19T19:26:02.163+0000] {processor.py:840} INFO - DAG(s) 'example_complex' retrieved from /home/airflow/.local/lib/python3.8/site-packages/airflow/example_dags/example_complex.py
[2026-05-19T19:26:02.202+0000] {logging_mixin.py:188} INFO - [2026-05-19T19:26:02.201+0000] {dag.py:3047} INFO - Sync 1 DAGs
[2026-05-19T19:26:02.219+0000] {logging_mixin.py:188} INFO - [2026-05-19T19:26:02.219+0000] {dag.py:3834} INFO - Setting next_dagrun for example_complex to None, run_after=None
[2026-05-19T19:26:02.250+0000] {processor.py:183} INFO - Processing /home/airflow/.local/lib/python3.8/site-packages/airflow/example_dags/example_complex.py took 0.114 seconds
[2026-05-19T19:26:33.061+0000] {processor.py:161} INFO - Started process (PID=8940) to work on /home/airflow/.local/lib/python3.8/site-packages/airflow/example_dags/example_complex.py
[2026-05-19T19:26:33.063+0000] {processor.py:830} INFO - Processing file /home/airflow/.local/lib/python3.8/site-packages/airflow/example_dags/example_complex.py for tasks to queue
[2026-05-19T19:26:33.067+0000] {logging_mixin.py:188} INFO - [2026-05-19T19:26:33.066+0000] {dagbag.py:540} INFO - Filling up the DagBag from /home/airflow/.local/lib/python3.8/site-packages/airflow/example_dags/example_complex.py
[2026-05-19T19:26:33.080+0000] {processor.py:840} INFO - DAG(s) 'example_complex' retrieved from /home/airflow/.local/lib/python3.8/site-packages/airflow/example_dags/example_complex.py
[2026-05-19T19:26:33.122+0000] {logging_mixin.py:188} INFO - [2026-05-19T19:26:33.121+0000] {dag.py:3047} INFO - Sync 1 DAGs
[2026-05-19T19:26:33.138+0000] {logging_mixin.py:188} INFO - [2026-05-19T19:26:33.137+0000] {dag.py:3834} INFO - Setting next_dagrun for example_complex to None, run_after=None
[2026-05-19T19:26:33.189+0000] {processor.py:183} INFO - Processing /home/airflow/.local/lib/python3.8/site-packages/airflow/example_dags/example_complex.py took 0.135 seconds
[2026-05-19T19:27:03.651+0000] {processor.py:161} INFO - Started process (PID=8993) to work on /home/airflow/.local/lib/python3.8/site-packages/airflow/example_dags/example_complex.py
[2026-05-19T19:27:03.654+0000] {processor.py:830} INFO - Processing file /home/airflow/.local/lib/python3.8/site-packages/airflow/example_dags/example_complex.py for tasks to queue
[2026-05-19T19:27:03.658+0000] {logging_mixin.py:188} INFO - [2026-05-19T19:27:03.658+0000] {dagbag.py:540} INFO - Filling up the DagBag from /home/airflow/.local/lib/python3.8/site-packages/airflow/example_dags/example_complex.py
[2026-05-19T19:27:03.678+0000] {processor.py:840} INFO - DAG(s) 'example_complex' retrieved from /home/airflow/.local/lib/python3.8/site-packages/airflow/example_dags/example_complex.py
[2026-05-19T19:27:03.727+0000] {logging_mixin.py:188} INFO - [2026-05-19T19:27:03.726+0000] {dag.py:3047} INFO - Sync 1 DAGs
[2026-05-19T19:27:03.749+0000] {logging_mixin.py:188} INFO - [2026-05-19T19:27:03.748+0000] {dag.py:3834} INFO - Setting next_dagrun for example_complex to None, run_after=None
[2026-05-19T19:27:03.785+0000] {processor.py:183} INFO - Processing /home/airflow/.local/lib/python3.8/site-packages/airflow/example_dags/example_complex.py took 0.140 seconds
[2026-05-19T19:27:34.737+0000] {processor.py:161} INFO - Started process (PID=9048) to work on /home/airflow/.local/lib/python3.8/site-packages/airflow/example_dags/example_complex.py
[2026-05-19T19:27:34.740+0000] {processor.py:830} INFO - Processing file /home/airflow/.local/lib/python3.8/site-packages/airflow/example_dags/example_complex.py for tasks to queue
[2026-05-19T19:27:34.744+0000] {logging_mixin.py:188} INFO - [2026-05-19T19:27:34.744+0000] {dagbag.py:540} INFO - Filling up the DagBag from /home/airflow/.local/lib/python3.8/site-packages/airflow/example_dags/example_complex.py
[2026-05-19T19:27:34.763+0000] {processor.py:840} INFO - DAG(s) 'example_complex' retrieved from /home/airflow/.local/lib/python3.8/site-packages/airflow/example_dags/example_complex.py
[2026-05-19T19:27:34.836+0000] {logging_mixin.py:188} INFO - [2026-05-19T19:27:34.835+0000] {dag.py:3047} INFO - Sync 1 DAGs
[2026-05-19T19:27:34.897+0000] {logging_mixin.py:188} INFO - [2026-05-19T19:27:34.897+0000] {dag.py:3834} INFO - Setting next_dagrun for example_complex to None, run_after=None
[2026-05-19T19:27:34.967+0000] {processor.py:183} INFO - Processing /home/airflow/.local/lib/python3.8/site-packages/airflow/example_dags/example_complex.py took 0.235 seconds
[2026-05-19T19:28:05.083+0000] {processor.py:161} INFO - Started process (PID=9103) to work on /home/airflow/.local/lib/python3.8/site-packages/airflow/example_dags/example_complex.py
[2026-05-19T19:28:05.085+0000] {processor.py:830} INFO - Processing file /home/airflow/.local/lib/python3.8/site-packages/airflow/example_dags/example_complex.py for tasks to queue
[2026-05-19T19:28:05.091+0000] {logging_mixin.py:188} INFO - [2026-05-19T19:28:05.090+0000] {dagbag.py:540} INFO - Filling up the DagBag from /home/airflow/.local/lib/python3.8/site-packages/airflow/example_dags/example_complex.py
[2026-05-19T19:28:05.111+0000] {processor.py:840} INFO - DAG(s) 'example_complex' retrieved from /home/airflow/.local/lib/python3.8/site-packages/airflow/example_dags/example_complex.py
[2026-05-19T19:28:05.182+0000] {logging_mixin.py:188} INFO - [2026-05-19T19:28:05.181+0000] {dag.py:3047} INFO - Sync 1 DAGs
[2026-05-19T19:28:05.240+0000] {logging_mixin.py:188} INFO - [2026-05-19T19:28:05.239+0000] {dag.py:3834} INFO - Setting next_dagrun for example_complex to None, run_after=None
[2026-05-19T19:28:05.309+0000] {processor.py:183} INFO - Processing /home/airflow/.local/lib/python3.8/site-packages/airflow/example_dags/example_complex.py took 0.233 seconds
[2026-05-19T19:28:37.184+0000] {processor.py:161} INFO - Started process (PID=9158) to work on /home/airflow/.local/lib/python3.8/site-packages/airflow/example_dags/example_complex.py
[2026-05-19T19:28:37.186+0000] {processor.py:830} INFO - Processing file /home/airflow/.local/lib/python3.8/site-packages/airflow/example_dags/example_complex.py for tasks to queue
[2026-05-19T19:28:37.189+0000] {logging_mixin.py:188} INFO - [2026-05-19T19:28:37.188+0000] {dagbag.py:540} INFO - Filling up the DagBag from /home/airflow/.local/lib/python3.8/site-packages/airflow/example_dags/example_complex.py
[2026-05-19T19:28:37.203+0000] {processor.py:840} INFO - DAG(s) 'example_complex' retrieved from /home/airflow/.local/lib/python3.8/site-packages/airflow/example_dags/example_complex.py
[2026-05-19T19:28:37.246+0000] {logging_mixin.py:188} INFO - [2026-05-19T19:28:37.245+0000] {dag.py:3047} INFO - Sync 1 DAGs
[2026-05-19T19:28:37.264+0000] {logging_mixin.py:188} INFO - [2026-05-19T19:28:37.264+0000] {dag.py:3834} INFO - Setting next_dagrun for example_complex to None, run_after=None
[2026-05-19T19:28:37.294+0000] {processor.py:183} INFO - Processing /home/airflow/.local/lib/python3.8/site-packages/airflow/example_dags/example_complex.py took 0.115 seconds
[2026-05-19T19:29:08.182+0000] {processor.py:161} INFO - Started process (PID=9213) to work on /home/airflow/.local/lib/python3.8/site-packages/airflow/example_dags/example_complex.py
[2026-05-19T19:29:08.185+0000] {processor.py:830} INFO - Processing file /home/airflow/.local/lib/python3.8/site-packages/airflow/example_dags/example_complex.py for tasks to queue
[2026-05-19T19:29:08.255+0000] {logging_mixin.py:188} INFO - [2026-05-19T19:29:08.254+0000] {dagbag.py:540} INFO - Filling up the DagBag from /home/airflow/.local/lib/python3.8/site-packages/airflow/example_dags/example_complex.py
[2026-05-19T19:29:08.304+0000] {processor.py:840} INFO - DAG(s) 'example_complex' retrieved from /home/airflow/.local/lib/python3.8/site-packages/airflow/example_dags/example_complex.py
[2026-05-19T19:29:08.383+0000] {logging_mixin.py:188} INFO - [2026-05-19T19:29:08.382+0000] {dag.py:3047} INFO - Sync 1 DAGs
[2026-05-19T19:29:08.450+0000] {logging_mixin.py:188} INFO - [2026-05-19T19:29:08.449+0000] {dag.py:3834} INFO - Setting next_dagrun for example_complex to None, run_after=None
[2026-05-19T19:29:08.508+0000] {processor.py:183} INFO - Processing /home/airflow/.local/lib/python3.8/site-packages/airflow/example_dags/example_complex.py took 0.333 seconds
[2026-05-19T19:29:38.806+0000] {processor.py:161} INFO - Started process (PID=9268) to work on /home/airflow/.local/lib/python3.8/site-packages/airflow/example_dags/example_complex.py
[2026-05-19T19:29:38.810+0000] {processor.py:830} INFO - Processing file /home/airflow/.local/lib/python3.8/site-packages/airflow/example_dags/example_complex.py for tasks to queue
[2026-05-19T19:29:38.815+0000] {logging_mixin.py:188} INFO - [2026-05-19T19:29:38.813+0000] {dagbag.py:540} INFO - Filling up the DagBag from /home/airflow/.local/lib/python3.8/site-packages/airflow/example_dags/example_complex.py
[2026-05-19T19:29:38.843+0000] {processor.py:840} INFO - DAG(s) 'example_complex' retrieved from /home/airflow/.local/lib/python3.8/site-packages/airflow/example_dags/example_complex.py
[2026-05-19T19:29:38.927+0000] {logging_mixin.py:188} INFO - [2026-05-19T19:29:38.926+0000] {dag.py:3047} INFO - Sync 1 DAGs
[2026-05-19T19:29:38.953+0000] {logging_mixin.py:188} INFO - [2026-05-19T19:29:38.952+0000] {dag.py:3834} INFO - Setting next_dagrun for example_complex to None, run_after=None
[2026-05-19T19:29:38.996+0000] {processor.py:183} INFO - Processing /home/airflow/.local/lib/python3.8/site-packages/airflow/example_dags/example_complex.py took 0.202 seconds
[2026-05-19T19:30:09.635+0000] {processor.py:161} INFO - Started process (PID=9323) to work on /home/airflow/.local/lib/python3.8/site-packages/airflow/example_dags/example_complex.py
[2026-05-19T19:30:09.637+0000] {processor.py:830} INFO - Processing file /home/airflow/.local/lib/python3.8/site-packages/airflow/example_dags/example_complex.py for tasks to queue
[2026-05-19T19:30:09.641+0000] {logging_mixin.py:188} INFO - [2026-05-19T19:30:09.640+0000] {dagbag.py:540} INFO - Filling up the DagBag from /home/airflow/.local/lib/python3.8/site-packages/airflow/example_dags/example_complex.py
[2026-05-19T19:30:09.660+0000] {processor.py:840} INFO - DAG(s) 'example_complex' retrieved from /home/airflow/.local/lib/python3.8/site-packages/airflow/example_dags/example_complex.py
[2026-05-19T19:30:09.706+0000] {logging_mixin.py:188} INFO - [2026-05-19T19:30:09.705+0000] {dag.py:3047} INFO - Sync 1 DAGs
[2026-05-19T19:30:09.727+0000] {logging_mixin.py:188} INFO - [2026-05-19T19:30:09.726+0000] {dag.py:3834} INFO - Setting next_dagrun for example_complex to None, run_after=None
[2026-05-19T19:30:09.764+0000] {processor.py:183} INFO - Processing /home/airflow/.local/lib/python3.8/site-packages/airflow/example_dags/example_complex.py took 0.134 seconds
[2026-05-19T19:30:40.538+0000] {processor.py:161} INFO - Started process (PID=9378) to work on /home/airflow/.local/lib/python3.8/site-packages/airflow/example_dags/example_complex.py
[2026-05-19T19:30:40.539+0000] {processor.py:830} INFO - Processing file /home/airflow/.local/lib/python3.8/site-packages/airflow/example_dags/example_complex.py for tasks to queue
[2026-05-19T19:30:40.543+0000] {logging_mixin.py:188} INFO - [2026-05-19T19:30:40.542+0000] {dagbag.py:540} INFO - Filling up the DagBag from /home/airflow/.local/lib/python3.8/site-packages/airflow/example_dags/example_complex.py
[2026-05-19T19:30:40.557+0000] {processor.py:840} INFO - DAG(s) 'example_complex' retrieved from /home/airflow/.local/lib/python3.8/site-packages/airflow/example_dags/example_complex.py
[2026-05-19T19:30:40.592+0000] {logging_mixin.py:188} INFO - [2026-05-19T19:30:40.591+0000] {dag.py:3047} INFO - Sync 1 DAGs
[2026-05-19T19:30:40.606+0000] {logging_mixin.py:188} INFO - [2026-05-19T19:30:40.606+0000] {dag.py:3834} INFO - Setting next_dagrun for example_complex to None, run_after=None
[2026-05-19T19:30:40.640+0000] {processor.py:183} INFO - Processing /home/airflow/.local/lib/python3.8/site-packages/airflow/example_dags/example_complex.py took 0.106 seconds
[2026-05-19T19:31:10.867+0000] {processor.py:161} INFO - Started process (PID=9433) to work on /home/airflow/.local/lib/python3.8/site-packages/airflow/example_dags/example_complex.py
[2026-05-19T19:31:10.869+0000] {processor.py:830} INFO - Processing file /home/airflow/.local/lib/python3.8/site-packages/airflow/example_dags/example_complex.py for tasks to queue
[2026-05-19T19:31:10.871+0000] {logging_mixin.py:188} INFO - [2026-05-19T19:31:10.871+0000] {dagbag.py:540} INFO - Filling up the DagBag from /home/airflow/.local/lib/python3.8/site-packages/airflow/example_dags/example_complex.py
[2026-05-19T19:31:10.883+0000] {processor.py:840} INFO - DAG(s) 'example_complex' retrieved from /home/airflow/.local/lib/python3.8/site-packages/airflow/example_dags/example_complex.py
[2026-05-19T19:31:10.916+0000] {logging_mixin.py:188} INFO - [2026-05-19T19:31:10.916+0000] {dag.py:3047} INFO - Sync 1 DAGs
[2026-05-19T19:31:10.930+0000] {logging_mixin.py:188} INFO - [2026-05-19T19:31:10.929+0000] {dag.py:3834} INFO - Setting next_dagrun for example_complex to None, run_after=None
[2026-05-19T19:31:10.953+0000] {processor.py:183} INFO - Processing /home/airflow/.local/lib/python3.8/site-packages/airflow/example_dags/example_complex.py took 0.089 seconds
[2026-05-19T19:31:41.798+0000] {processor.py:161} INFO - Started process (PID=9488) to work on /home/airflow/.local/lib/python3.8/site-packages/airflow/example_dags/example_complex.py
[2026-05-19T19:31:41.803+0000] {processor.py:830} INFO - Processing file /home/airflow/.local/lib/python3.8/site-packages/airflow/example_dags/example_complex.py for tasks to queue
[2026-05-19T19:31:41.809+0000] {logging_mixin.py:188} INFO - [2026-05-19T19:31:41.808+0000] {dagbag.py:540} INFO - Filling up the DagBag from /home/airflow/.local/lib/python3.8/site-packages/airflow/example_dags/example_complex.py
[2026-05-19T19:31:41.840+0000] {processor.py:840} INFO - DAG(s) 'example_complex' retrieved from /home/airflow/.local/lib/python3.8/site-packages/airflow/example_dags/example_complex.py
[2026-05-19T19:31:41.906+0000] {logging_mixin.py:188} INFO - [2026-05-19T19:31:41.905+0000] {dag.py:3047} INFO - Sync 1 DAGs
[2026-05-19T19:31:41.953+0000] {logging_mixin.py:188} INFO - [2026-05-19T19:31:41.952+0000] {dag.py:3834} INFO - Setting next_dagrun for example_complex to None, run_after=None
[2026-05-19T19:31:42.042+0000] {processor.py:183} INFO - Processing /home/airflow/.local/lib/python3.8/site-packages/airflow/example_dags/example_complex.py took 0.252 seconds
[2026-05-19T19:32:12.295+0000] {processor.py:161} INFO - Started process (PID=9543) to work on /home/airflow/.local/lib/python3.8/site-packages/airflow/example_dags/example_complex.py
[2026-05-19T19:32:12.301+0000] {processor.py:830} INFO - Processing file /home/airflow/.local/lib/python3.8/site-packages/airflow/example_dags/example_complex.py for tasks to queue
[2026-05-19T19:32:12.304+0000] {logging_mixin.py:188} INFO - [2026-05-19T19:32:12.303+0000] {dagbag.py:540} INFO - Filling up the DagBag from /home/airflow/.local/lib/python3.8/site-packages/airflow/example_dags/example_complex.py
[2026-05-19T19:32:12.317+0000] {processor.py:840} INFO - DAG(s) 'example_complex' retrieved from /home/airflow/.local/lib/python3.8/site-packages/airflow/example_dags/example_complex.py
[2026-05-19T19:32:12.385+0000] {logging_mixin.py:188} INFO - [2026-05-19T19:32:12.384+0000] {dag.py:3047} INFO - Sync 1 DAGs
[2026-05-19T19:32:12.405+0000] {logging_mixin.py:188} INFO - [2026-05-19T19:32:12.405+0000] {dag.py:3834} INFO - Setting next_dagrun for example_complex to None, run_after=None
[2026-05-19T19:32:12.441+0000] {processor.py:183} INFO - Processing /home/airflow/.local/lib/python3.8/site-packages/airflow/example_dags/example_complex.py took 0.151 seconds
[2026-05-19T19:32:42.859+0000] {processor.py:161} INFO - Started process (PID=9598) to work on /home/airflow/.local/lib/python3.8/site-packages/airflow/example_dags/example_complex.py
[2026-05-19T19:32:42.862+0000] {processor.py:830} INFO - Processing file /home/airflow/.local/lib/python3.8/site-packages/airflow/example_dags/example_complex.py for tasks to queue
[2026-05-19T19:32:42.867+0000] {logging_mixin.py:188} INFO - [2026-05-19T19:32:42.866+0000] {dagbag.py:540} INFO - Filling up the DagBag from /home/airflow/.local/lib/python3.8/site-packages/airflow/example_dags/example_complex.py
[2026-05-19T19:32:42.893+0000] {processor.py:840} INFO - DAG(s) 'example_complex' retrieved from /home/airflow/.local/lib/python3.8/site-packages/airflow/example_dags/example_complex.py
[2026-05-19T19:32:42.952+0000] {logging_mixin.py:188} INFO - [2026-05-19T19:32:42.951+0000] {dag.py:3047} INFO - Sync 1 DAGs
[2026-05-19T19:32:42.972+0000] {logging_mixin.py:188} INFO - [2026-05-19T19:32:42.972+0000] {dag.py:3834} INFO - Setting next_dagrun for example_complex to None, run_after=None
[2026-05-19T19:32:43.010+0000] {processor.py:183} INFO - Processing /home/airflow/.local/lib/python3.8/site-packages/airflow/example_dags/example_complex.py took 0.156 seconds
[2026-05-19T19:33:13.101+0000] {processor.py:161} INFO - Started process (PID=9653) to work on /home/airflow/.local/lib/python3.8/site-packages/airflow/example_dags/example_complex.py
[2026-05-19T19:33:13.103+0000] {processor.py:830} INFO - Processing file /home/airflow/.local/lib/python3.8/site-packages/airflow/example_dags/example_complex.py for tasks to queue
[2026-05-19T19:33:13.105+0000] {logging_mixin.py:188} INFO - [2026-05-19T19:33:13.105+0000] {dagbag.py:540} INFO - Filling up the DagBag from /home/airflow/.local/lib/python3.8/site-packages/airflow/example_dags/example_complex.py
[2026-05-19T19:33:13.114+0000] {processor.py:840} INFO - DAG(s) 'example_complex' retrieved from /home/airflow/.local/lib/python3.8/site-packages/airflow/example_dags/example_complex.py
[2026-05-19T19:33:13.138+0000] {logging_mixin.py:188} INFO - [2026-05-19T19:33:13.137+0000] {dag.py:3047} INFO - Sync 1 DAGs
[2026-05-19T19:33:13.148+0000] {logging_mixin.py:188} INFO - [2026-05-19T19:33:13.148+0000] {dag.py:3834} INFO - Setting next_dagrun for example_complex to None, run_after=None
[2026-05-19T19:33:13.231+0000] {processor.py:183} INFO - Processing /home/airflow/.local/lib/python3.8/site-packages/airflow/example_dags/example_complex.py took 0.133 seconds
[2026-05-19T19:33:43.806+0000] {processor.py:161} INFO - Started process (PID=9708) to work on /home/airflow/.local/lib/python3.8/site-packages/airflow/example_dags/example_complex.py
[2026-05-19T19:33:43.808+0000] {processor.py:830} INFO - Processing file /home/airflow/.local/lib/python3.8/site-packages/airflow/example_dags/example_complex.py for tasks to queue
[2026-05-19T19:33:43.811+0000] {logging_mixin.py:188} INFO - [2026-05-19T19:33:43.811+0000] {dagbag.py:540} INFO - Filling up the DagBag from /home/airflow/.local/lib/python3.8/site-packages/airflow/example_dags/example_complex.py
[2026-05-19T19:33:43.825+0000] {processor.py:840} INFO - DAG(s) 'example_complex' retrieved from /home/airflow/.local/lib/python3.8/site-packages/airflow/example_dags/example_complex.py
[2026-05-19T19:33:43.859+0000] {logging_mixin.py:188} INFO - [2026-05-19T19:33:43.858+0000] {dag.py:3047} INFO - Sync 1 DAGs
[2026-05-19T19:33:43.873+0000] {logging_mixin.py:188} INFO - [2026-05-19T19:33:43.873+0000] {dag.py:3834} INFO - Setting next_dagrun for example_complex to None, run_after=None
[2026-05-19T19:33:43.895+0000] {processor.py:183} INFO - Processing /home/airflow/.local/lib/python3.8/site-packages/airflow/example_dags/example_complex.py took 0.093 seconds
