[2026-05-19T19:18:19.356+0000] {processor.py:161} INFO - Started process (PID=8051) to work on /home/airflow/.local/lib/python3.8/site-packages/airflow/example_dags/example_branch_python_dop_operator_3.py
[2026-05-19T19:18:19.359+0000] {processor.py:830} INFO - Processing file /home/airflow/.local/lib/python3.8/site-packages/airflow/example_dags/example_branch_python_dop_operator_3.py for tasks to queue
[2026-05-19T19:18:19.362+0000] {logging_mixin.py:188} INFO - [2026-05-19T19:18:19.361+0000] {dagbag.py:540} INFO - Filling up the DagBag from /home/airflow/.local/lib/python3.8/site-packages/airflow/example_dags/example_branch_python_dop_operator_3.py
[2026-05-19T19:18:19.376+0000] {processor.py:840} INFO - DAG(s) 'example_branch_dop_operator_v3' retrieved from /home/airflow/.local/lib/python3.8/site-packages/airflow/example_dags/example_branch_python_dop_operator_3.py
[2026-05-19T19:18:19.417+0000] {logging_mixin.py:188} INFO - [2026-05-19T19:18:19.417+0000] {dag.py:3047} INFO - Sync 1 DAGs
[2026-05-19T19:18:19.523+0000] {logging_mixin.py:188} INFO - [2026-05-19T19:18:19.523+0000] {dag.py:3834} INFO - Setting next_dagrun for example_branch_dop_operator_v3 to 2026-05-19 19:17:00+00:00, run_after=2026-05-19 19:18:00+00:00
[2026-05-19T19:18:19.559+0000] {processor.py:183} INFO - Processing /home/airflow/.local/lib/python3.8/site-packages/airflow/example_dags/example_branch_python_dop_operator_3.py took 0.208 seconds
[2026-05-19T19:18:50.394+0000] {processor.py:161} INFO - Started process (PID=8106) to work on /home/airflow/.local/lib/python3.8/site-packages/airflow/example_dags/example_branch_python_dop_operator_3.py
[2026-05-19T19:18:50.395+0000] {processor.py:830} INFO - Processing file /home/airflow/.local/lib/python3.8/site-packages/airflow/example_dags/example_branch_python_dop_operator_3.py for tasks to queue
[2026-05-19T19:18:50.397+0000] {logging_mixin.py:188} INFO - [2026-05-19T19:18:50.397+0000] {dagbag.py:540} INFO - Filling up the DagBag from /home/airflow/.local/lib/python3.8/site-packages/airflow/example_dags/example_branch_python_dop_operator_3.py
[2026-05-19T19:18:50.404+0000] {processor.py:840} INFO - DAG(s) 'example_branch_dop_operator_v3' retrieved from /home/airflow/.local/lib/python3.8/site-packages/airflow/example_dags/example_branch_python_dop_operator_3.py
[2026-05-19T19:18:50.425+0000] {logging_mixin.py:188} INFO - [2026-05-19T19:18:50.425+0000] {dag.py:3047} INFO - Sync 1 DAGs
[2026-05-19T19:18:50.446+0000] {logging_mixin.py:188} INFO - [2026-05-19T19:18:50.446+0000] {dag.py:3834} INFO - Setting next_dagrun for example_branch_dop_operator_v3 to 2026-05-19 19:17:00+00:00, run_after=2026-05-19 19:18:00+00:00
[2026-05-19T19:18:50.464+0000] {processor.py:183} INFO - Processing /home/airflow/.local/lib/python3.8/site-packages/airflow/example_dags/example_branch_python_dop_operator_3.py took 0.074 seconds
[2026-05-19T19:19:20.554+0000] {processor.py:161} INFO - Started process (PID=8160) to work on /home/airflow/.local/lib/python3.8/site-packages/airflow/example_dags/example_branch_python_dop_operator_3.py
[2026-05-19T19:19:20.557+0000] {processor.py:830} INFO - Processing file /home/airflow/.local/lib/python3.8/site-packages/airflow/example_dags/example_branch_python_dop_operator_3.py for tasks to queue
[2026-05-19T19:19:20.561+0000] {logging_mixin.py:188} INFO - [2026-05-19T19:19:20.560+0000] {dagbag.py:540} INFO - Filling up the DagBag from /home/airflow/.local/lib/python3.8/site-packages/airflow/example_dags/example_branch_python_dop_operator_3.py
[2026-05-19T19:19:20.577+0000] {processor.py:840} INFO - DAG(s) 'example_branch_dop_operator_v3' retrieved from /home/airflow/.local/lib/python3.8/site-packages/airflow/example_dags/example_branch_python_dop_operator_3.py
[2026-05-19T19:19:20.639+0000] {logging_mixin.py:188} INFO - [2026-05-19T19:19:20.638+0000] {dag.py:3047} INFO - Sync 1 DAGs
[2026-05-19T19:19:20.702+0000] {logging_mixin.py:188} INFO - [2026-05-19T19:19:20.701+0000] {dag.py:3834} INFO - Setting next_dagrun for example_branch_dop_operator_v3 to 2026-05-19 19:18:00+00:00, run_after=2026-05-19 19:19:00+00:00
[2026-05-19T19:19:20.773+0000] {processor.py:183} INFO - Processing /home/airflow/.local/lib/python3.8/site-packages/airflow/example_dags/example_branch_python_dop_operator_3.py took 0.224 seconds
[2026-05-19T19:19:50.844+0000] {processor.py:161} INFO - Started process (PID=8216) to work on /home/airflow/.local/lib/python3.8/site-packages/airflow/example_dags/example_branch_python_dop_operator_3.py
[2026-05-19T19:19:50.845+0000] {processor.py:830} INFO - Processing file /home/airflow/.local/lib/python3.8/site-packages/airflow/example_dags/example_branch_python_dop_operator_3.py for tasks to queue
[2026-05-19T19:19:50.847+0000] {logging_mixin.py:188} INFO - [2026-05-19T19:19:50.847+0000] {dagbag.py:540} INFO - Filling up the DagBag from /home/airflow/.local/lib/python3.8/site-packages/airflow/example_dags/example_branch_python_dop_operator_3.py
[2026-05-19T19:19:50.855+0000] {processor.py:840} INFO - DAG(s) 'example_branch_dop_operator_v3' retrieved from /home/airflow/.local/lib/python3.8/site-packages/airflow/example_dags/example_branch_python_dop_operator_3.py
[2026-05-19T19:19:50.871+0000] {logging_mixin.py:188} INFO - [2026-05-19T19:19:50.871+0000] {dag.py:3047} INFO - Sync 1 DAGs
[2026-05-19T19:19:50.889+0000] {logging_mixin.py:188} INFO - [2026-05-19T19:19:50.889+0000] {dag.py:3834} INFO - Setting next_dagrun for example_branch_dop_operator_v3 to 2026-05-19 19:18:00+00:00, run_after=2026-05-19 19:19:00+00:00
[2026-05-19T19:19:50.907+0000] {processor.py:183} INFO - Processing /home/airflow/.local/lib/python3.8/site-packages/airflow/example_dags/example_branch_python_dop_operator_3.py took 0.066 seconds
[2026-05-19T19:20:21.449+0000] {processor.py:161} INFO - Started process (PID=8271) to work on /home/airflow/.local/lib/python3.8/site-packages/airflow/example_dags/example_branch_python_dop_operator_3.py
[2026-05-19T19:20:21.451+0000] {processor.py:830} INFO - Processing file /home/airflow/.local/lib/python3.8/site-packages/airflow/example_dags/example_branch_python_dop_operator_3.py for tasks to queue
[2026-05-19T19:20:21.469+0000] {logging_mixin.py:188} INFO - [2026-05-19T19:20:21.468+0000] {dagbag.py:540} INFO - Filling up the DagBag from /home/airflow/.local/lib/python3.8/site-packages/airflow/example_dags/example_branch_python_dop_operator_3.py
[2026-05-19T19:20:21.499+0000] {processor.py:840} INFO - DAG(s) 'example_branch_dop_operator_v3' retrieved from /home/airflow/.local/lib/python3.8/site-packages/airflow/example_dags/example_branch_python_dop_operator_3.py
[2026-05-19T19:20:21.535+0000] {logging_mixin.py:188} INFO - [2026-05-19T19:20:21.534+0000] {dag.py:3047} INFO - Sync 1 DAGs
[2026-05-19T19:20:21.562+0000] {logging_mixin.py:188} INFO - [2026-05-19T19:20:21.562+0000] {dag.py:3834} INFO - Setting next_dagrun for example_branch_dop_operator_v3 to 2026-05-19 19:19:00+00:00, run_after=2026-05-19 19:20:00+00:00
[2026-05-19T19:20:21.584+0000] {processor.py:183} INFO - Processing /home/airflow/.local/lib/python3.8/site-packages/airflow/example_dags/example_branch_python_dop_operator_3.py took 0.138 seconds
[2026-05-19T19:20:51.993+0000] {processor.py:161} INFO - Started process (PID=8326) to work on /home/airflow/.local/lib/python3.8/site-packages/airflow/example_dags/example_branch_python_dop_operator_3.py
[2026-05-19T19:20:51.996+0000] {processor.py:830} INFO - Processing file /home/airflow/.local/lib/python3.8/site-packages/airflow/example_dags/example_branch_python_dop_operator_3.py for tasks to queue
[2026-05-19T19:20:52.000+0000] {logging_mixin.py:188} INFO - [2026-05-19T19:20:51.999+0000] {dagbag.py:540} INFO - Filling up the DagBag from /home/airflow/.local/lib/python3.8/site-packages/airflow/example_dags/example_branch_python_dop_operator_3.py
[2026-05-19T19:20:52.013+0000] {processor.py:840} INFO - DAG(s) 'example_branch_dop_operator_v3' retrieved from /home/airflow/.local/lib/python3.8/site-packages/airflow/example_dags/example_branch_python_dop_operator_3.py
[2026-05-19T19:20:52.039+0000] {logging_mixin.py:188} INFO - [2026-05-19T19:20:52.038+0000] {dag.py:3047} INFO - Sync 1 DAGs
[2026-05-19T19:20:52.065+0000] {logging_mixin.py:188} INFO - [2026-05-19T19:20:52.065+0000] {dag.py:3834} INFO - Setting next_dagrun for example_branch_dop_operator_v3 to 2026-05-19 19:19:00+00:00, run_after=2026-05-19 19:20:00+00:00
[2026-05-19T19:20:52.089+0000] {processor.py:183} INFO - Processing /home/airflow/.local/lib/python3.8/site-packages/airflow/example_dags/example_branch_python_dop_operator_3.py took 0.103 seconds
[2026-05-19T19:21:22.225+0000] {processor.py:161} INFO - Started process (PID=8382) to work on /home/airflow/.local/lib/python3.8/site-packages/airflow/example_dags/example_branch_python_dop_operator_3.py
[2026-05-19T19:21:22.226+0000] {processor.py:830} INFO - Processing file /home/airflow/.local/lib/python3.8/site-packages/airflow/example_dags/example_branch_python_dop_operator_3.py for tasks to queue
[2026-05-19T19:21:22.230+0000] {logging_mixin.py:188} INFO - [2026-05-19T19:21:22.230+0000] {dagbag.py:540} INFO - Filling up the DagBag from /home/airflow/.local/lib/python3.8/site-packages/airflow/example_dags/example_branch_python_dop_operator_3.py
[2026-05-19T19:21:22.248+0000] {processor.py:840} INFO - DAG(s) 'example_branch_dop_operator_v3' retrieved from /home/airflow/.local/lib/python3.8/site-packages/airflow/example_dags/example_branch_python_dop_operator_3.py
[2026-05-19T19:21:22.282+0000] {logging_mixin.py:188} INFO - [2026-05-19T19:21:22.282+0000] {dag.py:3047} INFO - Sync 1 DAGs
[2026-05-19T19:21:22.321+0000] {logging_mixin.py:188} INFO - [2026-05-19T19:21:22.321+0000] {dag.py:3834} INFO - Setting next_dagrun for example_branch_dop_operator_v3 to 2026-05-19 19:20:00+00:00, run_after=2026-05-19 19:21:00+00:00
[2026-05-19T19:21:22.361+0000] {processor.py:183} INFO - Processing /home/airflow/.local/lib/python3.8/site-packages/airflow/example_dags/example_branch_python_dop_operator_3.py took 0.142 seconds
[2026-05-19T19:21:54.275+0000] {processor.py:161} INFO - Started process (PID=8437) to work on /home/airflow/.local/lib/python3.8/site-packages/airflow/example_dags/example_branch_python_dop_operator_3.py
[2026-05-19T19:21:54.282+0000] {processor.py:830} INFO - Processing file /home/airflow/.local/lib/python3.8/site-packages/airflow/example_dags/example_branch_python_dop_operator_3.py for tasks to queue
[2026-05-19T19:21:54.290+0000] {logging_mixin.py:188} INFO - [2026-05-19T19:21:54.289+0000] {dagbag.py:540} INFO - Filling up the DagBag from /home/airflow/.local/lib/python3.8/site-packages/airflow/example_dags/example_branch_python_dop_operator_3.py
[2026-05-19T19:21:54.313+0000] {processor.py:840} INFO - DAG(s) 'example_branch_dop_operator_v3' retrieved from /home/airflow/.local/lib/python3.8/site-packages/airflow/example_dags/example_branch_python_dop_operator_3.py
[2026-05-19T19:21:54.350+0000] {logging_mixin.py:188} INFO - [2026-05-19T19:21:54.349+0000] {dag.py:3047} INFO - Sync 1 DAGs
[2026-05-19T19:21:54.385+0000] {logging_mixin.py:188} INFO - [2026-05-19T19:21:54.385+0000] {dag.py:3834} INFO - Setting next_dagrun for example_branch_dop_operator_v3 to 2026-05-19 19:20:00+00:00, run_after=2026-05-19 19:21:00+00:00
[2026-05-19T19:21:54.414+0000] {processor.py:183} INFO - Processing /home/airflow/.local/lib/python3.8/site-packages/airflow/example_dags/example_branch_python_dop_operator_3.py took 0.145 seconds
[2026-05-19T19:22:25.075+0000] {processor.py:161} INFO - Started process (PID=8492) to work on /home/airflow/.local/lib/python3.8/site-packages/airflow/example_dags/example_branch_python_dop_operator_3.py
[2026-05-19T19:22:25.078+0000] {processor.py:830} INFO - Processing file /home/airflow/.local/lib/python3.8/site-packages/airflow/example_dags/example_branch_python_dop_operator_3.py for tasks to queue
[2026-05-19T19:22:25.083+0000] {logging_mixin.py:188} INFO - [2026-05-19T19:22:25.082+0000] {dagbag.py:540} INFO - Filling up the DagBag from /home/airflow/.local/lib/python3.8/site-packages/airflow/example_dags/example_branch_python_dop_operator_3.py
[2026-05-19T19:22:25.106+0000] {processor.py:840} INFO - DAG(s) 'example_branch_dop_operator_v3' retrieved from /home/airflow/.local/lib/python3.8/site-packages/airflow/example_dags/example_branch_python_dop_operator_3.py
[2026-05-19T19:22:25.161+0000] {logging_mixin.py:188} INFO - [2026-05-19T19:22:25.160+0000] {dag.py:3047} INFO - Sync 1 DAGs
[2026-05-19T19:22:25.232+0000] {logging_mixin.py:188} INFO - [2026-05-19T19:22:25.231+0000] {dag.py:3834} INFO - Setting next_dagrun for example_branch_dop_operator_v3 to 2026-05-19 19:21:00+00:00, run_after=2026-05-19 19:22:00+00:00
[2026-05-19T19:22:25.321+0000] {processor.py:183} INFO - Processing /home/airflow/.local/lib/python3.8/site-packages/airflow/example_dags/example_branch_python_dop_operator_3.py took 0.252 seconds
[2026-05-19T19:22:55.652+0000] {processor.py:161} INFO - Started process (PID=8546) to work on /home/airflow/.local/lib/python3.8/site-packages/airflow/example_dags/example_branch_python_dop_operator_3.py
[2026-05-19T19:22:55.655+0000] {processor.py:830} INFO - Processing file /home/airflow/.local/lib/python3.8/site-packages/airflow/example_dags/example_branch_python_dop_operator_3.py for tasks to queue
[2026-05-19T19:22:55.659+0000] {logging_mixin.py:188} INFO - [2026-05-19T19:22:55.659+0000] {dagbag.py:540} INFO - Filling up the DagBag from /home/airflow/.local/lib/python3.8/site-packages/airflow/example_dags/example_branch_python_dop_operator_3.py
[2026-05-19T19:22:55.671+0000] {processor.py:840} INFO - DAG(s) 'example_branch_dop_operator_v3' retrieved from /home/airflow/.local/lib/python3.8/site-packages/airflow/example_dags/example_branch_python_dop_operator_3.py
[2026-05-19T19:22:55.697+0000] {logging_mixin.py:188} INFO - [2026-05-19T19:22:55.696+0000] {dag.py:3047} INFO - Sync 1 DAGs
[2026-05-19T19:22:55.723+0000] {logging_mixin.py:188} INFO - [2026-05-19T19:22:55.722+0000] {dag.py:3834} INFO - Setting next_dagrun for example_branch_dop_operator_v3 to 2026-05-19 19:21:00+00:00, run_after=2026-05-19 19:22:00+00:00
[2026-05-19T19:22:55.746+0000] {processor.py:183} INFO - Processing /home/airflow/.local/lib/python3.8/site-packages/airflow/example_dags/example_branch_python_dop_operator_3.py took 0.099 seconds
[2026-05-19T19:23:26.466+0000] {processor.py:161} INFO - Started process (PID=8601) to work on /home/airflow/.local/lib/python3.8/site-packages/airflow/example_dags/example_branch_python_dop_operator_3.py
[2026-05-19T19:23:26.467+0000] {processor.py:830} INFO - Processing file /home/airflow/.local/lib/python3.8/site-packages/airflow/example_dags/example_branch_python_dop_operator_3.py for tasks to queue
[2026-05-19T19:23:26.469+0000] {logging_mixin.py:188} INFO - [2026-05-19T19:23:26.469+0000] {dagbag.py:540} INFO - Filling up the DagBag from /home/airflow/.local/lib/python3.8/site-packages/airflow/example_dags/example_branch_python_dop_operator_3.py
[2026-05-19T19:23:26.476+0000] {processor.py:840} INFO - DAG(s) 'example_branch_dop_operator_v3' retrieved from /home/airflow/.local/lib/python3.8/site-packages/airflow/example_dags/example_branch_python_dop_operator_3.py
[2026-05-19T19:23:26.494+0000] {logging_mixin.py:188} INFO - [2026-05-19T19:23:26.494+0000] {dag.py:3047} INFO - Sync 1 DAGs
[2026-05-19T19:23:26.513+0000] {logging_mixin.py:188} INFO - [2026-05-19T19:23:26.513+0000] {dag.py:3834} INFO - Setting next_dagrun for example_branch_dop_operator_v3 to 2026-05-19 19:22:00+00:00, run_after=2026-05-19 19:23:00+00:00
[2026-05-19T19:23:26.532+0000] {processor.py:183} INFO - Processing /home/airflow/.local/lib/python3.8/site-packages/airflow/example_dags/example_branch_python_dop_operator_3.py took 0.069 seconds
[2026-05-19T19:23:56.676+0000] {processor.py:161} INFO - Started process (PID=8656) to work on /home/airflow/.local/lib/python3.8/site-packages/airflow/example_dags/example_branch_python_dop_operator_3.py
[2026-05-19T19:23:56.678+0000] {processor.py:830} INFO - Processing file /home/airflow/.local/lib/python3.8/site-packages/airflow/example_dags/example_branch_python_dop_operator_3.py for tasks to queue
[2026-05-19T19:23:56.680+0000] {logging_mixin.py:188} INFO - [2026-05-19T19:23:56.680+0000] {dagbag.py:540} INFO - Filling up the DagBag from /home/airflow/.local/lib/python3.8/site-packages/airflow/example_dags/example_branch_python_dop_operator_3.py
[2026-05-19T19:23:56.690+0000] {processor.py:840} INFO - DAG(s) 'example_branch_dop_operator_v3' retrieved from /home/airflow/.local/lib/python3.8/site-packages/airflow/example_dags/example_branch_python_dop_operator_3.py
[2026-05-19T19:23:56.711+0000] {logging_mixin.py:188} INFO - [2026-05-19T19:23:56.711+0000] {dag.py:3047} INFO - Sync 1 DAGs
[2026-05-19T19:23:56.736+0000] {logging_mixin.py:188} INFO - [2026-05-19T19:23:56.736+0000] {dag.py:3834} INFO - Setting next_dagrun for example_branch_dop_operator_v3 to 2026-05-19 19:22:00+00:00, run_after=2026-05-19 19:23:00+00:00
[2026-05-19T19:23:56.757+0000] {processor.py:183} INFO - Processing /home/airflow/.local/lib/python3.8/site-packages/airflow/example_dags/example_branch_python_dop_operator_3.py took 0.084 seconds
[2026-05-19T19:24:28.483+0000] {processor.py:161} INFO - Started process (PID=8711) to work on /home/airflow/.local/lib/python3.8/site-packages/airflow/example_dags/example_branch_python_dop_operator_3.py
[2026-05-19T19:24:28.489+0000] {processor.py:830} INFO - Processing file /home/airflow/.local/lib/python3.8/site-packages/airflow/example_dags/example_branch_python_dop_operator_3.py for tasks to queue
[2026-05-19T19:24:28.502+0000] {logging_mixin.py:188} INFO - [2026-05-19T19:24:28.501+0000] {dagbag.py:540} INFO - Filling up the DagBag from /home/airflow/.local/lib/python3.8/site-packages/airflow/example_dags/example_branch_python_dop_operator_3.py
[2026-05-19T19:24:28.530+0000] {processor.py:840} INFO - DAG(s) 'example_branch_dop_operator_v3' retrieved from /home/airflow/.local/lib/python3.8/site-packages/airflow/example_dags/example_branch_python_dop_operator_3.py
[2026-05-19T19:24:28.615+0000] {logging_mixin.py:188} INFO - [2026-05-19T19:24:28.614+0000] {dag.py:3047} INFO - Sync 1 DAGs
[2026-05-19T19:24:28.696+0000] {logging_mixin.py:188} INFO - [2026-05-19T19:24:28.696+0000] {dag.py:3834} INFO - Setting next_dagrun for example_branch_dop_operator_v3 to 2026-05-19 19:23:00+00:00, run_after=2026-05-19 19:24:00+00:00
[2026-05-19T19:24:28.755+0000] {processor.py:183} INFO - Processing /home/airflow/.local/lib/python3.8/site-packages/airflow/example_dags/example_branch_python_dop_operator_3.py took 0.283 seconds
[2026-05-19T19:24:59.435+0000] {processor.py:161} INFO - Started process (PID=8766) to work on /home/airflow/.local/lib/python3.8/site-packages/airflow/example_dags/example_branch_python_dop_operator_3.py
[2026-05-19T19:24:59.438+0000] {processor.py:830} INFO - Processing file /home/airflow/.local/lib/python3.8/site-packages/airflow/example_dags/example_branch_python_dop_operator_3.py for tasks to queue
[2026-05-19T19:24:59.443+0000] {logging_mixin.py:188} INFO - [2026-05-19T19:24:59.442+0000] {dagbag.py:540} INFO - Filling up the DagBag from /home/airflow/.local/lib/python3.8/site-packages/airflow/example_dags/example_branch_python_dop_operator_3.py
[2026-05-19T19:24:59.459+0000] {processor.py:840} INFO - DAG(s) 'example_branch_dop_operator_v3' retrieved from /home/airflow/.local/lib/python3.8/site-packages/airflow/example_dags/example_branch_python_dop_operator_3.py
[2026-05-19T19:24:59.499+0000] {logging_mixin.py:188} INFO - [2026-05-19T19:24:59.498+0000] {dag.py:3047} INFO - Sync 1 DAGs
[2026-05-19T19:24:59.543+0000] {logging_mixin.py:188} INFO - [2026-05-19T19:24:59.542+0000] {dag.py:3834} INFO - Setting next_dagrun for example_branch_dop_operator_v3 to 2026-05-19 19:23:00+00:00, run_after=2026-05-19 19:24:00+00:00
[2026-05-19T19:24:59.580+0000] {processor.py:183} INFO - Processing /home/airflow/.local/lib/python3.8/site-packages/airflow/example_dags/example_branch_python_dop_operator_3.py took 0.149 seconds
[2026-05-19T19:25:30.673+0000] {processor.py:161} INFO - Started process (PID=8821) to work on /home/airflow/.local/lib/python3.8/site-packages/airflow/example_dags/example_branch_python_dop_operator_3.py
[2026-05-19T19:25:30.676+0000] {processor.py:830} INFO - Processing file /home/airflow/.local/lib/python3.8/site-packages/airflow/example_dags/example_branch_python_dop_operator_3.py for tasks to queue
[2026-05-19T19:25:30.689+0000] {logging_mixin.py:188} INFO - [2026-05-19T19:25:30.685+0000] {dagbag.py:540} INFO - Filling up the DagBag from /home/airflow/.local/lib/python3.8/site-packages/airflow/example_dags/example_branch_python_dop_operator_3.py
[2026-05-19T19:25:30.718+0000] {processor.py:840} INFO - DAG(s) 'example_branch_dop_operator_v3' retrieved from /home/airflow/.local/lib/python3.8/site-packages/airflow/example_dags/example_branch_python_dop_operator_3.py
[2026-05-19T19:25:30.774+0000] {logging_mixin.py:188} INFO - [2026-05-19T19:25:30.774+0000] {dag.py:3047} INFO - Sync 1 DAGs
[2026-05-19T19:25:30.833+0000] {logging_mixin.py:188} INFO - [2026-05-19T19:25:30.833+0000] {dag.py:3834} INFO - Setting next_dagrun for example_branch_dop_operator_v3 to 2026-05-19 19:24:00+00:00, run_after=2026-05-19 19:25:00+00:00
[2026-05-19T19:25:30.883+0000] {processor.py:183} INFO - Processing /home/airflow/.local/lib/python3.8/site-packages/airflow/example_dags/example_branch_python_dop_operator_3.py took 0.220 seconds
[2026-05-19T19:26:01.390+0000] {processor.py:161} INFO - Started process (PID=8876) to work on /home/airflow/.local/lib/python3.8/site-packages/airflow/example_dags/example_branch_python_dop_operator_3.py
[2026-05-19T19:26:01.391+0000] {processor.py:830} INFO - Processing file /home/airflow/.local/lib/python3.8/site-packages/airflow/example_dags/example_branch_python_dop_operator_3.py for tasks to queue
[2026-05-19T19:26:01.394+0000] {logging_mixin.py:188} INFO - [2026-05-19T19:26:01.394+0000] {dagbag.py:540} INFO - Filling up the DagBag from /home/airflow/.local/lib/python3.8/site-packages/airflow/example_dags/example_branch_python_dop_operator_3.py
[2026-05-19T19:26:01.409+0000] {processor.py:840} INFO - DAG(s) 'example_branch_dop_operator_v3' retrieved from /home/airflow/.local/lib/python3.8/site-packages/airflow/example_dags/example_branch_python_dop_operator_3.py
[2026-05-19T19:26:01.440+0000] {logging_mixin.py:188} INFO - [2026-05-19T19:26:01.440+0000] {dag.py:3047} INFO - Sync 1 DAGs
[2026-05-19T19:26:01.473+0000] {logging_mixin.py:188} INFO - [2026-05-19T19:26:01.473+0000] {dag.py:3834} INFO - Setting next_dagrun for example_branch_dop_operator_v3 to 2026-05-19 19:25:00+00:00, run_after=2026-05-19 19:26:00+00:00
[2026-05-19T19:26:01.504+0000] {processor.py:183} INFO - Processing /home/airflow/.local/lib/python3.8/site-packages/airflow/example_dags/example_branch_python_dop_operator_3.py took 0.119 seconds
[2026-05-19T19:26:32.209+0000] {processor.py:161} INFO - Started process (PID=8929) to work on /home/airflow/.local/lib/python3.8/site-packages/airflow/example_dags/example_branch_python_dop_operator_3.py
[2026-05-19T19:26:32.210+0000] {processor.py:830} INFO - Processing file /home/airflow/.local/lib/python3.8/site-packages/airflow/example_dags/example_branch_python_dop_operator_3.py for tasks to queue
[2026-05-19T19:26:32.213+0000] {logging_mixin.py:188} INFO - [2026-05-19T19:26:32.213+0000] {dagbag.py:540} INFO - Filling up the DagBag from /home/airflow/.local/lib/python3.8/site-packages/airflow/example_dags/example_branch_python_dop_operator_3.py
[2026-05-19T19:26:32.222+0000] {processor.py:840} INFO - DAG(s) 'example_branch_dop_operator_v3' retrieved from /home/airflow/.local/lib/python3.8/site-packages/airflow/example_dags/example_branch_python_dop_operator_3.py
[2026-05-19T19:26:32.246+0000] {logging_mixin.py:188} INFO - [2026-05-19T19:26:32.246+0000] {dag.py:3047} INFO - Sync 1 DAGs
[2026-05-19T19:26:32.273+0000] {logging_mixin.py:188} INFO - [2026-05-19T19:26:32.272+0000] {dag.py:3834} INFO - Setting next_dagrun for example_branch_dop_operator_v3 to 2026-05-19 19:25:00+00:00, run_after=2026-05-19 19:26:00+00:00
[2026-05-19T19:26:32.296+0000] {processor.py:183} INFO - Processing /home/airflow/.local/lib/python3.8/site-packages/airflow/example_dags/example_branch_python_dop_operator_3.py took 0.091 seconds
[2026-05-19T19:27:02.748+0000] {processor.py:161} INFO - Started process (PID=8984) to work on /home/airflow/.local/lib/python3.8/site-packages/airflow/example_dags/example_branch_python_dop_operator_3.py
[2026-05-19T19:27:02.750+0000] {processor.py:830} INFO - Processing file /home/airflow/.local/lib/python3.8/site-packages/airflow/example_dags/example_branch_python_dop_operator_3.py for tasks to queue
[2026-05-19T19:27:02.752+0000] {logging_mixin.py:188} INFO - [2026-05-19T19:27:02.752+0000] {dagbag.py:540} INFO - Filling up the DagBag from /home/airflow/.local/lib/python3.8/site-packages/airflow/example_dags/example_branch_python_dop_operator_3.py
[2026-05-19T19:27:02.763+0000] {processor.py:840} INFO - DAG(s) 'example_branch_dop_operator_v3' retrieved from /home/airflow/.local/lib/python3.8/site-packages/airflow/example_dags/example_branch_python_dop_operator_3.py
[2026-05-19T19:27:02.786+0000] {logging_mixin.py:188} INFO - [2026-05-19T19:27:02.786+0000] {dag.py:3047} INFO - Sync 1 DAGs
[2026-05-19T19:27:02.809+0000] {logging_mixin.py:188} INFO - [2026-05-19T19:27:02.809+0000] {dag.py:3834} INFO - Setting next_dagrun for example_branch_dop_operator_v3 to 2026-05-19 19:26:00+00:00, run_after=2026-05-19 19:27:00+00:00
[2026-05-19T19:27:02.829+0000] {processor.py:183} INFO - Processing /home/airflow/.local/lib/python3.8/site-packages/airflow/example_dags/example_branch_python_dop_operator_3.py took 0.085 seconds
[2026-05-19T19:27:33.709+0000] {processor.py:161} INFO - Started process (PID=9039) to work on /home/airflow/.local/lib/python3.8/site-packages/airflow/example_dags/example_branch_python_dop_operator_3.py
[2026-05-19T19:27:33.711+0000] {processor.py:830} INFO - Processing file /home/airflow/.local/lib/python3.8/site-packages/airflow/example_dags/example_branch_python_dop_operator_3.py for tasks to queue
[2026-05-19T19:27:33.714+0000] {logging_mixin.py:188} INFO - [2026-05-19T19:27:33.713+0000] {dagbag.py:540} INFO - Filling up the DagBag from /home/airflow/.local/lib/python3.8/site-packages/airflow/example_dags/example_branch_python_dop_operator_3.py
[2026-05-19T19:27:33.725+0000] {processor.py:840} INFO - DAG(s) 'example_branch_dop_operator_v3' retrieved from /home/airflow/.local/lib/python3.8/site-packages/airflow/example_dags/example_branch_python_dop_operator_3.py
[2026-05-19T19:27:33.752+0000] {logging_mixin.py:188} INFO - [2026-05-19T19:27:33.752+0000] {dag.py:3047} INFO - Sync 1 DAGs
[2026-05-19T19:27:33.791+0000] {logging_mixin.py:188} INFO - [2026-05-19T19:27:33.791+0000] {dag.py:3834} INFO - Setting next_dagrun for example_branch_dop_operator_v3 to 2026-05-19 19:26:00+00:00, run_after=2026-05-19 19:27:00+00:00
[2026-05-19T19:27:33.826+0000] {processor.py:183} INFO - Processing /home/airflow/.local/lib/python3.8/site-packages/airflow/example_dags/example_branch_python_dop_operator_3.py took 0.122 seconds
[2026-05-19T19:28:04.292+0000] {processor.py:161} INFO - Started process (PID=9094) to work on /home/airflow/.local/lib/python3.8/site-packages/airflow/example_dags/example_branch_python_dop_operator_3.py
[2026-05-19T19:28:04.295+0000] {processor.py:830} INFO - Processing file /home/airflow/.local/lib/python3.8/site-packages/airflow/example_dags/example_branch_python_dop_operator_3.py for tasks to queue
[2026-05-19T19:28:04.298+0000] {logging_mixin.py:188} INFO - [2026-05-19T19:28:04.298+0000] {dagbag.py:540} INFO - Filling up the DagBag from /home/airflow/.local/lib/python3.8/site-packages/airflow/example_dags/example_branch_python_dop_operator_3.py
[2026-05-19T19:28:04.312+0000] {processor.py:840} INFO - DAG(s) 'example_branch_dop_operator_v3' retrieved from /home/airflow/.local/lib/python3.8/site-packages/airflow/example_dags/example_branch_python_dop_operator_3.py
[2026-05-19T19:28:04.336+0000] {logging_mixin.py:188} INFO - [2026-05-19T19:28:04.335+0000] {dag.py:3047} INFO - Sync 1 DAGs
[2026-05-19T19:28:04.362+0000] {logging_mixin.py:188} INFO - [2026-05-19T19:28:04.361+0000] {dag.py:3834} INFO - Setting next_dagrun for example_branch_dop_operator_v3 to 2026-05-19 19:27:00+00:00, run_after=2026-05-19 19:28:00+00:00
[2026-05-19T19:28:04.387+0000] {processor.py:183} INFO - Processing /home/airflow/.local/lib/python3.8/site-packages/airflow/example_dags/example_branch_python_dop_operator_3.py took 0.099 seconds
[2026-05-19T19:28:35.255+0000] {processor.py:161} INFO - Started process (PID=9149) to work on /home/airflow/.local/lib/python3.8/site-packages/airflow/example_dags/example_branch_python_dop_operator_3.py
[2026-05-19T19:28:35.258+0000] {processor.py:830} INFO - Processing file /home/airflow/.local/lib/python3.8/site-packages/airflow/example_dags/example_branch_python_dop_operator_3.py for tasks to queue
[2026-05-19T19:28:35.262+0000] {logging_mixin.py:188} INFO - [2026-05-19T19:28:35.261+0000] {dagbag.py:540} INFO - Filling up the DagBag from /home/airflow/.local/lib/python3.8/site-packages/airflow/example_dags/example_branch_python_dop_operator_3.py
[2026-05-19T19:28:35.284+0000] {processor.py:840} INFO - DAG(s) 'example_branch_dop_operator_v3' retrieved from /home/airflow/.local/lib/python3.8/site-packages/airflow/example_dags/example_branch_python_dop_operator_3.py
[2026-05-19T19:28:35.340+0000] {logging_mixin.py:188} INFO - [2026-05-19T19:28:35.340+0000] {dag.py:3047} INFO - Sync 1 DAGs
[2026-05-19T19:28:35.395+0000] {logging_mixin.py:188} INFO - [2026-05-19T19:28:35.395+0000] {dag.py:3834} INFO - Setting next_dagrun for example_branch_dop_operator_v3 to 2026-05-19 19:27:00+00:00, run_after=2026-05-19 19:28:00+00:00
[2026-05-19T19:28:35.445+0000] {processor.py:183} INFO - Processing /home/airflow/.local/lib/python3.8/site-packages/airflow/example_dags/example_branch_python_dop_operator_3.py took 0.197 seconds
[2026-05-19T19:29:05.775+0000] {processor.py:161} INFO - Started process (PID=9204) to work on /home/airflow/.local/lib/python3.8/site-packages/airflow/example_dags/example_branch_python_dop_operator_3.py
[2026-05-19T19:29:05.777+0000] {processor.py:830} INFO - Processing file /home/airflow/.local/lib/python3.8/site-packages/airflow/example_dags/example_branch_python_dop_operator_3.py for tasks to queue
[2026-05-19T19:29:05.780+0000] {logging_mixin.py:188} INFO - [2026-05-19T19:29:05.780+0000] {dagbag.py:540} INFO - Filling up the DagBag from /home/airflow/.local/lib/python3.8/site-packages/airflow/example_dags/example_branch_python_dop_operator_3.py
[2026-05-19T19:29:05.797+0000] {processor.py:840} INFO - DAG(s) 'example_branch_dop_operator_v3' retrieved from /home/airflow/.local/lib/python3.8/site-packages/airflow/example_dags/example_branch_python_dop_operator_3.py
[2026-05-19T19:29:05.826+0000] {logging_mixin.py:188} INFO - [2026-05-19T19:29:05.825+0000] {dag.py:3047} INFO - Sync 1 DAGs
[2026-05-19T19:29:05.857+0000] {logging_mixin.py:188} INFO - [2026-05-19T19:29:05.857+0000] {dag.py:3834} INFO - Setting next_dagrun for example_branch_dop_operator_v3 to 2026-05-19 19:28:00+00:00, run_after=2026-05-19 19:29:00+00:00
[2026-05-19T19:29:05.897+0000] {processor.py:183} INFO - Processing /home/airflow/.local/lib/python3.8/site-packages/airflow/example_dags/example_branch_python_dop_operator_3.py took 0.126 seconds
[2026-05-19T19:29:36.585+0000] {processor.py:161} INFO - Started process (PID=9259) to work on /home/airflow/.local/lib/python3.8/site-packages/airflow/example_dags/example_branch_python_dop_operator_3.py
[2026-05-19T19:29:36.606+0000] {processor.py:830} INFO - Processing file /home/airflow/.local/lib/python3.8/site-packages/airflow/example_dags/example_branch_python_dop_operator_3.py for tasks to queue
[2026-05-19T19:29:36.616+0000] {logging_mixin.py:188} INFO - [2026-05-19T19:29:36.615+0000] {dagbag.py:540} INFO - Filling up the DagBag from /home/airflow/.local/lib/python3.8/site-packages/airflow/example_dags/example_branch_python_dop_operator_3.py
[2026-05-19T19:29:36.635+0000] {processor.py:840} INFO - DAG(s) 'example_branch_dop_operator_v3' retrieved from /home/airflow/.local/lib/python3.8/site-packages/airflow/example_dags/example_branch_python_dop_operator_3.py
[2026-05-19T19:29:36.662+0000] {logging_mixin.py:188} INFO - [2026-05-19T19:29:36.662+0000] {dag.py:3047} INFO - Sync 1 DAGs
[2026-05-19T19:29:36.697+0000] {logging_mixin.py:188} INFO - [2026-05-19T19:29:36.696+0000] {dag.py:3834} INFO - Setting next_dagrun for example_branch_dop_operator_v3 to 2026-05-19 19:28:00+00:00, run_after=2026-05-19 19:29:00+00:00
[2026-05-19T19:29:36.727+0000] {processor.py:183} INFO - Processing /home/airflow/.local/lib/python3.8/site-packages/airflow/example_dags/example_branch_python_dop_operator_3.py took 0.148 seconds
[2026-05-19T19:30:06.855+0000] {processor.py:161} INFO - Started process (PID=9314) to work on /home/airflow/.local/lib/python3.8/site-packages/airflow/example_dags/example_branch_python_dop_operator_3.py
[2026-05-19T19:30:06.858+0000] {processor.py:830} INFO - Processing file /home/airflow/.local/lib/python3.8/site-packages/airflow/example_dags/example_branch_python_dop_operator_3.py for tasks to queue
[2026-05-19T19:30:06.863+0000] {logging_mixin.py:188} INFO - [2026-05-19T19:30:06.863+0000] {dagbag.py:540} INFO - Filling up the DagBag from /home/airflow/.local/lib/python3.8/site-packages/airflow/example_dags/example_branch_python_dop_operator_3.py
[2026-05-19T19:30:06.884+0000] {processor.py:840} INFO - DAG(s) 'example_branch_dop_operator_v3' retrieved from /home/airflow/.local/lib/python3.8/site-packages/airflow/example_dags/example_branch_python_dop_operator_3.py
[2026-05-19T19:30:06.935+0000] {logging_mixin.py:188} INFO - [2026-05-19T19:30:06.934+0000] {dag.py:3047} INFO - Sync 1 DAGs
[2026-05-19T19:30:06.986+0000] {logging_mixin.py:188} INFO - [2026-05-19T19:30:06.985+0000] {dag.py:3834} INFO - Setting next_dagrun for example_branch_dop_operator_v3 to 2026-05-19 19:29:00+00:00, run_after=2026-05-19 19:30:00+00:00
[2026-05-19T19:30:07.032+0000] {processor.py:183} INFO - Processing /home/airflow/.local/lib/python3.8/site-packages/airflow/example_dags/example_branch_python_dop_operator_3.py took 0.185 seconds
[2026-05-19T19:30:37.542+0000] {processor.py:161} INFO - Started process (PID=9369) to work on /home/airflow/.local/lib/python3.8/site-packages/airflow/example_dags/example_branch_python_dop_operator_3.py
[2026-05-19T19:30:37.545+0000] {processor.py:830} INFO - Processing file /home/airflow/.local/lib/python3.8/site-packages/airflow/example_dags/example_branch_python_dop_operator_3.py for tasks to queue
[2026-05-19T19:30:37.549+0000] {logging_mixin.py:188} INFO - [2026-05-19T19:30:37.548+0000] {dagbag.py:540} INFO - Filling up the DagBag from /home/airflow/.local/lib/python3.8/site-packages/airflow/example_dags/example_branch_python_dop_operator_3.py
[2026-05-19T19:30:37.561+0000] {processor.py:840} INFO - DAG(s) 'example_branch_dop_operator_v3' retrieved from /home/airflow/.local/lib/python3.8/site-packages/airflow/example_dags/example_branch_python_dop_operator_3.py
[2026-05-19T19:30:37.595+0000] {logging_mixin.py:188} INFO - [2026-05-19T19:30:37.594+0000] {dag.py:3047} INFO - Sync 1 DAGs
[2026-05-19T19:30:37.632+0000] {logging_mixin.py:188} INFO - [2026-05-19T19:30:37.632+0000] {dag.py:3834} INFO - Setting next_dagrun for example_branch_dop_operator_v3 to 2026-05-19 19:29:00+00:00, run_after=2026-05-19 19:30:00+00:00
[2026-05-19T19:30:37.667+0000] {processor.py:183} INFO - Processing /home/airflow/.local/lib/python3.8/site-packages/airflow/example_dags/example_branch_python_dop_operator_3.py took 0.129 seconds
[2026-05-19T19:31:07.841+0000] {processor.py:161} INFO - Started process (PID=9424) to work on /home/airflow/.local/lib/python3.8/site-packages/airflow/example_dags/example_branch_python_dop_operator_3.py
[2026-05-19T19:31:07.843+0000] {processor.py:830} INFO - Processing file /home/airflow/.local/lib/python3.8/site-packages/airflow/example_dags/example_branch_python_dop_operator_3.py for tasks to queue
[2026-05-19T19:31:07.847+0000] {logging_mixin.py:188} INFO - [2026-05-19T19:31:07.846+0000] {dagbag.py:540} INFO - Filling up the DagBag from /home/airflow/.local/lib/python3.8/site-packages/airflow/example_dags/example_branch_python_dop_operator_3.py
[2026-05-19T19:31:07.862+0000] {processor.py:840} INFO - DAG(s) 'example_branch_dop_operator_v3' retrieved from /home/airflow/.local/lib/python3.8/site-packages/airflow/example_dags/example_branch_python_dop_operator_3.py
[2026-05-19T19:31:07.893+0000] {logging_mixin.py:188} INFO - [2026-05-19T19:31:07.892+0000] {dag.py:3047} INFO - Sync 1 DAGs
[2026-05-19T19:31:07.925+0000] {logging_mixin.py:188} INFO - [2026-05-19T19:31:07.924+0000] {dag.py:3834} INFO - Setting next_dagrun for example_branch_dop_operator_v3 to 2026-05-19 19:30:00+00:00, run_after=2026-05-19 19:31:00+00:00
[2026-05-19T19:31:07.953+0000] {processor.py:183} INFO - Processing /home/airflow/.local/lib/python3.8/site-packages/airflow/example_dags/example_branch_python_dop_operator_3.py took 0.119 seconds
[2026-05-19T19:31:38.917+0000] {processor.py:161} INFO - Started process (PID=9479) to work on /home/airflow/.local/lib/python3.8/site-packages/airflow/example_dags/example_branch_python_dop_operator_3.py
[2026-05-19T19:31:38.920+0000] {processor.py:830} INFO - Processing file /home/airflow/.local/lib/python3.8/site-packages/airflow/example_dags/example_branch_python_dop_operator_3.py for tasks to queue
[2026-05-19T19:31:38.924+0000] {logging_mixin.py:188} INFO - [2026-05-19T19:31:38.924+0000] {dagbag.py:540} INFO - Filling up the DagBag from /home/airflow/.local/lib/python3.8/site-packages/airflow/example_dags/example_branch_python_dop_operator_3.py
[2026-05-19T19:31:38.943+0000] {processor.py:840} INFO - DAG(s) 'example_branch_dop_operator_v3' retrieved from /home/airflow/.local/lib/python3.8/site-packages/airflow/example_dags/example_branch_python_dop_operator_3.py
[2026-05-19T19:31:38.985+0000] {logging_mixin.py:188} INFO - [2026-05-19T19:31:38.984+0000] {dag.py:3047} INFO - Sync 1 DAGs
[2026-05-19T19:31:39.023+0000] {logging_mixin.py:188} INFO - [2026-05-19T19:31:39.023+0000] {dag.py:3834} INFO - Setting next_dagrun for example_branch_dop_operator_v3 to 2026-05-19 19:30:00+00:00, run_after=2026-05-19 19:31:00+00:00
[2026-05-19T19:31:39.059+0000] {processor.py:183} INFO - Processing /home/airflow/.local/lib/python3.8/site-packages/airflow/example_dags/example_branch_python_dop_operator_3.py took 0.151 seconds
[2026-05-19T19:32:09.285+0000] {processor.py:161} INFO - Started process (PID=9534) to work on /home/airflow/.local/lib/python3.8/site-packages/airflow/example_dags/example_branch_python_dop_operator_3.py
[2026-05-19T19:32:09.287+0000] {processor.py:830} INFO - Processing file /home/airflow/.local/lib/python3.8/site-packages/airflow/example_dags/example_branch_python_dop_operator_3.py for tasks to queue
[2026-05-19T19:32:09.289+0000] {logging_mixin.py:188} INFO - [2026-05-19T19:32:09.289+0000] {dagbag.py:540} INFO - Filling up the DagBag from /home/airflow/.local/lib/python3.8/site-packages/airflow/example_dags/example_branch_python_dop_operator_3.py
[2026-05-19T19:32:09.301+0000] {processor.py:840} INFO - DAG(s) 'example_branch_dop_operator_v3' retrieved from /home/airflow/.local/lib/python3.8/site-packages/airflow/example_dags/example_branch_python_dop_operator_3.py
[2026-05-19T19:32:09.326+0000] {logging_mixin.py:188} INFO - [2026-05-19T19:32:09.326+0000] {dag.py:3047} INFO - Sync 1 DAGs
[2026-05-19T19:32:09.356+0000] {logging_mixin.py:188} INFO - [2026-05-19T19:32:09.356+0000] {dag.py:3834} INFO - Setting next_dagrun for example_branch_dop_operator_v3 to 2026-05-19 19:31:00+00:00, run_after=2026-05-19 19:32:00+00:00
[2026-05-19T19:32:09.381+0000] {processor.py:183} INFO - Processing /home/airflow/.local/lib/python3.8/site-packages/airflow/example_dags/example_branch_python_dop_operator_3.py took 0.100 seconds
[2026-05-19T19:32:39.590+0000] {processor.py:161} INFO - Started process (PID=9589) to work on /home/airflow/.local/lib/python3.8/site-packages/airflow/example_dags/example_branch_python_dop_operator_3.py
[2026-05-19T19:32:39.591+0000] {processor.py:830} INFO - Processing file /home/airflow/.local/lib/python3.8/site-packages/airflow/example_dags/example_branch_python_dop_operator_3.py for tasks to queue
[2026-05-19T19:32:39.594+0000] {logging_mixin.py:188} INFO - [2026-05-19T19:32:39.594+0000] {dagbag.py:540} INFO - Filling up the DagBag from /home/airflow/.local/lib/python3.8/site-packages/airflow/example_dags/example_branch_python_dop_operator_3.py
[2026-05-19T19:32:39.605+0000] {processor.py:840} INFO - DAG(s) 'example_branch_dop_operator_v3' retrieved from /home/airflow/.local/lib/python3.8/site-packages/airflow/example_dags/example_branch_python_dop_operator_3.py
[2026-05-19T19:32:39.632+0000] {logging_mixin.py:188} INFO - [2026-05-19T19:32:39.632+0000] {dag.py:3047} INFO - Sync 1 DAGs
[2026-05-19T19:32:39.660+0000] {logging_mixin.py:188} INFO - [2026-05-19T19:32:39.659+0000] {dag.py:3834} INFO - Setting next_dagrun for example_branch_dop_operator_v3 to 2026-05-19 19:31:00+00:00, run_after=2026-05-19 19:32:00+00:00
[2026-05-19T19:32:39.686+0000] {processor.py:183} INFO - Processing /home/airflow/.local/lib/python3.8/site-packages/airflow/example_dags/example_branch_python_dop_operator_3.py took 0.100 seconds
[2026-05-19T19:33:10.448+0000] {processor.py:161} INFO - Started process (PID=9644) to work on /home/airflow/.local/lib/python3.8/site-packages/airflow/example_dags/example_branch_python_dop_operator_3.py
[2026-05-19T19:33:10.451+0000] {processor.py:830} INFO - Processing file /home/airflow/.local/lib/python3.8/site-packages/airflow/example_dags/example_branch_python_dop_operator_3.py for tasks to queue
[2026-05-19T19:33:10.455+0000] {logging_mixin.py:188} INFO - [2026-05-19T19:33:10.455+0000] {dagbag.py:540} INFO - Filling up the DagBag from /home/airflow/.local/lib/python3.8/site-packages/airflow/example_dags/example_branch_python_dop_operator_3.py
[2026-05-19T19:33:10.469+0000] {processor.py:840} INFO - DAG(s) 'example_branch_dop_operator_v3' retrieved from /home/airflow/.local/lib/python3.8/site-packages/airflow/example_dags/example_branch_python_dop_operator_3.py
[2026-05-19T19:33:10.501+0000] {logging_mixin.py:188} INFO - [2026-05-19T19:33:10.501+0000] {dag.py:3047} INFO - Sync 1 DAGs
[2026-05-19T19:33:10.537+0000] {logging_mixin.py:188} INFO - [2026-05-19T19:33:10.537+0000] {dag.py:3834} INFO - Setting next_dagrun for example_branch_dop_operator_v3 to 2026-05-19 19:32:00+00:00, run_after=2026-05-19 19:33:00+00:00
[2026-05-19T19:33:10.574+0000] {processor.py:183} INFO - Processing /home/airflow/.local/lib/python3.8/site-packages/airflow/example_dags/example_branch_python_dop_operator_3.py took 0.131 seconds
[2026-05-19T19:33:41.862+0000] {processor.py:161} INFO - Started process (PID=9699) to work on /home/airflow/.local/lib/python3.8/site-packages/airflow/example_dags/example_branch_python_dop_operator_3.py
[2026-05-19T19:33:41.865+0000] {processor.py:830} INFO - Processing file /home/airflow/.local/lib/python3.8/site-packages/airflow/example_dags/example_branch_python_dop_operator_3.py for tasks to queue
[2026-05-19T19:33:41.871+0000] {logging_mixin.py:188} INFO - [2026-05-19T19:33:41.870+0000] {dagbag.py:540} INFO - Filling up the DagBag from /home/airflow/.local/lib/python3.8/site-packages/airflow/example_dags/example_branch_python_dop_operator_3.py
[2026-05-19T19:33:41.890+0000] {processor.py:840} INFO - DAG(s) 'example_branch_dop_operator_v3' retrieved from /home/airflow/.local/lib/python3.8/site-packages/airflow/example_dags/example_branch_python_dop_operator_3.py
[2026-05-19T19:33:41.942+0000] {logging_mixin.py:188} INFO - [2026-05-19T19:33:41.942+0000] {dag.py:3047} INFO - Sync 1 DAGs
[2026-05-19T19:33:41.986+0000] {logging_mixin.py:188} INFO - [2026-05-19T19:33:41.986+0000] {dag.py:3834} INFO - Setting next_dagrun for example_branch_dop_operator_v3 to 2026-05-19 19:32:00+00:00, run_after=2026-05-19 19:33:00+00:00
[2026-05-19T19:33:42.024+0000] {processor.py:183} INFO - Processing /home/airflow/.local/lib/python3.8/site-packages/airflow/example_dags/example_branch_python_dop_operator_3.py took 0.170 seconds
