[2026-05-19T19:18:13.221+0000] {processor.py:161} INFO - Started process (PID=8018) to work on /home/airflow/.local/lib/python3.8/site-packages/airflow/example_dags/example_nested_branch_dag.py
[2026-05-19T19:18:13.224+0000] {processor.py:830} INFO - Processing file /home/airflow/.local/lib/python3.8/site-packages/airflow/example_dags/example_nested_branch_dag.py for tasks to queue
[2026-05-19T19:18:13.233+0000] {logging_mixin.py:188} INFO - [2026-05-19T19:18:13.232+0000] {dagbag.py:540} INFO - Filling up the DagBag from /home/airflow/.local/lib/python3.8/site-packages/airflow/example_dags/example_nested_branch_dag.py
[2026-05-19T19:18:13.273+0000] {processor.py:840} INFO - DAG(s) 'example_nested_branch_dag' retrieved from /home/airflow/.local/lib/python3.8/site-packages/airflow/example_dags/example_nested_branch_dag.py
[2026-05-19T19:18:13.352+0000] {logging_mixin.py:188} INFO - [2026-05-19T19:18:13.347+0000] {dag.py:3047} INFO - Sync 1 DAGs
[2026-05-19T19:18:13.451+0000] {logging_mixin.py:188} INFO - [2026-05-19T19:18:13.450+0000] {dag.py:3834} INFO - Setting next_dagrun for example_nested_branch_dag to 2026-05-18 00:00:00+00:00, run_after=2026-05-19 00:00:00+00:00
[2026-05-19T19:18:13.508+0000] {processor.py:183} INFO - Processing /home/airflow/.local/lib/python3.8/site-packages/airflow/example_dags/example_nested_branch_dag.py took 0.297 seconds
[2026-05-19T19:18:44.502+0000] {processor.py:161} INFO - Started process (PID=8071) to work on /home/airflow/.local/lib/python3.8/site-packages/airflow/example_dags/example_nested_branch_dag.py
[2026-05-19T19:18:44.504+0000] {processor.py:830} INFO - Processing file /home/airflow/.local/lib/python3.8/site-packages/airflow/example_dags/example_nested_branch_dag.py for tasks to queue
[2026-05-19T19:18:44.506+0000] {logging_mixin.py:188} INFO - [2026-05-19T19:18:44.506+0000] {dagbag.py:540} INFO - Filling up the DagBag from /home/airflow/.local/lib/python3.8/site-packages/airflow/example_dags/example_nested_branch_dag.py
[2026-05-19T19:18:44.517+0000] {processor.py:840} INFO - DAG(s) 'example_nested_branch_dag' retrieved from /home/airflow/.local/lib/python3.8/site-packages/airflow/example_dags/example_nested_branch_dag.py
[2026-05-19T19:18:44.543+0000] {logging_mixin.py:188} INFO - [2026-05-19T19:18:44.543+0000] {dag.py:3047} INFO - Sync 1 DAGs
[2026-05-19T19:18:44.564+0000] {logging_mixin.py:188} INFO - [2026-05-19T19:18:44.563+0000] {dag.py:3834} INFO - Setting next_dagrun for example_nested_branch_dag to 2026-05-18 00:00:00+00:00, run_after=2026-05-19 00:00:00+00:00
[2026-05-19T19:18:44.583+0000] {processor.py:183} INFO - Processing /home/airflow/.local/lib/python3.8/site-packages/airflow/example_dags/example_nested_branch_dag.py took 0.085 seconds
[2026-05-19T19:19:14.964+0000] {processor.py:161} INFO - Started process (PID=8126) to work on /home/airflow/.local/lib/python3.8/site-packages/airflow/example_dags/example_nested_branch_dag.py
[2026-05-19T19:19:14.965+0000] {processor.py:830} INFO - Processing file /home/airflow/.local/lib/python3.8/site-packages/airflow/example_dags/example_nested_branch_dag.py for tasks to queue
[2026-05-19T19:19:14.967+0000] {logging_mixin.py:188} INFO - [2026-05-19T19:19:14.967+0000] {dagbag.py:540} INFO - Filling up the DagBag from /home/airflow/.local/lib/python3.8/site-packages/airflow/example_dags/example_nested_branch_dag.py
[2026-05-19T19:19:14.980+0000] {processor.py:840} INFO - DAG(s) 'example_nested_branch_dag' retrieved from /home/airflow/.local/lib/python3.8/site-packages/airflow/example_dags/example_nested_branch_dag.py
[2026-05-19T19:19:15.009+0000] {logging_mixin.py:188} INFO - [2026-05-19T19:19:15.009+0000] {dag.py:3047} INFO - Sync 1 DAGs
[2026-05-19T19:19:15.032+0000] {logging_mixin.py:188} INFO - [2026-05-19T19:19:15.032+0000] {dag.py:3834} INFO - Setting next_dagrun for example_nested_branch_dag to 2026-05-18 00:00:00+00:00, run_after=2026-05-19 00:00:00+00:00
[2026-05-19T19:19:15.056+0000] {processor.py:183} INFO - Processing /home/airflow/.local/lib/python3.8/site-packages/airflow/example_dags/example_nested_branch_dag.py took 0.097 seconds
[2026-05-19T19:19:45.338+0000] {processor.py:161} INFO - Started process (PID=8180) to work on /home/airflow/.local/lib/python3.8/site-packages/airflow/example_dags/example_nested_branch_dag.py
[2026-05-19T19:19:45.340+0000] {processor.py:830} INFO - Processing file /home/airflow/.local/lib/python3.8/site-packages/airflow/example_dags/example_nested_branch_dag.py for tasks to queue
[2026-05-19T19:19:45.342+0000] {logging_mixin.py:188} INFO - [2026-05-19T19:19:45.342+0000] {dagbag.py:540} INFO - Filling up the DagBag from /home/airflow/.local/lib/python3.8/site-packages/airflow/example_dags/example_nested_branch_dag.py
[2026-05-19T19:19:45.352+0000] {processor.py:840} INFO - DAG(s) 'example_nested_branch_dag' retrieved from /home/airflow/.local/lib/python3.8/site-packages/airflow/example_dags/example_nested_branch_dag.py
[2026-05-19T19:19:45.372+0000] {logging_mixin.py:188} INFO - [2026-05-19T19:19:45.372+0000] {dag.py:3047} INFO - Sync 1 DAGs
[2026-05-19T19:19:45.391+0000] {logging_mixin.py:188} INFO - [2026-05-19T19:19:45.391+0000] {dag.py:3834} INFO - Setting next_dagrun for example_nested_branch_dag to 2026-05-18 00:00:00+00:00, run_after=2026-05-19 00:00:00+00:00
[2026-05-19T19:19:45.408+0000] {processor.py:183} INFO - Processing /home/airflow/.local/lib/python3.8/site-packages/airflow/example_dags/example_nested_branch_dag.py took 0.073 seconds
[2026-05-19T19:20:16.221+0000] {processor.py:161} INFO - Started process (PID=8242) to work on /home/airflow/.local/lib/python3.8/site-packages/airflow/example_dags/example_nested_branch_dag.py
[2026-05-19T19:20:16.224+0000] {processor.py:830} INFO - Processing file /home/airflow/.local/lib/python3.8/site-packages/airflow/example_dags/example_nested_branch_dag.py for tasks to queue
[2026-05-19T19:20:16.229+0000] {logging_mixin.py:188} INFO - [2026-05-19T19:20:16.228+0000] {dagbag.py:540} INFO - Filling up the DagBag from /home/airflow/.local/lib/python3.8/site-packages/airflow/example_dags/example_nested_branch_dag.py
[2026-05-19T19:20:16.245+0000] {processor.py:840} INFO - DAG(s) 'example_nested_branch_dag' retrieved from /home/airflow/.local/lib/python3.8/site-packages/airflow/example_dags/example_nested_branch_dag.py
[2026-05-19T19:20:16.277+0000] {logging_mixin.py:188} INFO - [2026-05-19T19:20:16.277+0000] {dag.py:3047} INFO - Sync 1 DAGs
[2026-05-19T19:20:16.303+0000] {logging_mixin.py:188} INFO - [2026-05-19T19:20:16.303+0000] {dag.py:3834} INFO - Setting next_dagrun for example_nested_branch_dag to 2026-05-18 00:00:00+00:00, run_after=2026-05-19 00:00:00+00:00
[2026-05-19T19:20:16.332+0000] {processor.py:183} INFO - Processing /home/airflow/.local/lib/python3.8/site-packages/airflow/example_dags/example_nested_branch_dag.py took 0.116 seconds
[2026-05-19T19:20:47.154+0000] {processor.py:161} INFO - Started process (PID=8297) to work on /home/airflow/.local/lib/python3.8/site-packages/airflow/example_dags/example_nested_branch_dag.py
[2026-05-19T19:20:47.156+0000] {processor.py:830} INFO - Processing file /home/airflow/.local/lib/python3.8/site-packages/airflow/example_dags/example_nested_branch_dag.py for tasks to queue
[2026-05-19T19:20:47.158+0000] {logging_mixin.py:188} INFO - [2026-05-19T19:20:47.158+0000] {dagbag.py:540} INFO - Filling up the DagBag from /home/airflow/.local/lib/python3.8/site-packages/airflow/example_dags/example_nested_branch_dag.py
[2026-05-19T19:20:47.169+0000] {processor.py:840} INFO - DAG(s) 'example_nested_branch_dag' retrieved from /home/airflow/.local/lib/python3.8/site-packages/airflow/example_dags/example_nested_branch_dag.py
[2026-05-19T19:20:47.194+0000] {logging_mixin.py:188} INFO - [2026-05-19T19:20:47.193+0000] {dag.py:3047} INFO - Sync 1 DAGs
[2026-05-19T19:20:47.216+0000] {logging_mixin.py:188} INFO - [2026-05-19T19:20:47.215+0000] {dag.py:3834} INFO - Setting next_dagrun for example_nested_branch_dag to 2026-05-18 00:00:00+00:00, run_after=2026-05-19 00:00:00+00:00
[2026-05-19T19:20:47.244+0000] {processor.py:183} INFO - Processing /home/airflow/.local/lib/python3.8/site-packages/airflow/example_dags/example_nested_branch_dag.py took 0.093 seconds
[2026-05-19T19:21:17.398+0000] {processor.py:161} INFO - Started process (PID=8353) to work on /home/airflow/.local/lib/python3.8/site-packages/airflow/example_dags/example_nested_branch_dag.py
[2026-05-19T19:21:17.401+0000] {processor.py:830} INFO - Processing file /home/airflow/.local/lib/python3.8/site-packages/airflow/example_dags/example_nested_branch_dag.py for tasks to queue
[2026-05-19T19:21:17.406+0000] {logging_mixin.py:188} INFO - [2026-05-19T19:21:17.405+0000] {dagbag.py:540} INFO - Filling up the DagBag from /home/airflow/.local/lib/python3.8/site-packages/airflow/example_dags/example_nested_branch_dag.py
[2026-05-19T19:21:17.430+0000] {processor.py:840} INFO - DAG(s) 'example_nested_branch_dag' retrieved from /home/airflow/.local/lib/python3.8/site-packages/airflow/example_dags/example_nested_branch_dag.py
[2026-05-19T19:21:17.473+0000] {logging_mixin.py:188} INFO - [2026-05-19T19:21:17.473+0000] {dag.py:3047} INFO - Sync 1 DAGs
[2026-05-19T19:21:17.505+0000] {logging_mixin.py:188} INFO - [2026-05-19T19:21:17.505+0000] {dag.py:3834} INFO - Setting next_dagrun for example_nested_branch_dag to 2026-05-18 00:00:00+00:00, run_after=2026-05-19 00:00:00+00:00
[2026-05-19T19:21:17.537+0000] {processor.py:183} INFO - Processing /home/airflow/.local/lib/python3.8/site-packages/airflow/example_dags/example_nested_branch_dag.py took 0.148 seconds
[2026-05-19T19:21:47.745+0000] {processor.py:161} INFO - Started process (PID=8408) to work on /home/airflow/.local/lib/python3.8/site-packages/airflow/example_dags/example_nested_branch_dag.py
[2026-05-19T19:21:47.747+0000] {processor.py:830} INFO - Processing file /home/airflow/.local/lib/python3.8/site-packages/airflow/example_dags/example_nested_branch_dag.py for tasks to queue
[2026-05-19T19:21:47.750+0000] {logging_mixin.py:188} INFO - [2026-05-19T19:21:47.750+0000] {dagbag.py:540} INFO - Filling up the DagBag from /home/airflow/.local/lib/python3.8/site-packages/airflow/example_dags/example_nested_branch_dag.py
[2026-05-19T19:21:47.769+0000] {processor.py:840} INFO - DAG(s) 'example_nested_branch_dag' retrieved from /home/airflow/.local/lib/python3.8/site-packages/airflow/example_dags/example_nested_branch_dag.py
[2026-05-19T19:21:47.814+0000] {logging_mixin.py:188} INFO - [2026-05-19T19:21:47.814+0000] {dag.py:3047} INFO - Sync 1 DAGs
[2026-05-19T19:21:47.856+0000] {logging_mixin.py:188} INFO - [2026-05-19T19:21:47.856+0000] {dag.py:3834} INFO - Setting next_dagrun for example_nested_branch_dag to 2026-05-18 00:00:00+00:00, run_after=2026-05-19 00:00:00+00:00
[2026-05-19T19:21:47.893+0000] {processor.py:183} INFO - Processing /home/airflow/.local/lib/python3.8/site-packages/airflow/example_dags/example_nested_branch_dag.py took 0.155 seconds
[2026-05-19T19:22:18.185+0000] {processor.py:161} INFO - Started process (PID=8463) to work on /home/airflow/.local/lib/python3.8/site-packages/airflow/example_dags/example_nested_branch_dag.py
[2026-05-19T19:22:18.188+0000] {processor.py:830} INFO - Processing file /home/airflow/.local/lib/python3.8/site-packages/airflow/example_dags/example_nested_branch_dag.py for tasks to queue
[2026-05-19T19:22:18.193+0000] {logging_mixin.py:188} INFO - [2026-05-19T19:22:18.192+0000] {dagbag.py:540} INFO - Filling up the DagBag from /home/airflow/.local/lib/python3.8/site-packages/airflow/example_dags/example_nested_branch_dag.py
[2026-05-19T19:22:18.220+0000] {processor.py:840} INFO - DAG(s) 'example_nested_branch_dag' retrieved from /home/airflow/.local/lib/python3.8/site-packages/airflow/example_dags/example_nested_branch_dag.py
[2026-05-19T19:22:18.285+0000] {logging_mixin.py:188} INFO - [2026-05-19T19:22:18.284+0000] {dag.py:3047} INFO - Sync 1 DAGs
[2026-05-19T19:22:18.341+0000] {logging_mixin.py:188} INFO - [2026-05-19T19:22:18.340+0000] {dag.py:3834} INFO - Setting next_dagrun for example_nested_branch_dag to 2026-05-18 00:00:00+00:00, run_after=2026-05-19 00:00:00+00:00
[2026-05-19T19:22:18.381+0000] {processor.py:183} INFO - Processing /home/airflow/.local/lib/python3.8/site-packages/airflow/example_dags/example_nested_branch_dag.py took 0.202 seconds
[2026-05-19T19:22:48.547+0000] {processor.py:161} INFO - Started process (PID=8517) to work on /home/airflow/.local/lib/python3.8/site-packages/airflow/example_dags/example_nested_branch_dag.py
[2026-05-19T19:22:48.549+0000] {processor.py:830} INFO - Processing file /home/airflow/.local/lib/python3.8/site-packages/airflow/example_dags/example_nested_branch_dag.py for tasks to queue
[2026-05-19T19:22:48.563+0000] {logging_mixin.py:188} INFO - [2026-05-19T19:22:48.563+0000] {dagbag.py:540} INFO - Filling up the DagBag from /home/airflow/.local/lib/python3.8/site-packages/airflow/example_dags/example_nested_branch_dag.py
[2026-05-19T19:22:48.578+0000] {processor.py:840} INFO - DAG(s) 'example_nested_branch_dag' retrieved from /home/airflow/.local/lib/python3.8/site-packages/airflow/example_dags/example_nested_branch_dag.py
[2026-05-19T19:22:48.623+0000] {logging_mixin.py:188} INFO - [2026-05-19T19:22:48.622+0000] {dag.py:3047} INFO - Sync 1 DAGs
[2026-05-19T19:22:48.661+0000] {logging_mixin.py:188} INFO - [2026-05-19T19:22:48.660+0000] {dag.py:3834} INFO - Setting next_dagrun for example_nested_branch_dag to 2026-05-18 00:00:00+00:00, run_after=2026-05-19 00:00:00+00:00
[2026-05-19T19:22:48.696+0000] {processor.py:183} INFO - Processing /home/airflow/.local/lib/python3.8/site-packages/airflow/example_dags/example_nested_branch_dag.py took 0.154 seconds
[2026-05-19T19:23:18.991+0000] {processor.py:161} INFO - Started process (PID=8572) to work on /home/airflow/.local/lib/python3.8/site-packages/airflow/example_dags/example_nested_branch_dag.py
[2026-05-19T19:23:18.993+0000] {processor.py:830} INFO - Processing file /home/airflow/.local/lib/python3.8/site-packages/airflow/example_dags/example_nested_branch_dag.py for tasks to queue
[2026-05-19T19:23:18.998+0000] {logging_mixin.py:188} INFO - [2026-05-19T19:23:18.997+0000] {dagbag.py:540} INFO - Filling up the DagBag from /home/airflow/.local/lib/python3.8/site-packages/airflow/example_dags/example_nested_branch_dag.py
[2026-05-19T19:23:19.012+0000] {processor.py:840} INFO - DAG(s) 'example_nested_branch_dag' retrieved from /home/airflow/.local/lib/python3.8/site-packages/airflow/example_dags/example_nested_branch_dag.py
[2026-05-19T19:23:19.043+0000] {logging_mixin.py:188} INFO - [2026-05-19T19:23:19.043+0000] {dag.py:3047} INFO - Sync 1 DAGs
[2026-05-19T19:23:19.069+0000] {logging_mixin.py:188} INFO - [2026-05-19T19:23:19.069+0000] {dag.py:3834} INFO - Setting next_dagrun for example_nested_branch_dag to 2026-05-18 00:00:00+00:00, run_after=2026-05-19 00:00:00+00:00
[2026-05-19T19:23:19.099+0000] {processor.py:183} INFO - Processing /home/airflow/.local/lib/python3.8/site-packages/airflow/example_dags/example_nested_branch_dag.py took 0.113 seconds
[2026-05-19T19:23:49.509+0000] {processor.py:161} INFO - Started process (PID=8627) to work on /home/airflow/.local/lib/python3.8/site-packages/airflow/example_dags/example_nested_branch_dag.py
[2026-05-19T19:23:49.512+0000] {processor.py:830} INFO - Processing file /home/airflow/.local/lib/python3.8/site-packages/airflow/example_dags/example_nested_branch_dag.py for tasks to queue
[2026-05-19T19:23:49.517+0000] {logging_mixin.py:188} INFO - [2026-05-19T19:23:49.517+0000] {dagbag.py:540} INFO - Filling up the DagBag from /home/airflow/.local/lib/python3.8/site-packages/airflow/example_dags/example_nested_branch_dag.py
[2026-05-19T19:23:49.533+0000] {processor.py:840} INFO - DAG(s) 'example_nested_branch_dag' retrieved from /home/airflow/.local/lib/python3.8/site-packages/airflow/example_dags/example_nested_branch_dag.py
[2026-05-19T19:23:49.592+0000] {logging_mixin.py:188} INFO - [2026-05-19T19:23:49.591+0000] {dag.py:3047} INFO - Sync 1 DAGs
[2026-05-19T19:23:49.664+0000] {logging_mixin.py:188} INFO - [2026-05-19T19:23:49.664+0000] {dag.py:3834} INFO - Setting next_dagrun for example_nested_branch_dag to 2026-05-18 00:00:00+00:00, run_after=2026-05-19 00:00:00+00:00
[2026-05-19T19:23:49.765+0000] {processor.py:183} INFO - Processing /home/airflow/.local/lib/python3.8/site-packages/airflow/example_dags/example_nested_branch_dag.py took 0.261 seconds
[2026-05-19T19:24:20.473+0000] {processor.py:161} INFO - Started process (PID=8682) to work on /home/airflow/.local/lib/python3.8/site-packages/airflow/example_dags/example_nested_branch_dag.py
[2026-05-19T19:24:20.478+0000] {processor.py:830} INFO - Processing file /home/airflow/.local/lib/python3.8/site-packages/airflow/example_dags/example_nested_branch_dag.py for tasks to queue
[2026-05-19T19:24:20.488+0000] {logging_mixin.py:188} INFO - [2026-05-19T19:24:20.487+0000] {dagbag.py:540} INFO - Filling up the DagBag from /home/airflow/.local/lib/python3.8/site-packages/airflow/example_dags/example_nested_branch_dag.py
[2026-05-19T19:24:20.532+0000] {processor.py:840} INFO - DAG(s) 'example_nested_branch_dag' retrieved from /home/airflow/.local/lib/python3.8/site-packages/airflow/example_dags/example_nested_branch_dag.py
[2026-05-19T19:24:20.609+0000] {logging_mixin.py:188} INFO - [2026-05-19T19:24:20.608+0000] {dag.py:3047} INFO - Sync 1 DAGs
[2026-05-19T19:24:20.663+0000] {logging_mixin.py:188} INFO - [2026-05-19T19:24:20.663+0000] {dag.py:3834} INFO - Setting next_dagrun for example_nested_branch_dag to 2026-05-18 00:00:00+00:00, run_after=2026-05-19 00:00:00+00:00
[2026-05-19T19:24:20.749+0000] {processor.py:183} INFO - Processing /home/airflow/.local/lib/python3.8/site-packages/airflow/example_dags/example_nested_branch_dag.py took 0.288 seconds
[2026-05-19T19:24:50.858+0000] {processor.py:161} INFO - Started process (PID=8737) to work on /home/airflow/.local/lib/python3.8/site-packages/airflow/example_dags/example_nested_branch_dag.py
[2026-05-19T19:24:50.860+0000] {processor.py:830} INFO - Processing file /home/airflow/.local/lib/python3.8/site-packages/airflow/example_dags/example_nested_branch_dag.py for tasks to queue
[2026-05-19T19:24:50.865+0000] {logging_mixin.py:188} INFO - [2026-05-19T19:24:50.864+0000] {dagbag.py:540} INFO - Filling up the DagBag from /home/airflow/.local/lib/python3.8/site-packages/airflow/example_dags/example_nested_branch_dag.py
[2026-05-19T19:24:50.880+0000] {processor.py:840} INFO - DAG(s) 'example_nested_branch_dag' retrieved from /home/airflow/.local/lib/python3.8/site-packages/airflow/example_dags/example_nested_branch_dag.py
[2026-05-19T19:24:50.919+0000] {logging_mixin.py:188} INFO - [2026-05-19T19:24:50.918+0000] {dag.py:3047} INFO - Sync 1 DAGs
[2026-05-19T19:24:50.961+0000] {logging_mixin.py:188} INFO - [2026-05-19T19:24:50.960+0000] {dag.py:3834} INFO - Setting next_dagrun for example_nested_branch_dag to 2026-05-18 00:00:00+00:00, run_after=2026-05-19 00:00:00+00:00
[2026-05-19T19:24:51.004+0000] {processor.py:183} INFO - Processing /home/airflow/.local/lib/python3.8/site-packages/airflow/example_dags/example_nested_branch_dag.py took 0.152 seconds
[2026-05-19T19:25:21.460+0000] {processor.py:161} INFO - Started process (PID=8792) to work on /home/airflow/.local/lib/python3.8/site-packages/airflow/example_dags/example_nested_branch_dag.py
[2026-05-19T19:25:21.462+0000] {processor.py:830} INFO - Processing file /home/airflow/.local/lib/python3.8/site-packages/airflow/example_dags/example_nested_branch_dag.py for tasks to queue
[2026-05-19T19:25:21.465+0000] {logging_mixin.py:188} INFO - [2026-05-19T19:25:21.465+0000] {dagbag.py:540} INFO - Filling up the DagBag from /home/airflow/.local/lib/python3.8/site-packages/airflow/example_dags/example_nested_branch_dag.py
[2026-05-19T19:25:21.474+0000] {processor.py:840} INFO - DAG(s) 'example_nested_branch_dag' retrieved from /home/airflow/.local/lib/python3.8/site-packages/airflow/example_dags/example_nested_branch_dag.py
[2026-05-19T19:25:21.501+0000] {logging_mixin.py:188} INFO - [2026-05-19T19:25:21.501+0000] {dag.py:3047} INFO - Sync 1 DAGs
[2026-05-19T19:25:21.524+0000] {logging_mixin.py:188} INFO - [2026-05-19T19:25:21.523+0000] {dag.py:3834} INFO - Setting next_dagrun for example_nested_branch_dag to 2026-05-18 00:00:00+00:00, run_after=2026-05-19 00:00:00+00:00
[2026-05-19T19:25:21.554+0000] {processor.py:183} INFO - Processing /home/airflow/.local/lib/python3.8/site-packages/airflow/example_dags/example_nested_branch_dag.py took 0.097 seconds
[2026-05-19T19:25:52.013+0000] {processor.py:161} INFO - Started process (PID=8847) to work on /home/airflow/.local/lib/python3.8/site-packages/airflow/example_dags/example_nested_branch_dag.py
[2026-05-19T19:25:52.016+0000] {processor.py:830} INFO - Processing file /home/airflow/.local/lib/python3.8/site-packages/airflow/example_dags/example_nested_branch_dag.py for tasks to queue
[2026-05-19T19:25:52.021+0000] {logging_mixin.py:188} INFO - [2026-05-19T19:25:52.020+0000] {dagbag.py:540} INFO - Filling up the DagBag from /home/airflow/.local/lib/python3.8/site-packages/airflow/example_dags/example_nested_branch_dag.py
[2026-05-19T19:25:52.039+0000] {processor.py:840} INFO - DAG(s) 'example_nested_branch_dag' retrieved from /home/airflow/.local/lib/python3.8/site-packages/airflow/example_dags/example_nested_branch_dag.py
[2026-05-19T19:25:52.087+0000] {logging_mixin.py:188} INFO - [2026-05-19T19:25:52.087+0000] {dag.py:3047} INFO - Sync 1 DAGs
[2026-05-19T19:25:52.169+0000] {logging_mixin.py:188} INFO - [2026-05-19T19:25:52.169+0000] {dag.py:3834} INFO - Setting next_dagrun for example_nested_branch_dag to 2026-05-18 00:00:00+00:00, run_after=2026-05-19 00:00:00+00:00
[2026-05-19T19:25:52.256+0000] {processor.py:183} INFO - Processing /home/airflow/.local/lib/python3.8/site-packages/airflow/example_dags/example_nested_branch_dag.py took 0.252 seconds
[2026-05-19T19:26:22.416+0000] {processor.py:161} INFO - Started process (PID=8902) to work on /home/airflow/.local/lib/python3.8/site-packages/airflow/example_dags/example_nested_branch_dag.py
[2026-05-19T19:26:22.418+0000] {processor.py:830} INFO - Processing file /home/airflow/.local/lib/python3.8/site-packages/airflow/example_dags/example_nested_branch_dag.py for tasks to queue
[2026-05-19T19:26:22.421+0000] {logging_mixin.py:188} INFO - [2026-05-19T19:26:22.421+0000] {dagbag.py:540} INFO - Filling up the DagBag from /home/airflow/.local/lib/python3.8/site-packages/airflow/example_dags/example_nested_branch_dag.py
[2026-05-19T19:26:22.433+0000] {processor.py:840} INFO - DAG(s) 'example_nested_branch_dag' retrieved from /home/airflow/.local/lib/python3.8/site-packages/airflow/example_dags/example_nested_branch_dag.py
[2026-05-19T19:26:22.462+0000] {logging_mixin.py:188} INFO - [2026-05-19T19:26:22.462+0000] {dag.py:3047} INFO - Sync 1 DAGs
[2026-05-19T19:26:22.489+0000] {logging_mixin.py:188} INFO - [2026-05-19T19:26:22.489+0000] {dag.py:3834} INFO - Setting next_dagrun for example_nested_branch_dag to 2026-05-18 00:00:00+00:00, run_after=2026-05-19 00:00:00+00:00
[2026-05-19T19:26:22.519+0000] {processor.py:183} INFO - Processing /home/airflow/.local/lib/python3.8/site-packages/airflow/example_dags/example_nested_branch_dag.py took 0.107 seconds
[2026-05-19T19:26:53.796+0000] {processor.py:161} INFO - Started process (PID=8957) to work on /home/airflow/.local/lib/python3.8/site-packages/airflow/example_dags/example_nested_branch_dag.py
[2026-05-19T19:26:53.800+0000] {processor.py:830} INFO - Processing file /home/airflow/.local/lib/python3.8/site-packages/airflow/example_dags/example_nested_branch_dag.py for tasks to queue
[2026-05-19T19:26:53.808+0000] {logging_mixin.py:188} INFO - [2026-05-19T19:26:53.807+0000] {dagbag.py:540} INFO - Filling up the DagBag from /home/airflow/.local/lib/python3.8/site-packages/airflow/example_dags/example_nested_branch_dag.py
[2026-05-19T19:26:53.825+0000] {processor.py:840} INFO - DAG(s) 'example_nested_branch_dag' retrieved from /home/airflow/.local/lib/python3.8/site-packages/airflow/example_dags/example_nested_branch_dag.py
[2026-05-19T19:26:53.863+0000] {logging_mixin.py:188} INFO - [2026-05-19T19:26:53.863+0000] {dag.py:3047} INFO - Sync 1 DAGs
[2026-05-19T19:26:53.902+0000] {logging_mixin.py:188} INFO - [2026-05-19T19:26:53.901+0000] {dag.py:3834} INFO - Setting next_dagrun for example_nested_branch_dag to 2026-05-18 00:00:00+00:00, run_after=2026-05-19 00:00:00+00:00
[2026-05-19T19:26:53.942+0000] {processor.py:183} INFO - Processing /home/airflow/.local/lib/python3.8/site-packages/airflow/example_dags/example_nested_branch_dag.py took 0.152 seconds
[2026-05-19T19:27:24.562+0000] {processor.py:161} INFO - Started process (PID=9012) to work on /home/airflow/.local/lib/python3.8/site-packages/airflow/example_dags/example_nested_branch_dag.py
[2026-05-19T19:27:24.564+0000] {processor.py:830} INFO - Processing file /home/airflow/.local/lib/python3.8/site-packages/airflow/example_dags/example_nested_branch_dag.py for tasks to queue
[2026-05-19T19:27:24.566+0000] {logging_mixin.py:188} INFO - [2026-05-19T19:27:24.566+0000] {dagbag.py:540} INFO - Filling up the DagBag from /home/airflow/.local/lib/python3.8/site-packages/airflow/example_dags/example_nested_branch_dag.py
[2026-05-19T19:27:24.583+0000] {processor.py:840} INFO - DAG(s) 'example_nested_branch_dag' retrieved from /home/airflow/.local/lib/python3.8/site-packages/airflow/example_dags/example_nested_branch_dag.py
[2026-05-19T19:27:24.621+0000] {logging_mixin.py:188} INFO - [2026-05-19T19:27:24.621+0000] {dag.py:3047} INFO - Sync 1 DAGs
[2026-05-19T19:27:24.656+0000] {logging_mixin.py:188} INFO - [2026-05-19T19:27:24.655+0000] {dag.py:3834} INFO - Setting next_dagrun for example_nested_branch_dag to 2026-05-18 00:00:00+00:00, run_after=2026-05-19 00:00:00+00:00
[2026-05-19T19:27:24.698+0000] {processor.py:183} INFO - Processing /home/airflow/.local/lib/python3.8/site-packages/airflow/example_dags/example_nested_branch_dag.py took 0.140 seconds
[2026-05-19T19:27:54.896+0000] {processor.py:161} INFO - Started process (PID=9067) to work on /home/airflow/.local/lib/python3.8/site-packages/airflow/example_dags/example_nested_branch_dag.py
[2026-05-19T19:27:54.899+0000] {processor.py:830} INFO - Processing file /home/airflow/.local/lib/python3.8/site-packages/airflow/example_dags/example_nested_branch_dag.py for tasks to queue
[2026-05-19T19:27:54.904+0000] {logging_mixin.py:188} INFO - [2026-05-19T19:27:54.903+0000] {dagbag.py:540} INFO - Filling up the DagBag from /home/airflow/.local/lib/python3.8/site-packages/airflow/example_dags/example_nested_branch_dag.py
[2026-05-19T19:27:54.926+0000] {processor.py:840} INFO - DAG(s) 'example_nested_branch_dag' retrieved from /home/airflow/.local/lib/python3.8/site-packages/airflow/example_dags/example_nested_branch_dag.py
[2026-05-19T19:27:54.973+0000] {logging_mixin.py:188} INFO - [2026-05-19T19:27:54.973+0000] {dag.py:3047} INFO - Sync 1 DAGs
[2026-05-19T19:27:55.005+0000] {logging_mixin.py:188} INFO - [2026-05-19T19:27:55.005+0000] {dag.py:3834} INFO - Setting next_dagrun for example_nested_branch_dag to 2026-05-18 00:00:00+00:00, run_after=2026-05-19 00:00:00+00:00
[2026-05-19T19:27:55.048+0000] {processor.py:183} INFO - Processing /home/airflow/.local/lib/python3.8/site-packages/airflow/example_dags/example_nested_branch_dag.py took 0.158 seconds
[2026-05-19T19:28:25.258+0000] {processor.py:161} INFO - Started process (PID=9122) to work on /home/airflow/.local/lib/python3.8/site-packages/airflow/example_dags/example_nested_branch_dag.py
[2026-05-19T19:28:25.261+0000] {processor.py:830} INFO - Processing file /home/airflow/.local/lib/python3.8/site-packages/airflow/example_dags/example_nested_branch_dag.py for tasks to queue
[2026-05-19T19:28:25.265+0000] {logging_mixin.py:188} INFO - [2026-05-19T19:28:25.264+0000] {dagbag.py:540} INFO - Filling up the DagBag from /home/airflow/.local/lib/python3.8/site-packages/airflow/example_dags/example_nested_branch_dag.py
[2026-05-19T19:28:25.282+0000] {processor.py:840} INFO - DAG(s) 'example_nested_branch_dag' retrieved from /home/airflow/.local/lib/python3.8/site-packages/airflow/example_dags/example_nested_branch_dag.py
[2026-05-19T19:28:25.312+0000] {logging_mixin.py:188} INFO - [2026-05-19T19:28:25.311+0000] {dag.py:3047} INFO - Sync 1 DAGs
[2026-05-19T19:28:25.341+0000] {logging_mixin.py:188} INFO - [2026-05-19T19:28:25.341+0000] {dag.py:3834} INFO - Setting next_dagrun for example_nested_branch_dag to 2026-05-18 00:00:00+00:00, run_after=2026-05-19 00:00:00+00:00
[2026-05-19T19:28:25.365+0000] {processor.py:183} INFO - Processing /home/airflow/.local/lib/python3.8/site-packages/airflow/example_dags/example_nested_branch_dag.py took 0.112 seconds
[2026-05-19T19:28:55.651+0000] {processor.py:161} INFO - Started process (PID=9177) to work on /home/airflow/.local/lib/python3.8/site-packages/airflow/example_dags/example_nested_branch_dag.py
[2026-05-19T19:28:55.653+0000] {processor.py:830} INFO - Processing file /home/airflow/.local/lib/python3.8/site-packages/airflow/example_dags/example_nested_branch_dag.py for tasks to queue
[2026-05-19T19:28:55.654+0000] {logging_mixin.py:188} INFO - [2026-05-19T19:28:55.654+0000] {dagbag.py:540} INFO - Filling up the DagBag from /home/airflow/.local/lib/python3.8/site-packages/airflow/example_dags/example_nested_branch_dag.py
[2026-05-19T19:28:55.663+0000] {processor.py:840} INFO - DAG(s) 'example_nested_branch_dag' retrieved from /home/airflow/.local/lib/python3.8/site-packages/airflow/example_dags/example_nested_branch_dag.py
[2026-05-19T19:28:55.680+0000] {logging_mixin.py:188} INFO - [2026-05-19T19:28:55.680+0000] {dag.py:3047} INFO - Sync 1 DAGs
[2026-05-19T19:28:55.699+0000] {logging_mixin.py:188} INFO - [2026-05-19T19:28:55.699+0000] {dag.py:3834} INFO - Setting next_dagrun for example_nested_branch_dag to 2026-05-18 00:00:00+00:00, run_after=2026-05-19 00:00:00+00:00
[2026-05-19T19:28:55.723+0000] {processor.py:183} INFO - Processing /home/airflow/.local/lib/python3.8/site-packages/airflow/example_dags/example_nested_branch_dag.py took 0.075 seconds
[2026-05-19T19:29:26.557+0000] {processor.py:161} INFO - Started process (PID=9232) to work on /home/airflow/.local/lib/python3.8/site-packages/airflow/example_dags/example_nested_branch_dag.py
[2026-05-19T19:29:26.559+0000] {processor.py:830} INFO - Processing file /home/airflow/.local/lib/python3.8/site-packages/airflow/example_dags/example_nested_branch_dag.py for tasks to queue
[2026-05-19T19:29:26.563+0000] {logging_mixin.py:188} INFO - [2026-05-19T19:29:26.562+0000] {dagbag.py:540} INFO - Filling up the DagBag from /home/airflow/.local/lib/python3.8/site-packages/airflow/example_dags/example_nested_branch_dag.py
[2026-05-19T19:29:26.579+0000] {processor.py:840} INFO - DAG(s) 'example_nested_branch_dag' retrieved from /home/airflow/.local/lib/python3.8/site-packages/airflow/example_dags/example_nested_branch_dag.py
[2026-05-19T19:29:26.614+0000] {logging_mixin.py:188} INFO - [2026-05-19T19:29:26.614+0000] {dag.py:3047} INFO - Sync 1 DAGs
[2026-05-19T19:29:26.655+0000] {logging_mixin.py:188} INFO - [2026-05-19T19:29:26.654+0000] {dag.py:3834} INFO - Setting next_dagrun for example_nested_branch_dag to 2026-05-18 00:00:00+00:00, run_after=2026-05-19 00:00:00+00:00
[2026-05-19T19:29:26.690+0000] {processor.py:183} INFO - Processing /home/airflow/.local/lib/python3.8/site-packages/airflow/example_dags/example_nested_branch_dag.py took 0.139 seconds
[2026-05-19T19:29:57.510+0000] {processor.py:161} INFO - Started process (PID=9287) to work on /home/airflow/.local/lib/python3.8/site-packages/airflow/example_dags/example_nested_branch_dag.py
[2026-05-19T19:29:57.513+0000] {processor.py:830} INFO - Processing file /home/airflow/.local/lib/python3.8/site-packages/airflow/example_dags/example_nested_branch_dag.py for tasks to queue
[2026-05-19T19:29:57.519+0000] {logging_mixin.py:188} INFO - [2026-05-19T19:29:57.518+0000] {dagbag.py:540} INFO - Filling up the DagBag from /home/airflow/.local/lib/python3.8/site-packages/airflow/example_dags/example_nested_branch_dag.py
[2026-05-19T19:29:57.545+0000] {processor.py:840} INFO - DAG(s) 'example_nested_branch_dag' retrieved from /home/airflow/.local/lib/python3.8/site-packages/airflow/example_dags/example_nested_branch_dag.py
[2026-05-19T19:29:57.664+0000] {logging_mixin.py:188} INFO - [2026-05-19T19:29:57.664+0000] {dag.py:3047} INFO - Sync 1 DAGs
[2026-05-19T19:29:57.740+0000] {logging_mixin.py:188} INFO - [2026-05-19T19:29:57.739+0000] {dag.py:3834} INFO - Setting next_dagrun for example_nested_branch_dag to 2026-05-18 00:00:00+00:00, run_after=2026-05-19 00:00:00+00:00
[2026-05-19T19:29:57.833+0000] {processor.py:183} INFO - Processing /home/airflow/.local/lib/python3.8/site-packages/airflow/example_dags/example_nested_branch_dag.py took 0.330 seconds
[2026-05-19T19:30:28.501+0000] {processor.py:161} INFO - Started process (PID=9342) to work on /home/airflow/.local/lib/python3.8/site-packages/airflow/example_dags/example_nested_branch_dag.py
[2026-05-19T19:30:28.503+0000] {processor.py:830} INFO - Processing file /home/airflow/.local/lib/python3.8/site-packages/airflow/example_dags/example_nested_branch_dag.py for tasks to queue
[2026-05-19T19:30:28.505+0000] {logging_mixin.py:188} INFO - [2026-05-19T19:30:28.505+0000] {dagbag.py:540} INFO - Filling up the DagBag from /home/airflow/.local/lib/python3.8/site-packages/airflow/example_dags/example_nested_branch_dag.py
[2026-05-19T19:30:28.518+0000] {processor.py:840} INFO - DAG(s) 'example_nested_branch_dag' retrieved from /home/airflow/.local/lib/python3.8/site-packages/airflow/example_dags/example_nested_branch_dag.py
[2026-05-19T19:30:28.551+0000] {logging_mixin.py:188} INFO - [2026-05-19T19:30:28.551+0000] {dag.py:3047} INFO - Sync 1 DAGs
[2026-05-19T19:30:28.594+0000] {logging_mixin.py:188} INFO - [2026-05-19T19:30:28.593+0000] {dag.py:3834} INFO - Setting next_dagrun for example_nested_branch_dag to 2026-05-18 00:00:00+00:00, run_after=2026-05-19 00:00:00+00:00
[2026-05-19T19:30:28.632+0000] {processor.py:183} INFO - Processing /home/airflow/.local/lib/python3.8/site-packages/airflow/example_dags/example_nested_branch_dag.py took 0.135 seconds
[2026-05-19T19:30:58.727+0000] {processor.py:161} INFO - Started process (PID=9397) to work on /home/airflow/.local/lib/python3.8/site-packages/airflow/example_dags/example_nested_branch_dag.py
[2026-05-19T19:30:58.729+0000] {processor.py:830} INFO - Processing file /home/airflow/.local/lib/python3.8/site-packages/airflow/example_dags/example_nested_branch_dag.py for tasks to queue
[2026-05-19T19:30:58.732+0000] {logging_mixin.py:188} INFO - [2026-05-19T19:30:58.732+0000] {dagbag.py:540} INFO - Filling up the DagBag from /home/airflow/.local/lib/python3.8/site-packages/airflow/example_dags/example_nested_branch_dag.py
[2026-05-19T19:30:58.746+0000] {processor.py:840} INFO - DAG(s) 'example_nested_branch_dag' retrieved from /home/airflow/.local/lib/python3.8/site-packages/airflow/example_dags/example_nested_branch_dag.py
[2026-05-19T19:30:58.777+0000] {logging_mixin.py:188} INFO - [2026-05-19T19:30:58.777+0000] {dag.py:3047} INFO - Sync 1 DAGs
[2026-05-19T19:30:58.808+0000] {logging_mixin.py:188} INFO - [2026-05-19T19:30:58.807+0000] {dag.py:3834} INFO - Setting next_dagrun for example_nested_branch_dag to 2026-05-18 00:00:00+00:00, run_after=2026-05-19 00:00:00+00:00
[2026-05-19T19:30:58.839+0000] {processor.py:183} INFO - Processing /home/airflow/.local/lib/python3.8/site-packages/airflow/example_dags/example_nested_branch_dag.py took 0.117 seconds
[2026-05-19T19:31:29.761+0000] {processor.py:161} INFO - Started process (PID=9452) to work on /home/airflow/.local/lib/python3.8/site-packages/airflow/example_dags/example_nested_branch_dag.py
[2026-05-19T19:31:29.763+0000] {processor.py:830} INFO - Processing file /home/airflow/.local/lib/python3.8/site-packages/airflow/example_dags/example_nested_branch_dag.py for tasks to queue
[2026-05-19T19:31:29.766+0000] {logging_mixin.py:188} INFO - [2026-05-19T19:31:29.766+0000] {dagbag.py:540} INFO - Filling up the DagBag from /home/airflow/.local/lib/python3.8/site-packages/airflow/example_dags/example_nested_branch_dag.py
[2026-05-19T19:31:29.783+0000] {processor.py:840} INFO - DAG(s) 'example_nested_branch_dag' retrieved from /home/airflow/.local/lib/python3.8/site-packages/airflow/example_dags/example_nested_branch_dag.py
[2026-05-19T19:31:29.822+0000] {logging_mixin.py:188} INFO - [2026-05-19T19:31:29.821+0000] {dag.py:3047} INFO - Sync 1 DAGs
[2026-05-19T19:31:29.903+0000] {logging_mixin.py:188} INFO - [2026-05-19T19:31:29.902+0000] {dag.py:3834} INFO - Setting next_dagrun for example_nested_branch_dag to 2026-05-18 00:00:00+00:00, run_after=2026-05-19 00:00:00+00:00
[2026-05-19T19:31:30.017+0000] {processor.py:183} INFO - Processing /home/airflow/.local/lib/python3.8/site-packages/airflow/example_dags/example_nested_branch_dag.py took 0.262 seconds
[2026-05-19T19:32:00.208+0000] {processor.py:161} INFO - Started process (PID=9507) to work on /home/airflow/.local/lib/python3.8/site-packages/airflow/example_dags/example_nested_branch_dag.py
[2026-05-19T19:32:00.210+0000] {processor.py:830} INFO - Processing file /home/airflow/.local/lib/python3.8/site-packages/airflow/example_dags/example_nested_branch_dag.py for tasks to queue
[2026-05-19T19:32:00.213+0000] {logging_mixin.py:188} INFO - [2026-05-19T19:32:00.213+0000] {dagbag.py:540} INFO - Filling up the DagBag from /home/airflow/.local/lib/python3.8/site-packages/airflow/example_dags/example_nested_branch_dag.py
[2026-05-19T19:32:00.225+0000] {processor.py:840} INFO - DAG(s) 'example_nested_branch_dag' retrieved from /home/airflow/.local/lib/python3.8/site-packages/airflow/example_dags/example_nested_branch_dag.py
[2026-05-19T19:32:00.302+0000] {logging_mixin.py:188} INFO - [2026-05-19T19:32:00.301+0000] {dag.py:3047} INFO - Sync 1 DAGs
[2026-05-19T19:32:00.388+0000] {logging_mixin.py:188} INFO - [2026-05-19T19:32:00.387+0000] {dag.py:3834} INFO - Setting next_dagrun for example_nested_branch_dag to 2026-05-18 00:00:00+00:00, run_after=2026-05-19 00:00:00+00:00
[2026-05-19T19:32:00.437+0000] {processor.py:183} INFO - Processing /home/airflow/.local/lib/python3.8/site-packages/airflow/example_dags/example_nested_branch_dag.py took 0.236 seconds
[2026-05-19T19:32:30.513+0000] {processor.py:161} INFO - Started process (PID=9562) to work on /home/airflow/.local/lib/python3.8/site-packages/airflow/example_dags/example_nested_branch_dag.py
[2026-05-19T19:32:30.515+0000] {processor.py:830} INFO - Processing file /home/airflow/.local/lib/python3.8/site-packages/airflow/example_dags/example_nested_branch_dag.py for tasks to queue
[2026-05-19T19:32:30.518+0000] {logging_mixin.py:188} INFO - [2026-05-19T19:32:30.517+0000] {dagbag.py:540} INFO - Filling up the DagBag from /home/airflow/.local/lib/python3.8/site-packages/airflow/example_dags/example_nested_branch_dag.py
[2026-05-19T19:32:30.537+0000] {processor.py:840} INFO - DAG(s) 'example_nested_branch_dag' retrieved from /home/airflow/.local/lib/python3.8/site-packages/airflow/example_dags/example_nested_branch_dag.py
[2026-05-19T19:32:30.591+0000] {logging_mixin.py:188} INFO - [2026-05-19T19:32:30.591+0000] {dag.py:3047} INFO - Sync 1 DAGs
[2026-05-19T19:32:30.628+0000] {logging_mixin.py:188} INFO - [2026-05-19T19:32:30.628+0000] {dag.py:3834} INFO - Setting next_dagrun for example_nested_branch_dag to 2026-05-18 00:00:00+00:00, run_after=2026-05-19 00:00:00+00:00
[2026-05-19T19:32:30.674+0000] {processor.py:183} INFO - Processing /home/airflow/.local/lib/python3.8/site-packages/airflow/example_dags/example_nested_branch_dag.py took 0.166 seconds
[2026-05-19T19:33:00.973+0000] {processor.py:161} INFO - Started process (PID=9617) to work on /home/airflow/.local/lib/python3.8/site-packages/airflow/example_dags/example_nested_branch_dag.py
[2026-05-19T19:33:00.976+0000] {processor.py:830} INFO - Processing file /home/airflow/.local/lib/python3.8/site-packages/airflow/example_dags/example_nested_branch_dag.py for tasks to queue
[2026-05-19T19:33:00.981+0000] {logging_mixin.py:188} INFO - [2026-05-19T19:33:00.981+0000] {dagbag.py:540} INFO - Filling up the DagBag from /home/airflow/.local/lib/python3.8/site-packages/airflow/example_dags/example_nested_branch_dag.py
[2026-05-19T19:33:01.011+0000] {processor.py:840} INFO - DAG(s) 'example_nested_branch_dag' retrieved from /home/airflow/.local/lib/python3.8/site-packages/airflow/example_dags/example_nested_branch_dag.py
[2026-05-19T19:33:01.055+0000] {logging_mixin.py:188} INFO - [2026-05-19T19:33:01.053+0000] {dag.py:3047} INFO - Sync 1 DAGs
[2026-05-19T19:33:01.095+0000] {logging_mixin.py:188} INFO - [2026-05-19T19:33:01.095+0000] {dag.py:3834} INFO - Setting next_dagrun for example_nested_branch_dag to 2026-05-18 00:00:00+00:00, run_after=2026-05-19 00:00:00+00:00
[2026-05-19T19:33:01.125+0000] {processor.py:183} INFO - Processing /home/airflow/.local/lib/python3.8/site-packages/airflow/example_dags/example_nested_branch_dag.py took 0.162 seconds
[2026-05-19T19:33:31.302+0000] {processor.py:161} INFO - Started process (PID=9672) to work on /home/airflow/.local/lib/python3.8/site-packages/airflow/example_dags/example_nested_branch_dag.py
[2026-05-19T19:33:31.304+0000] {processor.py:830} INFO - Processing file /home/airflow/.local/lib/python3.8/site-packages/airflow/example_dags/example_nested_branch_dag.py for tasks to queue
[2026-05-19T19:33:31.307+0000] {logging_mixin.py:188} INFO - [2026-05-19T19:33:31.307+0000] {dagbag.py:540} INFO - Filling up the DagBag from /home/airflow/.local/lib/python3.8/site-packages/airflow/example_dags/example_nested_branch_dag.py
[2026-05-19T19:33:31.324+0000] {processor.py:840} INFO - DAG(s) 'example_nested_branch_dag' retrieved from /home/airflow/.local/lib/python3.8/site-packages/airflow/example_dags/example_nested_branch_dag.py
[2026-05-19T19:33:31.351+0000] {logging_mixin.py:188} INFO - [2026-05-19T19:33:31.350+0000] {dag.py:3047} INFO - Sync 1 DAGs
[2026-05-19T19:33:31.377+0000] {logging_mixin.py:188} INFO - [2026-05-19T19:33:31.376+0000] {dag.py:3834} INFO - Setting next_dagrun for example_nested_branch_dag to 2026-05-18 00:00:00+00:00, run_after=2026-05-19 00:00:00+00:00
[2026-05-19T19:33:31.402+0000] {processor.py:183} INFO - Processing /home/airflow/.local/lib/python3.8/site-packages/airflow/example_dags/example_nested_branch_dag.py took 0.107 seconds
