[2026-05-19T19:18:13.592+0000] {processor.py:161} INFO - Started process (PID=8019) to work on /home/airflow/.local/lib/python3.8/site-packages/airflow/example_dags/example_branch_operator.py
[2026-05-19T19:18:13.603+0000] {processor.py:830} INFO - Processing file /home/airflow/.local/lib/python3.8/site-packages/airflow/example_dags/example_branch_operator.py for tasks to queue
[2026-05-19T19:18:13.610+0000] {logging_mixin.py:188} INFO - [2026-05-19T19:18:13.609+0000] {dagbag.py:540} INFO - Filling up the DagBag from /home/airflow/.local/lib/python3.8/site-packages/airflow/example_dags/example_branch_operator.py
[2026-05-19T19:18:13.659+0000] {processor.py:840} INFO - DAG(s) 'example_branch_operator' retrieved from /home/airflow/.local/lib/python3.8/site-packages/airflow/example_dags/example_branch_operator.py
[2026-05-19T19:18:13.749+0000] {logging_mixin.py:188} INFO - [2026-05-19T19:18:13.748+0000] {dag.py:3047} INFO - Sync 1 DAGs
[2026-05-19T19:18:13.849+0000] {logging_mixin.py:188} INFO - [2026-05-19T19:18:13.848+0000] {dag.py:3834} INFO - Setting next_dagrun for example_branch_operator to 2026-05-18 00:00:00+00:00, run_after=2026-05-19 00:00:00+00:00
[2026-05-19T19:18:13.947+0000] {processor.py:183} INFO - Processing /home/airflow/.local/lib/python3.8/site-packages/airflow/example_dags/example_branch_operator.py took 0.362 seconds
[2026-05-19T19:18:44.502+0000] {processor.py:161} INFO - Started process (PID=8072) to work on /home/airflow/.local/lib/python3.8/site-packages/airflow/example_dags/example_branch_operator.py
[2026-05-19T19:18:44.504+0000] {processor.py:830} INFO - Processing file /home/airflow/.local/lib/python3.8/site-packages/airflow/example_dags/example_branch_operator.py for tasks to queue
[2026-05-19T19:18:44.506+0000] {logging_mixin.py:188} INFO - [2026-05-19T19:18:44.506+0000] {dagbag.py:540} INFO - Filling up the DagBag from /home/airflow/.local/lib/python3.8/site-packages/airflow/example_dags/example_branch_operator.py
[2026-05-19T19:18:44.526+0000] {processor.py:840} INFO - DAG(s) 'example_branch_operator' retrieved from /home/airflow/.local/lib/python3.8/site-packages/airflow/example_dags/example_branch_operator.py
[2026-05-19T19:18:44.553+0000] {logging_mixin.py:188} INFO - [2026-05-19T19:18:44.553+0000] {dag.py:3047} INFO - Sync 1 DAGs
[2026-05-19T19:18:44.574+0000] {logging_mixin.py:188} INFO - [2026-05-19T19:18:44.574+0000] {dag.py:3834} INFO - Setting next_dagrun for example_branch_operator to 2026-05-18 00:00:00+00:00, run_after=2026-05-19 00:00:00+00:00
[2026-05-19T19:18:44.596+0000] {processor.py:183} INFO - Processing /home/airflow/.local/lib/python3.8/site-packages/airflow/example_dags/example_branch_operator.py took 0.098 seconds
[2026-05-19T19:19:14.963+0000] {processor.py:161} INFO - Started process (PID=8127) to work on /home/airflow/.local/lib/python3.8/site-packages/airflow/example_dags/example_branch_operator.py
[2026-05-19T19:19:14.965+0000] {processor.py:830} INFO - Processing file /home/airflow/.local/lib/python3.8/site-packages/airflow/example_dags/example_branch_operator.py for tasks to queue
[2026-05-19T19:19:14.967+0000] {logging_mixin.py:188} INFO - [2026-05-19T19:19:14.967+0000] {dagbag.py:540} INFO - Filling up the DagBag from /home/airflow/.local/lib/python3.8/site-packages/airflow/example_dags/example_branch_operator.py
[2026-05-19T19:19:14.992+0000] {processor.py:840} INFO - DAG(s) 'example_branch_operator' retrieved from /home/airflow/.local/lib/python3.8/site-packages/airflow/example_dags/example_branch_operator.py
[2026-05-19T19:19:15.019+0000] {logging_mixin.py:188} INFO - [2026-05-19T19:19:15.019+0000] {dag.py:3047} INFO - Sync 1 DAGs
[2026-05-19T19:19:15.042+0000] {logging_mixin.py:188} INFO - [2026-05-19T19:19:15.042+0000] {dag.py:3834} INFO - Setting next_dagrun for example_branch_operator to 2026-05-18 00:00:00+00:00, run_after=2026-05-19 00:00:00+00:00
[2026-05-19T19:19:15.067+0000] {processor.py:183} INFO - Processing /home/airflow/.local/lib/python3.8/site-packages/airflow/example_dags/example_branch_operator.py took 0.108 seconds
[2026-05-19T19:19:45.337+0000] {processor.py:161} INFO - Started process (PID=8181) to work on /home/airflow/.local/lib/python3.8/site-packages/airflow/example_dags/example_branch_operator.py
[2026-05-19T19:19:45.339+0000] {processor.py:830} INFO - Processing file /home/airflow/.local/lib/python3.8/site-packages/airflow/example_dags/example_branch_operator.py for tasks to queue
[2026-05-19T19:19:45.342+0000] {logging_mixin.py:188} INFO - [2026-05-19T19:19:45.341+0000] {dagbag.py:540} INFO - Filling up the DagBag from /home/airflow/.local/lib/python3.8/site-packages/airflow/example_dags/example_branch_operator.py
[2026-05-19T19:19:45.357+0000] {processor.py:840} INFO - DAG(s) 'example_branch_operator' retrieved from /home/airflow/.local/lib/python3.8/site-packages/airflow/example_dags/example_branch_operator.py
[2026-05-19T19:19:45.383+0000] {logging_mixin.py:188} INFO - [2026-05-19T19:19:45.383+0000] {dag.py:3047} INFO - Sync 1 DAGs
[2026-05-19T19:19:45.402+0000] {logging_mixin.py:188} INFO - [2026-05-19T19:19:45.401+0000] {dag.py:3834} INFO - Setting next_dagrun for example_branch_operator to 2026-05-18 00:00:00+00:00, run_after=2026-05-19 00:00:00+00:00
[2026-05-19T19:19:45.419+0000] {processor.py:183} INFO - Processing /home/airflow/.local/lib/python3.8/site-packages/airflow/example_dags/example_branch_operator.py took 0.085 seconds
[2026-05-19T19:20:16.221+0000] {processor.py:161} INFO - Started process (PID=8243) to work on /home/airflow/.local/lib/python3.8/site-packages/airflow/example_dags/example_branch_operator.py
[2026-05-19T19:20:16.224+0000] {processor.py:830} INFO - Processing file /home/airflow/.local/lib/python3.8/site-packages/airflow/example_dags/example_branch_operator.py for tasks to queue
[2026-05-19T19:20:16.228+0000] {logging_mixin.py:188} INFO - [2026-05-19T19:20:16.228+0000] {dagbag.py:540} INFO - Filling up the DagBag from /home/airflow/.local/lib/python3.8/site-packages/airflow/example_dags/example_branch_operator.py
[2026-05-19T19:20:16.251+0000] {processor.py:840} INFO - DAG(s) 'example_branch_operator' retrieved from /home/airflow/.local/lib/python3.8/site-packages/airflow/example_dags/example_branch_operator.py
[2026-05-19T19:20:16.284+0000] {logging_mixin.py:188} INFO - [2026-05-19T19:20:16.283+0000] {dag.py:3047} INFO - Sync 1 DAGs
[2026-05-19T19:20:16.307+0000] {logging_mixin.py:188} INFO - [2026-05-19T19:20:16.307+0000] {dag.py:3834} INFO - Setting next_dagrun for example_branch_operator to 2026-05-18 00:00:00+00:00, run_after=2026-05-19 00:00:00+00:00
[2026-05-19T19:20:16.337+0000] {processor.py:183} INFO - Processing /home/airflow/.local/lib/python3.8/site-packages/airflow/example_dags/example_branch_operator.py took 0.122 seconds
[2026-05-19T19:20:47.158+0000] {processor.py:161} INFO - Started process (PID=8298) to work on /home/airflow/.local/lib/python3.8/site-packages/airflow/example_dags/example_branch_operator.py
[2026-05-19T19:20:47.160+0000] {processor.py:830} INFO - Processing file /home/airflow/.local/lib/python3.8/site-packages/airflow/example_dags/example_branch_operator.py for tasks to queue
[2026-05-19T19:20:47.162+0000] {logging_mixin.py:188} INFO - [2026-05-19T19:20:47.162+0000] {dagbag.py:540} INFO - Filling up the DagBag from /home/airflow/.local/lib/python3.8/site-packages/airflow/example_dags/example_branch_operator.py
[2026-05-19T19:20:47.178+0000] {processor.py:840} INFO - DAG(s) 'example_branch_operator' retrieved from /home/airflow/.local/lib/python3.8/site-packages/airflow/example_dags/example_branch_operator.py
[2026-05-19T19:20:47.206+0000] {logging_mixin.py:188} INFO - [2026-05-19T19:20:47.205+0000] {dag.py:3047} INFO - Sync 1 DAGs
[2026-05-19T19:20:47.230+0000] {logging_mixin.py:188} INFO - [2026-05-19T19:20:47.230+0000] {dag.py:3834} INFO - Setting next_dagrun for example_branch_operator to 2026-05-18 00:00:00+00:00, run_after=2026-05-19 00:00:00+00:00
[2026-05-19T19:20:47.257+0000] {processor.py:183} INFO - Processing /home/airflow/.local/lib/python3.8/site-packages/airflow/example_dags/example_branch_operator.py took 0.102 seconds
[2026-05-19T19:21:17.398+0000] {processor.py:161} INFO - Started process (PID=8354) to work on /home/airflow/.local/lib/python3.8/site-packages/airflow/example_dags/example_branch_operator.py
[2026-05-19T19:21:17.401+0000] {processor.py:830} INFO - Processing file /home/airflow/.local/lib/python3.8/site-packages/airflow/example_dags/example_branch_operator.py for tasks to queue
[2026-05-19T19:21:17.406+0000] {logging_mixin.py:188} INFO - [2026-05-19T19:21:17.405+0000] {dagbag.py:540} INFO - Filling up the DagBag from /home/airflow/.local/lib/python3.8/site-packages/airflow/example_dags/example_branch_operator.py
[2026-05-19T19:21:17.449+0000] {processor.py:840} INFO - DAG(s) 'example_branch_operator' retrieved from /home/airflow/.local/lib/python3.8/site-packages/airflow/example_dags/example_branch_operator.py
[2026-05-19T19:21:17.495+0000] {logging_mixin.py:188} INFO - [2026-05-19T19:21:17.494+0000] {dag.py:3047} INFO - Sync 1 DAGs
[2026-05-19T19:21:17.533+0000] {logging_mixin.py:188} INFO - [2026-05-19T19:21:17.532+0000] {dag.py:3834} INFO - Setting next_dagrun for example_branch_operator to 2026-05-18 00:00:00+00:00, run_after=2026-05-19 00:00:00+00:00
[2026-05-19T19:21:17.567+0000] {processor.py:183} INFO - Processing /home/airflow/.local/lib/python3.8/site-packages/airflow/example_dags/example_branch_operator.py took 0.177 seconds
[2026-05-19T19:21:47.745+0000] {processor.py:161} INFO - Started process (PID=8409) to work on /home/airflow/.local/lib/python3.8/site-packages/airflow/example_dags/example_branch_operator.py
[2026-05-19T19:21:47.747+0000] {processor.py:830} INFO - Processing file /home/airflow/.local/lib/python3.8/site-packages/airflow/example_dags/example_branch_operator.py for tasks to queue
[2026-05-19T19:21:47.751+0000] {logging_mixin.py:188} INFO - [2026-05-19T19:21:47.750+0000] {dagbag.py:540} INFO - Filling up the DagBag from /home/airflow/.local/lib/python3.8/site-packages/airflow/example_dags/example_branch_operator.py
[2026-05-19T19:21:47.783+0000] {processor.py:840} INFO - DAG(s) 'example_branch_operator' retrieved from /home/airflow/.local/lib/python3.8/site-packages/airflow/example_dags/example_branch_operator.py
[2026-05-19T19:21:47.831+0000] {logging_mixin.py:188} INFO - [2026-05-19T19:21:47.831+0000] {dag.py:3047} INFO - Sync 1 DAGs
[2026-05-19T19:21:47.865+0000] {logging_mixin.py:188} INFO - [2026-05-19T19:21:47.865+0000] {dag.py:3834} INFO - Setting next_dagrun for example_branch_operator to 2026-05-18 00:00:00+00:00, run_after=2026-05-19 00:00:00+00:00
[2026-05-19T19:21:47.898+0000] {processor.py:183} INFO - Processing /home/airflow/.local/lib/python3.8/site-packages/airflow/example_dags/example_branch_operator.py took 0.159 seconds
[2026-05-19T19:22:18.185+0000] {processor.py:161} INFO - Started process (PID=8464) to work on /home/airflow/.local/lib/python3.8/site-packages/airflow/example_dags/example_branch_operator.py
[2026-05-19T19:22:18.188+0000] {processor.py:830} INFO - Processing file /home/airflow/.local/lib/python3.8/site-packages/airflow/example_dags/example_branch_operator.py for tasks to queue
[2026-05-19T19:22:18.192+0000] {logging_mixin.py:188} INFO - [2026-05-19T19:22:18.192+0000] {dagbag.py:540} INFO - Filling up the DagBag from /home/airflow/.local/lib/python3.8/site-packages/airflow/example_dags/example_branch_operator.py
[2026-05-19T19:22:18.244+0000] {processor.py:840} INFO - DAG(s) 'example_branch_operator' retrieved from /home/airflow/.local/lib/python3.8/site-packages/airflow/example_dags/example_branch_operator.py
[2026-05-19T19:22:18.318+0000] {logging_mixin.py:188} INFO - [2026-05-19T19:22:18.318+0000] {dag.py:3047} INFO - Sync 1 DAGs
[2026-05-19T19:22:18.367+0000] {logging_mixin.py:188} INFO - [2026-05-19T19:22:18.366+0000] {dag.py:3834} INFO - Setting next_dagrun for example_branch_operator to 2026-05-18 00:00:00+00:00, run_after=2026-05-19 00:00:00+00:00
[2026-05-19T19:22:18.416+0000] {processor.py:183} INFO - Processing /home/airflow/.local/lib/python3.8/site-packages/airflow/example_dags/example_branch_operator.py took 0.237 seconds
[2026-05-19T19:22:48.547+0000] {processor.py:161} INFO - Started process (PID=8518) to work on /home/airflow/.local/lib/python3.8/site-packages/airflow/example_dags/example_branch_operator.py
[2026-05-19T19:22:48.549+0000] {processor.py:830} INFO - Processing file /home/airflow/.local/lib/python3.8/site-packages/airflow/example_dags/example_branch_operator.py for tasks to queue
[2026-05-19T19:22:48.564+0000] {logging_mixin.py:188} INFO - [2026-05-19T19:22:48.563+0000] {dagbag.py:540} INFO - Filling up the DagBag from /home/airflow/.local/lib/python3.8/site-packages/airflow/example_dags/example_branch_operator.py
[2026-05-19T19:22:48.594+0000] {processor.py:840} INFO - DAG(s) 'example_branch_operator' retrieved from /home/airflow/.local/lib/python3.8/site-packages/airflow/example_dags/example_branch_operator.py
[2026-05-19T19:22:48.636+0000] {logging_mixin.py:188} INFO - [2026-05-19T19:22:48.636+0000] {dag.py:3047} INFO - Sync 1 DAGs
[2026-05-19T19:22:48.678+0000] {logging_mixin.py:188} INFO - [2026-05-19T19:22:48.678+0000] {dag.py:3834} INFO - Setting next_dagrun for example_branch_operator to 2026-05-18 00:00:00+00:00, run_after=2026-05-19 00:00:00+00:00
[2026-05-19T19:22:48.709+0000] {processor.py:183} INFO - Processing /home/airflow/.local/lib/python3.8/site-packages/airflow/example_dags/example_branch_operator.py took 0.166 seconds
[2026-05-19T19:23:18.989+0000] {processor.py:161} INFO - Started process (PID=8573) to work on /home/airflow/.local/lib/python3.8/site-packages/airflow/example_dags/example_branch_operator.py
[2026-05-19T19:23:18.992+0000] {processor.py:830} INFO - Processing file /home/airflow/.local/lib/python3.8/site-packages/airflow/example_dags/example_branch_operator.py for tasks to queue
[2026-05-19T19:23:18.996+0000] {logging_mixin.py:188} INFO - [2026-05-19T19:23:18.995+0000] {dagbag.py:540} INFO - Filling up the DagBag from /home/airflow/.local/lib/python3.8/site-packages/airflow/example_dags/example_branch_operator.py
[2026-05-19T19:23:19.019+0000] {processor.py:840} INFO - DAG(s) 'example_branch_operator' retrieved from /home/airflow/.local/lib/python3.8/site-packages/airflow/example_dags/example_branch_operator.py
[2026-05-19T19:23:19.050+0000] {logging_mixin.py:188} INFO - [2026-05-19T19:23:19.049+0000] {dag.py:3047} INFO - Sync 1 DAGs
[2026-05-19T19:23:19.075+0000] {logging_mixin.py:188} INFO - [2026-05-19T19:23:19.075+0000] {dag.py:3834} INFO - Setting next_dagrun for example_branch_operator to 2026-05-18 00:00:00+00:00, run_after=2026-05-19 00:00:00+00:00
[2026-05-19T19:23:19.099+0000] {processor.py:183} INFO - Processing /home/airflow/.local/lib/python3.8/site-packages/airflow/example_dags/example_branch_operator.py took 0.114 seconds
[2026-05-19T19:23:49.509+0000] {processor.py:161} INFO - Started process (PID=8628) to work on /home/airflow/.local/lib/python3.8/site-packages/airflow/example_dags/example_branch_operator.py
[2026-05-19T19:23:49.512+0000] {processor.py:830} INFO - Processing file /home/airflow/.local/lib/python3.8/site-packages/airflow/example_dags/example_branch_operator.py for tasks to queue
[2026-05-19T19:23:49.517+0000] {logging_mixin.py:188} INFO - [2026-05-19T19:23:49.516+0000] {dagbag.py:540} INFO - Filling up the DagBag from /home/airflow/.local/lib/python3.8/site-packages/airflow/example_dags/example_branch_operator.py
[2026-05-19T19:23:49.556+0000] {processor.py:840} INFO - DAG(s) 'example_branch_operator' retrieved from /home/airflow/.local/lib/python3.8/site-packages/airflow/example_dags/example_branch_operator.py
[2026-05-19T19:23:49.639+0000] {logging_mixin.py:188} INFO - [2026-05-19T19:23:49.639+0000] {dag.py:3047} INFO - Sync 1 DAGs
[2026-05-19T19:23:49.702+0000] {logging_mixin.py:188} INFO - [2026-05-19T19:23:49.701+0000] {dag.py:3834} INFO - Setting next_dagrun for example_branch_operator to 2026-05-18 00:00:00+00:00, run_after=2026-05-19 00:00:00+00:00
[2026-05-19T19:23:49.772+0000] {processor.py:183} INFO - Processing /home/airflow/.local/lib/python3.8/site-packages/airflow/example_dags/example_branch_operator.py took 0.268 seconds
[2026-05-19T19:24:20.473+0000] {processor.py:161} INFO - Started process (PID=8683) to work on /home/airflow/.local/lib/python3.8/site-packages/airflow/example_dags/example_branch_operator.py
[2026-05-19T19:24:20.478+0000] {processor.py:830} INFO - Processing file /home/airflow/.local/lib/python3.8/site-packages/airflow/example_dags/example_branch_operator.py for tasks to queue
[2026-05-19T19:24:20.489+0000] {logging_mixin.py:188} INFO - [2026-05-19T19:24:20.488+0000] {dagbag.py:540} INFO - Filling up the DagBag from /home/airflow/.local/lib/python3.8/site-packages/airflow/example_dags/example_branch_operator.py
[2026-05-19T19:24:20.561+0000] {processor.py:840} INFO - DAG(s) 'example_branch_operator' retrieved from /home/airflow/.local/lib/python3.8/site-packages/airflow/example_dags/example_branch_operator.py
[2026-05-19T19:24:20.626+0000] {logging_mixin.py:188} INFO - [2026-05-19T19:24:20.626+0000] {dag.py:3047} INFO - Sync 1 DAGs
[2026-05-19T19:24:20.696+0000] {logging_mixin.py:188} INFO - [2026-05-19T19:24:20.696+0000] {dag.py:3834} INFO - Setting next_dagrun for example_branch_operator to 2026-05-18 00:00:00+00:00, run_after=2026-05-19 00:00:00+00:00
[2026-05-19T19:24:20.785+0000] {processor.py:183} INFO - Processing /home/airflow/.local/lib/python3.8/site-packages/airflow/example_dags/example_branch_operator.py took 0.325 seconds
[2026-05-19T19:24:50.860+0000] {processor.py:161} INFO - Started process (PID=8738) to work on /home/airflow/.local/lib/python3.8/site-packages/airflow/example_dags/example_branch_operator.py
[2026-05-19T19:24:50.862+0000] {processor.py:830} INFO - Processing file /home/airflow/.local/lib/python3.8/site-packages/airflow/example_dags/example_branch_operator.py for tasks to queue
[2026-05-19T19:24:50.867+0000] {logging_mixin.py:188} INFO - [2026-05-19T19:24:50.866+0000] {dagbag.py:540} INFO - Filling up the DagBag from /home/airflow/.local/lib/python3.8/site-packages/airflow/example_dags/example_branch_operator.py
[2026-05-19T19:24:50.898+0000] {processor.py:840} INFO - DAG(s) 'example_branch_operator' retrieved from /home/airflow/.local/lib/python3.8/site-packages/airflow/example_dags/example_branch_operator.py
[2026-05-19T19:24:50.950+0000] {logging_mixin.py:188} INFO - [2026-05-19T19:24:50.949+0000] {dag.py:3047} INFO - Sync 1 DAGs
[2026-05-19T19:24:50.995+0000] {logging_mixin.py:188} INFO - [2026-05-19T19:24:50.995+0000] {dag.py:3834} INFO - Setting next_dagrun for example_branch_operator to 2026-05-18 00:00:00+00:00, run_after=2026-05-19 00:00:00+00:00
[2026-05-19T19:24:51.037+0000] {processor.py:183} INFO - Processing /home/airflow/.local/lib/python3.8/site-packages/airflow/example_dags/example_branch_operator.py took 0.185 seconds
[2026-05-19T19:25:21.460+0000] {processor.py:161} INFO - Started process (PID=8793) to work on /home/airflow/.local/lib/python3.8/site-packages/airflow/example_dags/example_branch_operator.py
[2026-05-19T19:25:21.462+0000] {processor.py:830} INFO - Processing file /home/airflow/.local/lib/python3.8/site-packages/airflow/example_dags/example_branch_operator.py for tasks to queue
[2026-05-19T19:25:21.465+0000] {logging_mixin.py:188} INFO - [2026-05-19T19:25:21.464+0000] {dagbag.py:540} INFO - Filling up the DagBag from /home/airflow/.local/lib/python3.8/site-packages/airflow/example_dags/example_branch_operator.py
[2026-05-19T19:25:21.480+0000] {processor.py:840} INFO - DAG(s) 'example_branch_operator' retrieved from /home/airflow/.local/lib/python3.8/site-packages/airflow/example_dags/example_branch_operator.py
[2026-05-19T19:25:21.508+0000] {logging_mixin.py:188} INFO - [2026-05-19T19:25:21.507+0000] {dag.py:3047} INFO - Sync 1 DAGs
[2026-05-19T19:25:21.532+0000] {logging_mixin.py:188} INFO - [2026-05-19T19:25:21.532+0000] {dag.py:3834} INFO - Setting next_dagrun for example_branch_operator to 2026-05-18 00:00:00+00:00, run_after=2026-05-19 00:00:00+00:00
[2026-05-19T19:25:21.562+0000] {processor.py:183} INFO - Processing /home/airflow/.local/lib/python3.8/site-packages/airflow/example_dags/example_branch_operator.py took 0.105 seconds
[2026-05-19T19:25:52.045+0000] {processor.py:161} INFO - Started process (PID=8848) to work on /home/airflow/.local/lib/python3.8/site-packages/airflow/example_dags/example_branch_operator.py
[2026-05-19T19:25:52.074+0000] {processor.py:830} INFO - Processing file /home/airflow/.local/lib/python3.8/site-packages/airflow/example_dags/example_branch_operator.py for tasks to queue
[2026-05-19T19:25:52.104+0000] {logging_mixin.py:188} INFO - [2026-05-19T19:25:52.103+0000] {dagbag.py:540} INFO - Filling up the DagBag from /home/airflow/.local/lib/python3.8/site-packages/airflow/example_dags/example_branch_operator.py
[2026-05-19T19:25:52.159+0000] {processor.py:840} INFO - DAG(s) 'example_branch_operator' retrieved from /home/airflow/.local/lib/python3.8/site-packages/airflow/example_dags/example_branch_operator.py
[2026-05-19T19:25:52.261+0000] {logging_mixin.py:188} INFO - [2026-05-19T19:25:52.261+0000] {dag.py:3047} INFO - Sync 1 DAGs
[2026-05-19T19:25:52.323+0000] {logging_mixin.py:188} INFO - [2026-05-19T19:25:52.322+0000] {dag.py:3834} INFO - Setting next_dagrun for example_branch_operator to 2026-05-18 00:00:00+00:00, run_after=2026-05-19 00:00:00+00:00
[2026-05-19T19:25:52.362+0000] {processor.py:183} INFO - Processing /home/airflow/.local/lib/python3.8/site-packages/airflow/example_dags/example_branch_operator.py took 0.324 seconds
[2026-05-19T19:26:22.566+0000] {processor.py:161} INFO - Started process (PID=8903) to work on /home/airflow/.local/lib/python3.8/site-packages/airflow/example_dags/example_branch_operator.py
[2026-05-19T19:26:22.569+0000] {processor.py:830} INFO - Processing file /home/airflow/.local/lib/python3.8/site-packages/airflow/example_dags/example_branch_operator.py for tasks to queue
[2026-05-19T19:26:22.574+0000] {logging_mixin.py:188} INFO - [2026-05-19T19:26:22.573+0000] {dagbag.py:540} INFO - Filling up the DagBag from /home/airflow/.local/lib/python3.8/site-packages/airflow/example_dags/example_branch_operator.py
[2026-05-19T19:26:22.601+0000] {processor.py:840} INFO - DAG(s) 'example_branch_operator' retrieved from /home/airflow/.local/lib/python3.8/site-packages/airflow/example_dags/example_branch_operator.py
[2026-05-19T19:26:22.634+0000] {logging_mixin.py:188} INFO - [2026-05-19T19:26:22.634+0000] {dag.py:3047} INFO - Sync 1 DAGs
[2026-05-19T19:26:22.678+0000] {logging_mixin.py:188} INFO - [2026-05-19T19:26:22.678+0000] {dag.py:3834} INFO - Setting next_dagrun for example_branch_operator to 2026-05-18 00:00:00+00:00, run_after=2026-05-19 00:00:00+00:00
[2026-05-19T19:26:22.739+0000] {processor.py:183} INFO - Processing /home/airflow/.local/lib/python3.8/site-packages/airflow/example_dags/example_branch_operator.py took 0.178 seconds
[2026-05-19T19:26:54.200+0000] {processor.py:161} INFO - Started process (PID=8958) to work on /home/airflow/.local/lib/python3.8/site-packages/airflow/example_dags/example_branch_operator.py
[2026-05-19T19:26:54.206+0000] {processor.py:830} INFO - Processing file /home/airflow/.local/lib/python3.8/site-packages/airflow/example_dags/example_branch_operator.py for tasks to queue
[2026-05-19T19:26:54.213+0000] {logging_mixin.py:188} INFO - [2026-05-19T19:26:54.212+0000] {dagbag.py:540} INFO - Filling up the DagBag from /home/airflow/.local/lib/python3.8/site-packages/airflow/example_dags/example_branch_operator.py
[2026-05-19T19:26:54.270+0000] {processor.py:840} INFO - DAG(s) 'example_branch_operator' retrieved from /home/airflow/.local/lib/python3.8/site-packages/airflow/example_dags/example_branch_operator.py
[2026-05-19T19:26:54.340+0000] {logging_mixin.py:188} INFO - [2026-05-19T19:26:54.339+0000] {dag.py:3047} INFO - Sync 1 DAGs
[2026-05-19T19:26:54.390+0000] {logging_mixin.py:188} INFO - [2026-05-19T19:26:54.389+0000] {dag.py:3834} INFO - Setting next_dagrun for example_branch_operator to 2026-05-18 00:00:00+00:00, run_after=2026-05-19 00:00:00+00:00
[2026-05-19T19:26:54.443+0000] {processor.py:183} INFO - Processing /home/airflow/.local/lib/python3.8/site-packages/airflow/example_dags/example_branch_operator.py took 0.250 seconds
[2026-05-19T19:27:24.561+0000] {processor.py:161} INFO - Started process (PID=9013) to work on /home/airflow/.local/lib/python3.8/site-packages/airflow/example_dags/example_branch_operator.py
[2026-05-19T19:27:24.563+0000] {processor.py:830} INFO - Processing file /home/airflow/.local/lib/python3.8/site-packages/airflow/example_dags/example_branch_operator.py for tasks to queue
[2026-05-19T19:27:24.566+0000] {logging_mixin.py:188} INFO - [2026-05-19T19:27:24.566+0000] {dagbag.py:540} INFO - Filling up the DagBag from /home/airflow/.local/lib/python3.8/site-packages/airflow/example_dags/example_branch_operator.py
[2026-05-19T19:27:24.590+0000] {processor.py:840} INFO - DAG(s) 'example_branch_operator' retrieved from /home/airflow/.local/lib/python3.8/site-packages/airflow/example_dags/example_branch_operator.py
[2026-05-19T19:27:24.631+0000] {logging_mixin.py:188} INFO - [2026-05-19T19:27:24.631+0000] {dag.py:3047} INFO - Sync 1 DAGs
[2026-05-19T19:27:24.669+0000] {logging_mixin.py:188} INFO - [2026-05-19T19:27:24.668+0000] {dag.py:3834} INFO - Setting next_dagrun for example_branch_operator to 2026-05-18 00:00:00+00:00, run_after=2026-05-19 00:00:00+00:00
[2026-05-19T19:27:24.722+0000] {processor.py:183} INFO - Processing /home/airflow/.local/lib/python3.8/site-packages/airflow/example_dags/example_branch_operator.py took 0.165 seconds
[2026-05-19T19:27:54.898+0000] {processor.py:161} INFO - Started process (PID=9068) to work on /home/airflow/.local/lib/python3.8/site-packages/airflow/example_dags/example_branch_operator.py
[2026-05-19T19:27:54.901+0000] {processor.py:830} INFO - Processing file /home/airflow/.local/lib/python3.8/site-packages/airflow/example_dags/example_branch_operator.py for tasks to queue
[2026-05-19T19:27:54.905+0000] {logging_mixin.py:188} INFO - [2026-05-19T19:27:54.905+0000] {dagbag.py:540} INFO - Filling up the DagBag from /home/airflow/.local/lib/python3.8/site-packages/airflow/example_dags/example_branch_operator.py
[2026-05-19T19:27:54.943+0000] {processor.py:840} INFO - DAG(s) 'example_branch_operator' retrieved from /home/airflow/.local/lib/python3.8/site-packages/airflow/example_dags/example_branch_operator.py
[2026-05-19T19:27:55.000+0000] {logging_mixin.py:188} INFO - [2026-05-19T19:27:54.999+0000] {dag.py:3047} INFO - Sync 1 DAGs
[2026-05-19T19:27:55.040+0000] {logging_mixin.py:188} INFO - [2026-05-19T19:27:55.040+0000] {dag.py:3834} INFO - Setting next_dagrun for example_branch_operator to 2026-05-18 00:00:00+00:00, run_after=2026-05-19 00:00:00+00:00
[2026-05-19T19:27:55.086+0000] {processor.py:183} INFO - Processing /home/airflow/.local/lib/python3.8/site-packages/airflow/example_dags/example_branch_operator.py took 0.195 seconds
[2026-05-19T19:28:25.463+0000] {processor.py:161} INFO - Started process (PID=9123) to work on /home/airflow/.local/lib/python3.8/site-packages/airflow/example_dags/example_branch_operator.py
[2026-05-19T19:28:25.466+0000] {processor.py:830} INFO - Processing file /home/airflow/.local/lib/python3.8/site-packages/airflow/example_dags/example_branch_operator.py for tasks to queue
[2026-05-19T19:28:25.469+0000] {logging_mixin.py:188} INFO - [2026-05-19T19:28:25.469+0000] {dagbag.py:540} INFO - Filling up the DagBag from /home/airflow/.local/lib/python3.8/site-packages/airflow/example_dags/example_branch_operator.py
[2026-05-19T19:28:25.493+0000] {processor.py:840} INFO - DAG(s) 'example_branch_operator' retrieved from /home/airflow/.local/lib/python3.8/site-packages/airflow/example_dags/example_branch_operator.py
[2026-05-19T19:28:25.535+0000] {logging_mixin.py:188} INFO - [2026-05-19T19:28:25.534+0000] {dag.py:3047} INFO - Sync 1 DAGs
[2026-05-19T19:28:25.579+0000] {logging_mixin.py:188} INFO - [2026-05-19T19:28:25.578+0000] {dag.py:3834} INFO - Setting next_dagrun for example_branch_operator to 2026-05-18 00:00:00+00:00, run_after=2026-05-19 00:00:00+00:00
[2026-05-19T19:28:25.627+0000] {processor.py:183} INFO - Processing /home/airflow/.local/lib/python3.8/site-packages/airflow/example_dags/example_branch_operator.py took 0.170 seconds
[2026-05-19T19:28:55.759+0000] {processor.py:161} INFO - Started process (PID=9178) to work on /home/airflow/.local/lib/python3.8/site-packages/airflow/example_dags/example_branch_operator.py
[2026-05-19T19:28:55.761+0000] {processor.py:830} INFO - Processing file /home/airflow/.local/lib/python3.8/site-packages/airflow/example_dags/example_branch_operator.py for tasks to queue
[2026-05-19T19:28:55.763+0000] {logging_mixin.py:188} INFO - [2026-05-19T19:28:55.763+0000] {dagbag.py:540} INFO - Filling up the DagBag from /home/airflow/.local/lib/python3.8/site-packages/airflow/example_dags/example_branch_operator.py
[2026-05-19T19:28:55.778+0000] {processor.py:840} INFO - DAG(s) 'example_branch_operator' retrieved from /home/airflow/.local/lib/python3.8/site-packages/airflow/example_dags/example_branch_operator.py
[2026-05-19T19:28:55.801+0000] {logging_mixin.py:188} INFO - [2026-05-19T19:28:55.800+0000] {dag.py:3047} INFO - Sync 1 DAGs
[2026-05-19T19:28:55.819+0000] {logging_mixin.py:188} INFO - [2026-05-19T19:28:55.818+0000] {dag.py:3834} INFO - Setting next_dagrun for example_branch_operator to 2026-05-18 00:00:00+00:00, run_after=2026-05-19 00:00:00+00:00
[2026-05-19T19:28:55.839+0000] {processor.py:183} INFO - Processing /home/airflow/.local/lib/python3.8/site-packages/airflow/example_dags/example_branch_operator.py took 0.082 seconds
[2026-05-19T19:29:26.745+0000] {processor.py:161} INFO - Started process (PID=9233) to work on /home/airflow/.local/lib/python3.8/site-packages/airflow/example_dags/example_branch_operator.py
[2026-05-19T19:29:26.747+0000] {processor.py:830} INFO - Processing file /home/airflow/.local/lib/python3.8/site-packages/airflow/example_dags/example_branch_operator.py for tasks to queue
[2026-05-19T19:29:26.751+0000] {logging_mixin.py:188} INFO - [2026-05-19T19:29:26.751+0000] {dagbag.py:540} INFO - Filling up the DagBag from /home/airflow/.local/lib/python3.8/site-packages/airflow/example_dags/example_branch_operator.py
[2026-05-19T19:29:26.781+0000] {processor.py:840} INFO - DAG(s) 'example_branch_operator' retrieved from /home/airflow/.local/lib/python3.8/site-packages/airflow/example_dags/example_branch_operator.py
[2026-05-19T19:29:26.827+0000] {logging_mixin.py:188} INFO - [2026-05-19T19:29:26.827+0000] {dag.py:3047} INFO - Sync 1 DAGs
[2026-05-19T19:29:26.864+0000] {logging_mixin.py:188} INFO - [2026-05-19T19:29:26.864+0000] {dag.py:3834} INFO - Setting next_dagrun for example_branch_operator to 2026-05-18 00:00:00+00:00, run_after=2026-05-19 00:00:00+00:00
[2026-05-19T19:29:26.905+0000] {processor.py:183} INFO - Processing /home/airflow/.local/lib/python3.8/site-packages/airflow/example_dags/example_branch_operator.py took 0.165 seconds
[2026-05-19T19:29:57.946+0000] {processor.py:161} INFO - Started process (PID=9288) to work on /home/airflow/.local/lib/python3.8/site-packages/airflow/example_dags/example_branch_operator.py
[2026-05-19T19:29:57.955+0000] {processor.py:830} INFO - Processing file /home/airflow/.local/lib/python3.8/site-packages/airflow/example_dags/example_branch_operator.py for tasks to queue
[2026-05-19T19:29:57.962+0000] {logging_mixin.py:188} INFO - [2026-05-19T19:29:57.961+0000] {dagbag.py:540} INFO - Filling up the DagBag from /home/airflow/.local/lib/python3.8/site-packages/airflow/example_dags/example_branch_operator.py
[2026-05-19T19:29:58.042+0000] {processor.py:840} INFO - DAG(s) 'example_branch_operator' retrieved from /home/airflow/.local/lib/python3.8/site-packages/airflow/example_dags/example_branch_operator.py
[2026-05-19T19:29:58.197+0000] {logging_mixin.py:188} INFO - [2026-05-19T19:29:58.196+0000] {dag.py:3047} INFO - Sync 1 DAGs
[2026-05-19T19:29:58.282+0000] {logging_mixin.py:188} INFO - [2026-05-19T19:29:58.280+0000] {dag.py:3834} INFO - Setting next_dagrun for example_branch_operator to 2026-05-18 00:00:00+00:00, run_after=2026-05-19 00:00:00+00:00
[2026-05-19T19:29:58.354+0000] {processor.py:183} INFO - Processing /home/airflow/.local/lib/python3.8/site-packages/airflow/example_dags/example_branch_operator.py took 0.417 seconds
[2026-05-19T19:30:28.684+0000] {processor.py:161} INFO - Started process (PID=9343) to work on /home/airflow/.local/lib/python3.8/site-packages/airflow/example_dags/example_branch_operator.py
[2026-05-19T19:30:28.687+0000] {processor.py:830} INFO - Processing file /home/airflow/.local/lib/python3.8/site-packages/airflow/example_dags/example_branch_operator.py for tasks to queue
[2026-05-19T19:30:28.690+0000] {logging_mixin.py:188} INFO - [2026-05-19T19:30:28.689+0000] {dagbag.py:540} INFO - Filling up the DagBag from /home/airflow/.local/lib/python3.8/site-packages/airflow/example_dags/example_branch_operator.py
[2026-05-19T19:30:28.712+0000] {processor.py:840} INFO - DAG(s) 'example_branch_operator' retrieved from /home/airflow/.local/lib/python3.8/site-packages/airflow/example_dags/example_branch_operator.py
[2026-05-19T19:30:28.755+0000] {logging_mixin.py:188} INFO - [2026-05-19T19:30:28.754+0000] {dag.py:3047} INFO - Sync 1 DAGs
[2026-05-19T19:30:28.784+0000] {logging_mixin.py:188} INFO - [2026-05-19T19:30:28.784+0000] {dag.py:3834} INFO - Setting next_dagrun for example_branch_operator to 2026-05-18 00:00:00+00:00, run_after=2026-05-19 00:00:00+00:00
[2026-05-19T19:30:28.819+0000] {processor.py:183} INFO - Processing /home/airflow/.local/lib/python3.8/site-packages/airflow/example_dags/example_branch_operator.py took 0.139 seconds
[2026-05-19T19:30:58.896+0000] {processor.py:161} INFO - Started process (PID=9398) to work on /home/airflow/.local/lib/python3.8/site-packages/airflow/example_dags/example_branch_operator.py
[2026-05-19T19:30:58.898+0000] {processor.py:830} INFO - Processing file /home/airflow/.local/lib/python3.8/site-packages/airflow/example_dags/example_branch_operator.py for tasks to queue
[2026-05-19T19:30:58.901+0000] {logging_mixin.py:188} INFO - [2026-05-19T19:30:58.900+0000] {dagbag.py:540} INFO - Filling up the DagBag from /home/airflow/.local/lib/python3.8/site-packages/airflow/example_dags/example_branch_operator.py
[2026-05-19T19:30:58.922+0000] {processor.py:840} INFO - DAG(s) 'example_branch_operator' retrieved from /home/airflow/.local/lib/python3.8/site-packages/airflow/example_dags/example_branch_operator.py
[2026-05-19T19:30:58.960+0000] {logging_mixin.py:188} INFO - [2026-05-19T19:30:58.959+0000] {dag.py:3047} INFO - Sync 1 DAGs
[2026-05-19T19:30:58.993+0000] {logging_mixin.py:188} INFO - [2026-05-19T19:30:58.992+0000] {dag.py:3834} INFO - Setting next_dagrun for example_branch_operator to 2026-05-18 00:00:00+00:00, run_after=2026-05-19 00:00:00+00:00
[2026-05-19T19:30:59.031+0000] {processor.py:183} INFO - Processing /home/airflow/.local/lib/python3.8/site-packages/airflow/example_dags/example_branch_operator.py took 0.140 seconds
[2026-05-19T19:31:30.273+0000] {processor.py:161} INFO - Started process (PID=9453) to work on /home/airflow/.local/lib/python3.8/site-packages/airflow/example_dags/example_branch_operator.py
[2026-05-19T19:31:30.276+0000] {processor.py:830} INFO - Processing file /home/airflow/.local/lib/python3.8/site-packages/airflow/example_dags/example_branch_operator.py for tasks to queue
[2026-05-19T19:31:30.280+0000] {logging_mixin.py:188} INFO - [2026-05-19T19:31:30.279+0000] {dagbag.py:540} INFO - Filling up the DagBag from /home/airflow/.local/lib/python3.8/site-packages/airflow/example_dags/example_branch_operator.py
[2026-05-19T19:31:30.313+0000] {processor.py:840} INFO - DAG(s) 'example_branch_operator' retrieved from /home/airflow/.local/lib/python3.8/site-packages/airflow/example_dags/example_branch_operator.py
[2026-05-19T19:31:30.351+0000] {logging_mixin.py:188} INFO - [2026-05-19T19:31:30.350+0000] {dag.py:3047} INFO - Sync 1 DAGs
[2026-05-19T19:31:30.405+0000] {logging_mixin.py:188} INFO - [2026-05-19T19:31:30.404+0000] {dag.py:3834} INFO - Setting next_dagrun for example_branch_operator to 2026-05-18 00:00:00+00:00, run_after=2026-05-19 00:00:00+00:00
[2026-05-19T19:31:30.460+0000] {processor.py:183} INFO - Processing /home/airflow/.local/lib/python3.8/site-packages/airflow/example_dags/example_branch_operator.py took 0.195 seconds
[2026-05-19T19:32:01.214+0000] {processor.py:161} INFO - Started process (PID=9508) to work on /home/airflow/.local/lib/python3.8/site-packages/airflow/example_dags/example_branch_operator.py
[2026-05-19T19:32:01.216+0000] {processor.py:830} INFO - Processing file /home/airflow/.local/lib/python3.8/site-packages/airflow/example_dags/example_branch_operator.py for tasks to queue
[2026-05-19T19:32:01.218+0000] {logging_mixin.py:188} INFO - [2026-05-19T19:32:01.218+0000] {dagbag.py:540} INFO - Filling up the DagBag from /home/airflow/.local/lib/python3.8/site-packages/airflow/example_dags/example_branch_operator.py
[2026-05-19T19:32:01.236+0000] {processor.py:840} INFO - DAG(s) 'example_branch_operator' retrieved from /home/airflow/.local/lib/python3.8/site-packages/airflow/example_dags/example_branch_operator.py
[2026-05-19T19:32:01.265+0000] {logging_mixin.py:188} INFO - [2026-05-19T19:32:01.264+0000] {dag.py:3047} INFO - Sync 1 DAGs
[2026-05-19T19:32:01.289+0000] {logging_mixin.py:188} INFO - [2026-05-19T19:32:01.289+0000] {dag.py:3834} INFO - Setting next_dagrun for example_branch_operator to 2026-05-18 00:00:00+00:00, run_after=2026-05-19 00:00:00+00:00
[2026-05-19T19:32:01.311+0000] {processor.py:183} INFO - Processing /home/airflow/.local/lib/python3.8/site-packages/airflow/example_dags/example_branch_operator.py took 0.102 seconds
[2026-05-19T19:32:31.512+0000] {processor.py:161} INFO - Started process (PID=9563) to work on /home/airflow/.local/lib/python3.8/site-packages/airflow/example_dags/example_branch_operator.py
[2026-05-19T19:32:31.514+0000] {processor.py:830} INFO - Processing file /home/airflow/.local/lib/python3.8/site-packages/airflow/example_dags/example_branch_operator.py for tasks to queue
[2026-05-19T19:32:31.516+0000] {logging_mixin.py:188} INFO - [2026-05-19T19:32:31.516+0000] {dagbag.py:540} INFO - Filling up the DagBag from /home/airflow/.local/lib/python3.8/site-packages/airflow/example_dags/example_branch_operator.py
[2026-05-19T19:32:31.531+0000] {processor.py:840} INFO - DAG(s) 'example_branch_operator' retrieved from /home/airflow/.local/lib/python3.8/site-packages/airflow/example_dags/example_branch_operator.py
[2026-05-19T19:32:31.556+0000] {logging_mixin.py:188} INFO - [2026-05-19T19:32:31.556+0000] {dag.py:3047} INFO - Sync 1 DAGs
[2026-05-19T19:32:31.575+0000] {logging_mixin.py:188} INFO - [2026-05-19T19:32:31.574+0000] {dag.py:3834} INFO - Setting next_dagrun for example_branch_operator to 2026-05-18 00:00:00+00:00, run_after=2026-05-19 00:00:00+00:00
[2026-05-19T19:32:31.598+0000] {processor.py:183} INFO - Processing /home/airflow/.local/lib/python3.8/site-packages/airflow/example_dags/example_branch_operator.py took 0.090 seconds
[2026-05-19T19:33:01.984+0000] {processor.py:161} INFO - Started process (PID=9618) to work on /home/airflow/.local/lib/python3.8/site-packages/airflow/example_dags/example_branch_operator.py
[2026-05-19T19:33:01.988+0000] {processor.py:830} INFO - Processing file /home/airflow/.local/lib/python3.8/site-packages/airflow/example_dags/example_branch_operator.py for tasks to queue
[2026-05-19T19:33:01.993+0000] {logging_mixin.py:188} INFO - [2026-05-19T19:33:01.992+0000] {dagbag.py:540} INFO - Filling up the DagBag from /home/airflow/.local/lib/python3.8/site-packages/airflow/example_dags/example_branch_operator.py
[2026-05-19T19:33:02.049+0000] {processor.py:840} INFO - DAG(s) 'example_branch_operator' retrieved from /home/airflow/.local/lib/python3.8/site-packages/airflow/example_dags/example_branch_operator.py
[2026-05-19T19:33:02.111+0000] {logging_mixin.py:188} INFO - [2026-05-19T19:33:02.110+0000] {dag.py:3047} INFO - Sync 1 DAGs
[2026-05-19T19:33:02.152+0000] {logging_mixin.py:188} INFO - [2026-05-19T19:33:02.151+0000] {dag.py:3834} INFO - Setting next_dagrun for example_branch_operator to 2026-05-18 00:00:00+00:00, run_after=2026-05-19 00:00:00+00:00
[2026-05-19T19:33:02.196+0000] {processor.py:183} INFO - Processing /home/airflow/.local/lib/python3.8/site-packages/airflow/example_dags/example_branch_operator.py took 0.222 seconds
[2026-05-19T19:33:32.323+0000] {processor.py:161} INFO - Started process (PID=9673) to work on /home/airflow/.local/lib/python3.8/site-packages/airflow/example_dags/example_branch_operator.py
[2026-05-19T19:33:32.325+0000] {processor.py:830} INFO - Processing file /home/airflow/.local/lib/python3.8/site-packages/airflow/example_dags/example_branch_operator.py for tasks to queue
[2026-05-19T19:33:32.329+0000] {logging_mixin.py:188} INFO - [2026-05-19T19:33:32.328+0000] {dagbag.py:540} INFO - Filling up the DagBag from /home/airflow/.local/lib/python3.8/site-packages/airflow/example_dags/example_branch_operator.py
[2026-05-19T19:33:32.353+0000] {processor.py:840} INFO - DAG(s) 'example_branch_operator' retrieved from /home/airflow/.local/lib/python3.8/site-packages/airflow/example_dags/example_branch_operator.py
[2026-05-19T19:33:32.395+0000] {logging_mixin.py:188} INFO - [2026-05-19T19:33:32.395+0000] {dag.py:3047} INFO - Sync 1 DAGs
[2026-05-19T19:33:32.427+0000] {logging_mixin.py:188} INFO - [2026-05-19T19:33:32.427+0000] {dag.py:3834} INFO - Setting next_dagrun for example_branch_operator to 2026-05-18 00:00:00+00:00, run_after=2026-05-19 00:00:00+00:00
[2026-05-19T19:33:32.460+0000] {processor.py:183} INFO - Processing /home/airflow/.local/lib/python3.8/site-packages/airflow/example_dags/example_branch_operator.py took 0.144 seconds
