[2026-05-19T19:18:14.358+0000] {processor.py:161} INFO - Started process (PID=8023) to work on /home/airflow/.local/lib/python3.8/site-packages/airflow/example_dags/example_dag_decorator.py
[2026-05-19T19:18:14.361+0000] {processor.py:830} INFO - Processing file /home/airflow/.local/lib/python3.8/site-packages/airflow/example_dags/example_dag_decorator.py for tasks to queue
[2026-05-19T19:18:14.366+0000] {logging_mixin.py:188} INFO - [2026-05-19T19:18:14.365+0000] {dagbag.py:540} INFO - Filling up the DagBag from /home/airflow/.local/lib/python3.8/site-packages/airflow/example_dags/example_dag_decorator.py
[2026-05-19T19:18:14.567+0000] {processor.py:840} INFO - DAG(s) 'example_dag_decorator' retrieved from /home/airflow/.local/lib/python3.8/site-packages/airflow/example_dags/example_dag_decorator.py
[2026-05-19T19:18:14.881+0000] {logging_mixin.py:188} INFO - [2026-05-19T19:18:14.880+0000] {dag.py:3047} INFO - Sync 1 DAGs
[2026-05-19T19:18:14.941+0000] {logging_mixin.py:188} INFO - [2026-05-19T19:18:14.941+0000] {dag.py:3834} INFO - Setting next_dagrun for example_dag_decorator to None, run_after=None
[2026-05-19T19:18:15.029+0000] {processor.py:183} INFO - Processing /home/airflow/.local/lib/python3.8/site-packages/airflow/example_dags/example_dag_decorator.py took 0.679 seconds
[2026-05-19T19:18:45.083+0000] {processor.py:161} INFO - Started process (PID=8079) to work on /home/airflow/.local/lib/python3.8/site-packages/airflow/example_dags/example_dag_decorator.py
[2026-05-19T19:18:45.085+0000] {processor.py:830} INFO - Processing file /home/airflow/.local/lib/python3.8/site-packages/airflow/example_dags/example_dag_decorator.py for tasks to queue
[2026-05-19T19:18:45.088+0000] {logging_mixin.py:188} INFO - [2026-05-19T19:18:45.088+0000] {dagbag.py:540} INFO - Filling up the DagBag from /home/airflow/.local/lib/python3.8/site-packages/airflow/example_dags/example_dag_decorator.py
[2026-05-19T19:18:45.156+0000] {processor.py:840} INFO - DAG(s) 'example_dag_decorator' retrieved from /home/airflow/.local/lib/python3.8/site-packages/airflow/example_dags/example_dag_decorator.py
[2026-05-19T19:18:45.295+0000] {logging_mixin.py:188} INFO - [2026-05-19T19:18:45.294+0000] {dag.py:3047} INFO - Sync 1 DAGs
[2026-05-19T19:18:45.305+0000] {logging_mixin.py:188} INFO - [2026-05-19T19:18:45.305+0000] {dag.py:3834} INFO - Setting next_dagrun for example_dag_decorator to None, run_after=None
[2026-05-19T19:18:45.330+0000] {processor.py:183} INFO - Processing /home/airflow/.local/lib/python3.8/site-packages/airflow/example_dags/example_dag_decorator.py took 0.251 seconds
[2026-05-19T19:19:15.410+0000] {processor.py:161} INFO - Started process (PID=8133) to work on /home/airflow/.local/lib/python3.8/site-packages/airflow/example_dags/example_dag_decorator.py
[2026-05-19T19:19:15.412+0000] {processor.py:830} INFO - Processing file /home/airflow/.local/lib/python3.8/site-packages/airflow/example_dags/example_dag_decorator.py for tasks to queue
[2026-05-19T19:19:15.415+0000] {logging_mixin.py:188} INFO - [2026-05-19T19:19:15.415+0000] {dagbag.py:540} INFO - Filling up the DagBag from /home/airflow/.local/lib/python3.8/site-packages/airflow/example_dags/example_dag_decorator.py
[2026-05-19T19:19:15.544+0000] {processor.py:840} INFO - DAG(s) 'example_dag_decorator' retrieved from /home/airflow/.local/lib/python3.8/site-packages/airflow/example_dags/example_dag_decorator.py
[2026-05-19T19:19:15.631+0000] {logging_mixin.py:188} INFO - [2026-05-19T19:19:15.631+0000] {dag.py:3047} INFO - Sync 1 DAGs
[2026-05-19T19:19:15.643+0000] {logging_mixin.py:188} INFO - [2026-05-19T19:19:15.642+0000] {dag.py:3834} INFO - Setting next_dagrun for example_dag_decorator to None, run_after=None
[2026-05-19T19:19:15.661+0000] {processor.py:183} INFO - Processing /home/airflow/.local/lib/python3.8/site-packages/airflow/example_dags/example_dag_decorator.py took 0.255 seconds
[2026-05-19T19:19:46.655+0000] {processor.py:161} INFO - Started process (PID=8193) to work on /home/airflow/.local/lib/python3.8/site-packages/airflow/example_dags/example_dag_decorator.py
[2026-05-19T19:19:46.656+0000] {processor.py:830} INFO - Processing file /home/airflow/.local/lib/python3.8/site-packages/airflow/example_dags/example_dag_decorator.py for tasks to queue
[2026-05-19T19:19:46.658+0000] {logging_mixin.py:188} INFO - [2026-05-19T19:19:46.658+0000] {dagbag.py:540} INFO - Filling up the DagBag from /home/airflow/.local/lib/python3.8/site-packages/airflow/example_dags/example_dag_decorator.py
[2026-05-19T19:19:46.729+0000] {processor.py:840} INFO - DAG(s) 'example_dag_decorator' retrieved from /home/airflow/.local/lib/python3.8/site-packages/airflow/example_dags/example_dag_decorator.py
[2026-05-19T19:19:46.806+0000] {logging_mixin.py:188} INFO - [2026-05-19T19:19:46.806+0000] {dag.py:3047} INFO - Sync 1 DAGs
[2026-05-19T19:19:46.814+0000] {logging_mixin.py:188} INFO - [2026-05-19T19:19:46.814+0000] {dag.py:3834} INFO - Setting next_dagrun for example_dag_decorator to None, run_after=None
[2026-05-19T19:19:46.833+0000] {processor.py:183} INFO - Processing /home/airflow/.local/lib/python3.8/site-packages/airflow/example_dags/example_dag_decorator.py took 0.181 seconds
[2026-05-19T19:20:16.938+0000] {processor.py:161} INFO - Started process (PID=8249) to work on /home/airflow/.local/lib/python3.8/site-packages/airflow/example_dags/example_dag_decorator.py
[2026-05-19T19:20:16.939+0000] {processor.py:830} INFO - Processing file /home/airflow/.local/lib/python3.8/site-packages/airflow/example_dags/example_dag_decorator.py for tasks to queue
[2026-05-19T19:20:16.943+0000] {logging_mixin.py:188} INFO - [2026-05-19T19:20:16.943+0000] {dagbag.py:540} INFO - Filling up the DagBag from /home/airflow/.local/lib/python3.8/site-packages/airflow/example_dags/example_dag_decorator.py
[2026-05-19T19:20:17.024+0000] {processor.py:840} INFO - DAG(s) 'example_dag_decorator' retrieved from /home/airflow/.local/lib/python3.8/site-packages/airflow/example_dags/example_dag_decorator.py
[2026-05-19T19:20:17.050+0000] {logging_mixin.py:188} INFO - [2026-05-19T19:20:17.050+0000] {dag.py:3047} INFO - Sync 1 DAGs
[2026-05-19T19:20:17.091+0000] {logging_mixin.py:188} INFO - [2026-05-19T19:20:17.090+0000] {dag.py:3834} INFO - Setting next_dagrun for example_dag_decorator to None, run_after=None
[2026-05-19T19:20:17.139+0000] {processor.py:183} INFO - Processing /home/airflow/.local/lib/python3.8/site-packages/airflow/example_dags/example_dag_decorator.py took 0.205 seconds
[2026-05-19T19:20:47.745+0000] {processor.py:161} INFO - Started process (PID=8304) to work on /home/airflow/.local/lib/python3.8/site-packages/airflow/example_dags/example_dag_decorator.py
[2026-05-19T19:20:47.747+0000] {processor.py:830} INFO - Processing file /home/airflow/.local/lib/python3.8/site-packages/airflow/example_dags/example_dag_decorator.py for tasks to queue
[2026-05-19T19:20:47.751+0000] {logging_mixin.py:188} INFO - [2026-05-19T19:20:47.750+0000] {dagbag.py:540} INFO - Filling up the DagBag from /home/airflow/.local/lib/python3.8/site-packages/airflow/example_dags/example_dag_decorator.py
[2026-05-19T19:20:47.841+0000] {processor.py:840} INFO - DAG(s) 'example_dag_decorator' retrieved from /home/airflow/.local/lib/python3.8/site-packages/airflow/example_dags/example_dag_decorator.py
[2026-05-19T19:20:47.953+0000] {logging_mixin.py:188} INFO - [2026-05-19T19:20:47.953+0000] {dag.py:3047} INFO - Sync 1 DAGs
[2026-05-19T19:20:47.965+0000] {logging_mixin.py:188} INFO - [2026-05-19T19:20:47.965+0000] {dag.py:3834} INFO - Setting next_dagrun for example_dag_decorator to None, run_after=None
[2026-05-19T19:20:47.993+0000] {processor.py:183} INFO - Processing /home/airflow/.local/lib/python3.8/site-packages/airflow/example_dags/example_dag_decorator.py took 0.252 seconds
[2026-05-19T19:21:18.053+0000] {processor.py:161} INFO - Started process (PID=8360) to work on /home/airflow/.local/lib/python3.8/site-packages/airflow/example_dags/example_dag_decorator.py
[2026-05-19T19:21:18.055+0000] {processor.py:830} INFO - Processing file /home/airflow/.local/lib/python3.8/site-packages/airflow/example_dags/example_dag_decorator.py for tasks to queue
[2026-05-19T19:21:18.059+0000] {logging_mixin.py:188} INFO - [2026-05-19T19:21:18.058+0000] {dagbag.py:540} INFO - Filling up the DagBag from /home/airflow/.local/lib/python3.8/site-packages/airflow/example_dags/example_dag_decorator.py
[2026-05-19T19:21:18.215+0000] {processor.py:840} INFO - DAG(s) 'example_dag_decorator' retrieved from /home/airflow/.local/lib/python3.8/site-packages/airflow/example_dags/example_dag_decorator.py
[2026-05-19T19:21:18.249+0000] {logging_mixin.py:188} INFO - [2026-05-19T19:21:18.248+0000] {dag.py:3047} INFO - Sync 1 DAGs
[2026-05-19T19:21:18.262+0000] {logging_mixin.py:188} INFO - [2026-05-19T19:21:18.262+0000] {dag.py:3834} INFO - Setting next_dagrun for example_dag_decorator to None, run_after=None
[2026-05-19T19:21:18.292+0000] {processor.py:183} INFO - Processing /home/airflow/.local/lib/python3.8/site-packages/airflow/example_dags/example_dag_decorator.py took 0.243 seconds
[2026-05-19T19:21:48.544+0000] {processor.py:161} INFO - Started process (PID=8415) to work on /home/airflow/.local/lib/python3.8/site-packages/airflow/example_dags/example_dag_decorator.py
[2026-05-19T19:21:48.546+0000] {processor.py:830} INFO - Processing file /home/airflow/.local/lib/python3.8/site-packages/airflow/example_dags/example_dag_decorator.py for tasks to queue
[2026-05-19T19:21:48.549+0000] {logging_mixin.py:188} INFO - [2026-05-19T19:21:48.549+0000] {dagbag.py:540} INFO - Filling up the DagBag from /home/airflow/.local/lib/python3.8/site-packages/airflow/example_dags/example_dag_decorator.py
[2026-05-19T19:21:48.647+0000] {processor.py:840} INFO - DAG(s) 'example_dag_decorator' retrieved from /home/airflow/.local/lib/python3.8/site-packages/airflow/example_dags/example_dag_decorator.py
[2026-05-19T19:21:48.832+0000] {logging_mixin.py:188} INFO - [2026-05-19T19:21:48.832+0000] {dag.py:3047} INFO - Sync 1 DAGs
[2026-05-19T19:21:48.849+0000] {logging_mixin.py:188} INFO - [2026-05-19T19:21:48.848+0000] {dag.py:3834} INFO - Setting next_dagrun for example_dag_decorator to None, run_after=None
[2026-05-19T19:21:48.883+0000] {processor.py:183} INFO - Processing /home/airflow/.local/lib/python3.8/site-packages/airflow/example_dags/example_dag_decorator.py took 0.344 seconds
[2026-05-19T19:22:19.209+0000] {processor.py:161} INFO - Started process (PID=8470) to work on /home/airflow/.local/lib/python3.8/site-packages/airflow/example_dags/example_dag_decorator.py
[2026-05-19T19:22:19.214+0000] {processor.py:830} INFO - Processing file /home/airflow/.local/lib/python3.8/site-packages/airflow/example_dags/example_dag_decorator.py for tasks to queue
[2026-05-19T19:22:19.221+0000] {logging_mixin.py:188} INFO - [2026-05-19T19:22:19.220+0000] {dagbag.py:540} INFO - Filling up the DagBag from /home/airflow/.local/lib/python3.8/site-packages/airflow/example_dags/example_dag_decorator.py
[2026-05-19T19:22:19.412+0000] {processor.py:840} INFO - DAG(s) 'example_dag_decorator' retrieved from /home/airflow/.local/lib/python3.8/site-packages/airflow/example_dags/example_dag_decorator.py
[2026-05-19T19:22:19.651+0000] {logging_mixin.py:188} INFO - [2026-05-19T19:22:19.651+0000] {dag.py:3047} INFO - Sync 1 DAGs
[2026-05-19T19:22:19.674+0000] {logging_mixin.py:188} INFO - [2026-05-19T19:22:19.674+0000] {dag.py:3834} INFO - Setting next_dagrun for example_dag_decorator to None, run_after=None
[2026-05-19T19:22:19.718+0000] {processor.py:183} INFO - Processing /home/airflow/.local/lib/python3.8/site-packages/airflow/example_dags/example_dag_decorator.py took 0.516 seconds
[2026-05-19T19:22:49.772+0000] {processor.py:161} INFO - Started process (PID=8522) to work on /home/airflow/.local/lib/python3.8/site-packages/airflow/example_dags/example_dag_decorator.py
[2026-05-19T19:22:49.774+0000] {processor.py:830} INFO - Processing file /home/airflow/.local/lib/python3.8/site-packages/airflow/example_dags/example_dag_decorator.py for tasks to queue
[2026-05-19T19:22:49.777+0000] {logging_mixin.py:188} INFO - [2026-05-19T19:22:49.777+0000] {dagbag.py:540} INFO - Filling up the DagBag from /home/airflow/.local/lib/python3.8/site-packages/airflow/example_dags/example_dag_decorator.py
[2026-05-19T19:22:49.881+0000] {processor.py:840} INFO - DAG(s) 'example_dag_decorator' retrieved from /home/airflow/.local/lib/python3.8/site-packages/airflow/example_dags/example_dag_decorator.py
[2026-05-19T19:22:50.008+0000] {logging_mixin.py:188} INFO - [2026-05-19T19:22:50.008+0000] {dag.py:3047} INFO - Sync 1 DAGs
[2026-05-19T19:22:50.021+0000] {logging_mixin.py:188} INFO - [2026-05-19T19:22:50.020+0000] {dag.py:3834} INFO - Setting next_dagrun for example_dag_decorator to None, run_after=None
[2026-05-19T19:22:50.046+0000] {processor.py:183} INFO - Processing /home/airflow/.local/lib/python3.8/site-packages/airflow/example_dags/example_dag_decorator.py took 0.278 seconds
[2026-05-19T19:23:20.158+0000] {processor.py:161} INFO - Started process (PID=8577) to work on /home/airflow/.local/lib/python3.8/site-packages/airflow/example_dags/example_dag_decorator.py
[2026-05-19T19:23:20.160+0000] {processor.py:830} INFO - Processing file /home/airflow/.local/lib/python3.8/site-packages/airflow/example_dags/example_dag_decorator.py for tasks to queue
[2026-05-19T19:23:20.162+0000] {logging_mixin.py:188} INFO - [2026-05-19T19:23:20.162+0000] {dagbag.py:540} INFO - Filling up the DagBag from /home/airflow/.local/lib/python3.8/site-packages/airflow/example_dags/example_dag_decorator.py
[2026-05-19T19:23:20.236+0000] {processor.py:840} INFO - DAG(s) 'example_dag_decorator' retrieved from /home/airflow/.local/lib/python3.8/site-packages/airflow/example_dags/example_dag_decorator.py
[2026-05-19T19:23:20.322+0000] {logging_mixin.py:188} INFO - [2026-05-19T19:23:20.321+0000] {dag.py:3047} INFO - Sync 1 DAGs
[2026-05-19T19:23:20.334+0000] {logging_mixin.py:188} INFO - [2026-05-19T19:23:20.333+0000] {dag.py:3834} INFO - Setting next_dagrun for example_dag_decorator to None, run_after=None
[2026-05-19T19:23:20.355+0000] {processor.py:183} INFO - Processing /home/airflow/.local/lib/python3.8/site-packages/airflow/example_dags/example_dag_decorator.py took 0.200 seconds
[2026-05-19T19:23:50.465+0000] {processor.py:161} INFO - Started process (PID=8632) to work on /home/airflow/.local/lib/python3.8/site-packages/airflow/example_dags/example_dag_decorator.py
[2026-05-19T19:23:50.469+0000] {processor.py:830} INFO - Processing file /home/airflow/.local/lib/python3.8/site-packages/airflow/example_dags/example_dag_decorator.py for tasks to queue
[2026-05-19T19:23:50.474+0000] {logging_mixin.py:188} INFO - [2026-05-19T19:23:50.474+0000] {dagbag.py:540} INFO - Filling up the DagBag from /home/airflow/.local/lib/python3.8/site-packages/airflow/example_dags/example_dag_decorator.py
[2026-05-19T19:23:50.642+0000] {processor.py:840} INFO - DAG(s) 'example_dag_decorator' retrieved from /home/airflow/.local/lib/python3.8/site-packages/airflow/example_dags/example_dag_decorator.py
[2026-05-19T19:23:50.877+0000] {logging_mixin.py:188} INFO - [2026-05-19T19:23:50.877+0000] {dag.py:3047} INFO - Sync 1 DAGs
[2026-05-19T19:23:50.935+0000] {logging_mixin.py:188} INFO - [2026-05-19T19:23:50.935+0000] {dag.py:3834} INFO - Setting next_dagrun for example_dag_decorator to None, run_after=None
[2026-05-19T19:23:51.018+0000] {processor.py:183} INFO - Processing /home/airflow/.local/lib/python3.8/site-packages/airflow/example_dags/example_dag_decorator.py took 0.562 seconds
[2026-05-19T19:24:21.148+0000] {processor.py:161} INFO - Started process (PID=8687) to work on /home/airflow/.local/lib/python3.8/site-packages/airflow/example_dags/example_dag_decorator.py
[2026-05-19T19:24:21.151+0000] {processor.py:830} INFO - Processing file /home/airflow/.local/lib/python3.8/site-packages/airflow/example_dags/example_dag_decorator.py for tasks to queue
[2026-05-19T19:24:21.155+0000] {logging_mixin.py:188} INFO - [2026-05-19T19:24:21.154+0000] {dagbag.py:540} INFO - Filling up the DagBag from /home/airflow/.local/lib/python3.8/site-packages/airflow/example_dags/example_dag_decorator.py
[2026-05-19T19:24:21.336+0000] {processor.py:840} INFO - DAG(s) 'example_dag_decorator' retrieved from /home/airflow/.local/lib/python3.8/site-packages/airflow/example_dags/example_dag_decorator.py
[2026-05-19T19:24:21.552+0000] {logging_mixin.py:188} INFO - [2026-05-19T19:24:21.552+0000] {dag.py:3047} INFO - Sync 1 DAGs
[2026-05-19T19:24:21.575+0000] {logging_mixin.py:188} INFO - [2026-05-19T19:24:21.575+0000] {dag.py:3834} INFO - Setting next_dagrun for example_dag_decorator to None, run_after=None
[2026-05-19T19:24:21.619+0000] {processor.py:183} INFO - Processing /home/airflow/.local/lib/python3.8/site-packages/airflow/example_dags/example_dag_decorator.py took 0.479 seconds
[2026-05-19T19:24:52.613+0000] {processor.py:161} INFO - Started process (PID=8743) to work on /home/airflow/.local/lib/python3.8/site-packages/airflow/example_dags/example_dag_decorator.py
[2026-05-19T19:24:52.615+0000] {processor.py:830} INFO - Processing file /home/airflow/.local/lib/python3.8/site-packages/airflow/example_dags/example_dag_decorator.py for tasks to queue
[2026-05-19T19:24:52.619+0000] {logging_mixin.py:188} INFO - [2026-05-19T19:24:52.618+0000] {dagbag.py:540} INFO - Filling up the DagBag from /home/airflow/.local/lib/python3.8/site-packages/airflow/example_dags/example_dag_decorator.py
[2026-05-19T19:24:52.770+0000] {processor.py:840} INFO - DAG(s) 'example_dag_decorator' retrieved from /home/airflow/.local/lib/python3.8/site-packages/airflow/example_dags/example_dag_decorator.py
[2026-05-19T19:24:52.953+0000] {logging_mixin.py:188} INFO - [2026-05-19T19:24:52.952+0000] {dag.py:3047} INFO - Sync 1 DAGs
[2026-05-19T19:24:52.971+0000] {logging_mixin.py:188} INFO - [2026-05-19T19:24:52.971+0000] {dag.py:3834} INFO - Setting next_dagrun for example_dag_decorator to None, run_after=None
[2026-05-19T19:24:53.005+0000] {processor.py:183} INFO - Processing /home/airflow/.local/lib/python3.8/site-packages/airflow/example_dags/example_dag_decorator.py took 0.398 seconds
[2026-05-19T19:25:23.095+0000] {processor.py:161} INFO - Started process (PID=8798) to work on /home/airflow/.local/lib/python3.8/site-packages/airflow/example_dags/example_dag_decorator.py
[2026-05-19T19:25:23.097+0000] {processor.py:830} INFO - Processing file /home/airflow/.local/lib/python3.8/site-packages/airflow/example_dags/example_dag_decorator.py for tasks to queue
[2026-05-19T19:25:23.100+0000] {logging_mixin.py:188} INFO - [2026-05-19T19:25:23.099+0000] {dagbag.py:540} INFO - Filling up the DagBag from /home/airflow/.local/lib/python3.8/site-packages/airflow/example_dags/example_dag_decorator.py
[2026-05-19T19:25:23.302+0000] {processor.py:840} INFO - DAG(s) 'example_dag_decorator' retrieved from /home/airflow/.local/lib/python3.8/site-packages/airflow/example_dags/example_dag_decorator.py
[2026-05-19T19:25:23.543+0000] {logging_mixin.py:188} INFO - [2026-05-19T19:25:23.542+0000] {dag.py:3047} INFO - Sync 1 DAGs
[2026-05-19T19:25:23.574+0000] {logging_mixin.py:188} INFO - [2026-05-19T19:25:23.574+0000] {dag.py:3834} INFO - Setting next_dagrun for example_dag_decorator to None, run_after=None
[2026-05-19T19:25:23.617+0000] {processor.py:183} INFO - Processing /home/airflow/.local/lib/python3.8/site-packages/airflow/example_dags/example_dag_decorator.py took 0.525 seconds
[2026-05-19T19:25:53.853+0000] {processor.py:161} INFO - Started process (PID=8853) to work on /home/airflow/.local/lib/python3.8/site-packages/airflow/example_dags/example_dag_decorator.py
[2026-05-19T19:25:53.856+0000] {processor.py:830} INFO - Processing file /home/airflow/.local/lib/python3.8/site-packages/airflow/example_dags/example_dag_decorator.py for tasks to queue
[2026-05-19T19:25:53.860+0000] {logging_mixin.py:188} INFO - [2026-05-19T19:25:53.860+0000] {dagbag.py:540} INFO - Filling up the DagBag from /home/airflow/.local/lib/python3.8/site-packages/airflow/example_dags/example_dag_decorator.py
[2026-05-19T19:25:54.214+0000] {processor.py:840} INFO - DAG(s) 'example_dag_decorator' retrieved from /home/airflow/.local/lib/python3.8/site-packages/airflow/example_dags/example_dag_decorator.py
[2026-05-19T19:25:54.399+0000] {logging_mixin.py:188} INFO - [2026-05-19T19:25:54.398+0000] {dag.py:3047} INFO - Sync 1 DAGs
[2026-05-19T19:25:54.417+0000] {logging_mixin.py:188} INFO - [2026-05-19T19:25:54.416+0000] {dag.py:3834} INFO - Setting next_dagrun for example_dag_decorator to None, run_after=None
[2026-05-19T19:25:54.456+0000] {processor.py:183} INFO - Processing /home/airflow/.local/lib/python3.8/site-packages/airflow/example_dags/example_dag_decorator.py took 0.610 seconds
[2026-05-19T19:26:25.170+0000] {processor.py:161} INFO - Started process (PID=8909) to work on /home/airflow/.local/lib/python3.8/site-packages/airflow/example_dags/example_dag_decorator.py
[2026-05-19T19:26:25.171+0000] {processor.py:830} INFO - Processing file /home/airflow/.local/lib/python3.8/site-packages/airflow/example_dags/example_dag_decorator.py for tasks to queue
[2026-05-19T19:26:25.174+0000] {logging_mixin.py:188} INFO - [2026-05-19T19:26:25.173+0000] {dagbag.py:540} INFO - Filling up the DagBag from /home/airflow/.local/lib/python3.8/site-packages/airflow/example_dags/example_dag_decorator.py
[2026-05-19T19:26:25.338+0000] {processor.py:840} INFO - DAG(s) 'example_dag_decorator' retrieved from /home/airflow/.local/lib/python3.8/site-packages/airflow/example_dags/example_dag_decorator.py
[2026-05-19T19:26:25.536+0000] {logging_mixin.py:188} INFO - [2026-05-19T19:26:25.535+0000] {dag.py:3047} INFO - Sync 1 DAGs
[2026-05-19T19:26:25.552+0000] {logging_mixin.py:188} INFO - [2026-05-19T19:26:25.552+0000] {dag.py:3834} INFO - Setting next_dagrun for example_dag_decorator to None, run_after=None
[2026-05-19T19:26:25.591+0000] {processor.py:183} INFO - Processing /home/airflow/.local/lib/python3.8/site-packages/airflow/example_dags/example_dag_decorator.py took 0.425 seconds
[2026-05-19T19:26:55.988+0000] {processor.py:161} INFO - Started process (PID=8964) to work on /home/airflow/.local/lib/python3.8/site-packages/airflow/example_dags/example_dag_decorator.py
[2026-05-19T19:26:55.990+0000] {processor.py:830} INFO - Processing file /home/airflow/.local/lib/python3.8/site-packages/airflow/example_dags/example_dag_decorator.py for tasks to queue
[2026-05-19T19:26:55.994+0000] {logging_mixin.py:188} INFO - [2026-05-19T19:26:55.993+0000] {dagbag.py:540} INFO - Filling up the DagBag from /home/airflow/.local/lib/python3.8/site-packages/airflow/example_dags/example_dag_decorator.py
[2026-05-19T19:26:56.089+0000] {processor.py:840} INFO - DAG(s) 'example_dag_decorator' retrieved from /home/airflow/.local/lib/python3.8/site-packages/airflow/example_dags/example_dag_decorator.py
[2026-05-19T19:26:56.228+0000] {logging_mixin.py:188} INFO - [2026-05-19T19:26:56.228+0000] {dag.py:3047} INFO - Sync 1 DAGs
[2026-05-19T19:26:56.238+0000] {logging_mixin.py:188} INFO - [2026-05-19T19:26:56.238+0000] {dag.py:3834} INFO - Setting next_dagrun for example_dag_decorator to None, run_after=None
[2026-05-19T19:26:56.266+0000] {processor.py:183} INFO - Processing /home/airflow/.local/lib/python3.8/site-packages/airflow/example_dags/example_dag_decorator.py took 0.282 seconds
[2026-05-19T19:27:26.525+0000] {processor.py:161} INFO - Started process (PID=9019) to work on /home/airflow/.local/lib/python3.8/site-packages/airflow/example_dags/example_dag_decorator.py
[2026-05-19T19:27:26.528+0000] {processor.py:830} INFO - Processing file /home/airflow/.local/lib/python3.8/site-packages/airflow/example_dags/example_dag_decorator.py for tasks to queue
[2026-05-19T19:27:26.532+0000] {logging_mixin.py:188} INFO - [2026-05-19T19:27:26.532+0000] {dagbag.py:540} INFO - Filling up the DagBag from /home/airflow/.local/lib/python3.8/site-packages/airflow/example_dags/example_dag_decorator.py
[2026-05-19T19:27:26.733+0000] {processor.py:840} INFO - DAG(s) 'example_dag_decorator' retrieved from /home/airflow/.local/lib/python3.8/site-packages/airflow/example_dags/example_dag_decorator.py
[2026-05-19T19:27:26.966+0000] {logging_mixin.py:188} INFO - [2026-05-19T19:27:26.966+0000] {dag.py:3047} INFO - Sync 1 DAGs
[2026-05-19T19:27:26.989+0000] {logging_mixin.py:188} INFO - [2026-05-19T19:27:26.988+0000] {dag.py:3834} INFO - Setting next_dagrun for example_dag_decorator to None, run_after=None
[2026-05-19T19:27:27.038+0000] {processor.py:183} INFO - Processing /home/airflow/.local/lib/python3.8/site-packages/airflow/example_dags/example_dag_decorator.py took 0.521 seconds
[2026-05-19T19:27:57.434+0000] {processor.py:161} INFO - Started process (PID=9074) to work on /home/airflow/.local/lib/python3.8/site-packages/airflow/example_dags/example_dag_decorator.py
[2026-05-19T19:27:57.436+0000] {processor.py:830} INFO - Processing file /home/airflow/.local/lib/python3.8/site-packages/airflow/example_dags/example_dag_decorator.py for tasks to queue
[2026-05-19T19:27:57.438+0000] {logging_mixin.py:188} INFO - [2026-05-19T19:27:57.438+0000] {dagbag.py:540} INFO - Filling up the DagBag from /home/airflow/.local/lib/python3.8/site-packages/airflow/example_dags/example_dag_decorator.py
[2026-05-19T19:27:57.526+0000] {processor.py:840} INFO - DAG(s) 'example_dag_decorator' retrieved from /home/airflow/.local/lib/python3.8/site-packages/airflow/example_dags/example_dag_decorator.py
[2026-05-19T19:27:57.626+0000] {logging_mixin.py:188} INFO - [2026-05-19T19:27:57.625+0000] {dag.py:3047} INFO - Sync 1 DAGs
[2026-05-19T19:27:57.637+0000] {logging_mixin.py:188} INFO - [2026-05-19T19:27:57.637+0000] {dag.py:3834} INFO - Setting next_dagrun for example_dag_decorator to None, run_after=None
[2026-05-19T19:27:57.736+0000] {processor.py:183} INFO - Processing /home/airflow/.local/lib/python3.8/site-packages/airflow/example_dags/example_dag_decorator.py took 0.306 seconds
[2026-05-19T19:28:28.293+0000] {processor.py:161} INFO - Started process (PID=9129) to work on /home/airflow/.local/lib/python3.8/site-packages/airflow/example_dags/example_dag_decorator.py
[2026-05-19T19:28:28.295+0000] {processor.py:830} INFO - Processing file /home/airflow/.local/lib/python3.8/site-packages/airflow/example_dags/example_dag_decorator.py for tasks to queue
[2026-05-19T19:28:28.297+0000] {logging_mixin.py:188} INFO - [2026-05-19T19:28:28.297+0000] {dagbag.py:540} INFO - Filling up the DagBag from /home/airflow/.local/lib/python3.8/site-packages/airflow/example_dags/example_dag_decorator.py
[2026-05-19T19:28:28.381+0000] {processor.py:840} INFO - DAG(s) 'example_dag_decorator' retrieved from /home/airflow/.local/lib/python3.8/site-packages/airflow/example_dags/example_dag_decorator.py
[2026-05-19T19:28:28.478+0000] {logging_mixin.py:188} INFO - [2026-05-19T19:28:28.477+0000] {dag.py:3047} INFO - Sync 1 DAGs
[2026-05-19T19:28:28.488+0000] {logging_mixin.py:188} INFO - [2026-05-19T19:28:28.488+0000] {dag.py:3834} INFO - Setting next_dagrun for example_dag_decorator to None, run_after=None
[2026-05-19T19:28:28.518+0000] {processor.py:183} INFO - Processing /home/airflow/.local/lib/python3.8/site-packages/airflow/example_dags/example_dag_decorator.py took 0.228 seconds
[2026-05-19T19:28:58.936+0000] {processor.py:161} INFO - Started process (PID=9184) to work on /home/airflow/.local/lib/python3.8/site-packages/airflow/example_dags/example_dag_decorator.py
[2026-05-19T19:28:58.938+0000] {processor.py:830} INFO - Processing file /home/airflow/.local/lib/python3.8/site-packages/airflow/example_dags/example_dag_decorator.py for tasks to queue
[2026-05-19T19:28:58.940+0000] {logging_mixin.py:188} INFO - [2026-05-19T19:28:58.940+0000] {dagbag.py:540} INFO - Filling up the DagBag from /home/airflow/.local/lib/python3.8/site-packages/airflow/example_dags/example_dag_decorator.py
[2026-05-19T19:28:59.014+0000] {processor.py:840} INFO - DAG(s) 'example_dag_decorator' retrieved from /home/airflow/.local/lib/python3.8/site-packages/airflow/example_dags/example_dag_decorator.py
[2026-05-19T19:28:59.088+0000] {logging_mixin.py:188} INFO - [2026-05-19T19:28:59.087+0000] {dag.py:3047} INFO - Sync 1 DAGs
[2026-05-19T19:28:59.096+0000] {logging_mixin.py:188} INFO - [2026-05-19T19:28:59.096+0000] {dag.py:3834} INFO - Setting next_dagrun for example_dag_decorator to None, run_after=None
[2026-05-19T19:28:59.115+0000] {processor.py:183} INFO - Processing /home/airflow/.local/lib/python3.8/site-packages/airflow/example_dags/example_dag_decorator.py took 0.182 seconds
[2026-05-19T19:29:29.796+0000] {processor.py:161} INFO - Started process (PID=9239) to work on /home/airflow/.local/lib/python3.8/site-packages/airflow/example_dags/example_dag_decorator.py
[2026-05-19T19:29:29.797+0000] {processor.py:830} INFO - Processing file /home/airflow/.local/lib/python3.8/site-packages/airflow/example_dags/example_dag_decorator.py for tasks to queue
[2026-05-19T19:29:29.800+0000] {logging_mixin.py:188} INFO - [2026-05-19T19:29:29.799+0000] {dagbag.py:540} INFO - Filling up the DagBag from /home/airflow/.local/lib/python3.8/site-packages/airflow/example_dags/example_dag_decorator.py
[2026-05-19T19:29:29.888+0000] {processor.py:840} INFO - DAG(s) 'example_dag_decorator' retrieved from /home/airflow/.local/lib/python3.8/site-packages/airflow/example_dags/example_dag_decorator.py
[2026-05-19T19:29:30.036+0000] {logging_mixin.py:188} INFO - [2026-05-19T19:29:30.036+0000] {dag.py:3047} INFO - Sync 1 DAGs
[2026-05-19T19:29:30.071+0000] {logging_mixin.py:188} INFO - [2026-05-19T19:29:30.070+0000] {dag.py:3834} INFO - Setting next_dagrun for example_dag_decorator to None, run_after=None
[2026-05-19T19:29:30.127+0000] {processor.py:183} INFO - Processing /home/airflow/.local/lib/python3.8/site-packages/airflow/example_dags/example_dag_decorator.py took 0.334 seconds
[2026-05-19T19:30:00.505+0000] {processor.py:161} INFO - Started process (PID=9295) to work on /home/airflow/.local/lib/python3.8/site-packages/airflow/example_dags/example_dag_decorator.py
[2026-05-19T19:30:00.508+0000] {processor.py:830} INFO - Processing file /home/airflow/.local/lib/python3.8/site-packages/airflow/example_dags/example_dag_decorator.py for tasks to queue
[2026-05-19T19:30:00.511+0000] {logging_mixin.py:188} INFO - [2026-05-19T19:30:00.511+0000] {dagbag.py:540} INFO - Filling up the DagBag from /home/airflow/.local/lib/python3.8/site-packages/airflow/example_dags/example_dag_decorator.py
[2026-05-19T19:30:00.897+0000] {processor.py:840} INFO - DAG(s) 'example_dag_decorator' retrieved from /home/airflow/.local/lib/python3.8/site-packages/airflow/example_dags/example_dag_decorator.py
[2026-05-19T19:30:01.192+0000] {logging_mixin.py:188} INFO - [2026-05-19T19:30:01.191+0000] {dag.py:3047} INFO - Sync 1 DAGs
[2026-05-19T19:30:01.219+0000] {logging_mixin.py:188} INFO - [2026-05-19T19:30:01.218+0000] {dag.py:3834} INFO - Setting next_dagrun for example_dag_decorator to None, run_after=None
[2026-05-19T19:30:01.285+0000] {processor.py:183} INFO - Processing /home/airflow/.local/lib/python3.8/site-packages/airflow/example_dags/example_dag_decorator.py took 0.788 seconds
[2026-05-19T19:30:31.631+0000] {processor.py:161} INFO - Started process (PID=9350) to work on /home/airflow/.local/lib/python3.8/site-packages/airflow/example_dags/example_dag_decorator.py
[2026-05-19T19:30:31.635+0000] {processor.py:830} INFO - Processing file /home/airflow/.local/lib/python3.8/site-packages/airflow/example_dags/example_dag_decorator.py for tasks to queue
[2026-05-19T19:30:31.640+0000] {logging_mixin.py:188} INFO - [2026-05-19T19:30:31.639+0000] {dagbag.py:540} INFO - Filling up the DagBag from /home/airflow/.local/lib/python3.8/site-packages/airflow/example_dags/example_dag_decorator.py
[2026-05-19T19:30:31.807+0000] {processor.py:840} INFO - DAG(s) 'example_dag_decorator' retrieved from /home/airflow/.local/lib/python3.8/site-packages/airflow/example_dags/example_dag_decorator.py
[2026-05-19T19:30:32.057+0000] {logging_mixin.py:188} INFO - [2026-05-19T19:30:32.055+0000] {dag.py:3047} INFO - Sync 1 DAGs
[2026-05-19T19:30:32.105+0000] {logging_mixin.py:188} INFO - [2026-05-19T19:30:32.104+0000] {dag.py:3834} INFO - Setting next_dagrun for example_dag_decorator to None, run_after=None
[2026-05-19T19:30:32.179+0000] {processor.py:183} INFO - Processing /home/airflow/.local/lib/python3.8/site-packages/airflow/example_dags/example_dag_decorator.py took 0.558 seconds
[2026-05-19T19:31:02.664+0000] {processor.py:161} INFO - Started process (PID=9405) to work on /home/airflow/.local/lib/python3.8/site-packages/airflow/example_dags/example_dag_decorator.py
[2026-05-19T19:31:02.667+0000] {processor.py:830} INFO - Processing file /home/airflow/.local/lib/python3.8/site-packages/airflow/example_dags/example_dag_decorator.py for tasks to queue
[2026-05-19T19:31:02.671+0000] {logging_mixin.py:188} INFO - [2026-05-19T19:31:02.670+0000] {dagbag.py:540} INFO - Filling up the DagBag from /home/airflow/.local/lib/python3.8/site-packages/airflow/example_dags/example_dag_decorator.py
[2026-05-19T19:31:02.774+0000] {processor.py:840} INFO - DAG(s) 'example_dag_decorator' retrieved from /home/airflow/.local/lib/python3.8/site-packages/airflow/example_dags/example_dag_decorator.py
[2026-05-19T19:31:02.814+0000] {logging_mixin.py:188} INFO - [2026-05-19T19:31:02.814+0000] {dag.py:3047} INFO - Sync 1 DAGs
[2026-05-19T19:31:02.830+0000] {logging_mixin.py:188} INFO - [2026-05-19T19:31:02.829+0000] {dag.py:3834} INFO - Setting next_dagrun for example_dag_decorator to None, run_after=None
[2026-05-19T19:31:02.858+0000] {processor.py:183} INFO - Processing /home/airflow/.local/lib/python3.8/site-packages/airflow/example_dags/example_dag_decorator.py took 0.198 seconds
[2026-05-19T19:31:33.085+0000] {processor.py:161} INFO - Started process (PID=9460) to work on /home/airflow/.local/lib/python3.8/site-packages/airflow/example_dags/example_dag_decorator.py
[2026-05-19T19:31:33.088+0000] {processor.py:830} INFO - Processing file /home/airflow/.local/lib/python3.8/site-packages/airflow/example_dags/example_dag_decorator.py for tasks to queue
[2026-05-19T19:31:33.092+0000] {logging_mixin.py:188} INFO - [2026-05-19T19:31:33.092+0000] {dagbag.py:540} INFO - Filling up the DagBag from /home/airflow/.local/lib/python3.8/site-packages/airflow/example_dags/example_dag_decorator.py
[2026-05-19T19:31:33.461+0000] {processor.py:840} INFO - DAG(s) 'example_dag_decorator' retrieved from /home/airflow/.local/lib/python3.8/site-packages/airflow/example_dags/example_dag_decorator.py
[2026-05-19T19:31:33.505+0000] {logging_mixin.py:188} INFO - [2026-05-19T19:31:33.504+0000] {dag.py:3047} INFO - Sync 1 DAGs
[2026-05-19T19:31:33.533+0000] {logging_mixin.py:188} INFO - [2026-05-19T19:31:33.532+0000] {dag.py:3834} INFO - Setting next_dagrun for example_dag_decorator to None, run_after=None
[2026-05-19T19:31:33.574+0000] {processor.py:183} INFO - Processing /home/airflow/.local/lib/python3.8/site-packages/airflow/example_dags/example_dag_decorator.py took 0.496 seconds
[2026-05-19T19:32:03.745+0000] {processor.py:161} INFO - Started process (PID=9515) to work on /home/airflow/.local/lib/python3.8/site-packages/airflow/example_dags/example_dag_decorator.py
[2026-05-19T19:32:03.747+0000] {processor.py:830} INFO - Processing file /home/airflow/.local/lib/python3.8/site-packages/airflow/example_dags/example_dag_decorator.py for tasks to queue
[2026-05-19T19:32:03.750+0000] {logging_mixin.py:188} INFO - [2026-05-19T19:32:03.750+0000] {dagbag.py:540} INFO - Filling up the DagBag from /home/airflow/.local/lib/python3.8/site-packages/airflow/example_dags/example_dag_decorator.py
[2026-05-19T19:32:03.842+0000] {processor.py:840} INFO - DAG(s) 'example_dag_decorator' retrieved from /home/airflow/.local/lib/python3.8/site-packages/airflow/example_dags/example_dag_decorator.py
[2026-05-19T19:32:03.874+0000] {logging_mixin.py:188} INFO - [2026-05-19T19:32:03.874+0000] {dag.py:3047} INFO - Sync 1 DAGs
[2026-05-19T19:32:03.888+0000] {logging_mixin.py:188} INFO - [2026-05-19T19:32:03.888+0000] {dag.py:3834} INFO - Setting next_dagrun for example_dag_decorator to None, run_after=None
[2026-05-19T19:32:03.914+0000] {processor.py:183} INFO - Processing /home/airflow/.local/lib/python3.8/site-packages/airflow/example_dags/example_dag_decorator.py took 0.176 seconds
[2026-05-19T19:32:34.286+0000] {processor.py:161} INFO - Started process (PID=9570) to work on /home/airflow/.local/lib/python3.8/site-packages/airflow/example_dags/example_dag_decorator.py
[2026-05-19T19:32:34.289+0000] {processor.py:830} INFO - Processing file /home/airflow/.local/lib/python3.8/site-packages/airflow/example_dags/example_dag_decorator.py for tasks to queue
[2026-05-19T19:32:34.293+0000] {logging_mixin.py:188} INFO - [2026-05-19T19:32:34.292+0000] {dagbag.py:540} INFO - Filling up the DagBag from /home/airflow/.local/lib/python3.8/site-packages/airflow/example_dags/example_dag_decorator.py
[2026-05-19T19:32:34.438+0000] {processor.py:840} INFO - DAG(s) 'example_dag_decorator' retrieved from /home/airflow/.local/lib/python3.8/site-packages/airflow/example_dags/example_dag_decorator.py
[2026-05-19T19:32:34.488+0000] {logging_mixin.py:188} INFO - [2026-05-19T19:32:34.487+0000] {dag.py:3047} INFO - Sync 1 DAGs
[2026-05-19T19:32:34.505+0000] {logging_mixin.py:188} INFO - [2026-05-19T19:32:34.504+0000] {dag.py:3834} INFO - Setting next_dagrun for example_dag_decorator to None, run_after=None
[2026-05-19T19:32:34.545+0000] {processor.py:183} INFO - Processing /home/airflow/.local/lib/python3.8/site-packages/airflow/example_dags/example_dag_decorator.py took 0.265 seconds
[2026-05-19T19:33:04.696+0000] {processor.py:161} INFO - Started process (PID=9625) to work on /home/airflow/.local/lib/python3.8/site-packages/airflow/example_dags/example_dag_decorator.py
[2026-05-19T19:33:04.698+0000] {processor.py:830} INFO - Processing file /home/airflow/.local/lib/python3.8/site-packages/airflow/example_dags/example_dag_decorator.py for tasks to queue
[2026-05-19T19:33:04.701+0000] {logging_mixin.py:188} INFO - [2026-05-19T19:33:04.700+0000] {dagbag.py:540} INFO - Filling up the DagBag from /home/airflow/.local/lib/python3.8/site-packages/airflow/example_dags/example_dag_decorator.py
[2026-05-19T19:33:04.807+0000] {processor.py:840} INFO - DAG(s) 'example_dag_decorator' retrieved from /home/airflow/.local/lib/python3.8/site-packages/airflow/example_dags/example_dag_decorator.py
[2026-05-19T19:33:04.839+0000] {logging_mixin.py:188} INFO - [2026-05-19T19:33:04.839+0000] {dag.py:3047} INFO - Sync 1 DAGs
[2026-05-19T19:33:04.856+0000] {logging_mixin.py:188} INFO - [2026-05-19T19:33:04.855+0000] {dag.py:3834} INFO - Setting next_dagrun for example_dag_decorator to None, run_after=None
[2026-05-19T19:33:04.881+0000] {processor.py:183} INFO - Processing /home/airflow/.local/lib/python3.8/site-packages/airflow/example_dags/example_dag_decorator.py took 0.189 seconds
[2026-05-19T19:33:35.008+0000] {processor.py:161} INFO - Started process (PID=9680) to work on /home/airflow/.local/lib/python3.8/site-packages/airflow/example_dags/example_dag_decorator.py
[2026-05-19T19:33:35.010+0000] {processor.py:830} INFO - Processing file /home/airflow/.local/lib/python3.8/site-packages/airflow/example_dags/example_dag_decorator.py for tasks to queue
[2026-05-19T19:33:35.015+0000] {logging_mixin.py:188} INFO - [2026-05-19T19:33:35.015+0000] {dagbag.py:540} INFO - Filling up the DagBag from /home/airflow/.local/lib/python3.8/site-packages/airflow/example_dags/example_dag_decorator.py
[2026-05-19T19:33:35.205+0000] {processor.py:840} INFO - DAG(s) 'example_dag_decorator' retrieved from /home/airflow/.local/lib/python3.8/site-packages/airflow/example_dags/example_dag_decorator.py
[2026-05-19T19:33:35.340+0000] {logging_mixin.py:188} INFO - [2026-05-19T19:33:35.339+0000] {dag.py:3047} INFO - Sync 1 DAGs
[2026-05-19T19:33:35.353+0000] {logging_mixin.py:188} INFO - [2026-05-19T19:33:35.353+0000] {dag.py:3834} INFO - Setting next_dagrun for example_dag_decorator to None, run_after=None
[2026-05-19T19:33:35.380+0000] {processor.py:183} INFO - Processing /home/airflow/.local/lib/python3.8/site-packages/airflow/example_dags/example_dag_decorator.py took 0.379 seconds
