[2026-05-19T19:18:16.795+0000] {processor.py:161} INFO - Started process (PID=8037) to work on /home/airflow/.local/lib/python3.8/site-packages/airflow/example_dags/example_external_task_marker_dag.py
[2026-05-19T19:18:16.818+0000] {processor.py:830} INFO - Processing file /home/airflow/.local/lib/python3.8/site-packages/airflow/example_dags/example_external_task_marker_dag.py for tasks to queue
[2026-05-19T19:18:16.840+0000] {logging_mixin.py:188} INFO - [2026-05-19T19:18:16.839+0000] {dagbag.py:540} INFO - Filling up the DagBag from /home/airflow/.local/lib/python3.8/site-packages/airflow/example_dags/example_external_task_marker_dag.py
[2026-05-19T19:18:16.866+0000] {processor.py:840} INFO - DAG(s) 'example_external_task_marker_parent', 'example_external_task_marker_child' retrieved from /home/airflow/.local/lib/python3.8/site-packages/airflow/example_dags/example_external_task_marker_dag.py
[2026-05-19T19:18:16.944+0000] {logging_mixin.py:188} INFO - [2026-05-19T19:18:16.942+0000] {dag.py:3047} INFO - Sync 2 DAGs
[2026-05-19T19:18:17.002+0000] {logging_mixin.py:188} INFO - [2026-05-19T19:18:17.001+0000] {dag.py:3834} INFO - Setting next_dagrun for example_external_task_marker_child to None, run_after=None
[2026-05-19T19:18:17.017+0000] {logging_mixin.py:188} INFO - [2026-05-19T19:18:17.017+0000] {dag.py:3834} INFO - Setting next_dagrun for example_external_task_marker_parent to None, run_after=None
[2026-05-19T19:18:17.086+0000] {processor.py:183} INFO - Processing /home/airflow/.local/lib/python3.8/site-packages/airflow/example_dags/example_external_task_marker_dag.py took 0.300 seconds
[2026-05-19T19:18:47.391+0000] {processor.py:161} INFO - Started process (PID=8092) to work on /home/airflow/.local/lib/python3.8/site-packages/airflow/example_dags/example_external_task_marker_dag.py
[2026-05-19T19:18:47.392+0000] {processor.py:830} INFO - Processing file /home/airflow/.local/lib/python3.8/site-packages/airflow/example_dags/example_external_task_marker_dag.py for tasks to queue
[2026-05-19T19:18:47.395+0000] {logging_mixin.py:188} INFO - [2026-05-19T19:18:47.395+0000] {dagbag.py:540} INFO - Filling up the DagBag from /home/airflow/.local/lib/python3.8/site-packages/airflow/example_dags/example_external_task_marker_dag.py
[2026-05-19T19:18:47.403+0000] {processor.py:840} INFO - DAG(s) 'example_external_task_marker_parent', 'example_external_task_marker_child' retrieved from /home/airflow/.local/lib/python3.8/site-packages/airflow/example_dags/example_external_task_marker_dag.py
[2026-05-19T19:18:47.433+0000] {logging_mixin.py:188} INFO - [2026-05-19T19:18:47.433+0000] {dag.py:3047} INFO - Sync 2 DAGs
[2026-05-19T19:18:47.456+0000] {logging_mixin.py:188} INFO - [2026-05-19T19:18:47.455+0000] {dag.py:3834} INFO - Setting next_dagrun for example_external_task_marker_child to None, run_after=None
[2026-05-19T19:18:47.469+0000] {logging_mixin.py:188} INFO - [2026-05-19T19:18:47.469+0000] {dag.py:3834} INFO - Setting next_dagrun for example_external_task_marker_parent to None, run_after=None
[2026-05-19T19:18:47.522+0000] {processor.py:183} INFO - Processing /home/airflow/.local/lib/python3.8/site-packages/airflow/example_dags/example_external_task_marker_dag.py took 0.135 seconds
[2026-05-19T19:19:17.980+0000] {processor.py:161} INFO - Started process (PID=8146) to work on /home/airflow/.local/lib/python3.8/site-packages/airflow/example_dags/example_external_task_marker_dag.py
[2026-05-19T19:19:18.033+0000] {processor.py:830} INFO - Processing file /home/airflow/.local/lib/python3.8/site-packages/airflow/example_dags/example_external_task_marker_dag.py for tasks to queue
[2026-05-19T19:19:18.056+0000] {logging_mixin.py:188} INFO - [2026-05-19T19:19:18.056+0000] {dagbag.py:540} INFO - Filling up the DagBag from /home/airflow/.local/lib/python3.8/site-packages/airflow/example_dags/example_external_task_marker_dag.py
[2026-05-19T19:19:18.086+0000] {processor.py:840} INFO - DAG(s) 'example_external_task_marker_parent', 'example_external_task_marker_child' retrieved from /home/airflow/.local/lib/python3.8/site-packages/airflow/example_dags/example_external_task_marker_dag.py
[2026-05-19T19:19:18.152+0000] {logging_mixin.py:188} INFO - [2026-05-19T19:19:18.151+0000] {dag.py:3047} INFO - Sync 2 DAGs
[2026-05-19T19:19:18.189+0000] {logging_mixin.py:188} INFO - [2026-05-19T19:19:18.189+0000] {dag.py:3834} INFO - Setting next_dagrun for example_external_task_marker_child to None, run_after=None
[2026-05-19T19:19:18.203+0000] {logging_mixin.py:188} INFO - [2026-05-19T19:19:18.203+0000] {dag.py:3834} INFO - Setting next_dagrun for example_external_task_marker_parent to None, run_after=None
[2026-05-19T19:19:18.269+0000] {processor.py:183} INFO - Processing /home/airflow/.local/lib/python3.8/site-packages/airflow/example_dags/example_external_task_marker_dag.py took 0.294 seconds
[2026-05-19T19:19:48.408+0000] {processor.py:161} INFO - Started process (PID=8202) to work on /home/airflow/.local/lib/python3.8/site-packages/airflow/example_dags/example_external_task_marker_dag.py
[2026-05-19T19:19:48.410+0000] {processor.py:830} INFO - Processing file /home/airflow/.local/lib/python3.8/site-packages/airflow/example_dags/example_external_task_marker_dag.py for tasks to queue
[2026-05-19T19:19:48.415+0000] {logging_mixin.py:188} INFO - [2026-05-19T19:19:48.414+0000] {dagbag.py:540} INFO - Filling up the DagBag from /home/airflow/.local/lib/python3.8/site-packages/airflow/example_dags/example_external_task_marker_dag.py
[2026-05-19T19:19:48.428+0000] {processor.py:840} INFO - DAG(s) 'example_external_task_marker_parent', 'example_external_task_marker_child' retrieved from /home/airflow/.local/lib/python3.8/site-packages/airflow/example_dags/example_external_task_marker_dag.py
[2026-05-19T19:19:48.470+0000] {logging_mixin.py:188} INFO - [2026-05-19T19:19:48.470+0000] {dag.py:3047} INFO - Sync 2 DAGs
[2026-05-19T19:19:48.486+0000] {logging_mixin.py:188} INFO - [2026-05-19T19:19:48.486+0000] {dag.py:3834} INFO - Setting next_dagrun for example_external_task_marker_child to None, run_after=None
[2026-05-19T19:19:48.492+0000] {logging_mixin.py:188} INFO - [2026-05-19T19:19:48.492+0000] {dag.py:3834} INFO - Setting next_dagrun for example_external_task_marker_parent to None, run_after=None
[2026-05-19T19:19:48.520+0000] {processor.py:183} INFO - Processing /home/airflow/.local/lib/python3.8/site-packages/airflow/example_dags/example_external_task_marker_dag.py took 0.121 seconds
[2026-05-19T19:20:18.974+0000] {processor.py:161} INFO - Started process (PID=8257) to work on /home/airflow/.local/lib/python3.8/site-packages/airflow/example_dags/example_external_task_marker_dag.py
[2026-05-19T19:20:18.976+0000] {processor.py:830} INFO - Processing file /home/airflow/.local/lib/python3.8/site-packages/airflow/example_dags/example_external_task_marker_dag.py for tasks to queue
[2026-05-19T19:20:18.978+0000] {logging_mixin.py:188} INFO - [2026-05-19T19:20:18.978+0000] {dagbag.py:540} INFO - Filling up the DagBag from /home/airflow/.local/lib/python3.8/site-packages/airflow/example_dags/example_external_task_marker_dag.py
[2026-05-19T19:20:18.987+0000] {processor.py:840} INFO - DAG(s) 'example_external_task_marker_child', 'example_external_task_marker_parent' retrieved from /home/airflow/.local/lib/python3.8/site-packages/airflow/example_dags/example_external_task_marker_dag.py
[2026-05-19T19:20:19.012+0000] {logging_mixin.py:188} INFO - [2026-05-19T19:20:19.011+0000] {dag.py:3047} INFO - Sync 2 DAGs
[2026-05-19T19:20:19.026+0000] {logging_mixin.py:188} INFO - [2026-05-19T19:20:19.025+0000] {dag.py:3834} INFO - Setting next_dagrun for example_external_task_marker_child to None, run_after=None
[2026-05-19T19:20:19.030+0000] {logging_mixin.py:188} INFO - [2026-05-19T19:20:19.030+0000] {dag.py:3834} INFO - Setting next_dagrun for example_external_task_marker_parent to None, run_after=None
[2026-05-19T19:20:19.051+0000] {processor.py:183} INFO - Processing /home/airflow/.local/lib/python3.8/site-packages/airflow/example_dags/example_external_task_marker_dag.py took 0.081 seconds
[2026-05-19T19:20:49.464+0000] {processor.py:161} INFO - Started process (PID=8312) to work on /home/airflow/.local/lib/python3.8/site-packages/airflow/example_dags/example_external_task_marker_dag.py
[2026-05-19T19:20:49.465+0000] {processor.py:830} INFO - Processing file /home/airflow/.local/lib/python3.8/site-packages/airflow/example_dags/example_external_task_marker_dag.py for tasks to queue
[2026-05-19T19:20:49.469+0000] {logging_mixin.py:188} INFO - [2026-05-19T19:20:49.468+0000] {dagbag.py:540} INFO - Filling up the DagBag from /home/airflow/.local/lib/python3.8/site-packages/airflow/example_dags/example_external_task_marker_dag.py
[2026-05-19T19:20:49.475+0000] {processor.py:840} INFO - DAG(s) 'example_external_task_marker_child', 'example_external_task_marker_parent' retrieved from /home/airflow/.local/lib/python3.8/site-packages/airflow/example_dags/example_external_task_marker_dag.py
[2026-05-19T19:20:49.543+0000] {logging_mixin.py:188} INFO - [2026-05-19T19:20:49.543+0000] {dag.py:3047} INFO - Sync 2 DAGs
[2026-05-19T19:20:49.570+0000] {logging_mixin.py:188} INFO - [2026-05-19T19:20:49.570+0000] {dag.py:3834} INFO - Setting next_dagrun for example_external_task_marker_child to None, run_after=None
[2026-05-19T19:20:49.575+0000] {logging_mixin.py:188} INFO - [2026-05-19T19:20:49.575+0000] {dag.py:3834} INFO - Setting next_dagrun for example_external_task_marker_parent to None, run_after=None
[2026-05-19T19:20:49.600+0000] {processor.py:183} INFO - Processing /home/airflow/.local/lib/python3.8/site-packages/airflow/example_dags/example_external_task_marker_dag.py took 0.140 seconds
[2026-05-19T19:21:19.896+0000] {processor.py:161} INFO - Started process (PID=8368) to work on /home/airflow/.local/lib/python3.8/site-packages/airflow/example_dags/example_external_task_marker_dag.py
[2026-05-19T19:21:19.898+0000] {processor.py:830} INFO - Processing file /home/airflow/.local/lib/python3.8/site-packages/airflow/example_dags/example_external_task_marker_dag.py for tasks to queue
[2026-05-19T19:21:19.900+0000] {logging_mixin.py:188} INFO - [2026-05-19T19:21:19.900+0000] {dagbag.py:540} INFO - Filling up the DagBag from /home/airflow/.local/lib/python3.8/site-packages/airflow/example_dags/example_external_task_marker_dag.py
[2026-05-19T19:21:19.906+0000] {processor.py:840} INFO - DAG(s) 'example_external_task_marker_child', 'example_external_task_marker_parent' retrieved from /home/airflow/.local/lib/python3.8/site-packages/airflow/example_dags/example_external_task_marker_dag.py
[2026-05-19T19:21:19.929+0000] {logging_mixin.py:188} INFO - [2026-05-19T19:21:19.928+0000] {dag.py:3047} INFO - Sync 2 DAGs
[2026-05-19T19:21:19.938+0000] {logging_mixin.py:188} INFO - [2026-05-19T19:21:19.938+0000] {dag.py:3834} INFO - Setting next_dagrun for example_external_task_marker_child to None, run_after=None
[2026-05-19T19:21:19.941+0000] {logging_mixin.py:188} INFO - [2026-05-19T19:21:19.941+0000] {dag.py:3834} INFO - Setting next_dagrun for example_external_task_marker_parent to None, run_after=None
[2026-05-19T19:21:19.958+0000] {processor.py:183} INFO - Processing /home/airflow/.local/lib/python3.8/site-packages/airflow/example_dags/example_external_task_marker_dag.py took 0.064 seconds
[2026-05-19T19:21:50.814+0000] {processor.py:161} INFO - Started process (PID=8421) to work on /home/airflow/.local/lib/python3.8/site-packages/airflow/example_dags/example_external_task_marker_dag.py
[2026-05-19T19:21:50.824+0000] {processor.py:830} INFO - Processing file /home/airflow/.local/lib/python3.8/site-packages/airflow/example_dags/example_external_task_marker_dag.py for tasks to queue
[2026-05-19T19:21:50.841+0000] {logging_mixin.py:188} INFO - [2026-05-19T19:21:50.841+0000] {dagbag.py:540} INFO - Filling up the DagBag from /home/airflow/.local/lib/python3.8/site-packages/airflow/example_dags/example_external_task_marker_dag.py
[2026-05-19T19:21:50.860+0000] {processor.py:840} INFO - DAG(s) 'example_external_task_marker_parent', 'example_external_task_marker_child' retrieved from /home/airflow/.local/lib/python3.8/site-packages/airflow/example_dags/example_external_task_marker_dag.py
[2026-05-19T19:21:50.906+0000] {logging_mixin.py:188} INFO - [2026-05-19T19:21:50.905+0000] {dag.py:3047} INFO - Sync 2 DAGs
[2026-05-19T19:21:50.949+0000] {logging_mixin.py:188} INFO - [2026-05-19T19:21:50.948+0000] {dag.py:3834} INFO - Setting next_dagrun for example_external_task_marker_child to None, run_after=None
[2026-05-19T19:21:50.962+0000] {logging_mixin.py:188} INFO - [2026-05-19T19:21:50.962+0000] {dag.py:3834} INFO - Setting next_dagrun for example_external_task_marker_parent to None, run_after=None
[2026-05-19T19:21:51.007+0000] {processor.py:183} INFO - Processing /home/airflow/.local/lib/python3.8/site-packages/airflow/example_dags/example_external_task_marker_dag.py took 0.202 seconds
[2026-05-19T19:22:21.130+0000] {processor.py:161} INFO - Started process (PID=8476) to work on /home/airflow/.local/lib/python3.8/site-packages/airflow/example_dags/example_external_task_marker_dag.py
[2026-05-19T19:22:21.132+0000] {processor.py:830} INFO - Processing file /home/airflow/.local/lib/python3.8/site-packages/airflow/example_dags/example_external_task_marker_dag.py for tasks to queue
[2026-05-19T19:22:21.135+0000] {logging_mixin.py:188} INFO - [2026-05-19T19:22:21.134+0000] {dagbag.py:540} INFO - Filling up the DagBag from /home/airflow/.local/lib/python3.8/site-packages/airflow/example_dags/example_external_task_marker_dag.py
[2026-05-19T19:22:21.144+0000] {processor.py:840} INFO - DAG(s) 'example_external_task_marker_child', 'example_external_task_marker_parent' retrieved from /home/airflow/.local/lib/python3.8/site-packages/airflow/example_dags/example_external_task_marker_dag.py
[2026-05-19T19:22:21.180+0000] {logging_mixin.py:188} INFO - [2026-05-19T19:22:21.179+0000] {dag.py:3047} INFO - Sync 2 DAGs
[2026-05-19T19:22:21.201+0000] {logging_mixin.py:188} INFO - [2026-05-19T19:22:21.201+0000] {dag.py:3834} INFO - Setting next_dagrun for example_external_task_marker_child to None, run_after=None
[2026-05-19T19:22:21.209+0000] {logging_mixin.py:188} INFO - [2026-05-19T19:22:21.209+0000] {dag.py:3834} INFO - Setting next_dagrun for example_external_task_marker_parent to None, run_after=None
[2026-05-19T19:22:21.242+0000] {processor.py:183} INFO - Processing /home/airflow/.local/lib/python3.8/site-packages/airflow/example_dags/example_external_task_marker_dag.py took 0.116 seconds
[2026-05-19T19:22:51.621+0000] {processor.py:161} INFO - Started process (PID=8530) to work on /home/airflow/.local/lib/python3.8/site-packages/airflow/example_dags/example_external_task_marker_dag.py
[2026-05-19T19:22:51.623+0000] {processor.py:830} INFO - Processing file /home/airflow/.local/lib/python3.8/site-packages/airflow/example_dags/example_external_task_marker_dag.py for tasks to queue
[2026-05-19T19:22:51.625+0000] {logging_mixin.py:188} INFO - [2026-05-19T19:22:51.625+0000] {dagbag.py:540} INFO - Filling up the DagBag from /home/airflow/.local/lib/python3.8/site-packages/airflow/example_dags/example_external_task_marker_dag.py
[2026-05-19T19:22:51.631+0000] {processor.py:840} INFO - DAG(s) 'example_external_task_marker_child', 'example_external_task_marker_parent' retrieved from /home/airflow/.local/lib/python3.8/site-packages/airflow/example_dags/example_external_task_marker_dag.py
[2026-05-19T19:22:51.656+0000] {logging_mixin.py:188} INFO - [2026-05-19T19:22:51.656+0000] {dag.py:3047} INFO - Sync 2 DAGs
[2026-05-19T19:22:51.670+0000] {logging_mixin.py:188} INFO - [2026-05-19T19:22:51.670+0000] {dag.py:3834} INFO - Setting next_dagrun for example_external_task_marker_child to None, run_after=None
[2026-05-19T19:22:51.674+0000] {logging_mixin.py:188} INFO - [2026-05-19T19:22:51.674+0000] {dag.py:3834} INFO - Setting next_dagrun for example_external_task_marker_parent to None, run_after=None
[2026-05-19T19:22:51.694+0000] {processor.py:183} INFO - Processing /home/airflow/.local/lib/python3.8/site-packages/airflow/example_dags/example_external_task_marker_dag.py took 0.076 seconds
[2026-05-19T19:23:21.893+0000] {processor.py:161} INFO - Started process (PID=8585) to work on /home/airflow/.local/lib/python3.8/site-packages/airflow/example_dags/example_external_task_marker_dag.py
[2026-05-19T19:23:21.894+0000] {processor.py:830} INFO - Processing file /home/airflow/.local/lib/python3.8/site-packages/airflow/example_dags/example_external_task_marker_dag.py for tasks to queue
[2026-05-19T19:23:21.898+0000] {logging_mixin.py:188} INFO - [2026-05-19T19:23:21.897+0000] {dagbag.py:540} INFO - Filling up the DagBag from /home/airflow/.local/lib/python3.8/site-packages/airflow/example_dags/example_external_task_marker_dag.py
[2026-05-19T19:23:21.906+0000] {processor.py:840} INFO - DAG(s) 'example_external_task_marker_child', 'example_external_task_marker_parent' retrieved from /home/airflow/.local/lib/python3.8/site-packages/airflow/example_dags/example_external_task_marker_dag.py
[2026-05-19T19:23:21.934+0000] {logging_mixin.py:188} INFO - [2026-05-19T19:23:21.933+0000] {dag.py:3047} INFO - Sync 2 DAGs
[2026-05-19T19:23:21.949+0000] {logging_mixin.py:188} INFO - [2026-05-19T19:23:21.949+0000] {dag.py:3834} INFO - Setting next_dagrun for example_external_task_marker_child to None, run_after=None
[2026-05-19T19:23:21.953+0000] {logging_mixin.py:188} INFO - [2026-05-19T19:23:21.952+0000] {dag.py:3834} INFO - Setting next_dagrun for example_external_task_marker_parent to None, run_after=None
[2026-05-19T19:23:21.972+0000] {processor.py:183} INFO - Processing /home/airflow/.local/lib/python3.8/site-packages/airflow/example_dags/example_external_task_marker_dag.py took 0.082 seconds
[2026-05-19T19:23:52.403+0000] {processor.py:161} INFO - Started process (PID=8640) to work on /home/airflow/.local/lib/python3.8/site-packages/airflow/example_dags/example_external_task_marker_dag.py
[2026-05-19T19:23:52.405+0000] {processor.py:830} INFO - Processing file /home/airflow/.local/lib/python3.8/site-packages/airflow/example_dags/example_external_task_marker_dag.py for tasks to queue
[2026-05-19T19:23:52.410+0000] {logging_mixin.py:188} INFO - [2026-05-19T19:23:52.409+0000] {dagbag.py:540} INFO - Filling up the DagBag from /home/airflow/.local/lib/python3.8/site-packages/airflow/example_dags/example_external_task_marker_dag.py
[2026-05-19T19:23:52.423+0000] {processor.py:840} INFO - DAG(s) 'example_external_task_marker_parent', 'example_external_task_marker_child' retrieved from /home/airflow/.local/lib/python3.8/site-packages/airflow/example_dags/example_external_task_marker_dag.py
[2026-05-19T19:23:52.473+0000] {logging_mixin.py:188} INFO - [2026-05-19T19:23:52.472+0000] {dag.py:3047} INFO - Sync 2 DAGs
[2026-05-19T19:23:52.497+0000] {logging_mixin.py:188} INFO - [2026-05-19T19:23:52.497+0000] {dag.py:3834} INFO - Setting next_dagrun for example_external_task_marker_child to None, run_after=None
[2026-05-19T19:23:52.506+0000] {logging_mixin.py:188} INFO - [2026-05-19T19:23:52.505+0000] {dag.py:3834} INFO - Setting next_dagrun for example_external_task_marker_parent to None, run_after=None
[2026-05-19T19:23:52.546+0000] {processor.py:183} INFO - Processing /home/airflow/.local/lib/python3.8/site-packages/airflow/example_dags/example_external_task_marker_dag.py took 0.149 seconds
[2026-05-19T19:24:23.649+0000] {processor.py:161} INFO - Started process (PID=8695) to work on /home/airflow/.local/lib/python3.8/site-packages/airflow/example_dags/example_external_task_marker_dag.py
[2026-05-19T19:24:23.653+0000] {processor.py:830} INFO - Processing file /home/airflow/.local/lib/python3.8/site-packages/airflow/example_dags/example_external_task_marker_dag.py for tasks to queue
[2026-05-19T19:24:23.665+0000] {logging_mixin.py:188} INFO - [2026-05-19T19:24:23.664+0000] {dagbag.py:540} INFO - Filling up the DagBag from /home/airflow/.local/lib/python3.8/site-packages/airflow/example_dags/example_external_task_marker_dag.py
[2026-05-19T19:24:23.695+0000] {processor.py:840} INFO - DAG(s) 'example_external_task_marker_parent', 'example_external_task_marker_child' retrieved from /home/airflow/.local/lib/python3.8/site-packages/airflow/example_dags/example_external_task_marker_dag.py
[2026-05-19T19:24:23.773+0000] {logging_mixin.py:188} INFO - [2026-05-19T19:24:23.772+0000] {dag.py:3047} INFO - Sync 2 DAGs
[2026-05-19T19:24:23.803+0000] {logging_mixin.py:188} INFO - [2026-05-19T19:24:23.803+0000] {dag.py:3834} INFO - Setting next_dagrun for example_external_task_marker_child to None, run_after=None
[2026-05-19T19:24:23.814+0000] {logging_mixin.py:188} INFO - [2026-05-19T19:24:23.813+0000] {dag.py:3834} INFO - Setting next_dagrun for example_external_task_marker_parent to None, run_after=None
[2026-05-19T19:24:23.905+0000] {processor.py:183} INFO - Processing /home/airflow/.local/lib/python3.8/site-packages/airflow/example_dags/example_external_task_marker_dag.py took 0.266 seconds
[2026-05-19T19:24:54.554+0000] {processor.py:161} INFO - Started process (PID=8750) to work on /home/airflow/.local/lib/python3.8/site-packages/airflow/example_dags/example_external_task_marker_dag.py
[2026-05-19T19:24:54.557+0000] {processor.py:830} INFO - Processing file /home/airflow/.local/lib/python3.8/site-packages/airflow/example_dags/example_external_task_marker_dag.py for tasks to queue
[2026-05-19T19:24:54.563+0000] {logging_mixin.py:188} INFO - [2026-05-19T19:24:54.563+0000] {dagbag.py:540} INFO - Filling up the DagBag from /home/airflow/.local/lib/python3.8/site-packages/airflow/example_dags/example_external_task_marker_dag.py
[2026-05-19T19:24:54.577+0000] {processor.py:840} INFO - DAG(s) 'example_external_task_marker_child', 'example_external_task_marker_parent' retrieved from /home/airflow/.local/lib/python3.8/site-packages/airflow/example_dags/example_external_task_marker_dag.py
[2026-05-19T19:24:54.635+0000] {logging_mixin.py:188} INFO - [2026-05-19T19:24:54.635+0000] {dag.py:3047} INFO - Sync 2 DAGs
[2026-05-19T19:24:54.672+0000] {logging_mixin.py:188} INFO - [2026-05-19T19:24:54.672+0000] {dag.py:3834} INFO - Setting next_dagrun for example_external_task_marker_child to None, run_after=None
[2026-05-19T19:24:54.682+0000] {logging_mixin.py:188} INFO - [2026-05-19T19:24:54.681+0000] {dag.py:3834} INFO - Setting next_dagrun for example_external_task_marker_parent to None, run_after=None
[2026-05-19T19:24:54.725+0000] {processor.py:183} INFO - Processing /home/airflow/.local/lib/python3.8/site-packages/airflow/example_dags/example_external_task_marker_dag.py took 0.178 seconds
[2026-05-19T19:25:25.466+0000] {processor.py:161} INFO - Started process (PID=8805) to work on /home/airflow/.local/lib/python3.8/site-packages/airflow/example_dags/example_external_task_marker_dag.py
[2026-05-19T19:25:25.470+0000] {processor.py:830} INFO - Processing file /home/airflow/.local/lib/python3.8/site-packages/airflow/example_dags/example_external_task_marker_dag.py for tasks to queue
[2026-05-19T19:25:25.477+0000] {logging_mixin.py:188} INFO - [2026-05-19T19:25:25.475+0000] {dagbag.py:540} INFO - Filling up the DagBag from /home/airflow/.local/lib/python3.8/site-packages/airflow/example_dags/example_external_task_marker_dag.py
[2026-05-19T19:25:25.492+0000] {processor.py:840} INFO - DAG(s) 'example_external_task_marker_parent', 'example_external_task_marker_child' retrieved from /home/airflow/.local/lib/python3.8/site-packages/airflow/example_dags/example_external_task_marker_dag.py
[2026-05-19T19:25:25.553+0000] {logging_mixin.py:188} INFO - [2026-05-19T19:25:25.553+0000] {dag.py:3047} INFO - Sync 2 DAGs
[2026-05-19T19:25:25.576+0000] {logging_mixin.py:188} INFO - [2026-05-19T19:25:25.575+0000] {dag.py:3834} INFO - Setting next_dagrun for example_external_task_marker_child to None, run_after=None
[2026-05-19T19:25:25.582+0000] {logging_mixin.py:188} INFO - [2026-05-19T19:25:25.582+0000] {dag.py:3834} INFO - Setting next_dagrun for example_external_task_marker_parent to None, run_after=None
[2026-05-19T19:25:25.614+0000] {processor.py:183} INFO - Processing /home/airflow/.local/lib/python3.8/site-packages/airflow/example_dags/example_external_task_marker_dag.py took 0.155 seconds
[2026-05-19T19:25:56.039+0000] {processor.py:161} INFO - Started process (PID=8860) to work on /home/airflow/.local/lib/python3.8/site-packages/airflow/example_dags/example_external_task_marker_dag.py
[2026-05-19T19:25:56.041+0000] {processor.py:830} INFO - Processing file /home/airflow/.local/lib/python3.8/site-packages/airflow/example_dags/example_external_task_marker_dag.py for tasks to queue
[2026-05-19T19:25:56.046+0000] {logging_mixin.py:188} INFO - [2026-05-19T19:25:56.045+0000] {dagbag.py:540} INFO - Filling up the DagBag from /home/airflow/.local/lib/python3.8/site-packages/airflow/example_dags/example_external_task_marker_dag.py
[2026-05-19T19:25:56.059+0000] {processor.py:840} INFO - DAG(s) 'example_external_task_marker_parent', 'example_external_task_marker_child' retrieved from /home/airflow/.local/lib/python3.8/site-packages/airflow/example_dags/example_external_task_marker_dag.py
[2026-05-19T19:25:56.105+0000] {logging_mixin.py:188} INFO - [2026-05-19T19:25:56.104+0000] {dag.py:3047} INFO - Sync 2 DAGs
[2026-05-19T19:25:56.132+0000] {logging_mixin.py:188} INFO - [2026-05-19T19:25:56.132+0000] {dag.py:3834} INFO - Setting next_dagrun for example_external_task_marker_child to None, run_after=None
[2026-05-19T19:25:56.141+0000] {logging_mixin.py:188} INFO - [2026-05-19T19:25:56.140+0000] {dag.py:3834} INFO - Setting next_dagrun for example_external_task_marker_parent to None, run_after=None
[2026-05-19T19:25:56.181+0000] {processor.py:183} INFO - Processing /home/airflow/.local/lib/python3.8/site-packages/airflow/example_dags/example_external_task_marker_dag.py took 0.148 seconds
[2026-05-19T19:26:26.821+0000] {processor.py:161} INFO - Started process (PID=8915) to work on /home/airflow/.local/lib/python3.8/site-packages/airflow/example_dags/example_external_task_marker_dag.py
[2026-05-19T19:26:26.822+0000] {processor.py:830} INFO - Processing file /home/airflow/.local/lib/python3.8/site-packages/airflow/example_dags/example_external_task_marker_dag.py for tasks to queue
[2026-05-19T19:26:26.825+0000] {logging_mixin.py:188} INFO - [2026-05-19T19:26:26.824+0000] {dagbag.py:540} INFO - Filling up the DagBag from /home/airflow/.local/lib/python3.8/site-packages/airflow/example_dags/example_external_task_marker_dag.py
[2026-05-19T19:26:26.831+0000] {processor.py:840} INFO - DAG(s) 'example_external_task_marker_parent', 'example_external_task_marker_child' retrieved from /home/airflow/.local/lib/python3.8/site-packages/airflow/example_dags/example_external_task_marker_dag.py
[2026-05-19T19:26:26.859+0000] {logging_mixin.py:188} INFO - [2026-05-19T19:26:26.859+0000] {dag.py:3047} INFO - Sync 2 DAGs
[2026-05-19T19:26:26.876+0000] {logging_mixin.py:188} INFO - [2026-05-19T19:26:26.876+0000] {dag.py:3834} INFO - Setting next_dagrun for example_external_task_marker_child to None, run_after=None
[2026-05-19T19:26:26.886+0000] {logging_mixin.py:188} INFO - [2026-05-19T19:26:26.885+0000] {dag.py:3834} INFO - Setting next_dagrun for example_external_task_marker_parent to None, run_after=None
[2026-05-19T19:26:26.935+0000] {processor.py:183} INFO - Processing /home/airflow/.local/lib/python3.8/site-packages/airflow/example_dags/example_external_task_marker_dag.py took 0.118 seconds
[2026-05-19T19:26:57.521+0000] {processor.py:161} INFO - Started process (PID=8970) to work on /home/airflow/.local/lib/python3.8/site-packages/airflow/example_dags/example_external_task_marker_dag.py
[2026-05-19T19:26:57.524+0000] {processor.py:830} INFO - Processing file /home/airflow/.local/lib/python3.8/site-packages/airflow/example_dags/example_external_task_marker_dag.py for tasks to queue
[2026-05-19T19:26:57.528+0000] {logging_mixin.py:188} INFO - [2026-05-19T19:26:57.527+0000] {dagbag.py:540} INFO - Filling up the DagBag from /home/airflow/.local/lib/python3.8/site-packages/airflow/example_dags/example_external_task_marker_dag.py
[2026-05-19T19:26:57.536+0000] {processor.py:840} INFO - DAG(s) 'example_external_task_marker_parent', 'example_external_task_marker_child' retrieved from /home/airflow/.local/lib/python3.8/site-packages/airflow/example_dags/example_external_task_marker_dag.py
[2026-05-19T19:26:57.574+0000] {logging_mixin.py:188} INFO - [2026-05-19T19:26:57.573+0000] {dag.py:3047} INFO - Sync 2 DAGs
[2026-05-19T19:26:57.588+0000] {logging_mixin.py:188} INFO - [2026-05-19T19:26:57.587+0000] {dag.py:3834} INFO - Setting next_dagrun for example_external_task_marker_child to None, run_after=None
[2026-05-19T19:26:57.593+0000] {logging_mixin.py:188} INFO - [2026-05-19T19:26:57.593+0000] {dag.py:3834} INFO - Setting next_dagrun for example_external_task_marker_parent to None, run_after=None
[2026-05-19T19:26:57.618+0000] {processor.py:183} INFO - Processing /home/airflow/.local/lib/python3.8/site-packages/airflow/example_dags/example_external_task_marker_dag.py took 0.101 seconds
[2026-05-19T19:27:28.282+0000] {processor.py:161} INFO - Started process (PID=9025) to work on /home/airflow/.local/lib/python3.8/site-packages/airflow/example_dags/example_external_task_marker_dag.py
[2026-05-19T19:27:28.284+0000] {processor.py:830} INFO - Processing file /home/airflow/.local/lib/python3.8/site-packages/airflow/example_dags/example_external_task_marker_dag.py for tasks to queue
[2026-05-19T19:27:28.286+0000] {logging_mixin.py:188} INFO - [2026-05-19T19:27:28.286+0000] {dagbag.py:540} INFO - Filling up the DagBag from /home/airflow/.local/lib/python3.8/site-packages/airflow/example_dags/example_external_task_marker_dag.py
[2026-05-19T19:27:28.293+0000] {processor.py:840} INFO - DAG(s) 'example_external_task_marker_parent', 'example_external_task_marker_child' retrieved from /home/airflow/.local/lib/python3.8/site-packages/airflow/example_dags/example_external_task_marker_dag.py
[2026-05-19T19:27:28.322+0000] {logging_mixin.py:188} INFO - [2026-05-19T19:27:28.321+0000] {dag.py:3047} INFO - Sync 2 DAGs
[2026-05-19T19:27:28.335+0000] {logging_mixin.py:188} INFO - [2026-05-19T19:27:28.335+0000] {dag.py:3834} INFO - Setting next_dagrun for example_external_task_marker_child to None, run_after=None
[2026-05-19T19:27:28.339+0000] {logging_mixin.py:188} INFO - [2026-05-19T19:27:28.339+0000] {dag.py:3834} INFO - Setting next_dagrun for example_external_task_marker_parent to None, run_after=None
[2026-05-19T19:27:28.356+0000] {processor.py:183} INFO - Processing /home/airflow/.local/lib/python3.8/site-packages/airflow/example_dags/example_external_task_marker_dag.py took 0.078 seconds
[2026-05-19T19:27:59.026+0000] {processor.py:161} INFO - Started process (PID=9080) to work on /home/airflow/.local/lib/python3.8/site-packages/airflow/example_dags/example_external_task_marker_dag.py
[2026-05-19T19:27:59.029+0000] {processor.py:830} INFO - Processing file /home/airflow/.local/lib/python3.8/site-packages/airflow/example_dags/example_external_task_marker_dag.py for tasks to queue
[2026-05-19T19:27:59.034+0000] {logging_mixin.py:188} INFO - [2026-05-19T19:27:59.033+0000] {dagbag.py:540} INFO - Filling up the DagBag from /home/airflow/.local/lib/python3.8/site-packages/airflow/example_dags/example_external_task_marker_dag.py
[2026-05-19T19:27:59.048+0000] {processor.py:840} INFO - DAG(s) 'example_external_task_marker_child', 'example_external_task_marker_parent' retrieved from /home/airflow/.local/lib/python3.8/site-packages/airflow/example_dags/example_external_task_marker_dag.py
[2026-05-19T19:27:59.099+0000] {logging_mixin.py:188} INFO - [2026-05-19T19:27:59.099+0000] {dag.py:3047} INFO - Sync 2 DAGs
[2026-05-19T19:27:59.121+0000] {logging_mixin.py:188} INFO - [2026-05-19T19:27:59.120+0000] {dag.py:3834} INFO - Setting next_dagrun for example_external_task_marker_child to None, run_after=None
[2026-05-19T19:27:59.128+0000] {logging_mixin.py:188} INFO - [2026-05-19T19:27:59.128+0000] {dag.py:3834} INFO - Setting next_dagrun for example_external_task_marker_parent to None, run_after=None
[2026-05-19T19:27:59.164+0000] {processor.py:183} INFO - Processing /home/airflow/.local/lib/python3.8/site-packages/airflow/example_dags/example_external_task_marker_dag.py took 0.143 seconds
[2026-05-19T19:28:30.032+0000] {processor.py:161} INFO - Started process (PID=9135) to work on /home/airflow/.local/lib/python3.8/site-packages/airflow/example_dags/example_external_task_marker_dag.py
[2026-05-19T19:28:30.035+0000] {processor.py:830} INFO - Processing file /home/airflow/.local/lib/python3.8/site-packages/airflow/example_dags/example_external_task_marker_dag.py for tasks to queue
[2026-05-19T19:28:30.040+0000] {logging_mixin.py:188} INFO - [2026-05-19T19:28:30.040+0000] {dagbag.py:540} INFO - Filling up the DagBag from /home/airflow/.local/lib/python3.8/site-packages/airflow/example_dags/example_external_task_marker_dag.py
[2026-05-19T19:28:30.052+0000] {processor.py:840} INFO - DAG(s) 'example_external_task_marker_child', 'example_external_task_marker_parent' retrieved from /home/airflow/.local/lib/python3.8/site-packages/airflow/example_dags/example_external_task_marker_dag.py
[2026-05-19T19:28:30.104+0000] {logging_mixin.py:188} INFO - [2026-05-19T19:28:30.103+0000] {dag.py:3047} INFO - Sync 2 DAGs
[2026-05-19T19:28:30.132+0000] {logging_mixin.py:188} INFO - [2026-05-19T19:28:30.131+0000] {dag.py:3834} INFO - Setting next_dagrun for example_external_task_marker_child to None, run_after=None
[2026-05-19T19:28:30.139+0000] {logging_mixin.py:188} INFO - [2026-05-19T19:28:30.139+0000] {dag.py:3834} INFO - Setting next_dagrun for example_external_task_marker_parent to None, run_after=None
[2026-05-19T19:28:30.175+0000] {processor.py:183} INFO - Processing /home/airflow/.local/lib/python3.8/site-packages/airflow/example_dags/example_external_task_marker_dag.py took 0.148 seconds
[2026-05-19T19:29:00.401+0000] {processor.py:161} INFO - Started process (PID=9190) to work on /home/airflow/.local/lib/python3.8/site-packages/airflow/example_dags/example_external_task_marker_dag.py
[2026-05-19T19:29:00.403+0000] {processor.py:830} INFO - Processing file /home/airflow/.local/lib/python3.8/site-packages/airflow/example_dags/example_external_task_marker_dag.py for tasks to queue
[2026-05-19T19:29:00.411+0000] {logging_mixin.py:188} INFO - [2026-05-19T19:29:00.408+0000] {dagbag.py:540} INFO - Filling up the DagBag from /home/airflow/.local/lib/python3.8/site-packages/airflow/example_dags/example_external_task_marker_dag.py
[2026-05-19T19:29:00.432+0000] {processor.py:840} INFO - DAG(s) 'example_external_task_marker_child', 'example_external_task_marker_parent' retrieved from /home/airflow/.local/lib/python3.8/site-packages/airflow/example_dags/example_external_task_marker_dag.py
[2026-05-19T19:29:00.483+0000] {logging_mixin.py:188} INFO - [2026-05-19T19:29:00.482+0000] {dag.py:3047} INFO - Sync 2 DAGs
[2026-05-19T19:29:00.531+0000] {logging_mixin.py:188} INFO - [2026-05-19T19:29:00.530+0000] {dag.py:3834} INFO - Setting next_dagrun for example_external_task_marker_child to None, run_after=None
[2026-05-19T19:29:00.566+0000] {logging_mixin.py:188} INFO - [2026-05-19T19:29:00.566+0000] {dag.py:3834} INFO - Setting next_dagrun for example_external_task_marker_parent to None, run_after=None
[2026-05-19T19:29:00.608+0000] {processor.py:183} INFO - Processing /home/airflow/.local/lib/python3.8/site-packages/airflow/example_dags/example_external_task_marker_dag.py took 0.211 seconds
[2026-05-19T19:29:31.701+0000] {processor.py:161} INFO - Started process (PID=9245) to work on /home/airflow/.local/lib/python3.8/site-packages/airflow/example_dags/example_external_task_marker_dag.py
[2026-05-19T19:29:31.706+0000] {processor.py:830} INFO - Processing file /home/airflow/.local/lib/python3.8/site-packages/airflow/example_dags/example_external_task_marker_dag.py for tasks to queue
[2026-05-19T19:29:31.713+0000] {logging_mixin.py:188} INFO - [2026-05-19T19:29:31.712+0000] {dagbag.py:540} INFO - Filling up the DagBag from /home/airflow/.local/lib/python3.8/site-packages/airflow/example_dags/example_external_task_marker_dag.py
[2026-05-19T19:29:31.734+0000] {processor.py:840} INFO - DAG(s) 'example_external_task_marker_parent', 'example_external_task_marker_child' retrieved from /home/airflow/.local/lib/python3.8/site-packages/airflow/example_dags/example_external_task_marker_dag.py
[2026-05-19T19:29:31.801+0000] {logging_mixin.py:188} INFO - [2026-05-19T19:29:31.800+0000] {dag.py:3047} INFO - Sync 2 DAGs
[2026-05-19T19:29:31.828+0000] {logging_mixin.py:188} INFO - [2026-05-19T19:29:31.827+0000] {dag.py:3834} INFO - Setting next_dagrun for example_external_task_marker_child to None, run_after=None
[2026-05-19T19:29:31.835+0000] {logging_mixin.py:188} INFO - [2026-05-19T19:29:31.835+0000] {dag.py:3834} INFO - Setting next_dagrun for example_external_task_marker_parent to None, run_after=None
[2026-05-19T19:29:31.868+0000] {processor.py:183} INFO - Processing /home/airflow/.local/lib/python3.8/site-packages/airflow/example_dags/example_external_task_marker_dag.py took 0.172 seconds
[2026-05-19T19:30:02.790+0000] {processor.py:161} INFO - Started process (PID=9300) to work on /home/airflow/.local/lib/python3.8/site-packages/airflow/example_dags/example_external_task_marker_dag.py
[2026-05-19T19:30:02.794+0000] {processor.py:830} INFO - Processing file /home/airflow/.local/lib/python3.8/site-packages/airflow/example_dags/example_external_task_marker_dag.py for tasks to queue
[2026-05-19T19:30:02.799+0000] {logging_mixin.py:188} INFO - [2026-05-19T19:30:02.798+0000] {dagbag.py:540} INFO - Filling up the DagBag from /home/airflow/.local/lib/python3.8/site-packages/airflow/example_dags/example_external_task_marker_dag.py
[2026-05-19T19:30:02.815+0000] {processor.py:840} INFO - DAG(s) 'example_external_task_marker_child', 'example_external_task_marker_parent' retrieved from /home/airflow/.local/lib/python3.8/site-packages/airflow/example_dags/example_external_task_marker_dag.py
[2026-05-19T19:30:02.923+0000] {logging_mixin.py:188} INFO - [2026-05-19T19:30:02.921+0000] {dag.py:3047} INFO - Sync 2 DAGs
[2026-05-19T19:30:02.984+0000] {logging_mixin.py:188} INFO - [2026-05-19T19:30:02.983+0000] {dag.py:3834} INFO - Setting next_dagrun for example_external_task_marker_child to None, run_after=None
[2026-05-19T19:30:03.001+0000] {logging_mixin.py:188} INFO - [2026-05-19T19:30:03.000+0000] {dag.py:3834} INFO - Setting next_dagrun for example_external_task_marker_parent to None, run_after=None
[2026-05-19T19:30:03.061+0000] {processor.py:183} INFO - Processing /home/airflow/.local/lib/python3.8/site-packages/airflow/example_dags/example_external_task_marker_dag.py took 0.280 seconds
[2026-05-19T19:30:33.344+0000] {processor.py:161} INFO - Started process (PID=9355) to work on /home/airflow/.local/lib/python3.8/site-packages/airflow/example_dags/example_external_task_marker_dag.py
[2026-05-19T19:30:33.346+0000] {processor.py:830} INFO - Processing file /home/airflow/.local/lib/python3.8/site-packages/airflow/example_dags/example_external_task_marker_dag.py for tasks to queue
[2026-05-19T19:30:33.349+0000] {logging_mixin.py:188} INFO - [2026-05-19T19:30:33.349+0000] {dagbag.py:540} INFO - Filling up the DagBag from /home/airflow/.local/lib/python3.8/site-packages/airflow/example_dags/example_external_task_marker_dag.py
[2026-05-19T19:30:33.357+0000] {processor.py:840} INFO - DAG(s) 'example_external_task_marker_parent', 'example_external_task_marker_child' retrieved from /home/airflow/.local/lib/python3.8/site-packages/airflow/example_dags/example_external_task_marker_dag.py
[2026-05-19T19:30:33.419+0000] {logging_mixin.py:188} INFO - [2026-05-19T19:30:33.417+0000] {dag.py:3047} INFO - Sync 2 DAGs
[2026-05-19T19:30:33.458+0000] {logging_mixin.py:188} INFO - [2026-05-19T19:30:33.457+0000] {dag.py:3834} INFO - Setting next_dagrun for example_external_task_marker_child to None, run_after=None
[2026-05-19T19:30:33.471+0000] {logging_mixin.py:188} INFO - [2026-05-19T19:30:33.470+0000] {dag.py:3834} INFO - Setting next_dagrun for example_external_task_marker_parent to None, run_after=None
[2026-05-19T19:30:33.512+0000] {processor.py:183} INFO - Processing /home/airflow/.local/lib/python3.8/site-packages/airflow/example_dags/example_external_task_marker_dag.py took 0.172 seconds
[2026-05-19T19:31:04.306+0000] {processor.py:161} INFO - Started process (PID=9410) to work on /home/airflow/.local/lib/python3.8/site-packages/airflow/example_dags/example_external_task_marker_dag.py
[2026-05-19T19:31:04.309+0000] {processor.py:830} INFO - Processing file /home/airflow/.local/lib/python3.8/site-packages/airflow/example_dags/example_external_task_marker_dag.py for tasks to queue
[2026-05-19T19:31:04.314+0000] {logging_mixin.py:188} INFO - [2026-05-19T19:31:04.313+0000] {dagbag.py:540} INFO - Filling up the DagBag from /home/airflow/.local/lib/python3.8/site-packages/airflow/example_dags/example_external_task_marker_dag.py
[2026-05-19T19:31:04.326+0000] {processor.py:840} INFO - DAG(s) 'example_external_task_marker_parent', 'example_external_task_marker_child' retrieved from /home/airflow/.local/lib/python3.8/site-packages/airflow/example_dags/example_external_task_marker_dag.py
[2026-05-19T19:31:04.382+0000] {logging_mixin.py:188} INFO - [2026-05-19T19:31:04.382+0000] {dag.py:3047} INFO - Sync 2 DAGs
[2026-05-19T19:31:04.405+0000] {logging_mixin.py:188} INFO - [2026-05-19T19:31:04.405+0000] {dag.py:3834} INFO - Setting next_dagrun for example_external_task_marker_child to None, run_after=None
[2026-05-19T19:31:04.415+0000] {logging_mixin.py:188} INFO - [2026-05-19T19:31:04.415+0000] {dag.py:3834} INFO - Setting next_dagrun for example_external_task_marker_parent to None, run_after=None
[2026-05-19T19:31:04.467+0000] {processor.py:183} INFO - Processing /home/airflow/.local/lib/python3.8/site-packages/airflow/example_dags/example_external_task_marker_dag.py took 0.166 seconds
[2026-05-19T19:31:34.854+0000] {processor.py:161} INFO - Started process (PID=9465) to work on /home/airflow/.local/lib/python3.8/site-packages/airflow/example_dags/example_external_task_marker_dag.py
[2026-05-19T19:31:34.856+0000] {processor.py:830} INFO - Processing file /home/airflow/.local/lib/python3.8/site-packages/airflow/example_dags/example_external_task_marker_dag.py for tasks to queue
[2026-05-19T19:31:34.860+0000] {logging_mixin.py:188} INFO - [2026-05-19T19:31:34.859+0000] {dagbag.py:540} INFO - Filling up the DagBag from /home/airflow/.local/lib/python3.8/site-packages/airflow/example_dags/example_external_task_marker_dag.py
[2026-05-19T19:31:34.872+0000] {processor.py:840} INFO - DAG(s) 'example_external_task_marker_parent', 'example_external_task_marker_child' retrieved from /home/airflow/.local/lib/python3.8/site-packages/airflow/example_dags/example_external_task_marker_dag.py
[2026-05-19T19:31:34.914+0000] {logging_mixin.py:188} INFO - [2026-05-19T19:31:34.913+0000] {dag.py:3047} INFO - Sync 2 DAGs
[2026-05-19T19:31:34.935+0000] {logging_mixin.py:188} INFO - [2026-05-19T19:31:34.935+0000] {dag.py:3834} INFO - Setting next_dagrun for example_external_task_marker_child to None, run_after=None
[2026-05-19T19:31:34.944+0000] {logging_mixin.py:188} INFO - [2026-05-19T19:31:34.943+0000] {dag.py:3834} INFO - Setting next_dagrun for example_external_task_marker_parent to None, run_after=None
[2026-05-19T19:31:34.980+0000] {processor.py:183} INFO - Processing /home/airflow/.local/lib/python3.8/site-packages/airflow/example_dags/example_external_task_marker_dag.py took 0.130 seconds
[2026-05-19T19:32:05.156+0000] {processor.py:161} INFO - Started process (PID=9520) to work on /home/airflow/.local/lib/python3.8/site-packages/airflow/example_dags/example_external_task_marker_dag.py
[2026-05-19T19:32:05.158+0000] {processor.py:830} INFO - Processing file /home/airflow/.local/lib/python3.8/site-packages/airflow/example_dags/example_external_task_marker_dag.py for tasks to queue
[2026-05-19T19:32:05.161+0000] {logging_mixin.py:188} INFO - [2026-05-19T19:32:05.161+0000] {dagbag.py:540} INFO - Filling up the DagBag from /home/airflow/.local/lib/python3.8/site-packages/airflow/example_dags/example_external_task_marker_dag.py
[2026-05-19T19:32:05.170+0000] {processor.py:840} INFO - DAG(s) 'example_external_task_marker_child', 'example_external_task_marker_parent' retrieved from /home/airflow/.local/lib/python3.8/site-packages/airflow/example_dags/example_external_task_marker_dag.py
[2026-05-19T19:32:05.225+0000] {logging_mixin.py:188} INFO - [2026-05-19T19:32:05.224+0000] {dag.py:3047} INFO - Sync 2 DAGs
[2026-05-19T19:32:05.243+0000] {logging_mixin.py:188} INFO - [2026-05-19T19:32:05.242+0000] {dag.py:3834} INFO - Setting next_dagrun for example_external_task_marker_child to None, run_after=None
[2026-05-19T19:32:05.253+0000] {logging_mixin.py:188} INFO - [2026-05-19T19:32:05.252+0000] {dag.py:3834} INFO - Setting next_dagrun for example_external_task_marker_parent to None, run_after=None
[2026-05-19T19:32:05.287+0000] {processor.py:183} INFO - Processing /home/airflow/.local/lib/python3.8/site-packages/airflow/example_dags/example_external_task_marker_dag.py took 0.135 seconds
[2026-05-19T19:32:36.080+0000] {processor.py:161} INFO - Started process (PID=9575) to work on /home/airflow/.local/lib/python3.8/site-packages/airflow/example_dags/example_external_task_marker_dag.py
[2026-05-19T19:32:36.083+0000] {processor.py:830} INFO - Processing file /home/airflow/.local/lib/python3.8/site-packages/airflow/example_dags/example_external_task_marker_dag.py for tasks to queue
[2026-05-19T19:32:36.088+0000] {logging_mixin.py:188} INFO - [2026-05-19T19:32:36.087+0000] {dagbag.py:540} INFO - Filling up the DagBag from /home/airflow/.local/lib/python3.8/site-packages/airflow/example_dags/example_external_task_marker_dag.py
[2026-05-19T19:32:36.103+0000] {processor.py:840} INFO - DAG(s) 'example_external_task_marker_child', 'example_external_task_marker_parent' retrieved from /home/airflow/.local/lib/python3.8/site-packages/airflow/example_dags/example_external_task_marker_dag.py
[2026-05-19T19:32:36.153+0000] {logging_mixin.py:188} INFO - [2026-05-19T19:32:36.153+0000] {dag.py:3047} INFO - Sync 2 DAGs
[2026-05-19T19:32:36.176+0000] {logging_mixin.py:188} INFO - [2026-05-19T19:32:36.176+0000] {dag.py:3834} INFO - Setting next_dagrun for example_external_task_marker_child to None, run_after=None
[2026-05-19T19:32:36.184+0000] {logging_mixin.py:188} INFO - [2026-05-19T19:32:36.184+0000] {dag.py:3834} INFO - Setting next_dagrun for example_external_task_marker_parent to None, run_after=None
[2026-05-19T19:32:36.226+0000] {processor.py:183} INFO - Processing /home/airflow/.local/lib/python3.8/site-packages/airflow/example_dags/example_external_task_marker_dag.py took 0.153 seconds
[2026-05-19T19:33:06.632+0000] {processor.py:161} INFO - Started process (PID=9630) to work on /home/airflow/.local/lib/python3.8/site-packages/airflow/example_dags/example_external_task_marker_dag.py
[2026-05-19T19:33:06.634+0000] {processor.py:830} INFO - Processing file /home/airflow/.local/lib/python3.8/site-packages/airflow/example_dags/example_external_task_marker_dag.py for tasks to queue
[2026-05-19T19:33:06.638+0000] {logging_mixin.py:188} INFO - [2026-05-19T19:33:06.637+0000] {dagbag.py:540} INFO - Filling up the DagBag from /home/airflow/.local/lib/python3.8/site-packages/airflow/example_dags/example_external_task_marker_dag.py
[2026-05-19T19:33:06.649+0000] {processor.py:840} INFO - DAG(s) 'example_external_task_marker_parent', 'example_external_task_marker_child' retrieved from /home/airflow/.local/lib/python3.8/site-packages/airflow/example_dags/example_external_task_marker_dag.py
[2026-05-19T19:33:06.694+0000] {logging_mixin.py:188} INFO - [2026-05-19T19:33:06.693+0000] {dag.py:3047} INFO - Sync 2 DAGs
[2026-05-19T19:33:06.713+0000] {logging_mixin.py:188} INFO - [2026-05-19T19:33:06.713+0000] {dag.py:3834} INFO - Setting next_dagrun for example_external_task_marker_child to None, run_after=None
[2026-05-19T19:33:06.722+0000] {logging_mixin.py:188} INFO - [2026-05-19T19:33:06.721+0000] {dag.py:3834} INFO - Setting next_dagrun for example_external_task_marker_parent to None, run_after=None
[2026-05-19T19:33:06.753+0000] {processor.py:183} INFO - Processing /home/airflow/.local/lib/python3.8/site-packages/airflow/example_dags/example_external_task_marker_dag.py took 0.126 seconds
[2026-05-19T19:33:37.653+0000] {processor.py:161} INFO - Started process (PID=9685) to work on /home/airflow/.local/lib/python3.8/site-packages/airflow/example_dags/example_external_task_marker_dag.py
[2026-05-19T19:33:37.657+0000] {processor.py:830} INFO - Processing file /home/airflow/.local/lib/python3.8/site-packages/airflow/example_dags/example_external_task_marker_dag.py for tasks to queue
[2026-05-19T19:33:37.662+0000] {logging_mixin.py:188} INFO - [2026-05-19T19:33:37.661+0000] {dagbag.py:540} INFO - Filling up the DagBag from /home/airflow/.local/lib/python3.8/site-packages/airflow/example_dags/example_external_task_marker_dag.py
[2026-05-19T19:33:37.672+0000] {processor.py:840} INFO - DAG(s) 'example_external_task_marker_parent', 'example_external_task_marker_child' retrieved from /home/airflow/.local/lib/python3.8/site-packages/airflow/example_dags/example_external_task_marker_dag.py
[2026-05-19T19:33:37.717+0000] {logging_mixin.py:188} INFO - [2026-05-19T19:33:37.716+0000] {dag.py:3047} INFO - Sync 2 DAGs
[2026-05-19T19:33:37.735+0000] {logging_mixin.py:188} INFO - [2026-05-19T19:33:37.735+0000] {dag.py:3834} INFO - Setting next_dagrun for example_external_task_marker_child to None, run_after=None
[2026-05-19T19:33:37.742+0000] {logging_mixin.py:188} INFO - [2026-05-19T19:33:37.742+0000] {dag.py:3834} INFO - Setting next_dagrun for example_external_task_marker_parent to None, run_after=None
[2026-05-19T19:33:37.770+0000] {processor.py:183} INFO - Processing /home/airflow/.local/lib/python3.8/site-packages/airflow/example_dags/example_external_task_marker_dag.py took 0.125 seconds
