[2026-05-19T19:18:18.164+0000] {processor.py:161} INFO - Started process (PID=8044) to work on /home/airflow/.local/lib/python3.8/site-packages/airflow/example_dags/example_branch_day_of_week_operator.py
[2026-05-19T19:18:18.166+0000] {processor.py:830} INFO - Processing file /home/airflow/.local/lib/python3.8/site-packages/airflow/example_dags/example_branch_day_of_week_operator.py for tasks to queue
[2026-05-19T19:18:18.169+0000] {logging_mixin.py:188} INFO - [2026-05-19T19:18:18.169+0000] {dagbag.py:540} INFO - Filling up the DagBag from /home/airflow/.local/lib/python3.8/site-packages/airflow/example_dags/example_branch_day_of_week_operator.py
[2026-05-19T19:18:18.184+0000] {processor.py:840} INFO - DAG(s) 'example_weekday_branch_operator' retrieved from /home/airflow/.local/lib/python3.8/site-packages/airflow/example_dags/example_branch_day_of_week_operator.py
[2026-05-19T19:18:18.259+0000] {logging_mixin.py:188} INFO - [2026-05-19T19:18:18.258+0000] {dag.py:3047} INFO - Sync 1 DAGs
[2026-05-19T19:18:18.306+0000] {logging_mixin.py:188} INFO - [2026-05-19T19:18:18.305+0000] {dag.py:3834} INFO - Setting next_dagrun for example_weekday_branch_operator to 2026-05-18 00:00:00+00:00, run_after=2026-05-19 00:00:00+00:00
[2026-05-19T19:18:18.367+0000] {processor.py:183} INFO - Processing /home/airflow/.local/lib/python3.8/site-packages/airflow/example_dags/example_branch_day_of_week_operator.py took 0.210 seconds
[2026-05-19T19:18:48.981+0000] {processor.py:161} INFO - Started process (PID=8099) to work on /home/airflow/.local/lib/python3.8/site-packages/airflow/example_dags/example_branch_day_of_week_operator.py
[2026-05-19T19:18:48.982+0000] {processor.py:830} INFO - Processing file /home/airflow/.local/lib/python3.8/site-packages/airflow/example_dags/example_branch_day_of_week_operator.py for tasks to queue
[2026-05-19T19:18:48.984+0000] {logging_mixin.py:188} INFO - [2026-05-19T19:18:48.984+0000] {dagbag.py:540} INFO - Filling up the DagBag from /home/airflow/.local/lib/python3.8/site-packages/airflow/example_dags/example_branch_day_of_week_operator.py
[2026-05-19T19:18:48.992+0000] {processor.py:840} INFO - DAG(s) 'example_weekday_branch_operator' retrieved from /home/airflow/.local/lib/python3.8/site-packages/airflow/example_dags/example_branch_day_of_week_operator.py
[2026-05-19T19:18:49.015+0000] {logging_mixin.py:188} INFO - [2026-05-19T19:18:49.015+0000] {dag.py:3047} INFO - Sync 1 DAGs
[2026-05-19T19:18:49.035+0000] {logging_mixin.py:188} INFO - [2026-05-19T19:18:49.035+0000] {dag.py:3834} INFO - Setting next_dagrun for example_weekday_branch_operator to 2026-05-18 00:00:00+00:00, run_after=2026-05-19 00:00:00+00:00
[2026-05-19T19:18:49.054+0000] {processor.py:183} INFO - Processing /home/airflow/.local/lib/python3.8/site-packages/airflow/example_dags/example_branch_day_of_week_operator.py took 0.077 seconds
[2026-05-19T19:19:19.911+0000] {processor.py:161} INFO - Started process (PID=8153) to work on /home/airflow/.local/lib/python3.8/site-packages/airflow/example_dags/example_branch_day_of_week_operator.py
[2026-05-19T19:19:19.914+0000] {processor.py:830} INFO - Processing file /home/airflow/.local/lib/python3.8/site-packages/airflow/example_dags/example_branch_day_of_week_operator.py for tasks to queue
[2026-05-19T19:19:19.918+0000] {logging_mixin.py:188} INFO - [2026-05-19T19:19:19.918+0000] {dagbag.py:540} INFO - Filling up the DagBag from /home/airflow/.local/lib/python3.8/site-packages/airflow/example_dags/example_branch_day_of_week_operator.py
[2026-05-19T19:19:19.931+0000] {processor.py:840} INFO - DAG(s) 'example_weekday_branch_operator' retrieved from /home/airflow/.local/lib/python3.8/site-packages/airflow/example_dags/example_branch_day_of_week_operator.py
[2026-05-19T19:19:19.967+0000] {logging_mixin.py:188} INFO - [2026-05-19T19:19:19.967+0000] {dag.py:3047} INFO - Sync 1 DAGs
[2026-05-19T19:19:20.000+0000] {logging_mixin.py:188} INFO - [2026-05-19T19:19:20.000+0000] {dag.py:3834} INFO - Setting next_dagrun for example_weekday_branch_operator to 2026-05-18 00:00:00+00:00, run_after=2026-05-19 00:00:00+00:00
[2026-05-19T19:19:20.031+0000] {processor.py:183} INFO - Processing /home/airflow/.local/lib/python3.8/site-packages/airflow/example_dags/example_branch_day_of_week_operator.py took 0.127 seconds
[2026-05-19T19:19:50.159+0000] {processor.py:161} INFO - Started process (PID=8209) to work on /home/airflow/.local/lib/python3.8/site-packages/airflow/example_dags/example_branch_day_of_week_operator.py
[2026-05-19T19:19:50.161+0000] {processor.py:830} INFO - Processing file /home/airflow/.local/lib/python3.8/site-packages/airflow/example_dags/example_branch_day_of_week_operator.py for tasks to queue
[2026-05-19T19:19:50.164+0000] {logging_mixin.py:188} INFO - [2026-05-19T19:19:50.163+0000] {dagbag.py:540} INFO - Filling up the DagBag from /home/airflow/.local/lib/python3.8/site-packages/airflow/example_dags/example_branch_day_of_week_operator.py
[2026-05-19T19:19:50.171+0000] {processor.py:840} INFO - DAG(s) 'example_weekday_branch_operator' retrieved from /home/airflow/.local/lib/python3.8/site-packages/airflow/example_dags/example_branch_day_of_week_operator.py
[2026-05-19T19:19:50.191+0000] {logging_mixin.py:188} INFO - [2026-05-19T19:19:50.191+0000] {dag.py:3047} INFO - Sync 1 DAGs
[2026-05-19T19:19:50.210+0000] {logging_mixin.py:188} INFO - [2026-05-19T19:19:50.210+0000] {dag.py:3834} INFO - Setting next_dagrun for example_weekday_branch_operator to 2026-05-18 00:00:00+00:00, run_after=2026-05-19 00:00:00+00:00
[2026-05-19T19:19:50.227+0000] {processor.py:183} INFO - Processing /home/airflow/.local/lib/python3.8/site-packages/airflow/example_dags/example_branch_day_of_week_operator.py took 0.072 seconds
[2026-05-19T19:20:20.500+0000] {processor.py:161} INFO - Started process (PID=8264) to work on /home/airflow/.local/lib/python3.8/site-packages/airflow/example_dags/example_branch_day_of_week_operator.py
[2026-05-19T19:20:20.503+0000] {processor.py:830} INFO - Processing file /home/airflow/.local/lib/python3.8/site-packages/airflow/example_dags/example_branch_day_of_week_operator.py for tasks to queue
[2026-05-19T19:20:20.507+0000] {logging_mixin.py:188} INFO - [2026-05-19T19:20:20.507+0000] {dagbag.py:540} INFO - Filling up the DagBag from /home/airflow/.local/lib/python3.8/site-packages/airflow/example_dags/example_branch_day_of_week_operator.py
[2026-05-19T19:20:20.522+0000] {processor.py:840} INFO - DAG(s) 'example_weekday_branch_operator' retrieved from /home/airflow/.local/lib/python3.8/site-packages/airflow/example_dags/example_branch_day_of_week_operator.py
[2026-05-19T19:20:20.561+0000] {logging_mixin.py:188} INFO - [2026-05-19T19:20:20.561+0000] {dag.py:3047} INFO - Sync 1 DAGs
[2026-05-19T19:20:20.601+0000] {logging_mixin.py:188} INFO - [2026-05-19T19:20:20.601+0000] {dag.py:3834} INFO - Setting next_dagrun for example_weekday_branch_operator to 2026-05-18 00:00:00+00:00, run_after=2026-05-19 00:00:00+00:00
[2026-05-19T19:20:20.637+0000] {processor.py:183} INFO - Processing /home/airflow/.local/lib/python3.8/site-packages/airflow/example_dags/example_branch_day_of_week_operator.py took 0.145 seconds
[2026-05-19T19:20:51.122+0000] {processor.py:161} INFO - Started process (PID=8319) to work on /home/airflow/.local/lib/python3.8/site-packages/airflow/example_dags/example_branch_day_of_week_operator.py
[2026-05-19T19:20:51.123+0000] {processor.py:830} INFO - Processing file /home/airflow/.local/lib/python3.8/site-packages/airflow/example_dags/example_branch_day_of_week_operator.py for tasks to queue
[2026-05-19T19:20:51.125+0000] {logging_mixin.py:188} INFO - [2026-05-19T19:20:51.125+0000] {dagbag.py:540} INFO - Filling up the DagBag from /home/airflow/.local/lib/python3.8/site-packages/airflow/example_dags/example_branch_day_of_week_operator.py
[2026-05-19T19:20:51.133+0000] {processor.py:840} INFO - DAG(s) 'example_weekday_branch_operator' retrieved from /home/airflow/.local/lib/python3.8/site-packages/airflow/example_dags/example_branch_day_of_week_operator.py
[2026-05-19T19:20:51.160+0000] {logging_mixin.py:188} INFO - [2026-05-19T19:20:51.160+0000] {dag.py:3047} INFO - Sync 1 DAGs
[2026-05-19T19:20:51.213+0000] {logging_mixin.py:188} INFO - [2026-05-19T19:20:51.212+0000] {dag.py:3834} INFO - Setting next_dagrun for example_weekday_branch_operator to 2026-05-18 00:00:00+00:00, run_after=2026-05-19 00:00:00+00:00
[2026-05-19T19:20:51.263+0000] {processor.py:183} INFO - Processing /home/airflow/.local/lib/python3.8/site-packages/airflow/example_dags/example_branch_day_of_week_operator.py took 0.144 seconds
[2026-05-19T19:21:21.515+0000] {processor.py:161} INFO - Started process (PID=8375) to work on /home/airflow/.local/lib/python3.8/site-packages/airflow/example_dags/example_branch_day_of_week_operator.py
[2026-05-19T19:21:21.517+0000] {processor.py:830} INFO - Processing file /home/airflow/.local/lib/python3.8/site-packages/airflow/example_dags/example_branch_day_of_week_operator.py for tasks to queue
[2026-05-19T19:21:21.520+0000] {logging_mixin.py:188} INFO - [2026-05-19T19:21:21.520+0000] {dagbag.py:540} INFO - Filling up the DagBag from /home/airflow/.local/lib/python3.8/site-packages/airflow/example_dags/example_branch_day_of_week_operator.py
[2026-05-19T19:21:21.534+0000] {processor.py:840} INFO - DAG(s) 'example_weekday_branch_operator' retrieved from /home/airflow/.local/lib/python3.8/site-packages/airflow/example_dags/example_branch_day_of_week_operator.py
[2026-05-19T19:21:21.575+0000] {logging_mixin.py:188} INFO - [2026-05-19T19:21:21.574+0000] {dag.py:3047} INFO - Sync 1 DAGs
[2026-05-19T19:21:21.607+0000] {logging_mixin.py:188} INFO - [2026-05-19T19:21:21.607+0000] {dag.py:3834} INFO - Setting next_dagrun for example_weekday_branch_operator to 2026-05-18 00:00:00+00:00, run_after=2026-05-19 00:00:00+00:00
[2026-05-19T19:21:21.634+0000] {processor.py:183} INFO - Processing /home/airflow/.local/lib/python3.8/site-packages/airflow/example_dags/example_branch_day_of_week_operator.py took 0.125 seconds
[2026-05-19T19:21:52.372+0000] {processor.py:161} INFO - Started process (PID=8430) to work on /home/airflow/.local/lib/python3.8/site-packages/airflow/example_dags/example_branch_day_of_week_operator.py
[2026-05-19T19:21:52.375+0000] {processor.py:830} INFO - Processing file /home/airflow/.local/lib/python3.8/site-packages/airflow/example_dags/example_branch_day_of_week_operator.py for tasks to queue
[2026-05-19T19:21:52.380+0000] {logging_mixin.py:188} INFO - [2026-05-19T19:21:52.380+0000] {dagbag.py:540} INFO - Filling up the DagBag from /home/airflow/.local/lib/python3.8/site-packages/airflow/example_dags/example_branch_day_of_week_operator.py
[2026-05-19T19:21:52.401+0000] {processor.py:840} INFO - DAG(s) 'example_weekday_branch_operator' retrieved from /home/airflow/.local/lib/python3.8/site-packages/airflow/example_dags/example_branch_day_of_week_operator.py
[2026-05-19T19:21:52.462+0000] {logging_mixin.py:188} INFO - [2026-05-19T19:21:52.461+0000] {dag.py:3047} INFO - Sync 1 DAGs
[2026-05-19T19:21:52.527+0000] {logging_mixin.py:188} INFO - [2026-05-19T19:21:52.526+0000] {dag.py:3834} INFO - Setting next_dagrun for example_weekday_branch_operator to 2026-05-18 00:00:00+00:00, run_after=2026-05-19 00:00:00+00:00
[2026-05-19T19:21:52.579+0000] {processor.py:183} INFO - Processing /home/airflow/.local/lib/python3.8/site-packages/airflow/example_dags/example_branch_day_of_week_operator.py took 0.216 seconds
[2026-05-19T19:22:23.510+0000] {processor.py:161} INFO - Started process (PID=8485) to work on /home/airflow/.local/lib/python3.8/site-packages/airflow/example_dags/example_branch_day_of_week_operator.py
[2026-05-19T19:22:23.517+0000] {processor.py:830} INFO - Processing file /home/airflow/.local/lib/python3.8/site-packages/airflow/example_dags/example_branch_day_of_week_operator.py for tasks to queue
[2026-05-19T19:22:23.524+0000] {logging_mixin.py:188} INFO - [2026-05-19T19:22:23.523+0000] {dagbag.py:540} INFO - Filling up the DagBag from /home/airflow/.local/lib/python3.8/site-packages/airflow/example_dags/example_branch_day_of_week_operator.py
[2026-05-19T19:22:23.553+0000] {processor.py:840} INFO - DAG(s) 'example_weekday_branch_operator' retrieved from /home/airflow/.local/lib/python3.8/site-packages/airflow/example_dags/example_branch_day_of_week_operator.py
[2026-05-19T19:22:23.628+0000] {logging_mixin.py:188} INFO - [2026-05-19T19:22:23.627+0000] {dag.py:3047} INFO - Sync 1 DAGs
[2026-05-19T19:22:23.716+0000] {logging_mixin.py:188} INFO - [2026-05-19T19:22:23.715+0000] {dag.py:3834} INFO - Setting next_dagrun for example_weekday_branch_operator to 2026-05-18 00:00:00+00:00, run_after=2026-05-19 00:00:00+00:00
[2026-05-19T19:22:23.787+0000] {processor.py:183} INFO - Processing /home/airflow/.local/lib/python3.8/site-packages/airflow/example_dags/example_branch_day_of_week_operator.py took 0.287 seconds
[2026-05-19T19:22:54.092+0000] {processor.py:161} INFO - Started process (PID=8539) to work on /home/airflow/.local/lib/python3.8/site-packages/airflow/example_dags/example_branch_day_of_week_operator.py
[2026-05-19T19:22:54.094+0000] {processor.py:830} INFO - Processing file /home/airflow/.local/lib/python3.8/site-packages/airflow/example_dags/example_branch_day_of_week_operator.py for tasks to queue
[2026-05-19T19:22:54.097+0000] {logging_mixin.py:188} INFO - [2026-05-19T19:22:54.097+0000] {dagbag.py:540} INFO - Filling up the DagBag from /home/airflow/.local/lib/python3.8/site-packages/airflow/example_dags/example_branch_day_of_week_operator.py
[2026-05-19T19:22:54.106+0000] {processor.py:840} INFO - DAG(s) 'example_weekday_branch_operator' retrieved from /home/airflow/.local/lib/python3.8/site-packages/airflow/example_dags/example_branch_day_of_week_operator.py
[2026-05-19T19:22:54.140+0000] {logging_mixin.py:188} INFO - [2026-05-19T19:22:54.139+0000] {dag.py:3047} INFO - Sync 1 DAGs
[2026-05-19T19:22:54.195+0000] {logging_mixin.py:188} INFO - [2026-05-19T19:22:54.195+0000] {dag.py:3834} INFO - Setting next_dagrun for example_weekday_branch_operator to 2026-05-18 00:00:00+00:00, run_after=2026-05-19 00:00:00+00:00
[2026-05-19T19:22:54.218+0000] {processor.py:183} INFO - Processing /home/airflow/.local/lib/python3.8/site-packages/airflow/example_dags/example_branch_day_of_week_operator.py took 0.129 seconds
[2026-05-19T19:23:24.882+0000] {processor.py:161} INFO - Started process (PID=8594) to work on /home/airflow/.local/lib/python3.8/site-packages/airflow/example_dags/example_branch_day_of_week_operator.py
[2026-05-19T19:23:24.884+0000] {processor.py:830} INFO - Processing file /home/airflow/.local/lib/python3.8/site-packages/airflow/example_dags/example_branch_day_of_week_operator.py for tasks to queue
[2026-05-19T19:23:24.887+0000] {logging_mixin.py:188} INFO - [2026-05-19T19:23:24.887+0000] {dagbag.py:540} INFO - Filling up the DagBag from /home/airflow/.local/lib/python3.8/site-packages/airflow/example_dags/example_branch_day_of_week_operator.py
[2026-05-19T19:23:24.897+0000] {processor.py:840} INFO - DAG(s) 'example_weekday_branch_operator' retrieved from /home/airflow/.local/lib/python3.8/site-packages/airflow/example_dags/example_branch_day_of_week_operator.py
[2026-05-19T19:23:24.943+0000] {logging_mixin.py:188} INFO - [2026-05-19T19:23:24.942+0000] {dag.py:3047} INFO - Sync 1 DAGs
[2026-05-19T19:23:24.985+0000] {logging_mixin.py:188} INFO - [2026-05-19T19:23:24.985+0000] {dag.py:3834} INFO - Setting next_dagrun for example_weekday_branch_operator to 2026-05-18 00:00:00+00:00, run_after=2026-05-19 00:00:00+00:00
[2026-05-19T19:23:25.012+0000] {processor.py:183} INFO - Processing /home/airflow/.local/lib/python3.8/site-packages/airflow/example_dags/example_branch_day_of_week_operator.py took 0.135 seconds
[2026-05-19T19:23:55.681+0000] {processor.py:161} INFO - Started process (PID=8647) to work on /home/airflow/.local/lib/python3.8/site-packages/airflow/example_dags/example_branch_day_of_week_operator.py
[2026-05-19T19:23:55.683+0000] {processor.py:830} INFO - Processing file /home/airflow/.local/lib/python3.8/site-packages/airflow/example_dags/example_branch_day_of_week_operator.py for tasks to queue
[2026-05-19T19:23:55.686+0000] {logging_mixin.py:188} INFO - [2026-05-19T19:23:55.686+0000] {dagbag.py:540} INFO - Filling up the DagBag from /home/airflow/.local/lib/python3.8/site-packages/airflow/example_dags/example_branch_day_of_week_operator.py
[2026-05-19T19:23:55.699+0000] {processor.py:840} INFO - DAG(s) 'example_weekday_branch_operator' retrieved from /home/airflow/.local/lib/python3.8/site-packages/airflow/example_dags/example_branch_day_of_week_operator.py
[2026-05-19T19:23:55.739+0000] {logging_mixin.py:188} INFO - [2026-05-19T19:23:55.738+0000] {dag.py:3047} INFO - Sync 1 DAGs
[2026-05-19T19:23:55.791+0000] {logging_mixin.py:188} INFO - [2026-05-19T19:23:55.791+0000] {dag.py:3834} INFO - Setting next_dagrun for example_weekday_branch_operator to 2026-05-18 00:00:00+00:00, run_after=2026-05-19 00:00:00+00:00
[2026-05-19T19:23:55.832+0000] {processor.py:183} INFO - Processing /home/airflow/.local/lib/python3.8/site-packages/airflow/example_dags/example_branch_day_of_week_operator.py took 0.158 seconds
[2026-05-19T19:24:26.249+0000] {processor.py:161} INFO - Started process (PID=8702) to work on /home/airflow/.local/lib/python3.8/site-packages/airflow/example_dags/example_branch_day_of_week_operator.py
[2026-05-19T19:24:26.252+0000] {processor.py:830} INFO - Processing file /home/airflow/.local/lib/python3.8/site-packages/airflow/example_dags/example_branch_day_of_week_operator.py for tasks to queue
[2026-05-19T19:24:26.258+0000] {logging_mixin.py:188} INFO - [2026-05-19T19:24:26.257+0000] {dagbag.py:540} INFO - Filling up the DagBag from /home/airflow/.local/lib/python3.8/site-packages/airflow/example_dags/example_branch_day_of_week_operator.py
[2026-05-19T19:24:26.282+0000] {processor.py:840} INFO - DAG(s) 'example_weekday_branch_operator' retrieved from /home/airflow/.local/lib/python3.8/site-packages/airflow/example_dags/example_branch_day_of_week_operator.py
[2026-05-19T19:24:26.364+0000] {logging_mixin.py:188} INFO - [2026-05-19T19:24:26.363+0000] {dag.py:3047} INFO - Sync 1 DAGs
[2026-05-19T19:24:26.452+0000] {logging_mixin.py:188} INFO - [2026-05-19T19:24:26.452+0000] {dag.py:3834} INFO - Setting next_dagrun for example_weekday_branch_operator to 2026-05-18 00:00:00+00:00, run_after=2026-05-19 00:00:00+00:00
[2026-05-19T19:24:26.510+0000] {processor.py:183} INFO - Processing /home/airflow/.local/lib/python3.8/site-packages/airflow/example_dags/example_branch_day_of_week_operator.py took 0.269 seconds
[2026-05-19T19:24:57.463+0000] {processor.py:161} INFO - Started process (PID=8757) to work on /home/airflow/.local/lib/python3.8/site-packages/airflow/example_dags/example_branch_day_of_week_operator.py
[2026-05-19T19:24:57.466+0000] {processor.py:830} INFO - Processing file /home/airflow/.local/lib/python3.8/site-packages/airflow/example_dags/example_branch_day_of_week_operator.py for tasks to queue
[2026-05-19T19:24:57.475+0000] {logging_mixin.py:188} INFO - [2026-05-19T19:24:57.474+0000] {dagbag.py:540} INFO - Filling up the DagBag from /home/airflow/.local/lib/python3.8/site-packages/airflow/example_dags/example_branch_day_of_week_operator.py
[2026-05-19T19:24:57.496+0000] {processor.py:840} INFO - DAG(s) 'example_weekday_branch_operator' retrieved from /home/airflow/.local/lib/python3.8/site-packages/airflow/example_dags/example_branch_day_of_week_operator.py
[2026-05-19T19:24:57.560+0000] {logging_mixin.py:188} INFO - [2026-05-19T19:24:57.559+0000] {dag.py:3047} INFO - Sync 1 DAGs
[2026-05-19T19:24:57.630+0000] {logging_mixin.py:188} INFO - [2026-05-19T19:24:57.629+0000] {dag.py:3834} INFO - Setting next_dagrun for example_weekday_branch_operator to 2026-05-18 00:00:00+00:00, run_after=2026-05-19 00:00:00+00:00
[2026-05-19T19:24:57.708+0000] {processor.py:183} INFO - Processing /home/airflow/.local/lib/python3.8/site-packages/airflow/example_dags/example_branch_day_of_week_operator.py took 0.255 seconds
[2026-05-19T19:25:27.835+0000] {processor.py:161} INFO - Started process (PID=8812) to work on /home/airflow/.local/lib/python3.8/site-packages/airflow/example_dags/example_branch_day_of_week_operator.py
[2026-05-19T19:25:27.837+0000] {processor.py:830} INFO - Processing file /home/airflow/.local/lib/python3.8/site-packages/airflow/example_dags/example_branch_day_of_week_operator.py for tasks to queue
[2026-05-19T19:25:27.840+0000] {logging_mixin.py:188} INFO - [2026-05-19T19:25:27.840+0000] {dagbag.py:540} INFO - Filling up the DagBag from /home/airflow/.local/lib/python3.8/site-packages/airflow/example_dags/example_branch_day_of_week_operator.py
[2026-05-19T19:25:27.849+0000] {processor.py:840} INFO - DAG(s) 'example_weekday_branch_operator' retrieved from /home/airflow/.local/lib/python3.8/site-packages/airflow/example_dags/example_branch_day_of_week_operator.py
[2026-05-19T19:25:27.875+0000] {logging_mixin.py:188} INFO - [2026-05-19T19:25:27.874+0000] {dag.py:3047} INFO - Sync 1 DAGs
[2026-05-19T19:25:27.898+0000] {logging_mixin.py:188} INFO - [2026-05-19T19:25:27.898+0000] {dag.py:3834} INFO - Setting next_dagrun for example_weekday_branch_operator to 2026-05-18 00:00:00+00:00, run_after=2026-05-19 00:00:00+00:00
[2026-05-19T19:25:27.917+0000] {processor.py:183} INFO - Processing /home/airflow/.local/lib/python3.8/site-packages/airflow/example_dags/example_branch_day_of_week_operator.py took 0.086 seconds
[2026-05-19T19:25:58.489+0000] {processor.py:161} INFO - Started process (PID=8867) to work on /home/airflow/.local/lib/python3.8/site-packages/airflow/example_dags/example_branch_day_of_week_operator.py
[2026-05-19T19:25:58.491+0000] {processor.py:830} INFO - Processing file /home/airflow/.local/lib/python3.8/site-packages/airflow/example_dags/example_branch_day_of_week_operator.py for tasks to queue
[2026-05-19T19:25:58.493+0000] {logging_mixin.py:188} INFO - [2026-05-19T19:25:58.493+0000] {dagbag.py:540} INFO - Filling up the DagBag from /home/airflow/.local/lib/python3.8/site-packages/airflow/example_dags/example_branch_day_of_week_operator.py
[2026-05-19T19:25:58.501+0000] {processor.py:840} INFO - DAG(s) 'example_weekday_branch_operator' retrieved from /home/airflow/.local/lib/python3.8/site-packages/airflow/example_dags/example_branch_day_of_week_operator.py
[2026-05-19T19:25:58.525+0000] {logging_mixin.py:188} INFO - [2026-05-19T19:25:58.525+0000] {dag.py:3047} INFO - Sync 1 DAGs
[2026-05-19T19:25:58.547+0000] {logging_mixin.py:188} INFO - [2026-05-19T19:25:58.547+0000] {dag.py:3834} INFO - Setting next_dagrun for example_weekday_branch_operator to 2026-05-18 00:00:00+00:00, run_after=2026-05-19 00:00:00+00:00
[2026-05-19T19:25:58.567+0000] {processor.py:183} INFO - Processing /home/airflow/.local/lib/python3.8/site-packages/airflow/example_dags/example_branch_day_of_week_operator.py took 0.081 seconds
[2026-05-19T19:26:29.593+0000] {processor.py:161} INFO - Started process (PID=8922) to work on /home/airflow/.local/lib/python3.8/site-packages/airflow/example_dags/example_branch_day_of_week_operator.py
[2026-05-19T19:26:29.595+0000] {processor.py:830} INFO - Processing file /home/airflow/.local/lib/python3.8/site-packages/airflow/example_dags/example_branch_day_of_week_operator.py for tasks to queue
[2026-05-19T19:26:29.598+0000] {logging_mixin.py:188} INFO - [2026-05-19T19:26:29.598+0000] {dagbag.py:540} INFO - Filling up the DagBag from /home/airflow/.local/lib/python3.8/site-packages/airflow/example_dags/example_branch_day_of_week_operator.py
[2026-05-19T19:26:29.610+0000] {processor.py:840} INFO - DAG(s) 'example_weekday_branch_operator' retrieved from /home/airflow/.local/lib/python3.8/site-packages/airflow/example_dags/example_branch_day_of_week_operator.py
[2026-05-19T19:26:29.641+0000] {logging_mixin.py:188} INFO - [2026-05-19T19:26:29.640+0000] {dag.py:3047} INFO - Sync 1 DAGs
[2026-05-19T19:26:29.680+0000] {logging_mixin.py:188} INFO - [2026-05-19T19:26:29.680+0000] {dag.py:3834} INFO - Setting next_dagrun for example_weekday_branch_operator to 2026-05-18 00:00:00+00:00, run_after=2026-05-19 00:00:00+00:00
[2026-05-19T19:26:29.718+0000] {processor.py:183} INFO - Processing /home/airflow/.local/lib/python3.8/site-packages/airflow/example_dags/example_branch_day_of_week_operator.py took 0.129 seconds
[2026-05-19T19:26:59.788+0000] {processor.py:161} INFO - Started process (PID=8977) to work on /home/airflow/.local/lib/python3.8/site-packages/airflow/example_dags/example_branch_day_of_week_operator.py
[2026-05-19T19:26:59.789+0000] {processor.py:830} INFO - Processing file /home/airflow/.local/lib/python3.8/site-packages/airflow/example_dags/example_branch_day_of_week_operator.py for tasks to queue
[2026-05-19T19:26:59.792+0000] {logging_mixin.py:188} INFO - [2026-05-19T19:26:59.792+0000] {dagbag.py:540} INFO - Filling up the DagBag from /home/airflow/.local/lib/python3.8/site-packages/airflow/example_dags/example_branch_day_of_week_operator.py
[2026-05-19T19:26:59.800+0000] {processor.py:840} INFO - DAG(s) 'example_weekday_branch_operator' retrieved from /home/airflow/.local/lib/python3.8/site-packages/airflow/example_dags/example_branch_day_of_week_operator.py
[2026-05-19T19:26:59.826+0000] {logging_mixin.py:188} INFO - [2026-05-19T19:26:59.826+0000] {dag.py:3047} INFO - Sync 1 DAGs
[2026-05-19T19:26:59.853+0000] {logging_mixin.py:188} INFO - [2026-05-19T19:26:59.853+0000] {dag.py:3834} INFO - Setting next_dagrun for example_weekday_branch_operator to 2026-05-18 00:00:00+00:00, run_after=2026-05-19 00:00:00+00:00
[2026-05-19T19:26:59.882+0000] {processor.py:183} INFO - Processing /home/airflow/.local/lib/python3.8/site-packages/airflow/example_dags/example_branch_day_of_week_operator.py took 0.098 seconds
[2026-05-19T19:27:30.049+0000] {processor.py:161} INFO - Started process (PID=9032) to work on /home/airflow/.local/lib/python3.8/site-packages/airflow/example_dags/example_branch_day_of_week_operator.py
[2026-05-19T19:27:30.051+0000] {processor.py:830} INFO - Processing file /home/airflow/.local/lib/python3.8/site-packages/airflow/example_dags/example_branch_day_of_week_operator.py for tasks to queue
[2026-05-19T19:27:30.054+0000] {logging_mixin.py:188} INFO - [2026-05-19T19:27:30.053+0000] {dagbag.py:540} INFO - Filling up the DagBag from /home/airflow/.local/lib/python3.8/site-packages/airflow/example_dags/example_branch_day_of_week_operator.py
[2026-05-19T19:27:30.065+0000] {processor.py:840} INFO - DAG(s) 'example_weekday_branch_operator' retrieved from /home/airflow/.local/lib/python3.8/site-packages/airflow/example_dags/example_branch_day_of_week_operator.py
[2026-05-19T19:27:30.096+0000] {logging_mixin.py:188} INFO - [2026-05-19T19:27:30.096+0000] {dag.py:3047} INFO - Sync 1 DAGs
[2026-05-19T19:27:30.126+0000] {logging_mixin.py:188} INFO - [2026-05-19T19:27:30.126+0000] {dag.py:3834} INFO - Setting next_dagrun for example_weekday_branch_operator to 2026-05-18 00:00:00+00:00, run_after=2026-05-19 00:00:00+00:00
[2026-05-19T19:27:30.155+0000] {processor.py:183} INFO - Processing /home/airflow/.local/lib/python3.8/site-packages/airflow/example_dags/example_branch_day_of_week_operator.py took 0.113 seconds
[2026-05-19T19:28:00.729+0000] {processor.py:161} INFO - Started process (PID=9087) to work on /home/airflow/.local/lib/python3.8/site-packages/airflow/example_dags/example_branch_day_of_week_operator.py
[2026-05-19T19:28:00.733+0000] {processor.py:830} INFO - Processing file /home/airflow/.local/lib/python3.8/site-packages/airflow/example_dags/example_branch_day_of_week_operator.py for tasks to queue
[2026-05-19T19:28:00.739+0000] {logging_mixin.py:188} INFO - [2026-05-19T19:28:00.738+0000] {dagbag.py:540} INFO - Filling up the DagBag from /home/airflow/.local/lib/python3.8/site-packages/airflow/example_dags/example_branch_day_of_week_operator.py
[2026-05-19T19:28:00.755+0000] {processor.py:840} INFO - DAG(s) 'example_weekday_branch_operator' retrieved from /home/airflow/.local/lib/python3.8/site-packages/airflow/example_dags/example_branch_day_of_week_operator.py
[2026-05-19T19:28:00.804+0000] {logging_mixin.py:188} INFO - [2026-05-19T19:28:00.804+0000] {dag.py:3047} INFO - Sync 1 DAGs
[2026-05-19T19:28:00.863+0000] {logging_mixin.py:188} INFO - [2026-05-19T19:28:00.862+0000] {dag.py:3834} INFO - Setting next_dagrun for example_weekday_branch_operator to 2026-05-18 00:00:00+00:00, run_after=2026-05-19 00:00:00+00:00
[2026-05-19T19:28:00.906+0000] {processor.py:183} INFO - Processing /home/airflow/.local/lib/python3.8/site-packages/airflow/example_dags/example_branch_day_of_week_operator.py took 0.184 seconds
[2026-05-19T19:28:31.754+0000] {processor.py:161} INFO - Started process (PID=9142) to work on /home/airflow/.local/lib/python3.8/site-packages/airflow/example_dags/example_branch_day_of_week_operator.py
[2026-05-19T19:28:31.757+0000] {processor.py:830} INFO - Processing file /home/airflow/.local/lib/python3.8/site-packages/airflow/example_dags/example_branch_day_of_week_operator.py for tasks to queue
[2026-05-19T19:28:31.761+0000] {logging_mixin.py:188} INFO - [2026-05-19T19:28:31.760+0000] {dagbag.py:540} INFO - Filling up the DagBag from /home/airflow/.local/lib/python3.8/site-packages/airflow/example_dags/example_branch_day_of_week_operator.py
[2026-05-19T19:28:31.774+0000] {processor.py:840} INFO - DAG(s) 'example_weekday_branch_operator' retrieved from /home/airflow/.local/lib/python3.8/site-packages/airflow/example_dags/example_branch_day_of_week_operator.py
[2026-05-19T19:28:31.827+0000] {logging_mixin.py:188} INFO - [2026-05-19T19:28:31.826+0000] {dag.py:3047} INFO - Sync 1 DAGs
[2026-05-19T19:28:31.898+0000] {logging_mixin.py:188} INFO - [2026-05-19T19:28:31.897+0000] {dag.py:3834} INFO - Setting next_dagrun for example_weekday_branch_operator to 2026-05-18 00:00:00+00:00, run_after=2026-05-19 00:00:00+00:00
[2026-05-19T19:28:31.950+0000] {processor.py:183} INFO - Processing /home/airflow/.local/lib/python3.8/site-packages/airflow/example_dags/example_branch_day_of_week_operator.py took 0.201 seconds
[2026-05-19T19:29:02.133+0000] {processor.py:161} INFO - Started process (PID=9197) to work on /home/airflow/.local/lib/python3.8/site-packages/airflow/example_dags/example_branch_day_of_week_operator.py
[2026-05-19T19:29:02.134+0000] {processor.py:830} INFO - Processing file /home/airflow/.local/lib/python3.8/site-packages/airflow/example_dags/example_branch_day_of_week_operator.py for tasks to queue
[2026-05-19T19:29:02.137+0000] {logging_mixin.py:188} INFO - [2026-05-19T19:29:02.137+0000] {dagbag.py:540} INFO - Filling up the DagBag from /home/airflow/.local/lib/python3.8/site-packages/airflow/example_dags/example_branch_day_of_week_operator.py
[2026-05-19T19:29:02.146+0000] {processor.py:840} INFO - DAG(s) 'example_weekday_branch_operator' retrieved from /home/airflow/.local/lib/python3.8/site-packages/airflow/example_dags/example_branch_day_of_week_operator.py
[2026-05-19T19:29:02.177+0000] {logging_mixin.py:188} INFO - [2026-05-19T19:29:02.177+0000] {dag.py:3047} INFO - Sync 1 DAGs
[2026-05-19T19:29:02.201+0000] {logging_mixin.py:188} INFO - [2026-05-19T19:29:02.201+0000] {dag.py:3834} INFO - Setting next_dagrun for example_weekday_branch_operator to 2026-05-18 00:00:00+00:00, run_after=2026-05-19 00:00:00+00:00
[2026-05-19T19:29:02.245+0000] {processor.py:183} INFO - Processing /home/airflow/.local/lib/python3.8/site-packages/airflow/example_dags/example_branch_day_of_week_operator.py took 0.117 seconds
[2026-05-19T19:29:33.101+0000] {processor.py:161} INFO - Started process (PID=9252) to work on /home/airflow/.local/lib/python3.8/site-packages/airflow/example_dags/example_branch_day_of_week_operator.py
[2026-05-19T19:29:33.103+0000] {processor.py:830} INFO - Processing file /home/airflow/.local/lib/python3.8/site-packages/airflow/example_dags/example_branch_day_of_week_operator.py for tasks to queue
[2026-05-19T19:29:33.108+0000] {logging_mixin.py:188} INFO - [2026-05-19T19:29:33.108+0000] {dagbag.py:540} INFO - Filling up the DagBag from /home/airflow/.local/lib/python3.8/site-packages/airflow/example_dags/example_branch_day_of_week_operator.py
[2026-05-19T19:29:33.125+0000] {processor.py:840} INFO - DAG(s) 'example_weekday_branch_operator' retrieved from /home/airflow/.local/lib/python3.8/site-packages/airflow/example_dags/example_branch_day_of_week_operator.py
[2026-05-19T19:29:33.172+0000] {logging_mixin.py:188} INFO - [2026-05-19T19:29:33.171+0000] {dag.py:3047} INFO - Sync 1 DAGs
[2026-05-19T19:29:33.210+0000] {logging_mixin.py:188} INFO - [2026-05-19T19:29:33.209+0000] {dag.py:3834} INFO - Setting next_dagrun for example_weekday_branch_operator to 2026-05-18 00:00:00+00:00, run_after=2026-05-19 00:00:00+00:00
[2026-05-19T19:29:33.249+0000] {processor.py:183} INFO - Processing /home/airflow/.local/lib/python3.8/site-packages/airflow/example_dags/example_branch_day_of_week_operator.py took 0.155 seconds
[2026-05-19T19:30:04.205+0000] {processor.py:161} INFO - Started process (PID=9307) to work on /home/airflow/.local/lib/python3.8/site-packages/airflow/example_dags/example_branch_day_of_week_operator.py
[2026-05-19T19:30:04.208+0000] {processor.py:830} INFO - Processing file /home/airflow/.local/lib/python3.8/site-packages/airflow/example_dags/example_branch_day_of_week_operator.py for tasks to queue
[2026-05-19T19:30:04.213+0000] {logging_mixin.py:188} INFO - [2026-05-19T19:30:04.212+0000] {dagbag.py:540} INFO - Filling up the DagBag from /home/airflow/.local/lib/python3.8/site-packages/airflow/example_dags/example_branch_day_of_week_operator.py
[2026-05-19T19:30:04.233+0000] {processor.py:840} INFO - DAG(s) 'example_weekday_branch_operator' retrieved from /home/airflow/.local/lib/python3.8/site-packages/airflow/example_dags/example_branch_day_of_week_operator.py
[2026-05-19T19:30:04.287+0000] {logging_mixin.py:188} INFO - [2026-05-19T19:30:04.286+0000] {dag.py:3047} INFO - Sync 1 DAGs
[2026-05-19T19:30:04.336+0000] {logging_mixin.py:188} INFO - [2026-05-19T19:30:04.336+0000] {dag.py:3834} INFO - Setting next_dagrun for example_weekday_branch_operator to 2026-05-18 00:00:00+00:00, run_after=2026-05-19 00:00:00+00:00
[2026-05-19T19:30:04.372+0000] {processor.py:183} INFO - Processing /home/airflow/.local/lib/python3.8/site-packages/airflow/example_dags/example_branch_day_of_week_operator.py took 0.176 seconds
[2026-05-19T19:30:35.237+0000] {processor.py:161} INFO - Started process (PID=9362) to work on /home/airflow/.local/lib/python3.8/site-packages/airflow/example_dags/example_branch_day_of_week_operator.py
[2026-05-19T19:30:35.239+0000] {processor.py:830} INFO - Processing file /home/airflow/.local/lib/python3.8/site-packages/airflow/example_dags/example_branch_day_of_week_operator.py for tasks to queue
[2026-05-19T19:30:35.242+0000] {logging_mixin.py:188} INFO - [2026-05-19T19:30:35.242+0000] {dagbag.py:540} INFO - Filling up the DagBag from /home/airflow/.local/lib/python3.8/site-packages/airflow/example_dags/example_branch_day_of_week_operator.py
[2026-05-19T19:30:35.254+0000] {processor.py:840} INFO - DAG(s) 'example_weekday_branch_operator' retrieved from /home/airflow/.local/lib/python3.8/site-packages/airflow/example_dags/example_branch_day_of_week_operator.py
[2026-05-19T19:30:35.288+0000] {logging_mixin.py:188} INFO - [2026-05-19T19:30:35.287+0000] {dag.py:3047} INFO - Sync 1 DAGs
[2026-05-19T19:30:35.315+0000] {logging_mixin.py:188} INFO - [2026-05-19T19:30:35.315+0000] {dag.py:3834} INFO - Setting next_dagrun for example_weekday_branch_operator to 2026-05-18 00:00:00+00:00, run_after=2026-05-19 00:00:00+00:00
[2026-05-19T19:30:35.347+0000] {processor.py:183} INFO - Processing /home/airflow/.local/lib/python3.8/site-packages/airflow/example_dags/example_branch_day_of_week_operator.py took 0.115 seconds
[2026-05-19T19:31:05.675+0000] {processor.py:161} INFO - Started process (PID=9417) to work on /home/airflow/.local/lib/python3.8/site-packages/airflow/example_dags/example_branch_day_of_week_operator.py
[2026-05-19T19:31:05.678+0000] {processor.py:830} INFO - Processing file /home/airflow/.local/lib/python3.8/site-packages/airflow/example_dags/example_branch_day_of_week_operator.py for tasks to queue
[2026-05-19T19:31:05.684+0000] {logging_mixin.py:188} INFO - [2026-05-19T19:31:05.683+0000] {dagbag.py:540} INFO - Filling up the DagBag from /home/airflow/.local/lib/python3.8/site-packages/airflow/example_dags/example_branch_day_of_week_operator.py
[2026-05-19T19:31:05.708+0000] {processor.py:840} INFO - DAG(s) 'example_weekday_branch_operator' retrieved from /home/airflow/.local/lib/python3.8/site-packages/airflow/example_dags/example_branch_day_of_week_operator.py
[2026-05-19T19:31:05.783+0000] {logging_mixin.py:188} INFO - [2026-05-19T19:31:05.783+0000] {dag.py:3047} INFO - Sync 1 DAGs
[2026-05-19T19:31:05.838+0000] {logging_mixin.py:188} INFO - [2026-05-19T19:31:05.838+0000] {dag.py:3834} INFO - Setting next_dagrun for example_weekday_branch_operator to 2026-05-18 00:00:00+00:00, run_after=2026-05-19 00:00:00+00:00
[2026-05-19T19:31:05.917+0000] {processor.py:183} INFO - Processing /home/airflow/.local/lib/python3.8/site-packages/airflow/example_dags/example_branch_day_of_week_operator.py took 0.261 seconds
[2026-05-19T19:31:36.721+0000] {processor.py:161} INFO - Started process (PID=9472) to work on /home/airflow/.local/lib/python3.8/site-packages/airflow/example_dags/example_branch_day_of_week_operator.py
[2026-05-19T19:31:36.723+0000] {processor.py:830} INFO - Processing file /home/airflow/.local/lib/python3.8/site-packages/airflow/example_dags/example_branch_day_of_week_operator.py for tasks to queue
[2026-05-19T19:31:36.725+0000] {logging_mixin.py:188} INFO - [2026-05-19T19:31:36.725+0000] {dagbag.py:540} INFO - Filling up the DagBag from /home/airflow/.local/lib/python3.8/site-packages/airflow/example_dags/example_branch_day_of_week_operator.py
[2026-05-19T19:31:36.734+0000] {processor.py:840} INFO - DAG(s) 'example_weekday_branch_operator' retrieved from /home/airflow/.local/lib/python3.8/site-packages/airflow/example_dags/example_branch_day_of_week_operator.py
[2026-05-19T19:31:36.760+0000] {logging_mixin.py:188} INFO - [2026-05-19T19:31:36.760+0000] {dag.py:3047} INFO - Sync 1 DAGs
[2026-05-19T19:31:36.785+0000] {logging_mixin.py:188} INFO - [2026-05-19T19:31:36.785+0000] {dag.py:3834} INFO - Setting next_dagrun for example_weekday_branch_operator to 2026-05-18 00:00:00+00:00, run_after=2026-05-19 00:00:00+00:00
[2026-05-19T19:31:36.809+0000] {processor.py:183} INFO - Processing /home/airflow/.local/lib/python3.8/site-packages/airflow/example_dags/example_branch_day_of_week_operator.py took 0.092 seconds
[2026-05-19T19:32:06.935+0000] {processor.py:161} INFO - Started process (PID=9526) to work on /home/airflow/.local/lib/python3.8/site-packages/airflow/example_dags/example_branch_day_of_week_operator.py
[2026-05-19T19:32:06.938+0000] {processor.py:830} INFO - Processing file /home/airflow/.local/lib/python3.8/site-packages/airflow/example_dags/example_branch_day_of_week_operator.py for tasks to queue
[2026-05-19T19:32:06.943+0000] {logging_mixin.py:188} INFO - [2026-05-19T19:32:06.942+0000] {dagbag.py:540} INFO - Filling up the DagBag from /home/airflow/.local/lib/python3.8/site-packages/airflow/example_dags/example_branch_day_of_week_operator.py
[2026-05-19T19:32:06.963+0000] {processor.py:840} INFO - DAG(s) 'example_weekday_branch_operator' retrieved from /home/airflow/.local/lib/python3.8/site-packages/airflow/example_dags/example_branch_day_of_week_operator.py
[2026-05-19T19:32:07.010+0000] {logging_mixin.py:188} INFO - [2026-05-19T19:32:07.010+0000] {dag.py:3047} INFO - Sync 1 DAGs
[2026-05-19T19:32:07.058+0000] {logging_mixin.py:188} INFO - [2026-05-19T19:32:07.057+0000] {dag.py:3834} INFO - Setting next_dagrun for example_weekday_branch_operator to 2026-05-18 00:00:00+00:00, run_after=2026-05-19 00:00:00+00:00
[2026-05-19T19:32:07.112+0000] {processor.py:183} INFO - Processing /home/airflow/.local/lib/python3.8/site-packages/airflow/example_dags/example_branch_day_of_week_operator.py took 0.184 seconds
[2026-05-19T19:32:37.661+0000] {processor.py:161} INFO - Started process (PID=9582) to work on /home/airflow/.local/lib/python3.8/site-packages/airflow/example_dags/example_branch_day_of_week_operator.py
[2026-05-19T19:32:37.663+0000] {processor.py:830} INFO - Processing file /home/airflow/.local/lib/python3.8/site-packages/airflow/example_dags/example_branch_day_of_week_operator.py for tasks to queue
[2026-05-19T19:32:37.665+0000] {logging_mixin.py:188} INFO - [2026-05-19T19:32:37.665+0000] {dagbag.py:540} INFO - Filling up the DagBag from /home/airflow/.local/lib/python3.8/site-packages/airflow/example_dags/example_branch_day_of_week_operator.py
[2026-05-19T19:32:37.674+0000] {processor.py:840} INFO - DAG(s) 'example_weekday_branch_operator' retrieved from /home/airflow/.local/lib/python3.8/site-packages/airflow/example_dags/example_branch_day_of_week_operator.py
[2026-05-19T19:32:37.700+0000] {logging_mixin.py:188} INFO - [2026-05-19T19:32:37.699+0000] {dag.py:3047} INFO - Sync 1 DAGs
[2026-05-19T19:32:37.741+0000] {logging_mixin.py:188} INFO - [2026-05-19T19:32:37.741+0000] {dag.py:3834} INFO - Setting next_dagrun for example_weekday_branch_operator to 2026-05-18 00:00:00+00:00, run_after=2026-05-19 00:00:00+00:00
[2026-05-19T19:32:37.850+0000] {processor.py:183} INFO - Processing /home/airflow/.local/lib/python3.8/site-packages/airflow/example_dags/example_branch_day_of_week_operator.py took 0.192 seconds
[2026-05-19T19:33:08.690+0000] {processor.py:161} INFO - Started process (PID=9637) to work on /home/airflow/.local/lib/python3.8/site-packages/airflow/example_dags/example_branch_day_of_week_operator.py
[2026-05-19T19:33:08.692+0000] {processor.py:830} INFO - Processing file /home/airflow/.local/lib/python3.8/site-packages/airflow/example_dags/example_branch_day_of_week_operator.py for tasks to queue
[2026-05-19T19:33:08.695+0000] {logging_mixin.py:188} INFO - [2026-05-19T19:33:08.695+0000] {dagbag.py:540} INFO - Filling up the DagBag from /home/airflow/.local/lib/python3.8/site-packages/airflow/example_dags/example_branch_day_of_week_operator.py
[2026-05-19T19:33:08.711+0000] {processor.py:840} INFO - DAG(s) 'example_weekday_branch_operator' retrieved from /home/airflow/.local/lib/python3.8/site-packages/airflow/example_dags/example_branch_day_of_week_operator.py
[2026-05-19T19:33:08.735+0000] {logging_mixin.py:188} INFO - [2026-05-19T19:33:08.735+0000] {dag.py:3047} INFO - Sync 1 DAGs
[2026-05-19T19:33:08.758+0000] {logging_mixin.py:188} INFO - [2026-05-19T19:33:08.757+0000] {dag.py:3834} INFO - Setting next_dagrun for example_weekday_branch_operator to 2026-05-18 00:00:00+00:00, run_after=2026-05-19 00:00:00+00:00
[2026-05-19T19:33:08.781+0000] {processor.py:183} INFO - Processing /home/airflow/.local/lib/python3.8/site-packages/airflow/example_dags/example_branch_day_of_week_operator.py took 0.095 seconds
[2026-05-19T19:33:39.259+0000] {processor.py:161} INFO - Started process (PID=9692) to work on /home/airflow/.local/lib/python3.8/site-packages/airflow/example_dags/example_branch_day_of_week_operator.py
[2026-05-19T19:33:39.261+0000] {processor.py:830} INFO - Processing file /home/airflow/.local/lib/python3.8/site-packages/airflow/example_dags/example_branch_day_of_week_operator.py for tasks to queue
[2026-05-19T19:33:39.264+0000] {logging_mixin.py:188} INFO - [2026-05-19T19:33:39.263+0000] {dagbag.py:540} INFO - Filling up the DagBag from /home/airflow/.local/lib/python3.8/site-packages/airflow/example_dags/example_branch_day_of_week_operator.py
[2026-05-19T19:33:39.272+0000] {processor.py:840} INFO - DAG(s) 'example_weekday_branch_operator' retrieved from /home/airflow/.local/lib/python3.8/site-packages/airflow/example_dags/example_branch_day_of_week_operator.py
[2026-05-19T19:33:39.294+0000] {logging_mixin.py:188} INFO - [2026-05-19T19:33:39.294+0000] {dag.py:3047} INFO - Sync 1 DAGs
[2026-05-19T19:33:39.317+0000] {logging_mixin.py:188} INFO - [2026-05-19T19:33:39.317+0000] {dag.py:3834} INFO - Setting next_dagrun for example_weekday_branch_operator to 2026-05-18 00:00:00+00:00, run_after=2026-05-19 00:00:00+00:00
[2026-05-19T19:33:39.341+0000] {processor.py:183} INFO - Processing /home/airflow/.local/lib/python3.8/site-packages/airflow/example_dags/example_branch_day_of_week_operator.py took 0.085 seconds
