[2026-05-19T19:18:21.326+0000] {processor.py:161} INFO - Started process (PID=8061) to work on /home/airflow/.local/lib/python3.8/site-packages/airflow/example_dags/example_setup_teardown.py
[2026-05-19T19:18:21.330+0000] {processor.py:830} INFO - Processing file /home/airflow/.local/lib/python3.8/site-packages/airflow/example_dags/example_setup_teardown.py for tasks to queue
[2026-05-19T19:18:21.348+0000] {logging_mixin.py:188} INFO - [2026-05-19T19:18:21.348+0000] {dagbag.py:540} INFO - Filling up the DagBag from /home/airflow/.local/lib/python3.8/site-packages/airflow/example_dags/example_setup_teardown.py
[2026-05-19T19:18:21.383+0000] {processor.py:840} INFO - DAG(s) 'example_setup_teardown' retrieved from /home/airflow/.local/lib/python3.8/site-packages/airflow/example_dags/example_setup_teardown.py
[2026-05-19T19:18:21.467+0000] {logging_mixin.py:188} INFO - [2026-05-19T19:18:21.466+0000] {dag.py:3047} INFO - Sync 1 DAGs
[2026-05-19T19:18:21.549+0000] {logging_mixin.py:188} INFO - [2026-05-19T19:18:21.548+0000] {dag.py:3834} INFO - Setting next_dagrun for example_setup_teardown to 2026-05-18 00:00:00+00:00, run_after=2026-05-19 00:00:00+00:00
[2026-05-19T19:18:21.625+0000] {processor.py:183} INFO - Processing /home/airflow/.local/lib/python3.8/site-packages/airflow/example_dags/example_setup_teardown.py took 0.314 seconds
[2026-05-19T19:18:52.215+0000] {processor.py:161} INFO - Started process (PID=8116) to work on /home/airflow/.local/lib/python3.8/site-packages/airflow/example_dags/example_setup_teardown.py
[2026-05-19T19:18:52.216+0000] {processor.py:830} INFO - Processing file /home/airflow/.local/lib/python3.8/site-packages/airflow/example_dags/example_setup_teardown.py for tasks to queue
[2026-05-19T19:18:52.218+0000] {logging_mixin.py:188} INFO - [2026-05-19T19:18:52.218+0000] {dagbag.py:540} INFO - Filling up the DagBag from /home/airflow/.local/lib/python3.8/site-packages/airflow/example_dags/example_setup_teardown.py
[2026-05-19T19:18:52.224+0000] {processor.py:840} INFO - DAG(s) 'example_setup_teardown' retrieved from /home/airflow/.local/lib/python3.8/site-packages/airflow/example_dags/example_setup_teardown.py
[2026-05-19T19:18:52.243+0000] {logging_mixin.py:188} INFO - [2026-05-19T19:18:52.243+0000] {dag.py:3047} INFO - Sync 1 DAGs
[2026-05-19T19:18:52.260+0000] {logging_mixin.py:188} INFO - [2026-05-19T19:18:52.260+0000] {dag.py:3834} INFO - Setting next_dagrun for example_setup_teardown to 2026-05-18 00:00:00+00:00, run_after=2026-05-19 00:00:00+00:00
[2026-05-19T19:18:52.281+0000] {processor.py:183} INFO - Processing /home/airflow/.local/lib/python3.8/site-packages/airflow/example_dags/example_setup_teardown.py took 0.069 seconds
[2026-05-19T19:19:22.685+0000] {processor.py:161} INFO - Started process (PID=8170) to work on /home/airflow/.local/lib/python3.8/site-packages/airflow/example_dags/example_setup_teardown.py
[2026-05-19T19:19:22.686+0000] {processor.py:830} INFO - Processing file /home/airflow/.local/lib/python3.8/site-packages/airflow/example_dags/example_setup_teardown.py for tasks to queue
[2026-05-19T19:19:22.688+0000] {logging_mixin.py:188} INFO - [2026-05-19T19:19:22.688+0000] {dagbag.py:540} INFO - Filling up the DagBag from /home/airflow/.local/lib/python3.8/site-packages/airflow/example_dags/example_setup_teardown.py
[2026-05-19T19:19:22.695+0000] {processor.py:840} INFO - DAG(s) 'example_setup_teardown' retrieved from /home/airflow/.local/lib/python3.8/site-packages/airflow/example_dags/example_setup_teardown.py
[2026-05-19T19:19:22.716+0000] {logging_mixin.py:188} INFO - [2026-05-19T19:19:22.716+0000] {dag.py:3047} INFO - Sync 1 DAGs
[2026-05-19T19:19:22.735+0000] {logging_mixin.py:188} INFO - [2026-05-19T19:19:22.735+0000] {dag.py:3834} INFO - Setting next_dagrun for example_setup_teardown to 2026-05-18 00:00:00+00:00, run_after=2026-05-19 00:00:00+00:00
[2026-05-19T19:19:22.757+0000] {processor.py:183} INFO - Processing /home/airflow/.local/lib/python3.8/site-packages/airflow/example_dags/example_setup_teardown.py took 0.074 seconds
[2026-05-19T19:19:53.460+0000] {processor.py:161} INFO - Started process (PID=8226) to work on /home/airflow/.local/lib/python3.8/site-packages/airflow/example_dags/example_setup_teardown.py
[2026-05-19T19:19:53.462+0000] {processor.py:830} INFO - Processing file /home/airflow/.local/lib/python3.8/site-packages/airflow/example_dags/example_setup_teardown.py for tasks to queue
[2026-05-19T19:19:53.465+0000] {logging_mixin.py:188} INFO - [2026-05-19T19:19:53.465+0000] {dagbag.py:540} INFO - Filling up the DagBag from /home/airflow/.local/lib/python3.8/site-packages/airflow/example_dags/example_setup_teardown.py
[2026-05-19T19:19:53.474+0000] {processor.py:840} INFO - DAG(s) 'example_setup_teardown' retrieved from /home/airflow/.local/lib/python3.8/site-packages/airflow/example_dags/example_setup_teardown.py
[2026-05-19T19:19:53.499+0000] {logging_mixin.py:188} INFO - [2026-05-19T19:19:53.499+0000] {dag.py:3047} INFO - Sync 1 DAGs
[2026-05-19T19:19:53.519+0000] {logging_mixin.py:188} INFO - [2026-05-19T19:19:53.519+0000] {dag.py:3834} INFO - Setting next_dagrun for example_setup_teardown to 2026-05-18 00:00:00+00:00, run_after=2026-05-19 00:00:00+00:00
[2026-05-19T19:19:53.545+0000] {processor.py:183} INFO - Processing /home/airflow/.local/lib/python3.8/site-packages/airflow/example_dags/example_setup_teardown.py took 0.090 seconds
[2026-05-19T19:20:24.596+0000] {processor.py:161} INFO - Started process (PID=8281) to work on /home/airflow/.local/lib/python3.8/site-packages/airflow/example_dags/example_setup_teardown.py
[2026-05-19T19:20:24.598+0000] {processor.py:830} INFO - Processing file /home/airflow/.local/lib/python3.8/site-packages/airflow/example_dags/example_setup_teardown.py for tasks to queue
[2026-05-19T19:20:24.601+0000] {logging_mixin.py:188} INFO - [2026-05-19T19:20:24.601+0000] {dagbag.py:540} INFO - Filling up the DagBag from /home/airflow/.local/lib/python3.8/site-packages/airflow/example_dags/example_setup_teardown.py
[2026-05-19T19:20:24.611+0000] {processor.py:840} INFO - DAG(s) 'example_setup_teardown' retrieved from /home/airflow/.local/lib/python3.8/site-packages/airflow/example_dags/example_setup_teardown.py
[2026-05-19T19:20:24.641+0000] {logging_mixin.py:188} INFO - [2026-05-19T19:20:24.641+0000] {dag.py:3047} INFO - Sync 1 DAGs
[2026-05-19T19:20:24.672+0000] {logging_mixin.py:188} INFO - [2026-05-19T19:20:24.672+0000] {dag.py:3834} INFO - Setting next_dagrun for example_setup_teardown to 2026-05-18 00:00:00+00:00, run_after=2026-05-19 00:00:00+00:00
[2026-05-19T19:20:24.706+0000] {processor.py:183} INFO - Processing /home/airflow/.local/lib/python3.8/site-packages/airflow/example_dags/example_setup_teardown.py took 0.114 seconds
[2026-05-19T19:20:55.609+0000] {processor.py:161} INFO - Started process (PID=8336) to work on /home/airflow/.local/lib/python3.8/site-packages/airflow/example_dags/example_setup_teardown.py
[2026-05-19T19:20:55.611+0000] {processor.py:830} INFO - Processing file /home/airflow/.local/lib/python3.8/site-packages/airflow/example_dags/example_setup_teardown.py for tasks to queue
[2026-05-19T19:20:55.613+0000] {logging_mixin.py:188} INFO - [2026-05-19T19:20:55.613+0000] {dagbag.py:540} INFO - Filling up the DagBag from /home/airflow/.local/lib/python3.8/site-packages/airflow/example_dags/example_setup_teardown.py
[2026-05-19T19:20:55.620+0000] {processor.py:840} INFO - DAG(s) 'example_setup_teardown' retrieved from /home/airflow/.local/lib/python3.8/site-packages/airflow/example_dags/example_setup_teardown.py
[2026-05-19T19:20:55.648+0000] {logging_mixin.py:188} INFO - [2026-05-19T19:20:55.648+0000] {dag.py:3047} INFO - Sync 1 DAGs
[2026-05-19T19:20:55.674+0000] {logging_mixin.py:188} INFO - [2026-05-19T19:20:55.673+0000] {dag.py:3834} INFO - Setting next_dagrun for example_setup_teardown to 2026-05-18 00:00:00+00:00, run_after=2026-05-19 00:00:00+00:00
[2026-05-19T19:20:55.698+0000] {processor.py:183} INFO - Processing /home/airflow/.local/lib/python3.8/site-packages/airflow/example_dags/example_setup_teardown.py took 0.093 seconds
[2026-05-19T19:21:25.864+0000] {processor.py:161} INFO - Started process (PID=8392) to work on /home/airflow/.local/lib/python3.8/site-packages/airflow/example_dags/example_setup_teardown.py
[2026-05-19T19:21:25.875+0000] {processor.py:830} INFO - Processing file /home/airflow/.local/lib/python3.8/site-packages/airflow/example_dags/example_setup_teardown.py for tasks to queue
[2026-05-19T19:21:25.889+0000] {logging_mixin.py:188} INFO - [2026-05-19T19:21:25.888+0000] {dagbag.py:540} INFO - Filling up the DagBag from /home/airflow/.local/lib/python3.8/site-packages/airflow/example_dags/example_setup_teardown.py
[2026-05-19T19:21:25.911+0000] {processor.py:840} INFO - DAG(s) 'example_setup_teardown' retrieved from /home/airflow/.local/lib/python3.8/site-packages/airflow/example_dags/example_setup_teardown.py
[2026-05-19T19:21:26.009+0000] {logging_mixin.py:188} INFO - [2026-05-19T19:21:26.008+0000] {dag.py:3047} INFO - Sync 1 DAGs
[2026-05-19T19:21:26.080+0000] {logging_mixin.py:188} INFO - [2026-05-19T19:21:26.080+0000] {dag.py:3834} INFO - Setting next_dagrun for example_setup_teardown to 2026-05-18 00:00:00+00:00, run_after=2026-05-19 00:00:00+00:00
[2026-05-19T19:21:26.133+0000] {processor.py:183} INFO - Processing /home/airflow/.local/lib/python3.8/site-packages/airflow/example_dags/example_setup_teardown.py took 0.274 seconds
[2026-05-19T19:21:56.342+0000] {processor.py:161} INFO - Started process (PID=8447) to work on /home/airflow/.local/lib/python3.8/site-packages/airflow/example_dags/example_setup_teardown.py
[2026-05-19T19:21:56.344+0000] {processor.py:830} INFO - Processing file /home/airflow/.local/lib/python3.8/site-packages/airflow/example_dags/example_setup_teardown.py for tasks to queue
[2026-05-19T19:21:56.348+0000] {logging_mixin.py:188} INFO - [2026-05-19T19:21:56.347+0000] {dagbag.py:540} INFO - Filling up the DagBag from /home/airflow/.local/lib/python3.8/site-packages/airflow/example_dags/example_setup_teardown.py
[2026-05-19T19:21:56.357+0000] {processor.py:840} INFO - DAG(s) 'example_setup_teardown' retrieved from /home/airflow/.local/lib/python3.8/site-packages/airflow/example_dags/example_setup_teardown.py
[2026-05-19T19:21:56.386+0000] {logging_mixin.py:188} INFO - [2026-05-19T19:21:56.386+0000] {dag.py:3047} INFO - Sync 1 DAGs
[2026-05-19T19:21:56.414+0000] {logging_mixin.py:188} INFO - [2026-05-19T19:21:56.413+0000] {dag.py:3834} INFO - Setting next_dagrun for example_setup_teardown to 2026-05-18 00:00:00+00:00, run_after=2026-05-19 00:00:00+00:00
[2026-05-19T19:21:56.461+0000] {processor.py:183} INFO - Processing /home/airflow/.local/lib/python3.8/site-packages/airflow/example_dags/example_setup_teardown.py took 0.123 seconds
[2026-05-19T19:22:26.800+0000] {processor.py:161} INFO - Started process (PID=8502) to work on /home/airflow/.local/lib/python3.8/site-packages/airflow/example_dags/example_setup_teardown.py
[2026-05-19T19:22:26.802+0000] {processor.py:830} INFO - Processing file /home/airflow/.local/lib/python3.8/site-packages/airflow/example_dags/example_setup_teardown.py for tasks to queue
[2026-05-19T19:22:26.806+0000] {logging_mixin.py:188} INFO - [2026-05-19T19:22:26.805+0000] {dagbag.py:540} INFO - Filling up the DagBag from /home/airflow/.local/lib/python3.8/site-packages/airflow/example_dags/example_setup_teardown.py
[2026-05-19T19:22:26.819+0000] {processor.py:840} INFO - DAG(s) 'example_setup_teardown' retrieved from /home/airflow/.local/lib/python3.8/site-packages/airflow/example_dags/example_setup_teardown.py
[2026-05-19T19:22:26.854+0000] {logging_mixin.py:188} INFO - [2026-05-19T19:22:26.854+0000] {dag.py:3047} INFO - Sync 1 DAGs
[2026-05-19T19:22:26.885+0000] {logging_mixin.py:188} INFO - [2026-05-19T19:22:26.884+0000] {dag.py:3834} INFO - Setting next_dagrun for example_setup_teardown to 2026-05-18 00:00:00+00:00, run_after=2026-05-19 00:00:00+00:00
[2026-05-19T19:22:26.922+0000] {processor.py:183} INFO - Processing /home/airflow/.local/lib/python3.8/site-packages/airflow/example_dags/example_setup_teardown.py took 0.127 seconds
[2026-05-19T19:22:57.587+0000] {processor.py:161} INFO - Started process (PID=8556) to work on /home/airflow/.local/lib/python3.8/site-packages/airflow/example_dags/example_setup_teardown.py
[2026-05-19T19:22:57.590+0000] {processor.py:830} INFO - Processing file /home/airflow/.local/lib/python3.8/site-packages/airflow/example_dags/example_setup_teardown.py for tasks to queue
[2026-05-19T19:22:57.593+0000] {logging_mixin.py:188} INFO - [2026-05-19T19:22:57.593+0000] {dagbag.py:540} INFO - Filling up the DagBag from /home/airflow/.local/lib/python3.8/site-packages/airflow/example_dags/example_setup_teardown.py
[2026-05-19T19:22:57.615+0000] {processor.py:840} INFO - DAG(s) 'example_setup_teardown' retrieved from /home/airflow/.local/lib/python3.8/site-packages/airflow/example_dags/example_setup_teardown.py
[2026-05-19T19:22:57.651+0000] {logging_mixin.py:188} INFO - [2026-05-19T19:22:57.650+0000] {dag.py:3047} INFO - Sync 1 DAGs
[2026-05-19T19:22:57.689+0000] {logging_mixin.py:188} INFO - [2026-05-19T19:22:57.689+0000] {dag.py:3834} INFO - Setting next_dagrun for example_setup_teardown to 2026-05-18 00:00:00+00:00, run_after=2026-05-19 00:00:00+00:00
[2026-05-19T19:22:57.723+0000] {processor.py:183} INFO - Processing /home/airflow/.local/lib/python3.8/site-packages/airflow/example_dags/example_setup_teardown.py took 0.142 seconds
[2026-05-19T19:23:28.157+0000] {processor.py:161} INFO - Started process (PID=8611) to work on /home/airflow/.local/lib/python3.8/site-packages/airflow/example_dags/example_setup_teardown.py
[2026-05-19T19:23:28.159+0000] {processor.py:830} INFO - Processing file /home/airflow/.local/lib/python3.8/site-packages/airflow/example_dags/example_setup_teardown.py for tasks to queue
[2026-05-19T19:23:28.161+0000] {logging_mixin.py:188} INFO - [2026-05-19T19:23:28.161+0000] {dagbag.py:540} INFO - Filling up the DagBag from /home/airflow/.local/lib/python3.8/site-packages/airflow/example_dags/example_setup_teardown.py
[2026-05-19T19:23:28.172+0000] {processor.py:840} INFO - DAG(s) 'example_setup_teardown' retrieved from /home/airflow/.local/lib/python3.8/site-packages/airflow/example_dags/example_setup_teardown.py
[2026-05-19T19:23:28.195+0000] {logging_mixin.py:188} INFO - [2026-05-19T19:23:28.195+0000] {dag.py:3047} INFO - Sync 1 DAGs
[2026-05-19T19:23:28.218+0000] {logging_mixin.py:188} INFO - [2026-05-19T19:23:28.218+0000] {dag.py:3834} INFO - Setting next_dagrun for example_setup_teardown to 2026-05-18 00:00:00+00:00, run_after=2026-05-19 00:00:00+00:00
[2026-05-19T19:23:28.246+0000] {processor.py:183} INFO - Processing /home/airflow/.local/lib/python3.8/site-packages/airflow/example_dags/example_setup_teardown.py took 0.094 seconds
[2026-05-19T19:23:58.347+0000] {processor.py:161} INFO - Started process (PID=8666) to work on /home/airflow/.local/lib/python3.8/site-packages/airflow/example_dags/example_setup_teardown.py
[2026-05-19T19:23:58.348+0000] {processor.py:830} INFO - Processing file /home/airflow/.local/lib/python3.8/site-packages/airflow/example_dags/example_setup_teardown.py for tasks to queue
[2026-05-19T19:23:58.350+0000] {logging_mixin.py:188} INFO - [2026-05-19T19:23:58.350+0000] {dagbag.py:540} INFO - Filling up the DagBag from /home/airflow/.local/lib/python3.8/site-packages/airflow/example_dags/example_setup_teardown.py
[2026-05-19T19:23:58.355+0000] {processor.py:840} INFO - DAG(s) 'example_setup_teardown' retrieved from /home/airflow/.local/lib/python3.8/site-packages/airflow/example_dags/example_setup_teardown.py
[2026-05-19T19:23:58.372+0000] {logging_mixin.py:188} INFO - [2026-05-19T19:23:58.371+0000] {dag.py:3047} INFO - Sync 1 DAGs
[2026-05-19T19:23:58.388+0000] {logging_mixin.py:188} INFO - [2026-05-19T19:23:58.387+0000] {dag.py:3834} INFO - Setting next_dagrun for example_setup_teardown to 2026-05-18 00:00:00+00:00, run_after=2026-05-19 00:00:00+00:00
[2026-05-19T19:23:58.402+0000] {processor.py:183} INFO - Processing /home/airflow/.local/lib/python3.8/site-packages/airflow/example_dags/example_setup_teardown.py took 0.058 seconds
[2026-05-19T19:24:29.994+0000] {processor.py:161} INFO - Started process (PID=8721) to work on /home/airflow/.local/lib/python3.8/site-packages/airflow/example_dags/example_setup_teardown.py
[2026-05-19T19:24:29.997+0000] {processor.py:830} INFO - Processing file /home/airflow/.local/lib/python3.8/site-packages/airflow/example_dags/example_setup_teardown.py for tasks to queue
[2026-05-19T19:24:30.002+0000] {logging_mixin.py:188} INFO - [2026-05-19T19:24:30.001+0000] {dagbag.py:540} INFO - Filling up the DagBag from /home/airflow/.local/lib/python3.8/site-packages/airflow/example_dags/example_setup_teardown.py
[2026-05-19T19:24:30.016+0000] {processor.py:840} INFO - DAG(s) 'example_setup_teardown' retrieved from /home/airflow/.local/lib/python3.8/site-packages/airflow/example_dags/example_setup_teardown.py
[2026-05-19T19:24:30.069+0000] {logging_mixin.py:188} INFO - [2026-05-19T19:24:30.069+0000] {dag.py:3047} INFO - Sync 1 DAGs
[2026-05-19T19:24:30.120+0000] {logging_mixin.py:188} INFO - [2026-05-19T19:24:30.119+0000] {dag.py:3834} INFO - Setting next_dagrun for example_setup_teardown to 2026-05-18 00:00:00+00:00, run_after=2026-05-19 00:00:00+00:00
[2026-05-19T19:24:30.167+0000] {processor.py:183} INFO - Processing /home/airflow/.local/lib/python3.8/site-packages/airflow/example_dags/example_setup_teardown.py took 0.180 seconds
[2026-05-19T19:25:00.991+0000] {processor.py:161} INFO - Started process (PID=8776) to work on /home/airflow/.local/lib/python3.8/site-packages/airflow/example_dags/example_setup_teardown.py
[2026-05-19T19:25:00.994+0000] {processor.py:830} INFO - Processing file /home/airflow/.local/lib/python3.8/site-packages/airflow/example_dags/example_setup_teardown.py for tasks to queue
[2026-05-19T19:25:01.000+0000] {logging_mixin.py:188} INFO - [2026-05-19T19:25:00.998+0000] {dagbag.py:540} INFO - Filling up the DagBag from /home/airflow/.local/lib/python3.8/site-packages/airflow/example_dags/example_setup_teardown.py
[2026-05-19T19:25:01.030+0000] {processor.py:840} INFO - DAG(s) 'example_setup_teardown' retrieved from /home/airflow/.local/lib/python3.8/site-packages/airflow/example_dags/example_setup_teardown.py
[2026-05-19T19:25:01.093+0000] {logging_mixin.py:188} INFO - [2026-05-19T19:25:01.093+0000] {dag.py:3047} INFO - Sync 1 DAGs
[2026-05-19T19:25:01.161+0000] {logging_mixin.py:188} INFO - [2026-05-19T19:25:01.158+0000] {dag.py:3834} INFO - Setting next_dagrun for example_setup_teardown to 2026-05-18 00:00:00+00:00, run_after=2026-05-19 00:00:00+00:00
[2026-05-19T19:25:01.249+0000] {processor.py:183} INFO - Processing /home/airflow/.local/lib/python3.8/site-packages/airflow/example_dags/example_setup_teardown.py took 0.268 seconds
[2026-05-19T19:25:31.692+0000] {processor.py:161} INFO - Started process (PID=8831) to work on /home/airflow/.local/lib/python3.8/site-packages/airflow/example_dags/example_setup_teardown.py
[2026-05-19T19:25:31.694+0000] {processor.py:830} INFO - Processing file /home/airflow/.local/lib/python3.8/site-packages/airflow/example_dags/example_setup_teardown.py for tasks to queue
[2026-05-19T19:25:31.697+0000] {logging_mixin.py:188} INFO - [2026-05-19T19:25:31.696+0000] {dagbag.py:540} INFO - Filling up the DagBag from /home/airflow/.local/lib/python3.8/site-packages/airflow/example_dags/example_setup_teardown.py
[2026-05-19T19:25:31.709+0000] {processor.py:840} INFO - DAG(s) 'example_setup_teardown' retrieved from /home/airflow/.local/lib/python3.8/site-packages/airflow/example_dags/example_setup_teardown.py
[2026-05-19T19:25:31.740+0000] {logging_mixin.py:188} INFO - [2026-05-19T19:25:31.739+0000] {dag.py:3047} INFO - Sync 1 DAGs
[2026-05-19T19:25:31.774+0000] {logging_mixin.py:188} INFO - [2026-05-19T19:25:31.773+0000] {dag.py:3834} INFO - Setting next_dagrun for example_setup_teardown to 2026-05-18 00:00:00+00:00, run_after=2026-05-19 00:00:00+00:00
[2026-05-19T19:25:31.814+0000] {processor.py:183} INFO - Processing /home/airflow/.local/lib/python3.8/site-packages/airflow/example_dags/example_setup_teardown.py took 0.128 seconds
[2026-05-19T19:26:02.240+0000] {processor.py:161} INFO - Started process (PID=8886) to work on /home/airflow/.local/lib/python3.8/site-packages/airflow/example_dags/example_setup_teardown.py
[2026-05-19T19:26:02.241+0000] {processor.py:830} INFO - Processing file /home/airflow/.local/lib/python3.8/site-packages/airflow/example_dags/example_setup_teardown.py for tasks to queue
[2026-05-19T19:26:02.245+0000] {logging_mixin.py:188} INFO - [2026-05-19T19:26:02.244+0000] {dagbag.py:540} INFO - Filling up the DagBag from /home/airflow/.local/lib/python3.8/site-packages/airflow/example_dags/example_setup_teardown.py
[2026-05-19T19:26:02.256+0000] {processor.py:840} INFO - DAG(s) 'example_setup_teardown' retrieved from /home/airflow/.local/lib/python3.8/site-packages/airflow/example_dags/example_setup_teardown.py
[2026-05-19T19:26:02.286+0000] {logging_mixin.py:188} INFO - [2026-05-19T19:26:02.286+0000] {dag.py:3047} INFO - Sync 1 DAGs
[2026-05-19T19:26:02.315+0000] {logging_mixin.py:188} INFO - [2026-05-19T19:26:02.315+0000] {dag.py:3834} INFO - Setting next_dagrun for example_setup_teardown to 2026-05-18 00:00:00+00:00, run_after=2026-05-19 00:00:00+00:00
[2026-05-19T19:26:02.346+0000] {processor.py:183} INFO - Processing /home/airflow/.local/lib/python3.8/site-packages/airflow/example_dags/example_setup_teardown.py took 0.111 seconds
[2026-05-19T19:26:33.287+0000] {processor.py:161} INFO - Started process (PID=8941) to work on /home/airflow/.local/lib/python3.8/site-packages/airflow/example_dags/example_setup_teardown.py
[2026-05-19T19:26:33.289+0000] {processor.py:830} INFO - Processing file /home/airflow/.local/lib/python3.8/site-packages/airflow/example_dags/example_setup_teardown.py for tasks to queue
[2026-05-19T19:26:33.294+0000] {logging_mixin.py:188} INFO - [2026-05-19T19:26:33.293+0000] {dagbag.py:540} INFO - Filling up the DagBag from /home/airflow/.local/lib/python3.8/site-packages/airflow/example_dags/example_setup_teardown.py
[2026-05-19T19:26:33.306+0000] {processor.py:840} INFO - DAG(s) 'example_setup_teardown' retrieved from /home/airflow/.local/lib/python3.8/site-packages/airflow/example_dags/example_setup_teardown.py
[2026-05-19T19:26:33.348+0000] {logging_mixin.py:188} INFO - [2026-05-19T19:26:33.348+0000] {dag.py:3047} INFO - Sync 1 DAGs
[2026-05-19T19:26:33.394+0000] {logging_mixin.py:188} INFO - [2026-05-19T19:26:33.394+0000] {dag.py:3834} INFO - Setting next_dagrun for example_setup_teardown to 2026-05-18 00:00:00+00:00, run_after=2026-05-19 00:00:00+00:00
[2026-05-19T19:26:33.442+0000] {processor.py:183} INFO - Processing /home/airflow/.local/lib/python3.8/site-packages/airflow/example_dags/example_setup_teardown.py took 0.161 seconds
[2026-05-19T19:27:03.792+0000] {processor.py:161} INFO - Started process (PID=8994) to work on /home/airflow/.local/lib/python3.8/site-packages/airflow/example_dags/example_setup_teardown.py
[2026-05-19T19:27:03.794+0000] {processor.py:830} INFO - Processing file /home/airflow/.local/lib/python3.8/site-packages/airflow/example_dags/example_setup_teardown.py for tasks to queue
[2026-05-19T19:27:03.799+0000] {logging_mixin.py:188} INFO - [2026-05-19T19:27:03.798+0000] {dagbag.py:540} INFO - Filling up the DagBag from /home/airflow/.local/lib/python3.8/site-packages/airflow/example_dags/example_setup_teardown.py
[2026-05-19T19:27:03.814+0000] {processor.py:840} INFO - DAG(s) 'example_setup_teardown' retrieved from /home/airflow/.local/lib/python3.8/site-packages/airflow/example_dags/example_setup_teardown.py
[2026-05-19T19:27:03.853+0000] {logging_mixin.py:188} INFO - [2026-05-19T19:27:03.852+0000] {dag.py:3047} INFO - Sync 1 DAGs
[2026-05-19T19:27:03.893+0000] {logging_mixin.py:188} INFO - [2026-05-19T19:27:03.893+0000] {dag.py:3834} INFO - Setting next_dagrun for example_setup_teardown to 2026-05-18 00:00:00+00:00, run_after=2026-05-19 00:00:00+00:00
[2026-05-19T19:27:03.934+0000] {processor.py:183} INFO - Processing /home/airflow/.local/lib/python3.8/site-packages/airflow/example_dags/example_setup_teardown.py took 0.149 seconds
[2026-05-19T19:27:35.142+0000] {processor.py:161} INFO - Started process (PID=9049) to work on /home/airflow/.local/lib/python3.8/site-packages/airflow/example_dags/example_setup_teardown.py
[2026-05-19T19:27:35.145+0000] {processor.py:830} INFO - Processing file /home/airflow/.local/lib/python3.8/site-packages/airflow/example_dags/example_setup_teardown.py for tasks to queue
[2026-05-19T19:27:35.149+0000] {logging_mixin.py:188} INFO - [2026-05-19T19:27:35.148+0000] {dagbag.py:540} INFO - Filling up the DagBag from /home/airflow/.local/lib/python3.8/site-packages/airflow/example_dags/example_setup_teardown.py
[2026-05-19T19:27:35.163+0000] {processor.py:840} INFO - DAG(s) 'example_setup_teardown' retrieved from /home/airflow/.local/lib/python3.8/site-packages/airflow/example_dags/example_setup_teardown.py
[2026-05-19T19:27:35.216+0000] {logging_mixin.py:188} INFO - [2026-05-19T19:27:35.215+0000] {dag.py:3047} INFO - Sync 1 DAGs
[2026-05-19T19:27:35.273+0000] {logging_mixin.py:188} INFO - [2026-05-19T19:27:35.273+0000] {dag.py:3834} INFO - Setting next_dagrun for example_setup_teardown to 2026-05-18 00:00:00+00:00, run_after=2026-05-19 00:00:00+00:00
[2026-05-19T19:27:35.326+0000] {processor.py:183} INFO - Processing /home/airflow/.local/lib/python3.8/site-packages/airflow/example_dags/example_setup_teardown.py took 0.189 seconds
[2026-05-19T19:28:06.308+0000] {processor.py:161} INFO - Started process (PID=9104) to work on /home/airflow/.local/lib/python3.8/site-packages/airflow/example_dags/example_setup_teardown.py
[2026-05-19T19:28:06.313+0000] {processor.py:830} INFO - Processing file /home/airflow/.local/lib/python3.8/site-packages/airflow/example_dags/example_setup_teardown.py for tasks to queue
[2026-05-19T19:28:06.317+0000] {logging_mixin.py:188} INFO - [2026-05-19T19:28:06.316+0000] {dagbag.py:540} INFO - Filling up the DagBag from /home/airflow/.local/lib/python3.8/site-packages/airflow/example_dags/example_setup_teardown.py
[2026-05-19T19:28:06.329+0000] {processor.py:840} INFO - DAG(s) 'example_setup_teardown' retrieved from /home/airflow/.local/lib/python3.8/site-packages/airflow/example_dags/example_setup_teardown.py
[2026-05-19T19:28:06.369+0000] {logging_mixin.py:188} INFO - [2026-05-19T19:28:06.369+0000] {dag.py:3047} INFO - Sync 1 DAGs
[2026-05-19T19:28:06.406+0000] {logging_mixin.py:188} INFO - [2026-05-19T19:28:06.406+0000] {dag.py:3834} INFO - Setting next_dagrun for example_setup_teardown to 2026-05-18 00:00:00+00:00, run_after=2026-05-19 00:00:00+00:00
[2026-05-19T19:28:06.442+0000] {processor.py:183} INFO - Processing /home/airflow/.local/lib/python3.8/site-packages/airflow/example_dags/example_setup_teardown.py took 0.139 seconds
[2026-05-19T19:28:37.275+0000] {processor.py:161} INFO - Started process (PID=9159) to work on /home/airflow/.local/lib/python3.8/site-packages/airflow/example_dags/example_setup_teardown.py
[2026-05-19T19:28:37.278+0000] {processor.py:830} INFO - Processing file /home/airflow/.local/lib/python3.8/site-packages/airflow/example_dags/example_setup_teardown.py for tasks to queue
[2026-05-19T19:28:37.281+0000] {logging_mixin.py:188} INFO - [2026-05-19T19:28:37.280+0000] {dagbag.py:540} INFO - Filling up the DagBag from /home/airflow/.local/lib/python3.8/site-packages/airflow/example_dags/example_setup_teardown.py
[2026-05-19T19:28:37.291+0000] {processor.py:840} INFO - DAG(s) 'example_setup_teardown' retrieved from /home/airflow/.local/lib/python3.8/site-packages/airflow/example_dags/example_setup_teardown.py
[2026-05-19T19:28:37.326+0000] {logging_mixin.py:188} INFO - [2026-05-19T19:28:37.326+0000] {dag.py:3047} INFO - Sync 1 DAGs
[2026-05-19T19:28:37.357+0000] {logging_mixin.py:188} INFO - [2026-05-19T19:28:37.357+0000] {dag.py:3834} INFO - Setting next_dagrun for example_setup_teardown to 2026-05-18 00:00:00+00:00, run_after=2026-05-19 00:00:00+00:00
[2026-05-19T19:28:37.389+0000] {processor.py:183} INFO - Processing /home/airflow/.local/lib/python3.8/site-packages/airflow/example_dags/example_setup_teardown.py took 0.119 seconds
[2026-05-19T19:29:08.617+0000] {processor.py:161} INFO - Started process (PID=9214) to work on /home/airflow/.local/lib/python3.8/site-packages/airflow/example_dags/example_setup_teardown.py
[2026-05-19T19:29:08.620+0000] {processor.py:830} INFO - Processing file /home/airflow/.local/lib/python3.8/site-packages/airflow/example_dags/example_setup_teardown.py for tasks to queue
[2026-05-19T19:29:08.625+0000] {logging_mixin.py:188} INFO - [2026-05-19T19:29:08.624+0000] {dagbag.py:540} INFO - Filling up the DagBag from /home/airflow/.local/lib/python3.8/site-packages/airflow/example_dags/example_setup_teardown.py
[2026-05-19T19:29:08.643+0000] {processor.py:840} INFO - DAG(s) 'example_setup_teardown' retrieved from /home/airflow/.local/lib/python3.8/site-packages/airflow/example_dags/example_setup_teardown.py
[2026-05-19T19:29:08.713+0000] {logging_mixin.py:188} INFO - [2026-05-19T19:29:08.712+0000] {dag.py:3047} INFO - Sync 1 DAGs
[2026-05-19T19:29:08.789+0000] {logging_mixin.py:188} INFO - [2026-05-19T19:29:08.789+0000] {dag.py:3834} INFO - Setting next_dagrun for example_setup_teardown to 2026-05-18 00:00:00+00:00, run_after=2026-05-19 00:00:00+00:00
[2026-05-19T19:29:08.877+0000] {processor.py:183} INFO - Processing /home/airflow/.local/lib/python3.8/site-packages/airflow/example_dags/example_setup_teardown.py took 0.268 seconds
[2026-05-19T19:29:39.067+0000] {processor.py:161} INFO - Started process (PID=9269) to work on /home/airflow/.local/lib/python3.8/site-packages/airflow/example_dags/example_setup_teardown.py
[2026-05-19T19:29:39.070+0000] {processor.py:830} INFO - Processing file /home/airflow/.local/lib/python3.8/site-packages/airflow/example_dags/example_setup_teardown.py for tasks to queue
[2026-05-19T19:29:39.075+0000] {logging_mixin.py:188} INFO - [2026-05-19T19:29:39.074+0000] {dagbag.py:540} INFO - Filling up the DagBag from /home/airflow/.local/lib/python3.8/site-packages/airflow/example_dags/example_setup_teardown.py
[2026-05-19T19:29:39.091+0000] {processor.py:840} INFO - DAG(s) 'example_setup_teardown' retrieved from /home/airflow/.local/lib/python3.8/site-packages/airflow/example_dags/example_setup_teardown.py
[2026-05-19T19:29:39.144+0000] {logging_mixin.py:188} INFO - [2026-05-19T19:29:39.143+0000] {dag.py:3047} INFO - Sync 1 DAGs
[2026-05-19T19:29:39.190+0000] {logging_mixin.py:188} INFO - [2026-05-19T19:29:39.190+0000] {dag.py:3834} INFO - Setting next_dagrun for example_setup_teardown to 2026-05-18 00:00:00+00:00, run_after=2026-05-19 00:00:00+00:00
[2026-05-19T19:29:39.229+0000] {processor.py:183} INFO - Processing /home/airflow/.local/lib/python3.8/site-packages/airflow/example_dags/example_setup_teardown.py took 0.170 seconds
[2026-05-19T19:30:09.645+0000] {processor.py:161} INFO - Started process (PID=9324) to work on /home/airflow/.local/lib/python3.8/site-packages/airflow/example_dags/example_setup_teardown.py
[2026-05-19T19:30:09.647+0000] {processor.py:830} INFO - Processing file /home/airflow/.local/lib/python3.8/site-packages/airflow/example_dags/example_setup_teardown.py for tasks to queue
[2026-05-19T19:30:09.650+0000] {logging_mixin.py:188} INFO - [2026-05-19T19:30:09.650+0000] {dagbag.py:540} INFO - Filling up the DagBag from /home/airflow/.local/lib/python3.8/site-packages/airflow/example_dags/example_setup_teardown.py
[2026-05-19T19:30:09.663+0000] {processor.py:840} INFO - DAG(s) 'example_setup_teardown' retrieved from /home/airflow/.local/lib/python3.8/site-packages/airflow/example_dags/example_setup_teardown.py
[2026-05-19T19:30:09.698+0000] {logging_mixin.py:188} INFO - [2026-05-19T19:30:09.697+0000] {dag.py:3047} INFO - Sync 1 DAGs
[2026-05-19T19:30:09.737+0000] {logging_mixin.py:188} INFO - [2026-05-19T19:30:09.737+0000] {dag.py:3834} INFO - Setting next_dagrun for example_setup_teardown to 2026-05-18 00:00:00+00:00, run_after=2026-05-19 00:00:00+00:00
[2026-05-19T19:30:09.772+0000] {processor.py:183} INFO - Processing /home/airflow/.local/lib/python3.8/site-packages/airflow/example_dags/example_setup_teardown.py took 0.133 seconds
[2026-05-19T19:30:40.546+0000] {processor.py:161} INFO - Started process (PID=9379) to work on /home/airflow/.local/lib/python3.8/site-packages/airflow/example_dags/example_setup_teardown.py
[2026-05-19T19:30:40.548+0000] {processor.py:830} INFO - Processing file /home/airflow/.local/lib/python3.8/site-packages/airflow/example_dags/example_setup_teardown.py for tasks to queue
[2026-05-19T19:30:40.551+0000] {logging_mixin.py:188} INFO - [2026-05-19T19:30:40.550+0000] {dagbag.py:540} INFO - Filling up the DagBag from /home/airflow/.local/lib/python3.8/site-packages/airflow/example_dags/example_setup_teardown.py
[2026-05-19T19:30:40.560+0000] {processor.py:840} INFO - DAG(s) 'example_setup_teardown' retrieved from /home/airflow/.local/lib/python3.8/site-packages/airflow/example_dags/example_setup_teardown.py
[2026-05-19T19:30:40.595+0000] {logging_mixin.py:188} INFO - [2026-05-19T19:30:40.595+0000] {dag.py:3047} INFO - Sync 1 DAGs
[2026-05-19T19:30:40.627+0000] {logging_mixin.py:188} INFO - [2026-05-19T19:30:40.626+0000] {dag.py:3834} INFO - Setting next_dagrun for example_setup_teardown to 2026-05-18 00:00:00+00:00, run_after=2026-05-19 00:00:00+00:00
[2026-05-19T19:30:40.657+0000] {processor.py:183} INFO - Processing /home/airflow/.local/lib/python3.8/site-packages/airflow/example_dags/example_setup_teardown.py took 0.115 seconds
[2026-05-19T19:31:10.878+0000] {processor.py:161} INFO - Started process (PID=9434) to work on /home/airflow/.local/lib/python3.8/site-packages/airflow/example_dags/example_setup_teardown.py
[2026-05-19T19:31:10.880+0000] {processor.py:830} INFO - Processing file /home/airflow/.local/lib/python3.8/site-packages/airflow/example_dags/example_setup_teardown.py for tasks to queue
[2026-05-19T19:31:10.883+0000] {logging_mixin.py:188} INFO - [2026-05-19T19:31:10.883+0000] {dagbag.py:540} INFO - Filling up the DagBag from /home/airflow/.local/lib/python3.8/site-packages/airflow/example_dags/example_setup_teardown.py
[2026-05-19T19:31:10.891+0000] {processor.py:840} INFO - DAG(s) 'example_setup_teardown' retrieved from /home/airflow/.local/lib/python3.8/site-packages/airflow/example_dags/example_setup_teardown.py
[2026-05-19T19:31:10.917+0000] {logging_mixin.py:188} INFO - [2026-05-19T19:31:10.917+0000] {dag.py:3047} INFO - Sync 1 DAGs
[2026-05-19T19:31:10.943+0000] {logging_mixin.py:188} INFO - [2026-05-19T19:31:10.943+0000] {dag.py:3834} INFO - Setting next_dagrun for example_setup_teardown to 2026-05-18 00:00:00+00:00, run_after=2026-05-19 00:00:00+00:00
[2026-05-19T19:31:10.967+0000] {processor.py:183} INFO - Processing /home/airflow/.local/lib/python3.8/site-packages/airflow/example_dags/example_setup_teardown.py took 0.093 seconds
[2026-05-19T19:31:41.808+0000] {processor.py:161} INFO - Started process (PID=9489) to work on /home/airflow/.local/lib/python3.8/site-packages/airflow/example_dags/example_setup_teardown.py
[2026-05-19T19:31:41.812+0000] {processor.py:830} INFO - Processing file /home/airflow/.local/lib/python3.8/site-packages/airflow/example_dags/example_setup_teardown.py for tasks to queue
[2026-05-19T19:31:41.820+0000] {logging_mixin.py:188} INFO - [2026-05-19T19:31:41.819+0000] {dagbag.py:540} INFO - Filling up the DagBag from /home/airflow/.local/lib/python3.8/site-packages/airflow/example_dags/example_setup_teardown.py
[2026-05-19T19:31:41.842+0000] {processor.py:840} INFO - DAG(s) 'example_setup_teardown' retrieved from /home/airflow/.local/lib/python3.8/site-packages/airflow/example_dags/example_setup_teardown.py
[2026-05-19T19:31:41.894+0000] {logging_mixin.py:188} INFO - [2026-05-19T19:31:41.893+0000] {dag.py:3047} INFO - Sync 1 DAGs
[2026-05-19T19:31:41.979+0000] {logging_mixin.py:188} INFO - [2026-05-19T19:31:41.978+0000] {dag.py:3834} INFO - Setting next_dagrun for example_setup_teardown to 2026-05-18 00:00:00+00:00, run_after=2026-05-19 00:00:00+00:00
[2026-05-19T19:31:42.073+0000] {processor.py:183} INFO - Processing /home/airflow/.local/lib/python3.8/site-packages/airflow/example_dags/example_setup_teardown.py took 0.280 seconds
[2026-05-19T19:32:12.320+0000] {processor.py:161} INFO - Started process (PID=9544) to work on /home/airflow/.local/lib/python3.8/site-packages/airflow/example_dags/example_setup_teardown.py
[2026-05-19T19:32:12.322+0000] {processor.py:830} INFO - Processing file /home/airflow/.local/lib/python3.8/site-packages/airflow/example_dags/example_setup_teardown.py for tasks to queue
[2026-05-19T19:32:12.326+0000] {logging_mixin.py:188} INFO - [2026-05-19T19:32:12.326+0000] {dagbag.py:540} INFO - Filling up the DagBag from /home/airflow/.local/lib/python3.8/site-packages/airflow/example_dags/example_setup_teardown.py
[2026-05-19T19:32:12.340+0000] {processor.py:840} INFO - DAG(s) 'example_setup_teardown' retrieved from /home/airflow/.local/lib/python3.8/site-packages/airflow/example_dags/example_setup_teardown.py
[2026-05-19T19:32:12.391+0000] {logging_mixin.py:188} INFO - [2026-05-19T19:32:12.391+0000] {dag.py:3047} INFO - Sync 1 DAGs
[2026-05-19T19:32:12.424+0000] {logging_mixin.py:188} INFO - [2026-05-19T19:32:12.424+0000] {dag.py:3834} INFO - Setting next_dagrun for example_setup_teardown to 2026-05-18 00:00:00+00:00, run_after=2026-05-19 00:00:00+00:00
[2026-05-19T19:32:12.473+0000] {processor.py:183} INFO - Processing /home/airflow/.local/lib/python3.8/site-packages/airflow/example_dags/example_setup_teardown.py took 0.160 seconds
[2026-05-19T19:32:42.886+0000] {processor.py:161} INFO - Started process (PID=9599) to work on /home/airflow/.local/lib/python3.8/site-packages/airflow/example_dags/example_setup_teardown.py
[2026-05-19T19:32:42.891+0000] {processor.py:830} INFO - Processing file /home/airflow/.local/lib/python3.8/site-packages/airflow/example_dags/example_setup_teardown.py for tasks to queue
[2026-05-19T19:32:42.897+0000] {logging_mixin.py:188} INFO - [2026-05-19T19:32:42.896+0000] {dagbag.py:540} INFO - Filling up the DagBag from /home/airflow/.local/lib/python3.8/site-packages/airflow/example_dags/example_setup_teardown.py
[2026-05-19T19:32:42.915+0000] {processor.py:840} INFO - DAG(s) 'example_setup_teardown' retrieved from /home/airflow/.local/lib/python3.8/site-packages/airflow/example_dags/example_setup_teardown.py
[2026-05-19T19:32:42.959+0000] {logging_mixin.py:188} INFO - [2026-05-19T19:32:42.959+0000] {dag.py:3047} INFO - Sync 1 DAGs
[2026-05-19T19:32:42.998+0000] {logging_mixin.py:188} INFO - [2026-05-19T19:32:42.997+0000] {dag.py:3834} INFO - Setting next_dagrun for example_setup_teardown to 2026-05-18 00:00:00+00:00, run_after=2026-05-19 00:00:00+00:00
[2026-05-19T19:32:43.066+0000] {processor.py:183} INFO - Processing /home/airflow/.local/lib/python3.8/site-packages/airflow/example_dags/example_setup_teardown.py took 0.191 seconds
[2026-05-19T19:33:13.119+0000] {processor.py:161} INFO - Started process (PID=9654) to work on /home/airflow/.local/lib/python3.8/site-packages/airflow/example_dags/example_setup_teardown.py
[2026-05-19T19:33:13.121+0000] {processor.py:830} INFO - Processing file /home/airflow/.local/lib/python3.8/site-packages/airflow/example_dags/example_setup_teardown.py for tasks to queue
[2026-05-19T19:33:13.123+0000] {logging_mixin.py:188} INFO - [2026-05-19T19:33:13.122+0000] {dagbag.py:540} INFO - Filling up the DagBag from /home/airflow/.local/lib/python3.8/site-packages/airflow/example_dags/example_setup_teardown.py
[2026-05-19T19:33:13.129+0000] {processor.py:840} INFO - DAG(s) 'example_setup_teardown' retrieved from /home/airflow/.local/lib/python3.8/site-packages/airflow/example_dags/example_setup_teardown.py
[2026-05-19T19:33:13.147+0000] {logging_mixin.py:188} INFO - [2026-05-19T19:33:13.147+0000] {dag.py:3047} INFO - Sync 1 DAGs
[2026-05-19T19:33:13.222+0000] {logging_mixin.py:188} INFO - [2026-05-19T19:33:13.220+0000] {dag.py:3834} INFO - Setting next_dagrun for example_setup_teardown to 2026-05-18 00:00:00+00:00, run_after=2026-05-19 00:00:00+00:00
[2026-05-19T19:33:13.291+0000] {processor.py:183} INFO - Processing /home/airflow/.local/lib/python3.8/site-packages/airflow/example_dags/example_setup_teardown.py took 0.175 seconds
[2026-05-19T19:33:43.828+0000] {processor.py:161} INFO - Started process (PID=9709) to work on /home/airflow/.local/lib/python3.8/site-packages/airflow/example_dags/example_setup_teardown.py
[2026-05-19T19:33:43.830+0000] {processor.py:830} INFO - Processing file /home/airflow/.local/lib/python3.8/site-packages/airflow/example_dags/example_setup_teardown.py for tasks to queue
[2026-05-19T19:33:43.832+0000] {logging_mixin.py:188} INFO - [2026-05-19T19:33:43.832+0000] {dagbag.py:540} INFO - Filling up the DagBag from /home/airflow/.local/lib/python3.8/site-packages/airflow/example_dags/example_setup_teardown.py
[2026-05-19T19:33:43.840+0000] {processor.py:840} INFO - DAG(s) 'example_setup_teardown' retrieved from /home/airflow/.local/lib/python3.8/site-packages/airflow/example_dags/example_setup_teardown.py
[2026-05-19T19:33:43.865+0000] {logging_mixin.py:188} INFO - [2026-05-19T19:33:43.865+0000] {dag.py:3047} INFO - Sync 1 DAGs
[2026-05-19T19:33:43.890+0000] {logging_mixin.py:188} INFO - [2026-05-19T19:33:43.890+0000] {dag.py:3834} INFO - Setting next_dagrun for example_setup_teardown to 2026-05-18 00:00:00+00:00, run_after=2026-05-19 00:00:00+00:00
[2026-05-19T19:33:43.916+0000] {processor.py:183} INFO - Processing /home/airflow/.local/lib/python3.8/site-packages/airflow/example_dags/example_setup_teardown.py took 0.092 seconds
