[2026-05-19T19:18:17.194+0000] {processor.py:161} INFO - Started process (PID=8039) to work on /home/airflow/.local/lib/python3.8/site-packages/airflow/example_dags/example_short_circuit_operator.py
[2026-05-19T19:18:17.218+0000] {processor.py:830} INFO - Processing file /home/airflow/.local/lib/python3.8/site-packages/airflow/example_dags/example_short_circuit_operator.py for tasks to queue
[2026-05-19T19:18:17.244+0000] {logging_mixin.py:188} INFO - [2026-05-19T19:18:17.243+0000] {dagbag.py:540} INFO - Filling up the DagBag from /home/airflow/.local/lib/python3.8/site-packages/airflow/example_dags/example_short_circuit_operator.py
[2026-05-19T19:18:17.278+0000] {processor.py:840} INFO - DAG(s) 'example_short_circuit_operator' retrieved from /home/airflow/.local/lib/python3.8/site-packages/airflow/example_dags/example_short_circuit_operator.py
[2026-05-19T19:18:17.343+0000] {logging_mixin.py:188} INFO - [2026-05-19T19:18:17.342+0000] {dag.py:3047} INFO - Sync 1 DAGs
[2026-05-19T19:18:17.399+0000] {logging_mixin.py:188} INFO - [2026-05-19T19:18:17.398+0000] {dag.py:3834} INFO - Setting next_dagrun for example_short_circuit_operator to 2026-05-18 00:00:00+00:00, run_after=2026-05-19 00:00:00+00:00
[2026-05-19T19:18:17.456+0000] {processor.py:183} INFO - Processing /home/airflow/.local/lib/python3.8/site-packages/airflow/example_dags/example_short_circuit_operator.py took 0.272 seconds
[2026-05-19T19:18:47.748+0000] {processor.py:161} INFO - Started process (PID=8094) to work on /home/airflow/.local/lib/python3.8/site-packages/airflow/example_dags/example_short_circuit_operator.py
[2026-05-19T19:18:47.749+0000] {processor.py:830} INFO - Processing file /home/airflow/.local/lib/python3.8/site-packages/airflow/example_dags/example_short_circuit_operator.py for tasks to queue
[2026-05-19T19:18:47.751+0000] {logging_mixin.py:188} INFO - [2026-05-19T19:18:47.751+0000] {dagbag.py:540} INFO - Filling up the DagBag from /home/airflow/.local/lib/python3.8/site-packages/airflow/example_dags/example_short_circuit_operator.py
[2026-05-19T19:18:47.758+0000] {processor.py:840} INFO - DAG(s) 'example_short_circuit_operator' retrieved from /home/airflow/.local/lib/python3.8/site-packages/airflow/example_dags/example_short_circuit_operator.py
[2026-05-19T19:18:47.780+0000] {logging_mixin.py:188} INFO - [2026-05-19T19:18:47.780+0000] {dag.py:3047} INFO - Sync 1 DAGs
[2026-05-19T19:18:47.803+0000] {logging_mixin.py:188} INFO - [2026-05-19T19:18:47.803+0000] {dag.py:3834} INFO - Setting next_dagrun for example_short_circuit_operator to 2026-05-18 00:00:00+00:00, run_after=2026-05-19 00:00:00+00:00
[2026-05-19T19:18:47.821+0000] {processor.py:183} INFO - Processing /home/airflow/.local/lib/python3.8/site-packages/airflow/example_dags/example_short_circuit_operator.py took 0.076 seconds
[2026-05-19T19:19:18.331+0000] {processor.py:161} INFO - Started process (PID=8148) to work on /home/airflow/.local/lib/python3.8/site-packages/airflow/example_dags/example_short_circuit_operator.py
[2026-05-19T19:19:18.333+0000] {processor.py:830} INFO - Processing file /home/airflow/.local/lib/python3.8/site-packages/airflow/example_dags/example_short_circuit_operator.py for tasks to queue
[2026-05-19T19:19:18.336+0000] {logging_mixin.py:188} INFO - [2026-05-19T19:19:18.336+0000] {dagbag.py:540} INFO - Filling up the DagBag from /home/airflow/.local/lib/python3.8/site-packages/airflow/example_dags/example_short_circuit_operator.py
[2026-05-19T19:19:18.348+0000] {processor.py:840} INFO - DAG(s) 'example_short_circuit_operator' retrieved from /home/airflow/.local/lib/python3.8/site-packages/airflow/example_dags/example_short_circuit_operator.py
[2026-05-19T19:19:18.389+0000] {logging_mixin.py:188} INFO - [2026-05-19T19:19:18.388+0000] {dag.py:3047} INFO - Sync 1 DAGs
[2026-05-19T19:19:18.442+0000] {logging_mixin.py:188} INFO - [2026-05-19T19:19:18.441+0000] {dag.py:3834} INFO - Setting next_dagrun for example_short_circuit_operator to 2026-05-18 00:00:00+00:00, run_after=2026-05-19 00:00:00+00:00
[2026-05-19T19:19:18.483+0000] {processor.py:183} INFO - Processing /home/airflow/.local/lib/python3.8/site-packages/airflow/example_dags/example_short_circuit_operator.py took 0.159 seconds
[2026-05-19T19:19:48.579+0000] {processor.py:161} INFO - Started process (PID=8204) to work on /home/airflow/.local/lib/python3.8/site-packages/airflow/example_dags/example_short_circuit_operator.py
[2026-05-19T19:19:48.581+0000] {processor.py:830} INFO - Processing file /home/airflow/.local/lib/python3.8/site-packages/airflow/example_dags/example_short_circuit_operator.py for tasks to queue
[2026-05-19T19:19:48.590+0000] {logging_mixin.py:188} INFO - [2026-05-19T19:19:48.589+0000] {dagbag.py:540} INFO - Filling up the DagBag from /home/airflow/.local/lib/python3.8/site-packages/airflow/example_dags/example_short_circuit_operator.py
[2026-05-19T19:19:48.612+0000] {processor.py:840} INFO - DAG(s) 'example_short_circuit_operator' retrieved from /home/airflow/.local/lib/python3.8/site-packages/airflow/example_dags/example_short_circuit_operator.py
[2026-05-19T19:19:48.662+0000] {logging_mixin.py:188} INFO - [2026-05-19T19:19:48.661+0000] {dag.py:3047} INFO - Sync 1 DAGs
[2026-05-19T19:19:48.737+0000] {logging_mixin.py:188} INFO - [2026-05-19T19:19:48.737+0000] {dag.py:3834} INFO - Setting next_dagrun for example_short_circuit_operator to 2026-05-18 00:00:00+00:00, run_after=2026-05-19 00:00:00+00:00
[2026-05-19T19:19:48.782+0000] {processor.py:183} INFO - Processing /home/airflow/.local/lib/python3.8/site-packages/airflow/example_dags/example_short_circuit_operator.py took 0.207 seconds
[2026-05-19T19:20:19.104+0000] {processor.py:161} INFO - Started process (PID=8259) to work on /home/airflow/.local/lib/python3.8/site-packages/airflow/example_dags/example_short_circuit_operator.py
[2026-05-19T19:20:19.106+0000] {processor.py:830} INFO - Processing file /home/airflow/.local/lib/python3.8/site-packages/airflow/example_dags/example_short_circuit_operator.py for tasks to queue
[2026-05-19T19:20:19.109+0000] {logging_mixin.py:188} INFO - [2026-05-19T19:20:19.108+0000] {dagbag.py:540} INFO - Filling up the DagBag from /home/airflow/.local/lib/python3.8/site-packages/airflow/example_dags/example_short_circuit_operator.py
[2026-05-19T19:20:19.116+0000] {processor.py:840} INFO - DAG(s) 'example_short_circuit_operator' retrieved from /home/airflow/.local/lib/python3.8/site-packages/airflow/example_dags/example_short_circuit_operator.py
[2026-05-19T19:20:19.143+0000] {logging_mixin.py:188} INFO - [2026-05-19T19:20:19.142+0000] {dag.py:3047} INFO - Sync 1 DAGs
[2026-05-19T19:20:19.165+0000] {logging_mixin.py:188} INFO - [2026-05-19T19:20:19.165+0000] {dag.py:3834} INFO - Setting next_dagrun for example_short_circuit_operator to 2026-05-18 00:00:00+00:00, run_after=2026-05-19 00:00:00+00:00
[2026-05-19T19:20:19.188+0000] {processor.py:183} INFO - Processing /home/airflow/.local/lib/python3.8/site-packages/airflow/example_dags/example_short_circuit_operator.py took 0.088 seconds
[2026-05-19T19:20:49.841+0000] {processor.py:161} INFO - Started process (PID=8314) to work on /home/airflow/.local/lib/python3.8/site-packages/airflow/example_dags/example_short_circuit_operator.py
[2026-05-19T19:20:49.843+0000] {processor.py:830} INFO - Processing file /home/airflow/.local/lib/python3.8/site-packages/airflow/example_dags/example_short_circuit_operator.py for tasks to queue
[2026-05-19T19:20:49.847+0000] {logging_mixin.py:188} INFO - [2026-05-19T19:20:49.846+0000] {dagbag.py:540} INFO - Filling up the DagBag from /home/airflow/.local/lib/python3.8/site-packages/airflow/example_dags/example_short_circuit_operator.py
[2026-05-19T19:20:49.857+0000] {processor.py:840} INFO - DAG(s) 'example_short_circuit_operator' retrieved from /home/airflow/.local/lib/python3.8/site-packages/airflow/example_dags/example_short_circuit_operator.py
[2026-05-19T19:20:49.896+0000] {logging_mixin.py:188} INFO - [2026-05-19T19:20:49.896+0000] {dag.py:3047} INFO - Sync 1 DAGs
[2026-05-19T19:20:49.936+0000] {logging_mixin.py:188} INFO - [2026-05-19T19:20:49.936+0000] {dag.py:3834} INFO - Setting next_dagrun for example_short_circuit_operator to 2026-05-18 00:00:00+00:00, run_after=2026-05-19 00:00:00+00:00
[2026-05-19T19:20:49.966+0000] {processor.py:183} INFO - Processing /home/airflow/.local/lib/python3.8/site-packages/airflow/example_dags/example_short_circuit_operator.py took 0.130 seconds
[2026-05-19T19:21:20.100+0000] {processor.py:161} INFO - Started process (PID=8371) to work on /home/airflow/.local/lib/python3.8/site-packages/airflow/example_dags/example_short_circuit_operator.py
[2026-05-19T19:21:20.102+0000] {processor.py:830} INFO - Processing file /home/airflow/.local/lib/python3.8/site-packages/airflow/example_dags/example_short_circuit_operator.py for tasks to queue
[2026-05-19T19:21:20.104+0000] {logging_mixin.py:188} INFO - [2026-05-19T19:21:20.104+0000] {dagbag.py:540} INFO - Filling up the DagBag from /home/airflow/.local/lib/python3.8/site-packages/airflow/example_dags/example_short_circuit_operator.py
[2026-05-19T19:21:20.110+0000] {processor.py:840} INFO - DAG(s) 'example_short_circuit_operator' retrieved from /home/airflow/.local/lib/python3.8/site-packages/airflow/example_dags/example_short_circuit_operator.py
[2026-05-19T19:21:20.128+0000] {logging_mixin.py:188} INFO - [2026-05-19T19:21:20.128+0000] {dag.py:3047} INFO - Sync 1 DAGs
[2026-05-19T19:21:20.144+0000] {logging_mixin.py:188} INFO - [2026-05-19T19:21:20.144+0000] {dag.py:3834} INFO - Setting next_dagrun for example_short_circuit_operator to 2026-05-18 00:00:00+00:00, run_after=2026-05-19 00:00:00+00:00
[2026-05-19T19:21:20.160+0000] {processor.py:183} INFO - Processing /home/airflow/.local/lib/python3.8/site-packages/airflow/example_dags/example_short_circuit_operator.py took 0.063 seconds
[2026-05-19T19:21:51.451+0000] {processor.py:161} INFO - Started process (PID=8425) to work on /home/airflow/.local/lib/python3.8/site-packages/airflow/example_dags/example_short_circuit_operator.py
[2026-05-19T19:21:51.454+0000] {processor.py:830} INFO - Processing file /home/airflow/.local/lib/python3.8/site-packages/airflow/example_dags/example_short_circuit_operator.py for tasks to queue
[2026-05-19T19:21:51.458+0000] {logging_mixin.py:188} INFO - [2026-05-19T19:21:51.457+0000] {dagbag.py:540} INFO - Filling up the DagBag from /home/airflow/.local/lib/python3.8/site-packages/airflow/example_dags/example_short_circuit_operator.py
[2026-05-19T19:21:51.471+0000] {processor.py:840} INFO - DAG(s) 'example_short_circuit_operator' retrieved from /home/airflow/.local/lib/python3.8/site-packages/airflow/example_dags/example_short_circuit_operator.py
[2026-05-19T19:21:51.528+0000] {logging_mixin.py:188} INFO - [2026-05-19T19:21:51.527+0000] {dag.py:3047} INFO - Sync 1 DAGs
[2026-05-19T19:21:51.582+0000] {logging_mixin.py:188} INFO - [2026-05-19T19:21:51.582+0000] {dag.py:3834} INFO - Setting next_dagrun for example_short_circuit_operator to 2026-05-18 00:00:00+00:00, run_after=2026-05-19 00:00:00+00:00
[2026-05-19T19:21:51.627+0000] {processor.py:183} INFO - Processing /home/airflow/.local/lib/python3.8/site-packages/airflow/example_dags/example_short_circuit_operator.py took 0.183 seconds
[2026-05-19T19:22:22.347+0000] {processor.py:161} INFO - Started process (PID=8478) to work on /home/airflow/.local/lib/python3.8/site-packages/airflow/example_dags/example_short_circuit_operator.py
[2026-05-19T19:22:22.350+0000] {processor.py:830} INFO - Processing file /home/airflow/.local/lib/python3.8/site-packages/airflow/example_dags/example_short_circuit_operator.py for tasks to queue
[2026-05-19T19:22:22.356+0000] {logging_mixin.py:188} INFO - [2026-05-19T19:22:22.355+0000] {dagbag.py:540} INFO - Filling up the DagBag from /home/airflow/.local/lib/python3.8/site-packages/airflow/example_dags/example_short_circuit_operator.py
[2026-05-19T19:22:22.373+0000] {processor.py:840} INFO - DAG(s) 'example_short_circuit_operator' retrieved from /home/airflow/.local/lib/python3.8/site-packages/airflow/example_dags/example_short_circuit_operator.py
[2026-05-19T19:22:22.426+0000] {logging_mixin.py:188} INFO - [2026-05-19T19:22:22.426+0000] {dag.py:3047} INFO - Sync 1 DAGs
[2026-05-19T19:22:22.469+0000] {logging_mixin.py:188} INFO - [2026-05-19T19:22:22.469+0000] {dag.py:3834} INFO - Setting next_dagrun for example_short_circuit_operator to 2026-05-18 00:00:00+00:00, run_after=2026-05-19 00:00:00+00:00
[2026-05-19T19:22:22.504+0000] {processor.py:183} INFO - Processing /home/airflow/.local/lib/python3.8/site-packages/airflow/example_dags/example_short_circuit_operator.py took 0.164 seconds
[2026-05-19T19:22:52.630+0000] {processor.py:161} INFO - Started process (PID=8532) to work on /home/airflow/.local/lib/python3.8/site-packages/airflow/example_dags/example_short_circuit_operator.py
[2026-05-19T19:22:52.632+0000] {processor.py:830} INFO - Processing file /home/airflow/.local/lib/python3.8/site-packages/airflow/example_dags/example_short_circuit_operator.py for tasks to queue
[2026-05-19T19:22:52.633+0000] {logging_mixin.py:188} INFO - [2026-05-19T19:22:52.633+0000] {dagbag.py:540} INFO - Filling up the DagBag from /home/airflow/.local/lib/python3.8/site-packages/airflow/example_dags/example_short_circuit_operator.py
[2026-05-19T19:22:52.639+0000] {processor.py:840} INFO - DAG(s) 'example_short_circuit_operator' retrieved from /home/airflow/.local/lib/python3.8/site-packages/airflow/example_dags/example_short_circuit_operator.py
[2026-05-19T19:22:52.660+0000] {logging_mixin.py:188} INFO - [2026-05-19T19:22:52.660+0000] {dag.py:3047} INFO - Sync 1 DAGs
[2026-05-19T19:22:52.678+0000] {logging_mixin.py:188} INFO - [2026-05-19T19:22:52.678+0000] {dag.py:3834} INFO - Setting next_dagrun for example_short_circuit_operator to 2026-05-18 00:00:00+00:00, run_after=2026-05-19 00:00:00+00:00
[2026-05-19T19:22:52.696+0000] {processor.py:183} INFO - Processing /home/airflow/.local/lib/python3.8/site-packages/airflow/example_dags/example_short_circuit_operator.py took 0.069 seconds
[2026-05-19T19:23:22.978+0000] {processor.py:161} INFO - Started process (PID=8587) to work on /home/airflow/.local/lib/python3.8/site-packages/airflow/example_dags/example_short_circuit_operator.py
[2026-05-19T19:23:22.981+0000] {processor.py:830} INFO - Processing file /home/airflow/.local/lib/python3.8/site-packages/airflow/example_dags/example_short_circuit_operator.py for tasks to queue
[2026-05-19T19:23:22.984+0000] {logging_mixin.py:188} INFO - [2026-05-19T19:23:22.984+0000] {dagbag.py:540} INFO - Filling up the DagBag from /home/airflow/.local/lib/python3.8/site-packages/airflow/example_dags/example_short_circuit_operator.py
[2026-05-19T19:23:22.995+0000] {processor.py:840} INFO - DAG(s) 'example_short_circuit_operator' retrieved from /home/airflow/.local/lib/python3.8/site-packages/airflow/example_dags/example_short_circuit_operator.py
[2026-05-19T19:23:23.034+0000] {logging_mixin.py:188} INFO - [2026-05-19T19:23:23.034+0000] {dag.py:3047} INFO - Sync 1 DAGs
[2026-05-19T19:23:23.079+0000] {logging_mixin.py:188} INFO - [2026-05-19T19:23:23.079+0000] {dag.py:3834} INFO - Setting next_dagrun for example_short_circuit_operator to 2026-05-18 00:00:00+00:00, run_after=2026-05-19 00:00:00+00:00
[2026-05-19T19:23:23.143+0000] {processor.py:183} INFO - Processing /home/airflow/.local/lib/python3.8/site-packages/airflow/example_dags/example_short_circuit_operator.py took 0.169 seconds
[2026-05-19T19:23:53.376+0000] {processor.py:161} INFO - Started process (PID=8642) to work on /home/airflow/.local/lib/python3.8/site-packages/airflow/example_dags/example_short_circuit_operator.py
[2026-05-19T19:23:53.379+0000] {processor.py:830} INFO - Processing file /home/airflow/.local/lib/python3.8/site-packages/airflow/example_dags/example_short_circuit_operator.py for tasks to queue
[2026-05-19T19:23:53.381+0000] {logging_mixin.py:188} INFO - [2026-05-19T19:23:53.381+0000] {dagbag.py:540} INFO - Filling up the DagBag from /home/airflow/.local/lib/python3.8/site-packages/airflow/example_dags/example_short_circuit_operator.py
[2026-05-19T19:23:53.389+0000] {processor.py:840} INFO - DAG(s) 'example_short_circuit_operator' retrieved from /home/airflow/.local/lib/python3.8/site-packages/airflow/example_dags/example_short_circuit_operator.py
[2026-05-19T19:23:53.416+0000] {logging_mixin.py:188} INFO - [2026-05-19T19:23:53.415+0000] {dag.py:3047} INFO - Sync 1 DAGs
[2026-05-19T19:23:53.450+0000] {logging_mixin.py:188} INFO - [2026-05-19T19:23:53.449+0000] {dag.py:3834} INFO - Setting next_dagrun for example_short_circuit_operator to 2026-05-18 00:00:00+00:00, run_after=2026-05-19 00:00:00+00:00
[2026-05-19T19:23:53.480+0000] {processor.py:183} INFO - Processing /home/airflow/.local/lib/python3.8/site-packages/airflow/example_dags/example_short_circuit_operator.py took 0.109 seconds
[2026-05-19T19:24:23.992+0000] {processor.py:161} INFO - Started process (PID=8697) to work on /home/airflow/.local/lib/python3.8/site-packages/airflow/example_dags/example_short_circuit_operator.py
[2026-05-19T19:24:23.995+0000] {processor.py:830} INFO - Processing file /home/airflow/.local/lib/python3.8/site-packages/airflow/example_dags/example_short_circuit_operator.py for tasks to queue
[2026-05-19T19:24:23.999+0000] {logging_mixin.py:188} INFO - [2026-05-19T19:24:23.998+0000] {dagbag.py:540} INFO - Filling up the DagBag from /home/airflow/.local/lib/python3.8/site-packages/airflow/example_dags/example_short_circuit_operator.py
[2026-05-19T19:24:24.012+0000] {processor.py:840} INFO - DAG(s) 'example_short_circuit_operator' retrieved from /home/airflow/.local/lib/python3.8/site-packages/airflow/example_dags/example_short_circuit_operator.py
[2026-05-19T19:24:24.053+0000] {logging_mixin.py:188} INFO - [2026-05-19T19:24:24.053+0000] {dag.py:3047} INFO - Sync 1 DAGs
[2026-05-19T19:24:24.083+0000] {logging_mixin.py:188} INFO - [2026-05-19T19:24:24.083+0000] {dag.py:3834} INFO - Setting next_dagrun for example_short_circuit_operator to 2026-05-18 00:00:00+00:00, run_after=2026-05-19 00:00:00+00:00
[2026-05-19T19:24:24.109+0000] {processor.py:183} INFO - Processing /home/airflow/.local/lib/python3.8/site-packages/airflow/example_dags/example_short_circuit_operator.py took 0.122 seconds
[2026-05-19T19:24:54.797+0000] {processor.py:161} INFO - Started process (PID=8752) to work on /home/airflow/.local/lib/python3.8/site-packages/airflow/example_dags/example_short_circuit_operator.py
[2026-05-19T19:24:54.799+0000] {processor.py:830} INFO - Processing file /home/airflow/.local/lib/python3.8/site-packages/airflow/example_dags/example_short_circuit_operator.py for tasks to queue
[2026-05-19T19:24:54.804+0000] {logging_mixin.py:188} INFO - [2026-05-19T19:24:54.803+0000] {dagbag.py:540} INFO - Filling up the DagBag from /home/airflow/.local/lib/python3.8/site-packages/airflow/example_dags/example_short_circuit_operator.py
[2026-05-19T19:24:54.817+0000] {processor.py:840} INFO - DAG(s) 'example_short_circuit_operator' retrieved from /home/airflow/.local/lib/python3.8/site-packages/airflow/example_dags/example_short_circuit_operator.py
[2026-05-19T19:24:54.859+0000] {logging_mixin.py:188} INFO - [2026-05-19T19:24:54.858+0000] {dag.py:3047} INFO - Sync 1 DAGs
[2026-05-19T19:24:54.917+0000] {logging_mixin.py:188} INFO - [2026-05-19T19:24:54.917+0000] {dag.py:3834} INFO - Setting next_dagrun for example_short_circuit_operator to 2026-05-18 00:00:00+00:00, run_after=2026-05-19 00:00:00+00:00
[2026-05-19T19:24:54.955+0000] {processor.py:183} INFO - Processing /home/airflow/.local/lib/python3.8/site-packages/airflow/example_dags/example_short_circuit_operator.py took 0.163 seconds
[2026-05-19T19:25:25.687+0000] {processor.py:161} INFO - Started process (PID=8807) to work on /home/airflow/.local/lib/python3.8/site-packages/airflow/example_dags/example_short_circuit_operator.py
[2026-05-19T19:25:25.689+0000] {processor.py:830} INFO - Processing file /home/airflow/.local/lib/python3.8/site-packages/airflow/example_dags/example_short_circuit_operator.py for tasks to queue
[2026-05-19T19:25:25.693+0000] {logging_mixin.py:188} INFO - [2026-05-19T19:25:25.692+0000] {dagbag.py:540} INFO - Filling up the DagBag from /home/airflow/.local/lib/python3.8/site-packages/airflow/example_dags/example_short_circuit_operator.py
[2026-05-19T19:25:25.704+0000] {processor.py:840} INFO - DAG(s) 'example_short_circuit_operator' retrieved from /home/airflow/.local/lib/python3.8/site-packages/airflow/example_dags/example_short_circuit_operator.py
[2026-05-19T19:25:25.739+0000] {logging_mixin.py:188} INFO - [2026-05-19T19:25:25.739+0000] {dag.py:3047} INFO - Sync 1 DAGs
[2026-05-19T19:25:25.776+0000] {logging_mixin.py:188} INFO - [2026-05-19T19:25:25.775+0000] {dag.py:3834} INFO - Setting next_dagrun for example_short_circuit_operator to 2026-05-18 00:00:00+00:00, run_after=2026-05-19 00:00:00+00:00
[2026-05-19T19:25:25.810+0000] {processor.py:183} INFO - Processing /home/airflow/.local/lib/python3.8/site-packages/airflow/example_dags/example_short_circuit_operator.py took 0.130 seconds
[2026-05-19T19:25:56.481+0000] {processor.py:161} INFO - Started process (PID=8862) to work on /home/airflow/.local/lib/python3.8/site-packages/airflow/example_dags/example_short_circuit_operator.py
[2026-05-19T19:25:56.485+0000] {processor.py:830} INFO - Processing file /home/airflow/.local/lib/python3.8/site-packages/airflow/example_dags/example_short_circuit_operator.py for tasks to queue
[2026-05-19T19:25:56.490+0000] {logging_mixin.py:188} INFO - [2026-05-19T19:25:56.490+0000] {dagbag.py:540} INFO - Filling up the DagBag from /home/airflow/.local/lib/python3.8/site-packages/airflow/example_dags/example_short_circuit_operator.py
[2026-05-19T19:25:56.511+0000] {processor.py:840} INFO - DAG(s) 'example_short_circuit_operator' retrieved from /home/airflow/.local/lib/python3.8/site-packages/airflow/example_dags/example_short_circuit_operator.py
[2026-05-19T19:25:56.558+0000] {logging_mixin.py:188} INFO - [2026-05-19T19:25:56.558+0000] {dag.py:3047} INFO - Sync 1 DAGs
[2026-05-19T19:25:56.599+0000] {logging_mixin.py:188} INFO - [2026-05-19T19:25:56.599+0000] {dag.py:3834} INFO - Setting next_dagrun for example_short_circuit_operator to 2026-05-18 00:00:00+00:00, run_after=2026-05-19 00:00:00+00:00
[2026-05-19T19:25:56.635+0000] {processor.py:183} INFO - Processing /home/airflow/.local/lib/python3.8/site-packages/airflow/example_dags/example_short_circuit_operator.py took 0.160 seconds
[2026-05-19T19:26:27.224+0000] {processor.py:161} INFO - Started process (PID=8917) to work on /home/airflow/.local/lib/python3.8/site-packages/airflow/example_dags/example_short_circuit_operator.py
[2026-05-19T19:26:27.226+0000] {processor.py:830} INFO - Processing file /home/airflow/.local/lib/python3.8/site-packages/airflow/example_dags/example_short_circuit_operator.py for tasks to queue
[2026-05-19T19:26:27.229+0000] {logging_mixin.py:188} INFO - [2026-05-19T19:26:27.228+0000] {dagbag.py:540} INFO - Filling up the DagBag from /home/airflow/.local/lib/python3.8/site-packages/airflow/example_dags/example_short_circuit_operator.py
[2026-05-19T19:26:27.237+0000] {processor.py:840} INFO - DAG(s) 'example_short_circuit_operator' retrieved from /home/airflow/.local/lib/python3.8/site-packages/airflow/example_dags/example_short_circuit_operator.py
[2026-05-19T19:26:27.264+0000] {logging_mixin.py:188} INFO - [2026-05-19T19:26:27.263+0000] {dag.py:3047} INFO - Sync 1 DAGs
[2026-05-19T19:26:27.288+0000] {logging_mixin.py:188} INFO - [2026-05-19T19:26:27.288+0000] {dag.py:3834} INFO - Setting next_dagrun for example_short_circuit_operator to 2026-05-18 00:00:00+00:00, run_after=2026-05-19 00:00:00+00:00
[2026-05-19T19:26:27.315+0000] {processor.py:183} INFO - Processing /home/airflow/.local/lib/python3.8/site-packages/airflow/example_dags/example_short_circuit_operator.py took 0.096 seconds
[2026-05-19T19:26:57.676+0000] {processor.py:161} INFO - Started process (PID=8972) to work on /home/airflow/.local/lib/python3.8/site-packages/airflow/example_dags/example_short_circuit_operator.py
[2026-05-19T19:26:57.678+0000] {processor.py:830} INFO - Processing file /home/airflow/.local/lib/python3.8/site-packages/airflow/example_dags/example_short_circuit_operator.py for tasks to queue
[2026-05-19T19:26:57.680+0000] {logging_mixin.py:188} INFO - [2026-05-19T19:26:57.680+0000] {dagbag.py:540} INFO - Filling up the DagBag from /home/airflow/.local/lib/python3.8/site-packages/airflow/example_dags/example_short_circuit_operator.py
[2026-05-19T19:26:57.690+0000] {processor.py:840} INFO - DAG(s) 'example_short_circuit_operator' retrieved from /home/airflow/.local/lib/python3.8/site-packages/airflow/example_dags/example_short_circuit_operator.py
[2026-05-19T19:26:57.719+0000] {logging_mixin.py:188} INFO - [2026-05-19T19:26:57.718+0000] {dag.py:3047} INFO - Sync 1 DAGs
[2026-05-19T19:26:57.745+0000] {logging_mixin.py:188} INFO - [2026-05-19T19:26:57.745+0000] {dag.py:3834} INFO - Setting next_dagrun for example_short_circuit_operator to 2026-05-18 00:00:00+00:00, run_after=2026-05-19 00:00:00+00:00
[2026-05-19T19:26:57.771+0000] {processor.py:183} INFO - Processing /home/airflow/.local/lib/python3.8/site-packages/airflow/example_dags/example_short_circuit_operator.py took 0.099 seconds
[2026-05-19T19:27:28.517+0000] {processor.py:161} INFO - Started process (PID=9027) to work on /home/airflow/.local/lib/python3.8/site-packages/airflow/example_dags/example_short_circuit_operator.py
[2026-05-19T19:27:28.519+0000] {processor.py:830} INFO - Processing file /home/airflow/.local/lib/python3.8/site-packages/airflow/example_dags/example_short_circuit_operator.py for tasks to queue
[2026-05-19T19:27:28.522+0000] {logging_mixin.py:188} INFO - [2026-05-19T19:27:28.522+0000] {dagbag.py:540} INFO - Filling up the DagBag from /home/airflow/.local/lib/python3.8/site-packages/airflow/example_dags/example_short_circuit_operator.py
[2026-05-19T19:27:28.531+0000] {processor.py:840} INFO - DAG(s) 'example_short_circuit_operator' retrieved from /home/airflow/.local/lib/python3.8/site-packages/airflow/example_dags/example_short_circuit_operator.py
[2026-05-19T19:27:28.565+0000] {logging_mixin.py:188} INFO - [2026-05-19T19:27:28.564+0000] {dag.py:3047} INFO - Sync 1 DAGs
[2026-05-19T19:27:28.594+0000] {logging_mixin.py:188} INFO - [2026-05-19T19:27:28.594+0000] {dag.py:3834} INFO - Setting next_dagrun for example_short_circuit_operator to 2026-05-18 00:00:00+00:00, run_after=2026-05-19 00:00:00+00:00
[2026-05-19T19:27:28.622+0000] {processor.py:183} INFO - Processing /home/airflow/.local/lib/python3.8/site-packages/airflow/example_dags/example_short_circuit_operator.py took 0.109 seconds
[2026-05-19T19:27:59.231+0000] {processor.py:161} INFO - Started process (PID=9082) to work on /home/airflow/.local/lib/python3.8/site-packages/airflow/example_dags/example_short_circuit_operator.py
[2026-05-19T19:27:59.234+0000] {processor.py:830} INFO - Processing file /home/airflow/.local/lib/python3.8/site-packages/airflow/example_dags/example_short_circuit_operator.py for tasks to queue
[2026-05-19T19:27:59.238+0000] {logging_mixin.py:188} INFO - [2026-05-19T19:27:59.238+0000] {dagbag.py:540} INFO - Filling up the DagBag from /home/airflow/.local/lib/python3.8/site-packages/airflow/example_dags/example_short_circuit_operator.py
[2026-05-19T19:27:59.250+0000] {processor.py:840} INFO - DAG(s) 'example_short_circuit_operator' retrieved from /home/airflow/.local/lib/python3.8/site-packages/airflow/example_dags/example_short_circuit_operator.py
[2026-05-19T19:27:59.295+0000] {logging_mixin.py:188} INFO - [2026-05-19T19:27:59.295+0000] {dag.py:3047} INFO - Sync 1 DAGs
[2026-05-19T19:27:59.336+0000] {logging_mixin.py:188} INFO - [2026-05-19T19:27:59.335+0000] {dag.py:3834} INFO - Setting next_dagrun for example_short_circuit_operator to 2026-05-18 00:00:00+00:00, run_after=2026-05-19 00:00:00+00:00
[2026-05-19T19:27:59.379+0000] {processor.py:183} INFO - Processing /home/airflow/.local/lib/python3.8/site-packages/airflow/example_dags/example_short_circuit_operator.py took 0.154 seconds
[2026-05-19T19:28:30.231+0000] {processor.py:161} INFO - Started process (PID=9137) to work on /home/airflow/.local/lib/python3.8/site-packages/airflow/example_dags/example_short_circuit_operator.py
[2026-05-19T19:28:30.263+0000] {processor.py:830} INFO - Processing file /home/airflow/.local/lib/python3.8/site-packages/airflow/example_dags/example_short_circuit_operator.py for tasks to queue
[2026-05-19T19:28:30.293+0000] {logging_mixin.py:188} INFO - [2026-05-19T19:28:30.292+0000] {dagbag.py:540} INFO - Filling up the DagBag from /home/airflow/.local/lib/python3.8/site-packages/airflow/example_dags/example_short_circuit_operator.py
[2026-05-19T19:28:30.322+0000] {processor.py:840} INFO - DAG(s) 'example_short_circuit_operator' retrieved from /home/airflow/.local/lib/python3.8/site-packages/airflow/example_dags/example_short_circuit_operator.py
[2026-05-19T19:28:30.362+0000] {logging_mixin.py:188} INFO - [2026-05-19T19:28:30.362+0000] {dag.py:3047} INFO - Sync 1 DAGs
[2026-05-19T19:28:30.394+0000] {logging_mixin.py:188} INFO - [2026-05-19T19:28:30.394+0000] {dag.py:3834} INFO - Setting next_dagrun for example_short_circuit_operator to 2026-05-18 00:00:00+00:00, run_after=2026-05-19 00:00:00+00:00
[2026-05-19T19:28:30.428+0000] {processor.py:183} INFO - Processing /home/airflow/.local/lib/python3.8/site-packages/airflow/example_dags/example_short_circuit_operator.py took 0.206 seconds
[2026-05-19T19:29:00.664+0000] {processor.py:161} INFO - Started process (PID=9192) to work on /home/airflow/.local/lib/python3.8/site-packages/airflow/example_dags/example_short_circuit_operator.py
[2026-05-19T19:29:00.668+0000] {processor.py:830} INFO - Processing file /home/airflow/.local/lib/python3.8/site-packages/airflow/example_dags/example_short_circuit_operator.py for tasks to queue
[2026-05-19T19:29:00.672+0000] {logging_mixin.py:188} INFO - [2026-05-19T19:29:00.671+0000] {dagbag.py:540} INFO - Filling up the DagBag from /home/airflow/.local/lib/python3.8/site-packages/airflow/example_dags/example_short_circuit_operator.py
[2026-05-19T19:29:00.684+0000] {processor.py:840} INFO - DAG(s) 'example_short_circuit_operator' retrieved from /home/airflow/.local/lib/python3.8/site-packages/airflow/example_dags/example_short_circuit_operator.py
[2026-05-19T19:29:00.721+0000] {logging_mixin.py:188} INFO - [2026-05-19T19:29:00.721+0000] {dag.py:3047} INFO - Sync 1 DAGs
[2026-05-19T19:29:00.761+0000] {logging_mixin.py:188} INFO - [2026-05-19T19:29:00.761+0000] {dag.py:3834} INFO - Setting next_dagrun for example_short_circuit_operator to 2026-05-18 00:00:00+00:00, run_after=2026-05-19 00:00:00+00:00
[2026-05-19T19:29:00.825+0000] {processor.py:183} INFO - Processing /home/airflow/.local/lib/python3.8/site-packages/airflow/example_dags/example_short_circuit_operator.py took 0.168 seconds
[2026-05-19T19:29:31.943+0000] {processor.py:161} INFO - Started process (PID=9247) to work on /home/airflow/.local/lib/python3.8/site-packages/airflow/example_dags/example_short_circuit_operator.py
[2026-05-19T19:29:31.945+0000] {processor.py:830} INFO - Processing file /home/airflow/.local/lib/python3.8/site-packages/airflow/example_dags/example_short_circuit_operator.py for tasks to queue
[2026-05-19T19:29:31.948+0000] {logging_mixin.py:188} INFO - [2026-05-19T19:29:31.948+0000] {dagbag.py:540} INFO - Filling up the DagBag from /home/airflow/.local/lib/python3.8/site-packages/airflow/example_dags/example_short_circuit_operator.py
[2026-05-19T19:29:31.958+0000] {processor.py:840} INFO - DAG(s) 'example_short_circuit_operator' retrieved from /home/airflow/.local/lib/python3.8/site-packages/airflow/example_dags/example_short_circuit_operator.py
[2026-05-19T19:29:32.012+0000] {logging_mixin.py:188} INFO - [2026-05-19T19:29:32.012+0000] {dag.py:3047} INFO - Sync 1 DAGs
[2026-05-19T19:29:32.108+0000] {logging_mixin.py:188} INFO - [2026-05-19T19:29:32.107+0000] {dag.py:3834} INFO - Setting next_dagrun for example_short_circuit_operator to 2026-05-18 00:00:00+00:00, run_after=2026-05-19 00:00:00+00:00
[2026-05-19T19:29:32.180+0000] {processor.py:183} INFO - Processing /home/airflow/.local/lib/python3.8/site-packages/airflow/example_dags/example_short_circuit_operator.py took 0.242 seconds
[2026-05-19T19:30:03.156+0000] {processor.py:161} INFO - Started process (PID=9302) to work on /home/airflow/.local/lib/python3.8/site-packages/airflow/example_dags/example_short_circuit_operator.py
[2026-05-19T19:30:03.159+0000] {processor.py:830} INFO - Processing file /home/airflow/.local/lib/python3.8/site-packages/airflow/example_dags/example_short_circuit_operator.py for tasks to queue
[2026-05-19T19:30:03.164+0000] {logging_mixin.py:188} INFO - [2026-05-19T19:30:03.163+0000] {dagbag.py:540} INFO - Filling up the DagBag from /home/airflow/.local/lib/python3.8/site-packages/airflow/example_dags/example_short_circuit_operator.py
[2026-05-19T19:30:03.180+0000] {processor.py:840} INFO - DAG(s) 'example_short_circuit_operator' retrieved from /home/airflow/.local/lib/python3.8/site-packages/airflow/example_dags/example_short_circuit_operator.py
[2026-05-19T19:30:03.257+0000] {logging_mixin.py:188} INFO - [2026-05-19T19:30:03.256+0000] {dag.py:3047} INFO - Sync 1 DAGs
[2026-05-19T19:30:03.324+0000] {logging_mixin.py:188} INFO - [2026-05-19T19:30:03.323+0000] {dag.py:3834} INFO - Setting next_dagrun for example_short_circuit_operator to 2026-05-18 00:00:00+00:00, run_after=2026-05-19 00:00:00+00:00
[2026-05-19T19:30:03.396+0000] {processor.py:183} INFO - Processing /home/airflow/.local/lib/python3.8/site-packages/airflow/example_dags/example_short_circuit_operator.py took 0.249 seconds
[2026-05-19T19:30:33.592+0000] {processor.py:161} INFO - Started process (PID=9357) to work on /home/airflow/.local/lib/python3.8/site-packages/airflow/example_dags/example_short_circuit_operator.py
[2026-05-19T19:30:33.595+0000] {processor.py:830} INFO - Processing file /home/airflow/.local/lib/python3.8/site-packages/airflow/example_dags/example_short_circuit_operator.py for tasks to queue
[2026-05-19T19:30:33.600+0000] {logging_mixin.py:188} INFO - [2026-05-19T19:30:33.599+0000] {dagbag.py:540} INFO - Filling up the DagBag from /home/airflow/.local/lib/python3.8/site-packages/airflow/example_dags/example_short_circuit_operator.py
[2026-05-19T19:30:33.616+0000] {processor.py:840} INFO - DAG(s) 'example_short_circuit_operator' retrieved from /home/airflow/.local/lib/python3.8/site-packages/airflow/example_dags/example_short_circuit_operator.py
[2026-05-19T19:30:33.658+0000] {logging_mixin.py:188} INFO - [2026-05-19T19:30:33.657+0000] {dag.py:3047} INFO - Sync 1 DAGs
[2026-05-19T19:30:33.693+0000] {logging_mixin.py:188} INFO - [2026-05-19T19:30:33.693+0000] {dag.py:3834} INFO - Setting next_dagrun for example_short_circuit_operator to 2026-05-18 00:00:00+00:00, run_after=2026-05-19 00:00:00+00:00
[2026-05-19T19:30:33.728+0000] {processor.py:183} INFO - Processing /home/airflow/.local/lib/python3.8/site-packages/airflow/example_dags/example_short_circuit_operator.py took 0.144 seconds
[2026-05-19T19:31:04.543+0000] {processor.py:161} INFO - Started process (PID=9412) to work on /home/airflow/.local/lib/python3.8/site-packages/airflow/example_dags/example_short_circuit_operator.py
[2026-05-19T19:31:04.546+0000] {processor.py:830} INFO - Processing file /home/airflow/.local/lib/python3.8/site-packages/airflow/example_dags/example_short_circuit_operator.py for tasks to queue
[2026-05-19T19:31:04.551+0000] {logging_mixin.py:188} INFO - [2026-05-19T19:31:04.550+0000] {dagbag.py:540} INFO - Filling up the DagBag from /home/airflow/.local/lib/python3.8/site-packages/airflow/example_dags/example_short_circuit_operator.py
[2026-05-19T19:31:04.567+0000] {processor.py:840} INFO - DAG(s) 'example_short_circuit_operator' retrieved from /home/airflow/.local/lib/python3.8/site-packages/airflow/example_dags/example_short_circuit_operator.py
[2026-05-19T19:31:04.612+0000] {logging_mixin.py:188} INFO - [2026-05-19T19:31:04.611+0000] {dag.py:3047} INFO - Sync 1 DAGs
[2026-05-19T19:31:04.656+0000] {logging_mixin.py:188} INFO - [2026-05-19T19:31:04.656+0000] {dag.py:3834} INFO - Setting next_dagrun for example_short_circuit_operator to 2026-05-18 00:00:00+00:00, run_after=2026-05-19 00:00:00+00:00
[2026-05-19T19:31:04.702+0000] {processor.py:183} INFO - Processing /home/airflow/.local/lib/python3.8/site-packages/airflow/example_dags/example_short_circuit_operator.py took 0.166 seconds
[2026-05-19T19:31:35.138+0000] {processor.py:161} INFO - Started process (PID=9467) to work on /home/airflow/.local/lib/python3.8/site-packages/airflow/example_dags/example_short_circuit_operator.py
[2026-05-19T19:31:35.141+0000] {processor.py:830} INFO - Processing file /home/airflow/.local/lib/python3.8/site-packages/airflow/example_dags/example_short_circuit_operator.py for tasks to queue
[2026-05-19T19:31:35.147+0000] {logging_mixin.py:188} INFO - [2026-05-19T19:31:35.146+0000] {dagbag.py:540} INFO - Filling up the DagBag from /home/airflow/.local/lib/python3.8/site-packages/airflow/example_dags/example_short_circuit_operator.py
[2026-05-19T19:31:35.164+0000] {processor.py:840} INFO - DAG(s) 'example_short_circuit_operator' retrieved from /home/airflow/.local/lib/python3.8/site-packages/airflow/example_dags/example_short_circuit_operator.py
[2026-05-19T19:31:35.203+0000] {logging_mixin.py:188} INFO - [2026-05-19T19:31:35.203+0000] {dag.py:3047} INFO - Sync 1 DAGs
[2026-05-19T19:31:35.233+0000] {logging_mixin.py:188} INFO - [2026-05-19T19:31:35.232+0000] {dag.py:3834} INFO - Setting next_dagrun for example_short_circuit_operator to 2026-05-18 00:00:00+00:00, run_after=2026-05-19 00:00:00+00:00
[2026-05-19T19:31:35.262+0000] {processor.py:183} INFO - Processing /home/airflow/.local/lib/python3.8/site-packages/airflow/example_dags/example_short_circuit_operator.py took 0.131 seconds
[2026-05-19T19:32:05.351+0000] {processor.py:161} INFO - Started process (PID=9522) to work on /home/airflow/.local/lib/python3.8/site-packages/airflow/example_dags/example_short_circuit_operator.py
[2026-05-19T19:32:05.353+0000] {processor.py:830} INFO - Processing file /home/airflow/.local/lib/python3.8/site-packages/airflow/example_dags/example_short_circuit_operator.py for tasks to queue
[2026-05-19T19:32:05.356+0000] {logging_mixin.py:188} INFO - [2026-05-19T19:32:05.356+0000] {dagbag.py:540} INFO - Filling up the DagBag from /home/airflow/.local/lib/python3.8/site-packages/airflow/example_dags/example_short_circuit_operator.py
[2026-05-19T19:32:05.366+0000] {processor.py:840} INFO - DAG(s) 'example_short_circuit_operator' retrieved from /home/airflow/.local/lib/python3.8/site-packages/airflow/example_dags/example_short_circuit_operator.py
[2026-05-19T19:32:05.400+0000] {logging_mixin.py:188} INFO - [2026-05-19T19:32:05.399+0000] {dag.py:3047} INFO - Sync 1 DAGs
[2026-05-19T19:32:05.431+0000] {logging_mixin.py:188} INFO - [2026-05-19T19:32:05.431+0000] {dag.py:3834} INFO - Setting next_dagrun for example_short_circuit_operator to 2026-05-18 00:00:00+00:00, run_after=2026-05-19 00:00:00+00:00
[2026-05-19T19:32:05.471+0000] {processor.py:183} INFO - Processing /home/airflow/.local/lib/python3.8/site-packages/airflow/example_dags/example_short_circuit_operator.py took 0.125 seconds
[2026-05-19T19:32:36.295+0000] {processor.py:161} INFO - Started process (PID=9577) to work on /home/airflow/.local/lib/python3.8/site-packages/airflow/example_dags/example_short_circuit_operator.py
[2026-05-19T19:32:36.298+0000] {processor.py:830} INFO - Processing file /home/airflow/.local/lib/python3.8/site-packages/airflow/example_dags/example_short_circuit_operator.py for tasks to queue
[2026-05-19T19:32:36.301+0000] {logging_mixin.py:188} INFO - [2026-05-19T19:32:36.301+0000] {dagbag.py:540} INFO - Filling up the DagBag from /home/airflow/.local/lib/python3.8/site-packages/airflow/example_dags/example_short_circuit_operator.py
[2026-05-19T19:32:36.319+0000] {processor.py:840} INFO - DAG(s) 'example_short_circuit_operator' retrieved from /home/airflow/.local/lib/python3.8/site-packages/airflow/example_dags/example_short_circuit_operator.py
[2026-05-19T19:32:36.361+0000] {logging_mixin.py:188} INFO - [2026-05-19T19:32:36.361+0000] {dag.py:3047} INFO - Sync 1 DAGs
[2026-05-19T19:32:36.404+0000] {logging_mixin.py:188} INFO - [2026-05-19T19:32:36.404+0000] {dag.py:3834} INFO - Setting next_dagrun for example_short_circuit_operator to 2026-05-18 00:00:00+00:00, run_after=2026-05-19 00:00:00+00:00
[2026-05-19T19:32:36.443+0000] {processor.py:183} INFO - Processing /home/airflow/.local/lib/python3.8/site-packages/airflow/example_dags/example_short_circuit_operator.py took 0.153 seconds
[2026-05-19T19:33:06.853+0000] {processor.py:161} INFO - Started process (PID=9632) to work on /home/airflow/.local/lib/python3.8/site-packages/airflow/example_dags/example_short_circuit_operator.py
[2026-05-19T19:33:06.857+0000] {processor.py:830} INFO - Processing file /home/airflow/.local/lib/python3.8/site-packages/airflow/example_dags/example_short_circuit_operator.py for tasks to queue
[2026-05-19T19:33:06.863+0000] {logging_mixin.py:188} INFO - [2026-05-19T19:33:06.862+0000] {dagbag.py:540} INFO - Filling up the DagBag from /home/airflow/.local/lib/python3.8/site-packages/airflow/example_dags/example_short_circuit_operator.py
[2026-05-19T19:33:06.884+0000] {processor.py:840} INFO - DAG(s) 'example_short_circuit_operator' retrieved from /home/airflow/.local/lib/python3.8/site-packages/airflow/example_dags/example_short_circuit_operator.py
[2026-05-19T19:33:06.948+0000] {logging_mixin.py:188} INFO - [2026-05-19T19:33:06.947+0000] {dag.py:3047} INFO - Sync 1 DAGs
[2026-05-19T19:33:07.015+0000] {logging_mixin.py:188} INFO - [2026-05-19T19:33:07.014+0000] {dag.py:3834} INFO - Setting next_dagrun for example_short_circuit_operator to 2026-05-18 00:00:00+00:00, run_after=2026-05-19 00:00:00+00:00
[2026-05-19T19:33:07.102+0000] {processor.py:183} INFO - Processing /home/airflow/.local/lib/python3.8/site-packages/airflow/example_dags/example_short_circuit_operator.py took 0.258 seconds
[2026-05-19T19:33:37.816+0000] {processor.py:161} INFO - Started process (PID=9687) to work on /home/airflow/.local/lib/python3.8/site-packages/airflow/example_dags/example_short_circuit_operator.py
[2026-05-19T19:33:37.817+0000] {processor.py:830} INFO - Processing file /home/airflow/.local/lib/python3.8/site-packages/airflow/example_dags/example_short_circuit_operator.py for tasks to queue
[2026-05-19T19:33:37.823+0000] {logging_mixin.py:188} INFO - [2026-05-19T19:33:37.822+0000] {dagbag.py:540} INFO - Filling up the DagBag from /home/airflow/.local/lib/python3.8/site-packages/airflow/example_dags/example_short_circuit_operator.py
[2026-05-19T19:33:37.832+0000] {processor.py:840} INFO - DAG(s) 'example_short_circuit_operator' retrieved from /home/airflow/.local/lib/python3.8/site-packages/airflow/example_dags/example_short_circuit_operator.py
[2026-05-19T19:33:37.865+0000] {logging_mixin.py:188} INFO - [2026-05-19T19:33:37.864+0000] {dag.py:3047} INFO - Sync 1 DAGs
[2026-05-19T19:33:37.912+0000] {logging_mixin.py:188} INFO - [2026-05-19T19:33:37.912+0000] {dag.py:3834} INFO - Setting next_dagrun for example_short_circuit_operator to 2026-05-18 00:00:00+00:00, run_after=2026-05-19 00:00:00+00:00
[2026-05-19T19:33:37.967+0000] {processor.py:183} INFO - Processing /home/airflow/.local/lib/python3.8/site-packages/airflow/example_dags/example_short_circuit_operator.py took 0.157 seconds
