[2026-05-19T19:18:20.057+0000] {processor.py:161} INFO - Started process (PID=8055) to work on /home/airflow/.local/lib/python3.8/site-packages/airflow/example_dags/example_latest_only_with_trigger.py
[2026-05-19T19:18:20.061+0000] {processor.py:830} INFO - Processing file /home/airflow/.local/lib/python3.8/site-packages/airflow/example_dags/example_latest_only_with_trigger.py for tasks to queue
[2026-05-19T19:18:20.066+0000] {logging_mixin.py:188} INFO - [2026-05-19T19:18:20.065+0000] {dagbag.py:540} INFO - Filling up the DagBag from /home/airflow/.local/lib/python3.8/site-packages/airflow/example_dags/example_latest_only_with_trigger.py
[2026-05-19T19:18:20.083+0000] {processor.py:840} INFO - DAG(s) 'latest_only_with_trigger' retrieved from /home/airflow/.local/lib/python3.8/site-packages/airflow/example_dags/example_latest_only_with_trigger.py
[2026-05-19T19:18:20.154+0000] {logging_mixin.py:188} INFO - [2026-05-19T19:18:20.153+0000] {dag.py:3047} INFO - Sync 1 DAGs
[2026-05-19T19:18:20.229+0000] {logging_mixin.py:188} INFO - [2026-05-19T19:18:20.228+0000] {dag.py:3834} INFO - Setting next_dagrun for latest_only_with_trigger to 2026-05-19 12:00:00+00:00, run_after=2026-05-19 16:00:00+00:00
[2026-05-19T19:18:20.319+0000] {processor.py:183} INFO - Processing /home/airflow/.local/lib/python3.8/site-packages/airflow/example_dags/example_latest_only_with_trigger.py took 0.271 seconds
[2026-05-19T19:18:50.721+0000] {processor.py:161} INFO - Started process (PID=8110) to work on /home/airflow/.local/lib/python3.8/site-packages/airflow/example_dags/example_latest_only_with_trigger.py
[2026-05-19T19:18:50.722+0000] {processor.py:830} INFO - Processing file /home/airflow/.local/lib/python3.8/site-packages/airflow/example_dags/example_latest_only_with_trigger.py for tasks to queue
[2026-05-19T19:18:50.724+0000] {logging_mixin.py:188} INFO - [2026-05-19T19:18:50.724+0000] {dagbag.py:540} INFO - Filling up the DagBag from /home/airflow/.local/lib/python3.8/site-packages/airflow/example_dags/example_latest_only_with_trigger.py
[2026-05-19T19:18:50.729+0000] {processor.py:840} INFO - DAG(s) 'latest_only_with_trigger' retrieved from /home/airflow/.local/lib/python3.8/site-packages/airflow/example_dags/example_latest_only_with_trigger.py
[2026-05-19T19:18:50.747+0000] {logging_mixin.py:188} INFO - [2026-05-19T19:18:50.746+0000] {dag.py:3047} INFO - Sync 1 DAGs
[2026-05-19T19:18:50.763+0000] {logging_mixin.py:188} INFO - [2026-05-19T19:18:50.763+0000] {dag.py:3834} INFO - Setting next_dagrun for latest_only_with_trigger to 2026-05-19 12:00:00+00:00, run_after=2026-05-19 16:00:00+00:00
[2026-05-19T19:18:50.778+0000] {processor.py:183} INFO - Processing /home/airflow/.local/lib/python3.8/site-packages/airflow/example_dags/example_latest_only_with_trigger.py took 0.060 seconds
[2026-05-19T19:19:21.195+0000] {processor.py:161} INFO - Started process (PID=8164) to work on /home/airflow/.local/lib/python3.8/site-packages/airflow/example_dags/example_latest_only_with_trigger.py
[2026-05-19T19:19:21.198+0000] {processor.py:830} INFO - Processing file /home/airflow/.local/lib/python3.8/site-packages/airflow/example_dags/example_latest_only_with_trigger.py for tasks to queue
[2026-05-19T19:19:21.202+0000] {logging_mixin.py:188} INFO - [2026-05-19T19:19:21.201+0000] {dagbag.py:540} INFO - Filling up the DagBag from /home/airflow/.local/lib/python3.8/site-packages/airflow/example_dags/example_latest_only_with_trigger.py
[2026-05-19T19:19:21.214+0000] {processor.py:840} INFO - DAG(s) 'latest_only_with_trigger' retrieved from /home/airflow/.local/lib/python3.8/site-packages/airflow/example_dags/example_latest_only_with_trigger.py
[2026-05-19T19:19:21.284+0000] {logging_mixin.py:188} INFO - [2026-05-19T19:19:21.283+0000] {dag.py:3047} INFO - Sync 1 DAGs
[2026-05-19T19:19:21.334+0000] {logging_mixin.py:188} INFO - [2026-05-19T19:19:21.334+0000] {dag.py:3834} INFO - Setting next_dagrun for latest_only_with_trigger to 2026-05-19 12:00:00+00:00, run_after=2026-05-19 16:00:00+00:00
[2026-05-19T19:19:21.379+0000] {processor.py:183} INFO - Processing /home/airflow/.local/lib/python3.8/site-packages/airflow/example_dags/example_latest_only_with_trigger.py took 0.191 seconds
[2026-05-19T19:19:52.054+0000] {processor.py:161} INFO - Started process (PID=8220) to work on /home/airflow/.local/lib/python3.8/site-packages/airflow/example_dags/example_latest_only_with_trigger.py
[2026-05-19T19:19:52.056+0000] {processor.py:830} INFO - Processing file /home/airflow/.local/lib/python3.8/site-packages/airflow/example_dags/example_latest_only_with_trigger.py for tasks to queue
[2026-05-19T19:19:52.062+0000] {logging_mixin.py:188} INFO - [2026-05-19T19:19:52.061+0000] {dagbag.py:540} INFO - Filling up the DagBag from /home/airflow/.local/lib/python3.8/site-packages/airflow/example_dags/example_latest_only_with_trigger.py
[2026-05-19T19:19:52.069+0000] {processor.py:840} INFO - DAG(s) 'latest_only_with_trigger' retrieved from /home/airflow/.local/lib/python3.8/site-packages/airflow/example_dags/example_latest_only_with_trigger.py
[2026-05-19T19:19:52.094+0000] {logging_mixin.py:188} INFO - [2026-05-19T19:19:52.094+0000] {dag.py:3047} INFO - Sync 1 DAGs
[2026-05-19T19:19:52.121+0000] {logging_mixin.py:188} INFO - [2026-05-19T19:19:52.120+0000] {dag.py:3834} INFO - Setting next_dagrun for latest_only_with_trigger to 2026-05-19 12:00:00+00:00, run_after=2026-05-19 16:00:00+00:00
[2026-05-19T19:19:52.147+0000] {processor.py:183} INFO - Processing /home/airflow/.local/lib/python3.8/site-packages/airflow/example_dags/example_latest_only_with_trigger.py took 0.097 seconds
[2026-05-19T19:20:22.874+0000] {processor.py:161} INFO - Started process (PID=8275) to work on /home/airflow/.local/lib/python3.8/site-packages/airflow/example_dags/example_latest_only_with_trigger.py
[2026-05-19T19:20:22.876+0000] {processor.py:830} INFO - Processing file /home/airflow/.local/lib/python3.8/site-packages/airflow/example_dags/example_latest_only_with_trigger.py for tasks to queue
[2026-05-19T19:20:22.879+0000] {logging_mixin.py:188} INFO - [2026-05-19T19:20:22.879+0000] {dagbag.py:540} INFO - Filling up the DagBag from /home/airflow/.local/lib/python3.8/site-packages/airflow/example_dags/example_latest_only_with_trigger.py
[2026-05-19T19:20:22.891+0000] {processor.py:840} INFO - DAG(s) 'latest_only_with_trigger' retrieved from /home/airflow/.local/lib/python3.8/site-packages/airflow/example_dags/example_latest_only_with_trigger.py
[2026-05-19T19:20:22.933+0000] {logging_mixin.py:188} INFO - [2026-05-19T19:20:22.932+0000] {dag.py:3047} INFO - Sync 1 DAGs
[2026-05-19T19:20:22.971+0000] {logging_mixin.py:188} INFO - [2026-05-19T19:20:22.970+0000] {dag.py:3834} INFO - Setting next_dagrun for latest_only_with_trigger to 2026-05-19 12:00:00+00:00, run_after=2026-05-19 16:00:00+00:00
[2026-05-19T19:20:22.996+0000] {processor.py:183} INFO - Processing /home/airflow/.local/lib/python3.8/site-packages/airflow/example_dags/example_latest_only_with_trigger.py took 0.127 seconds
[2026-05-19T19:20:53.178+0000] {processor.py:161} INFO - Started process (PID=8330) to work on /home/airflow/.local/lib/python3.8/site-packages/airflow/example_dags/example_latest_only_with_trigger.py
[2026-05-19T19:20:53.179+0000] {processor.py:830} INFO - Processing file /home/airflow/.local/lib/python3.8/site-packages/airflow/example_dags/example_latest_only_with_trigger.py for tasks to queue
[2026-05-19T19:20:53.181+0000] {logging_mixin.py:188} INFO - [2026-05-19T19:20:53.181+0000] {dagbag.py:540} INFO - Filling up the DagBag from /home/airflow/.local/lib/python3.8/site-packages/airflow/example_dags/example_latest_only_with_trigger.py
[2026-05-19T19:20:53.186+0000] {processor.py:840} INFO - DAG(s) 'latest_only_with_trigger' retrieved from /home/airflow/.local/lib/python3.8/site-packages/airflow/example_dags/example_latest_only_with_trigger.py
[2026-05-19T19:20:53.207+0000] {logging_mixin.py:188} INFO - [2026-05-19T19:20:53.207+0000] {dag.py:3047} INFO - Sync 1 DAGs
[2026-05-19T19:20:53.235+0000] {logging_mixin.py:188} INFO - [2026-05-19T19:20:53.234+0000] {dag.py:3834} INFO - Setting next_dagrun for latest_only_with_trigger to 2026-05-19 12:00:00+00:00, run_after=2026-05-19 16:00:00+00:00
[2026-05-19T19:20:53.259+0000] {processor.py:183} INFO - Processing /home/airflow/.local/lib/python3.8/site-packages/airflow/example_dags/example_latest_only_with_trigger.py took 0.084 seconds
[2026-05-19T19:21:24.061+0000] {processor.py:161} INFO - Started process (PID=8386) to work on /home/airflow/.local/lib/python3.8/site-packages/airflow/example_dags/example_latest_only_with_trigger.py
[2026-05-19T19:21:24.071+0000] {processor.py:830} INFO - Processing file /home/airflow/.local/lib/python3.8/site-packages/airflow/example_dags/example_latest_only_with_trigger.py for tasks to queue
[2026-05-19T19:21:24.086+0000] {logging_mixin.py:188} INFO - [2026-05-19T19:21:24.086+0000] {dagbag.py:540} INFO - Filling up the DagBag from /home/airflow/.local/lib/python3.8/site-packages/airflow/example_dags/example_latest_only_with_trigger.py
[2026-05-19T19:21:24.104+0000] {processor.py:840} INFO - DAG(s) 'latest_only_with_trigger' retrieved from /home/airflow/.local/lib/python3.8/site-packages/airflow/example_dags/example_latest_only_with_trigger.py
[2026-05-19T19:21:24.142+0000] {logging_mixin.py:188} INFO - [2026-05-19T19:21:24.142+0000] {dag.py:3047} INFO - Sync 1 DAGs
[2026-05-19T19:21:24.176+0000] {logging_mixin.py:188} INFO - [2026-05-19T19:21:24.175+0000] {dag.py:3834} INFO - Setting next_dagrun for latest_only_with_trigger to 2026-05-19 12:00:00+00:00, run_after=2026-05-19 16:00:00+00:00
[2026-05-19T19:21:24.225+0000] {processor.py:183} INFO - Processing /home/airflow/.local/lib/python3.8/site-packages/airflow/example_dags/example_latest_only_with_trigger.py took 0.169 seconds
[2026-05-19T19:21:54.853+0000] {processor.py:161} INFO - Started process (PID=8441) to work on /home/airflow/.local/lib/python3.8/site-packages/airflow/example_dags/example_latest_only_with_trigger.py
[2026-05-19T19:21:54.855+0000] {processor.py:830} INFO - Processing file /home/airflow/.local/lib/python3.8/site-packages/airflow/example_dags/example_latest_only_with_trigger.py for tasks to queue
[2026-05-19T19:21:54.857+0000] {logging_mixin.py:188} INFO - [2026-05-19T19:21:54.857+0000] {dagbag.py:540} INFO - Filling up the DagBag from /home/airflow/.local/lib/python3.8/site-packages/airflow/example_dags/example_latest_only_with_trigger.py
[2026-05-19T19:21:54.865+0000] {processor.py:840} INFO - DAG(s) 'latest_only_with_trigger' retrieved from /home/airflow/.local/lib/python3.8/site-packages/airflow/example_dags/example_latest_only_with_trigger.py
[2026-05-19T19:21:54.891+0000] {logging_mixin.py:188} INFO - [2026-05-19T19:21:54.890+0000] {dag.py:3047} INFO - Sync 1 DAGs
[2026-05-19T19:21:54.916+0000] {logging_mixin.py:188} INFO - [2026-05-19T19:21:54.916+0000] {dag.py:3834} INFO - Setting next_dagrun for latest_only_with_trigger to 2026-05-19 12:00:00+00:00, run_after=2026-05-19 16:00:00+00:00
[2026-05-19T19:21:54.946+0000] {processor.py:183} INFO - Processing /home/airflow/.local/lib/python3.8/site-packages/airflow/example_dags/example_latest_only_with_trigger.py took 0.098 seconds
[2026-05-19T19:22:26.150+0000] {processor.py:161} INFO - Started process (PID=8496) to work on /home/airflow/.local/lib/python3.8/site-packages/airflow/example_dags/example_latest_only_with_trigger.py
[2026-05-19T19:22:26.154+0000] {processor.py:830} INFO - Processing file /home/airflow/.local/lib/python3.8/site-packages/airflow/example_dags/example_latest_only_with_trigger.py for tasks to queue
[2026-05-19T19:22:26.158+0000] {logging_mixin.py:188} INFO - [2026-05-19T19:22:26.157+0000] {dagbag.py:540} INFO - Filling up the DagBag from /home/airflow/.local/lib/python3.8/site-packages/airflow/example_dags/example_latest_only_with_trigger.py
[2026-05-19T19:22:26.170+0000] {processor.py:840} INFO - DAG(s) 'latest_only_with_trigger' retrieved from /home/airflow/.local/lib/python3.8/site-packages/airflow/example_dags/example_latest_only_with_trigger.py
[2026-05-19T19:22:26.215+0000] {logging_mixin.py:188} INFO - [2026-05-19T19:22:26.214+0000] {dag.py:3047} INFO - Sync 1 DAGs
[2026-05-19T19:22:26.265+0000] {logging_mixin.py:188} INFO - [2026-05-19T19:22:26.264+0000] {dag.py:3834} INFO - Setting next_dagrun for latest_only_with_trigger to 2026-05-19 12:00:00+00:00, run_after=2026-05-19 16:00:00+00:00
[2026-05-19T19:22:26.309+0000] {processor.py:183} INFO - Processing /home/airflow/.local/lib/python3.8/site-packages/airflow/example_dags/example_latest_only_with_trigger.py took 0.167 seconds
[2026-05-19T19:22:56.914+0000] {processor.py:161} INFO - Started process (PID=8550) to work on /home/airflow/.local/lib/python3.8/site-packages/airflow/example_dags/example_latest_only_with_trigger.py
[2026-05-19T19:22:56.915+0000] {processor.py:830} INFO - Processing file /home/airflow/.local/lib/python3.8/site-packages/airflow/example_dags/example_latest_only_with_trigger.py for tasks to queue
[2026-05-19T19:22:56.918+0000] {logging_mixin.py:188} INFO - [2026-05-19T19:22:56.917+0000] {dagbag.py:540} INFO - Filling up the DagBag from /home/airflow/.local/lib/python3.8/site-packages/airflow/example_dags/example_latest_only_with_trigger.py
[2026-05-19T19:22:56.924+0000] {processor.py:840} INFO - DAG(s) 'latest_only_with_trigger' retrieved from /home/airflow/.local/lib/python3.8/site-packages/airflow/example_dags/example_latest_only_with_trigger.py
[2026-05-19T19:22:56.966+0000] {logging_mixin.py:188} INFO - [2026-05-19T19:22:56.965+0000] {dag.py:3047} INFO - Sync 1 DAGs
[2026-05-19T19:22:56.997+0000] {logging_mixin.py:188} INFO - [2026-05-19T19:22:56.997+0000] {dag.py:3834} INFO - Setting next_dagrun for latest_only_with_trigger to 2026-05-19 12:00:00+00:00, run_after=2026-05-19 16:00:00+00:00
[2026-05-19T19:22:57.015+0000] {processor.py:183} INFO - Processing /home/airflow/.local/lib/python3.8/site-packages/airflow/example_dags/example_latest_only_with_trigger.py took 0.104 seconds
[2026-05-19T19:23:27.590+0000] {processor.py:161} INFO - Started process (PID=8605) to work on /home/airflow/.local/lib/python3.8/site-packages/airflow/example_dags/example_latest_only_with_trigger.py
[2026-05-19T19:23:27.592+0000] {processor.py:830} INFO - Processing file /home/airflow/.local/lib/python3.8/site-packages/airflow/example_dags/example_latest_only_with_trigger.py for tasks to queue
[2026-05-19T19:23:27.594+0000] {logging_mixin.py:188} INFO - [2026-05-19T19:23:27.594+0000] {dagbag.py:540} INFO - Filling up the DagBag from /home/airflow/.local/lib/python3.8/site-packages/airflow/example_dags/example_latest_only_with_trigger.py
[2026-05-19T19:23:27.600+0000] {processor.py:840} INFO - DAG(s) 'latest_only_with_trigger' retrieved from /home/airflow/.local/lib/python3.8/site-packages/airflow/example_dags/example_latest_only_with_trigger.py
[2026-05-19T19:23:27.625+0000] {logging_mixin.py:188} INFO - [2026-05-19T19:23:27.624+0000] {dag.py:3047} INFO - Sync 1 DAGs
[2026-05-19T19:23:27.647+0000] {logging_mixin.py:188} INFO - [2026-05-19T19:23:27.646+0000] {dag.py:3834} INFO - Setting next_dagrun for latest_only_with_trigger to 2026-05-19 12:00:00+00:00, run_after=2026-05-19 16:00:00+00:00
[2026-05-19T19:23:27.675+0000] {processor.py:183} INFO - Processing /home/airflow/.local/lib/python3.8/site-packages/airflow/example_dags/example_latest_only_with_trigger.py took 0.090 seconds
[2026-05-19T19:23:57.806+0000] {processor.py:161} INFO - Started process (PID=8660) to work on /home/airflow/.local/lib/python3.8/site-packages/airflow/example_dags/example_latest_only_with_trigger.py
[2026-05-19T19:23:57.807+0000] {processor.py:830} INFO - Processing file /home/airflow/.local/lib/python3.8/site-packages/airflow/example_dags/example_latest_only_with_trigger.py for tasks to queue
[2026-05-19T19:23:57.808+0000] {logging_mixin.py:188} INFO - [2026-05-19T19:23:57.808+0000] {dagbag.py:540} INFO - Filling up the DagBag from /home/airflow/.local/lib/python3.8/site-packages/airflow/example_dags/example_latest_only_with_trigger.py
[2026-05-19T19:23:57.813+0000] {processor.py:840} INFO - DAG(s) 'latest_only_with_trigger' retrieved from /home/airflow/.local/lib/python3.8/site-packages/airflow/example_dags/example_latest_only_with_trigger.py
[2026-05-19T19:23:57.833+0000] {logging_mixin.py:188} INFO - [2026-05-19T19:23:57.832+0000] {dag.py:3047} INFO - Sync 1 DAGs
[2026-05-19T19:23:57.849+0000] {logging_mixin.py:188} INFO - [2026-05-19T19:23:57.849+0000] {dag.py:3834} INFO - Setting next_dagrun for latest_only_with_trigger to 2026-05-19 12:00:00+00:00, run_after=2026-05-19 16:00:00+00:00
[2026-05-19T19:23:57.866+0000] {processor.py:183} INFO - Processing /home/airflow/.local/lib/python3.8/site-packages/airflow/example_dags/example_latest_only_with_trigger.py took 0.063 seconds
[2026-05-19T19:24:29.201+0000] {processor.py:161} INFO - Started process (PID=8715) to work on /home/airflow/.local/lib/python3.8/site-packages/airflow/example_dags/example_latest_only_with_trigger.py
[2026-05-19T19:24:29.204+0000] {processor.py:830} INFO - Processing file /home/airflow/.local/lib/python3.8/site-packages/airflow/example_dags/example_latest_only_with_trigger.py for tasks to queue
[2026-05-19T19:24:29.208+0000] {logging_mixin.py:188} INFO - [2026-05-19T19:24:29.207+0000] {dagbag.py:540} INFO - Filling up the DagBag from /home/airflow/.local/lib/python3.8/site-packages/airflow/example_dags/example_latest_only_with_trigger.py
[2026-05-19T19:24:29.218+0000] {processor.py:840} INFO - DAG(s) 'latest_only_with_trigger' retrieved from /home/airflow/.local/lib/python3.8/site-packages/airflow/example_dags/example_latest_only_with_trigger.py
[2026-05-19T19:24:29.257+0000] {logging_mixin.py:188} INFO - [2026-05-19T19:24:29.256+0000] {dag.py:3047} INFO - Sync 1 DAGs
[2026-05-19T19:24:29.316+0000] {logging_mixin.py:188} INFO - [2026-05-19T19:24:29.315+0000] {dag.py:3834} INFO - Setting next_dagrun for latest_only_with_trigger to 2026-05-19 12:00:00+00:00, run_after=2026-05-19 16:00:00+00:00
[2026-05-19T19:24:29.366+0000] {processor.py:183} INFO - Processing /home/airflow/.local/lib/python3.8/site-packages/airflow/example_dags/example_latest_only_with_trigger.py took 0.171 seconds
[2026-05-19T19:24:59.795+0000] {processor.py:161} INFO - Started process (PID=8770) to work on /home/airflow/.local/lib/python3.8/site-packages/airflow/example_dags/example_latest_only_with_trigger.py
[2026-05-19T19:24:59.797+0000] {processor.py:830} INFO - Processing file /home/airflow/.local/lib/python3.8/site-packages/airflow/example_dags/example_latest_only_with_trigger.py for tasks to queue
[2026-05-19T19:24:59.801+0000] {logging_mixin.py:188} INFO - [2026-05-19T19:24:59.800+0000] {dagbag.py:540} INFO - Filling up the DagBag from /home/airflow/.local/lib/python3.8/site-packages/airflow/example_dags/example_latest_only_with_trigger.py
[2026-05-19T19:24:59.811+0000] {processor.py:840} INFO - DAG(s) 'latest_only_with_trigger' retrieved from /home/airflow/.local/lib/python3.8/site-packages/airflow/example_dags/example_latest_only_with_trigger.py
[2026-05-19T19:24:59.845+0000] {logging_mixin.py:188} INFO - [2026-05-19T19:24:59.844+0000] {dag.py:3047} INFO - Sync 1 DAGs
[2026-05-19T19:24:59.916+0000] {logging_mixin.py:188} INFO - [2026-05-19T19:24:59.910+0000] {dag.py:3834} INFO - Setting next_dagrun for latest_only_with_trigger to 2026-05-19 12:00:00+00:00, run_after=2026-05-19 16:00:00+00:00
[2026-05-19T19:24:59.968+0000] {processor.py:183} INFO - Processing /home/airflow/.local/lib/python3.8/site-packages/airflow/example_dags/example_latest_only_with_trigger.py took 0.177 seconds
[2026-05-19T19:25:31.134+0000] {processor.py:161} INFO - Started process (PID=8825) to work on /home/airflow/.local/lib/python3.8/site-packages/airflow/example_dags/example_latest_only_with_trigger.py
[2026-05-19T19:25:31.137+0000] {processor.py:830} INFO - Processing file /home/airflow/.local/lib/python3.8/site-packages/airflow/example_dags/example_latest_only_with_trigger.py for tasks to queue
[2026-05-19T19:25:31.142+0000] {logging_mixin.py:188} INFO - [2026-05-19T19:25:31.141+0000] {dagbag.py:540} INFO - Filling up the DagBag from /home/airflow/.local/lib/python3.8/site-packages/airflow/example_dags/example_latest_only_with_trigger.py
[2026-05-19T19:25:31.151+0000] {processor.py:840} INFO - DAG(s) 'latest_only_with_trigger' retrieved from /home/airflow/.local/lib/python3.8/site-packages/airflow/example_dags/example_latest_only_with_trigger.py
[2026-05-19T19:25:31.187+0000] {logging_mixin.py:188} INFO - [2026-05-19T19:25:31.187+0000] {dag.py:3047} INFO - Sync 1 DAGs
[2026-05-19T19:25:31.224+0000] {logging_mixin.py:188} INFO - [2026-05-19T19:25:31.224+0000] {dag.py:3834} INFO - Setting next_dagrun for latest_only_with_trigger to 2026-05-19 12:00:00+00:00, run_after=2026-05-19 16:00:00+00:00
[2026-05-19T19:25:31.261+0000] {processor.py:183} INFO - Processing /home/airflow/.local/lib/python3.8/site-packages/airflow/example_dags/example_latest_only_with_trigger.py took 0.134 seconds
[2026-05-19T19:26:01.678+0000] {processor.py:161} INFO - Started process (PID=8880) to work on /home/airflow/.local/lib/python3.8/site-packages/airflow/example_dags/example_latest_only_with_trigger.py
[2026-05-19T19:26:01.680+0000] {processor.py:830} INFO - Processing file /home/airflow/.local/lib/python3.8/site-packages/airflow/example_dags/example_latest_only_with_trigger.py for tasks to queue
[2026-05-19T19:26:01.682+0000] {logging_mixin.py:188} INFO - [2026-05-19T19:26:01.682+0000] {dagbag.py:540} INFO - Filling up the DagBag from /home/airflow/.local/lib/python3.8/site-packages/airflow/example_dags/example_latest_only_with_trigger.py
[2026-05-19T19:26:01.689+0000] {processor.py:840} INFO - DAG(s) 'latest_only_with_trigger' retrieved from /home/airflow/.local/lib/python3.8/site-packages/airflow/example_dags/example_latest_only_with_trigger.py
[2026-05-19T19:26:01.715+0000] {logging_mixin.py:188} INFO - [2026-05-19T19:26:01.714+0000] {dag.py:3047} INFO - Sync 1 DAGs
[2026-05-19T19:26:01.741+0000] {logging_mixin.py:188} INFO - [2026-05-19T19:26:01.741+0000] {dag.py:3834} INFO - Setting next_dagrun for latest_only_with_trigger to 2026-05-19 12:00:00+00:00, run_after=2026-05-19 16:00:00+00:00
[2026-05-19T19:26:01.764+0000] {processor.py:183} INFO - Processing /home/airflow/.local/lib/python3.8/site-packages/airflow/example_dags/example_latest_only_with_trigger.py took 0.090 seconds
[2026-05-19T19:26:32.468+0000] {processor.py:161} INFO - Started process (PID=8933) to work on /home/airflow/.local/lib/python3.8/site-packages/airflow/example_dags/example_latest_only_with_trigger.py
[2026-05-19T19:26:32.470+0000] {processor.py:830} INFO - Processing file /home/airflow/.local/lib/python3.8/site-packages/airflow/example_dags/example_latest_only_with_trigger.py for tasks to queue
[2026-05-19T19:26:32.473+0000] {logging_mixin.py:188} INFO - [2026-05-19T19:26:32.473+0000] {dagbag.py:540} INFO - Filling up the DagBag from /home/airflow/.local/lib/python3.8/site-packages/airflow/example_dags/example_latest_only_with_trigger.py
[2026-05-19T19:26:32.483+0000] {processor.py:840} INFO - DAG(s) 'latest_only_with_trigger' retrieved from /home/airflow/.local/lib/python3.8/site-packages/airflow/example_dags/example_latest_only_with_trigger.py
[2026-05-19T19:26:32.516+0000] {logging_mixin.py:188} INFO - [2026-05-19T19:26:32.516+0000] {dag.py:3047} INFO - Sync 1 DAGs
[2026-05-19T19:26:32.542+0000] {logging_mixin.py:188} INFO - [2026-05-19T19:26:32.542+0000] {dag.py:3834} INFO - Setting next_dagrun for latest_only_with_trigger to 2026-05-19 12:00:00+00:00, run_after=2026-05-19 16:00:00+00:00
[2026-05-19T19:26:32.565+0000] {processor.py:183} INFO - Processing /home/airflow/.local/lib/python3.8/site-packages/airflow/example_dags/example_latest_only_with_trigger.py took 0.103 seconds
[2026-05-19T19:27:03.040+0000] {processor.py:161} INFO - Started process (PID=8988) to work on /home/airflow/.local/lib/python3.8/site-packages/airflow/example_dags/example_latest_only_with_trigger.py
[2026-05-19T19:27:03.043+0000] {processor.py:830} INFO - Processing file /home/airflow/.local/lib/python3.8/site-packages/airflow/example_dags/example_latest_only_with_trigger.py for tasks to queue
[2026-05-19T19:27:03.046+0000] {logging_mixin.py:188} INFO - [2026-05-19T19:27:03.045+0000] {dagbag.py:540} INFO - Filling up the DagBag from /home/airflow/.local/lib/python3.8/site-packages/airflow/example_dags/example_latest_only_with_trigger.py
[2026-05-19T19:27:03.054+0000] {processor.py:840} INFO - DAG(s) 'latest_only_with_trigger' retrieved from /home/airflow/.local/lib/python3.8/site-packages/airflow/example_dags/example_latest_only_with_trigger.py
[2026-05-19T19:27:03.085+0000] {logging_mixin.py:188} INFO - [2026-05-19T19:27:03.085+0000] {dag.py:3047} INFO - Sync 1 DAGs
[2026-05-19T19:27:03.114+0000] {logging_mixin.py:188} INFO - [2026-05-19T19:27:03.114+0000] {dag.py:3834} INFO - Setting next_dagrun for latest_only_with_trigger to 2026-05-19 12:00:00+00:00, run_after=2026-05-19 16:00:00+00:00
[2026-05-19T19:27:03.143+0000] {processor.py:183} INFO - Processing /home/airflow/.local/lib/python3.8/site-packages/airflow/example_dags/example_latest_only_with_trigger.py took 0.109 seconds
[2026-05-19T19:27:34.065+0000] {processor.py:161} INFO - Started process (PID=9043) to work on /home/airflow/.local/lib/python3.8/site-packages/airflow/example_dags/example_latest_only_with_trigger.py
[2026-05-19T19:27:34.067+0000] {processor.py:830} INFO - Processing file /home/airflow/.local/lib/python3.8/site-packages/airflow/example_dags/example_latest_only_with_trigger.py for tasks to queue
[2026-05-19T19:27:34.070+0000] {logging_mixin.py:188} INFO - [2026-05-19T19:27:34.069+0000] {dagbag.py:540} INFO - Filling up the DagBag from /home/airflow/.local/lib/python3.8/site-packages/airflow/example_dags/example_latest_only_with_trigger.py
[2026-05-19T19:27:34.078+0000] {processor.py:840} INFO - DAG(s) 'latest_only_with_trigger' retrieved from /home/airflow/.local/lib/python3.8/site-packages/airflow/example_dags/example_latest_only_with_trigger.py
[2026-05-19T19:27:34.108+0000] {logging_mixin.py:188} INFO - [2026-05-19T19:27:34.108+0000] {dag.py:3047} INFO - Sync 1 DAGs
[2026-05-19T19:27:34.140+0000] {logging_mixin.py:188} INFO - [2026-05-19T19:27:34.140+0000] {dag.py:3834} INFO - Setting next_dagrun for latest_only_with_trigger to 2026-05-19 12:00:00+00:00, run_after=2026-05-19 16:00:00+00:00
[2026-05-19T19:27:34.170+0000] {processor.py:183} INFO - Processing /home/airflow/.local/lib/python3.8/site-packages/airflow/example_dags/example_latest_only_with_trigger.py took 0.110 seconds
[2026-05-19T19:28:04.614+0000] {processor.py:161} INFO - Started process (PID=9098) to work on /home/airflow/.local/lib/python3.8/site-packages/airflow/example_dags/example_latest_only_with_trigger.py
[2026-05-19T19:28:04.615+0000] {processor.py:830} INFO - Processing file /home/airflow/.local/lib/python3.8/site-packages/airflow/example_dags/example_latest_only_with_trigger.py for tasks to queue
[2026-05-19T19:28:04.618+0000] {logging_mixin.py:188} INFO - [2026-05-19T19:28:04.618+0000] {dagbag.py:540} INFO - Filling up the DagBag from /home/airflow/.local/lib/python3.8/site-packages/airflow/example_dags/example_latest_only_with_trigger.py
[2026-05-19T19:28:04.626+0000] {processor.py:840} INFO - DAG(s) 'latest_only_with_trigger' retrieved from /home/airflow/.local/lib/python3.8/site-packages/airflow/example_dags/example_latest_only_with_trigger.py
[2026-05-19T19:28:04.673+0000] {logging_mixin.py:188} INFO - [2026-05-19T19:28:04.672+0000] {dag.py:3047} INFO - Sync 1 DAGs
[2026-05-19T19:28:04.748+0000] {logging_mixin.py:188} INFO - [2026-05-19T19:28:04.748+0000] {dag.py:3834} INFO - Setting next_dagrun for latest_only_with_trigger to 2026-05-19 12:00:00+00:00, run_after=2026-05-19 16:00:00+00:00
[2026-05-19T19:28:04.787+0000] {processor.py:183} INFO - Processing /home/airflow/.local/lib/python3.8/site-packages/airflow/example_dags/example_latest_only_with_trigger.py took 0.178 seconds
[2026-05-19T19:28:35.808+0000] {processor.py:161} INFO - Started process (PID=9153) to work on /home/airflow/.local/lib/python3.8/site-packages/airflow/example_dags/example_latest_only_with_trigger.py
[2026-05-19T19:28:35.810+0000] {processor.py:830} INFO - Processing file /home/airflow/.local/lib/python3.8/site-packages/airflow/example_dags/example_latest_only_with_trigger.py for tasks to queue
[2026-05-19T19:28:35.814+0000] {logging_mixin.py:188} INFO - [2026-05-19T19:28:35.814+0000] {dagbag.py:540} INFO - Filling up the DagBag from /home/airflow/.local/lib/python3.8/site-packages/airflow/example_dags/example_latest_only_with_trigger.py
[2026-05-19T19:28:35.824+0000] {processor.py:840} INFO - DAG(s) 'latest_only_with_trigger' retrieved from /home/airflow/.local/lib/python3.8/site-packages/airflow/example_dags/example_latest_only_with_trigger.py
[2026-05-19T19:28:35.859+0000] {logging_mixin.py:188} INFO - [2026-05-19T19:28:35.859+0000] {dag.py:3047} INFO - Sync 1 DAGs
[2026-05-19T19:28:35.904+0000] {logging_mixin.py:188} INFO - [2026-05-19T19:28:35.904+0000] {dag.py:3834} INFO - Setting next_dagrun for latest_only_with_trigger to 2026-05-19 12:00:00+00:00, run_after=2026-05-19 16:00:00+00:00
[2026-05-19T19:28:35.985+0000] {processor.py:183} INFO - Processing /home/airflow/.local/lib/python3.8/site-packages/airflow/example_dags/example_latest_only_with_trigger.py took 0.184 seconds
[2026-05-19T19:29:06.210+0000] {processor.py:161} INFO - Started process (PID=9208) to work on /home/airflow/.local/lib/python3.8/site-packages/airflow/example_dags/example_latest_only_with_trigger.py
[2026-05-19T19:29:06.214+0000] {processor.py:830} INFO - Processing file /home/airflow/.local/lib/python3.8/site-packages/airflow/example_dags/example_latest_only_with_trigger.py for tasks to queue
[2026-05-19T19:29:06.219+0000] {logging_mixin.py:188} INFO - [2026-05-19T19:29:06.218+0000] {dagbag.py:540} INFO - Filling up the DagBag from /home/airflow/.local/lib/python3.8/site-packages/airflow/example_dags/example_latest_only_with_trigger.py
[2026-05-19T19:29:06.232+0000] {processor.py:840} INFO - DAG(s) 'latest_only_with_trigger' retrieved from /home/airflow/.local/lib/python3.8/site-packages/airflow/example_dags/example_latest_only_with_trigger.py
[2026-05-19T19:29:06.275+0000] {logging_mixin.py:188} INFO - [2026-05-19T19:29:06.274+0000] {dag.py:3047} INFO - Sync 1 DAGs
[2026-05-19T19:29:06.362+0000] {logging_mixin.py:188} INFO - [2026-05-19T19:29:06.362+0000] {dag.py:3834} INFO - Setting next_dagrun for latest_only_with_trigger to 2026-05-19 12:00:00+00:00, run_after=2026-05-19 16:00:00+00:00
[2026-05-19T19:29:06.482+0000] {processor.py:183} INFO - Processing /home/airflow/.local/lib/python3.8/site-packages/airflow/example_dags/example_latest_only_with_trigger.py took 0.280 seconds
[2026-05-19T19:29:36.877+0000] {processor.py:161} INFO - Started process (PID=9263) to work on /home/airflow/.local/lib/python3.8/site-packages/airflow/example_dags/example_latest_only_with_trigger.py
[2026-05-19T19:29:36.879+0000] {processor.py:830} INFO - Processing file /home/airflow/.local/lib/python3.8/site-packages/airflow/example_dags/example_latest_only_with_trigger.py for tasks to queue
[2026-05-19T19:29:36.881+0000] {logging_mixin.py:188} INFO - [2026-05-19T19:29:36.881+0000] {dagbag.py:540} INFO - Filling up the DagBag from /home/airflow/.local/lib/python3.8/site-packages/airflow/example_dags/example_latest_only_with_trigger.py
[2026-05-19T19:29:36.889+0000] {processor.py:840} INFO - DAG(s) 'latest_only_with_trigger' retrieved from /home/airflow/.local/lib/python3.8/site-packages/airflow/example_dags/example_latest_only_with_trigger.py
[2026-05-19T19:29:36.912+0000] {logging_mixin.py:188} INFO - [2026-05-19T19:29:36.911+0000] {dag.py:3047} INFO - Sync 1 DAGs
[2026-05-19T19:29:36.943+0000] {logging_mixin.py:188} INFO - [2026-05-19T19:29:36.943+0000] {dag.py:3834} INFO - Setting next_dagrun for latest_only_with_trigger to 2026-05-19 12:00:00+00:00, run_after=2026-05-19 16:00:00+00:00
[2026-05-19T19:29:36.965+0000] {processor.py:183} INFO - Processing /home/airflow/.local/lib/python3.8/site-packages/airflow/example_dags/example_latest_only_with_trigger.py took 0.091 seconds
[2026-05-19T19:30:07.284+0000] {processor.py:161} INFO - Started process (PID=9318) to work on /home/airflow/.local/lib/python3.8/site-packages/airflow/example_dags/example_latest_only_with_trigger.py
[2026-05-19T19:30:07.286+0000] {processor.py:830} INFO - Processing file /home/airflow/.local/lib/python3.8/site-packages/airflow/example_dags/example_latest_only_with_trigger.py for tasks to queue
[2026-05-19T19:30:07.290+0000] {logging_mixin.py:188} INFO - [2026-05-19T19:30:07.289+0000] {dagbag.py:540} INFO - Filling up the DagBag from /home/airflow/.local/lib/python3.8/site-packages/airflow/example_dags/example_latest_only_with_trigger.py
[2026-05-19T19:30:07.303+0000] {processor.py:840} INFO - DAG(s) 'latest_only_with_trigger' retrieved from /home/airflow/.local/lib/python3.8/site-packages/airflow/example_dags/example_latest_only_with_trigger.py
[2026-05-19T19:30:07.336+0000] {logging_mixin.py:188} INFO - [2026-05-19T19:30:07.335+0000] {dag.py:3047} INFO - Sync 1 DAGs
[2026-05-19T19:30:07.366+0000] {logging_mixin.py:188} INFO - [2026-05-19T19:30:07.366+0000] {dag.py:3834} INFO - Setting next_dagrun for latest_only_with_trigger to 2026-05-19 12:00:00+00:00, run_after=2026-05-19 16:00:00+00:00
[2026-05-19T19:30:07.392+0000] {processor.py:183} INFO - Processing /home/airflow/.local/lib/python3.8/site-packages/airflow/example_dags/example_latest_only_with_trigger.py took 0.114 seconds
[2026-05-19T19:30:38.123+0000] {processor.py:161} INFO - Started process (PID=9373) to work on /home/airflow/.local/lib/python3.8/site-packages/airflow/example_dags/example_latest_only_with_trigger.py
[2026-05-19T19:30:38.125+0000] {processor.py:830} INFO - Processing file /home/airflow/.local/lib/python3.8/site-packages/airflow/example_dags/example_latest_only_with_trigger.py for tasks to queue
[2026-05-19T19:30:38.128+0000] {logging_mixin.py:188} INFO - [2026-05-19T19:30:38.128+0000] {dagbag.py:540} INFO - Filling up the DagBag from /home/airflow/.local/lib/python3.8/site-packages/airflow/example_dags/example_latest_only_with_trigger.py
[2026-05-19T19:30:38.138+0000] {processor.py:840} INFO - DAG(s) 'latest_only_with_trigger' retrieved from /home/airflow/.local/lib/python3.8/site-packages/airflow/example_dags/example_latest_only_with_trigger.py
[2026-05-19T19:30:38.166+0000] {logging_mixin.py:188} INFO - [2026-05-19T19:30:38.166+0000] {dag.py:3047} INFO - Sync 1 DAGs
[2026-05-19T19:30:38.192+0000] {logging_mixin.py:188} INFO - [2026-05-19T19:30:38.192+0000] {dag.py:3834} INFO - Setting next_dagrun for latest_only_with_trigger to 2026-05-19 12:00:00+00:00, run_after=2026-05-19 16:00:00+00:00
[2026-05-19T19:30:38.219+0000] {processor.py:183} INFO - Processing /home/airflow/.local/lib/python3.8/site-packages/airflow/example_dags/example_latest_only_with_trigger.py took 0.103 seconds
[2026-05-19T19:31:08.328+0000] {processor.py:161} INFO - Started process (PID=9428) to work on /home/airflow/.local/lib/python3.8/site-packages/airflow/example_dags/example_latest_only_with_trigger.py
[2026-05-19T19:31:08.330+0000] {processor.py:830} INFO - Processing file /home/airflow/.local/lib/python3.8/site-packages/airflow/example_dags/example_latest_only_with_trigger.py for tasks to queue
[2026-05-19T19:31:08.333+0000] {logging_mixin.py:188} INFO - [2026-05-19T19:31:08.333+0000] {dagbag.py:540} INFO - Filling up the DagBag from /home/airflow/.local/lib/python3.8/site-packages/airflow/example_dags/example_latest_only_with_trigger.py
[2026-05-19T19:31:08.340+0000] {processor.py:840} INFO - DAG(s) 'latest_only_with_trigger' retrieved from /home/airflow/.local/lib/python3.8/site-packages/airflow/example_dags/example_latest_only_with_trigger.py
[2026-05-19T19:31:08.364+0000] {logging_mixin.py:188} INFO - [2026-05-19T19:31:08.364+0000] {dag.py:3047} INFO - Sync 1 DAGs
[2026-05-19T19:31:08.388+0000] {logging_mixin.py:188} INFO - [2026-05-19T19:31:08.388+0000] {dag.py:3834} INFO - Setting next_dagrun for latest_only_with_trigger to 2026-05-19 12:00:00+00:00, run_after=2026-05-19 16:00:00+00:00
[2026-05-19T19:31:08.409+0000] {processor.py:183} INFO - Processing /home/airflow/.local/lib/python3.8/site-packages/airflow/example_dags/example_latest_only_with_trigger.py took 0.084 seconds
[2026-05-19T19:31:39.262+0000] {processor.py:161} INFO - Started process (PID=9483) to work on /home/airflow/.local/lib/python3.8/site-packages/airflow/example_dags/example_latest_only_with_trigger.py
[2026-05-19T19:31:39.264+0000] {processor.py:830} INFO - Processing file /home/airflow/.local/lib/python3.8/site-packages/airflow/example_dags/example_latest_only_with_trigger.py for tasks to queue
[2026-05-19T19:31:39.267+0000] {logging_mixin.py:188} INFO - [2026-05-19T19:31:39.266+0000] {dagbag.py:540} INFO - Filling up the DagBag from /home/airflow/.local/lib/python3.8/site-packages/airflow/example_dags/example_latest_only_with_trigger.py
[2026-05-19T19:31:39.277+0000] {processor.py:840} INFO - DAG(s) 'latest_only_with_trigger' retrieved from /home/airflow/.local/lib/python3.8/site-packages/airflow/example_dags/example_latest_only_with_trigger.py
[2026-05-19T19:31:39.317+0000] {logging_mixin.py:188} INFO - [2026-05-19T19:31:39.316+0000] {dag.py:3047} INFO - Sync 1 DAGs
[2026-05-19T19:31:39.363+0000] {logging_mixin.py:188} INFO - [2026-05-19T19:31:39.362+0000] {dag.py:3834} INFO - Setting next_dagrun for latest_only_with_trigger to 2026-05-19 12:00:00+00:00, run_after=2026-05-19 16:00:00+00:00
[2026-05-19T19:31:39.397+0000] {processor.py:183} INFO - Processing /home/airflow/.local/lib/python3.8/site-packages/airflow/example_dags/example_latest_only_with_trigger.py took 0.141 seconds
[2026-05-19T19:32:09.618+0000] {processor.py:161} INFO - Started process (PID=9538) to work on /home/airflow/.local/lib/python3.8/site-packages/airflow/example_dags/example_latest_only_with_trigger.py
[2026-05-19T19:32:09.629+0000] {processor.py:830} INFO - Processing file /home/airflow/.local/lib/python3.8/site-packages/airflow/example_dags/example_latest_only_with_trigger.py for tasks to queue
[2026-05-19T19:32:09.640+0000] {logging_mixin.py:188} INFO - [2026-05-19T19:32:09.639+0000] {dagbag.py:540} INFO - Filling up the DagBag from /home/airflow/.local/lib/python3.8/site-packages/airflow/example_dags/example_latest_only_with_trigger.py
[2026-05-19T19:32:09.682+0000] {processor.py:840} INFO - DAG(s) 'latest_only_with_trigger' retrieved from /home/airflow/.local/lib/python3.8/site-packages/airflow/example_dags/example_latest_only_with_trigger.py
[2026-05-19T19:32:09.737+0000] {logging_mixin.py:188} INFO - [2026-05-19T19:32:09.736+0000] {dag.py:3047} INFO - Sync 1 DAGs
[2026-05-19T19:32:09.779+0000] {logging_mixin.py:188} INFO - [2026-05-19T19:32:09.778+0000] {dag.py:3834} INFO - Setting next_dagrun for latest_only_with_trigger to 2026-05-19 12:00:00+00:00, run_after=2026-05-19 16:00:00+00:00
[2026-05-19T19:32:09.814+0000] {processor.py:183} INFO - Processing /home/airflow/.local/lib/python3.8/site-packages/airflow/example_dags/example_latest_only_with_trigger.py took 0.206 seconds
[2026-05-19T19:32:40.897+0000] {processor.py:161} INFO - Started process (PID=9593) to work on /home/airflow/.local/lib/python3.8/site-packages/airflow/example_dags/example_latest_only_with_trigger.py
[2026-05-19T19:32:40.901+0000] {processor.py:830} INFO - Processing file /home/airflow/.local/lib/python3.8/site-packages/airflow/example_dags/example_latest_only_with_trigger.py for tasks to queue
[2026-05-19T19:32:40.905+0000] {logging_mixin.py:188} INFO - [2026-05-19T19:32:40.904+0000] {dagbag.py:540} INFO - Filling up the DagBag from /home/airflow/.local/lib/python3.8/site-packages/airflow/example_dags/example_latest_only_with_trigger.py
[2026-05-19T19:32:40.924+0000] {processor.py:840} INFO - DAG(s) 'latest_only_with_trigger' retrieved from /home/airflow/.local/lib/python3.8/site-packages/airflow/example_dags/example_latest_only_with_trigger.py
[2026-05-19T19:32:40.974+0000] {logging_mixin.py:188} INFO - [2026-05-19T19:32:40.973+0000] {dag.py:3047} INFO - Sync 1 DAGs
[2026-05-19T19:32:41.018+0000] {logging_mixin.py:188} INFO - [2026-05-19T19:32:41.018+0000] {dag.py:3834} INFO - Setting next_dagrun for latest_only_with_trigger to 2026-05-19 12:00:00+00:00, run_after=2026-05-19 16:00:00+00:00
[2026-05-19T19:32:41.069+0000] {processor.py:183} INFO - Processing /home/airflow/.local/lib/python3.8/site-packages/airflow/example_dags/example_latest_only_with_trigger.py took 0.177 seconds
[2026-05-19T19:33:11.726+0000] {processor.py:161} INFO - Started process (PID=9648) to work on /home/airflow/.local/lib/python3.8/site-packages/airflow/example_dags/example_latest_only_with_trigger.py
[2026-05-19T19:33:11.727+0000] {processor.py:830} INFO - Processing file /home/airflow/.local/lib/python3.8/site-packages/airflow/example_dags/example_latest_only_with_trigger.py for tasks to queue
[2026-05-19T19:33:11.729+0000] {logging_mixin.py:188} INFO - [2026-05-19T19:33:11.729+0000] {dagbag.py:540} INFO - Filling up the DagBag from /home/airflow/.local/lib/python3.8/site-packages/airflow/example_dags/example_latest_only_with_trigger.py
[2026-05-19T19:33:11.735+0000] {processor.py:840} INFO - DAG(s) 'latest_only_with_trigger' retrieved from /home/airflow/.local/lib/python3.8/site-packages/airflow/example_dags/example_latest_only_with_trigger.py
[2026-05-19T19:33:11.754+0000] {logging_mixin.py:188} INFO - [2026-05-19T19:33:11.754+0000] {dag.py:3047} INFO - Sync 1 DAGs
[2026-05-19T19:33:11.770+0000] {logging_mixin.py:188} INFO - [2026-05-19T19:33:11.770+0000] {dag.py:3834} INFO - Setting next_dagrun for latest_only_with_trigger to 2026-05-19 12:00:00+00:00, run_after=2026-05-19 16:00:00+00:00
[2026-05-19T19:33:11.816+0000] {processor.py:183} INFO - Processing /home/airflow/.local/lib/python3.8/site-packages/airflow/example_dags/example_latest_only_with_trigger.py took 0.093 seconds
[2026-05-19T19:33:42.281+0000] {processor.py:161} INFO - Started process (PID=9703) to work on /home/airflow/.local/lib/python3.8/site-packages/airflow/example_dags/example_latest_only_with_trigger.py
[2026-05-19T19:33:42.283+0000] {processor.py:830} INFO - Processing file /home/airflow/.local/lib/python3.8/site-packages/airflow/example_dags/example_latest_only_with_trigger.py for tasks to queue
[2026-05-19T19:33:42.286+0000] {logging_mixin.py:188} INFO - [2026-05-19T19:33:42.286+0000] {dagbag.py:540} INFO - Filling up the DagBag from /home/airflow/.local/lib/python3.8/site-packages/airflow/example_dags/example_latest_only_with_trigger.py
[2026-05-19T19:33:42.294+0000] {processor.py:840} INFO - DAG(s) 'latest_only_with_trigger' retrieved from /home/airflow/.local/lib/python3.8/site-packages/airflow/example_dags/example_latest_only_with_trigger.py
[2026-05-19T19:33:42.329+0000] {logging_mixin.py:188} INFO - [2026-05-19T19:33:42.328+0000] {dag.py:3047} INFO - Sync 1 DAGs
[2026-05-19T19:33:42.362+0000] {logging_mixin.py:188} INFO - [2026-05-19T19:33:42.362+0000] {dag.py:3834} INFO - Setting next_dagrun for latest_only_with_trigger to 2026-05-19 12:00:00+00:00, run_after=2026-05-19 16:00:00+00:00
[2026-05-19T19:33:42.397+0000] {processor.py:183} INFO - Processing /home/airflow/.local/lib/python3.8/site-packages/airflow/example_dags/example_latest_only_with_trigger.py took 0.121 seconds
