[2026-05-19T19:18:18.738+0000] {processor.py:161} INFO - Started process (PID=8047) to work on /home/airflow/.local/lib/python3.8/site-packages/airflow/example_dags/example_latest_only.py
[2026-05-19T19:18:18.742+0000] {processor.py:830} INFO - Processing file /home/airflow/.local/lib/python3.8/site-packages/airflow/example_dags/example_latest_only.py for tasks to queue
[2026-05-19T19:18:18.747+0000] {logging_mixin.py:188} INFO - [2026-05-19T19:18:18.746+0000] {dagbag.py:540} INFO - Filling up the DagBag from /home/airflow/.local/lib/python3.8/site-packages/airflow/example_dags/example_latest_only.py
[2026-05-19T19:18:18.762+0000] {processor.py:840} INFO - DAG(s) 'latest_only' retrieved from /home/airflow/.local/lib/python3.8/site-packages/airflow/example_dags/example_latest_only.py
[2026-05-19T19:18:18.829+0000] {logging_mixin.py:188} INFO - [2026-05-19T19:18:18.828+0000] {dag.py:3047} INFO - Sync 1 DAGs
[2026-05-19T19:18:18.949+0000] {logging_mixin.py:188} INFO - [2026-05-19T19:18:18.948+0000] {dag.py:3834} INFO - Setting next_dagrun for latest_only to 2026-05-19 12:00:00+00:00, run_after=2026-05-19 16:00:00+00:00
[2026-05-19T19:18:19.024+0000] {processor.py:183} INFO - Processing /home/airflow/.local/lib/python3.8/site-packages/airflow/example_dags/example_latest_only.py took 0.295 seconds
[2026-05-19T19:18:49.090+0000] {processor.py:161} INFO - Started process (PID=8101) to work on /home/airflow/.local/lib/python3.8/site-packages/airflow/example_dags/example_latest_only.py
[2026-05-19T19:18:49.092+0000] {processor.py:830} INFO - Processing file /home/airflow/.local/lib/python3.8/site-packages/airflow/example_dags/example_latest_only.py for tasks to queue
[2026-05-19T19:18:49.094+0000] {logging_mixin.py:188} INFO - [2026-05-19T19:18:49.094+0000] {dagbag.py:540} INFO - Filling up the DagBag from /home/airflow/.local/lib/python3.8/site-packages/airflow/example_dags/example_latest_only.py
[2026-05-19T19:18:49.102+0000] {processor.py:840} INFO - DAG(s) 'latest_only' retrieved from /home/airflow/.local/lib/python3.8/site-packages/airflow/example_dags/example_latest_only.py
[2026-05-19T19:18:49.130+0000] {logging_mixin.py:188} INFO - [2026-05-19T19:18:49.129+0000] {dag.py:3047} INFO - Sync 1 DAGs
[2026-05-19T19:18:49.168+0000] {logging_mixin.py:188} INFO - [2026-05-19T19:18:49.167+0000] {dag.py:3834} INFO - Setting next_dagrun for latest_only to 2026-05-19 12:00:00+00:00, run_after=2026-05-19 16:00:00+00:00
[2026-05-19T19:18:49.230+0000] {processor.py:183} INFO - Processing /home/airflow/.local/lib/python3.8/site-packages/airflow/example_dags/example_latest_only.py took 0.147 seconds
[2026-05-19T19:19:20.125+0000] {processor.py:161} INFO - Started process (PID=8156) to work on /home/airflow/.local/lib/python3.8/site-packages/airflow/example_dags/example_latest_only.py
[2026-05-19T19:19:20.126+0000] {processor.py:830} INFO - Processing file /home/airflow/.local/lib/python3.8/site-packages/airflow/example_dags/example_latest_only.py for tasks to queue
[2026-05-19T19:19:20.129+0000] {logging_mixin.py:188} INFO - [2026-05-19T19:19:20.128+0000] {dagbag.py:540} INFO - Filling up the DagBag from /home/airflow/.local/lib/python3.8/site-packages/airflow/example_dags/example_latest_only.py
[2026-05-19T19:19:20.136+0000] {processor.py:840} INFO - DAG(s) 'latest_only' retrieved from /home/airflow/.local/lib/python3.8/site-packages/airflow/example_dags/example_latest_only.py
[2026-05-19T19:19:20.204+0000] {logging_mixin.py:188} INFO - [2026-05-19T19:19:20.203+0000] {dag.py:3047} INFO - Sync 1 DAGs
[2026-05-19T19:19:20.272+0000] {logging_mixin.py:188} INFO - [2026-05-19T19:19:20.271+0000] {dag.py:3834} INFO - Setting next_dagrun for latest_only to 2026-05-19 12:00:00+00:00, run_after=2026-05-19 16:00:00+00:00
[2026-05-19T19:19:20.351+0000] {processor.py:183} INFO - Processing /home/airflow/.local/lib/python3.8/site-packages/airflow/example_dags/example_latest_only.py took 0.230 seconds
[2026-05-19T19:19:50.446+0000] {processor.py:161} INFO - Started process (PID=8212) to work on /home/airflow/.local/lib/python3.8/site-packages/airflow/example_dags/example_latest_only.py
[2026-05-19T19:19:50.448+0000] {processor.py:830} INFO - Processing file /home/airflow/.local/lib/python3.8/site-packages/airflow/example_dags/example_latest_only.py for tasks to queue
[2026-05-19T19:19:50.452+0000] {logging_mixin.py:188} INFO - [2026-05-19T19:19:50.452+0000] {dagbag.py:540} INFO - Filling up the DagBag from /home/airflow/.local/lib/python3.8/site-packages/airflow/example_dags/example_latest_only.py
[2026-05-19T19:19:50.462+0000] {processor.py:840} INFO - DAG(s) 'latest_only' retrieved from /home/airflow/.local/lib/python3.8/site-packages/airflow/example_dags/example_latest_only.py
[2026-05-19T19:19:50.497+0000] {logging_mixin.py:188} INFO - [2026-05-19T19:19:50.496+0000] {dag.py:3047} INFO - Sync 1 DAGs
[2026-05-19T19:19:50.531+0000] {logging_mixin.py:188} INFO - [2026-05-19T19:19:50.531+0000] {dag.py:3834} INFO - Setting next_dagrun for latest_only to 2026-05-19 12:00:00+00:00, run_after=2026-05-19 16:00:00+00:00
[2026-05-19T19:19:50.559+0000] {processor.py:183} INFO - Processing /home/airflow/.local/lib/python3.8/site-packages/airflow/example_dags/example_latest_only.py took 0.119 seconds
[2026-05-19T19:20:21.058+0000] {processor.py:161} INFO - Started process (PID=8267) to work on /home/airflow/.local/lib/python3.8/site-packages/airflow/example_dags/example_latest_only.py
[2026-05-19T19:20:21.080+0000] {processor.py:830} INFO - Processing file /home/airflow/.local/lib/python3.8/site-packages/airflow/example_dags/example_latest_only.py for tasks to queue
[2026-05-19T19:20:21.096+0000] {logging_mixin.py:188} INFO - [2026-05-19T19:20:21.095+0000] {dagbag.py:540} INFO - Filling up the DagBag from /home/airflow/.local/lib/python3.8/site-packages/airflow/example_dags/example_latest_only.py
[2026-05-19T19:20:21.109+0000] {processor.py:840} INFO - DAG(s) 'latest_only' retrieved from /home/airflow/.local/lib/python3.8/site-packages/airflow/example_dags/example_latest_only.py
[2026-05-19T19:20:21.149+0000] {logging_mixin.py:188} INFO - [2026-05-19T19:20:21.148+0000] {dag.py:3047} INFO - Sync 1 DAGs
[2026-05-19T19:20:21.181+0000] {logging_mixin.py:188} INFO - [2026-05-19T19:20:21.181+0000] {dag.py:3834} INFO - Setting next_dagrun for latest_only to 2026-05-19 12:00:00+00:00, run_after=2026-05-19 16:00:00+00:00
[2026-05-19T19:20:21.217+0000] {processor.py:183} INFO - Processing /home/airflow/.local/lib/python3.8/site-packages/airflow/example_dags/example_latest_only.py took 0.162 seconds
[2026-05-19T19:20:51.431+0000] {processor.py:161} INFO - Started process (PID=8322) to work on /home/airflow/.local/lib/python3.8/site-packages/airflow/example_dags/example_latest_only.py
[2026-05-19T19:20:51.433+0000] {processor.py:830} INFO - Processing file /home/airflow/.local/lib/python3.8/site-packages/airflow/example_dags/example_latest_only.py for tasks to queue
[2026-05-19T19:20:51.437+0000] {logging_mixin.py:188} INFO - [2026-05-19T19:20:51.436+0000] {dagbag.py:540} INFO - Filling up the DagBag from /home/airflow/.local/lib/python3.8/site-packages/airflow/example_dags/example_latest_only.py
[2026-05-19T19:20:51.444+0000] {processor.py:840} INFO - DAG(s) 'latest_only' retrieved from /home/airflow/.local/lib/python3.8/site-packages/airflow/example_dags/example_latest_only.py
[2026-05-19T19:20:51.483+0000] {logging_mixin.py:188} INFO - [2026-05-19T19:20:51.483+0000] {dag.py:3047} INFO - Sync 1 DAGs
[2026-05-19T19:20:51.525+0000] {logging_mixin.py:188} INFO - [2026-05-19T19:20:51.525+0000] {dag.py:3834} INFO - Setting next_dagrun for latest_only to 2026-05-19 12:00:00+00:00, run_after=2026-05-19 16:00:00+00:00
[2026-05-19T19:20:51.558+0000] {processor.py:183} INFO - Processing /home/airflow/.local/lib/python3.8/site-packages/airflow/example_dags/example_latest_only.py took 0.133 seconds
[2026-05-19T19:21:21.718+0000] {processor.py:161} INFO - Started process (PID=8378) to work on /home/airflow/.local/lib/python3.8/site-packages/airflow/example_dags/example_latest_only.py
[2026-05-19T19:21:21.720+0000] {processor.py:830} INFO - Processing file /home/airflow/.local/lib/python3.8/site-packages/airflow/example_dags/example_latest_only.py for tasks to queue
[2026-05-19T19:21:21.722+0000] {logging_mixin.py:188} INFO - [2026-05-19T19:21:21.722+0000] {dagbag.py:540} INFO - Filling up the DagBag from /home/airflow/.local/lib/python3.8/site-packages/airflow/example_dags/example_latest_only.py
[2026-05-19T19:21:21.729+0000] {processor.py:840} INFO - DAG(s) 'latest_only' retrieved from /home/airflow/.local/lib/python3.8/site-packages/airflow/example_dags/example_latest_only.py
[2026-05-19T19:21:21.757+0000] {logging_mixin.py:188} INFO - [2026-05-19T19:21:21.756+0000] {dag.py:3047} INFO - Sync 1 DAGs
[2026-05-19T19:21:21.782+0000] {logging_mixin.py:188} INFO - [2026-05-19T19:21:21.782+0000] {dag.py:3834} INFO - Setting next_dagrun for latest_only to 2026-05-19 12:00:00+00:00, run_after=2026-05-19 16:00:00+00:00
[2026-05-19T19:21:21.823+0000] {processor.py:183} INFO - Processing /home/airflow/.local/lib/python3.8/site-packages/airflow/example_dags/example_latest_only.py took 0.109 seconds
[2026-05-19T19:21:53.138+0000] {processor.py:161} INFO - Started process (PID=8433) to work on /home/airflow/.local/lib/python3.8/site-packages/airflow/example_dags/example_latest_only.py
[2026-05-19T19:21:53.173+0000] {processor.py:830} INFO - Processing file /home/airflow/.local/lib/python3.8/site-packages/airflow/example_dags/example_latest_only.py for tasks to queue
[2026-05-19T19:21:53.203+0000] {logging_mixin.py:188} INFO - [2026-05-19T19:21:53.203+0000] {dagbag.py:540} INFO - Filling up the DagBag from /home/airflow/.local/lib/python3.8/site-packages/airflow/example_dags/example_latest_only.py
[2026-05-19T19:21:53.226+0000] {processor.py:840} INFO - DAG(s) 'latest_only' retrieved from /home/airflow/.local/lib/python3.8/site-packages/airflow/example_dags/example_latest_only.py
[2026-05-19T19:21:53.287+0000] {logging_mixin.py:188} INFO - [2026-05-19T19:21:53.287+0000] {dag.py:3047} INFO - Sync 1 DAGs
[2026-05-19T19:21:53.338+0000] {logging_mixin.py:188} INFO - [2026-05-19T19:21:53.337+0000] {dag.py:3834} INFO - Setting next_dagrun for latest_only to 2026-05-19 12:00:00+00:00, run_after=2026-05-19 16:00:00+00:00
[2026-05-19T19:21:53.399+0000] {processor.py:183} INFO - Processing /home/airflow/.local/lib/python3.8/site-packages/airflow/example_dags/example_latest_only.py took 0.265 seconds
[2026-05-19T19:22:24.178+0000] {processor.py:161} INFO - Started process (PID=8488) to work on /home/airflow/.local/lib/python3.8/site-packages/airflow/example_dags/example_latest_only.py
[2026-05-19T19:22:24.181+0000] {processor.py:830} INFO - Processing file /home/airflow/.local/lib/python3.8/site-packages/airflow/example_dags/example_latest_only.py for tasks to queue
[2026-05-19T19:22:24.185+0000] {logging_mixin.py:188} INFO - [2026-05-19T19:22:24.185+0000] {dagbag.py:540} INFO - Filling up the DagBag from /home/airflow/.local/lib/python3.8/site-packages/airflow/example_dags/example_latest_only.py
[2026-05-19T19:22:24.197+0000] {processor.py:840} INFO - DAG(s) 'latest_only' retrieved from /home/airflow/.local/lib/python3.8/site-packages/airflow/example_dags/example_latest_only.py
[2026-05-19T19:22:24.250+0000] {logging_mixin.py:188} INFO - [2026-05-19T19:22:24.249+0000] {dag.py:3047} INFO - Sync 1 DAGs
[2026-05-19T19:22:24.299+0000] {logging_mixin.py:188} INFO - [2026-05-19T19:22:24.298+0000] {dag.py:3834} INFO - Setting next_dagrun for latest_only to 2026-05-19 12:00:00+00:00, run_after=2026-05-19 16:00:00+00:00
[2026-05-19T19:22:24.343+0000] {processor.py:183} INFO - Processing /home/airflow/.local/lib/python3.8/site-packages/airflow/example_dags/example_latest_only.py took 0.174 seconds
[2026-05-19T19:22:54.399+0000] {processor.py:161} INFO - Started process (PID=8542) to work on /home/airflow/.local/lib/python3.8/site-packages/airflow/example_dags/example_latest_only.py
[2026-05-19T19:22:54.401+0000] {processor.py:830} INFO - Processing file /home/airflow/.local/lib/python3.8/site-packages/airflow/example_dags/example_latest_only.py for tasks to queue
[2026-05-19T19:22:54.403+0000] {logging_mixin.py:188} INFO - [2026-05-19T19:22:54.403+0000] {dagbag.py:540} INFO - Filling up the DagBag from /home/airflow/.local/lib/python3.8/site-packages/airflow/example_dags/example_latest_only.py
[2026-05-19T19:22:54.408+0000] {processor.py:840} INFO - DAG(s) 'latest_only' retrieved from /home/airflow/.local/lib/python3.8/site-packages/airflow/example_dags/example_latest_only.py
[2026-05-19T19:22:54.428+0000] {logging_mixin.py:188} INFO - [2026-05-19T19:22:54.428+0000] {dag.py:3047} INFO - Sync 1 DAGs
[2026-05-19T19:22:54.450+0000] {logging_mixin.py:188} INFO - [2026-05-19T19:22:54.450+0000] {dag.py:3834} INFO - Setting next_dagrun for latest_only to 2026-05-19 12:00:00+00:00, run_after=2026-05-19 16:00:00+00:00
[2026-05-19T19:22:54.471+0000] {processor.py:183} INFO - Processing /home/airflow/.local/lib/python3.8/site-packages/airflow/example_dags/example_latest_only.py took 0.075 seconds
[2026-05-19T19:23:25.214+0000] {processor.py:161} INFO - Started process (PID=8597) to work on /home/airflow/.local/lib/python3.8/site-packages/airflow/example_dags/example_latest_only.py
[2026-05-19T19:23:25.216+0000] {processor.py:830} INFO - Processing file /home/airflow/.local/lib/python3.8/site-packages/airflow/example_dags/example_latest_only.py for tasks to queue
[2026-05-19T19:23:25.219+0000] {logging_mixin.py:188} INFO - [2026-05-19T19:23:25.219+0000] {dagbag.py:540} INFO - Filling up the DagBag from /home/airflow/.local/lib/python3.8/site-packages/airflow/example_dags/example_latest_only.py
[2026-05-19T19:23:25.226+0000] {processor.py:840} INFO - DAG(s) 'latest_only' retrieved from /home/airflow/.local/lib/python3.8/site-packages/airflow/example_dags/example_latest_only.py
[2026-05-19T19:23:25.250+0000] {logging_mixin.py:188} INFO - [2026-05-19T19:23:25.250+0000] {dag.py:3047} INFO - Sync 1 DAGs
[2026-05-19T19:23:25.276+0000] {logging_mixin.py:188} INFO - [2026-05-19T19:23:25.276+0000] {dag.py:3834} INFO - Setting next_dagrun for latest_only to 2026-05-19 12:00:00+00:00, run_after=2026-05-19 16:00:00+00:00
[2026-05-19T19:23:25.306+0000] {processor.py:183} INFO - Processing /home/airflow/.local/lib/python3.8/site-packages/airflow/example_dags/example_latest_only.py took 0.096 seconds
[2026-05-19T19:23:55.975+0000] {processor.py:161} INFO - Started process (PID=8650) to work on /home/airflow/.local/lib/python3.8/site-packages/airflow/example_dags/example_latest_only.py
[2026-05-19T19:23:55.981+0000] {processor.py:830} INFO - Processing file /home/airflow/.local/lib/python3.8/site-packages/airflow/example_dags/example_latest_only.py for tasks to queue
[2026-05-19T19:23:55.987+0000] {logging_mixin.py:188} INFO - [2026-05-19T19:23:55.986+0000] {dagbag.py:540} INFO - Filling up the DagBag from /home/airflow/.local/lib/python3.8/site-packages/airflow/example_dags/example_latest_only.py
[2026-05-19T19:23:55.997+0000] {processor.py:840} INFO - DAG(s) 'latest_only' retrieved from /home/airflow/.local/lib/python3.8/site-packages/airflow/example_dags/example_latest_only.py
[2026-05-19T19:23:56.032+0000] {logging_mixin.py:188} INFO - [2026-05-19T19:23:56.032+0000] {dag.py:3047} INFO - Sync 1 DAGs
[2026-05-19T19:23:56.065+0000] {logging_mixin.py:188} INFO - [2026-05-19T19:23:56.065+0000] {dag.py:3834} INFO - Setting next_dagrun for latest_only to 2026-05-19 12:00:00+00:00, run_after=2026-05-19 16:00:00+00:00
[2026-05-19T19:23:56.095+0000] {processor.py:183} INFO - Processing /home/airflow/.local/lib/python3.8/site-packages/airflow/example_dags/example_latest_only.py took 0.126 seconds
[2026-05-19T19:24:26.944+0000] {processor.py:161} INFO - Started process (PID=8705) to work on /home/airflow/.local/lib/python3.8/site-packages/airflow/example_dags/example_latest_only.py
[2026-05-19T19:24:26.946+0000] {processor.py:830} INFO - Processing file /home/airflow/.local/lib/python3.8/site-packages/airflow/example_dags/example_latest_only.py for tasks to queue
[2026-05-19T19:24:26.950+0000] {logging_mixin.py:188} INFO - [2026-05-19T19:24:26.950+0000] {dagbag.py:540} INFO - Filling up the DagBag from /home/airflow/.local/lib/python3.8/site-packages/airflow/example_dags/example_latest_only.py
[2026-05-19T19:24:26.962+0000] {processor.py:840} INFO - DAG(s) 'latest_only' retrieved from /home/airflow/.local/lib/python3.8/site-packages/airflow/example_dags/example_latest_only.py
[2026-05-19T19:24:27.013+0000] {logging_mixin.py:188} INFO - [2026-05-19T19:24:27.013+0000] {dag.py:3047} INFO - Sync 1 DAGs
[2026-05-19T19:24:27.075+0000] {logging_mixin.py:188} INFO - [2026-05-19T19:24:27.075+0000] {dag.py:3834} INFO - Setting next_dagrun for latest_only to 2026-05-19 12:00:00+00:00, run_after=2026-05-19 16:00:00+00:00
[2026-05-19T19:24:27.127+0000] {processor.py:183} INFO - Processing /home/airflow/.local/lib/python3.8/site-packages/airflow/example_dags/example_latest_only.py took 0.188 seconds
[2026-05-19T19:24:58.120+0000] {processor.py:161} INFO - Started process (PID=8760) to work on /home/airflow/.local/lib/python3.8/site-packages/airflow/example_dags/example_latest_only.py
[2026-05-19T19:24:58.125+0000] {processor.py:830} INFO - Processing file /home/airflow/.local/lib/python3.8/site-packages/airflow/example_dags/example_latest_only.py for tasks to queue
[2026-05-19T19:24:58.133+0000] {logging_mixin.py:188} INFO - [2026-05-19T19:24:58.132+0000] {dagbag.py:540} INFO - Filling up the DagBag from /home/airflow/.local/lib/python3.8/site-packages/airflow/example_dags/example_latest_only.py
[2026-05-19T19:24:58.146+0000] {processor.py:840} INFO - DAG(s) 'latest_only' retrieved from /home/airflow/.local/lib/python3.8/site-packages/airflow/example_dags/example_latest_only.py
[2026-05-19T19:24:58.183+0000] {logging_mixin.py:188} INFO - [2026-05-19T19:24:58.183+0000] {dag.py:3047} INFO - Sync 1 DAGs
[2026-05-19T19:24:58.234+0000] {logging_mixin.py:188} INFO - [2026-05-19T19:24:58.233+0000] {dag.py:3834} INFO - Setting next_dagrun for latest_only to 2026-05-19 12:00:00+00:00, run_after=2026-05-19 16:00:00+00:00
[2026-05-19T19:24:58.284+0000] {processor.py:183} INFO - Processing /home/airflow/.local/lib/python3.8/site-packages/airflow/example_dags/example_latest_only.py took 0.173 seconds
[2026-05-19T19:25:29.008+0000] {processor.py:161} INFO - Started process (PID=8815) to work on /home/airflow/.local/lib/python3.8/site-packages/airflow/example_dags/example_latest_only.py
[2026-05-19T19:25:29.012+0000] {processor.py:830} INFO - Processing file /home/airflow/.local/lib/python3.8/site-packages/airflow/example_dags/example_latest_only.py for tasks to queue
[2026-05-19T19:25:29.018+0000] {logging_mixin.py:188} INFO - [2026-05-19T19:25:29.017+0000] {dagbag.py:540} INFO - Filling up the DagBag from /home/airflow/.local/lib/python3.8/site-packages/airflow/example_dags/example_latest_only.py
[2026-05-19T19:25:29.032+0000] {processor.py:840} INFO - DAG(s) 'latest_only' retrieved from /home/airflow/.local/lib/python3.8/site-packages/airflow/example_dags/example_latest_only.py
[2026-05-19T19:25:29.136+0000] {logging_mixin.py:188} INFO - [2026-05-19T19:25:29.136+0000] {dag.py:3047} INFO - Sync 1 DAGs
[2026-05-19T19:25:29.218+0000] {logging_mixin.py:188} INFO - [2026-05-19T19:25:29.218+0000] {dag.py:3834} INFO - Setting next_dagrun for latest_only to 2026-05-19 12:00:00+00:00, run_after=2026-05-19 16:00:00+00:00
[2026-05-19T19:25:29.295+0000] {processor.py:183} INFO - Processing /home/airflow/.local/lib/python3.8/site-packages/airflow/example_dags/example_latest_only.py took 0.301 seconds
[2026-05-19T19:25:59.613+0000] {processor.py:161} INFO - Started process (PID=8870) to work on /home/airflow/.local/lib/python3.8/site-packages/airflow/example_dags/example_latest_only.py
[2026-05-19T19:25:59.615+0000] {processor.py:830} INFO - Processing file /home/airflow/.local/lib/python3.8/site-packages/airflow/example_dags/example_latest_only.py for tasks to queue
[2026-05-19T19:25:59.618+0000] {logging_mixin.py:188} INFO - [2026-05-19T19:25:59.618+0000] {dagbag.py:540} INFO - Filling up the DagBag from /home/airflow/.local/lib/python3.8/site-packages/airflow/example_dags/example_latest_only.py
[2026-05-19T19:25:59.626+0000] {processor.py:840} INFO - DAG(s) 'latest_only' retrieved from /home/airflow/.local/lib/python3.8/site-packages/airflow/example_dags/example_latest_only.py
[2026-05-19T19:25:59.655+0000] {logging_mixin.py:188} INFO - [2026-05-19T19:25:59.655+0000] {dag.py:3047} INFO - Sync 1 DAGs
[2026-05-19T19:25:59.682+0000] {logging_mixin.py:188} INFO - [2026-05-19T19:25:59.682+0000] {dag.py:3834} INFO - Setting next_dagrun for latest_only to 2026-05-19 12:00:00+00:00, run_after=2026-05-19 16:00:00+00:00
[2026-05-19T19:25:59.714+0000] {processor.py:183} INFO - Processing /home/airflow/.local/lib/python3.8/site-packages/airflow/example_dags/example_latest_only.py took 0.105 seconds
[2026-05-19T19:26:29.762+0000] {processor.py:161} INFO - Started process (PID=8924) to work on /home/airflow/.local/lib/python3.8/site-packages/airflow/example_dags/example_latest_only.py
[2026-05-19T19:26:29.764+0000] {processor.py:830} INFO - Processing file /home/airflow/.local/lib/python3.8/site-packages/airflow/example_dags/example_latest_only.py for tasks to queue
[2026-05-19T19:26:29.767+0000] {logging_mixin.py:188} INFO - [2026-05-19T19:26:29.767+0000] {dagbag.py:540} INFO - Filling up the DagBag from /home/airflow/.local/lib/python3.8/site-packages/airflow/example_dags/example_latest_only.py
[2026-05-19T19:26:29.778+0000] {processor.py:840} INFO - DAG(s) 'latest_only' retrieved from /home/airflow/.local/lib/python3.8/site-packages/airflow/example_dags/example_latest_only.py
[2026-05-19T19:26:29.812+0000] {logging_mixin.py:188} INFO - [2026-05-19T19:26:29.812+0000] {dag.py:3047} INFO - Sync 1 DAGs
[2026-05-19T19:26:29.850+0000] {logging_mixin.py:188} INFO - [2026-05-19T19:26:29.850+0000] {dag.py:3834} INFO - Setting next_dagrun for latest_only to 2026-05-19 12:00:00+00:00, run_after=2026-05-19 16:00:00+00:00
[2026-05-19T19:26:29.888+0000] {processor.py:183} INFO - Processing /home/airflow/.local/lib/python3.8/site-packages/airflow/example_dags/example_latest_only.py took 0.132 seconds
[2026-05-19T19:26:59.984+0000] {processor.py:161} INFO - Started process (PID=8979) to work on /home/airflow/.local/lib/python3.8/site-packages/airflow/example_dags/example_latest_only.py
[2026-05-19T19:26:59.985+0000] {processor.py:830} INFO - Processing file /home/airflow/.local/lib/python3.8/site-packages/airflow/example_dags/example_latest_only.py for tasks to queue
[2026-05-19T19:26:59.988+0000] {logging_mixin.py:188} INFO - [2026-05-19T19:26:59.988+0000] {dagbag.py:540} INFO - Filling up the DagBag from /home/airflow/.local/lib/python3.8/site-packages/airflow/example_dags/example_latest_only.py
[2026-05-19T19:27:00.014+0000] {processor.py:840} INFO - DAG(s) 'latest_only' retrieved from /home/airflow/.local/lib/python3.8/site-packages/airflow/example_dags/example_latest_only.py
[2026-05-19T19:27:00.074+0000] {logging_mixin.py:188} INFO - [2026-05-19T19:27:00.074+0000] {dag.py:3047} INFO - Sync 1 DAGs
[2026-05-19T19:27:00.137+0000] {logging_mixin.py:188} INFO - [2026-05-19T19:27:00.137+0000] {dag.py:3834} INFO - Setting next_dagrun for latest_only to 2026-05-19 12:00:00+00:00, run_after=2026-05-19 16:00:00+00:00
[2026-05-19T19:27:00.222+0000] {processor.py:183} INFO - Processing /home/airflow/.local/lib/python3.8/site-packages/airflow/example_dags/example_latest_only.py took 0.243 seconds
[2026-05-19T19:27:30.346+0000] {processor.py:161} INFO - Started process (PID=9034) to work on /home/airflow/.local/lib/python3.8/site-packages/airflow/example_dags/example_latest_only.py
[2026-05-19T19:27:30.348+0000] {processor.py:830} INFO - Processing file /home/airflow/.local/lib/python3.8/site-packages/airflow/example_dags/example_latest_only.py for tasks to queue
[2026-05-19T19:27:30.351+0000] {logging_mixin.py:188} INFO - [2026-05-19T19:27:30.350+0000] {dagbag.py:540} INFO - Filling up the DagBag from /home/airflow/.local/lib/python3.8/site-packages/airflow/example_dags/example_latest_only.py
[2026-05-19T19:27:30.360+0000] {processor.py:840} INFO - DAG(s) 'latest_only' retrieved from /home/airflow/.local/lib/python3.8/site-packages/airflow/example_dags/example_latest_only.py
[2026-05-19T19:27:30.387+0000] {logging_mixin.py:188} INFO - [2026-05-19T19:27:30.387+0000] {dag.py:3047} INFO - Sync 1 DAGs
[2026-05-19T19:27:30.409+0000] {logging_mixin.py:188} INFO - [2026-05-19T19:27:30.409+0000] {dag.py:3834} INFO - Setting next_dagrun for latest_only to 2026-05-19 12:00:00+00:00, run_after=2026-05-19 16:00:00+00:00
[2026-05-19T19:27:30.433+0000] {processor.py:183} INFO - Processing /home/airflow/.local/lib/python3.8/site-packages/airflow/example_dags/example_latest_only.py took 0.091 seconds
[2026-05-19T19:28:01.703+0000] {processor.py:161} INFO - Started process (PID=9089) to work on /home/airflow/.local/lib/python3.8/site-packages/airflow/example_dags/example_latest_only.py
[2026-05-19T19:28:01.707+0000] {processor.py:830} INFO - Processing file /home/airflow/.local/lib/python3.8/site-packages/airflow/example_dags/example_latest_only.py for tasks to queue
[2026-05-19T19:28:01.755+0000] {logging_mixin.py:188} INFO - [2026-05-19T19:28:01.754+0000] {dagbag.py:540} INFO - Filling up the DagBag from /home/airflow/.local/lib/python3.8/site-packages/airflow/example_dags/example_latest_only.py
[2026-05-19T19:28:01.810+0000] {processor.py:840} INFO - DAG(s) 'latest_only' retrieved from /home/airflow/.local/lib/python3.8/site-packages/airflow/example_dags/example_latest_only.py
[2026-05-19T19:28:01.875+0000] {logging_mixin.py:188} INFO - [2026-05-19T19:28:01.875+0000] {dag.py:3047} INFO - Sync 1 DAGs
[2026-05-19T19:28:01.934+0000] {logging_mixin.py:188} INFO - [2026-05-19T19:28:01.934+0000] {dag.py:3834} INFO - Setting next_dagrun for latest_only to 2026-05-19 12:00:00+00:00, run_after=2026-05-19 16:00:00+00:00
[2026-05-19T19:28:01.976+0000] {processor.py:183} INFO - Processing /home/airflow/.local/lib/python3.8/site-packages/airflow/example_dags/example_latest_only.py took 0.287 seconds
[2026-05-19T19:28:32.282+0000] {processor.py:161} INFO - Started process (PID=9144) to work on /home/airflow/.local/lib/python3.8/site-packages/airflow/example_dags/example_latest_only.py
[2026-05-19T19:28:32.287+0000] {processor.py:830} INFO - Processing file /home/airflow/.local/lib/python3.8/site-packages/airflow/example_dags/example_latest_only.py for tasks to queue
[2026-05-19T19:28:32.296+0000] {logging_mixin.py:188} INFO - [2026-05-19T19:28:32.295+0000] {dagbag.py:540} INFO - Filling up the DagBag from /home/airflow/.local/lib/python3.8/site-packages/airflow/example_dags/example_latest_only.py
[2026-05-19T19:28:32.322+0000] {processor.py:840} INFO - DAG(s) 'latest_only' retrieved from /home/airflow/.local/lib/python3.8/site-packages/airflow/example_dags/example_latest_only.py
[2026-05-19T19:28:32.434+0000] {logging_mixin.py:188} INFO - [2026-05-19T19:28:32.433+0000] {dag.py:3047} INFO - Sync 1 DAGs
[2026-05-19T19:28:32.504+0000] {logging_mixin.py:188} INFO - [2026-05-19T19:28:32.504+0000] {dag.py:3834} INFO - Setting next_dagrun for latest_only to 2026-05-19 12:00:00+00:00, run_after=2026-05-19 16:00:00+00:00
[2026-05-19T19:28:32.574+0000] {processor.py:183} INFO - Processing /home/airflow/.local/lib/python3.8/site-packages/airflow/example_dags/example_latest_only.py took 0.304 seconds
[2026-05-19T19:29:03.394+0000] {processor.py:161} INFO - Started process (PID=9200) to work on /home/airflow/.local/lib/python3.8/site-packages/airflow/example_dags/example_latest_only.py
[2026-05-19T19:29:03.396+0000] {processor.py:830} INFO - Processing file /home/airflow/.local/lib/python3.8/site-packages/airflow/example_dags/example_latest_only.py for tasks to queue
[2026-05-19T19:29:03.400+0000] {logging_mixin.py:188} INFO - [2026-05-19T19:29:03.400+0000] {dagbag.py:540} INFO - Filling up the DagBag from /home/airflow/.local/lib/python3.8/site-packages/airflow/example_dags/example_latest_only.py
[2026-05-19T19:29:03.408+0000] {processor.py:840} INFO - DAG(s) 'latest_only' retrieved from /home/airflow/.local/lib/python3.8/site-packages/airflow/example_dags/example_latest_only.py
[2026-05-19T19:29:03.437+0000] {logging_mixin.py:188} INFO - [2026-05-19T19:29:03.436+0000] {dag.py:3047} INFO - Sync 1 DAGs
[2026-05-19T19:29:03.466+0000] {logging_mixin.py:188} INFO - [2026-05-19T19:29:03.466+0000] {dag.py:3834} INFO - Setting next_dagrun for latest_only to 2026-05-19 12:00:00+00:00, run_after=2026-05-19 16:00:00+00:00
[2026-05-19T19:29:03.501+0000] {processor.py:183} INFO - Processing /home/airflow/.local/lib/python3.8/site-packages/airflow/example_dags/example_latest_only.py took 0.111 seconds
[2026-05-19T19:29:34.554+0000] {processor.py:161} INFO - Started process (PID=9255) to work on /home/airflow/.local/lib/python3.8/site-packages/airflow/example_dags/example_latest_only.py
[2026-05-19T19:29:34.563+0000] {processor.py:830} INFO - Processing file /home/airflow/.local/lib/python3.8/site-packages/airflow/example_dags/example_latest_only.py for tasks to queue
[2026-05-19T19:29:34.574+0000] {logging_mixin.py:188} INFO - [2026-05-19T19:29:34.574+0000] {dagbag.py:540} INFO - Filling up the DagBag from /home/airflow/.local/lib/python3.8/site-packages/airflow/example_dags/example_latest_only.py
[2026-05-19T19:29:34.598+0000] {processor.py:840} INFO - DAG(s) 'latest_only' retrieved from /home/airflow/.local/lib/python3.8/site-packages/airflow/example_dags/example_latest_only.py
[2026-05-19T19:29:34.749+0000] {logging_mixin.py:188} INFO - [2026-05-19T19:29:34.748+0000] {dag.py:3047} INFO - Sync 1 DAGs
[2026-05-19T19:29:34.959+0000] {logging_mixin.py:188} INFO - [2026-05-19T19:29:34.958+0000] {dag.py:3834} INFO - Setting next_dagrun for latest_only to 2026-05-19 12:00:00+00:00, run_after=2026-05-19 16:00:00+00:00
[2026-05-19T19:29:35.082+0000] {processor.py:183} INFO - Processing /home/airflow/.local/lib/python3.8/site-packages/airflow/example_dags/example_latest_only.py took 0.535 seconds
[2026-05-19T19:30:06.350+0000] {processor.py:161} INFO - Started process (PID=9310) to work on /home/airflow/.local/lib/python3.8/site-packages/airflow/example_dags/example_latest_only.py
[2026-05-19T19:30:06.353+0000] {processor.py:830} INFO - Processing file /home/airflow/.local/lib/python3.8/site-packages/airflow/example_dags/example_latest_only.py for tasks to queue
[2026-05-19T19:30:06.359+0000] {logging_mixin.py:188} INFO - [2026-05-19T19:30:06.358+0000] {dagbag.py:540} INFO - Filling up the DagBag from /home/airflow/.local/lib/python3.8/site-packages/airflow/example_dags/example_latest_only.py
[2026-05-19T19:30:06.374+0000] {processor.py:840} INFO - DAG(s) 'latest_only' retrieved from /home/airflow/.local/lib/python3.8/site-packages/airflow/example_dags/example_latest_only.py
[2026-05-19T19:30:06.417+0000] {logging_mixin.py:188} INFO - [2026-05-19T19:30:06.416+0000] {dag.py:3047} INFO - Sync 1 DAGs
[2026-05-19T19:30:06.475+0000] {logging_mixin.py:188} INFO - [2026-05-19T19:30:06.475+0000] {dag.py:3834} INFO - Setting next_dagrun for latest_only to 2026-05-19 12:00:00+00:00, run_after=2026-05-19 16:00:00+00:00
[2026-05-19T19:30:06.557+0000] {processor.py:183} INFO - Processing /home/airflow/.local/lib/python3.8/site-packages/airflow/example_dags/example_latest_only.py took 0.213 seconds
[2026-05-19T19:30:36.938+0000] {processor.py:161} INFO - Started process (PID=9365) to work on /home/airflow/.local/lib/python3.8/site-packages/airflow/example_dags/example_latest_only.py
[2026-05-19T19:30:36.941+0000] {processor.py:830} INFO - Processing file /home/airflow/.local/lib/python3.8/site-packages/airflow/example_dags/example_latest_only.py for tasks to queue
[2026-05-19T19:30:36.946+0000] {logging_mixin.py:188} INFO - [2026-05-19T19:30:36.945+0000] {dagbag.py:540} INFO - Filling up the DagBag from /home/airflow/.local/lib/python3.8/site-packages/airflow/example_dags/example_latest_only.py
[2026-05-19T19:30:36.957+0000] {processor.py:840} INFO - DAG(s) 'latest_only' retrieved from /home/airflow/.local/lib/python3.8/site-packages/airflow/example_dags/example_latest_only.py
[2026-05-19T19:30:36.996+0000] {logging_mixin.py:188} INFO - [2026-05-19T19:30:36.995+0000] {dag.py:3047} INFO - Sync 1 DAGs
[2026-05-19T19:30:37.030+0000] {logging_mixin.py:188} INFO - [2026-05-19T19:30:37.030+0000] {dag.py:3834} INFO - Setting next_dagrun for latest_only to 2026-05-19 12:00:00+00:00, run_after=2026-05-19 16:00:00+00:00
[2026-05-19T19:30:37.065+0000] {processor.py:183} INFO - Processing /home/airflow/.local/lib/python3.8/site-packages/airflow/example_dags/example_latest_only.py took 0.131 seconds
[2026-05-19T19:31:07.372+0000] {processor.py:161} INFO - Started process (PID=9420) to work on /home/airflow/.local/lib/python3.8/site-packages/airflow/example_dags/example_latest_only.py
[2026-05-19T19:31:07.374+0000] {processor.py:830} INFO - Processing file /home/airflow/.local/lib/python3.8/site-packages/airflow/example_dags/example_latest_only.py for tasks to queue
[2026-05-19T19:31:07.379+0000] {logging_mixin.py:188} INFO - [2026-05-19T19:31:07.378+0000] {dagbag.py:540} INFO - Filling up the DagBag from /home/airflow/.local/lib/python3.8/site-packages/airflow/example_dags/example_latest_only.py
[2026-05-19T19:31:07.388+0000] {processor.py:840} INFO - DAG(s) 'latest_only' retrieved from /home/airflow/.local/lib/python3.8/site-packages/airflow/example_dags/example_latest_only.py
[2026-05-19T19:31:07.427+0000] {logging_mixin.py:188} INFO - [2026-05-19T19:31:07.426+0000] {dag.py:3047} INFO - Sync 1 DAGs
[2026-05-19T19:31:07.457+0000] {logging_mixin.py:188} INFO - [2026-05-19T19:31:07.456+0000] {dag.py:3834} INFO - Setting next_dagrun for latest_only to 2026-05-19 12:00:00+00:00, run_after=2026-05-19 16:00:00+00:00
[2026-05-19T19:31:07.486+0000] {processor.py:183} INFO - Processing /home/airflow/.local/lib/python3.8/site-packages/airflow/example_dags/example_latest_only.py took 0.121 seconds
[2026-05-19T19:31:38.338+0000] {processor.py:161} INFO - Started process (PID=9475) to work on /home/airflow/.local/lib/python3.8/site-packages/airflow/example_dags/example_latest_only.py
[2026-05-19T19:31:38.341+0000] {processor.py:830} INFO - Processing file /home/airflow/.local/lib/python3.8/site-packages/airflow/example_dags/example_latest_only.py for tasks to queue
[2026-05-19T19:31:38.345+0000] {logging_mixin.py:188} INFO - [2026-05-19T19:31:38.344+0000] {dagbag.py:540} INFO - Filling up the DagBag from /home/airflow/.local/lib/python3.8/site-packages/airflow/example_dags/example_latest_only.py
[2026-05-19T19:31:38.355+0000] {processor.py:840} INFO - DAG(s) 'latest_only' retrieved from /home/airflow/.local/lib/python3.8/site-packages/airflow/example_dags/example_latest_only.py
[2026-05-19T19:31:38.404+0000] {logging_mixin.py:188} INFO - [2026-05-19T19:31:38.403+0000] {dag.py:3047} INFO - Sync 1 DAGs
[2026-05-19T19:31:38.458+0000] {logging_mixin.py:188} INFO - [2026-05-19T19:31:38.457+0000] {dag.py:3834} INFO - Setting next_dagrun for latest_only to 2026-05-19 12:00:00+00:00, run_after=2026-05-19 16:00:00+00:00
[2026-05-19T19:31:38.497+0000] {processor.py:183} INFO - Processing /home/airflow/.local/lib/python3.8/site-packages/airflow/example_dags/example_latest_only.py took 0.166 seconds
[2026-05-19T19:32:08.760+0000] {processor.py:161} INFO - Started process (PID=9530) to work on /home/airflow/.local/lib/python3.8/site-packages/airflow/example_dags/example_latest_only.py
[2026-05-19T19:32:08.761+0000] {processor.py:830} INFO - Processing file /home/airflow/.local/lib/python3.8/site-packages/airflow/example_dags/example_latest_only.py for tasks to queue
[2026-05-19T19:32:08.765+0000] {logging_mixin.py:188} INFO - [2026-05-19T19:32:08.764+0000] {dagbag.py:540} INFO - Filling up the DagBag from /home/airflow/.local/lib/python3.8/site-packages/airflow/example_dags/example_latest_only.py
[2026-05-19T19:32:08.775+0000] {processor.py:840} INFO - DAG(s) 'latest_only' retrieved from /home/airflow/.local/lib/python3.8/site-packages/airflow/example_dags/example_latest_only.py
[2026-05-19T19:32:08.808+0000] {logging_mixin.py:188} INFO - [2026-05-19T19:32:08.807+0000] {dag.py:3047} INFO - Sync 1 DAGs
[2026-05-19T19:32:08.839+0000] {logging_mixin.py:188} INFO - [2026-05-19T19:32:08.839+0000] {dag.py:3834} INFO - Setting next_dagrun for latest_only to 2026-05-19 12:00:00+00:00, run_after=2026-05-19 16:00:00+00:00
[2026-05-19T19:32:08.871+0000] {processor.py:183} INFO - Processing /home/airflow/.local/lib/python3.8/site-packages/airflow/example_dags/example_latest_only.py took 0.116 seconds
[2026-05-19T19:32:39.168+0000] {processor.py:161} INFO - Started process (PID=9585) to work on /home/airflow/.local/lib/python3.8/site-packages/airflow/example_dags/example_latest_only.py
[2026-05-19T19:32:39.169+0000] {processor.py:830} INFO - Processing file /home/airflow/.local/lib/python3.8/site-packages/airflow/example_dags/example_latest_only.py for tasks to queue
[2026-05-19T19:32:39.172+0000] {logging_mixin.py:188} INFO - [2026-05-19T19:32:39.172+0000] {dagbag.py:540} INFO - Filling up the DagBag from /home/airflow/.local/lib/python3.8/site-packages/airflow/example_dags/example_latest_only.py
[2026-05-19T19:32:39.181+0000] {processor.py:840} INFO - DAG(s) 'latest_only' retrieved from /home/airflow/.local/lib/python3.8/site-packages/airflow/example_dags/example_latest_only.py
[2026-05-19T19:32:39.211+0000] {logging_mixin.py:188} INFO - [2026-05-19T19:32:39.211+0000] {dag.py:3047} INFO - Sync 1 DAGs
[2026-05-19T19:32:39.237+0000] {logging_mixin.py:188} INFO - [2026-05-19T19:32:39.237+0000] {dag.py:3834} INFO - Setting next_dagrun for latest_only to 2026-05-19 12:00:00+00:00, run_after=2026-05-19 16:00:00+00:00
[2026-05-19T19:32:39.267+0000] {processor.py:183} INFO - Processing /home/airflow/.local/lib/python3.8/site-packages/airflow/example_dags/example_latest_only.py took 0.104 seconds
[2026-05-19T19:33:10.136+0000] {processor.py:161} INFO - Started process (PID=9640) to work on /home/airflow/.local/lib/python3.8/site-packages/airflow/example_dags/example_latest_only.py
[2026-05-19T19:33:10.138+0000] {processor.py:830} INFO - Processing file /home/airflow/.local/lib/python3.8/site-packages/airflow/example_dags/example_latest_only.py for tasks to queue
[2026-05-19T19:33:10.141+0000] {logging_mixin.py:188} INFO - [2026-05-19T19:33:10.141+0000] {dagbag.py:540} INFO - Filling up the DagBag from /home/airflow/.local/lib/python3.8/site-packages/airflow/example_dags/example_latest_only.py
[2026-05-19T19:33:10.149+0000] {processor.py:840} INFO - DAG(s) 'latest_only' retrieved from /home/airflow/.local/lib/python3.8/site-packages/airflow/example_dags/example_latest_only.py
[2026-05-19T19:33:10.179+0000] {logging_mixin.py:188} INFO - [2026-05-19T19:33:10.178+0000] {dag.py:3047} INFO - Sync 1 DAGs
[2026-05-19T19:33:10.208+0000] {logging_mixin.py:188} INFO - [2026-05-19T19:33:10.208+0000] {dag.py:3834} INFO - Setting next_dagrun for latest_only to 2026-05-19 12:00:00+00:00, run_after=2026-05-19 16:00:00+00:00
[2026-05-19T19:33:10.236+0000] {processor.py:183} INFO - Processing /home/airflow/.local/lib/python3.8/site-packages/airflow/example_dags/example_latest_only.py took 0.105 seconds
[2026-05-19T19:33:40.862+0000] {processor.py:161} INFO - Started process (PID=9695) to work on /home/airflow/.local/lib/python3.8/site-packages/airflow/example_dags/example_latest_only.py
[2026-05-19T19:33:40.865+0000] {processor.py:830} INFO - Processing file /home/airflow/.local/lib/python3.8/site-packages/airflow/example_dags/example_latest_only.py for tasks to queue
[2026-05-19T19:33:40.868+0000] {logging_mixin.py:188} INFO - [2026-05-19T19:33:40.868+0000] {dagbag.py:540} INFO - Filling up the DagBag from /home/airflow/.local/lib/python3.8/site-packages/airflow/example_dags/example_latest_only.py
[2026-05-19T19:33:40.878+0000] {processor.py:840} INFO - DAG(s) 'latest_only' retrieved from /home/airflow/.local/lib/python3.8/site-packages/airflow/example_dags/example_latest_only.py
[2026-05-19T19:33:40.925+0000] {logging_mixin.py:188} INFO - [2026-05-19T19:33:40.925+0000] {dag.py:3047} INFO - Sync 1 DAGs
[2026-05-19T19:33:40.988+0000] {logging_mixin.py:188} INFO - [2026-05-19T19:33:40.988+0000] {dag.py:3834} INFO - Setting next_dagrun for latest_only to 2026-05-19 12:00:00+00:00, run_after=2026-05-19 16:00:00+00:00
[2026-05-19T19:33:41.079+0000] {processor.py:183} INFO - Processing /home/airflow/.local/lib/python3.8/site-packages/airflow/example_dags/example_latest_only.py took 0.222 seconds
