[2026-05-19T19:18:21.562+0000] {processor.py:161} INFO - Started process (PID=8062) to work on /home/airflow/.local/lib/python3.8/site-packages/airflow/example_dags/example_branch_labels.py
[2026-05-19T19:18:21.567+0000] {processor.py:830} INFO - Processing file /home/airflow/.local/lib/python3.8/site-packages/airflow/example_dags/example_branch_labels.py for tasks to queue
[2026-05-19T19:18:21.579+0000] {logging_mixin.py:188} INFO - [2026-05-19T19:18:21.577+0000] {dagbag.py:540} INFO - Filling up the DagBag from /home/airflow/.local/lib/python3.8/site-packages/airflow/example_dags/example_branch_labels.py
[2026-05-19T19:18:21.608+0000] {processor.py:840} INFO - DAG(s) 'example_branch_labels' retrieved from /home/airflow/.local/lib/python3.8/site-packages/airflow/example_dags/example_branch_labels.py
[2026-05-19T19:18:21.683+0000] {logging_mixin.py:188} INFO - [2026-05-19T19:18:21.682+0000] {dag.py:3047} INFO - Sync 1 DAGs
[2026-05-19T19:18:21.787+0000] {logging_mixin.py:188} INFO - [2026-05-19T19:18:21.785+0000] {dag.py:3834} INFO - Setting next_dagrun for example_branch_labels to 2026-05-18 00:00:00+00:00, run_after=2026-05-19 00:00:00+00:00
[2026-05-19T19:18:21.894+0000] {processor.py:183} INFO - Processing /home/airflow/.local/lib/python3.8/site-packages/airflow/example_dags/example_branch_labels.py took 0.342 seconds
[2026-05-19T19:18:52.323+0000] {processor.py:161} INFO - Started process (PID=8117) to work on /home/airflow/.local/lib/python3.8/site-packages/airflow/example_dags/example_branch_labels.py
[2026-05-19T19:18:52.324+0000] {processor.py:830} INFO - Processing file /home/airflow/.local/lib/python3.8/site-packages/airflow/example_dags/example_branch_labels.py for tasks to queue
[2026-05-19T19:18:52.326+0000] {logging_mixin.py:188} INFO - [2026-05-19T19:18:52.326+0000] {dagbag.py:540} INFO - Filling up the DagBag from /home/airflow/.local/lib/python3.8/site-packages/airflow/example_dags/example_branch_labels.py
[2026-05-19T19:18:52.334+0000] {processor.py:840} INFO - DAG(s) 'example_branch_labels' retrieved from /home/airflow/.local/lib/python3.8/site-packages/airflow/example_dags/example_branch_labels.py
[2026-05-19T19:18:52.355+0000] {logging_mixin.py:188} INFO - [2026-05-19T19:18:52.354+0000] {dag.py:3047} INFO - Sync 1 DAGs
[2026-05-19T19:18:52.375+0000] {logging_mixin.py:188} INFO - [2026-05-19T19:18:52.375+0000] {dag.py:3834} INFO - Setting next_dagrun for example_branch_labels to 2026-05-18 00:00:00+00:00, run_after=2026-05-19 00:00:00+00:00
[2026-05-19T19:18:52.395+0000] {processor.py:183} INFO - Processing /home/airflow/.local/lib/python3.8/site-packages/airflow/example_dags/example_branch_labels.py took 0.075 seconds
[2026-05-19T19:19:22.772+0000] {processor.py:161} INFO - Started process (PID=8171) to work on /home/airflow/.local/lib/python3.8/site-packages/airflow/example_dags/example_branch_labels.py
[2026-05-19T19:19:22.773+0000] {processor.py:830} INFO - Processing file /home/airflow/.local/lib/python3.8/site-packages/airflow/example_dags/example_branch_labels.py for tasks to queue
[2026-05-19T19:19:22.775+0000] {logging_mixin.py:188} INFO - [2026-05-19T19:19:22.775+0000] {dagbag.py:540} INFO - Filling up the DagBag from /home/airflow/.local/lib/python3.8/site-packages/airflow/example_dags/example_branch_labels.py
[2026-05-19T19:19:22.783+0000] {processor.py:840} INFO - DAG(s) 'example_branch_labels' retrieved from /home/airflow/.local/lib/python3.8/site-packages/airflow/example_dags/example_branch_labels.py
[2026-05-19T19:19:22.801+0000] {logging_mixin.py:188} INFO - [2026-05-19T19:19:22.801+0000] {dag.py:3047} INFO - Sync 1 DAGs
[2026-05-19T19:19:22.819+0000] {logging_mixin.py:188} INFO - [2026-05-19T19:19:22.819+0000] {dag.py:3834} INFO - Setting next_dagrun for example_branch_labels to 2026-05-18 00:00:00+00:00, run_after=2026-05-19 00:00:00+00:00
[2026-05-19T19:19:22.835+0000] {processor.py:183} INFO - Processing /home/airflow/.local/lib/python3.8/site-packages/airflow/example_dags/example_branch_labels.py took 0.067 seconds
[2026-05-19T19:19:53.558+0000] {processor.py:161} INFO - Started process (PID=8227) to work on /home/airflow/.local/lib/python3.8/site-packages/airflow/example_dags/example_branch_labels.py
[2026-05-19T19:19:53.560+0000] {processor.py:830} INFO - Processing file /home/airflow/.local/lib/python3.8/site-packages/airflow/example_dags/example_branch_labels.py for tasks to queue
[2026-05-19T19:19:53.562+0000] {logging_mixin.py:188} INFO - [2026-05-19T19:19:53.562+0000] {dagbag.py:540} INFO - Filling up the DagBag from /home/airflow/.local/lib/python3.8/site-packages/airflow/example_dags/example_branch_labels.py
[2026-05-19T19:19:53.569+0000] {processor.py:840} INFO - DAG(s) 'example_branch_labels' retrieved from /home/airflow/.local/lib/python3.8/site-packages/airflow/example_dags/example_branch_labels.py
[2026-05-19T19:19:53.587+0000] {logging_mixin.py:188} INFO - [2026-05-19T19:19:53.587+0000] {dag.py:3047} INFO - Sync 1 DAGs
[2026-05-19T19:19:53.604+0000] {logging_mixin.py:188} INFO - [2026-05-19T19:19:53.604+0000] {dag.py:3834} INFO - Setting next_dagrun for example_branch_labels to 2026-05-18 00:00:00+00:00, run_after=2026-05-19 00:00:00+00:00
[2026-05-19T19:19:53.617+0000] {processor.py:183} INFO - Processing /home/airflow/.local/lib/python3.8/site-packages/airflow/example_dags/example_branch_labels.py took 0.062 seconds
[2026-05-19T19:20:24.596+0000] {processor.py:161} INFO - Started process (PID=8282) to work on /home/airflow/.local/lib/python3.8/site-packages/airflow/example_dags/example_branch_labels.py
[2026-05-19T19:20:24.598+0000] {processor.py:830} INFO - Processing file /home/airflow/.local/lib/python3.8/site-packages/airflow/example_dags/example_branch_labels.py for tasks to queue
[2026-05-19T19:20:24.602+0000] {logging_mixin.py:188} INFO - [2026-05-19T19:20:24.601+0000] {dagbag.py:540} INFO - Filling up the DagBag from /home/airflow/.local/lib/python3.8/site-packages/airflow/example_dags/example_branch_labels.py
[2026-05-19T19:20:24.611+0000] {processor.py:840} INFO - DAG(s) 'example_branch_labels' retrieved from /home/airflow/.local/lib/python3.8/site-packages/airflow/example_dags/example_branch_labels.py
[2026-05-19T19:20:24.643+0000] {logging_mixin.py:188} INFO - [2026-05-19T19:20:24.643+0000] {dag.py:3047} INFO - Sync 1 DAGs
[2026-05-19T19:20:24.672+0000] {logging_mixin.py:188} INFO - [2026-05-19T19:20:24.671+0000] {dag.py:3834} INFO - Setting next_dagrun for example_branch_labels to 2026-05-18 00:00:00+00:00, run_after=2026-05-19 00:00:00+00:00
[2026-05-19T19:20:24.703+0000] {processor.py:183} INFO - Processing /home/airflow/.local/lib/python3.8/site-packages/airflow/example_dags/example_branch_labels.py took 0.111 seconds
[2026-05-19T19:20:55.609+0000] {processor.py:161} INFO - Started process (PID=8337) to work on /home/airflow/.local/lib/python3.8/site-packages/airflow/example_dags/example_branch_labels.py
[2026-05-19T19:20:55.611+0000] {processor.py:830} INFO - Processing file /home/airflow/.local/lib/python3.8/site-packages/airflow/example_dags/example_branch_labels.py for tasks to queue
[2026-05-19T19:20:55.613+0000] {logging_mixin.py:188} INFO - [2026-05-19T19:20:55.613+0000] {dagbag.py:540} INFO - Filling up the DagBag from /home/airflow/.local/lib/python3.8/site-packages/airflow/example_dags/example_branch_labels.py
[2026-05-19T19:20:55.623+0000] {processor.py:840} INFO - DAG(s) 'example_branch_labels' retrieved from /home/airflow/.local/lib/python3.8/site-packages/airflow/example_dags/example_branch_labels.py
[2026-05-19T19:20:55.650+0000] {logging_mixin.py:188} INFO - [2026-05-19T19:20:55.650+0000] {dag.py:3047} INFO - Sync 1 DAGs
[2026-05-19T19:20:55.680+0000] {logging_mixin.py:188} INFO - [2026-05-19T19:20:55.680+0000] {dag.py:3834} INFO - Setting next_dagrun for example_branch_labels to 2026-05-18 00:00:00+00:00, run_after=2026-05-19 00:00:00+00:00
[2026-05-19T19:20:55.705+0000] {processor.py:183} INFO - Processing /home/airflow/.local/lib/python3.8/site-packages/airflow/example_dags/example_branch_labels.py took 0.100 seconds
[2026-05-19T19:21:25.852+0000] {processor.py:161} INFO - Started process (PID=8393) to work on /home/airflow/.local/lib/python3.8/site-packages/airflow/example_dags/example_branch_labels.py
[2026-05-19T19:21:25.862+0000] {processor.py:830} INFO - Processing file /home/airflow/.local/lib/python3.8/site-packages/airflow/example_dags/example_branch_labels.py for tasks to queue
[2026-05-19T19:21:25.872+0000] {logging_mixin.py:188} INFO - [2026-05-19T19:21:25.872+0000] {dagbag.py:540} INFO - Filling up the DagBag from /home/airflow/.local/lib/python3.8/site-packages/airflow/example_dags/example_branch_labels.py
[2026-05-19T19:21:25.900+0000] {processor.py:840} INFO - DAG(s) 'example_branch_labels' retrieved from /home/airflow/.local/lib/python3.8/site-packages/airflow/example_dags/example_branch_labels.py
[2026-05-19T19:21:26.004+0000] {logging_mixin.py:188} INFO - [2026-05-19T19:21:26.004+0000] {dag.py:3047} INFO - Sync 1 DAGs
[2026-05-19T19:21:26.086+0000] {logging_mixin.py:188} INFO - [2026-05-19T19:21:26.085+0000] {dag.py:3834} INFO - Setting next_dagrun for example_branch_labels to 2026-05-18 00:00:00+00:00, run_after=2026-05-19 00:00:00+00:00
[2026-05-19T19:21:26.133+0000] {processor.py:183} INFO - Processing /home/airflow/.local/lib/python3.8/site-packages/airflow/example_dags/example_branch_labels.py took 0.286 seconds
[2026-05-19T19:21:56.479+0000] {processor.py:161} INFO - Started process (PID=8448) to work on /home/airflow/.local/lib/python3.8/site-packages/airflow/example_dags/example_branch_labels.py
[2026-05-19T19:21:56.517+0000] {processor.py:830} INFO - Processing file /home/airflow/.local/lib/python3.8/site-packages/airflow/example_dags/example_branch_labels.py for tasks to queue
[2026-05-19T19:21:56.553+0000] {logging_mixin.py:188} INFO - [2026-05-19T19:21:56.552+0000] {dagbag.py:540} INFO - Filling up the DagBag from /home/airflow/.local/lib/python3.8/site-packages/airflow/example_dags/example_branch_labels.py
[2026-05-19T19:21:56.577+0000] {processor.py:840} INFO - DAG(s) 'example_branch_labels' retrieved from /home/airflow/.local/lib/python3.8/site-packages/airflow/example_dags/example_branch_labels.py
[2026-05-19T19:21:56.654+0000] {logging_mixin.py:188} INFO - [2026-05-19T19:21:56.654+0000] {dag.py:3047} INFO - Sync 1 DAGs
[2026-05-19T19:21:56.715+0000] {logging_mixin.py:188} INFO - [2026-05-19T19:21:56.715+0000] {dag.py:3834} INFO - Setting next_dagrun for example_branch_labels to 2026-05-18 00:00:00+00:00, run_after=2026-05-19 00:00:00+00:00
[2026-05-19T19:21:56.768+0000] {processor.py:183} INFO - Processing /home/airflow/.local/lib/python3.8/site-packages/airflow/example_dags/example_branch_labels.py took 0.299 seconds
[2026-05-19T19:22:26.862+0000] {processor.py:161} INFO - Started process (PID=8503) to work on /home/airflow/.local/lib/python3.8/site-packages/airflow/example_dags/example_branch_labels.py
[2026-05-19T19:22:26.864+0000] {processor.py:830} INFO - Processing file /home/airflow/.local/lib/python3.8/site-packages/airflow/example_dags/example_branch_labels.py for tasks to queue
[2026-05-19T19:22:26.867+0000] {logging_mixin.py:188} INFO - [2026-05-19T19:22:26.867+0000] {dagbag.py:540} INFO - Filling up the DagBag from /home/airflow/.local/lib/python3.8/site-packages/airflow/example_dags/example_branch_labels.py
[2026-05-19T19:22:26.879+0000] {processor.py:840} INFO - DAG(s) 'example_branch_labels' retrieved from /home/airflow/.local/lib/python3.8/site-packages/airflow/example_dags/example_branch_labels.py
[2026-05-19T19:22:26.917+0000] {logging_mixin.py:188} INFO - [2026-05-19T19:22:26.916+0000] {dag.py:3047} INFO - Sync 1 DAGs
[2026-05-19T19:22:26.962+0000] {logging_mixin.py:188} INFO - [2026-05-19T19:22:26.962+0000] {dag.py:3834} INFO - Setting next_dagrun for example_branch_labels to 2026-05-18 00:00:00+00:00, run_after=2026-05-19 00:00:00+00:00
[2026-05-19T19:22:26.993+0000] {processor.py:183} INFO - Processing /home/airflow/.local/lib/python3.8/site-packages/airflow/example_dags/example_branch_labels.py took 0.136 seconds
[2026-05-19T19:22:57.588+0000] {processor.py:161} INFO - Started process (PID=8557) to work on /home/airflow/.local/lib/python3.8/site-packages/airflow/example_dags/example_branch_labels.py
[2026-05-19T19:22:57.590+0000] {processor.py:830} INFO - Processing file /home/airflow/.local/lib/python3.8/site-packages/airflow/example_dags/example_branch_labels.py for tasks to queue
[2026-05-19T19:22:57.593+0000] {logging_mixin.py:188} INFO - [2026-05-19T19:22:57.593+0000] {dagbag.py:540} INFO - Filling up the DagBag from /home/airflow/.local/lib/python3.8/site-packages/airflow/example_dags/example_branch_labels.py
[2026-05-19T19:22:57.617+0000] {processor.py:840} INFO - DAG(s) 'example_branch_labels' retrieved from /home/airflow/.local/lib/python3.8/site-packages/airflow/example_dags/example_branch_labels.py
[2026-05-19T19:22:57.654+0000] {logging_mixin.py:188} INFO - [2026-05-19T19:22:57.653+0000] {dag.py:3047} INFO - Sync 1 DAGs
[2026-05-19T19:22:57.691+0000] {logging_mixin.py:188} INFO - [2026-05-19T19:22:57.691+0000] {dag.py:3834} INFO - Setting next_dagrun for example_branch_labels to 2026-05-18 00:00:00+00:00, run_after=2026-05-19 00:00:00+00:00
[2026-05-19T19:22:57.723+0000] {processor.py:183} INFO - Processing /home/airflow/.local/lib/python3.8/site-packages/airflow/example_dags/example_branch_labels.py took 0.142 seconds
[2026-05-19T19:23:28.184+0000] {processor.py:161} INFO - Started process (PID=8612) to work on /home/airflow/.local/lib/python3.8/site-packages/airflow/example_dags/example_branch_labels.py
[2026-05-19T19:23:28.185+0000] {processor.py:830} INFO - Processing file /home/airflow/.local/lib/python3.8/site-packages/airflow/example_dags/example_branch_labels.py for tasks to queue
[2026-05-19T19:23:28.188+0000] {logging_mixin.py:188} INFO - [2026-05-19T19:23:28.188+0000] {dagbag.py:540} INFO - Filling up the DagBag from /home/airflow/.local/lib/python3.8/site-packages/airflow/example_dags/example_branch_labels.py
[2026-05-19T19:23:28.196+0000] {processor.py:840} INFO - DAG(s) 'example_branch_labels' retrieved from /home/airflow/.local/lib/python3.8/site-packages/airflow/example_dags/example_branch_labels.py
[2026-05-19T19:23:28.221+0000] {logging_mixin.py:188} INFO - [2026-05-19T19:23:28.221+0000] {dag.py:3047} INFO - Sync 1 DAGs
[2026-05-19T19:23:28.247+0000] {logging_mixin.py:188} INFO - [2026-05-19T19:23:28.246+0000] {dag.py:3834} INFO - Setting next_dagrun for example_branch_labels to 2026-05-18 00:00:00+00:00, run_after=2026-05-19 00:00:00+00:00
[2026-05-19T19:23:28.284+0000] {processor.py:183} INFO - Processing /home/airflow/.local/lib/python3.8/site-packages/airflow/example_dags/example_branch_labels.py took 0.104 seconds
[2026-05-19T19:23:58.462+0000] {processor.py:161} INFO - Started process (PID=8667) to work on /home/airflow/.local/lib/python3.8/site-packages/airflow/example_dags/example_branch_labels.py
[2026-05-19T19:23:58.463+0000] {processor.py:830} INFO - Processing file /home/airflow/.local/lib/python3.8/site-packages/airflow/example_dags/example_branch_labels.py for tasks to queue
[2026-05-19T19:23:58.465+0000] {logging_mixin.py:188} INFO - [2026-05-19T19:23:58.465+0000] {dagbag.py:540} INFO - Filling up the DagBag from /home/airflow/.local/lib/python3.8/site-packages/airflow/example_dags/example_branch_labels.py
[2026-05-19T19:23:58.472+0000] {processor.py:840} INFO - DAG(s) 'example_branch_labels' retrieved from /home/airflow/.local/lib/python3.8/site-packages/airflow/example_dags/example_branch_labels.py
[2026-05-19T19:23:58.489+0000] {logging_mixin.py:188} INFO - [2026-05-19T19:23:58.489+0000] {dag.py:3047} INFO - Sync 1 DAGs
[2026-05-19T19:23:58.505+0000] {logging_mixin.py:188} INFO - [2026-05-19T19:23:58.504+0000] {dag.py:3834} INFO - Setting next_dagrun for example_branch_labels to 2026-05-18 00:00:00+00:00, run_after=2026-05-19 00:00:00+00:00
[2026-05-19T19:23:58.520+0000] {processor.py:183} INFO - Processing /home/airflow/.local/lib/python3.8/site-packages/airflow/example_dags/example_branch_labels.py took 0.061 seconds
[2026-05-19T19:24:30.161+0000] {processor.py:161} INFO - Started process (PID=8722) to work on /home/airflow/.local/lib/python3.8/site-packages/airflow/example_dags/example_branch_labels.py
[2026-05-19T19:24:30.163+0000] {processor.py:830} INFO - Processing file /home/airflow/.local/lib/python3.8/site-packages/airflow/example_dags/example_branch_labels.py for tasks to queue
[2026-05-19T19:24:30.167+0000] {logging_mixin.py:188} INFO - [2026-05-19T19:24:30.167+0000] {dagbag.py:540} INFO - Filling up the DagBag from /home/airflow/.local/lib/python3.8/site-packages/airflow/example_dags/example_branch_labels.py
[2026-05-19T19:24:30.186+0000] {processor.py:840} INFO - DAG(s) 'example_branch_labels' retrieved from /home/airflow/.local/lib/python3.8/site-packages/airflow/example_dags/example_branch_labels.py
[2026-05-19T19:24:30.230+0000] {logging_mixin.py:188} INFO - [2026-05-19T19:24:30.230+0000] {dag.py:3047} INFO - Sync 1 DAGs
[2026-05-19T19:24:30.273+0000] {logging_mixin.py:188} INFO - [2026-05-19T19:24:30.273+0000] {dag.py:3834} INFO - Setting next_dagrun for example_branch_labels to 2026-05-18 00:00:00+00:00, run_after=2026-05-19 00:00:00+00:00
[2026-05-19T19:24:30.338+0000] {processor.py:183} INFO - Processing /home/airflow/.local/lib/python3.8/site-packages/airflow/example_dags/example_branch_labels.py took 0.185 seconds
[2026-05-19T19:25:01.379+0000] {processor.py:161} INFO - Started process (PID=8777) to work on /home/airflow/.local/lib/python3.8/site-packages/airflow/example_dags/example_branch_labels.py
[2026-05-19T19:25:01.382+0000] {processor.py:830} INFO - Processing file /home/airflow/.local/lib/python3.8/site-packages/airflow/example_dags/example_branch_labels.py for tasks to queue
[2026-05-19T19:25:01.388+0000] {logging_mixin.py:188} INFO - [2026-05-19T19:25:01.386+0000] {dagbag.py:540} INFO - Filling up the DagBag from /home/airflow/.local/lib/python3.8/site-packages/airflow/example_dags/example_branch_labels.py
[2026-05-19T19:25:01.404+0000] {processor.py:840} INFO - DAG(s) 'example_branch_labels' retrieved from /home/airflow/.local/lib/python3.8/site-packages/airflow/example_dags/example_branch_labels.py
[2026-05-19T19:25:01.448+0000] {logging_mixin.py:188} INFO - [2026-05-19T19:25:01.448+0000] {dag.py:3047} INFO - Sync 1 DAGs
[2026-05-19T19:25:01.516+0000] {logging_mixin.py:188} INFO - [2026-05-19T19:25:01.515+0000] {dag.py:3834} INFO - Setting next_dagrun for example_branch_labels to 2026-05-18 00:00:00+00:00, run_after=2026-05-19 00:00:00+00:00
[2026-05-19T19:25:01.567+0000] {processor.py:183} INFO - Processing /home/airflow/.local/lib/python3.8/site-packages/airflow/example_dags/example_branch_labels.py took 0.195 seconds
[2026-05-19T19:25:31.881+0000] {processor.py:161} INFO - Started process (PID=8832) to work on /home/airflow/.local/lib/python3.8/site-packages/airflow/example_dags/example_branch_labels.py
[2026-05-19T19:25:31.883+0000] {processor.py:830} INFO - Processing file /home/airflow/.local/lib/python3.8/site-packages/airflow/example_dags/example_branch_labels.py for tasks to queue
[2026-05-19T19:25:31.886+0000] {logging_mixin.py:188} INFO - [2026-05-19T19:25:31.886+0000] {dagbag.py:540} INFO - Filling up the DagBag from /home/airflow/.local/lib/python3.8/site-packages/airflow/example_dags/example_branch_labels.py
[2026-05-19T19:25:31.900+0000] {processor.py:840} INFO - DAG(s) 'example_branch_labels' retrieved from /home/airflow/.local/lib/python3.8/site-packages/airflow/example_dags/example_branch_labels.py
[2026-05-19T19:25:31.933+0000] {logging_mixin.py:188} INFO - [2026-05-19T19:25:31.933+0000] {dag.py:3047} INFO - Sync 1 DAGs
[2026-05-19T19:25:31.969+0000] {logging_mixin.py:188} INFO - [2026-05-19T19:25:31.968+0000] {dag.py:3834} INFO - Setting next_dagrun for example_branch_labels to 2026-05-18 00:00:00+00:00, run_after=2026-05-19 00:00:00+00:00
[2026-05-19T19:25:32.003+0000] {processor.py:183} INFO - Processing /home/airflow/.local/lib/python3.8/site-packages/airflow/example_dags/example_branch_labels.py took 0.128 seconds
[2026-05-19T19:26:02.291+0000] {processor.py:161} INFO - Started process (PID=8887) to work on /home/airflow/.local/lib/python3.8/site-packages/airflow/example_dags/example_branch_labels.py
[2026-05-19T19:26:02.293+0000] {processor.py:830} INFO - Processing file /home/airflow/.local/lib/python3.8/site-packages/airflow/example_dags/example_branch_labels.py for tasks to queue
[2026-05-19T19:26:02.297+0000] {logging_mixin.py:188} INFO - [2026-05-19T19:26:02.296+0000] {dagbag.py:540} INFO - Filling up the DagBag from /home/airflow/.local/lib/python3.8/site-packages/airflow/example_dags/example_branch_labels.py
[2026-05-19T19:26:02.307+0000] {processor.py:840} INFO - DAG(s) 'example_branch_labels' retrieved from /home/airflow/.local/lib/python3.8/site-packages/airflow/example_dags/example_branch_labels.py
[2026-05-19T19:26:02.338+0000] {logging_mixin.py:188} INFO - [2026-05-19T19:26:02.338+0000] {dag.py:3047} INFO - Sync 1 DAGs
[2026-05-19T19:26:02.370+0000] {logging_mixin.py:188} INFO - [2026-05-19T19:26:02.370+0000] {dag.py:3834} INFO - Setting next_dagrun for example_branch_labels to 2026-05-18 00:00:00+00:00, run_after=2026-05-19 00:00:00+00:00
[2026-05-19T19:26:02.416+0000] {processor.py:183} INFO - Processing /home/airflow/.local/lib/python3.8/site-packages/airflow/example_dags/example_branch_labels.py took 0.129 seconds
[2026-05-19T19:26:33.357+0000] {processor.py:161} INFO - Started process (PID=8942) to work on /home/airflow/.local/lib/python3.8/site-packages/airflow/example_dags/example_branch_labels.py
[2026-05-19T19:26:33.360+0000] {processor.py:830} INFO - Processing file /home/airflow/.local/lib/python3.8/site-packages/airflow/example_dags/example_branch_labels.py for tasks to queue
[2026-05-19T19:26:33.364+0000] {logging_mixin.py:188} INFO - [2026-05-19T19:26:33.363+0000] {dagbag.py:540} INFO - Filling up the DagBag from /home/airflow/.local/lib/python3.8/site-packages/airflow/example_dags/example_branch_labels.py
[2026-05-19T19:26:33.384+0000] {processor.py:840} INFO - DAG(s) 'example_branch_labels' retrieved from /home/airflow/.local/lib/python3.8/site-packages/airflow/example_dags/example_branch_labels.py
[2026-05-19T19:26:33.434+0000] {logging_mixin.py:188} INFO - [2026-05-19T19:26:33.433+0000] {dag.py:3047} INFO - Sync 1 DAGs
[2026-05-19T19:26:33.479+0000] {logging_mixin.py:188} INFO - [2026-05-19T19:26:33.479+0000] {dag.py:3834} INFO - Setting next_dagrun for example_branch_labels to 2026-05-18 00:00:00+00:00, run_after=2026-05-19 00:00:00+00:00
[2026-05-19T19:26:33.514+0000] {processor.py:183} INFO - Processing /home/airflow/.local/lib/python3.8/site-packages/airflow/example_dags/example_branch_labels.py took 0.163 seconds
[2026-05-19T19:27:03.840+0000] {processor.py:161} INFO - Started process (PID=8995) to work on /home/airflow/.local/lib/python3.8/site-packages/airflow/example_dags/example_branch_labels.py
[2026-05-19T19:27:03.843+0000] {processor.py:830} INFO - Processing file /home/airflow/.local/lib/python3.8/site-packages/airflow/example_dags/example_branch_labels.py for tasks to queue
[2026-05-19T19:27:03.847+0000] {logging_mixin.py:188} INFO - [2026-05-19T19:27:03.846+0000] {dagbag.py:540} INFO - Filling up the DagBag from /home/airflow/.local/lib/python3.8/site-packages/airflow/example_dags/example_branch_labels.py
[2026-05-19T19:27:03.862+0000] {processor.py:840} INFO - DAG(s) 'example_branch_labels' retrieved from /home/airflow/.local/lib/python3.8/site-packages/airflow/example_dags/example_branch_labels.py
[2026-05-19T19:27:03.900+0000] {logging_mixin.py:188} INFO - [2026-05-19T19:27:03.900+0000] {dag.py:3047} INFO - Sync 1 DAGs
[2026-05-19T19:27:03.949+0000] {logging_mixin.py:188} INFO - [2026-05-19T19:27:03.948+0000] {dag.py:3834} INFO - Setting next_dagrun for example_branch_labels to 2026-05-18 00:00:00+00:00, run_after=2026-05-19 00:00:00+00:00
[2026-05-19T19:27:03.996+0000] {processor.py:183} INFO - Processing /home/airflow/.local/lib/python3.8/site-packages/airflow/example_dags/example_branch_labels.py took 0.162 seconds
[2026-05-19T19:27:35.148+0000] {processor.py:161} INFO - Started process (PID=9050) to work on /home/airflow/.local/lib/python3.8/site-packages/airflow/example_dags/example_branch_labels.py
[2026-05-19T19:27:35.151+0000] {processor.py:830} INFO - Processing file /home/airflow/.local/lib/python3.8/site-packages/airflow/example_dags/example_branch_labels.py for tasks to queue
[2026-05-19T19:27:35.156+0000] {logging_mixin.py:188} INFO - [2026-05-19T19:27:35.155+0000] {dagbag.py:540} INFO - Filling up the DagBag from /home/airflow/.local/lib/python3.8/site-packages/airflow/example_dags/example_branch_labels.py
[2026-05-19T19:27:35.178+0000] {processor.py:840} INFO - DAG(s) 'example_branch_labels' retrieved from /home/airflow/.local/lib/python3.8/site-packages/airflow/example_dags/example_branch_labels.py
[2026-05-19T19:27:35.231+0000] {logging_mixin.py:188} INFO - [2026-05-19T19:27:35.231+0000] {dag.py:3047} INFO - Sync 1 DAGs
[2026-05-19T19:27:35.281+0000] {logging_mixin.py:188} INFO - [2026-05-19T19:27:35.281+0000] {dag.py:3834} INFO - Setting next_dagrun for example_branch_labels to 2026-05-18 00:00:00+00:00, run_after=2026-05-19 00:00:00+00:00
[2026-05-19T19:27:35.335+0000] {processor.py:183} INFO - Processing /home/airflow/.local/lib/python3.8/site-packages/airflow/example_dags/example_branch_labels.py took 0.194 seconds
[2026-05-19T19:28:06.312+0000] {processor.py:161} INFO - Started process (PID=9105) to work on /home/airflow/.local/lib/python3.8/site-packages/airflow/example_dags/example_branch_labels.py
[2026-05-19T19:28:06.316+0000] {processor.py:830} INFO - Processing file /home/airflow/.local/lib/python3.8/site-packages/airflow/example_dags/example_branch_labels.py for tasks to queue
[2026-05-19T19:28:06.326+0000] {logging_mixin.py:188} INFO - [2026-05-19T19:28:06.325+0000] {dagbag.py:540} INFO - Filling up the DagBag from /home/airflow/.local/lib/python3.8/site-packages/airflow/example_dags/example_branch_labels.py
[2026-05-19T19:28:06.343+0000] {processor.py:840} INFO - DAG(s) 'example_branch_labels' retrieved from /home/airflow/.local/lib/python3.8/site-packages/airflow/example_dags/example_branch_labels.py
[2026-05-19T19:28:06.378+0000] {logging_mixin.py:188} INFO - [2026-05-19T19:28:06.378+0000] {dag.py:3047} INFO - Sync 1 DAGs
[2026-05-19T19:28:06.417+0000] {logging_mixin.py:188} INFO - [2026-05-19T19:28:06.416+0000] {dag.py:3834} INFO - Setting next_dagrun for example_branch_labels to 2026-05-18 00:00:00+00:00, run_after=2026-05-19 00:00:00+00:00
[2026-05-19T19:28:06.450+0000] {processor.py:183} INFO - Processing /home/airflow/.local/lib/python3.8/site-packages/airflow/example_dags/example_branch_labels.py took 0.145 seconds
[2026-05-19T19:28:37.343+0000] {processor.py:161} INFO - Started process (PID=9160) to work on /home/airflow/.local/lib/python3.8/site-packages/airflow/example_dags/example_branch_labels.py
[2026-05-19T19:28:37.346+0000] {processor.py:830} INFO - Processing file /home/airflow/.local/lib/python3.8/site-packages/airflow/example_dags/example_branch_labels.py for tasks to queue
[2026-05-19T19:28:37.349+0000] {logging_mixin.py:188} INFO - [2026-05-19T19:28:37.348+0000] {dagbag.py:540} INFO - Filling up the DagBag from /home/airflow/.local/lib/python3.8/site-packages/airflow/example_dags/example_branch_labels.py
[2026-05-19T19:28:37.360+0000] {processor.py:840} INFO - DAG(s) 'example_branch_labels' retrieved from /home/airflow/.local/lib/python3.8/site-packages/airflow/example_dags/example_branch_labels.py
[2026-05-19T19:28:37.394+0000] {logging_mixin.py:188} INFO - [2026-05-19T19:28:37.393+0000] {dag.py:3047} INFO - Sync 1 DAGs
[2026-05-19T19:28:37.435+0000] {logging_mixin.py:188} INFO - [2026-05-19T19:28:37.435+0000] {dag.py:3834} INFO - Setting next_dagrun for example_branch_labels to 2026-05-18 00:00:00+00:00, run_after=2026-05-19 00:00:00+00:00
[2026-05-19T19:28:37.467+0000] {processor.py:183} INFO - Processing /home/airflow/.local/lib/python3.8/site-packages/airflow/example_dags/example_branch_labels.py took 0.128 seconds
[2026-05-19T19:29:08.617+0000] {processor.py:161} INFO - Started process (PID=9215) to work on /home/airflow/.local/lib/python3.8/site-packages/airflow/example_dags/example_branch_labels.py
[2026-05-19T19:29:08.620+0000] {processor.py:830} INFO - Processing file /home/airflow/.local/lib/python3.8/site-packages/airflow/example_dags/example_branch_labels.py for tasks to queue
[2026-05-19T19:29:08.625+0000] {logging_mixin.py:188} INFO - [2026-05-19T19:29:08.624+0000] {dagbag.py:540} INFO - Filling up the DagBag from /home/airflow/.local/lib/python3.8/site-packages/airflow/example_dags/example_branch_labels.py
[2026-05-19T19:29:08.652+0000] {processor.py:840} INFO - DAG(s) 'example_branch_labels' retrieved from /home/airflow/.local/lib/python3.8/site-packages/airflow/example_dags/example_branch_labels.py
[2026-05-19T19:29:08.713+0000] {logging_mixin.py:188} INFO - [2026-05-19T19:29:08.712+0000] {dag.py:3047} INFO - Sync 1 DAGs
[2026-05-19T19:29:08.795+0000] {logging_mixin.py:188} INFO - [2026-05-19T19:29:08.794+0000] {dag.py:3834} INFO - Setting next_dagrun for example_branch_labels to 2026-05-18 00:00:00+00:00, run_after=2026-05-19 00:00:00+00:00
[2026-05-19T19:29:08.887+0000] {processor.py:183} INFO - Processing /home/airflow/.local/lib/python3.8/site-packages/airflow/example_dags/example_branch_labels.py took 0.278 seconds
[2026-05-19T19:29:39.070+0000] {processor.py:161} INFO - Started process (PID=9270) to work on /home/airflow/.local/lib/python3.8/site-packages/airflow/example_dags/example_branch_labels.py
[2026-05-19T19:29:39.073+0000] {processor.py:830} INFO - Processing file /home/airflow/.local/lib/python3.8/site-packages/airflow/example_dags/example_branch_labels.py for tasks to queue
[2026-05-19T19:29:39.077+0000] {logging_mixin.py:188} INFO - [2026-05-19T19:29:39.076+0000] {dagbag.py:540} INFO - Filling up the DagBag from /home/airflow/.local/lib/python3.8/site-packages/airflow/example_dags/example_branch_labels.py
[2026-05-19T19:29:39.094+0000] {processor.py:840} INFO - DAG(s) 'example_branch_labels' retrieved from /home/airflow/.local/lib/python3.8/site-packages/airflow/example_dags/example_branch_labels.py
[2026-05-19T19:29:39.151+0000] {logging_mixin.py:188} INFO - [2026-05-19T19:29:39.151+0000] {dag.py:3047} INFO - Sync 1 DAGs
[2026-05-19T19:29:39.197+0000] {logging_mixin.py:188} INFO - [2026-05-19T19:29:39.196+0000] {dag.py:3834} INFO - Setting next_dagrun for example_branch_labels to 2026-05-18 00:00:00+00:00, run_after=2026-05-19 00:00:00+00:00
[2026-05-19T19:29:39.237+0000] {processor.py:183} INFO - Processing /home/airflow/.local/lib/python3.8/site-packages/airflow/example_dags/example_branch_labels.py took 0.178 seconds
[2026-05-19T19:30:09.830+0000] {processor.py:161} INFO - Started process (PID=9325) to work on /home/airflow/.local/lib/python3.8/site-packages/airflow/example_dags/example_branch_labels.py
[2026-05-19T19:30:09.832+0000] {processor.py:830} INFO - Processing file /home/airflow/.local/lib/python3.8/site-packages/airflow/example_dags/example_branch_labels.py for tasks to queue
[2026-05-19T19:30:09.835+0000] {logging_mixin.py:188} INFO - [2026-05-19T19:30:09.834+0000] {dagbag.py:540} INFO - Filling up the DagBag from /home/airflow/.local/lib/python3.8/site-packages/airflow/example_dags/example_branch_labels.py
[2026-05-19T19:30:09.847+0000] {processor.py:840} INFO - DAG(s) 'example_branch_labels' retrieved from /home/airflow/.local/lib/python3.8/site-packages/airflow/example_dags/example_branch_labels.py
[2026-05-19T19:30:09.881+0000] {logging_mixin.py:188} INFO - [2026-05-19T19:30:09.881+0000] {dag.py:3047} INFO - Sync 1 DAGs
[2026-05-19T19:30:09.923+0000] {logging_mixin.py:188} INFO - [2026-05-19T19:30:09.923+0000] {dag.py:3834} INFO - Setting next_dagrun for example_branch_labels to 2026-05-18 00:00:00+00:00, run_after=2026-05-19 00:00:00+00:00
[2026-05-19T19:30:09.951+0000] {processor.py:183} INFO - Processing /home/airflow/.local/lib/python3.8/site-packages/airflow/example_dags/example_branch_labels.py took 0.126 seconds
[2026-05-19T19:30:40.682+0000] {processor.py:161} INFO - Started process (PID=9380) to work on /home/airflow/.local/lib/python3.8/site-packages/airflow/example_dags/example_branch_labels.py
[2026-05-19T19:30:40.684+0000] {processor.py:830} INFO - Processing file /home/airflow/.local/lib/python3.8/site-packages/airflow/example_dags/example_branch_labels.py for tasks to queue
[2026-05-19T19:30:40.687+0000] {logging_mixin.py:188} INFO - [2026-05-19T19:30:40.686+0000] {dagbag.py:540} INFO - Filling up the DagBag from /home/airflow/.local/lib/python3.8/site-packages/airflow/example_dags/example_branch_labels.py
[2026-05-19T19:30:40.698+0000] {processor.py:840} INFO - DAG(s) 'example_branch_labels' retrieved from /home/airflow/.local/lib/python3.8/site-packages/airflow/example_dags/example_branch_labels.py
[2026-05-19T19:30:40.734+0000] {logging_mixin.py:188} INFO - [2026-05-19T19:30:40.734+0000] {dag.py:3047} INFO - Sync 1 DAGs
[2026-05-19T19:30:40.790+0000] {logging_mixin.py:188} INFO - [2026-05-19T19:30:40.789+0000] {dag.py:3834} INFO - Setting next_dagrun for example_branch_labels to 2026-05-18 00:00:00+00:00, run_after=2026-05-19 00:00:00+00:00
[2026-05-19T19:30:40.934+0000] {processor.py:183} INFO - Processing /home/airflow/.local/lib/python3.8/site-packages/airflow/example_dags/example_branch_labels.py took 0.256 seconds
[2026-05-19T19:31:10.993+0000] {processor.py:161} INFO - Started process (PID=9435) to work on /home/airflow/.local/lib/python3.8/site-packages/airflow/example_dags/example_branch_labels.py
[2026-05-19T19:31:10.995+0000] {processor.py:830} INFO - Processing file /home/airflow/.local/lib/python3.8/site-packages/airflow/example_dags/example_branch_labels.py for tasks to queue
[2026-05-19T19:31:10.997+0000] {logging_mixin.py:188} INFO - [2026-05-19T19:31:10.997+0000] {dagbag.py:540} INFO - Filling up the DagBag from /home/airflow/.local/lib/python3.8/site-packages/airflow/example_dags/example_branch_labels.py
[2026-05-19T19:31:11.006+0000] {processor.py:840} INFO - DAG(s) 'example_branch_labels' retrieved from /home/airflow/.local/lib/python3.8/site-packages/airflow/example_dags/example_branch_labels.py
[2026-05-19T19:31:11.030+0000] {logging_mixin.py:188} INFO - [2026-05-19T19:31:11.030+0000] {dag.py:3047} INFO - Sync 1 DAGs
[2026-05-19T19:31:11.055+0000] {logging_mixin.py:188} INFO - [2026-05-19T19:31:11.055+0000] {dag.py:3834} INFO - Setting next_dagrun for example_branch_labels to 2026-05-18 00:00:00+00:00, run_after=2026-05-19 00:00:00+00:00
[2026-05-19T19:31:11.082+0000] {processor.py:183} INFO - Processing /home/airflow/.local/lib/python3.8/site-packages/airflow/example_dags/example_branch_labels.py took 0.093 seconds
[2026-05-19T19:31:42.199+0000] {processor.py:161} INFO - Started process (PID=9490) to work on /home/airflow/.local/lib/python3.8/site-packages/airflow/example_dags/example_branch_labels.py
[2026-05-19T19:31:42.236+0000] {processor.py:830} INFO - Processing file /home/airflow/.local/lib/python3.8/site-packages/airflow/example_dags/example_branch_labels.py for tasks to queue
[2026-05-19T19:31:42.275+0000] {logging_mixin.py:188} INFO - [2026-05-19T19:31:42.274+0000] {dagbag.py:540} INFO - Filling up the DagBag from /home/airflow/.local/lib/python3.8/site-packages/airflow/example_dags/example_branch_labels.py
[2026-05-19T19:31:42.309+0000] {processor.py:840} INFO - DAG(s) 'example_branch_labels' retrieved from /home/airflow/.local/lib/python3.8/site-packages/airflow/example_dags/example_branch_labels.py
[2026-05-19T19:31:42.375+0000] {logging_mixin.py:188} INFO - [2026-05-19T19:31:42.374+0000] {dag.py:3047} INFO - Sync 1 DAGs
[2026-05-19T19:31:42.429+0000] {logging_mixin.py:188} INFO - [2026-05-19T19:31:42.428+0000] {dag.py:3834} INFO - Setting next_dagrun for example_branch_labels to 2026-05-18 00:00:00+00:00, run_after=2026-05-19 00:00:00+00:00
[2026-05-19T19:31:42.473+0000] {processor.py:183} INFO - Processing /home/airflow/.local/lib/python3.8/site-packages/airflow/example_dags/example_branch_labels.py took 0.285 seconds
[2026-05-19T19:32:12.546+0000] {processor.py:161} INFO - Started process (PID=9545) to work on /home/airflow/.local/lib/python3.8/site-packages/airflow/example_dags/example_branch_labels.py
[2026-05-19T19:32:12.549+0000] {processor.py:830} INFO - Processing file /home/airflow/.local/lib/python3.8/site-packages/airflow/example_dags/example_branch_labels.py for tasks to queue
[2026-05-19T19:32:12.553+0000] {logging_mixin.py:188} INFO - [2026-05-19T19:32:12.552+0000] {dagbag.py:540} INFO - Filling up the DagBag from /home/airflow/.local/lib/python3.8/site-packages/airflow/example_dags/example_branch_labels.py
[2026-05-19T19:32:12.567+0000] {processor.py:840} INFO - DAG(s) 'example_branch_labels' retrieved from /home/airflow/.local/lib/python3.8/site-packages/airflow/example_dags/example_branch_labels.py
[2026-05-19T19:32:12.606+0000] {logging_mixin.py:188} INFO - [2026-05-19T19:32:12.605+0000] {dag.py:3047} INFO - Sync 1 DAGs
[2026-05-19T19:32:12.641+0000] {logging_mixin.py:188} INFO - [2026-05-19T19:32:12.641+0000] {dag.py:3834} INFO - Setting next_dagrun for example_branch_labels to 2026-05-18 00:00:00+00:00, run_after=2026-05-19 00:00:00+00:00
[2026-05-19T19:32:12.677+0000] {processor.py:183} INFO - Processing /home/airflow/.local/lib/python3.8/site-packages/airflow/example_dags/example_branch_labels.py took 0.137 seconds
[2026-05-19T19:32:43.100+0000] {processor.py:161} INFO - Started process (PID=9600) to work on /home/airflow/.local/lib/python3.8/site-packages/airflow/example_dags/example_branch_labels.py
[2026-05-19T19:32:43.103+0000] {processor.py:830} INFO - Processing file /home/airflow/.local/lib/python3.8/site-packages/airflow/example_dags/example_branch_labels.py for tasks to queue
[2026-05-19T19:32:43.107+0000] {logging_mixin.py:188} INFO - [2026-05-19T19:32:43.106+0000] {dagbag.py:540} INFO - Filling up the DagBag from /home/airflow/.local/lib/python3.8/site-packages/airflow/example_dags/example_branch_labels.py
[2026-05-19T19:32:43.119+0000] {processor.py:840} INFO - DAG(s) 'example_branch_labels' retrieved from /home/airflow/.local/lib/python3.8/site-packages/airflow/example_dags/example_branch_labels.py
[2026-05-19T19:32:43.173+0000] {logging_mixin.py:188} INFO - [2026-05-19T19:32:43.173+0000] {dag.py:3047} INFO - Sync 1 DAGs
[2026-05-19T19:32:43.207+0000] {logging_mixin.py:188} INFO - [2026-05-19T19:32:43.207+0000] {dag.py:3834} INFO - Setting next_dagrun for example_branch_labels to 2026-05-18 00:00:00+00:00, run_after=2026-05-19 00:00:00+00:00
[2026-05-19T19:32:43.235+0000] {processor.py:183} INFO - Processing /home/airflow/.local/lib/python3.8/site-packages/airflow/example_dags/example_branch_labels.py took 0.141 seconds
[2026-05-19T19:33:13.326+0000] {processor.py:161} INFO - Started process (PID=9655) to work on /home/airflow/.local/lib/python3.8/site-packages/airflow/example_dags/example_branch_labels.py
[2026-05-19T19:33:13.328+0000] {processor.py:830} INFO - Processing file /home/airflow/.local/lib/python3.8/site-packages/airflow/example_dags/example_branch_labels.py for tasks to queue
[2026-05-19T19:33:13.330+0000] {logging_mixin.py:188} INFO - [2026-05-19T19:33:13.330+0000] {dagbag.py:540} INFO - Filling up the DagBag from /home/airflow/.local/lib/python3.8/site-packages/airflow/example_dags/example_branch_labels.py
[2026-05-19T19:33:13.338+0000] {processor.py:840} INFO - DAG(s) 'example_branch_labels' retrieved from /home/airflow/.local/lib/python3.8/site-packages/airflow/example_dags/example_branch_labels.py
[2026-05-19T19:33:13.364+0000] {logging_mixin.py:188} INFO - [2026-05-19T19:33:13.364+0000] {dag.py:3047} INFO - Sync 1 DAGs
[2026-05-19T19:33:13.398+0000] {logging_mixin.py:188} INFO - [2026-05-19T19:33:13.398+0000] {dag.py:3834} INFO - Setting next_dagrun for example_branch_labels to 2026-05-18 00:00:00+00:00, run_after=2026-05-19 00:00:00+00:00
[2026-05-19T19:33:13.425+0000] {processor.py:183} INFO - Processing /home/airflow/.local/lib/python3.8/site-packages/airflow/example_dags/example_branch_labels.py took 0.103 seconds
[2026-05-19T19:33:43.930+0000] {processor.py:161} INFO - Started process (PID=9710) to work on /home/airflow/.local/lib/python3.8/site-packages/airflow/example_dags/example_branch_labels.py
[2026-05-19T19:33:43.932+0000] {processor.py:830} INFO - Processing file /home/airflow/.local/lib/python3.8/site-packages/airflow/example_dags/example_branch_labels.py for tasks to queue
[2026-05-19T19:33:43.934+0000] {logging_mixin.py:188} INFO - [2026-05-19T19:33:43.934+0000] {dagbag.py:540} INFO - Filling up the DagBag from /home/airflow/.local/lib/python3.8/site-packages/airflow/example_dags/example_branch_labels.py
[2026-05-19T19:33:43.944+0000] {processor.py:840} INFO - DAG(s) 'example_branch_labels' retrieved from /home/airflow/.local/lib/python3.8/site-packages/airflow/example_dags/example_branch_labels.py
[2026-05-19T19:33:43.966+0000] {logging_mixin.py:188} INFO - [2026-05-19T19:33:43.966+0000] {dag.py:3047} INFO - Sync 1 DAGs
[2026-05-19T19:33:43.989+0000] {logging_mixin.py:188} INFO - [2026-05-19T19:33:43.989+0000] {dag.py:3834} INFO - Setting next_dagrun for example_branch_labels to 2026-05-18 00:00:00+00:00, run_after=2026-05-19 00:00:00+00:00
[2026-05-19T19:33:44.011+0000] {processor.py:183} INFO - Processing /home/airflow/.local/lib/python3.8/site-packages/airflow/example_dags/example_branch_labels.py took 0.085 seconds
