[2026-05-19T19:18:14.106+0000] {processor.py:161} INFO - Started process (PID=8021) to work on /home/airflow/.local/lib/python3.8/site-packages/airflow/example_dags/example_time_delta_sensor_async.py
[2026-05-19T19:18:14.113+0000] {processor.py:830} INFO - Processing file /home/airflow/.local/lib/python3.8/site-packages/airflow/example_dags/example_time_delta_sensor_async.py for tasks to queue
[2026-05-19T19:18:14.122+0000] {logging_mixin.py:188} INFO - [2026-05-19T19:18:14.121+0000] {dagbag.py:540} INFO - Filling up the DagBag from /home/airflow/.local/lib/python3.8/site-packages/airflow/example_dags/example_time_delta_sensor_async.py
[2026-05-19T19:18:14.142+0000] {processor.py:840} INFO - DAG(s) 'example_time_delta_sensor_async' retrieved from /home/airflow/.local/lib/python3.8/site-packages/airflow/example_dags/example_time_delta_sensor_async.py
[2026-05-19T19:18:14.200+0000] {logging_mixin.py:188} INFO - [2026-05-19T19:18:14.199+0000] {dag.py:3047} INFO - Sync 1 DAGs
[2026-05-19T19:18:14.229+0000] {logging_mixin.py:188} INFO - [2026-05-19T19:18:14.228+0000] {dag.py:3834} INFO - Setting next_dagrun for example_time_delta_sensor_async to None, run_after=None
[2026-05-19T19:18:14.289+0000] {processor.py:183} INFO - Processing /home/airflow/.local/lib/python3.8/site-packages/airflow/example_dags/example_time_delta_sensor_async.py took 0.192 seconds
[2026-05-19T19:18:44.634+0000] {processor.py:161} INFO - Started process (PID=8074) to work on /home/airflow/.local/lib/python3.8/site-packages/airflow/example_dags/example_time_delta_sensor_async.py
[2026-05-19T19:18:44.635+0000] {processor.py:830} INFO - Processing file /home/airflow/.local/lib/python3.8/site-packages/airflow/example_dags/example_time_delta_sensor_async.py for tasks to queue
[2026-05-19T19:18:44.637+0000] {logging_mixin.py:188} INFO - [2026-05-19T19:18:44.637+0000] {dagbag.py:540} INFO - Filling up the DagBag from /home/airflow/.local/lib/python3.8/site-packages/airflow/example_dags/example_time_delta_sensor_async.py
[2026-05-19T19:18:44.642+0000] {processor.py:840} INFO - DAG(s) 'example_time_delta_sensor_async' retrieved from /home/airflow/.local/lib/python3.8/site-packages/airflow/example_dags/example_time_delta_sensor_async.py
[2026-05-19T19:18:44.663+0000] {logging_mixin.py:188} INFO - [2026-05-19T19:18:44.663+0000] {dag.py:3047} INFO - Sync 1 DAGs
[2026-05-19T19:18:44.674+0000] {logging_mixin.py:188} INFO - [2026-05-19T19:18:44.673+0000] {dag.py:3834} INFO - Setting next_dagrun for example_time_delta_sensor_async to None, run_after=None
[2026-05-19T19:18:44.696+0000] {processor.py:183} INFO - Processing /home/airflow/.local/lib/python3.8/site-packages/airflow/example_dags/example_time_delta_sensor_async.py took 0.066 seconds
[2026-05-19T19:19:15.104+0000] {processor.py:161} INFO - Started process (PID=8129) to work on /home/airflow/.local/lib/python3.8/site-packages/airflow/example_dags/example_time_delta_sensor_async.py
[2026-05-19T19:19:15.105+0000] {processor.py:830} INFO - Processing file /home/airflow/.local/lib/python3.8/site-packages/airflow/example_dags/example_time_delta_sensor_async.py for tasks to queue
[2026-05-19T19:19:15.108+0000] {logging_mixin.py:188} INFO - [2026-05-19T19:19:15.107+0000] {dagbag.py:540} INFO - Filling up the DagBag from /home/airflow/.local/lib/python3.8/site-packages/airflow/example_dags/example_time_delta_sensor_async.py
[2026-05-19T19:19:15.114+0000] {processor.py:840} INFO - DAG(s) 'example_time_delta_sensor_async' retrieved from /home/airflow/.local/lib/python3.8/site-packages/airflow/example_dags/example_time_delta_sensor_async.py
[2026-05-19T19:19:15.139+0000] {logging_mixin.py:188} INFO - [2026-05-19T19:19:15.138+0000] {dag.py:3047} INFO - Sync 1 DAGs
[2026-05-19T19:19:15.165+0000] {logging_mixin.py:188} INFO - [2026-05-19T19:19:15.165+0000] {dag.py:3834} INFO - Setting next_dagrun for example_time_delta_sensor_async to None, run_after=None
[2026-05-19T19:19:15.198+0000] {processor.py:183} INFO - Processing /home/airflow/.local/lib/python3.8/site-packages/airflow/example_dags/example_time_delta_sensor_async.py took 0.098 seconds
[2026-05-19T19:19:45.456+0000] {processor.py:161} INFO - Started process (PID=8183) to work on /home/airflow/.local/lib/python3.8/site-packages/airflow/example_dags/example_time_delta_sensor_async.py
[2026-05-19T19:19:45.458+0000] {processor.py:830} INFO - Processing file /home/airflow/.local/lib/python3.8/site-packages/airflow/example_dags/example_time_delta_sensor_async.py for tasks to queue
[2026-05-19T19:19:45.460+0000] {logging_mixin.py:188} INFO - [2026-05-19T19:19:45.460+0000] {dagbag.py:540} INFO - Filling up the DagBag from /home/airflow/.local/lib/python3.8/site-packages/airflow/example_dags/example_time_delta_sensor_async.py
[2026-05-19T19:19:45.465+0000] {processor.py:840} INFO - DAG(s) 'example_time_delta_sensor_async' retrieved from /home/airflow/.local/lib/python3.8/site-packages/airflow/example_dags/example_time_delta_sensor_async.py
[2026-05-19T19:19:45.483+0000] {logging_mixin.py:188} INFO - [2026-05-19T19:19:45.483+0000] {dag.py:3047} INFO - Sync 1 DAGs
[2026-05-19T19:19:45.494+0000] {logging_mixin.py:188} INFO - [2026-05-19T19:19:45.493+0000] {dag.py:3834} INFO - Setting next_dagrun for example_time_delta_sensor_async to None, run_after=None
[2026-05-19T19:19:45.510+0000] {processor.py:183} INFO - Processing /home/airflow/.local/lib/python3.8/site-packages/airflow/example_dags/example_time_delta_sensor_async.py took 0.057 seconds
[2026-05-19T19:20:16.574+0000] {processor.py:161} INFO - Started process (PID=8245) to work on /home/airflow/.local/lib/python3.8/site-packages/airflow/example_dags/example_time_delta_sensor_async.py
[2026-05-19T19:20:16.576+0000] {processor.py:830} INFO - Processing file /home/airflow/.local/lib/python3.8/site-packages/airflow/example_dags/example_time_delta_sensor_async.py for tasks to queue
[2026-05-19T19:20:16.579+0000] {logging_mixin.py:188} INFO - [2026-05-19T19:20:16.578+0000] {dagbag.py:540} INFO - Filling up the DagBag from /home/airflow/.local/lib/python3.8/site-packages/airflow/example_dags/example_time_delta_sensor_async.py
[2026-05-19T19:20:16.587+0000] {processor.py:840} INFO - DAG(s) 'example_time_delta_sensor_async' retrieved from /home/airflow/.local/lib/python3.8/site-packages/airflow/example_dags/example_time_delta_sensor_async.py
[2026-05-19T19:20:16.607+0000] {logging_mixin.py:188} INFO - [2026-05-19T19:20:16.607+0000] {dag.py:3047} INFO - Sync 1 DAGs
[2026-05-19T19:20:16.620+0000] {logging_mixin.py:188} INFO - [2026-05-19T19:20:16.619+0000] {dag.py:3834} INFO - Setting next_dagrun for example_time_delta_sensor_async to None, run_after=None
[2026-05-19T19:20:16.646+0000] {processor.py:183} INFO - Processing /home/airflow/.local/lib/python3.8/site-packages/airflow/example_dags/example_time_delta_sensor_async.py took 0.079 seconds
[2026-05-19T19:20:47.298+0000] {processor.py:161} INFO - Started process (PID=8300) to work on /home/airflow/.local/lib/python3.8/site-packages/airflow/example_dags/example_time_delta_sensor_async.py
[2026-05-19T19:20:47.299+0000] {processor.py:830} INFO - Processing file /home/airflow/.local/lib/python3.8/site-packages/airflow/example_dags/example_time_delta_sensor_async.py for tasks to queue
[2026-05-19T19:20:47.303+0000] {logging_mixin.py:188} INFO - [2026-05-19T19:20:47.303+0000] {dagbag.py:540} INFO - Filling up the DagBag from /home/airflow/.local/lib/python3.8/site-packages/airflow/example_dags/example_time_delta_sensor_async.py
[2026-05-19T19:20:47.308+0000] {processor.py:840} INFO - DAG(s) 'example_time_delta_sensor_async' retrieved from /home/airflow/.local/lib/python3.8/site-packages/airflow/example_dags/example_time_delta_sensor_async.py
[2026-05-19T19:20:47.336+0000] {logging_mixin.py:188} INFO - [2026-05-19T19:20:47.335+0000] {dag.py:3047} INFO - Sync 1 DAGs
[2026-05-19T19:20:47.348+0000] {logging_mixin.py:188} INFO - [2026-05-19T19:20:47.347+0000] {dag.py:3834} INFO - Setting next_dagrun for example_time_delta_sensor_async to None, run_after=None
[2026-05-19T19:20:47.372+0000] {processor.py:183} INFO - Processing /home/airflow/.local/lib/python3.8/site-packages/airflow/example_dags/example_time_delta_sensor_async.py took 0.079 seconds
[2026-05-19T19:21:17.582+0000] {processor.py:161} INFO - Started process (PID=8355) to work on /home/airflow/.local/lib/python3.8/site-packages/airflow/example_dags/example_time_delta_sensor_async.py
[2026-05-19T19:21:17.584+0000] {processor.py:830} INFO - Processing file /home/airflow/.local/lib/python3.8/site-packages/airflow/example_dags/example_time_delta_sensor_async.py for tasks to queue
[2026-05-19T19:21:17.588+0000] {logging_mixin.py:188} INFO - [2026-05-19T19:21:17.588+0000] {dagbag.py:540} INFO - Filling up the DagBag from /home/airflow/.local/lib/python3.8/site-packages/airflow/example_dags/example_time_delta_sensor_async.py
[2026-05-19T19:21:17.599+0000] {processor.py:840} INFO - DAG(s) 'example_time_delta_sensor_async' retrieved from /home/airflow/.local/lib/python3.8/site-packages/airflow/example_dags/example_time_delta_sensor_async.py
[2026-05-19T19:21:17.650+0000] {logging_mixin.py:188} INFO - [2026-05-19T19:21:17.650+0000] {dag.py:3047} INFO - Sync 1 DAGs
[2026-05-19T19:21:17.668+0000] {logging_mixin.py:188} INFO - [2026-05-19T19:21:17.668+0000] {dag.py:3834} INFO - Setting next_dagrun for example_time_delta_sensor_async to None, run_after=None
[2026-05-19T19:21:17.700+0000] {processor.py:183} INFO - Processing /home/airflow/.local/lib/python3.8/site-packages/airflow/example_dags/example_time_delta_sensor_async.py took 0.125 seconds
[2026-05-19T19:21:48.106+0000] {processor.py:161} INFO - Started process (PID=8410) to work on /home/airflow/.local/lib/python3.8/site-packages/airflow/example_dags/example_time_delta_sensor_async.py
[2026-05-19T19:21:48.107+0000] {processor.py:830} INFO - Processing file /home/airflow/.local/lib/python3.8/site-packages/airflow/example_dags/example_time_delta_sensor_async.py for tasks to queue
[2026-05-19T19:21:48.110+0000] {logging_mixin.py:188} INFO - [2026-05-19T19:21:48.110+0000] {dagbag.py:540} INFO - Filling up the DagBag from /home/airflow/.local/lib/python3.8/site-packages/airflow/example_dags/example_time_delta_sensor_async.py
[2026-05-19T19:21:48.115+0000] {processor.py:840} INFO - DAG(s) 'example_time_delta_sensor_async' retrieved from /home/airflow/.local/lib/python3.8/site-packages/airflow/example_dags/example_time_delta_sensor_async.py
[2026-05-19T19:21:48.139+0000] {logging_mixin.py:188} INFO - [2026-05-19T19:21:48.138+0000] {dag.py:3047} INFO - Sync 1 DAGs
[2026-05-19T19:21:48.151+0000] {logging_mixin.py:188} INFO - [2026-05-19T19:21:48.151+0000] {dag.py:3834} INFO - Setting next_dagrun for example_time_delta_sensor_async to None, run_after=None
[2026-05-19T19:21:48.186+0000] {processor.py:183} INFO - Processing /home/airflow/.local/lib/python3.8/site-packages/airflow/example_dags/example_time_delta_sensor_async.py took 0.084 seconds
[2026-05-19T19:22:18.435+0000] {processor.py:161} INFO - Started process (PID=8465) to work on /home/airflow/.local/lib/python3.8/site-packages/airflow/example_dags/example_time_delta_sensor_async.py
[2026-05-19T19:22:18.437+0000] {processor.py:830} INFO - Processing file /home/airflow/.local/lib/python3.8/site-packages/airflow/example_dags/example_time_delta_sensor_async.py for tasks to queue
[2026-05-19T19:22:18.443+0000] {logging_mixin.py:188} INFO - [2026-05-19T19:22:18.442+0000] {dagbag.py:540} INFO - Filling up the DagBag from /home/airflow/.local/lib/python3.8/site-packages/airflow/example_dags/example_time_delta_sensor_async.py
[2026-05-19T19:22:18.452+0000] {processor.py:840} INFO - DAG(s) 'example_time_delta_sensor_async' retrieved from /home/airflow/.local/lib/python3.8/site-packages/airflow/example_dags/example_time_delta_sensor_async.py
[2026-05-19T19:22:18.501+0000] {logging_mixin.py:188} INFO - [2026-05-19T19:22:18.497+0000] {dag.py:3047} INFO - Sync 1 DAGs
[2026-05-19T19:22:18.551+0000] {logging_mixin.py:188} INFO - [2026-05-19T19:22:18.549+0000] {dag.py:3834} INFO - Setting next_dagrun for example_time_delta_sensor_async to None, run_after=None
[2026-05-19T19:22:18.614+0000] {processor.py:183} INFO - Processing /home/airflow/.local/lib/python3.8/site-packages/airflow/example_dags/example_time_delta_sensor_async.py took 0.185 seconds
[2026-05-19T19:22:48.749+0000] {processor.py:161} INFO - Started process (PID=8519) to work on /home/airflow/.local/lib/python3.8/site-packages/airflow/example_dags/example_time_delta_sensor_async.py
[2026-05-19T19:22:48.751+0000] {processor.py:830} INFO - Processing file /home/airflow/.local/lib/python3.8/site-packages/airflow/example_dags/example_time_delta_sensor_async.py for tasks to queue
[2026-05-19T19:22:48.754+0000] {logging_mixin.py:188} INFO - [2026-05-19T19:22:48.754+0000] {dagbag.py:540} INFO - Filling up the DagBag from /home/airflow/.local/lib/python3.8/site-packages/airflow/example_dags/example_time_delta_sensor_async.py
[2026-05-19T19:22:48.760+0000] {processor.py:840} INFO - DAG(s) 'example_time_delta_sensor_async' retrieved from /home/airflow/.local/lib/python3.8/site-packages/airflow/example_dags/example_time_delta_sensor_async.py
[2026-05-19T19:22:48.786+0000] {logging_mixin.py:188} INFO - [2026-05-19T19:22:48.786+0000] {dag.py:3047} INFO - Sync 1 DAGs
[2026-05-19T19:22:48.801+0000] {logging_mixin.py:188} INFO - [2026-05-19T19:22:48.801+0000] {dag.py:3834} INFO - Setting next_dagrun for example_time_delta_sensor_async to None, run_after=None
[2026-05-19T19:22:48.826+0000] {processor.py:183} INFO - Processing /home/airflow/.local/lib/python3.8/site-packages/airflow/example_dags/example_time_delta_sensor_async.py took 0.081 seconds
[2026-05-19T19:23:19.144+0000] {processor.py:161} INFO - Started process (PID=8574) to work on /home/airflow/.local/lib/python3.8/site-packages/airflow/example_dags/example_time_delta_sensor_async.py
[2026-05-19T19:23:19.146+0000] {processor.py:830} INFO - Processing file /home/airflow/.local/lib/python3.8/site-packages/airflow/example_dags/example_time_delta_sensor_async.py for tasks to queue
[2026-05-19T19:23:19.149+0000] {logging_mixin.py:188} INFO - [2026-05-19T19:23:19.149+0000] {dagbag.py:540} INFO - Filling up the DagBag from /home/airflow/.local/lib/python3.8/site-packages/airflow/example_dags/example_time_delta_sensor_async.py
[2026-05-19T19:23:19.154+0000] {processor.py:840} INFO - DAG(s) 'example_time_delta_sensor_async' retrieved from /home/airflow/.local/lib/python3.8/site-packages/airflow/example_dags/example_time_delta_sensor_async.py
[2026-05-19T19:23:19.182+0000] {logging_mixin.py:188} INFO - [2026-05-19T19:23:19.181+0000] {dag.py:3047} INFO - Sync 1 DAGs
[2026-05-19T19:23:19.193+0000] {logging_mixin.py:188} INFO - [2026-05-19T19:23:19.193+0000] {dag.py:3834} INFO - Setting next_dagrun for example_time_delta_sensor_async to None, run_after=None
[2026-05-19T19:23:19.213+0000] {processor.py:183} INFO - Processing /home/airflow/.local/lib/python3.8/site-packages/airflow/example_dags/example_time_delta_sensor_async.py took 0.072 seconds
[2026-05-19T19:23:49.886+0000] {processor.py:161} INFO - Started process (PID=8629) to work on /home/airflow/.local/lib/python3.8/site-packages/airflow/example_dags/example_time_delta_sensor_async.py
[2026-05-19T19:23:49.888+0000] {processor.py:830} INFO - Processing file /home/airflow/.local/lib/python3.8/site-packages/airflow/example_dags/example_time_delta_sensor_async.py for tasks to queue
[2026-05-19T19:23:49.892+0000] {logging_mixin.py:188} INFO - [2026-05-19T19:23:49.892+0000] {dagbag.py:540} INFO - Filling up the DagBag from /home/airflow/.local/lib/python3.8/site-packages/airflow/example_dags/example_time_delta_sensor_async.py
[2026-05-19T19:23:49.901+0000] {processor.py:840} INFO - DAG(s) 'example_time_delta_sensor_async' retrieved from /home/airflow/.local/lib/python3.8/site-packages/airflow/example_dags/example_time_delta_sensor_async.py
[2026-05-19T19:23:49.948+0000] {logging_mixin.py:188} INFO - [2026-05-19T19:23:49.947+0000] {dag.py:3047} INFO - Sync 1 DAGs
[2026-05-19T19:23:49.971+0000] {logging_mixin.py:188} INFO - [2026-05-19T19:23:49.971+0000] {dag.py:3834} INFO - Setting next_dagrun for example_time_delta_sensor_async to None, run_after=None
[2026-05-19T19:23:50.008+0000] {processor.py:183} INFO - Processing /home/airflow/.local/lib/python3.8/site-packages/airflow/example_dags/example_time_delta_sensor_async.py took 0.128 seconds
[2026-05-19T19:24:20.821+0000] {processor.py:161} INFO - Started process (PID=8684) to work on /home/airflow/.local/lib/python3.8/site-packages/airflow/example_dags/example_time_delta_sensor_async.py
[2026-05-19T19:24:20.825+0000] {processor.py:830} INFO - Processing file /home/airflow/.local/lib/python3.8/site-packages/airflow/example_dags/example_time_delta_sensor_async.py for tasks to queue
[2026-05-19T19:24:20.829+0000] {logging_mixin.py:188} INFO - [2026-05-19T19:24:20.828+0000] {dagbag.py:540} INFO - Filling up the DagBag from /home/airflow/.local/lib/python3.8/site-packages/airflow/example_dags/example_time_delta_sensor_async.py
[2026-05-19T19:24:20.837+0000] {processor.py:840} INFO - DAG(s) 'example_time_delta_sensor_async' retrieved from /home/airflow/.local/lib/python3.8/site-packages/airflow/example_dags/example_time_delta_sensor_async.py
[2026-05-19T19:24:20.880+0000] {logging_mixin.py:188} INFO - [2026-05-19T19:24:20.879+0000] {dag.py:3047} INFO - Sync 1 DAGs
[2026-05-19T19:24:20.909+0000] {logging_mixin.py:188} INFO - [2026-05-19T19:24:20.909+0000] {dag.py:3834} INFO - Setting next_dagrun for example_time_delta_sensor_async to None, run_after=None
[2026-05-19T19:24:20.950+0000] {processor.py:183} INFO - Processing /home/airflow/.local/lib/python3.8/site-packages/airflow/example_dags/example_time_delta_sensor_async.py took 0.137 seconds
[2026-05-19T19:24:51.060+0000] {processor.py:161} INFO - Started process (PID=8739) to work on /home/airflow/.local/lib/python3.8/site-packages/airflow/example_dags/example_time_delta_sensor_async.py
[2026-05-19T19:24:51.062+0000] {processor.py:830} INFO - Processing file /home/airflow/.local/lib/python3.8/site-packages/airflow/example_dags/example_time_delta_sensor_async.py for tasks to queue
[2026-05-19T19:24:51.067+0000] {logging_mixin.py:188} INFO - [2026-05-19T19:24:51.066+0000] {dagbag.py:540} INFO - Filling up the DagBag from /home/airflow/.local/lib/python3.8/site-packages/airflow/example_dags/example_time_delta_sensor_async.py
[2026-05-19T19:24:51.077+0000] {processor.py:840} INFO - DAG(s) 'example_time_delta_sensor_async' retrieved from /home/airflow/.local/lib/python3.8/site-packages/airflow/example_dags/example_time_delta_sensor_async.py
[2026-05-19T19:24:51.152+0000] {logging_mixin.py:188} INFO - [2026-05-19T19:24:51.152+0000] {dag.py:3047} INFO - Sync 1 DAGs
[2026-05-19T19:24:51.200+0000] {logging_mixin.py:188} INFO - [2026-05-19T19:24:51.199+0000] {dag.py:3834} INFO - Setting next_dagrun for example_time_delta_sensor_async to None, run_after=None
[2026-05-19T19:24:51.243+0000] {processor.py:183} INFO - Processing /home/airflow/.local/lib/python3.8/site-packages/airflow/example_dags/example_time_delta_sensor_async.py took 0.189 seconds
[2026-05-19T19:25:21.614+0000] {processor.py:161} INFO - Started process (PID=8794) to work on /home/airflow/.local/lib/python3.8/site-packages/airflow/example_dags/example_time_delta_sensor_async.py
[2026-05-19T19:25:21.620+0000] {processor.py:830} INFO - Processing file /home/airflow/.local/lib/python3.8/site-packages/airflow/example_dags/example_time_delta_sensor_async.py for tasks to queue
[2026-05-19T19:25:21.628+0000] {logging_mixin.py:188} INFO - [2026-05-19T19:25:21.628+0000] {dagbag.py:540} INFO - Filling up the DagBag from /home/airflow/.local/lib/python3.8/site-packages/airflow/example_dags/example_time_delta_sensor_async.py
[2026-05-19T19:25:21.653+0000] {processor.py:840} INFO - DAG(s) 'example_time_delta_sensor_async' retrieved from /home/airflow/.local/lib/python3.8/site-packages/airflow/example_dags/example_time_delta_sensor_async.py
[2026-05-19T19:25:21.697+0000] {logging_mixin.py:188} INFO - [2026-05-19T19:25:21.696+0000] {dag.py:3047} INFO - Sync 1 DAGs
[2026-05-19T19:25:21.712+0000] {logging_mixin.py:188} INFO - [2026-05-19T19:25:21.712+0000] {dag.py:3834} INFO - Setting next_dagrun for example_time_delta_sensor_async to None, run_after=None
[2026-05-19T19:25:21.746+0000] {processor.py:183} INFO - Processing /home/airflow/.local/lib/python3.8/site-packages/airflow/example_dags/example_time_delta_sensor_async.py took 0.142 seconds
[2026-05-19T19:25:52.372+0000] {processor.py:161} INFO - Started process (PID=8849) to work on /home/airflow/.local/lib/python3.8/site-packages/airflow/example_dags/example_time_delta_sensor_async.py
[2026-05-19T19:25:52.377+0000] {processor.py:830} INFO - Processing file /home/airflow/.local/lib/python3.8/site-packages/airflow/example_dags/example_time_delta_sensor_async.py for tasks to queue
[2026-05-19T19:25:52.383+0000] {logging_mixin.py:188} INFO - [2026-05-19T19:25:52.382+0000] {dagbag.py:540} INFO - Filling up the DagBag from /home/airflow/.local/lib/python3.8/site-packages/airflow/example_dags/example_time_delta_sensor_async.py
[2026-05-19T19:25:52.393+0000] {processor.py:840} INFO - DAG(s) 'example_time_delta_sensor_async' retrieved from /home/airflow/.local/lib/python3.8/site-packages/airflow/example_dags/example_time_delta_sensor_async.py
[2026-05-19T19:25:52.433+0000] {logging_mixin.py:188} INFO - [2026-05-19T19:25:52.433+0000] {dag.py:3047} INFO - Sync 1 DAGs
[2026-05-19T19:25:52.459+0000] {logging_mixin.py:188} INFO - [2026-05-19T19:25:52.459+0000] {dag.py:3834} INFO - Setting next_dagrun for example_time_delta_sensor_async to None, run_after=None
[2026-05-19T19:25:52.489+0000] {processor.py:183} INFO - Processing /home/airflow/.local/lib/python3.8/site-packages/airflow/example_dags/example_time_delta_sensor_async.py took 0.126 seconds
[2026-05-19T19:26:22.566+0000] {processor.py:161} INFO - Started process (PID=8904) to work on /home/airflow/.local/lib/python3.8/site-packages/airflow/example_dags/example_time_delta_sensor_async.py
[2026-05-19T19:26:22.569+0000] {processor.py:830} INFO - Processing file /home/airflow/.local/lib/python3.8/site-packages/airflow/example_dags/example_time_delta_sensor_async.py for tasks to queue
[2026-05-19T19:26:22.574+0000] {logging_mixin.py:188} INFO - [2026-05-19T19:26:22.574+0000] {dagbag.py:540} INFO - Filling up the DagBag from /home/airflow/.local/lib/python3.8/site-packages/airflow/example_dags/example_time_delta_sensor_async.py
[2026-05-19T19:26:22.584+0000] {processor.py:840} INFO - DAG(s) 'example_time_delta_sensor_async' retrieved from /home/airflow/.local/lib/python3.8/site-packages/airflow/example_dags/example_time_delta_sensor_async.py
[2026-05-19T19:26:22.613+0000] {logging_mixin.py:188} INFO - [2026-05-19T19:26:22.613+0000] {dag.py:3047} INFO - Sync 1 DAGs
[2026-05-19T19:26:22.629+0000] {logging_mixin.py:188} INFO - [2026-05-19T19:26:22.628+0000] {dag.py:3834} INFO - Setting next_dagrun for example_time_delta_sensor_async to None, run_after=None
[2026-05-19T19:26:22.669+0000] {processor.py:183} INFO - Processing /home/airflow/.local/lib/python3.8/site-packages/airflow/example_dags/example_time_delta_sensor_async.py took 0.108 seconds
[2026-05-19T19:26:54.536+0000] {processor.py:161} INFO - Started process (PID=8960) to work on /home/airflow/.local/lib/python3.8/site-packages/airflow/example_dags/example_time_delta_sensor_async.py
[2026-05-19T19:26:54.539+0000] {processor.py:830} INFO - Processing file /home/airflow/.local/lib/python3.8/site-packages/airflow/example_dags/example_time_delta_sensor_async.py for tasks to queue
[2026-05-19T19:26:54.542+0000] {logging_mixin.py:188} INFO - [2026-05-19T19:26:54.542+0000] {dagbag.py:540} INFO - Filling up the DagBag from /home/airflow/.local/lib/python3.8/site-packages/airflow/example_dags/example_time_delta_sensor_async.py
[2026-05-19T19:26:54.550+0000] {processor.py:840} INFO - DAG(s) 'example_time_delta_sensor_async' retrieved from /home/airflow/.local/lib/python3.8/site-packages/airflow/example_dags/example_time_delta_sensor_async.py
[2026-05-19T19:26:54.585+0000] {logging_mixin.py:188} INFO - [2026-05-19T19:26:54.584+0000] {dag.py:3047} INFO - Sync 1 DAGs
[2026-05-19T19:26:54.604+0000] {logging_mixin.py:188} INFO - [2026-05-19T19:26:54.603+0000] {dag.py:3834} INFO - Setting next_dagrun for example_time_delta_sensor_async to None, run_after=None
[2026-05-19T19:26:54.665+0000] {processor.py:183} INFO - Processing /home/airflow/.local/lib/python3.8/site-packages/airflow/example_dags/example_time_delta_sensor_async.py took 0.135 seconds
[2026-05-19T19:27:24.789+0000] {processor.py:161} INFO - Started process (PID=9015) to work on /home/airflow/.local/lib/python3.8/site-packages/airflow/example_dags/example_time_delta_sensor_async.py
[2026-05-19T19:27:24.791+0000] {processor.py:830} INFO - Processing file /home/airflow/.local/lib/python3.8/site-packages/airflow/example_dags/example_time_delta_sensor_async.py for tasks to queue
[2026-05-19T19:27:24.794+0000] {logging_mixin.py:188} INFO - [2026-05-19T19:27:24.794+0000] {dagbag.py:540} INFO - Filling up the DagBag from /home/airflow/.local/lib/python3.8/site-packages/airflow/example_dags/example_time_delta_sensor_async.py
[2026-05-19T19:27:24.806+0000] {processor.py:840} INFO - DAG(s) 'example_time_delta_sensor_async' retrieved from /home/airflow/.local/lib/python3.8/site-packages/airflow/example_dags/example_time_delta_sensor_async.py
[2026-05-19T19:27:24.844+0000] {logging_mixin.py:188} INFO - [2026-05-19T19:27:24.844+0000] {dag.py:3047} INFO - Sync 1 DAGs
[2026-05-19T19:27:24.869+0000] {logging_mixin.py:188} INFO - [2026-05-19T19:27:24.869+0000] {dag.py:3834} INFO - Setting next_dagrun for example_time_delta_sensor_async to None, run_after=None
[2026-05-19T19:27:24.914+0000] {processor.py:183} INFO - Processing /home/airflow/.local/lib/python3.8/site-packages/airflow/example_dags/example_time_delta_sensor_async.py took 0.129 seconds
[2026-05-19T19:27:55.237+0000] {processor.py:161} INFO - Started process (PID=9070) to work on /home/airflow/.local/lib/python3.8/site-packages/airflow/example_dags/example_time_delta_sensor_async.py
[2026-05-19T19:27:55.239+0000] {processor.py:830} INFO - Processing file /home/airflow/.local/lib/python3.8/site-packages/airflow/example_dags/example_time_delta_sensor_async.py for tasks to queue
[2026-05-19T19:27:55.243+0000] {logging_mixin.py:188} INFO - [2026-05-19T19:27:55.242+0000] {dagbag.py:540} INFO - Filling up the DagBag from /home/airflow/.local/lib/python3.8/site-packages/airflow/example_dags/example_time_delta_sensor_async.py
[2026-05-19T19:27:55.250+0000] {processor.py:840} INFO - DAG(s) 'example_time_delta_sensor_async' retrieved from /home/airflow/.local/lib/python3.8/site-packages/airflow/example_dags/example_time_delta_sensor_async.py
[2026-05-19T19:27:55.284+0000] {logging_mixin.py:188} INFO - [2026-05-19T19:27:55.284+0000] {dag.py:3047} INFO - Sync 1 DAGs
[2026-05-19T19:27:55.303+0000] {logging_mixin.py:188} INFO - [2026-05-19T19:27:55.302+0000] {dag.py:3834} INFO - Setting next_dagrun for example_time_delta_sensor_async to None, run_after=None
[2026-05-19T19:27:55.349+0000] {processor.py:183} INFO - Processing /home/airflow/.local/lib/python3.8/site-packages/airflow/example_dags/example_time_delta_sensor_async.py took 0.117 seconds
[2026-05-19T19:28:25.695+0000] {processor.py:161} INFO - Started process (PID=9125) to work on /home/airflow/.local/lib/python3.8/site-packages/airflow/example_dags/example_time_delta_sensor_async.py
[2026-05-19T19:28:25.697+0000] {processor.py:830} INFO - Processing file /home/airflow/.local/lib/python3.8/site-packages/airflow/example_dags/example_time_delta_sensor_async.py for tasks to queue
[2026-05-19T19:28:25.701+0000] {logging_mixin.py:188} INFO - [2026-05-19T19:28:25.700+0000] {dagbag.py:540} INFO - Filling up the DagBag from /home/airflow/.local/lib/python3.8/site-packages/airflow/example_dags/example_time_delta_sensor_async.py
[2026-05-19T19:28:25.710+0000] {processor.py:840} INFO - DAG(s) 'example_time_delta_sensor_async' retrieved from /home/airflow/.local/lib/python3.8/site-packages/airflow/example_dags/example_time_delta_sensor_async.py
[2026-05-19T19:28:25.768+0000] {logging_mixin.py:188} INFO - [2026-05-19T19:28:25.767+0000] {dag.py:3047} INFO - Sync 1 DAGs
[2026-05-19T19:28:25.825+0000] {logging_mixin.py:188} INFO - [2026-05-19T19:28:25.824+0000] {dag.py:3834} INFO - Setting next_dagrun for example_time_delta_sensor_async to None, run_after=None
[2026-05-19T19:28:25.876+0000] {processor.py:183} INFO - Processing /home/airflow/.local/lib/python3.8/site-packages/airflow/example_dags/example_time_delta_sensor_async.py took 0.186 seconds
[2026-05-19T19:28:56.897+0000] {processor.py:161} INFO - Started process (PID=9180) to work on /home/airflow/.local/lib/python3.8/site-packages/airflow/example_dags/example_time_delta_sensor_async.py
[2026-05-19T19:28:56.898+0000] {processor.py:830} INFO - Processing file /home/airflow/.local/lib/python3.8/site-packages/airflow/example_dags/example_time_delta_sensor_async.py for tasks to queue
[2026-05-19T19:28:56.901+0000] {logging_mixin.py:188} INFO - [2026-05-19T19:28:56.900+0000] {dagbag.py:540} INFO - Filling up the DagBag from /home/airflow/.local/lib/python3.8/site-packages/airflow/example_dags/example_time_delta_sensor_async.py
[2026-05-19T19:28:56.908+0000] {processor.py:840} INFO - DAG(s) 'example_time_delta_sensor_async' retrieved from /home/airflow/.local/lib/python3.8/site-packages/airflow/example_dags/example_time_delta_sensor_async.py
[2026-05-19T19:28:56.929+0000] {logging_mixin.py:188} INFO - [2026-05-19T19:28:56.929+0000] {dag.py:3047} INFO - Sync 1 DAGs
[2026-05-19T19:28:56.941+0000] {logging_mixin.py:188} INFO - [2026-05-19T19:28:56.941+0000] {dag.py:3834} INFO - Setting next_dagrun for example_time_delta_sensor_async to None, run_after=None
[2026-05-19T19:28:56.971+0000] {processor.py:183} INFO - Processing /home/airflow/.local/lib/python3.8/site-packages/airflow/example_dags/example_time_delta_sensor_async.py took 0.077 seconds
[2026-05-19T19:29:27.775+0000] {processor.py:161} INFO - Started process (PID=9235) to work on /home/airflow/.local/lib/python3.8/site-packages/airflow/example_dags/example_time_delta_sensor_async.py
[2026-05-19T19:29:27.777+0000] {processor.py:830} INFO - Processing file /home/airflow/.local/lib/python3.8/site-packages/airflow/example_dags/example_time_delta_sensor_async.py for tasks to queue
[2026-05-19T19:29:27.780+0000] {logging_mixin.py:188} INFO - [2026-05-19T19:29:27.780+0000] {dagbag.py:540} INFO - Filling up the DagBag from /home/airflow/.local/lib/python3.8/site-packages/airflow/example_dags/example_time_delta_sensor_async.py
[2026-05-19T19:29:27.791+0000] {processor.py:840} INFO - DAG(s) 'example_time_delta_sensor_async' retrieved from /home/airflow/.local/lib/python3.8/site-packages/airflow/example_dags/example_time_delta_sensor_async.py
[2026-05-19T19:29:27.830+0000] {logging_mixin.py:188} INFO - [2026-05-19T19:29:27.830+0000] {dag.py:3047} INFO - Sync 1 DAGs
[2026-05-19T19:29:27.847+0000] {logging_mixin.py:188} INFO - [2026-05-19T19:29:27.846+0000] {dag.py:3834} INFO - Setting next_dagrun for example_time_delta_sensor_async to None, run_after=None
[2026-05-19T19:29:27.878+0000] {processor.py:183} INFO - Processing /home/airflow/.local/lib/python3.8/site-packages/airflow/example_dags/example_time_delta_sensor_async.py took 0.110 seconds
[2026-05-19T19:29:58.506+0000] {processor.py:161} INFO - Started process (PID=9290) to work on /home/airflow/.local/lib/python3.8/site-packages/airflow/example_dags/example_time_delta_sensor_async.py
[2026-05-19T19:29:58.509+0000] {processor.py:830} INFO - Processing file /home/airflow/.local/lib/python3.8/site-packages/airflow/example_dags/example_time_delta_sensor_async.py for tasks to queue
[2026-05-19T19:29:58.515+0000] {logging_mixin.py:188} INFO - [2026-05-19T19:29:58.513+0000] {dagbag.py:540} INFO - Filling up the DagBag from /home/airflow/.local/lib/python3.8/site-packages/airflow/example_dags/example_time_delta_sensor_async.py
[2026-05-19T19:29:58.530+0000] {processor.py:840} INFO - DAG(s) 'example_time_delta_sensor_async' retrieved from /home/airflow/.local/lib/python3.8/site-packages/airflow/example_dags/example_time_delta_sensor_async.py
[2026-05-19T19:29:58.620+0000] {logging_mixin.py:188} INFO - [2026-05-19T19:29:58.619+0000] {dag.py:3047} INFO - Sync 1 DAGs
[2026-05-19T19:29:58.673+0000] {logging_mixin.py:188} INFO - [2026-05-19T19:29:58.672+0000] {dag.py:3834} INFO - Setting next_dagrun for example_time_delta_sensor_async to None, run_after=None
[2026-05-19T19:29:58.755+0000] {processor.py:183} INFO - Processing /home/airflow/.local/lib/python3.8/site-packages/airflow/example_dags/example_time_delta_sensor_async.py took 0.256 seconds
[2026-05-19T19:30:28.871+0000] {processor.py:161} INFO - Started process (PID=9345) to work on /home/airflow/.local/lib/python3.8/site-packages/airflow/example_dags/example_time_delta_sensor_async.py
[2026-05-19T19:30:28.874+0000] {processor.py:830} INFO - Processing file /home/airflow/.local/lib/python3.8/site-packages/airflow/example_dags/example_time_delta_sensor_async.py for tasks to queue
[2026-05-19T19:30:28.879+0000] {logging_mixin.py:188} INFO - [2026-05-19T19:30:28.878+0000] {dagbag.py:540} INFO - Filling up the DagBag from /home/airflow/.local/lib/python3.8/site-packages/airflow/example_dags/example_time_delta_sensor_async.py
[2026-05-19T19:30:28.886+0000] {processor.py:840} INFO - DAG(s) 'example_time_delta_sensor_async' retrieved from /home/airflow/.local/lib/python3.8/site-packages/airflow/example_dags/example_time_delta_sensor_async.py
[2026-05-19T19:30:28.927+0000] {logging_mixin.py:188} INFO - [2026-05-19T19:30:28.926+0000] {dag.py:3047} INFO - Sync 1 DAGs
[2026-05-19T19:30:28.954+0000] {logging_mixin.py:188} INFO - [2026-05-19T19:30:28.953+0000] {dag.py:3834} INFO - Setting next_dagrun for example_time_delta_sensor_async to None, run_after=None
[2026-05-19T19:30:29.001+0000] {processor.py:183} INFO - Processing /home/airflow/.local/lib/python3.8/site-packages/airflow/example_dags/example_time_delta_sensor_async.py took 0.134 seconds
[2026-05-19T19:30:59.138+0000] {processor.py:161} INFO - Started process (PID=9400) to work on /home/airflow/.local/lib/python3.8/site-packages/airflow/example_dags/example_time_delta_sensor_async.py
[2026-05-19T19:30:59.141+0000] {processor.py:830} INFO - Processing file /home/airflow/.local/lib/python3.8/site-packages/airflow/example_dags/example_time_delta_sensor_async.py for tasks to queue
[2026-05-19T19:30:59.147+0000] {logging_mixin.py:188} INFO - [2026-05-19T19:30:59.146+0000] {dagbag.py:540} INFO - Filling up the DagBag from /home/airflow/.local/lib/python3.8/site-packages/airflow/example_dags/example_time_delta_sensor_async.py
[2026-05-19T19:30:59.159+0000] {processor.py:840} INFO - DAG(s) 'example_time_delta_sensor_async' retrieved from /home/airflow/.local/lib/python3.8/site-packages/airflow/example_dags/example_time_delta_sensor_async.py
[2026-05-19T19:30:59.221+0000] {logging_mixin.py:188} INFO - [2026-05-19T19:30:59.220+0000] {dag.py:3047} INFO - Sync 1 DAGs
[2026-05-19T19:30:59.261+0000] {logging_mixin.py:188} INFO - [2026-05-19T19:30:59.261+0000] {dag.py:3834} INFO - Setting next_dagrun for example_time_delta_sensor_async to None, run_after=None
[2026-05-19T19:30:59.319+0000] {processor.py:183} INFO - Processing /home/airflow/.local/lib/python3.8/site-packages/airflow/example_dags/example_time_delta_sensor_async.py took 0.188 seconds
[2026-05-19T19:31:30.545+0000] {processor.py:161} INFO - Started process (PID=9455) to work on /home/airflow/.local/lib/python3.8/site-packages/airflow/example_dags/example_time_delta_sensor_async.py
[2026-05-19T19:31:30.548+0000] {processor.py:830} INFO - Processing file /home/airflow/.local/lib/python3.8/site-packages/airflow/example_dags/example_time_delta_sensor_async.py for tasks to queue
[2026-05-19T19:31:30.554+0000] {logging_mixin.py:188} INFO - [2026-05-19T19:31:30.552+0000] {dagbag.py:540} INFO - Filling up the DagBag from /home/airflow/.local/lib/python3.8/site-packages/airflow/example_dags/example_time_delta_sensor_async.py
[2026-05-19T19:31:30.563+0000] {processor.py:840} INFO - DAG(s) 'example_time_delta_sensor_async' retrieved from /home/airflow/.local/lib/python3.8/site-packages/airflow/example_dags/example_time_delta_sensor_async.py
[2026-05-19T19:31:30.605+0000] {logging_mixin.py:188} INFO - [2026-05-19T19:31:30.604+0000] {dag.py:3047} INFO - Sync 1 DAGs
[2026-05-19T19:31:30.638+0000] {logging_mixin.py:188} INFO - [2026-05-19T19:31:30.636+0000] {dag.py:3834} INFO - Setting next_dagrun for example_time_delta_sensor_async to None, run_after=None
[2026-05-19T19:31:30.709+0000] {processor.py:183} INFO - Processing /home/airflow/.local/lib/python3.8/site-packages/airflow/example_dags/example_time_delta_sensor_async.py took 0.170 seconds
[2026-05-19T19:32:01.351+0000] {processor.py:161} INFO - Started process (PID=9510) to work on /home/airflow/.local/lib/python3.8/site-packages/airflow/example_dags/example_time_delta_sensor_async.py
[2026-05-19T19:32:01.353+0000] {processor.py:830} INFO - Processing file /home/airflow/.local/lib/python3.8/site-packages/airflow/example_dags/example_time_delta_sensor_async.py for tasks to queue
[2026-05-19T19:32:01.355+0000] {logging_mixin.py:188} INFO - [2026-05-19T19:32:01.355+0000] {dagbag.py:540} INFO - Filling up the DagBag from /home/airflow/.local/lib/python3.8/site-packages/airflow/example_dags/example_time_delta_sensor_async.py
[2026-05-19T19:32:01.361+0000] {processor.py:840} INFO - DAG(s) 'example_time_delta_sensor_async' retrieved from /home/airflow/.local/lib/python3.8/site-packages/airflow/example_dags/example_time_delta_sensor_async.py
[2026-05-19T19:32:01.386+0000] {logging_mixin.py:188} INFO - [2026-05-19T19:32:01.385+0000] {dag.py:3047} INFO - Sync 1 DAGs
[2026-05-19T19:32:01.399+0000] {logging_mixin.py:188} INFO - [2026-05-19T19:32:01.399+0000] {dag.py:3834} INFO - Setting next_dagrun for example_time_delta_sensor_async to None, run_after=None
[2026-05-19T19:32:01.422+0000] {processor.py:183} INFO - Processing /home/airflow/.local/lib/python3.8/site-packages/airflow/example_dags/example_time_delta_sensor_async.py took 0.074 seconds
[2026-05-19T19:32:31.659+0000] {processor.py:161} INFO - Started process (PID=9565) to work on /home/airflow/.local/lib/python3.8/site-packages/airflow/example_dags/example_time_delta_sensor_async.py
[2026-05-19T19:32:31.661+0000] {processor.py:830} INFO - Processing file /home/airflow/.local/lib/python3.8/site-packages/airflow/example_dags/example_time_delta_sensor_async.py for tasks to queue
[2026-05-19T19:32:31.664+0000] {logging_mixin.py:188} INFO - [2026-05-19T19:32:31.664+0000] {dagbag.py:540} INFO - Filling up the DagBag from /home/airflow/.local/lib/python3.8/site-packages/airflow/example_dags/example_time_delta_sensor_async.py
[2026-05-19T19:32:31.671+0000] {processor.py:840} INFO - DAG(s) 'example_time_delta_sensor_async' retrieved from /home/airflow/.local/lib/python3.8/site-packages/airflow/example_dags/example_time_delta_sensor_async.py
[2026-05-19T19:32:31.704+0000] {logging_mixin.py:188} INFO - [2026-05-19T19:32:31.704+0000] {dag.py:3047} INFO - Sync 1 DAGs
[2026-05-19T19:32:31.719+0000] {logging_mixin.py:188} INFO - [2026-05-19T19:32:31.719+0000] {dag.py:3834} INFO - Setting next_dagrun for example_time_delta_sensor_async to None, run_after=None
[2026-05-19T19:32:31.748+0000] {processor.py:183} INFO - Processing /home/airflow/.local/lib/python3.8/site-packages/airflow/example_dags/example_time_delta_sensor_async.py took 0.092 seconds
[2026-05-19T19:33:02.250+0000] {processor.py:161} INFO - Started process (PID=9620) to work on /home/airflow/.local/lib/python3.8/site-packages/airflow/example_dags/example_time_delta_sensor_async.py
[2026-05-19T19:33:02.252+0000] {processor.py:830} INFO - Processing file /home/airflow/.local/lib/python3.8/site-packages/airflow/example_dags/example_time_delta_sensor_async.py for tasks to queue
[2026-05-19T19:33:02.256+0000] {logging_mixin.py:188} INFO - [2026-05-19T19:33:02.255+0000] {dagbag.py:540} INFO - Filling up the DagBag from /home/airflow/.local/lib/python3.8/site-packages/airflow/example_dags/example_time_delta_sensor_async.py
[2026-05-19T19:33:02.263+0000] {processor.py:840} INFO - DAG(s) 'example_time_delta_sensor_async' retrieved from /home/airflow/.local/lib/python3.8/site-packages/airflow/example_dags/example_time_delta_sensor_async.py
[2026-05-19T19:33:02.307+0000] {logging_mixin.py:188} INFO - [2026-05-19T19:33:02.307+0000] {dag.py:3047} INFO - Sync 1 DAGs
[2026-05-19T19:33:02.326+0000] {logging_mixin.py:188} INFO - [2026-05-19T19:33:02.325+0000] {dag.py:3834} INFO - Setting next_dagrun for example_time_delta_sensor_async to None, run_after=None
[2026-05-19T19:33:02.355+0000] {processor.py:183} INFO - Processing /home/airflow/.local/lib/python3.8/site-packages/airflow/example_dags/example_time_delta_sensor_async.py took 0.110 seconds
[2026-05-19T19:33:32.513+0000] {processor.py:161} INFO - Started process (PID=9675) to work on /home/airflow/.local/lib/python3.8/site-packages/airflow/example_dags/example_time_delta_sensor_async.py
[2026-05-19T19:33:32.514+0000] {processor.py:830} INFO - Processing file /home/airflow/.local/lib/python3.8/site-packages/airflow/example_dags/example_time_delta_sensor_async.py for tasks to queue
[2026-05-19T19:33:32.518+0000] {logging_mixin.py:188} INFO - [2026-05-19T19:33:32.517+0000] {dagbag.py:540} INFO - Filling up the DagBag from /home/airflow/.local/lib/python3.8/site-packages/airflow/example_dags/example_time_delta_sensor_async.py
[2026-05-19T19:33:32.525+0000] {processor.py:840} INFO - DAG(s) 'example_time_delta_sensor_async' retrieved from /home/airflow/.local/lib/python3.8/site-packages/airflow/example_dags/example_time_delta_sensor_async.py
[2026-05-19T19:33:32.556+0000] {logging_mixin.py:188} INFO - [2026-05-19T19:33:32.556+0000] {dag.py:3047} INFO - Sync 1 DAGs
[2026-05-19T19:33:32.574+0000] {logging_mixin.py:188} INFO - [2026-05-19T19:33:32.574+0000] {dag.py:3834} INFO - Setting next_dagrun for example_time_delta_sensor_async to None, run_after=None
[2026-05-19T19:33:32.605+0000] {processor.py:183} INFO - Processing /home/airflow/.local/lib/python3.8/site-packages/airflow/example_dags/example_time_delta_sensor_async.py took 0.097 seconds
