[2026-05-19T19:18:15.735+0000] {processor.py:161} INFO - Started process (PID=8034) to work on /home/airflow/.local/lib/python3.8/site-packages/airflow/example_dags/example_short_circuit_decorator.py
[2026-05-19T19:18:15.749+0000] {processor.py:830} INFO - Processing file /home/airflow/.local/lib/python3.8/site-packages/airflow/example_dags/example_short_circuit_decorator.py for tasks to queue
[2026-05-19T19:18:15.759+0000] {logging_mixin.py:188} INFO - [2026-05-19T19:18:15.758+0000] {dagbag.py:540} INFO - Filling up the DagBag from /home/airflow/.local/lib/python3.8/site-packages/airflow/example_dags/example_short_circuit_decorator.py
[2026-05-19T19:18:15.793+0000] {processor.py:840} INFO - DAG(s) 'example_short_circuit_decorator' retrieved from /home/airflow/.local/lib/python3.8/site-packages/airflow/example_dags/example_short_circuit_decorator.py
[2026-05-19T19:18:15.885+0000] {logging_mixin.py:188} INFO - [2026-05-19T19:18:15.885+0000] {dag.py:3047} INFO - Sync 1 DAGs
[2026-05-19T19:18:15.959+0000] {logging_mixin.py:188} INFO - [2026-05-19T19:18:15.958+0000] {dag.py:3834} INFO - Setting next_dagrun for example_short_circuit_decorator to 2026-05-18 00:00:00+00:00, run_after=2026-05-19 00:00:00+00:00
[2026-05-19T19:18:16.073+0000] {processor.py:183} INFO - Processing /home/airflow/.local/lib/python3.8/site-packages/airflow/example_dags/example_short_circuit_decorator.py took 0.357 seconds
[2026-05-19T19:18:46.152+0000] {processor.py:161} INFO - Started process (PID=8089) to work on /home/airflow/.local/lib/python3.8/site-packages/airflow/example_dags/example_short_circuit_decorator.py
[2026-05-19T19:18:46.155+0000] {processor.py:830} INFO - Processing file /home/airflow/.local/lib/python3.8/site-packages/airflow/example_dags/example_short_circuit_decorator.py for tasks to queue
[2026-05-19T19:18:46.158+0000] {logging_mixin.py:188} INFO - [2026-05-19T19:18:46.157+0000] {dagbag.py:540} INFO - Filling up the DagBag from /home/airflow/.local/lib/python3.8/site-packages/airflow/example_dags/example_short_circuit_decorator.py
[2026-05-19T19:18:46.167+0000] {processor.py:840} INFO - DAG(s) 'example_short_circuit_decorator' retrieved from /home/airflow/.local/lib/python3.8/site-packages/airflow/example_dags/example_short_circuit_decorator.py
[2026-05-19T19:18:46.190+0000] {logging_mixin.py:188} INFO - [2026-05-19T19:18:46.189+0000] {dag.py:3047} INFO - Sync 1 DAGs
[2026-05-19T19:18:46.208+0000] {logging_mixin.py:188} INFO - [2026-05-19T19:18:46.208+0000] {dag.py:3834} INFO - Setting next_dagrun for example_short_circuit_decorator to 2026-05-18 00:00:00+00:00, run_after=2026-05-19 00:00:00+00:00
[2026-05-19T19:18:46.227+0000] {processor.py:183} INFO - Processing /home/airflow/.local/lib/python3.8/site-packages/airflow/example_dags/example_short_circuit_decorator.py took 0.079 seconds
[2026-05-19T19:19:16.832+0000] {processor.py:161} INFO - Started process (PID=8143) to work on /home/airflow/.local/lib/python3.8/site-packages/airflow/example_dags/example_short_circuit_decorator.py
[2026-05-19T19:19:16.833+0000] {processor.py:830} INFO - Processing file /home/airflow/.local/lib/python3.8/site-packages/airflow/example_dags/example_short_circuit_decorator.py for tasks to queue
[2026-05-19T19:19:16.837+0000] {logging_mixin.py:188} INFO - [2026-05-19T19:19:16.836+0000] {dagbag.py:540} INFO - Filling up the DagBag from /home/airflow/.local/lib/python3.8/site-packages/airflow/example_dags/example_short_circuit_decorator.py
[2026-05-19T19:19:16.848+0000] {processor.py:840} INFO - DAG(s) 'example_short_circuit_decorator' retrieved from /home/airflow/.local/lib/python3.8/site-packages/airflow/example_dags/example_short_circuit_decorator.py
[2026-05-19T19:19:16.871+0000] {logging_mixin.py:188} INFO - [2026-05-19T19:19:16.871+0000] {dag.py:3047} INFO - Sync 1 DAGs
[2026-05-19T19:19:16.891+0000] {logging_mixin.py:188} INFO - [2026-05-19T19:19:16.891+0000] {dag.py:3834} INFO - Setting next_dagrun for example_short_circuit_decorator to 2026-05-18 00:00:00+00:00, run_after=2026-05-19 00:00:00+00:00
[2026-05-19T19:19:16.908+0000] {processor.py:183} INFO - Processing /home/airflow/.local/lib/python3.8/site-packages/airflow/example_dags/example_short_circuit_decorator.py took 0.081 seconds
[2026-05-19T19:19:47.028+0000] {processor.py:161} INFO - Started process (PID=8199) to work on /home/airflow/.local/lib/python3.8/site-packages/airflow/example_dags/example_short_circuit_decorator.py
[2026-05-19T19:19:47.030+0000] {processor.py:830} INFO - Processing file /home/airflow/.local/lib/python3.8/site-packages/airflow/example_dags/example_short_circuit_decorator.py for tasks to queue
[2026-05-19T19:19:47.032+0000] {logging_mixin.py:188} INFO - [2026-05-19T19:19:47.031+0000] {dagbag.py:540} INFO - Filling up the DagBag from /home/airflow/.local/lib/python3.8/site-packages/airflow/example_dags/example_short_circuit_decorator.py
[2026-05-19T19:19:47.040+0000] {processor.py:840} INFO - DAG(s) 'example_short_circuit_decorator' retrieved from /home/airflow/.local/lib/python3.8/site-packages/airflow/example_dags/example_short_circuit_decorator.py
[2026-05-19T19:19:47.061+0000] {logging_mixin.py:188} INFO - [2026-05-19T19:19:47.061+0000] {dag.py:3047} INFO - Sync 1 DAGs
[2026-05-19T19:19:47.107+0000] {logging_mixin.py:188} INFO - [2026-05-19T19:19:47.107+0000] {dag.py:3834} INFO - Setting next_dagrun for example_short_circuit_decorator to 2026-05-18 00:00:00+00:00, run_after=2026-05-19 00:00:00+00:00
[2026-05-19T19:19:47.156+0000] {processor.py:183} INFO - Processing /home/airflow/.local/lib/python3.8/site-packages/airflow/example_dags/example_short_circuit_decorator.py took 0.131 seconds
[2026-05-19T19:20:17.471+0000] {processor.py:161} INFO - Started process (PID=8253) to work on /home/airflow/.local/lib/python3.8/site-packages/airflow/example_dags/example_short_circuit_decorator.py
[2026-05-19T19:20:17.474+0000] {processor.py:830} INFO - Processing file /home/airflow/.local/lib/python3.8/site-packages/airflow/example_dags/example_short_circuit_decorator.py for tasks to queue
[2026-05-19T19:20:17.477+0000] {logging_mixin.py:188} INFO - [2026-05-19T19:20:17.476+0000] {dagbag.py:540} INFO - Filling up the DagBag from /home/airflow/.local/lib/python3.8/site-packages/airflow/example_dags/example_short_circuit_decorator.py
[2026-05-19T19:20:17.491+0000] {processor.py:840} INFO - DAG(s) 'example_short_circuit_decorator' retrieved from /home/airflow/.local/lib/python3.8/site-packages/airflow/example_dags/example_short_circuit_decorator.py
[2026-05-19T19:20:17.527+0000] {logging_mixin.py:188} INFO - [2026-05-19T19:20:17.526+0000] {dag.py:3047} INFO - Sync 1 DAGs
[2026-05-19T19:20:17.568+0000] {logging_mixin.py:188} INFO - [2026-05-19T19:20:17.567+0000] {dag.py:3834} INFO - Setting next_dagrun for example_short_circuit_decorator to 2026-05-18 00:00:00+00:00, run_after=2026-05-19 00:00:00+00:00
[2026-05-19T19:20:17.606+0000] {processor.py:183} INFO - Processing /home/airflow/.local/lib/python3.8/site-packages/airflow/example_dags/example_short_circuit_decorator.py took 0.141 seconds
[2026-05-19T19:20:48.033+0000] {processor.py:161} INFO - Started process (PID=8307) to work on /home/airflow/.local/lib/python3.8/site-packages/airflow/example_dags/example_short_circuit_decorator.py
[2026-05-19T19:20:48.034+0000] {processor.py:830} INFO - Processing file /home/airflow/.local/lib/python3.8/site-packages/airflow/example_dags/example_short_circuit_decorator.py for tasks to queue
[2026-05-19T19:20:48.037+0000] {logging_mixin.py:188} INFO - [2026-05-19T19:20:48.037+0000] {dagbag.py:540} INFO - Filling up the DagBag from /home/airflow/.local/lib/python3.8/site-packages/airflow/example_dags/example_short_circuit_decorator.py
[2026-05-19T19:20:48.046+0000] {processor.py:840} INFO - DAG(s) 'example_short_circuit_decorator' retrieved from /home/airflow/.local/lib/python3.8/site-packages/airflow/example_dags/example_short_circuit_decorator.py
[2026-05-19T19:20:48.072+0000] {logging_mixin.py:188} INFO - [2026-05-19T19:20:48.072+0000] {dag.py:3047} INFO - Sync 1 DAGs
[2026-05-19T19:20:48.101+0000] {logging_mixin.py:188} INFO - [2026-05-19T19:20:48.100+0000] {dag.py:3834} INFO - Setting next_dagrun for example_short_circuit_decorator to 2026-05-18 00:00:00+00:00, run_after=2026-05-19 00:00:00+00:00
[2026-05-19T19:20:48.139+0000] {processor.py:183} INFO - Processing /home/airflow/.local/lib/python3.8/site-packages/airflow/example_dags/example_short_circuit_decorator.py took 0.110 seconds
[2026-05-19T19:21:18.501+0000] {processor.py:161} INFO - Started process (PID=8363) to work on /home/airflow/.local/lib/python3.8/site-packages/airflow/example_dags/example_short_circuit_decorator.py
[2026-05-19T19:21:18.503+0000] {processor.py:830} INFO - Processing file /home/airflow/.local/lib/python3.8/site-packages/airflow/example_dags/example_short_circuit_decorator.py for tasks to queue
[2026-05-19T19:21:18.508+0000] {logging_mixin.py:188} INFO - [2026-05-19T19:21:18.507+0000] {dagbag.py:540} INFO - Filling up the DagBag from /home/airflow/.local/lib/python3.8/site-packages/airflow/example_dags/example_short_circuit_decorator.py
[2026-05-19T19:21:18.527+0000] {processor.py:840} INFO - DAG(s) 'example_short_circuit_decorator' retrieved from /home/airflow/.local/lib/python3.8/site-packages/airflow/example_dags/example_short_circuit_decorator.py
[2026-05-19T19:21:18.568+0000] {logging_mixin.py:188} INFO - [2026-05-19T19:21:18.567+0000] {dag.py:3047} INFO - Sync 1 DAGs
[2026-05-19T19:21:18.597+0000] {logging_mixin.py:188} INFO - [2026-05-19T19:21:18.596+0000] {dag.py:3834} INFO - Setting next_dagrun for example_short_circuit_decorator to 2026-05-18 00:00:00+00:00, run_after=2026-05-19 00:00:00+00:00
[2026-05-19T19:21:18.686+0000] {processor.py:183} INFO - Processing /home/airflow/.local/lib/python3.8/site-packages/airflow/example_dags/example_short_circuit_decorator.py took 0.191 seconds
[2026-05-19T19:21:48.925+0000] {processor.py:161} INFO - Started process (PID=8418) to work on /home/airflow/.local/lib/python3.8/site-packages/airflow/example_dags/example_short_circuit_decorator.py
[2026-05-19T19:21:48.927+0000] {processor.py:830} INFO - Processing file /home/airflow/.local/lib/python3.8/site-packages/airflow/example_dags/example_short_circuit_decorator.py for tasks to queue
[2026-05-19T19:21:48.930+0000] {logging_mixin.py:188} INFO - [2026-05-19T19:21:48.930+0000] {dagbag.py:540} INFO - Filling up the DagBag from /home/airflow/.local/lib/python3.8/site-packages/airflow/example_dags/example_short_circuit_decorator.py
[2026-05-19T19:21:48.939+0000] {processor.py:840} INFO - DAG(s) 'example_short_circuit_decorator' retrieved from /home/airflow/.local/lib/python3.8/site-packages/airflow/example_dags/example_short_circuit_decorator.py
[2026-05-19T19:21:48.969+0000] {logging_mixin.py:188} INFO - [2026-05-19T19:21:48.969+0000] {dag.py:3047} INFO - Sync 1 DAGs
[2026-05-19T19:21:48.993+0000] {logging_mixin.py:188} INFO - [2026-05-19T19:21:48.993+0000] {dag.py:3834} INFO - Setting next_dagrun for example_short_circuit_decorator to 2026-05-18 00:00:00+00:00, run_after=2026-05-19 00:00:00+00:00
[2026-05-19T19:21:49.012+0000] {processor.py:183} INFO - Processing /home/airflow/.local/lib/python3.8/site-packages/airflow/example_dags/example_short_circuit_decorator.py took 0.092 seconds
[2026-05-19T19:22:19.770+0000] {processor.py:161} INFO - Started process (PID=8473) to work on /home/airflow/.local/lib/python3.8/site-packages/airflow/example_dags/example_short_circuit_decorator.py
[2026-05-19T19:22:19.772+0000] {processor.py:830} INFO - Processing file /home/airflow/.local/lib/python3.8/site-packages/airflow/example_dags/example_short_circuit_decorator.py for tasks to queue
[2026-05-19T19:22:19.776+0000] {logging_mixin.py:188} INFO - [2026-05-19T19:22:19.775+0000] {dagbag.py:540} INFO - Filling up the DagBag from /home/airflow/.local/lib/python3.8/site-packages/airflow/example_dags/example_short_circuit_decorator.py
[2026-05-19T19:22:19.792+0000] {processor.py:840} INFO - DAG(s) 'example_short_circuit_decorator' retrieved from /home/airflow/.local/lib/python3.8/site-packages/airflow/example_dags/example_short_circuit_decorator.py
[2026-05-19T19:22:19.831+0000] {logging_mixin.py:188} INFO - [2026-05-19T19:22:19.831+0000] {dag.py:3047} INFO - Sync 1 DAGs
[2026-05-19T19:22:19.872+0000] {logging_mixin.py:188} INFO - [2026-05-19T19:22:19.871+0000] {dag.py:3834} INFO - Setting next_dagrun for example_short_circuit_decorator to 2026-05-18 00:00:00+00:00, run_after=2026-05-19 00:00:00+00:00
[2026-05-19T19:22:19.925+0000] {processor.py:183} INFO - Processing /home/airflow/.local/lib/python3.8/site-packages/airflow/example_dags/example_short_circuit_decorator.py took 0.160 seconds
[2026-05-19T19:22:50.350+0000] {processor.py:161} INFO - Started process (PID=8527) to work on /home/airflow/.local/lib/python3.8/site-packages/airflow/example_dags/example_short_circuit_decorator.py
[2026-05-19T19:22:50.351+0000] {processor.py:830} INFO - Processing file /home/airflow/.local/lib/python3.8/site-packages/airflow/example_dags/example_short_circuit_decorator.py for tasks to queue
[2026-05-19T19:22:50.354+0000] {logging_mixin.py:188} INFO - [2026-05-19T19:22:50.354+0000] {dagbag.py:540} INFO - Filling up the DagBag from /home/airflow/.local/lib/python3.8/site-packages/airflow/example_dags/example_short_circuit_decorator.py
[2026-05-19T19:22:50.363+0000] {processor.py:840} INFO - DAG(s) 'example_short_circuit_decorator' retrieved from /home/airflow/.local/lib/python3.8/site-packages/airflow/example_dags/example_short_circuit_decorator.py
[2026-05-19T19:22:50.387+0000] {logging_mixin.py:188} INFO - [2026-05-19T19:22:50.387+0000] {dag.py:3047} INFO - Sync 1 DAGs
[2026-05-19T19:22:50.407+0000] {logging_mixin.py:188} INFO - [2026-05-19T19:22:50.407+0000] {dag.py:3834} INFO - Setting next_dagrun for example_short_circuit_decorator to 2026-05-18 00:00:00+00:00, run_after=2026-05-19 00:00:00+00:00
[2026-05-19T19:22:50.430+0000] {processor.py:183} INFO - Processing /home/airflow/.local/lib/python3.8/site-packages/airflow/example_dags/example_short_circuit_decorator.py took 0.084 seconds
[2026-05-19T19:23:20.658+0000] {processor.py:161} INFO - Started process (PID=8582) to work on /home/airflow/.local/lib/python3.8/site-packages/airflow/example_dags/example_short_circuit_decorator.py
[2026-05-19T19:23:20.659+0000] {processor.py:830} INFO - Processing file /home/airflow/.local/lib/python3.8/site-packages/airflow/example_dags/example_short_circuit_decorator.py for tasks to queue
[2026-05-19T19:23:20.662+0000] {logging_mixin.py:188} INFO - [2026-05-19T19:23:20.662+0000] {dagbag.py:540} INFO - Filling up the DagBag from /home/airflow/.local/lib/python3.8/site-packages/airflow/example_dags/example_short_circuit_decorator.py
[2026-05-19T19:23:20.671+0000] {processor.py:840} INFO - DAG(s) 'example_short_circuit_decorator' retrieved from /home/airflow/.local/lib/python3.8/site-packages/airflow/example_dags/example_short_circuit_decorator.py
[2026-05-19T19:23:20.697+0000] {logging_mixin.py:188} INFO - [2026-05-19T19:23:20.697+0000] {dag.py:3047} INFO - Sync 1 DAGs
[2026-05-19T19:23:20.722+0000] {logging_mixin.py:188} INFO - [2026-05-19T19:23:20.721+0000] {dag.py:3834} INFO - Setting next_dagrun for example_short_circuit_decorator to 2026-05-18 00:00:00+00:00, run_after=2026-05-19 00:00:00+00:00
[2026-05-19T19:23:20.745+0000] {processor.py:183} INFO - Processing /home/airflow/.local/lib/python3.8/site-packages/airflow/example_dags/example_short_circuit_decorator.py took 0.092 seconds
[2026-05-19T19:23:51.652+0000] {processor.py:161} INFO - Started process (PID=8637) to work on /home/airflow/.local/lib/python3.8/site-packages/airflow/example_dags/example_short_circuit_decorator.py
[2026-05-19T19:23:51.655+0000] {processor.py:830} INFO - Processing file /home/airflow/.local/lib/python3.8/site-packages/airflow/example_dags/example_short_circuit_decorator.py for tasks to queue
[2026-05-19T19:23:51.659+0000] {logging_mixin.py:188} INFO - [2026-05-19T19:23:51.659+0000] {dagbag.py:540} INFO - Filling up the DagBag from /home/airflow/.local/lib/python3.8/site-packages/airflow/example_dags/example_short_circuit_decorator.py
[2026-05-19T19:23:51.680+0000] {processor.py:840} INFO - DAG(s) 'example_short_circuit_decorator' retrieved from /home/airflow/.local/lib/python3.8/site-packages/airflow/example_dags/example_short_circuit_decorator.py
[2026-05-19T19:23:51.733+0000] {logging_mixin.py:188} INFO - [2026-05-19T19:23:51.732+0000] {dag.py:3047} INFO - Sync 1 DAGs
[2026-05-19T19:23:51.781+0000] {logging_mixin.py:188} INFO - [2026-05-19T19:23:51.781+0000] {dag.py:3834} INFO - Setting next_dagrun for example_short_circuit_decorator to 2026-05-18 00:00:00+00:00, run_after=2026-05-19 00:00:00+00:00
[2026-05-19T19:23:51.831+0000] {processor.py:183} INFO - Processing /home/airflow/.local/lib/python3.8/site-packages/airflow/example_dags/example_short_circuit_decorator.py took 0.188 seconds
[2026-05-19T19:24:21.927+0000] {processor.py:161} INFO - Started process (PID=8692) to work on /home/airflow/.local/lib/python3.8/site-packages/airflow/example_dags/example_short_circuit_decorator.py
[2026-05-19T19:24:21.929+0000] {processor.py:830} INFO - Processing file /home/airflow/.local/lib/python3.8/site-packages/airflow/example_dags/example_short_circuit_decorator.py for tasks to queue
[2026-05-19T19:24:21.933+0000] {logging_mixin.py:188} INFO - [2026-05-19T19:24:21.932+0000] {dagbag.py:540} INFO - Filling up the DagBag from /home/airflow/.local/lib/python3.8/site-packages/airflow/example_dags/example_short_circuit_decorator.py
[2026-05-19T19:24:21.945+0000] {processor.py:840} INFO - DAG(s) 'example_short_circuit_decorator' retrieved from /home/airflow/.local/lib/python3.8/site-packages/airflow/example_dags/example_short_circuit_decorator.py
[2026-05-19T19:24:21.979+0000] {logging_mixin.py:188} INFO - [2026-05-19T19:24:21.978+0000] {dag.py:3047} INFO - Sync 1 DAGs
[2026-05-19T19:24:22.018+0000] {logging_mixin.py:188} INFO - [2026-05-19T19:24:22.018+0000] {dag.py:3834} INFO - Setting next_dagrun for example_short_circuit_decorator to 2026-05-18 00:00:00+00:00, run_after=2026-05-19 00:00:00+00:00
[2026-05-19T19:24:22.047+0000] {processor.py:183} INFO - Processing /home/airflow/.local/lib/python3.8/site-packages/airflow/example_dags/example_short_circuit_decorator.py took 0.125 seconds
[2026-05-19T19:24:53.047+0000] {processor.py:161} INFO - Started process (PID=8747) to work on /home/airflow/.local/lib/python3.8/site-packages/airflow/example_dags/example_short_circuit_decorator.py
[2026-05-19T19:24:53.049+0000] {processor.py:830} INFO - Processing file /home/airflow/.local/lib/python3.8/site-packages/airflow/example_dags/example_short_circuit_decorator.py for tasks to queue
[2026-05-19T19:24:53.053+0000] {logging_mixin.py:188} INFO - [2026-05-19T19:24:53.052+0000] {dagbag.py:540} INFO - Filling up the DagBag from /home/airflow/.local/lib/python3.8/site-packages/airflow/example_dags/example_short_circuit_decorator.py
[2026-05-19T19:24:53.066+0000] {processor.py:840} INFO - DAG(s) 'example_short_circuit_decorator' retrieved from /home/airflow/.local/lib/python3.8/site-packages/airflow/example_dags/example_short_circuit_decorator.py
[2026-05-19T19:24:53.100+0000] {logging_mixin.py:188} INFO - [2026-05-19T19:24:53.099+0000] {dag.py:3047} INFO - Sync 1 DAGs
[2026-05-19T19:24:53.127+0000] {logging_mixin.py:188} INFO - [2026-05-19T19:24:53.127+0000] {dag.py:3834} INFO - Setting next_dagrun for example_short_circuit_decorator to 2026-05-18 00:00:00+00:00, run_after=2026-05-19 00:00:00+00:00
[2026-05-19T19:24:53.154+0000] {processor.py:183} INFO - Processing /home/airflow/.local/lib/python3.8/site-packages/airflow/example_dags/example_short_circuit_decorator.py took 0.111 seconds
[2026-05-19T19:25:23.778+0000] {processor.py:161} INFO - Started process (PID=8802) to work on /home/airflow/.local/lib/python3.8/site-packages/airflow/example_dags/example_short_circuit_decorator.py
[2026-05-19T19:25:23.780+0000] {processor.py:830} INFO - Processing file /home/airflow/.local/lib/python3.8/site-packages/airflow/example_dags/example_short_circuit_decorator.py for tasks to queue
[2026-05-19T19:25:23.784+0000] {logging_mixin.py:188} INFO - [2026-05-19T19:25:23.784+0000] {dagbag.py:540} INFO - Filling up the DagBag from /home/airflow/.local/lib/python3.8/site-packages/airflow/example_dags/example_short_circuit_decorator.py
[2026-05-19T19:25:23.799+0000] {processor.py:840} INFO - DAG(s) 'example_short_circuit_decorator' retrieved from /home/airflow/.local/lib/python3.8/site-packages/airflow/example_dags/example_short_circuit_decorator.py
[2026-05-19T19:25:23.856+0000] {logging_mixin.py:188} INFO - [2026-05-19T19:25:23.856+0000] {dag.py:3047} INFO - Sync 1 DAGs
[2026-05-19T19:25:23.898+0000] {logging_mixin.py:188} INFO - [2026-05-19T19:25:23.897+0000] {dag.py:3834} INFO - Setting next_dagrun for example_short_circuit_decorator to 2026-05-18 00:00:00+00:00, run_after=2026-05-19 00:00:00+00:00
[2026-05-19T19:25:23.928+0000] {processor.py:183} INFO - Processing /home/airflow/.local/lib/python3.8/site-packages/airflow/example_dags/example_short_circuit_decorator.py took 0.157 seconds
[2026-05-19T19:25:54.608+0000] {processor.py:161} INFO - Started process (PID=8857) to work on /home/airflow/.local/lib/python3.8/site-packages/airflow/example_dags/example_short_circuit_decorator.py
[2026-05-19T19:25:54.611+0000] {processor.py:830} INFO - Processing file /home/airflow/.local/lib/python3.8/site-packages/airflow/example_dags/example_short_circuit_decorator.py for tasks to queue
[2026-05-19T19:25:54.614+0000] {logging_mixin.py:188} INFO - [2026-05-19T19:25:54.614+0000] {dagbag.py:540} INFO - Filling up the DagBag from /home/airflow/.local/lib/python3.8/site-packages/airflow/example_dags/example_short_circuit_decorator.py
[2026-05-19T19:25:54.628+0000] {processor.py:840} INFO - DAG(s) 'example_short_circuit_decorator' retrieved from /home/airflow/.local/lib/python3.8/site-packages/airflow/example_dags/example_short_circuit_decorator.py
[2026-05-19T19:25:54.681+0000] {logging_mixin.py:188} INFO - [2026-05-19T19:25:54.681+0000] {dag.py:3047} INFO - Sync 1 DAGs
[2026-05-19T19:25:54.718+0000] {logging_mixin.py:188} INFO - [2026-05-19T19:25:54.718+0000] {dag.py:3834} INFO - Setting next_dagrun for example_short_circuit_decorator to 2026-05-18 00:00:00+00:00, run_after=2026-05-19 00:00:00+00:00
[2026-05-19T19:25:54.749+0000] {processor.py:183} INFO - Processing /home/airflow/.local/lib/python3.8/site-packages/airflow/example_dags/example_short_circuit_decorator.py took 0.147 seconds
[2026-05-19T19:26:25.659+0000] {processor.py:161} INFO - Started process (PID=8912) to work on /home/airflow/.local/lib/python3.8/site-packages/airflow/example_dags/example_short_circuit_decorator.py
[2026-05-19T19:26:25.661+0000] {processor.py:830} INFO - Processing file /home/airflow/.local/lib/python3.8/site-packages/airflow/example_dags/example_short_circuit_decorator.py for tasks to queue
[2026-05-19T19:26:25.665+0000] {logging_mixin.py:188} INFO - [2026-05-19T19:26:25.664+0000] {dagbag.py:540} INFO - Filling up the DagBag from /home/airflow/.local/lib/python3.8/site-packages/airflow/example_dags/example_short_circuit_decorator.py
[2026-05-19T19:26:25.680+0000] {processor.py:840} INFO - DAG(s) 'example_short_circuit_decorator' retrieved from /home/airflow/.local/lib/python3.8/site-packages/airflow/example_dags/example_short_circuit_decorator.py
[2026-05-19T19:26:25.714+0000] {logging_mixin.py:188} INFO - [2026-05-19T19:26:25.714+0000] {dag.py:3047} INFO - Sync 1 DAGs
[2026-05-19T19:26:25.744+0000] {logging_mixin.py:188} INFO - [2026-05-19T19:26:25.744+0000] {dag.py:3834} INFO - Setting next_dagrun for example_short_circuit_decorator to 2026-05-18 00:00:00+00:00, run_after=2026-05-19 00:00:00+00:00
[2026-05-19T19:26:25.779+0000] {processor.py:183} INFO - Processing /home/airflow/.local/lib/python3.8/site-packages/airflow/example_dags/example_short_circuit_decorator.py took 0.125 seconds
[2026-05-19T19:26:56.318+0000] {processor.py:161} INFO - Started process (PID=8967) to work on /home/airflow/.local/lib/python3.8/site-packages/airflow/example_dags/example_short_circuit_decorator.py
[2026-05-19T19:26:56.320+0000] {processor.py:830} INFO - Processing file /home/airflow/.local/lib/python3.8/site-packages/airflow/example_dags/example_short_circuit_decorator.py for tasks to queue
[2026-05-19T19:26:56.322+0000] {logging_mixin.py:188} INFO - [2026-05-19T19:26:56.322+0000] {dagbag.py:540} INFO - Filling up the DagBag from /home/airflow/.local/lib/python3.8/site-packages/airflow/example_dags/example_short_circuit_decorator.py
[2026-05-19T19:26:56.332+0000] {processor.py:840} INFO - DAG(s) 'example_short_circuit_decorator' retrieved from /home/airflow/.local/lib/python3.8/site-packages/airflow/example_dags/example_short_circuit_decorator.py
[2026-05-19T19:26:56.357+0000] {logging_mixin.py:188} INFO - [2026-05-19T19:26:56.357+0000] {dag.py:3047} INFO - Sync 1 DAGs
[2026-05-19T19:26:56.380+0000] {logging_mixin.py:188} INFO - [2026-05-19T19:26:56.380+0000] {dag.py:3834} INFO - Setting next_dagrun for example_short_circuit_decorator to 2026-05-18 00:00:00+00:00, run_after=2026-05-19 00:00:00+00:00
[2026-05-19T19:26:56.401+0000] {processor.py:183} INFO - Processing /home/airflow/.local/lib/python3.8/site-packages/airflow/example_dags/example_short_circuit_decorator.py took 0.086 seconds
[2026-05-19T19:27:27.054+0000] {processor.py:161} INFO - Started process (PID=9022) to work on /home/airflow/.local/lib/python3.8/site-packages/airflow/example_dags/example_short_circuit_decorator.py
[2026-05-19T19:27:27.056+0000] {processor.py:830} INFO - Processing file /home/airflow/.local/lib/python3.8/site-packages/airflow/example_dags/example_short_circuit_decorator.py for tasks to queue
[2026-05-19T19:27:27.062+0000] {logging_mixin.py:188} INFO - [2026-05-19T19:27:27.061+0000] {dagbag.py:540} INFO - Filling up the DagBag from /home/airflow/.local/lib/python3.8/site-packages/airflow/example_dags/example_short_circuit_decorator.py
[2026-05-19T19:27:27.083+0000] {processor.py:840} INFO - DAG(s) 'example_short_circuit_decorator' retrieved from /home/airflow/.local/lib/python3.8/site-packages/airflow/example_dags/example_short_circuit_decorator.py
[2026-05-19T19:27:27.138+0000] {logging_mixin.py:188} INFO - [2026-05-19T19:27:27.137+0000] {dag.py:3047} INFO - Sync 1 DAGs
[2026-05-19T19:27:27.177+0000] {logging_mixin.py:188} INFO - [2026-05-19T19:27:27.177+0000] {dag.py:3834} INFO - Setting next_dagrun for example_short_circuit_decorator to 2026-05-18 00:00:00+00:00, run_after=2026-05-19 00:00:00+00:00
[2026-05-19T19:27:27.240+0000] {processor.py:183} INFO - Processing /home/airflow/.local/lib/python3.8/site-packages/airflow/example_dags/example_short_circuit_decorator.py took 0.196 seconds
[2026-05-19T19:27:57.821+0000] {processor.py:161} INFO - Started process (PID=9077) to work on /home/airflow/.local/lib/python3.8/site-packages/airflow/example_dags/example_short_circuit_decorator.py
[2026-05-19T19:27:57.822+0000] {processor.py:830} INFO - Processing file /home/airflow/.local/lib/python3.8/site-packages/airflow/example_dags/example_short_circuit_decorator.py for tasks to queue
[2026-05-19T19:27:57.825+0000] {logging_mixin.py:188} INFO - [2026-05-19T19:27:57.825+0000] {dagbag.py:540} INFO - Filling up the DagBag from /home/airflow/.local/lib/python3.8/site-packages/airflow/example_dags/example_short_circuit_decorator.py
[2026-05-19T19:27:57.837+0000] {processor.py:840} INFO - DAG(s) 'example_short_circuit_decorator' retrieved from /home/airflow/.local/lib/python3.8/site-packages/airflow/example_dags/example_short_circuit_decorator.py
[2026-05-19T19:27:57.868+0000] {logging_mixin.py:188} INFO - [2026-05-19T19:27:57.867+0000] {dag.py:3047} INFO - Sync 1 DAGs
[2026-05-19T19:27:57.905+0000] {logging_mixin.py:188} INFO - [2026-05-19T19:27:57.904+0000] {dag.py:3834} INFO - Setting next_dagrun for example_short_circuit_decorator to 2026-05-18 00:00:00+00:00, run_after=2026-05-19 00:00:00+00:00
[2026-05-19T19:27:57.963+0000] {processor.py:183} INFO - Processing /home/airflow/.local/lib/python3.8/site-packages/airflow/example_dags/example_short_circuit_decorator.py took 0.147 seconds
[2026-05-19T19:28:28.680+0000] {processor.py:161} INFO - Started process (PID=9132) to work on /home/airflow/.local/lib/python3.8/site-packages/airflow/example_dags/example_short_circuit_decorator.py
[2026-05-19T19:28:28.682+0000] {processor.py:830} INFO - Processing file /home/airflow/.local/lib/python3.8/site-packages/airflow/example_dags/example_short_circuit_decorator.py for tasks to queue
[2026-05-19T19:28:28.686+0000] {logging_mixin.py:188} INFO - [2026-05-19T19:28:28.685+0000] {dagbag.py:540} INFO - Filling up the DagBag from /home/airflow/.local/lib/python3.8/site-packages/airflow/example_dags/example_short_circuit_decorator.py
[2026-05-19T19:28:28.699+0000] {processor.py:840} INFO - DAG(s) 'example_short_circuit_decorator' retrieved from /home/airflow/.local/lib/python3.8/site-packages/airflow/example_dags/example_short_circuit_decorator.py
[2026-05-19T19:28:28.735+0000] {logging_mixin.py:188} INFO - [2026-05-19T19:28:28.735+0000] {dag.py:3047} INFO - Sync 1 DAGs
[2026-05-19T19:28:28.766+0000] {logging_mixin.py:188} INFO - [2026-05-19T19:28:28.765+0000] {dag.py:3834} INFO - Setting next_dagrun for example_short_circuit_decorator to 2026-05-18 00:00:00+00:00, run_after=2026-05-19 00:00:00+00:00
[2026-05-19T19:28:28.797+0000] {processor.py:183} INFO - Processing /home/airflow/.local/lib/python3.8/site-packages/airflow/example_dags/example_short_circuit_decorator.py took 0.125 seconds
[2026-05-19T19:28:59.164+0000] {processor.py:161} INFO - Started process (PID=9187) to work on /home/airflow/.local/lib/python3.8/site-packages/airflow/example_dags/example_short_circuit_decorator.py
[2026-05-19T19:28:59.165+0000] {processor.py:830} INFO - Processing file /home/airflow/.local/lib/python3.8/site-packages/airflow/example_dags/example_short_circuit_decorator.py for tasks to queue
[2026-05-19T19:28:59.167+0000] {logging_mixin.py:188} INFO - [2026-05-19T19:28:59.167+0000] {dagbag.py:540} INFO - Filling up the DagBag from /home/airflow/.local/lib/python3.8/site-packages/airflow/example_dags/example_short_circuit_decorator.py
[2026-05-19T19:28:59.174+0000] {processor.py:840} INFO - DAG(s) 'example_short_circuit_decorator' retrieved from /home/airflow/.local/lib/python3.8/site-packages/airflow/example_dags/example_short_circuit_decorator.py
[2026-05-19T19:28:59.192+0000] {logging_mixin.py:188} INFO - [2026-05-19T19:28:59.192+0000] {dag.py:3047} INFO - Sync 1 DAGs
[2026-05-19T19:28:59.209+0000] {logging_mixin.py:188} INFO - [2026-05-19T19:28:59.209+0000] {dag.py:3834} INFO - Setting next_dagrun for example_short_circuit_decorator to 2026-05-18 00:00:00+00:00, run_after=2026-05-19 00:00:00+00:00
[2026-05-19T19:28:59.226+0000] {processor.py:183} INFO - Processing /home/airflow/.local/lib/python3.8/site-packages/airflow/example_dags/example_short_circuit_decorator.py took 0.066 seconds
[2026-05-19T19:29:30.191+0000] {processor.py:161} INFO - Started process (PID=9242) to work on /home/airflow/.local/lib/python3.8/site-packages/airflow/example_dags/example_short_circuit_decorator.py
[2026-05-19T19:29:30.194+0000] {processor.py:830} INFO - Processing file /home/airflow/.local/lib/python3.8/site-packages/airflow/example_dags/example_short_circuit_decorator.py for tasks to queue
[2026-05-19T19:29:30.197+0000] {logging_mixin.py:188} INFO - [2026-05-19T19:29:30.197+0000] {dagbag.py:540} INFO - Filling up the DagBag from /home/airflow/.local/lib/python3.8/site-packages/airflow/example_dags/example_short_circuit_decorator.py
[2026-05-19T19:29:30.211+0000] {processor.py:840} INFO - DAG(s) 'example_short_circuit_decorator' retrieved from /home/airflow/.local/lib/python3.8/site-packages/airflow/example_dags/example_short_circuit_decorator.py
[2026-05-19T19:29:30.248+0000] {logging_mixin.py:188} INFO - [2026-05-19T19:29:30.247+0000] {dag.py:3047} INFO - Sync 1 DAGs
[2026-05-19T19:29:30.286+0000] {logging_mixin.py:188} INFO - [2026-05-19T19:29:30.286+0000] {dag.py:3834} INFO - Setting next_dagrun for example_short_circuit_decorator to 2026-05-18 00:00:00+00:00, run_after=2026-05-19 00:00:00+00:00
[2026-05-19T19:29:30.324+0000] {processor.py:183} INFO - Processing /home/airflow/.local/lib/python3.8/site-packages/airflow/example_dags/example_short_circuit_decorator.py took 0.138 seconds
[2026-05-19T19:30:00.933+0000] {processor.py:161} INFO - Started process (PID=9297) to work on /home/airflow/.local/lib/python3.8/site-packages/airflow/example_dags/example_short_circuit_decorator.py
[2026-05-19T19:30:00.936+0000] {processor.py:830} INFO - Processing file /home/airflow/.local/lib/python3.8/site-packages/airflow/example_dags/example_short_circuit_decorator.py for tasks to queue
[2026-05-19T19:30:00.941+0000] {logging_mixin.py:188} INFO - [2026-05-19T19:30:00.940+0000] {dagbag.py:540} INFO - Filling up the DagBag from /home/airflow/.local/lib/python3.8/site-packages/airflow/example_dags/example_short_circuit_decorator.py
[2026-05-19T19:30:00.960+0000] {processor.py:840} INFO - DAG(s) 'example_short_circuit_decorator' retrieved from /home/airflow/.local/lib/python3.8/site-packages/airflow/example_dags/example_short_circuit_decorator.py
[2026-05-19T19:30:01.029+0000] {logging_mixin.py:188} INFO - [2026-05-19T19:30:01.028+0000] {dag.py:3047} INFO - Sync 1 DAGs
[2026-05-19T19:30:01.110+0000] {logging_mixin.py:188} INFO - [2026-05-19T19:30:01.109+0000] {dag.py:3834} INFO - Setting next_dagrun for example_short_circuit_decorator to 2026-05-18 00:00:00+00:00, run_after=2026-05-19 00:00:00+00:00
[2026-05-19T19:30:01.183+0000] {processor.py:183} INFO - Processing /home/airflow/.local/lib/python3.8/site-packages/airflow/example_dags/example_short_circuit_decorator.py took 0.257 seconds
[2026-05-19T19:30:31.896+0000] {processor.py:161} INFO - Started process (PID=9352) to work on /home/airflow/.local/lib/python3.8/site-packages/airflow/example_dags/example_short_circuit_decorator.py
[2026-05-19T19:30:31.899+0000] {processor.py:830} INFO - Processing file /home/airflow/.local/lib/python3.8/site-packages/airflow/example_dags/example_short_circuit_decorator.py for tasks to queue
[2026-05-19T19:30:31.901+0000] {logging_mixin.py:188} INFO - [2026-05-19T19:30:31.901+0000] {dagbag.py:540} INFO - Filling up the DagBag from /home/airflow/.local/lib/python3.8/site-packages/airflow/example_dags/example_short_circuit_decorator.py
[2026-05-19T19:30:31.914+0000] {processor.py:840} INFO - DAG(s) 'example_short_circuit_decorator' retrieved from /home/airflow/.local/lib/python3.8/site-packages/airflow/example_dags/example_short_circuit_decorator.py
[2026-05-19T19:30:31.948+0000] {logging_mixin.py:188} INFO - [2026-05-19T19:30:31.947+0000] {dag.py:3047} INFO - Sync 1 DAGs
[2026-05-19T19:30:31.997+0000] {logging_mixin.py:188} INFO - [2026-05-19T19:30:31.997+0000] {dag.py:3834} INFO - Setting next_dagrun for example_short_circuit_decorator to 2026-05-18 00:00:00+00:00, run_after=2026-05-19 00:00:00+00:00
[2026-05-19T19:30:32.102+0000] {processor.py:183} INFO - Processing /home/airflow/.local/lib/python3.8/site-packages/airflow/example_dags/example_short_circuit_decorator.py took 0.211 seconds
[2026-05-19T19:31:02.844+0000] {processor.py:161} INFO - Started process (PID=9407) to work on /home/airflow/.local/lib/python3.8/site-packages/airflow/example_dags/example_short_circuit_decorator.py
[2026-05-19T19:31:02.846+0000] {processor.py:830} INFO - Processing file /home/airflow/.local/lib/python3.8/site-packages/airflow/example_dags/example_short_circuit_decorator.py for tasks to queue
[2026-05-19T19:31:02.849+0000] {logging_mixin.py:188} INFO - [2026-05-19T19:31:02.849+0000] {dagbag.py:540} INFO - Filling up the DagBag from /home/airflow/.local/lib/python3.8/site-packages/airflow/example_dags/example_short_circuit_decorator.py
[2026-05-19T19:31:02.863+0000] {processor.py:840} INFO - DAG(s) 'example_short_circuit_decorator' retrieved from /home/airflow/.local/lib/python3.8/site-packages/airflow/example_dags/example_short_circuit_decorator.py
[2026-05-19T19:31:02.898+0000] {logging_mixin.py:188} INFO - [2026-05-19T19:31:02.897+0000] {dag.py:3047} INFO - Sync 1 DAGs
[2026-05-19T19:31:02.928+0000] {logging_mixin.py:188} INFO - [2026-05-19T19:31:02.928+0000] {dag.py:3834} INFO - Setting next_dagrun for example_short_circuit_decorator to 2026-05-18 00:00:00+00:00, run_after=2026-05-19 00:00:00+00:00
[2026-05-19T19:31:02.961+0000] {processor.py:183} INFO - Processing /home/airflow/.local/lib/python3.8/site-packages/airflow/example_dags/example_short_circuit_decorator.py took 0.122 seconds
[2026-05-19T19:31:33.494+0000] {processor.py:161} INFO - Started process (PID=9462) to work on /home/airflow/.local/lib/python3.8/site-packages/airflow/example_dags/example_short_circuit_decorator.py
[2026-05-19T19:31:33.499+0000] {processor.py:830} INFO - Processing file /home/airflow/.local/lib/python3.8/site-packages/airflow/example_dags/example_short_circuit_decorator.py for tasks to queue
[2026-05-19T19:31:33.515+0000] {logging_mixin.py:188} INFO - [2026-05-19T19:31:33.515+0000] {dagbag.py:540} INFO - Filling up the DagBag from /home/airflow/.local/lib/python3.8/site-packages/airflow/example_dags/example_short_circuit_decorator.py
[2026-05-19T19:31:33.535+0000] {processor.py:840} INFO - DAG(s) 'example_short_circuit_decorator' retrieved from /home/airflow/.local/lib/python3.8/site-packages/airflow/example_dags/example_short_circuit_decorator.py
[2026-05-19T19:31:33.585+0000] {logging_mixin.py:188} INFO - [2026-05-19T19:31:33.585+0000] {dag.py:3047} INFO - Sync 1 DAGs
[2026-05-19T19:31:33.625+0000] {logging_mixin.py:188} INFO - [2026-05-19T19:31:33.624+0000] {dag.py:3834} INFO - Setting next_dagrun for example_short_circuit_decorator to 2026-05-18 00:00:00+00:00, run_after=2026-05-19 00:00:00+00:00
[2026-05-19T19:31:33.665+0000] {processor.py:183} INFO - Processing /home/airflow/.local/lib/python3.8/site-packages/airflow/example_dags/example_short_circuit_decorator.py took 0.177 seconds
[2026-05-19T19:32:03.894+0000] {processor.py:161} INFO - Started process (PID=9517) to work on /home/airflow/.local/lib/python3.8/site-packages/airflow/example_dags/example_short_circuit_decorator.py
[2026-05-19T19:32:03.896+0000] {processor.py:830} INFO - Processing file /home/airflow/.local/lib/python3.8/site-packages/airflow/example_dags/example_short_circuit_decorator.py for tasks to queue
[2026-05-19T19:32:03.900+0000] {logging_mixin.py:188} INFO - [2026-05-19T19:32:03.899+0000] {dagbag.py:540} INFO - Filling up the DagBag from /home/airflow/.local/lib/python3.8/site-packages/airflow/example_dags/example_short_circuit_decorator.py
[2026-05-19T19:32:03.910+0000] {processor.py:840} INFO - DAG(s) 'example_short_circuit_decorator' retrieved from /home/airflow/.local/lib/python3.8/site-packages/airflow/example_dags/example_short_circuit_decorator.py
[2026-05-19T19:32:03.938+0000] {logging_mixin.py:188} INFO - [2026-05-19T19:32:03.938+0000] {dag.py:3047} INFO - Sync 1 DAGs
[2026-05-19T19:32:03.959+0000] {logging_mixin.py:188} INFO - [2026-05-19T19:32:03.959+0000] {dag.py:3834} INFO - Setting next_dagrun for example_short_circuit_decorator to 2026-05-18 00:00:00+00:00, run_after=2026-05-19 00:00:00+00:00
[2026-05-19T19:32:03.980+0000] {processor.py:183} INFO - Processing /home/airflow/.local/lib/python3.8/site-packages/airflow/example_dags/example_short_circuit_decorator.py took 0.089 seconds
[2026-05-19T19:32:34.508+0000] {processor.py:161} INFO - Started process (PID=9572) to work on /home/airflow/.local/lib/python3.8/site-packages/airflow/example_dags/example_short_circuit_decorator.py
[2026-05-19T19:32:34.510+0000] {processor.py:830} INFO - Processing file /home/airflow/.local/lib/python3.8/site-packages/airflow/example_dags/example_short_circuit_decorator.py for tasks to queue
[2026-05-19T19:32:34.514+0000] {logging_mixin.py:188} INFO - [2026-05-19T19:32:34.513+0000] {dagbag.py:540} INFO - Filling up the DagBag from /home/airflow/.local/lib/python3.8/site-packages/airflow/example_dags/example_short_circuit_decorator.py
[2026-05-19T19:32:34.530+0000] {processor.py:840} INFO - DAG(s) 'example_short_circuit_decorator' retrieved from /home/airflow/.local/lib/python3.8/site-packages/airflow/example_dags/example_short_circuit_decorator.py
[2026-05-19T19:32:34.585+0000] {logging_mixin.py:188} INFO - [2026-05-19T19:32:34.585+0000] {dag.py:3047} INFO - Sync 1 DAGs
[2026-05-19T19:32:34.617+0000] {logging_mixin.py:188} INFO - [2026-05-19T19:32:34.617+0000] {dag.py:3834} INFO - Setting next_dagrun for example_short_circuit_decorator to 2026-05-18 00:00:00+00:00, run_after=2026-05-19 00:00:00+00:00
[2026-05-19T19:32:34.648+0000] {processor.py:183} INFO - Processing /home/airflow/.local/lib/python3.8/site-packages/airflow/example_dags/example_short_circuit_decorator.py took 0.145 seconds
[2026-05-19T19:33:04.870+0000] {processor.py:161} INFO - Started process (PID=9627) to work on /home/airflow/.local/lib/python3.8/site-packages/airflow/example_dags/example_short_circuit_decorator.py
[2026-05-19T19:33:04.872+0000] {processor.py:830} INFO - Processing file /home/airflow/.local/lib/python3.8/site-packages/airflow/example_dags/example_short_circuit_decorator.py for tasks to queue
[2026-05-19T19:33:04.875+0000] {logging_mixin.py:188} INFO - [2026-05-19T19:33:04.874+0000] {dagbag.py:540} INFO - Filling up the DagBag from /home/airflow/.local/lib/python3.8/site-packages/airflow/example_dags/example_short_circuit_decorator.py
[2026-05-19T19:33:04.887+0000] {processor.py:840} INFO - DAG(s) 'example_short_circuit_decorator' retrieved from /home/airflow/.local/lib/python3.8/site-packages/airflow/example_dags/example_short_circuit_decorator.py
[2026-05-19T19:33:04.915+0000] {logging_mixin.py:188} INFO - [2026-05-19T19:33:04.914+0000] {dag.py:3047} INFO - Sync 1 DAGs
[2026-05-19T19:33:04.959+0000] {logging_mixin.py:188} INFO - [2026-05-19T19:33:04.958+0000] {dag.py:3834} INFO - Setting next_dagrun for example_short_circuit_decorator to 2026-05-18 00:00:00+00:00, run_after=2026-05-19 00:00:00+00:00
[2026-05-19T19:33:04.988+0000] {processor.py:183} INFO - Processing /home/airflow/.local/lib/python3.8/site-packages/airflow/example_dags/example_short_circuit_decorator.py took 0.122 seconds
[2026-05-19T19:33:35.429+0000] {processor.py:161} INFO - Started process (PID=9682) to work on /home/airflow/.local/lib/python3.8/site-packages/airflow/example_dags/example_short_circuit_decorator.py
[2026-05-19T19:33:35.431+0000] {processor.py:830} INFO - Processing file /home/airflow/.local/lib/python3.8/site-packages/airflow/example_dags/example_short_circuit_decorator.py for tasks to queue
[2026-05-19T19:33:35.433+0000] {logging_mixin.py:188} INFO - [2026-05-19T19:33:35.433+0000] {dagbag.py:540} INFO - Filling up the DagBag from /home/airflow/.local/lib/python3.8/site-packages/airflow/example_dags/example_short_circuit_decorator.py
[2026-05-19T19:33:35.443+0000] {processor.py:840} INFO - DAG(s) 'example_short_circuit_decorator' retrieved from /home/airflow/.local/lib/python3.8/site-packages/airflow/example_dags/example_short_circuit_decorator.py
[2026-05-19T19:33:35.473+0000] {logging_mixin.py:188} INFO - [2026-05-19T19:33:35.472+0000] {dag.py:3047} INFO - Sync 1 DAGs
[2026-05-19T19:33:35.503+0000] {logging_mixin.py:188} INFO - [2026-05-19T19:33:35.502+0000] {dag.py:3834} INFO - Setting next_dagrun for example_short_circuit_decorator to 2026-05-18 00:00:00+00:00, run_after=2026-05-19 00:00:00+00:00
[2026-05-19T19:33:35.529+0000] {processor.py:183} INFO - Processing /home/airflow/.local/lib/python3.8/site-packages/airflow/example_dags/example_short_circuit_decorator.py took 0.103 seconds
