[2026-05-19T19:18:19.296+0000] {processor.py:161} INFO - Started process (PID=8050) to work on /home/airflow/.local/lib/python3.8/site-packages/airflow/example_dags/example_trigger_controller_dag.py
[2026-05-19T19:18:19.299+0000] {processor.py:830} INFO - Processing file /home/airflow/.local/lib/python3.8/site-packages/airflow/example_dags/example_trigger_controller_dag.py for tasks to queue
[2026-05-19T19:18:19.306+0000] {logging_mixin.py:188} INFO - [2026-05-19T19:18:19.304+0000] {dagbag.py:540} INFO - Filling up the DagBag from /home/airflow/.local/lib/python3.8/site-packages/airflow/example_dags/example_trigger_controller_dag.py
[2026-05-19T19:18:19.321+0000] {processor.py:840} INFO - DAG(s) 'example_trigger_controller_dag' retrieved from /home/airflow/.local/lib/python3.8/site-packages/airflow/example_dags/example_trigger_controller_dag.py
[2026-05-19T19:18:19.365+0000] {logging_mixin.py:188} INFO - [2026-05-19T19:18:19.364+0000] {dag.py:3047} INFO - Sync 1 DAGs
[2026-05-19T19:18:19.403+0000] {logging_mixin.py:188} INFO - [2026-05-19T19:18:19.402+0000] {dag.py:3834} INFO - Setting next_dagrun for example_trigger_controller_dag to 2021-01-01 00:00:00+00:00, run_after=2021-01-01 00:00:00+00:00
[2026-05-19T19:18:19.468+0000] {processor.py:183} INFO - Processing /home/airflow/.local/lib/python3.8/site-packages/airflow/example_dags/example_trigger_controller_dag.py took 0.180 seconds
[2026-05-19T19:18:50.394+0000] {processor.py:161} INFO - Started process (PID=8105) to work on /home/airflow/.local/lib/python3.8/site-packages/airflow/example_dags/example_trigger_controller_dag.py
[2026-05-19T19:18:50.395+0000] {processor.py:830} INFO - Processing file /home/airflow/.local/lib/python3.8/site-packages/airflow/example_dags/example_trigger_controller_dag.py for tasks to queue
[2026-05-19T19:18:50.397+0000] {logging_mixin.py:188} INFO - [2026-05-19T19:18:50.397+0000] {dagbag.py:540} INFO - Filling up the DagBag from /home/airflow/.local/lib/python3.8/site-packages/airflow/example_dags/example_trigger_controller_dag.py
[2026-05-19T19:18:50.402+0000] {processor.py:840} INFO - DAG(s) 'example_trigger_controller_dag' retrieved from /home/airflow/.local/lib/python3.8/site-packages/airflow/example_dags/example_trigger_controller_dag.py
[2026-05-19T19:18:50.421+0000] {logging_mixin.py:188} INFO - [2026-05-19T19:18:50.421+0000] {dag.py:3047} INFO - Sync 1 DAGs
[2026-05-19T19:18:50.439+0000] {logging_mixin.py:188} INFO - [2026-05-19T19:18:50.439+0000] {dag.py:3834} INFO - Setting next_dagrun for example_trigger_controller_dag to 2021-01-01 00:00:00+00:00, run_after=2021-01-01 00:00:00+00:00
[2026-05-19T19:18:50.456+0000] {processor.py:183} INFO - Processing /home/airflow/.local/lib/python3.8/site-packages/airflow/example_dags/example_trigger_controller_dag.py took 0.065 seconds
[2026-05-19T19:19:20.508+0000] {processor.py:161} INFO - Started process (PID=8159) to work on /home/airflow/.local/lib/python3.8/site-packages/airflow/example_dags/example_trigger_controller_dag.py
[2026-05-19T19:19:20.510+0000] {processor.py:830} INFO - Processing file /home/airflow/.local/lib/python3.8/site-packages/airflow/example_dags/example_trigger_controller_dag.py for tasks to queue
[2026-05-19T19:19:20.514+0000] {logging_mixin.py:188} INFO - [2026-05-19T19:19:20.513+0000] {dagbag.py:540} INFO - Filling up the DagBag from /home/airflow/.local/lib/python3.8/site-packages/airflow/example_dags/example_trigger_controller_dag.py
[2026-05-19T19:19:20.522+0000] {processor.py:840} INFO - DAG(s) 'example_trigger_controller_dag' retrieved from /home/airflow/.local/lib/python3.8/site-packages/airflow/example_dags/example_trigger_controller_dag.py
[2026-05-19T19:19:20.553+0000] {logging_mixin.py:188} INFO - [2026-05-19T19:19:20.553+0000] {dag.py:3047} INFO - Sync 1 DAGs
[2026-05-19T19:19:20.584+0000] {logging_mixin.py:188} INFO - [2026-05-19T19:19:20.584+0000] {dag.py:3834} INFO - Setting next_dagrun for example_trigger_controller_dag to 2021-01-01 00:00:00+00:00, run_after=2021-01-01 00:00:00+00:00
[2026-05-19T19:19:20.633+0000] {processor.py:183} INFO - Processing /home/airflow/.local/lib/python3.8/site-packages/airflow/example_dags/example_trigger_controller_dag.py took 0.130 seconds
[2026-05-19T19:19:50.747+0000] {processor.py:161} INFO - Started process (PID=8215) to work on /home/airflow/.local/lib/python3.8/site-packages/airflow/example_dags/example_trigger_controller_dag.py
[2026-05-19T19:19:50.749+0000] {processor.py:830} INFO - Processing file /home/airflow/.local/lib/python3.8/site-packages/airflow/example_dags/example_trigger_controller_dag.py for tasks to queue
[2026-05-19T19:19:50.751+0000] {logging_mixin.py:188} INFO - [2026-05-19T19:19:50.750+0000] {dagbag.py:540} INFO - Filling up the DagBag from /home/airflow/.local/lib/python3.8/site-packages/airflow/example_dags/example_trigger_controller_dag.py
[2026-05-19T19:19:50.755+0000] {processor.py:840} INFO - DAG(s) 'example_trigger_controller_dag' retrieved from /home/airflow/.local/lib/python3.8/site-packages/airflow/example_dags/example_trigger_controller_dag.py
[2026-05-19T19:19:50.772+0000] {logging_mixin.py:188} INFO - [2026-05-19T19:19:50.771+0000] {dag.py:3047} INFO - Sync 1 DAGs
[2026-05-19T19:19:50.787+0000] {logging_mixin.py:188} INFO - [2026-05-19T19:19:50.787+0000] {dag.py:3834} INFO - Setting next_dagrun for example_trigger_controller_dag to 2021-01-01 00:00:00+00:00, run_after=2021-01-01 00:00:00+00:00
[2026-05-19T19:19:50.805+0000] {processor.py:183} INFO - Processing /home/airflow/.local/lib/python3.8/site-packages/airflow/example_dags/example_trigger_controller_dag.py took 0.060 seconds
[2026-05-19T19:20:21.295+0000] {processor.py:161} INFO - Started process (PID=8270) to work on /home/airflow/.local/lib/python3.8/site-packages/airflow/example_dags/example_trigger_controller_dag.py
[2026-05-19T19:20:21.296+0000] {processor.py:830} INFO - Processing file /home/airflow/.local/lib/python3.8/site-packages/airflow/example_dags/example_trigger_controller_dag.py for tasks to queue
[2026-05-19T19:20:21.299+0000] {logging_mixin.py:188} INFO - [2026-05-19T19:20:21.299+0000] {dagbag.py:540} INFO - Filling up the DagBag from /home/airflow/.local/lib/python3.8/site-packages/airflow/example_dags/example_trigger_controller_dag.py
[2026-05-19T19:20:21.305+0000] {processor.py:840} INFO - DAG(s) 'example_trigger_controller_dag' retrieved from /home/airflow/.local/lib/python3.8/site-packages/airflow/example_dags/example_trigger_controller_dag.py
[2026-05-19T19:20:21.331+0000] {logging_mixin.py:188} INFO - [2026-05-19T19:20:21.330+0000] {dag.py:3047} INFO - Sync 1 DAGs
[2026-05-19T19:20:21.356+0000] {logging_mixin.py:188} INFO - [2026-05-19T19:20:21.356+0000] {dag.py:3834} INFO - Setting next_dagrun for example_trigger_controller_dag to 2021-01-01 00:00:00+00:00, run_after=2021-01-01 00:00:00+00:00
[2026-05-19T19:20:21.381+0000] {processor.py:183} INFO - Processing /home/airflow/.local/lib/python3.8/site-packages/airflow/example_dags/example_trigger_controller_dag.py took 0.091 seconds
[2026-05-19T19:20:51.844+0000] {processor.py:161} INFO - Started process (PID=8325) to work on /home/airflow/.local/lib/python3.8/site-packages/airflow/example_dags/example_trigger_controller_dag.py
[2026-05-19T19:20:51.846+0000] {processor.py:830} INFO - Processing file /home/airflow/.local/lib/python3.8/site-packages/airflow/example_dags/example_trigger_controller_dag.py for tasks to queue
[2026-05-19T19:20:51.850+0000] {logging_mixin.py:188} INFO - [2026-05-19T19:20:51.850+0000] {dagbag.py:540} INFO - Filling up the DagBag from /home/airflow/.local/lib/python3.8/site-packages/airflow/example_dags/example_trigger_controller_dag.py
[2026-05-19T19:20:51.859+0000] {processor.py:840} INFO - DAG(s) 'example_trigger_controller_dag' retrieved from /home/airflow/.local/lib/python3.8/site-packages/airflow/example_dags/example_trigger_controller_dag.py
[2026-05-19T19:20:51.906+0000] {logging_mixin.py:188} INFO - [2026-05-19T19:20:51.906+0000] {dag.py:3047} INFO - Sync 1 DAGs
[2026-05-19T19:20:51.937+0000] {logging_mixin.py:188} INFO - [2026-05-19T19:20:51.936+0000] {dag.py:3834} INFO - Setting next_dagrun for example_trigger_controller_dag to 2021-01-01 00:00:00+00:00, run_after=2021-01-01 00:00:00+00:00
[2026-05-19T19:20:51.976+0000] {processor.py:183} INFO - Processing /home/airflow/.local/lib/python3.8/site-packages/airflow/example_dags/example_trigger_controller_dag.py took 0.137 seconds
[2026-05-19T19:21:22.226+0000] {processor.py:161} INFO - Started process (PID=8381) to work on /home/airflow/.local/lib/python3.8/site-packages/airflow/example_dags/example_trigger_controller_dag.py
[2026-05-19T19:21:22.227+0000] {processor.py:830} INFO - Processing file /home/airflow/.local/lib/python3.8/site-packages/airflow/example_dags/example_trigger_controller_dag.py for tasks to queue
[2026-05-19T19:21:22.231+0000] {logging_mixin.py:188} INFO - [2026-05-19T19:21:22.231+0000] {dagbag.py:540} INFO - Filling up the DagBag from /home/airflow/.local/lib/python3.8/site-packages/airflow/example_dags/example_trigger_controller_dag.py
[2026-05-19T19:21:22.238+0000] {processor.py:840} INFO - DAG(s) 'example_trigger_controller_dag' retrieved from /home/airflow/.local/lib/python3.8/site-packages/airflow/example_dags/example_trigger_controller_dag.py
[2026-05-19T19:21:22.269+0000] {logging_mixin.py:188} INFO - [2026-05-19T19:21:22.269+0000] {dag.py:3047} INFO - Sync 1 DAGs
[2026-05-19T19:21:22.299+0000] {logging_mixin.py:188} INFO - [2026-05-19T19:21:22.298+0000] {dag.py:3834} INFO - Setting next_dagrun for example_trigger_controller_dag to 2021-01-01 00:00:00+00:00, run_after=2021-01-01 00:00:00+00:00
[2026-05-19T19:21:22.333+0000] {processor.py:183} INFO - Processing /home/airflow/.local/lib/python3.8/site-packages/airflow/example_dags/example_trigger_controller_dag.py took 0.114 seconds
[2026-05-19T19:21:53.915+0000] {processor.py:161} INFO - Started process (PID=8436) to work on /home/airflow/.local/lib/python3.8/site-packages/airflow/example_dags/example_trigger_controller_dag.py
[2026-05-19T19:21:53.917+0000] {processor.py:830} INFO - Processing file /home/airflow/.local/lib/python3.8/site-packages/airflow/example_dags/example_trigger_controller_dag.py for tasks to queue
[2026-05-19T19:21:53.921+0000] {logging_mixin.py:188} INFO - [2026-05-19T19:21:53.920+0000] {dagbag.py:540} INFO - Filling up the DagBag from /home/airflow/.local/lib/python3.8/site-packages/airflow/example_dags/example_trigger_controller_dag.py
[2026-05-19T19:21:53.931+0000] {processor.py:840} INFO - DAG(s) 'example_trigger_controller_dag' retrieved from /home/airflow/.local/lib/python3.8/site-packages/airflow/example_dags/example_trigger_controller_dag.py
[2026-05-19T19:21:53.969+0000] {logging_mixin.py:188} INFO - [2026-05-19T19:21:53.969+0000] {dag.py:3047} INFO - Sync 1 DAGs
[2026-05-19T19:21:54.020+0000] {logging_mixin.py:188} INFO - [2026-05-19T19:21:54.019+0000] {dag.py:3834} INFO - Setting next_dagrun for example_trigger_controller_dag to 2021-01-01 00:00:00+00:00, run_after=2021-01-01 00:00:00+00:00
[2026-05-19T19:21:54.102+0000] {processor.py:183} INFO - Processing /home/airflow/.local/lib/python3.8/site-packages/airflow/example_dags/example_trigger_controller_dag.py took 0.193 seconds
[2026-05-19T19:22:24.686+0000] {processor.py:161} INFO - Started process (PID=8491) to work on /home/airflow/.local/lib/python3.8/site-packages/airflow/example_dags/example_trigger_controller_dag.py
[2026-05-19T19:22:24.692+0000] {processor.py:830} INFO - Processing file /home/airflow/.local/lib/python3.8/site-packages/airflow/example_dags/example_trigger_controller_dag.py for tasks to queue
[2026-05-19T19:22:24.699+0000] {logging_mixin.py:188} INFO - [2026-05-19T19:22:24.698+0000] {dagbag.py:540} INFO - Filling up the DagBag from /home/airflow/.local/lib/python3.8/site-packages/airflow/example_dags/example_trigger_controller_dag.py
[2026-05-19T19:22:24.716+0000] {processor.py:840} INFO - DAG(s) 'example_trigger_controller_dag' retrieved from /home/airflow/.local/lib/python3.8/site-packages/airflow/example_dags/example_trigger_controller_dag.py
[2026-05-19T19:22:24.788+0000] {logging_mixin.py:188} INFO - [2026-05-19T19:22:24.788+0000] {dag.py:3047} INFO - Sync 1 DAGs
[2026-05-19T19:22:24.858+0000] {logging_mixin.py:188} INFO - [2026-05-19T19:22:24.857+0000] {dag.py:3834} INFO - Setting next_dagrun for example_trigger_controller_dag to 2021-01-01 00:00:00+00:00, run_after=2021-01-01 00:00:00+00:00
[2026-05-19T19:22:24.914+0000] {processor.py:183} INFO - Processing /home/airflow/.local/lib/python3.8/site-packages/airflow/example_dags/example_trigger_controller_dag.py took 0.242 seconds
[2026-05-19T19:22:55.521+0000] {processor.py:161} INFO - Started process (PID=8545) to work on /home/airflow/.local/lib/python3.8/site-packages/airflow/example_dags/example_trigger_controller_dag.py
[2026-05-19T19:22:55.522+0000] {processor.py:830} INFO - Processing file /home/airflow/.local/lib/python3.8/site-packages/airflow/example_dags/example_trigger_controller_dag.py for tasks to queue
[2026-05-19T19:22:55.525+0000] {logging_mixin.py:188} INFO - [2026-05-19T19:22:55.525+0000] {dagbag.py:540} INFO - Filling up the DagBag from /home/airflow/.local/lib/python3.8/site-packages/airflow/example_dags/example_trigger_controller_dag.py
[2026-05-19T19:22:55.531+0000] {processor.py:840} INFO - DAG(s) 'example_trigger_controller_dag' retrieved from /home/airflow/.local/lib/python3.8/site-packages/airflow/example_dags/example_trigger_controller_dag.py
[2026-05-19T19:22:55.555+0000] {logging_mixin.py:188} INFO - [2026-05-19T19:22:55.555+0000] {dag.py:3047} INFO - Sync 1 DAGs
[2026-05-19T19:22:55.581+0000] {logging_mixin.py:188} INFO - [2026-05-19T19:22:55.580+0000] {dag.py:3834} INFO - Setting next_dagrun for example_trigger_controller_dag to 2021-01-01 00:00:00+00:00, run_after=2021-01-01 00:00:00+00:00
[2026-05-19T19:22:55.610+0000] {processor.py:183} INFO - Processing /home/airflow/.local/lib/python3.8/site-packages/airflow/example_dags/example_trigger_controller_dag.py took 0.093 seconds
[2026-05-19T19:23:26.357+0000] {processor.py:161} INFO - Started process (PID=8600) to work on /home/airflow/.local/lib/python3.8/site-packages/airflow/example_dags/example_trigger_controller_dag.py
[2026-05-19T19:23:26.358+0000] {processor.py:830} INFO - Processing file /home/airflow/.local/lib/python3.8/site-packages/airflow/example_dags/example_trigger_controller_dag.py for tasks to queue
[2026-05-19T19:23:26.361+0000] {logging_mixin.py:188} INFO - [2026-05-19T19:23:26.361+0000] {dagbag.py:540} INFO - Filling up the DagBag from /home/airflow/.local/lib/python3.8/site-packages/airflow/example_dags/example_trigger_controller_dag.py
[2026-05-19T19:23:26.367+0000] {processor.py:840} INFO - DAG(s) 'example_trigger_controller_dag' retrieved from /home/airflow/.local/lib/python3.8/site-packages/airflow/example_dags/example_trigger_controller_dag.py
[2026-05-19T19:23:26.391+0000] {logging_mixin.py:188} INFO - [2026-05-19T19:23:26.391+0000] {dag.py:3047} INFO - Sync 1 DAGs
[2026-05-19T19:23:26.409+0000] {logging_mixin.py:188} INFO - [2026-05-19T19:23:26.408+0000] {dag.py:3834} INFO - Setting next_dagrun for example_trigger_controller_dag to 2021-01-01 00:00:00+00:00, run_after=2021-01-01 00:00:00+00:00
[2026-05-19T19:23:26.429+0000] {processor.py:183} INFO - Processing /home/airflow/.local/lib/python3.8/site-packages/airflow/example_dags/example_trigger_controller_dag.py took 0.077 seconds
[2026-05-19T19:23:56.568+0000] {processor.py:161} INFO - Started process (PID=8655) to work on /home/airflow/.local/lib/python3.8/site-packages/airflow/example_dags/example_trigger_controller_dag.py
[2026-05-19T19:23:56.570+0000] {processor.py:830} INFO - Processing file /home/airflow/.local/lib/python3.8/site-packages/airflow/example_dags/example_trigger_controller_dag.py for tasks to queue
[2026-05-19T19:23:56.572+0000] {logging_mixin.py:188} INFO - [2026-05-19T19:23:56.572+0000] {dagbag.py:540} INFO - Filling up the DagBag from /home/airflow/.local/lib/python3.8/site-packages/airflow/example_dags/example_trigger_controller_dag.py
[2026-05-19T19:23:56.578+0000] {processor.py:840} INFO - DAG(s) 'example_trigger_controller_dag' retrieved from /home/airflow/.local/lib/python3.8/site-packages/airflow/example_dags/example_trigger_controller_dag.py
[2026-05-19T19:23:56.602+0000] {logging_mixin.py:188} INFO - [2026-05-19T19:23:56.602+0000] {dag.py:3047} INFO - Sync 1 DAGs
[2026-05-19T19:23:56.625+0000] {logging_mixin.py:188} INFO - [2026-05-19T19:23:56.625+0000] {dag.py:3834} INFO - Setting next_dagrun for example_trigger_controller_dag to 2021-01-01 00:00:00+00:00, run_after=2021-01-01 00:00:00+00:00
[2026-05-19T19:23:56.651+0000] {processor.py:183} INFO - Processing /home/airflow/.local/lib/python3.8/site-packages/airflow/example_dags/example_trigger_controller_dag.py took 0.088 seconds
[2026-05-19T19:24:28.274+0000] {processor.py:161} INFO - Started process (PID=8710) to work on /home/airflow/.local/lib/python3.8/site-packages/airflow/example_dags/example_trigger_controller_dag.py
[2026-05-19T19:24:28.284+0000] {processor.py:830} INFO - Processing file /home/airflow/.local/lib/python3.8/site-packages/airflow/example_dags/example_trigger_controller_dag.py for tasks to queue
[2026-05-19T19:24:28.291+0000] {logging_mixin.py:188} INFO - [2026-05-19T19:24:28.290+0000] {dagbag.py:540} INFO - Filling up the DagBag from /home/airflow/.local/lib/python3.8/site-packages/airflow/example_dags/example_trigger_controller_dag.py
[2026-05-19T19:24:28.307+0000] {processor.py:840} INFO - DAG(s) 'example_trigger_controller_dag' retrieved from /home/airflow/.local/lib/python3.8/site-packages/airflow/example_dags/example_trigger_controller_dag.py
[2026-05-19T19:24:28.373+0000] {logging_mixin.py:188} INFO - [2026-05-19T19:24:28.372+0000] {dag.py:3047} INFO - Sync 1 DAGs
[2026-05-19T19:24:28.470+0000] {logging_mixin.py:188} INFO - [2026-05-19T19:24:28.469+0000] {dag.py:3834} INFO - Setting next_dagrun for example_trigger_controller_dag to 2021-01-01 00:00:00+00:00, run_after=2021-01-01 00:00:00+00:00
[2026-05-19T19:24:28.558+0000] {processor.py:183} INFO - Processing /home/airflow/.local/lib/python3.8/site-packages/airflow/example_dags/example_trigger_controller_dag.py took 0.295 seconds
[2026-05-19T19:24:59.099+0000] {processor.py:161} INFO - Started process (PID=8765) to work on /home/airflow/.local/lib/python3.8/site-packages/airflow/example_dags/example_trigger_controller_dag.py
[2026-05-19T19:24:59.102+0000] {processor.py:830} INFO - Processing file /home/airflow/.local/lib/python3.8/site-packages/airflow/example_dags/example_trigger_controller_dag.py for tasks to queue
[2026-05-19T19:24:59.107+0000] {logging_mixin.py:188} INFO - [2026-05-19T19:24:59.107+0000] {dagbag.py:540} INFO - Filling up the DagBag from /home/airflow/.local/lib/python3.8/site-packages/airflow/example_dags/example_trigger_controller_dag.py
[2026-05-19T19:24:59.116+0000] {processor.py:840} INFO - DAG(s) 'example_trigger_controller_dag' retrieved from /home/airflow/.local/lib/python3.8/site-packages/airflow/example_dags/example_trigger_controller_dag.py
[2026-05-19T19:24:59.203+0000] {logging_mixin.py:188} INFO - [2026-05-19T19:24:59.202+0000] {dag.py:3047} INFO - Sync 1 DAGs
[2026-05-19T19:24:59.304+0000] {logging_mixin.py:188} INFO - [2026-05-19T19:24:59.303+0000] {dag.py:3834} INFO - Setting next_dagrun for example_trigger_controller_dag to 2021-01-01 00:00:00+00:00, run_after=2021-01-01 00:00:00+00:00
[2026-05-19T19:24:59.375+0000] {processor.py:183} INFO - Processing /home/airflow/.local/lib/python3.8/site-packages/airflow/example_dags/example_trigger_controller_dag.py took 0.282 seconds
[2026-05-19T19:25:29.627+0000] {processor.py:161} INFO - Started process (PID=8818) to work on /home/airflow/.local/lib/python3.8/site-packages/airflow/example_dags/example_trigger_controller_dag.py
[2026-05-19T19:25:29.630+0000] {processor.py:830} INFO - Processing file /home/airflow/.local/lib/python3.8/site-packages/airflow/example_dags/example_trigger_controller_dag.py for tasks to queue
[2026-05-19T19:25:29.635+0000] {logging_mixin.py:188} INFO - [2026-05-19T19:25:29.634+0000] {dagbag.py:540} INFO - Filling up the DagBag from /home/airflow/.local/lib/python3.8/site-packages/airflow/example_dags/example_trigger_controller_dag.py
[2026-05-19T19:25:29.646+0000] {processor.py:840} INFO - DAG(s) 'example_trigger_controller_dag' retrieved from /home/airflow/.local/lib/python3.8/site-packages/airflow/example_dags/example_trigger_controller_dag.py
[2026-05-19T19:25:29.707+0000] {logging_mixin.py:188} INFO - [2026-05-19T19:25:29.707+0000] {dag.py:3047} INFO - Sync 1 DAGs
[2026-05-19T19:25:29.781+0000] {logging_mixin.py:188} INFO - [2026-05-19T19:25:29.781+0000] {dag.py:3834} INFO - Setting next_dagrun for example_trigger_controller_dag to 2021-01-01 00:00:00+00:00, run_after=2021-01-01 00:00:00+00:00
[2026-05-19T19:25:29.841+0000] {processor.py:183} INFO - Processing /home/airflow/.local/lib/python3.8/site-packages/airflow/example_dags/example_trigger_controller_dag.py took 0.221 seconds
[2026-05-19T19:26:00.834+0000] {processor.py:161} INFO - Started process (PID=8873) to work on /home/airflow/.local/lib/python3.8/site-packages/airflow/example_dags/example_trigger_controller_dag.py
[2026-05-19T19:26:00.836+0000] {processor.py:830} INFO - Processing file /home/airflow/.local/lib/python3.8/site-packages/airflow/example_dags/example_trigger_controller_dag.py for tasks to queue
[2026-05-19T19:26:00.841+0000] {logging_mixin.py:188} INFO - [2026-05-19T19:26:00.840+0000] {dagbag.py:540} INFO - Filling up the DagBag from /home/airflow/.local/lib/python3.8/site-packages/airflow/example_dags/example_trigger_controller_dag.py
[2026-05-19T19:26:00.852+0000] {processor.py:840} INFO - DAG(s) 'example_trigger_controller_dag' retrieved from /home/airflow/.local/lib/python3.8/site-packages/airflow/example_dags/example_trigger_controller_dag.py
[2026-05-19T19:26:00.884+0000] {logging_mixin.py:188} INFO - [2026-05-19T19:26:00.883+0000] {dag.py:3047} INFO - Sync 1 DAGs
[2026-05-19T19:26:00.910+0000] {logging_mixin.py:188} INFO - [2026-05-19T19:26:00.910+0000] {dag.py:3834} INFO - Setting next_dagrun for example_trigger_controller_dag to 2021-01-01 00:00:00+00:00, run_after=2021-01-01 00:00:00+00:00
[2026-05-19T19:26:00.953+0000] {processor.py:183} INFO - Processing /home/airflow/.local/lib/python3.8/site-packages/airflow/example_dags/example_trigger_controller_dag.py took 0.125 seconds
[2026-05-19T19:26:31.041+0000] {processor.py:161} INFO - Started process (PID=8928) to work on /home/airflow/.local/lib/python3.8/site-packages/airflow/example_dags/example_trigger_controller_dag.py
[2026-05-19T19:26:31.043+0000] {processor.py:830} INFO - Processing file /home/airflow/.local/lib/python3.8/site-packages/airflow/example_dags/example_trigger_controller_dag.py for tasks to queue
[2026-05-19T19:26:31.045+0000] {logging_mixin.py:188} INFO - [2026-05-19T19:26:31.045+0000] {dagbag.py:540} INFO - Filling up the DagBag from /home/airflow/.local/lib/python3.8/site-packages/airflow/example_dags/example_trigger_controller_dag.py
[2026-05-19T19:26:31.052+0000] {processor.py:840} INFO - DAG(s) 'example_trigger_controller_dag' retrieved from /home/airflow/.local/lib/python3.8/site-packages/airflow/example_dags/example_trigger_controller_dag.py
[2026-05-19T19:26:31.082+0000] {logging_mixin.py:188} INFO - [2026-05-19T19:26:31.081+0000] {dag.py:3047} INFO - Sync 1 DAGs
[2026-05-19T19:26:31.116+0000] {logging_mixin.py:188} INFO - [2026-05-19T19:26:31.115+0000] {dag.py:3834} INFO - Setting next_dagrun for example_trigger_controller_dag to 2021-01-01 00:00:00+00:00, run_after=2021-01-01 00:00:00+00:00
[2026-05-19T19:26:31.147+0000] {processor.py:183} INFO - Processing /home/airflow/.local/lib/python3.8/site-packages/airflow/example_dags/example_trigger_controller_dag.py took 0.110 seconds
[2026-05-19T19:27:01.609+0000] {processor.py:161} INFO - Started process (PID=8983) to work on /home/airflow/.local/lib/python3.8/site-packages/airflow/example_dags/example_trigger_controller_dag.py
[2026-05-19T19:27:01.611+0000] {processor.py:830} INFO - Processing file /home/airflow/.local/lib/python3.8/site-packages/airflow/example_dags/example_trigger_controller_dag.py for tasks to queue
[2026-05-19T19:27:01.615+0000] {logging_mixin.py:188} INFO - [2026-05-19T19:27:01.614+0000] {dagbag.py:540} INFO - Filling up the DagBag from /home/airflow/.local/lib/python3.8/site-packages/airflow/example_dags/example_trigger_controller_dag.py
[2026-05-19T19:27:01.619+0000] {processor.py:840} INFO - DAG(s) 'example_trigger_controller_dag' retrieved from /home/airflow/.local/lib/python3.8/site-packages/airflow/example_dags/example_trigger_controller_dag.py
[2026-05-19T19:27:01.641+0000] {logging_mixin.py:188} INFO - [2026-05-19T19:27:01.640+0000] {dag.py:3047} INFO - Sync 1 DAGs
[2026-05-19T19:27:01.662+0000] {logging_mixin.py:188} INFO - [2026-05-19T19:27:01.662+0000] {dag.py:3834} INFO - Setting next_dagrun for example_trigger_controller_dag to 2021-01-01 00:00:00+00:00, run_after=2021-01-01 00:00:00+00:00
[2026-05-19T19:27:01.697+0000] {processor.py:183} INFO - Processing /home/airflow/.local/lib/python3.8/site-packages/airflow/example_dags/example_trigger_controller_dag.py took 0.094 seconds
[2026-05-19T19:27:32.547+0000] {processor.py:161} INFO - Started process (PID=9038) to work on /home/airflow/.local/lib/python3.8/site-packages/airflow/example_dags/example_trigger_controller_dag.py
[2026-05-19T19:27:32.549+0000] {processor.py:830} INFO - Processing file /home/airflow/.local/lib/python3.8/site-packages/airflow/example_dags/example_trigger_controller_dag.py for tasks to queue
[2026-05-19T19:27:32.552+0000] {logging_mixin.py:188} INFO - [2026-05-19T19:27:32.552+0000] {dagbag.py:540} INFO - Filling up the DagBag from /home/airflow/.local/lib/python3.8/site-packages/airflow/example_dags/example_trigger_controller_dag.py
[2026-05-19T19:27:32.560+0000] {processor.py:840} INFO - DAG(s) 'example_trigger_controller_dag' retrieved from /home/airflow/.local/lib/python3.8/site-packages/airflow/example_dags/example_trigger_controller_dag.py
[2026-05-19T19:27:32.586+0000] {logging_mixin.py:188} INFO - [2026-05-19T19:27:32.586+0000] {dag.py:3047} INFO - Sync 1 DAGs
[2026-05-19T19:27:32.617+0000] {logging_mixin.py:188} INFO - [2026-05-19T19:27:32.616+0000] {dag.py:3834} INFO - Setting next_dagrun for example_trigger_controller_dag to 2021-01-01 00:00:00+00:00, run_after=2021-01-01 00:00:00+00:00
[2026-05-19T19:27:32.659+0000] {processor.py:183} INFO - Processing /home/airflow/.local/lib/python3.8/site-packages/airflow/example_dags/example_trigger_controller_dag.py took 0.117 seconds
[2026-05-19T19:28:03.068+0000] {processor.py:161} INFO - Started process (PID=9093) to work on /home/airflow/.local/lib/python3.8/site-packages/airflow/example_dags/example_trigger_controller_dag.py
[2026-05-19T19:28:03.070+0000] {processor.py:830} INFO - Processing file /home/airflow/.local/lib/python3.8/site-packages/airflow/example_dags/example_trigger_controller_dag.py for tasks to queue
[2026-05-19T19:28:03.075+0000] {logging_mixin.py:188} INFO - [2026-05-19T19:28:03.074+0000] {dagbag.py:540} INFO - Filling up the DagBag from /home/airflow/.local/lib/python3.8/site-packages/airflow/example_dags/example_trigger_controller_dag.py
[2026-05-19T19:28:03.087+0000] {processor.py:840} INFO - DAG(s) 'example_trigger_controller_dag' retrieved from /home/airflow/.local/lib/python3.8/site-packages/airflow/example_dags/example_trigger_controller_dag.py
[2026-05-19T19:28:03.128+0000] {logging_mixin.py:188} INFO - [2026-05-19T19:28:03.127+0000] {dag.py:3047} INFO - Sync 1 DAGs
[2026-05-19T19:28:03.159+0000] {logging_mixin.py:188} INFO - [2026-05-19T19:28:03.158+0000] {dag.py:3834} INFO - Setting next_dagrun for example_trigger_controller_dag to 2021-01-01 00:00:00+00:00, run_after=2021-01-01 00:00:00+00:00
[2026-05-19T19:28:03.238+0000] {processor.py:183} INFO - Processing /home/airflow/.local/lib/python3.8/site-packages/airflow/example_dags/example_trigger_controller_dag.py took 0.177 seconds
[2026-05-19T19:28:34.063+0000] {processor.py:161} INFO - Started process (PID=9148) to work on /home/airflow/.local/lib/python3.8/site-packages/airflow/example_dags/example_trigger_controller_dag.py
[2026-05-19T19:28:34.065+0000] {processor.py:830} INFO - Processing file /home/airflow/.local/lib/python3.8/site-packages/airflow/example_dags/example_trigger_controller_dag.py for tasks to queue
[2026-05-19T19:28:34.069+0000] {logging_mixin.py:188} INFO - [2026-05-19T19:28:34.068+0000] {dagbag.py:540} INFO - Filling up the DagBag from /home/airflow/.local/lib/python3.8/site-packages/airflow/example_dags/example_trigger_controller_dag.py
[2026-05-19T19:28:34.079+0000] {processor.py:840} INFO - DAG(s) 'example_trigger_controller_dag' retrieved from /home/airflow/.local/lib/python3.8/site-packages/airflow/example_dags/example_trigger_controller_dag.py
[2026-05-19T19:28:34.118+0000] {logging_mixin.py:188} INFO - [2026-05-19T19:28:34.118+0000] {dag.py:3047} INFO - Sync 1 DAGs
[2026-05-19T19:28:34.160+0000] {logging_mixin.py:188} INFO - [2026-05-19T19:28:34.160+0000] {dag.py:3834} INFO - Setting next_dagrun for example_trigger_controller_dag to 2021-01-01 00:00:00+00:00, run_after=2021-01-01 00:00:00+00:00
[2026-05-19T19:28:34.204+0000] {processor.py:183} INFO - Processing /home/airflow/.local/lib/python3.8/site-packages/airflow/example_dags/example_trigger_controller_dag.py took 0.148 seconds
[2026-05-19T19:29:04.583+0000] {processor.py:161} INFO - Started process (PID=9203) to work on /home/airflow/.local/lib/python3.8/site-packages/airflow/example_dags/example_trigger_controller_dag.py
[2026-05-19T19:29:04.586+0000] {processor.py:830} INFO - Processing file /home/airflow/.local/lib/python3.8/site-packages/airflow/example_dags/example_trigger_controller_dag.py for tasks to queue
[2026-05-19T19:29:04.591+0000] {logging_mixin.py:188} INFO - [2026-05-19T19:29:04.591+0000] {dagbag.py:540} INFO - Filling up the DagBag from /home/airflow/.local/lib/python3.8/site-packages/airflow/example_dags/example_trigger_controller_dag.py
[2026-05-19T19:29:04.603+0000] {processor.py:840} INFO - DAG(s) 'example_trigger_controller_dag' retrieved from /home/airflow/.local/lib/python3.8/site-packages/airflow/example_dags/example_trigger_controller_dag.py
[2026-05-19T19:29:04.638+0000] {logging_mixin.py:188} INFO - [2026-05-19T19:29:04.638+0000] {dag.py:3047} INFO - Sync 1 DAGs
[2026-05-19T19:29:04.673+0000] {logging_mixin.py:188} INFO - [2026-05-19T19:29:04.672+0000] {dag.py:3834} INFO - Setting next_dagrun for example_trigger_controller_dag to 2021-01-01 00:00:00+00:00, run_after=2021-01-01 00:00:00+00:00
[2026-05-19T19:29:04.702+0000] {processor.py:183} INFO - Processing /home/airflow/.local/lib/python3.8/site-packages/airflow/example_dags/example_trigger_controller_dag.py took 0.125 seconds
[2026-05-19T19:29:35.395+0000] {processor.py:161} INFO - Started process (PID=9258) to work on /home/airflow/.local/lib/python3.8/site-packages/airflow/example_dags/example_trigger_controller_dag.py
[2026-05-19T19:29:35.397+0000] {processor.py:830} INFO - Processing file /home/airflow/.local/lib/python3.8/site-packages/airflow/example_dags/example_trigger_controller_dag.py for tasks to queue
[2026-05-19T19:29:35.400+0000] {logging_mixin.py:188} INFO - [2026-05-19T19:29:35.399+0000] {dagbag.py:540} INFO - Filling up the DagBag from /home/airflow/.local/lib/python3.8/site-packages/airflow/example_dags/example_trigger_controller_dag.py
[2026-05-19T19:29:35.409+0000] {processor.py:840} INFO - DAG(s) 'example_trigger_controller_dag' retrieved from /home/airflow/.local/lib/python3.8/site-packages/airflow/example_dags/example_trigger_controller_dag.py
[2026-05-19T19:29:35.444+0000] {logging_mixin.py:188} INFO - [2026-05-19T19:29:35.444+0000] {dag.py:3047} INFO - Sync 1 DAGs
[2026-05-19T19:29:35.481+0000] {logging_mixin.py:188} INFO - [2026-05-19T19:29:35.480+0000] {dag.py:3834} INFO - Setting next_dagrun for example_trigger_controller_dag to 2021-01-01 00:00:00+00:00, run_after=2021-01-01 00:00:00+00:00
[2026-05-19T19:29:35.517+0000] {processor.py:183} INFO - Processing /home/airflow/.local/lib/python3.8/site-packages/airflow/example_dags/example_trigger_controller_dag.py took 0.132 seconds
[2026-05-19T19:30:06.769+0000] {processor.py:161} INFO - Started process (PID=9313) to work on /home/airflow/.local/lib/python3.8/site-packages/airflow/example_dags/example_trigger_controller_dag.py
[2026-05-19T19:30:06.771+0000] {processor.py:830} INFO - Processing file /home/airflow/.local/lib/python3.8/site-packages/airflow/example_dags/example_trigger_controller_dag.py for tasks to queue
[2026-05-19T19:30:06.775+0000] {logging_mixin.py:188} INFO - [2026-05-19T19:30:06.774+0000] {dagbag.py:540} INFO - Filling up the DagBag from /home/airflow/.local/lib/python3.8/site-packages/airflow/example_dags/example_trigger_controller_dag.py
[2026-05-19T19:30:06.787+0000] {processor.py:840} INFO - DAG(s) 'example_trigger_controller_dag' retrieved from /home/airflow/.local/lib/python3.8/site-packages/airflow/example_dags/example_trigger_controller_dag.py
[2026-05-19T19:30:06.834+0000] {logging_mixin.py:188} INFO - [2026-05-19T19:30:06.834+0000] {dag.py:3047} INFO - Sync 1 DAGs
[2026-05-19T19:30:06.877+0000] {logging_mixin.py:188} INFO - [2026-05-19T19:30:06.877+0000] {dag.py:3834} INFO - Setting next_dagrun for example_trigger_controller_dag to 2021-01-01 00:00:00+00:00, run_after=2021-01-01 00:00:00+00:00
[2026-05-19T19:30:06.931+0000] {processor.py:183} INFO - Processing /home/airflow/.local/lib/python3.8/site-packages/airflow/example_dags/example_trigger_controller_dag.py took 0.169 seconds
[2026-05-19T19:30:37.343+0000] {processor.py:161} INFO - Started process (PID=9368) to work on /home/airflow/.local/lib/python3.8/site-packages/airflow/example_dags/example_trigger_controller_dag.py
[2026-05-19T19:30:37.344+0000] {processor.py:830} INFO - Processing file /home/airflow/.local/lib/python3.8/site-packages/airflow/example_dags/example_trigger_controller_dag.py for tasks to queue
[2026-05-19T19:30:37.348+0000] {logging_mixin.py:188} INFO - [2026-05-19T19:30:37.347+0000] {dagbag.py:540} INFO - Filling up the DagBag from /home/airflow/.local/lib/python3.8/site-packages/airflow/example_dags/example_trigger_controller_dag.py
[2026-05-19T19:30:37.356+0000] {processor.py:840} INFO - DAG(s) 'example_trigger_controller_dag' retrieved from /home/airflow/.local/lib/python3.8/site-packages/airflow/example_dags/example_trigger_controller_dag.py
[2026-05-19T19:30:37.386+0000] {logging_mixin.py:188} INFO - [2026-05-19T19:30:37.386+0000] {dag.py:3047} INFO - Sync 1 DAGs
[2026-05-19T19:30:37.421+0000] {logging_mixin.py:188} INFO - [2026-05-19T19:30:37.420+0000] {dag.py:3834} INFO - Setting next_dagrun for example_trigger_controller_dag to 2021-01-01 00:00:00+00:00, run_after=2021-01-01 00:00:00+00:00
[2026-05-19T19:30:37.477+0000] {processor.py:183} INFO - Processing /home/airflow/.local/lib/python3.8/site-packages/airflow/example_dags/example_trigger_controller_dag.py took 0.139 seconds
[2026-05-19T19:31:07.688+0000] {processor.py:161} INFO - Started process (PID=9423) to work on /home/airflow/.local/lib/python3.8/site-packages/airflow/example_dags/example_trigger_controller_dag.py
[2026-05-19T19:31:07.690+0000] {processor.py:830} INFO - Processing file /home/airflow/.local/lib/python3.8/site-packages/airflow/example_dags/example_trigger_controller_dag.py for tasks to queue
[2026-05-19T19:31:07.694+0000] {logging_mixin.py:188} INFO - [2026-05-19T19:31:07.693+0000] {dagbag.py:540} INFO - Filling up the DagBag from /home/airflow/.local/lib/python3.8/site-packages/airflow/example_dags/example_trigger_controller_dag.py
[2026-05-19T19:31:07.701+0000] {processor.py:840} INFO - DAG(s) 'example_trigger_controller_dag' retrieved from /home/airflow/.local/lib/python3.8/site-packages/airflow/example_dags/example_trigger_controller_dag.py
[2026-05-19T19:31:07.727+0000] {logging_mixin.py:188} INFO - [2026-05-19T19:31:07.727+0000] {dag.py:3047} INFO - Sync 1 DAGs
[2026-05-19T19:31:07.753+0000] {logging_mixin.py:188} INFO - [2026-05-19T19:31:07.752+0000] {dag.py:3834} INFO - Setting next_dagrun for example_trigger_controller_dag to 2021-01-01 00:00:00+00:00, run_after=2021-01-01 00:00:00+00:00
[2026-05-19T19:31:07.780+0000] {processor.py:183} INFO - Processing /home/airflow/.local/lib/python3.8/site-packages/airflow/example_dags/example_trigger_controller_dag.py took 0.097 seconds
[2026-05-19T19:31:38.745+0000] {processor.py:161} INFO - Started process (PID=9478) to work on /home/airflow/.local/lib/python3.8/site-packages/airflow/example_dags/example_trigger_controller_dag.py
[2026-05-19T19:31:38.747+0000] {processor.py:830} INFO - Processing file /home/airflow/.local/lib/python3.8/site-packages/airflow/example_dags/example_trigger_controller_dag.py for tasks to queue
[2026-05-19T19:31:38.751+0000] {logging_mixin.py:188} INFO - [2026-05-19T19:31:38.750+0000] {dagbag.py:540} INFO - Filling up the DagBag from /home/airflow/.local/lib/python3.8/site-packages/airflow/example_dags/example_trigger_controller_dag.py
[2026-05-19T19:31:38.757+0000] {processor.py:840} INFO - DAG(s) 'example_trigger_controller_dag' retrieved from /home/airflow/.local/lib/python3.8/site-packages/airflow/example_dags/example_trigger_controller_dag.py
[2026-05-19T19:31:38.787+0000] {logging_mixin.py:188} INFO - [2026-05-19T19:31:38.787+0000] {dag.py:3047} INFO - Sync 1 DAGs
[2026-05-19T19:31:38.819+0000] {logging_mixin.py:188} INFO - [2026-05-19T19:31:38.819+0000] {dag.py:3834} INFO - Setting next_dagrun for example_trigger_controller_dag to 2021-01-01 00:00:00+00:00, run_after=2021-01-01 00:00:00+00:00
[2026-05-19T19:31:38.853+0000] {processor.py:183} INFO - Processing /home/airflow/.local/lib/python3.8/site-packages/airflow/example_dags/example_trigger_controller_dag.py took 0.114 seconds
[2026-05-19T19:32:09.146+0000] {processor.py:161} INFO - Started process (PID=9533) to work on /home/airflow/.local/lib/python3.8/site-packages/airflow/example_dags/example_trigger_controller_dag.py
[2026-05-19T19:32:09.148+0000] {processor.py:830} INFO - Processing file /home/airflow/.local/lib/python3.8/site-packages/airflow/example_dags/example_trigger_controller_dag.py for tasks to queue
[2026-05-19T19:32:09.151+0000] {logging_mixin.py:188} INFO - [2026-05-19T19:32:09.150+0000] {dagbag.py:540} INFO - Filling up the DagBag from /home/airflow/.local/lib/python3.8/site-packages/airflow/example_dags/example_trigger_controller_dag.py
[2026-05-19T19:32:09.157+0000] {processor.py:840} INFO - DAG(s) 'example_trigger_controller_dag' retrieved from /home/airflow/.local/lib/python3.8/site-packages/airflow/example_dags/example_trigger_controller_dag.py
[2026-05-19T19:32:09.185+0000] {logging_mixin.py:188} INFO - [2026-05-19T19:32:09.184+0000] {dag.py:3047} INFO - Sync 1 DAGs
[2026-05-19T19:32:09.210+0000] {logging_mixin.py:188} INFO - [2026-05-19T19:32:09.210+0000] {dag.py:3834} INFO - Setting next_dagrun for example_trigger_controller_dag to 2021-01-01 00:00:00+00:00, run_after=2021-01-01 00:00:00+00:00
[2026-05-19T19:32:09.235+0000] {processor.py:183} INFO - Processing /home/airflow/.local/lib/python3.8/site-packages/airflow/example_dags/example_trigger_controller_dag.py took 0.093 seconds
[2026-05-19T19:32:39.455+0000] {processor.py:161} INFO - Started process (PID=9588) to work on /home/airflow/.local/lib/python3.8/site-packages/airflow/example_dags/example_trigger_controller_dag.py
[2026-05-19T19:32:39.457+0000] {processor.py:830} INFO - Processing file /home/airflow/.local/lib/python3.8/site-packages/airflow/example_dags/example_trigger_controller_dag.py for tasks to queue
[2026-05-19T19:32:39.460+0000] {logging_mixin.py:188} INFO - [2026-05-19T19:32:39.459+0000] {dagbag.py:540} INFO - Filling up the DagBag from /home/airflow/.local/lib/python3.8/site-packages/airflow/example_dags/example_trigger_controller_dag.py
[2026-05-19T19:32:39.466+0000] {processor.py:840} INFO - DAG(s) 'example_trigger_controller_dag' retrieved from /home/airflow/.local/lib/python3.8/site-packages/airflow/example_dags/example_trigger_controller_dag.py
[2026-05-19T19:32:39.492+0000] {logging_mixin.py:188} INFO - [2026-05-19T19:32:39.491+0000] {dag.py:3047} INFO - Sync 1 DAGs
[2026-05-19T19:32:39.516+0000] {logging_mixin.py:188} INFO - [2026-05-19T19:32:39.516+0000] {dag.py:3834} INFO - Setting next_dagrun for example_trigger_controller_dag to 2021-01-01 00:00:00+00:00, run_after=2021-01-01 00:00:00+00:00
[2026-05-19T19:32:39.539+0000] {processor.py:183} INFO - Processing /home/airflow/.local/lib/python3.8/site-packages/airflow/example_dags/example_trigger_controller_dag.py took 0.088 seconds
[2026-05-19T19:33:10.428+0000] {processor.py:161} INFO - Started process (PID=9643) to work on /home/airflow/.local/lib/python3.8/site-packages/airflow/example_dags/example_trigger_controller_dag.py
[2026-05-19T19:33:10.430+0000] {processor.py:830} INFO - Processing file /home/airflow/.local/lib/python3.8/site-packages/airflow/example_dags/example_trigger_controller_dag.py for tasks to queue
[2026-05-19T19:33:10.435+0000] {logging_mixin.py:188} INFO - [2026-05-19T19:33:10.434+0000] {dagbag.py:540} INFO - Filling up the DagBag from /home/airflow/.local/lib/python3.8/site-packages/airflow/example_dags/example_trigger_controller_dag.py
[2026-05-19T19:33:10.442+0000] {processor.py:840} INFO - DAG(s) 'example_trigger_controller_dag' retrieved from /home/airflow/.local/lib/python3.8/site-packages/airflow/example_dags/example_trigger_controller_dag.py
[2026-05-19T19:33:10.475+0000] {logging_mixin.py:188} INFO - [2026-05-19T19:33:10.474+0000] {dag.py:3047} INFO - Sync 1 DAGs
[2026-05-19T19:33:10.510+0000] {logging_mixin.py:188} INFO - [2026-05-19T19:33:10.509+0000] {dag.py:3834} INFO - Setting next_dagrun for example_trigger_controller_dag to 2021-01-01 00:00:00+00:00, run_after=2021-01-01 00:00:00+00:00
[2026-05-19T19:33:10.547+0000] {processor.py:183} INFO - Processing /home/airflow/.local/lib/python3.8/site-packages/airflow/example_dags/example_trigger_controller_dag.py took 0.124 seconds
[2026-05-19T19:33:41.641+0000] {processor.py:161} INFO - Started process (PID=9698) to work on /home/airflow/.local/lib/python3.8/site-packages/airflow/example_dags/example_trigger_controller_dag.py
[2026-05-19T19:33:41.643+0000] {processor.py:830} INFO - Processing file /home/airflow/.local/lib/python3.8/site-packages/airflow/example_dags/example_trigger_controller_dag.py for tasks to queue
[2026-05-19T19:33:41.649+0000] {logging_mixin.py:188} INFO - [2026-05-19T19:33:41.648+0000] {dagbag.py:540} INFO - Filling up the DagBag from /home/airflow/.local/lib/python3.8/site-packages/airflow/example_dags/example_trigger_controller_dag.py
[2026-05-19T19:33:41.660+0000] {processor.py:840} INFO - DAG(s) 'example_trigger_controller_dag' retrieved from /home/airflow/.local/lib/python3.8/site-packages/airflow/example_dags/example_trigger_controller_dag.py
[2026-05-19T19:33:41.712+0000] {logging_mixin.py:188} INFO - [2026-05-19T19:33:41.712+0000] {dag.py:3047} INFO - Sync 1 DAGs
[2026-05-19T19:33:41.754+0000] {logging_mixin.py:188} INFO - [2026-05-19T19:33:41.753+0000] {dag.py:3834} INFO - Setting next_dagrun for example_trigger_controller_dag to 2021-01-01 00:00:00+00:00, run_after=2021-01-01 00:00:00+00:00
[2026-05-19T19:33:41.796+0000] {processor.py:183} INFO - Processing /home/airflow/.local/lib/python3.8/site-packages/airflow/example_dags/example_trigger_controller_dag.py took 0.162 seconds
