[2026-05-19T19:18:13.715+0000] {processor.py:161} INFO - Started process (PID=8020) to work on /home/airflow/.local/lib/python3.8/site-packages/airflow/example_dags/example_subdag_operator.py
[2026-05-19T19:18:13.730+0000] {processor.py:830} INFO - Processing file /home/airflow/.local/lib/python3.8/site-packages/airflow/example_dags/example_subdag_operator.py for tasks to queue
[2026-05-19T19:18:13.741+0000] {logging_mixin.py:188} INFO - [2026-05-19T19:18:13.740+0000] {dagbag.py:540} INFO - Filling up the DagBag from /home/airflow/.local/lib/python3.8/site-packages/airflow/example_dags/example_subdag_operator.py
[2026-05-19T19:18:13.850+0000] {processor.py:840} INFO - DAG(s) 'example_subdag_operator.section-1', 'example_subdag_operator.section-2', 'example_subdag_operator' retrieved from /home/airflow/.local/lib/python3.8/site-packages/airflow/example_dags/example_subdag_operator.py
[2026-05-19T19:18:13.897+0000] {logging_mixin.py:188} INFO - [2026-05-19T19:18:13.896+0000] {dag.py:3047} INFO - Sync 3 DAGs
[2026-05-19T19:18:13.979+0000] {logging_mixin.py:188} INFO - [2026-05-19T19:18:13.979+0000] {dag.py:3834} INFO - Setting next_dagrun for example_subdag_operator to 2022-01-01 00:00:00+00:00, run_after=2022-01-01 00:00:00+00:00
[2026-05-19T19:18:13.996+0000] {logging_mixin.py:188} INFO - [2026-05-19T19:18:13.995+0000] {dag.py:3834} INFO - Setting next_dagrun for example_subdag_operator.section-1 to None, run_after=None
[2026-05-19T19:18:14.003+0000] {logging_mixin.py:188} INFO - [2026-05-19T19:18:14.002+0000] {dag.py:3834} INFO - Setting next_dagrun for example_subdag_operator.section-2 to None, run_after=None
[2026-05-19T19:18:14.034+0000] {logging_mixin.py:188} INFO - [2026-05-19T19:18:14.033+0000] {dag.py:3047} INFO - Sync 2 DAGs
[2026-05-19T19:18:14.060+0000] {logging_mixin.py:188} INFO - [2026-05-19T19:18:14.059+0000] {dag.py:3834} INFO - Setting next_dagrun for example_subdag_operator.section-1 to None, run_after=None
[2026-05-19T19:18:14.065+0000] {logging_mixin.py:188} INFO - [2026-05-19T19:18:14.065+0000] {dag.py:3834} INFO - Setting next_dagrun for example_subdag_operator.section-2 to None, run_after=None
[2026-05-19T19:18:14.111+0000] {processor.py:183} INFO - Processing /home/airflow/.local/lib/python3.8/site-packages/airflow/example_dags/example_subdag_operator.py took 0.407 seconds
[2026-05-19T19:18:44.615+0000] {processor.py:161} INFO - Started process (PID=8073) to work on /home/airflow/.local/lib/python3.8/site-packages/airflow/example_dags/example_subdag_operator.py
[2026-05-19T19:18:44.617+0000] {processor.py:830} INFO - Processing file /home/airflow/.local/lib/python3.8/site-packages/airflow/example_dags/example_subdag_operator.py for tasks to queue
[2026-05-19T19:18:44.620+0000] {logging_mixin.py:188} INFO - [2026-05-19T19:18:44.620+0000] {dagbag.py:540} INFO - Filling up the DagBag from /home/airflow/.local/lib/python3.8/site-packages/airflow/example_dags/example_subdag_operator.py
[2026-05-19T19:18:44.645+0000] {processor.py:840} INFO - DAG(s) 'example_subdag_operator.section-1', 'example_subdag_operator.section-2', 'example_subdag_operator' retrieved from /home/airflow/.local/lib/python3.8/site-packages/airflow/example_dags/example_subdag_operator.py
[2026-05-19T19:18:44.660+0000] {logging_mixin.py:188} INFO - [2026-05-19T19:18:44.660+0000] {dag.py:3047} INFO - Sync 3 DAGs
[2026-05-19T19:18:44.679+0000] {logging_mixin.py:188} INFO - [2026-05-19T19:18:44.679+0000] {dag.py:3834} INFO - Setting next_dagrun for example_subdag_operator to 2022-01-01 00:00:00+00:00, run_after=2022-01-01 00:00:00+00:00
[2026-05-19T19:18:44.683+0000] {logging_mixin.py:188} INFO - [2026-05-19T19:18:44.683+0000] {dag.py:3834} INFO - Setting next_dagrun for example_subdag_operator.section-1 to None, run_after=None
[2026-05-19T19:18:44.685+0000] {logging_mixin.py:188} INFO - [2026-05-19T19:18:44.685+0000] {dag.py:3834} INFO - Setting next_dagrun for example_subdag_operator.section-2 to None, run_after=None
[2026-05-19T19:18:44.693+0000] {logging_mixin.py:188} INFO - [2026-05-19T19:18:44.693+0000] {dag.py:3047} INFO - Sync 2 DAGs
[2026-05-19T19:18:44.700+0000] {logging_mixin.py:188} INFO - [2026-05-19T19:18:44.700+0000] {dag.py:3834} INFO - Setting next_dagrun for example_subdag_operator.section-1 to None, run_after=None
[2026-05-19T19:18:44.702+0000] {logging_mixin.py:188} INFO - [2026-05-19T19:18:44.701+0000] {dag.py:3834} INFO - Setting next_dagrun for example_subdag_operator.section-2 to None, run_after=None
[2026-05-19T19:18:44.717+0000] {processor.py:183} INFO - Processing /home/airflow/.local/lib/python3.8/site-packages/airflow/example_dags/example_subdag_operator.py took 0.108 seconds
[2026-05-19T19:19:15.094+0000] {processor.py:161} INFO - Started process (PID=8128) to work on /home/airflow/.local/lib/python3.8/site-packages/airflow/example_dags/example_subdag_operator.py
[2026-05-19T19:19:15.096+0000] {processor.py:830} INFO - Processing file /home/airflow/.local/lib/python3.8/site-packages/airflow/example_dags/example_subdag_operator.py for tasks to queue
[2026-05-19T19:19:15.099+0000] {logging_mixin.py:188} INFO - [2026-05-19T19:19:15.098+0000] {dagbag.py:540} INFO - Filling up the DagBag from /home/airflow/.local/lib/python3.8/site-packages/airflow/example_dags/example_subdag_operator.py
[2026-05-19T19:19:15.124+0000] {processor.py:840} INFO - DAG(s) 'example_subdag_operator.section-1', 'example_subdag_operator.section-2', 'example_subdag_operator' retrieved from /home/airflow/.local/lib/python3.8/site-packages/airflow/example_dags/example_subdag_operator.py
[2026-05-19T19:19:15.144+0000] {logging_mixin.py:188} INFO - [2026-05-19T19:19:15.143+0000] {dag.py:3047} INFO - Sync 3 DAGs
[2026-05-19T19:19:15.180+0000] {logging_mixin.py:188} INFO - [2026-05-19T19:19:15.179+0000] {dag.py:3834} INFO - Setting next_dagrun for example_subdag_operator to 2022-01-01 00:00:00+00:00, run_after=2022-01-01 00:00:00+00:00
[2026-05-19T19:19:15.185+0000] {logging_mixin.py:188} INFO - [2026-05-19T19:19:15.185+0000] {dag.py:3834} INFO - Setting next_dagrun for example_subdag_operator.section-1 to None, run_after=None
[2026-05-19T19:19:15.188+0000] {logging_mixin.py:188} INFO - [2026-05-19T19:19:15.188+0000] {dag.py:3834} INFO - Setting next_dagrun for example_subdag_operator.section-2 to None, run_after=None
[2026-05-19T19:19:15.199+0000] {logging_mixin.py:188} INFO - [2026-05-19T19:19:15.198+0000] {dag.py:3047} INFO - Sync 2 DAGs
[2026-05-19T19:19:15.208+0000] {logging_mixin.py:188} INFO - [2026-05-19T19:19:15.208+0000] {dag.py:3834} INFO - Setting next_dagrun for example_subdag_operator.section-1 to None, run_after=None
[2026-05-19T19:19:15.210+0000] {logging_mixin.py:188} INFO - [2026-05-19T19:19:15.209+0000] {dag.py:3834} INFO - Setting next_dagrun for example_subdag_operator.section-2 to None, run_after=None
[2026-05-19T19:19:15.229+0000] {processor.py:183} INFO - Processing /home/airflow/.local/lib/python3.8/site-packages/airflow/example_dags/example_subdag_operator.py took 0.138 seconds
[2026-05-19T19:19:45.447+0000] {processor.py:161} INFO - Started process (PID=8182) to work on /home/airflow/.local/lib/python3.8/site-packages/airflow/example_dags/example_subdag_operator.py
[2026-05-19T19:19:45.449+0000] {processor.py:830} INFO - Processing file /home/airflow/.local/lib/python3.8/site-packages/airflow/example_dags/example_subdag_operator.py for tasks to queue
[2026-05-19T19:19:45.450+0000] {logging_mixin.py:188} INFO - [2026-05-19T19:19:45.450+0000] {dagbag.py:540} INFO - Filling up the DagBag from /home/airflow/.local/lib/python3.8/site-packages/airflow/example_dags/example_subdag_operator.py
[2026-05-19T19:19:45.473+0000] {processor.py:840} INFO - DAG(s) 'example_subdag_operator.section-1', 'example_subdag_operator.section-2', 'example_subdag_operator' retrieved from /home/airflow/.local/lib/python3.8/site-packages/airflow/example_dags/example_subdag_operator.py
[2026-05-19T19:19:45.485+0000] {logging_mixin.py:188} INFO - [2026-05-19T19:19:45.485+0000] {dag.py:3047} INFO - Sync 3 DAGs
[2026-05-19T19:19:45.501+0000] {logging_mixin.py:188} INFO - [2026-05-19T19:19:45.501+0000] {dag.py:3834} INFO - Setting next_dagrun for example_subdag_operator to 2022-01-01 00:00:00+00:00, run_after=2022-01-01 00:00:00+00:00
[2026-05-19T19:19:45.505+0000] {logging_mixin.py:188} INFO - [2026-05-19T19:19:45.505+0000] {dag.py:3834} INFO - Setting next_dagrun for example_subdag_operator.section-1 to None, run_after=None
[2026-05-19T19:19:45.507+0000] {logging_mixin.py:188} INFO - [2026-05-19T19:19:45.507+0000] {dag.py:3834} INFO - Setting next_dagrun for example_subdag_operator.section-2 to None, run_after=None
[2026-05-19T19:19:45.513+0000] {logging_mixin.py:188} INFO - [2026-05-19T19:19:45.513+0000] {dag.py:3047} INFO - Sync 2 DAGs
[2026-05-19T19:19:45.519+0000] {logging_mixin.py:188} INFO - [2026-05-19T19:19:45.518+0000] {dag.py:3834} INFO - Setting next_dagrun for example_subdag_operator.section-1 to None, run_after=None
[2026-05-19T19:19:45.519+0000] {logging_mixin.py:188} INFO - [2026-05-19T19:19:45.519+0000] {dag.py:3834} INFO - Setting next_dagrun for example_subdag_operator.section-2 to None, run_after=None
[2026-05-19T19:19:45.532+0000] {processor.py:183} INFO - Processing /home/airflow/.local/lib/python3.8/site-packages/airflow/example_dags/example_subdag_operator.py took 0.087 seconds
[2026-05-19T19:20:16.385+0000] {processor.py:161} INFO - Started process (PID=8244) to work on /home/airflow/.local/lib/python3.8/site-packages/airflow/example_dags/example_subdag_operator.py
[2026-05-19T19:20:16.387+0000] {processor.py:830} INFO - Processing file /home/airflow/.local/lib/python3.8/site-packages/airflow/example_dags/example_subdag_operator.py for tasks to queue
[2026-05-19T19:20:16.389+0000] {logging_mixin.py:188} INFO - [2026-05-19T19:20:16.388+0000] {dagbag.py:540} INFO - Filling up the DagBag from /home/airflow/.local/lib/python3.8/site-packages/airflow/example_dags/example_subdag_operator.py
[2026-05-19T19:20:16.417+0000] {processor.py:840} INFO - DAG(s) 'example_subdag_operator.section-1', 'example_subdag_operator.section-2', 'example_subdag_operator' retrieved from /home/airflow/.local/lib/python3.8/site-packages/airflow/example_dags/example_subdag_operator.py
[2026-05-19T19:20:16.433+0000] {logging_mixin.py:188} INFO - [2026-05-19T19:20:16.433+0000] {dag.py:3047} INFO - Sync 3 DAGs
[2026-05-19T19:20:16.455+0000] {logging_mixin.py:188} INFO - [2026-05-19T19:20:16.455+0000] {dag.py:3834} INFO - Setting next_dagrun for example_subdag_operator to 2022-01-01 00:00:00+00:00, run_after=2022-01-01 00:00:00+00:00
[2026-05-19T19:20:16.459+0000] {logging_mixin.py:188} INFO - [2026-05-19T19:20:16.459+0000] {dag.py:3834} INFO - Setting next_dagrun for example_subdag_operator.section-1 to None, run_after=None
[2026-05-19T19:20:16.461+0000] {logging_mixin.py:188} INFO - [2026-05-19T19:20:16.461+0000] {dag.py:3834} INFO - Setting next_dagrun for example_subdag_operator.section-2 to None, run_after=None
[2026-05-19T19:20:16.468+0000] {logging_mixin.py:188} INFO - [2026-05-19T19:20:16.468+0000] {dag.py:3047} INFO - Sync 2 DAGs
[2026-05-19T19:20:16.476+0000] {logging_mixin.py:188} INFO - [2026-05-19T19:20:16.476+0000] {dag.py:3834} INFO - Setting next_dagrun for example_subdag_operator.section-1 to None, run_after=None
[2026-05-19T19:20:16.477+0000] {logging_mixin.py:188} INFO - [2026-05-19T19:20:16.477+0000] {dag.py:3834} INFO - Setting next_dagrun for example_subdag_operator.section-2 to None, run_after=None
[2026-05-19T19:20:16.496+0000] {processor.py:183} INFO - Processing /home/airflow/.local/lib/python3.8/site-packages/airflow/example_dags/example_subdag_operator.py took 0.115 seconds
[2026-05-19T19:20:47.279+0000] {processor.py:161} INFO - Started process (PID=8299) to work on /home/airflow/.local/lib/python3.8/site-packages/airflow/example_dags/example_subdag_operator.py
[2026-05-19T19:20:47.281+0000] {processor.py:830} INFO - Processing file /home/airflow/.local/lib/python3.8/site-packages/airflow/example_dags/example_subdag_operator.py for tasks to queue
[2026-05-19T19:20:47.285+0000] {logging_mixin.py:188} INFO - [2026-05-19T19:20:47.284+0000] {dagbag.py:540} INFO - Filling up the DagBag from /home/airflow/.local/lib/python3.8/site-packages/airflow/example_dags/example_subdag_operator.py
[2026-05-19T19:20:47.313+0000] {processor.py:840} INFO - DAG(s) 'example_subdag_operator.section-1', 'example_subdag_operator.section-2', 'example_subdag_operator' retrieved from /home/airflow/.local/lib/python3.8/site-packages/airflow/example_dags/example_subdag_operator.py
[2026-05-19T19:20:47.330+0000] {logging_mixin.py:188} INFO - [2026-05-19T19:20:47.330+0000] {dag.py:3047} INFO - Sync 3 DAGs
[2026-05-19T19:20:47.355+0000] {logging_mixin.py:188} INFO - [2026-05-19T19:20:47.355+0000] {dag.py:3834} INFO - Setting next_dagrun for example_subdag_operator to 2022-01-01 00:00:00+00:00, run_after=2022-01-01 00:00:00+00:00
[2026-05-19T19:20:47.360+0000] {logging_mixin.py:188} INFO - [2026-05-19T19:20:47.359+0000] {dag.py:3834} INFO - Setting next_dagrun for example_subdag_operator.section-1 to None, run_after=None
[2026-05-19T19:20:47.362+0000] {logging_mixin.py:188} INFO - [2026-05-19T19:20:47.361+0000] {dag.py:3834} INFO - Setting next_dagrun for example_subdag_operator.section-2 to None, run_after=None
[2026-05-19T19:20:47.370+0000] {logging_mixin.py:188} INFO - [2026-05-19T19:20:47.370+0000] {dag.py:3047} INFO - Sync 2 DAGs
[2026-05-19T19:20:47.380+0000] {logging_mixin.py:188} INFO - [2026-05-19T19:20:47.378+0000] {dag.py:3834} INFO - Setting next_dagrun for example_subdag_operator.section-1 to None, run_after=None
[2026-05-19T19:20:47.382+0000] {logging_mixin.py:188} INFO - [2026-05-19T19:20:47.382+0000] {dag.py:3834} INFO - Setting next_dagrun for example_subdag_operator.section-2 to None, run_after=None
[2026-05-19T19:20:47.406+0000] {processor.py:183} INFO - Processing /home/airflow/.local/lib/python3.8/site-packages/airflow/example_dags/example_subdag_operator.py took 0.130 seconds
[2026-05-19T19:21:17.621+0000] {processor.py:161} INFO - Started process (PID=8356) to work on /home/airflow/.local/lib/python3.8/site-packages/airflow/example_dags/example_subdag_operator.py
[2026-05-19T19:21:17.623+0000] {processor.py:830} INFO - Processing file /home/airflow/.local/lib/python3.8/site-packages/airflow/example_dags/example_subdag_operator.py for tasks to queue
[2026-05-19T19:21:17.633+0000] {logging_mixin.py:188} INFO - [2026-05-19T19:21:17.632+0000] {dagbag.py:540} INFO - Filling up the DagBag from /home/airflow/.local/lib/python3.8/site-packages/airflow/example_dags/example_subdag_operator.py
[2026-05-19T19:21:17.689+0000] {processor.py:840} INFO - DAG(s) 'example_subdag_operator.section-1', 'example_subdag_operator.section-2', 'example_subdag_operator' retrieved from /home/airflow/.local/lib/python3.8/site-packages/airflow/example_dags/example_subdag_operator.py
[2026-05-19T19:21:17.711+0000] {logging_mixin.py:188} INFO - [2026-05-19T19:21:17.711+0000] {dag.py:3047} INFO - Sync 3 DAGs
[2026-05-19T19:21:17.747+0000] {logging_mixin.py:188} INFO - [2026-05-19T19:21:17.747+0000] {dag.py:3834} INFO - Setting next_dagrun for example_subdag_operator to 2022-01-01 00:00:00+00:00, run_after=2022-01-01 00:00:00+00:00
[2026-05-19T19:21:17.753+0000] {logging_mixin.py:188} INFO - [2026-05-19T19:21:17.753+0000] {dag.py:3834} INFO - Setting next_dagrun for example_subdag_operator.section-1 to None, run_after=None
[2026-05-19T19:21:17.756+0000] {logging_mixin.py:188} INFO - [2026-05-19T19:21:17.756+0000] {dag.py:3834} INFO - Setting next_dagrun for example_subdag_operator.section-2 to None, run_after=None
[2026-05-19T19:21:17.766+0000] {logging_mixin.py:188} INFO - [2026-05-19T19:21:17.766+0000] {dag.py:3047} INFO - Sync 2 DAGs
[2026-05-19T19:21:17.775+0000] {logging_mixin.py:188} INFO - [2026-05-19T19:21:17.775+0000] {dag.py:3834} INFO - Setting next_dagrun for example_subdag_operator.section-1 to None, run_after=None
[2026-05-19T19:21:17.776+0000] {logging_mixin.py:188} INFO - [2026-05-19T19:21:17.776+0000] {dag.py:3834} INFO - Setting next_dagrun for example_subdag_operator.section-2 to None, run_after=None
[2026-05-19T19:21:17.798+0000] {processor.py:183} INFO - Processing /home/airflow/.local/lib/python3.8/site-packages/airflow/example_dags/example_subdag_operator.py took 0.185 seconds
[2026-05-19T19:21:48.236+0000] {processor.py:161} INFO - Started process (PID=8411) to work on /home/airflow/.local/lib/python3.8/site-packages/airflow/example_dags/example_subdag_operator.py
[2026-05-19T19:21:48.238+0000] {processor.py:830} INFO - Processing file /home/airflow/.local/lib/python3.8/site-packages/airflow/example_dags/example_subdag_operator.py for tasks to queue
[2026-05-19T19:21:48.242+0000] {logging_mixin.py:188} INFO - [2026-05-19T19:21:48.242+0000] {dagbag.py:540} INFO - Filling up the DagBag from /home/airflow/.local/lib/python3.8/site-packages/airflow/example_dags/example_subdag_operator.py
[2026-05-19T19:21:48.286+0000] {processor.py:840} INFO - DAG(s) 'example_subdag_operator.section-1', 'example_subdag_operator.section-2', 'example_subdag_operator' retrieved from /home/airflow/.local/lib/python3.8/site-packages/airflow/example_dags/example_subdag_operator.py
[2026-05-19T19:21:48.307+0000] {logging_mixin.py:188} INFO - [2026-05-19T19:21:48.307+0000] {dag.py:3047} INFO - Sync 3 DAGs
[2026-05-19T19:21:48.340+0000] {logging_mixin.py:188} INFO - [2026-05-19T19:21:48.339+0000] {dag.py:3834} INFO - Setting next_dagrun for example_subdag_operator to 2022-01-01 00:00:00+00:00, run_after=2022-01-01 00:00:00+00:00
[2026-05-19T19:21:48.349+0000] {logging_mixin.py:188} INFO - [2026-05-19T19:21:48.349+0000] {dag.py:3834} INFO - Setting next_dagrun for example_subdag_operator.section-1 to None, run_after=None
[2026-05-19T19:21:48.355+0000] {logging_mixin.py:188} INFO - [2026-05-19T19:21:48.354+0000] {dag.py:3834} INFO - Setting next_dagrun for example_subdag_operator.section-2 to None, run_after=None
[2026-05-19T19:21:48.371+0000] {logging_mixin.py:188} INFO - [2026-05-19T19:21:48.371+0000] {dag.py:3047} INFO - Sync 2 DAGs
[2026-05-19T19:21:48.381+0000] {logging_mixin.py:188} INFO - [2026-05-19T19:21:48.380+0000] {dag.py:3834} INFO - Setting next_dagrun for example_subdag_operator.section-1 to None, run_after=None
[2026-05-19T19:21:48.382+0000] {logging_mixin.py:188} INFO - [2026-05-19T19:21:48.382+0000] {dag.py:3834} INFO - Setting next_dagrun for example_subdag_operator.section-2 to None, run_after=None
[2026-05-19T19:21:48.407+0000] {processor.py:183} INFO - Processing /home/airflow/.local/lib/python3.8/site-packages/airflow/example_dags/example_subdag_operator.py took 0.177 seconds
[2026-05-19T19:22:18.866+0000] {processor.py:161} INFO - Started process (PID=8467) to work on /home/airflow/.local/lib/python3.8/site-packages/airflow/example_dags/example_subdag_operator.py
[2026-05-19T19:22:18.868+0000] {processor.py:830} INFO - Processing file /home/airflow/.local/lib/python3.8/site-packages/airflow/example_dags/example_subdag_operator.py for tasks to queue
[2026-05-19T19:22:18.872+0000] {logging_mixin.py:188} INFO - [2026-05-19T19:22:18.871+0000] {dagbag.py:540} INFO - Filling up the DagBag from /home/airflow/.local/lib/python3.8/site-packages/airflow/example_dags/example_subdag_operator.py
[2026-05-19T19:22:18.918+0000] {processor.py:840} INFO - DAG(s) 'example_subdag_operator.section-1', 'example_subdag_operator.section-2', 'example_subdag_operator' retrieved from /home/airflow/.local/lib/python3.8/site-packages/airflow/example_dags/example_subdag_operator.py
[2026-05-19T19:22:18.951+0000] {logging_mixin.py:188} INFO - [2026-05-19T19:22:18.951+0000] {dag.py:3047} INFO - Sync 3 DAGs
[2026-05-19T19:22:18.985+0000] {logging_mixin.py:188} INFO - [2026-05-19T19:22:18.984+0000] {dag.py:3834} INFO - Setting next_dagrun for example_subdag_operator to 2022-01-01 00:00:00+00:00, run_after=2022-01-01 00:00:00+00:00
[2026-05-19T19:22:18.993+0000] {logging_mixin.py:188} INFO - [2026-05-19T19:22:18.993+0000] {dag.py:3834} INFO - Setting next_dagrun for example_subdag_operator.section-1 to None, run_after=None
[2026-05-19T19:22:18.997+0000] {logging_mixin.py:188} INFO - [2026-05-19T19:22:18.997+0000] {dag.py:3834} INFO - Setting next_dagrun for example_subdag_operator.section-2 to None, run_after=None
[2026-05-19T19:22:19.012+0000] {logging_mixin.py:188} INFO - [2026-05-19T19:22:19.011+0000] {dag.py:3047} INFO - Sync 2 DAGs
[2026-05-19T19:22:19.021+0000] {logging_mixin.py:188} INFO - [2026-05-19T19:22:19.021+0000] {dag.py:3834} INFO - Setting next_dagrun for example_subdag_operator.section-1 to None, run_after=None
[2026-05-19T19:22:19.024+0000] {logging_mixin.py:188} INFO - [2026-05-19T19:22:19.023+0000] {dag.py:3834} INFO - Setting next_dagrun for example_subdag_operator.section-2 to None, run_after=None
[2026-05-19T19:22:19.048+0000] {processor.py:183} INFO - Processing /home/airflow/.local/lib/python3.8/site-packages/airflow/example_dags/example_subdag_operator.py took 0.186 seconds
[2026-05-19T19:22:49.771+0000] {processor.py:161} INFO - Started process (PID=8521) to work on /home/airflow/.local/lib/python3.8/site-packages/airflow/example_dags/example_subdag_operator.py
[2026-05-19T19:22:49.773+0000] {processor.py:830} INFO - Processing file /home/airflow/.local/lib/python3.8/site-packages/airflow/example_dags/example_subdag_operator.py for tasks to queue
[2026-05-19T19:22:49.776+0000] {logging_mixin.py:188} INFO - [2026-05-19T19:22:49.776+0000] {dagbag.py:540} INFO - Filling up the DagBag from /home/airflow/.local/lib/python3.8/site-packages/airflow/example_dags/example_subdag_operator.py
[2026-05-19T19:22:49.810+0000] {processor.py:840} INFO - DAG(s) 'example_subdag_operator.section-1', 'example_subdag_operator.section-2', 'example_subdag_operator' retrieved from /home/airflow/.local/lib/python3.8/site-packages/airflow/example_dags/example_subdag_operator.py
[2026-05-19T19:22:49.830+0000] {logging_mixin.py:188} INFO - [2026-05-19T19:22:49.830+0000] {dag.py:3047} INFO - Sync 3 DAGs
[2026-05-19T19:22:49.858+0000] {logging_mixin.py:188} INFO - [2026-05-19T19:22:49.858+0000] {dag.py:3834} INFO - Setting next_dagrun for example_subdag_operator to 2022-01-01 00:00:00+00:00, run_after=2022-01-01 00:00:00+00:00
[2026-05-19T19:22:49.864+0000] {logging_mixin.py:188} INFO - [2026-05-19T19:22:49.864+0000] {dag.py:3834} INFO - Setting next_dagrun for example_subdag_operator.section-1 to None, run_after=None
[2026-05-19T19:22:49.867+0000] {logging_mixin.py:188} INFO - [2026-05-19T19:22:49.867+0000] {dag.py:3834} INFO - Setting next_dagrun for example_subdag_operator.section-2 to None, run_after=None
[2026-05-19T19:22:49.878+0000] {logging_mixin.py:188} INFO - [2026-05-19T19:22:49.878+0000] {dag.py:3047} INFO - Sync 2 DAGs
[2026-05-19T19:22:49.886+0000] {logging_mixin.py:188} INFO - [2026-05-19T19:22:49.885+0000] {dag.py:3834} INFO - Setting next_dagrun for example_subdag_operator.section-1 to None, run_after=None
[2026-05-19T19:22:49.888+0000] {logging_mixin.py:188} INFO - [2026-05-19T19:22:49.887+0000] {dag.py:3834} INFO - Setting next_dagrun for example_subdag_operator.section-2 to None, run_after=None
[2026-05-19T19:22:49.907+0000] {processor.py:183} INFO - Processing /home/airflow/.local/lib/python3.8/site-packages/airflow/example_dags/example_subdag_operator.py took 0.141 seconds
[2026-05-19T19:23:20.158+0000] {processor.py:161} INFO - Started process (PID=8576) to work on /home/airflow/.local/lib/python3.8/site-packages/airflow/example_dags/example_subdag_operator.py
[2026-05-19T19:23:20.160+0000] {processor.py:830} INFO - Processing file /home/airflow/.local/lib/python3.8/site-packages/airflow/example_dags/example_subdag_operator.py for tasks to queue
[2026-05-19T19:23:20.162+0000] {logging_mixin.py:188} INFO - [2026-05-19T19:23:20.161+0000] {dagbag.py:540} INFO - Filling up the DagBag from /home/airflow/.local/lib/python3.8/site-packages/airflow/example_dags/example_subdag_operator.py
[2026-05-19T19:23:20.184+0000] {processor.py:840} INFO - DAG(s) 'example_subdag_operator.section-1', 'example_subdag_operator.section-2', 'example_subdag_operator' retrieved from /home/airflow/.local/lib/python3.8/site-packages/airflow/example_dags/example_subdag_operator.py
[2026-05-19T19:23:20.198+0000] {logging_mixin.py:188} INFO - [2026-05-19T19:23:20.198+0000] {dag.py:3047} INFO - Sync 3 DAGs
[2026-05-19T19:23:20.217+0000] {logging_mixin.py:188} INFO - [2026-05-19T19:23:20.217+0000] {dag.py:3834} INFO - Setting next_dagrun for example_subdag_operator to 2022-01-01 00:00:00+00:00, run_after=2022-01-01 00:00:00+00:00
[2026-05-19T19:23:20.222+0000] {logging_mixin.py:188} INFO - [2026-05-19T19:23:20.222+0000] {dag.py:3834} INFO - Setting next_dagrun for example_subdag_operator.section-1 to None, run_after=None
[2026-05-19T19:23:20.225+0000] {logging_mixin.py:188} INFO - [2026-05-19T19:23:20.224+0000] {dag.py:3834} INFO - Setting next_dagrun for example_subdag_operator.section-2 to None, run_after=None
[2026-05-19T19:23:20.233+0000] {logging_mixin.py:188} INFO - [2026-05-19T19:23:20.233+0000] {dag.py:3047} INFO - Sync 2 DAGs
[2026-05-19T19:23:20.239+0000] {logging_mixin.py:188} INFO - [2026-05-19T19:23:20.238+0000] {dag.py:3834} INFO - Setting next_dagrun for example_subdag_operator.section-1 to None, run_after=None
[2026-05-19T19:23:20.239+0000] {logging_mixin.py:188} INFO - [2026-05-19T19:23:20.239+0000] {dag.py:3834} INFO - Setting next_dagrun for example_subdag_operator.section-2 to None, run_after=None
[2026-05-19T19:23:20.253+0000] {processor.py:183} INFO - Processing /home/airflow/.local/lib/python3.8/site-packages/airflow/example_dags/example_subdag_operator.py took 0.098 seconds
[2026-05-19T19:23:50.465+0000] {processor.py:161} INFO - Started process (PID=8631) to work on /home/airflow/.local/lib/python3.8/site-packages/airflow/example_dags/example_subdag_operator.py
[2026-05-19T19:23:50.469+0000] {processor.py:830} INFO - Processing file /home/airflow/.local/lib/python3.8/site-packages/airflow/example_dags/example_subdag_operator.py for tasks to queue
[2026-05-19T19:23:50.475+0000] {logging_mixin.py:188} INFO - [2026-05-19T19:23:50.474+0000] {dagbag.py:540} INFO - Filling up the DagBag from /home/airflow/.local/lib/python3.8/site-packages/airflow/example_dags/example_subdag_operator.py
[2026-05-19T19:23:50.538+0000] {processor.py:840} INFO - DAG(s) 'example_subdag_operator.section-1', 'example_subdag_operator.section-2', 'example_subdag_operator' retrieved from /home/airflow/.local/lib/python3.8/site-packages/airflow/example_dags/example_subdag_operator.py
[2026-05-19T19:23:50.575+0000] {logging_mixin.py:188} INFO - [2026-05-19T19:23:50.574+0000] {dag.py:3047} INFO - Sync 3 DAGs
[2026-05-19T19:23:50.619+0000] {logging_mixin.py:188} INFO - [2026-05-19T19:23:50.619+0000] {dag.py:3834} INFO - Setting next_dagrun for example_subdag_operator to 2022-01-01 00:00:00+00:00, run_after=2022-01-01 00:00:00+00:00
[2026-05-19T19:23:50.629+0000] {logging_mixin.py:188} INFO - [2026-05-19T19:23:50.629+0000] {dag.py:3834} INFO - Setting next_dagrun for example_subdag_operator.section-1 to None, run_after=None
[2026-05-19T19:23:50.633+0000] {logging_mixin.py:188} INFO - [2026-05-19T19:23:50.633+0000] {dag.py:3834} INFO - Setting next_dagrun for example_subdag_operator.section-2 to None, run_after=None
[2026-05-19T19:23:50.651+0000] {logging_mixin.py:188} INFO - [2026-05-19T19:23:50.650+0000] {dag.py:3047} INFO - Sync 2 DAGs
[2026-05-19T19:23:50.661+0000] {logging_mixin.py:188} INFO - [2026-05-19T19:23:50.661+0000] {dag.py:3834} INFO - Setting next_dagrun for example_subdag_operator.section-1 to None, run_after=None
[2026-05-19T19:23:50.664+0000] {logging_mixin.py:188} INFO - [2026-05-19T19:23:50.663+0000] {dag.py:3834} INFO - Setting next_dagrun for example_subdag_operator.section-2 to None, run_after=None
[2026-05-19T19:23:50.690+0000] {processor.py:183} INFO - Processing /home/airflow/.local/lib/python3.8/site-packages/airflow/example_dags/example_subdag_operator.py took 0.236 seconds
[2026-05-19T19:24:20.853+0000] {processor.py:161} INFO - Started process (PID=8685) to work on /home/airflow/.local/lib/python3.8/site-packages/airflow/example_dags/example_subdag_operator.py
[2026-05-19T19:24:20.855+0000] {processor.py:830} INFO - Processing file /home/airflow/.local/lib/python3.8/site-packages/airflow/example_dags/example_subdag_operator.py for tasks to queue
[2026-05-19T19:24:20.860+0000] {logging_mixin.py:188} INFO - [2026-05-19T19:24:20.859+0000] {dagbag.py:540} INFO - Filling up the DagBag from /home/airflow/.local/lib/python3.8/site-packages/airflow/example_dags/example_subdag_operator.py
[2026-05-19T19:24:20.919+0000] {processor.py:840} INFO - DAG(s) 'example_subdag_operator.section-1', 'example_subdag_operator.section-2', 'example_subdag_operator' retrieved from /home/airflow/.local/lib/python3.8/site-packages/airflow/example_dags/example_subdag_operator.py
[2026-05-19T19:24:20.951+0000] {logging_mixin.py:188} INFO - [2026-05-19T19:24:20.951+0000] {dag.py:3047} INFO - Sync 3 DAGs
[2026-05-19T19:24:20.990+0000] {logging_mixin.py:188} INFO - [2026-05-19T19:24:20.989+0000] {dag.py:3834} INFO - Setting next_dagrun for example_subdag_operator to 2022-01-01 00:00:00+00:00, run_after=2022-01-01 00:00:00+00:00
[2026-05-19T19:24:20.999+0000] {logging_mixin.py:188} INFO - [2026-05-19T19:24:20.998+0000] {dag.py:3834} INFO - Setting next_dagrun for example_subdag_operator.section-1 to None, run_after=None
[2026-05-19T19:24:21.002+0000] {logging_mixin.py:188} INFO - [2026-05-19T19:24:21.002+0000] {dag.py:3834} INFO - Setting next_dagrun for example_subdag_operator.section-2 to None, run_after=None
[2026-05-19T19:24:21.015+0000] {logging_mixin.py:188} INFO - [2026-05-19T19:24:21.015+0000] {dag.py:3047} INFO - Sync 2 DAGs
[2026-05-19T19:24:21.029+0000] {logging_mixin.py:188} INFO - [2026-05-19T19:24:21.029+0000] {dag.py:3834} INFO - Setting next_dagrun for example_subdag_operator.section-1 to None, run_after=None
[2026-05-19T19:24:21.031+0000] {logging_mixin.py:188} INFO - [2026-05-19T19:24:21.030+0000] {dag.py:3834} INFO - Setting next_dagrun for example_subdag_operator.section-2 to None, run_after=None
[2026-05-19T19:24:21.076+0000] {processor.py:183} INFO - Processing /home/airflow/.local/lib/python3.8/site-packages/airflow/example_dags/example_subdag_operator.py took 0.230 seconds
[2026-05-19T19:24:51.299+0000] {processor.py:161} INFO - Started process (PID=8740) to work on /home/airflow/.local/lib/python3.8/site-packages/airflow/example_dags/example_subdag_operator.py
[2026-05-19T19:24:51.301+0000] {processor.py:830} INFO - Processing file /home/airflow/.local/lib/python3.8/site-packages/airflow/example_dags/example_subdag_operator.py for tasks to queue
[2026-05-19T19:24:51.311+0000] {logging_mixin.py:188} INFO - [2026-05-19T19:24:51.311+0000] {dagbag.py:540} INFO - Filling up the DagBag from /home/airflow/.local/lib/python3.8/site-packages/airflow/example_dags/example_subdag_operator.py
[2026-05-19T19:24:51.385+0000] {processor.py:840} INFO - DAG(s) 'example_subdag_operator.section-1', 'example_subdag_operator.section-2', 'example_subdag_operator' retrieved from /home/airflow/.local/lib/python3.8/site-packages/airflow/example_dags/example_subdag_operator.py
[2026-05-19T19:24:51.412+0000] {logging_mixin.py:188} INFO - [2026-05-19T19:24:51.411+0000] {dag.py:3047} INFO - Sync 3 DAGs
[2026-05-19T19:24:51.442+0000] {logging_mixin.py:188} INFO - [2026-05-19T19:24:51.442+0000] {dag.py:3834} INFO - Setting next_dagrun for example_subdag_operator to 2022-01-01 00:00:00+00:00, run_after=2022-01-01 00:00:00+00:00
[2026-05-19T19:24:51.451+0000] {logging_mixin.py:188} INFO - [2026-05-19T19:24:51.451+0000] {dag.py:3834} INFO - Setting next_dagrun for example_subdag_operator.section-1 to None, run_after=None
[2026-05-19T19:24:51.454+0000] {logging_mixin.py:188} INFO - [2026-05-19T19:24:51.453+0000] {dag.py:3834} INFO - Setting next_dagrun for example_subdag_operator.section-2 to None, run_after=None
[2026-05-19T19:24:51.468+0000] {logging_mixin.py:188} INFO - [2026-05-19T19:24:51.467+0000] {dag.py:3047} INFO - Sync 2 DAGs
[2026-05-19T19:24:51.478+0000] {logging_mixin.py:188} INFO - [2026-05-19T19:24:51.477+0000] {dag.py:3834} INFO - Setting next_dagrun for example_subdag_operator.section-1 to None, run_after=None
[2026-05-19T19:24:51.479+0000] {logging_mixin.py:188} INFO - [2026-05-19T19:24:51.479+0000] {dag.py:3834} INFO - Setting next_dagrun for example_subdag_operator.section-2 to None, run_after=None
[2026-05-19T19:24:51.500+0000] {processor.py:183} INFO - Processing /home/airflow/.local/lib/python3.8/site-packages/airflow/example_dags/example_subdag_operator.py took 0.206 seconds
[2026-05-19T19:25:21.796+0000] {processor.py:161} INFO - Started process (PID=8795) to work on /home/airflow/.local/lib/python3.8/site-packages/airflow/example_dags/example_subdag_operator.py
[2026-05-19T19:25:21.798+0000] {processor.py:830} INFO - Processing file /home/airflow/.local/lib/python3.8/site-packages/airflow/example_dags/example_subdag_operator.py for tasks to queue
[2026-05-19T19:25:21.801+0000] {logging_mixin.py:188} INFO - [2026-05-19T19:25:21.801+0000] {dagbag.py:540} INFO - Filling up the DagBag from /home/airflow/.local/lib/python3.8/site-packages/airflow/example_dags/example_subdag_operator.py
[2026-05-19T19:25:21.835+0000] {processor.py:840} INFO - DAG(s) 'example_subdag_operator.section-1', 'example_subdag_operator.section-2', 'example_subdag_operator' retrieved from /home/airflow/.local/lib/python3.8/site-packages/airflow/example_dags/example_subdag_operator.py
[2026-05-19T19:25:21.854+0000] {logging_mixin.py:188} INFO - [2026-05-19T19:25:21.853+0000] {dag.py:3047} INFO - Sync 3 DAGs
[2026-05-19T19:25:21.899+0000] {logging_mixin.py:188} INFO - [2026-05-19T19:25:21.898+0000] {dag.py:3834} INFO - Setting next_dagrun for example_subdag_operator to 2022-01-01 00:00:00+00:00, run_after=2022-01-01 00:00:00+00:00
[2026-05-19T19:25:21.928+0000] {logging_mixin.py:188} INFO - [2026-05-19T19:25:21.928+0000] {dag.py:3834} INFO - Setting next_dagrun for example_subdag_operator.section-1 to None, run_after=None
[2026-05-19T19:25:21.946+0000] {logging_mixin.py:188} INFO - [2026-05-19T19:25:21.946+0000] {dag.py:3834} INFO - Setting next_dagrun for example_subdag_operator.section-2 to None, run_after=None
[2026-05-19T19:25:21.971+0000] {logging_mixin.py:188} INFO - [2026-05-19T19:25:21.971+0000] {dag.py:3047} INFO - Sync 2 DAGs
[2026-05-19T19:25:21.987+0000] {logging_mixin.py:188} INFO - [2026-05-19T19:25:21.986+0000] {dag.py:3834} INFO - Setting next_dagrun for example_subdag_operator.section-1 to None, run_after=None
[2026-05-19T19:25:21.994+0000] {logging_mixin.py:188} INFO - [2026-05-19T19:25:21.994+0000] {dag.py:3834} INFO - Setting next_dagrun for example_subdag_operator.section-2 to None, run_after=None
[2026-05-19T19:25:22.025+0000] {processor.py:183} INFO - Processing /home/airflow/.local/lib/python3.8/site-packages/airflow/example_dags/example_subdag_operator.py took 0.234 seconds
[2026-05-19T19:25:52.547+0000] {processor.py:161} INFO - Started process (PID=8851) to work on /home/airflow/.local/lib/python3.8/site-packages/airflow/example_dags/example_subdag_operator.py
[2026-05-19T19:25:52.549+0000] {processor.py:830} INFO - Processing file /home/airflow/.local/lib/python3.8/site-packages/airflow/example_dags/example_subdag_operator.py for tasks to queue
[2026-05-19T19:25:52.553+0000] {logging_mixin.py:188} INFO - [2026-05-19T19:25:52.553+0000] {dagbag.py:540} INFO - Filling up the DagBag from /home/airflow/.local/lib/python3.8/site-packages/airflow/example_dags/example_subdag_operator.py
[2026-05-19T19:25:52.622+0000] {processor.py:840} INFO - DAG(s) 'example_subdag_operator.section-1', 'example_subdag_operator.section-2', 'example_subdag_operator' retrieved from /home/airflow/.local/lib/python3.8/site-packages/airflow/example_dags/example_subdag_operator.py
[2026-05-19T19:25:52.660+0000] {logging_mixin.py:188} INFO - [2026-05-19T19:25:52.660+0000] {dag.py:3047} INFO - Sync 3 DAGs
[2026-05-19T19:25:52.705+0000] {logging_mixin.py:188} INFO - [2026-05-19T19:25:52.705+0000] {dag.py:3834} INFO - Setting next_dagrun for example_subdag_operator to 2022-01-01 00:00:00+00:00, run_after=2022-01-01 00:00:00+00:00
[2026-05-19T19:25:52.714+0000] {logging_mixin.py:188} INFO - [2026-05-19T19:25:52.713+0000] {dag.py:3834} INFO - Setting next_dagrun for example_subdag_operator.section-1 to None, run_after=None
[2026-05-19T19:25:52.717+0000] {logging_mixin.py:188} INFO - [2026-05-19T19:25:52.717+0000] {dag.py:3834} INFO - Setting next_dagrun for example_subdag_operator.section-2 to None, run_after=None
[2026-05-19T19:25:52.731+0000] {logging_mixin.py:188} INFO - [2026-05-19T19:25:52.730+0000] {dag.py:3047} INFO - Sync 2 DAGs
[2026-05-19T19:25:52.742+0000] {logging_mixin.py:188} INFO - [2026-05-19T19:25:52.742+0000] {dag.py:3834} INFO - Setting next_dagrun for example_subdag_operator.section-1 to None, run_after=None
[2026-05-19T19:25:52.744+0000] {logging_mixin.py:188} INFO - [2026-05-19T19:25:52.744+0000] {dag.py:3834} INFO - Setting next_dagrun for example_subdag_operator.section-2 to None, run_after=None
[2026-05-19T19:25:52.767+0000] {processor.py:183} INFO - Processing /home/airflow/.local/lib/python3.8/site-packages/airflow/example_dags/example_subdag_operator.py took 0.226 seconds
[2026-05-19T19:26:22.855+0000] {processor.py:161} INFO - Started process (PID=8906) to work on /home/airflow/.local/lib/python3.8/site-packages/airflow/example_dags/example_subdag_operator.py
[2026-05-19T19:26:22.858+0000] {processor.py:830} INFO - Processing file /home/airflow/.local/lib/python3.8/site-packages/airflow/example_dags/example_subdag_operator.py for tasks to queue
[2026-05-19T19:26:22.863+0000] {logging_mixin.py:188} INFO - [2026-05-19T19:26:22.862+0000] {dagbag.py:540} INFO - Filling up the DagBag from /home/airflow/.local/lib/python3.8/site-packages/airflow/example_dags/example_subdag_operator.py
[2026-05-19T19:26:22.913+0000] {processor.py:840} INFO - DAG(s) 'example_subdag_operator.section-1', 'example_subdag_operator.section-2', 'example_subdag_operator' retrieved from /home/airflow/.local/lib/python3.8/site-packages/airflow/example_dags/example_subdag_operator.py
[2026-05-19T19:26:22.939+0000] {logging_mixin.py:188} INFO - [2026-05-19T19:26:22.938+0000] {dag.py:3047} INFO - Sync 3 DAGs
[2026-05-19T19:26:22.975+0000] {logging_mixin.py:188} INFO - [2026-05-19T19:26:22.975+0000] {dag.py:3834} INFO - Setting next_dagrun for example_subdag_operator to 2022-01-01 00:00:00+00:00, run_after=2022-01-01 00:00:00+00:00
[2026-05-19T19:26:22.982+0000] {logging_mixin.py:188} INFO - [2026-05-19T19:26:22.982+0000] {dag.py:3834} INFO - Setting next_dagrun for example_subdag_operator.section-1 to None, run_after=None
[2026-05-19T19:26:22.985+0000] {logging_mixin.py:188} INFO - [2026-05-19T19:26:22.985+0000] {dag.py:3834} INFO - Setting next_dagrun for example_subdag_operator.section-2 to None, run_after=None
[2026-05-19T19:26:22.997+0000] {logging_mixin.py:188} INFO - [2026-05-19T19:26:22.997+0000] {dag.py:3047} INFO - Sync 2 DAGs
[2026-05-19T19:26:23.007+0000] {logging_mixin.py:188} INFO - [2026-05-19T19:26:23.006+0000] {dag.py:3834} INFO - Setting next_dagrun for example_subdag_operator.section-1 to None, run_after=None
[2026-05-19T19:26:23.008+0000] {logging_mixin.py:188} INFO - [2026-05-19T19:26:23.008+0000] {dag.py:3834} INFO - Setting next_dagrun for example_subdag_operator.section-2 to None, run_after=None
[2026-05-19T19:26:23.034+0000] {processor.py:183} INFO - Processing /home/airflow/.local/lib/python3.8/site-packages/airflow/example_dags/example_subdag_operator.py took 0.187 seconds
[2026-05-19T19:26:54.210+0000] {processor.py:161} INFO - Started process (PID=8959) to work on /home/airflow/.local/lib/python3.8/site-packages/airflow/example_dags/example_subdag_operator.py
[2026-05-19T19:26:54.213+0000] {processor.py:830} INFO - Processing file /home/airflow/.local/lib/python3.8/site-packages/airflow/example_dags/example_subdag_operator.py for tasks to queue
[2026-05-19T19:26:54.222+0000] {logging_mixin.py:188} INFO - [2026-05-19T19:26:54.221+0000] {dagbag.py:540} INFO - Filling up the DagBag from /home/airflow/.local/lib/python3.8/site-packages/airflow/example_dags/example_subdag_operator.py
[2026-05-19T19:26:54.299+0000] {processor.py:840} INFO - DAG(s) 'example_subdag_operator.section-1', 'example_subdag_operator.section-2', 'example_subdag_operator' retrieved from /home/airflow/.local/lib/python3.8/site-packages/airflow/example_dags/example_subdag_operator.py
[2026-05-19T19:26:54.338+0000] {logging_mixin.py:188} INFO - [2026-05-19T19:26:54.338+0000] {dag.py:3047} INFO - Sync 3 DAGs
[2026-05-19T19:26:54.382+0000] {logging_mixin.py:188} INFO - [2026-05-19T19:26:54.381+0000] {dag.py:3834} INFO - Setting next_dagrun for example_subdag_operator to 2022-01-01 00:00:00+00:00, run_after=2022-01-01 00:00:00+00:00
[2026-05-19T19:26:54.391+0000] {logging_mixin.py:188} INFO - [2026-05-19T19:26:54.391+0000] {dag.py:3834} INFO - Setting next_dagrun for example_subdag_operator.section-1 to None, run_after=None
[2026-05-19T19:26:54.396+0000] {logging_mixin.py:188} INFO - [2026-05-19T19:26:54.395+0000] {dag.py:3834} INFO - Setting next_dagrun for example_subdag_operator.section-2 to None, run_after=None
[2026-05-19T19:26:54.416+0000] {logging_mixin.py:188} INFO - [2026-05-19T19:26:54.415+0000] {dag.py:3047} INFO - Sync 2 DAGs
[2026-05-19T19:26:54.430+0000] {logging_mixin.py:188} INFO - [2026-05-19T19:26:54.429+0000] {dag.py:3834} INFO - Setting next_dagrun for example_subdag_operator.section-1 to None, run_after=None
[2026-05-19T19:26:54.431+0000] {logging_mixin.py:188} INFO - [2026-05-19T19:26:54.431+0000] {dag.py:3834} INFO - Setting next_dagrun for example_subdag_operator.section-2 to None, run_after=None
[2026-05-19T19:26:54.469+0000] {processor.py:183} INFO - Processing /home/airflow/.local/lib/python3.8/site-packages/airflow/example_dags/example_subdag_operator.py took 0.271 seconds
[2026-05-19T19:27:24.779+0000] {processor.py:161} INFO - Started process (PID=9014) to work on /home/airflow/.local/lib/python3.8/site-packages/airflow/example_dags/example_subdag_operator.py
[2026-05-19T19:27:24.781+0000] {processor.py:830} INFO - Processing file /home/airflow/.local/lib/python3.8/site-packages/airflow/example_dags/example_subdag_operator.py for tasks to queue
[2026-05-19T19:27:24.785+0000] {logging_mixin.py:188} INFO - [2026-05-19T19:27:24.784+0000] {dagbag.py:540} INFO - Filling up the DagBag from /home/airflow/.local/lib/python3.8/site-packages/airflow/example_dags/example_subdag_operator.py
[2026-05-19T19:27:24.829+0000] {processor.py:840} INFO - DAG(s) 'example_subdag_operator.section-1', 'example_subdag_operator.section-2', 'example_subdag_operator' retrieved from /home/airflow/.local/lib/python3.8/site-packages/airflow/example_dags/example_subdag_operator.py
[2026-05-19T19:27:24.861+0000] {logging_mixin.py:188} INFO - [2026-05-19T19:27:24.860+0000] {dag.py:3047} INFO - Sync 3 DAGs
[2026-05-19T19:27:24.905+0000] {logging_mixin.py:188} INFO - [2026-05-19T19:27:24.904+0000] {dag.py:3834} INFO - Setting next_dagrun for example_subdag_operator to 2022-01-01 00:00:00+00:00, run_after=2022-01-01 00:00:00+00:00
[2026-05-19T19:27:24.917+0000] {logging_mixin.py:188} INFO - [2026-05-19T19:27:24.917+0000] {dag.py:3834} INFO - Setting next_dagrun for example_subdag_operator.section-1 to None, run_after=None
[2026-05-19T19:27:24.925+0000] {logging_mixin.py:188} INFO - [2026-05-19T19:27:24.924+0000] {dag.py:3834} INFO - Setting next_dagrun for example_subdag_operator.section-2 to None, run_after=None
[2026-05-19T19:27:24.949+0000] {logging_mixin.py:188} INFO - [2026-05-19T19:27:24.948+0000] {dag.py:3047} INFO - Sync 2 DAGs
[2026-05-19T19:27:24.963+0000] {logging_mixin.py:188} INFO - [2026-05-19T19:27:24.963+0000] {dag.py:3834} INFO - Setting next_dagrun for example_subdag_operator.section-1 to None, run_after=None
[2026-05-19T19:27:24.965+0000] {logging_mixin.py:188} INFO - [2026-05-19T19:27:24.964+0000] {dag.py:3834} INFO - Setting next_dagrun for example_subdag_operator.section-2 to None, run_after=None
[2026-05-19T19:27:24.995+0000] {processor.py:183} INFO - Processing /home/airflow/.local/lib/python3.8/site-packages/airflow/example_dags/example_subdag_operator.py took 0.221 seconds
[2026-05-19T19:27:55.095+0000] {processor.py:161} INFO - Started process (PID=9069) to work on /home/airflow/.local/lib/python3.8/site-packages/airflow/example_dags/example_subdag_operator.py
[2026-05-19T19:27:55.108+0000] {processor.py:830} INFO - Processing file /home/airflow/.local/lib/python3.8/site-packages/airflow/example_dags/example_subdag_operator.py for tasks to queue
[2026-05-19T19:27:55.134+0000] {logging_mixin.py:188} INFO - [2026-05-19T19:27:55.134+0000] {dagbag.py:540} INFO - Filling up the DagBag from /home/airflow/.local/lib/python3.8/site-packages/airflow/example_dags/example_subdag_operator.py
[2026-05-19T19:27:55.204+0000] {processor.py:840} INFO - DAG(s) 'example_subdag_operator.section-1', 'example_subdag_operator.section-2', 'example_subdag_operator' retrieved from /home/airflow/.local/lib/python3.8/site-packages/airflow/example_dags/example_subdag_operator.py
[2026-05-19T19:27:55.227+0000] {logging_mixin.py:188} INFO - [2026-05-19T19:27:55.227+0000] {dag.py:3047} INFO - Sync 3 DAGs
[2026-05-19T19:27:55.262+0000] {logging_mixin.py:188} INFO - [2026-05-19T19:27:55.261+0000] {dag.py:3834} INFO - Setting next_dagrun for example_subdag_operator to 2022-01-01 00:00:00+00:00, run_after=2022-01-01 00:00:00+00:00
[2026-05-19T19:27:55.268+0000] {logging_mixin.py:188} INFO - [2026-05-19T19:27:55.267+0000] {dag.py:3834} INFO - Setting next_dagrun for example_subdag_operator.section-1 to None, run_after=None
[2026-05-19T19:27:55.271+0000] {logging_mixin.py:188} INFO - [2026-05-19T19:27:55.271+0000] {dag.py:3834} INFO - Setting next_dagrun for example_subdag_operator.section-2 to None, run_after=None
[2026-05-19T19:27:55.283+0000] {logging_mixin.py:188} INFO - [2026-05-19T19:27:55.282+0000] {dag.py:3047} INFO - Sync 2 DAGs
[2026-05-19T19:27:55.291+0000] {logging_mixin.py:188} INFO - [2026-05-19T19:27:55.291+0000] {dag.py:3834} INFO - Setting next_dagrun for example_subdag_operator.section-1 to None, run_after=None
[2026-05-19T19:27:55.293+0000] {logging_mixin.py:188} INFO - [2026-05-19T19:27:55.292+0000] {dag.py:3834} INFO - Setting next_dagrun for example_subdag_operator.section-2 to None, run_after=None
[2026-05-19T19:27:55.317+0000] {processor.py:183} INFO - Processing /home/airflow/.local/lib/python3.8/site-packages/airflow/example_dags/example_subdag_operator.py took 0.228 seconds
[2026-05-19T19:28:25.456+0000] {processor.py:161} INFO - Started process (PID=9124) to work on /home/airflow/.local/lib/python3.8/site-packages/airflow/example_dags/example_subdag_operator.py
[2026-05-19T19:28:25.460+0000] {processor.py:830} INFO - Processing file /home/airflow/.local/lib/python3.8/site-packages/airflow/example_dags/example_subdag_operator.py for tasks to queue
[2026-05-19T19:28:25.465+0000] {logging_mixin.py:188} INFO - [2026-05-19T19:28:25.464+0000] {dagbag.py:540} INFO - Filling up the DagBag from /home/airflow/.local/lib/python3.8/site-packages/airflow/example_dags/example_subdag_operator.py
[2026-05-19T19:28:25.506+0000] {processor.py:840} INFO - DAG(s) 'example_subdag_operator.section-1', 'example_subdag_operator.section-2', 'example_subdag_operator' retrieved from /home/airflow/.local/lib/python3.8/site-packages/airflow/example_dags/example_subdag_operator.py
[2026-05-19T19:28:25.529+0000] {logging_mixin.py:188} INFO - [2026-05-19T19:28:25.529+0000] {dag.py:3047} INFO - Sync 3 DAGs
[2026-05-19T19:28:25.572+0000] {logging_mixin.py:188} INFO - [2026-05-19T19:28:25.571+0000] {dag.py:3834} INFO - Setting next_dagrun for example_subdag_operator to 2022-01-01 00:00:00+00:00, run_after=2022-01-01 00:00:00+00:00
[2026-05-19T19:28:25.580+0000] {logging_mixin.py:188} INFO - [2026-05-19T19:28:25.580+0000] {dag.py:3834} INFO - Setting next_dagrun for example_subdag_operator.section-1 to None, run_after=None
[2026-05-19T19:28:25.583+0000] {logging_mixin.py:188} INFO - [2026-05-19T19:28:25.583+0000] {dag.py:3834} INFO - Setting next_dagrun for example_subdag_operator.section-2 to None, run_after=None
[2026-05-19T19:28:25.599+0000] {logging_mixin.py:188} INFO - [2026-05-19T19:28:25.598+0000] {dag.py:3047} INFO - Sync 2 DAGs
[2026-05-19T19:28:25.612+0000] {logging_mixin.py:188} INFO - [2026-05-19T19:28:25.612+0000] {dag.py:3834} INFO - Setting next_dagrun for example_subdag_operator.section-1 to None, run_after=None
[2026-05-19T19:28:25.614+0000] {logging_mixin.py:188} INFO - [2026-05-19T19:28:25.614+0000] {dag.py:3834} INFO - Setting next_dagrun for example_subdag_operator.section-2 to None, run_after=None
[2026-05-19T19:28:25.647+0000] {processor.py:183} INFO - Processing /home/airflow/.local/lib/python3.8/site-packages/airflow/example_dags/example_subdag_operator.py took 0.198 seconds
[2026-05-19T19:28:55.760+0000] {processor.py:161} INFO - Started process (PID=9179) to work on /home/airflow/.local/lib/python3.8/site-packages/airflow/example_dags/example_subdag_operator.py
[2026-05-19T19:28:55.761+0000] {processor.py:830} INFO - Processing file /home/airflow/.local/lib/python3.8/site-packages/airflow/example_dags/example_subdag_operator.py for tasks to queue
[2026-05-19T19:28:55.763+0000] {logging_mixin.py:188} INFO - [2026-05-19T19:28:55.763+0000] {dagbag.py:540} INFO - Filling up the DagBag from /home/airflow/.local/lib/python3.8/site-packages/airflow/example_dags/example_subdag_operator.py
[2026-05-19T19:28:55.785+0000] {processor.py:840} INFO - DAG(s) 'example_subdag_operator.section-1', 'example_subdag_operator.section-2', 'example_subdag_operator' retrieved from /home/airflow/.local/lib/python3.8/site-packages/airflow/example_dags/example_subdag_operator.py
[2026-05-19T19:28:55.798+0000] {logging_mixin.py:188} INFO - [2026-05-19T19:28:55.798+0000] {dag.py:3047} INFO - Sync 3 DAGs
[2026-05-19T19:28:55.816+0000] {logging_mixin.py:188} INFO - [2026-05-19T19:28:55.816+0000] {dag.py:3834} INFO - Setting next_dagrun for example_subdag_operator to 2022-01-01 00:00:00+00:00, run_after=2022-01-01 00:00:00+00:00
[2026-05-19T19:28:55.820+0000] {logging_mixin.py:188} INFO - [2026-05-19T19:28:55.820+0000] {dag.py:3834} INFO - Setting next_dagrun for example_subdag_operator.section-1 to None, run_after=None
[2026-05-19T19:28:55.822+0000] {logging_mixin.py:188} INFO - [2026-05-19T19:28:55.822+0000] {dag.py:3834} INFO - Setting next_dagrun for example_subdag_operator.section-2 to None, run_after=None
[2026-05-19T19:28:55.828+0000] {logging_mixin.py:188} INFO - [2026-05-19T19:28:55.828+0000] {dag.py:3047} INFO - Sync 2 DAGs
[2026-05-19T19:28:55.833+0000] {logging_mixin.py:188} INFO - [2026-05-19T19:28:55.833+0000] {dag.py:3834} INFO - Setting next_dagrun for example_subdag_operator.section-1 to None, run_after=None
[2026-05-19T19:28:55.834+0000] {logging_mixin.py:188} INFO - [2026-05-19T19:28:55.833+0000] {dag.py:3834} INFO - Setting next_dagrun for example_subdag_operator.section-2 to None, run_after=None
[2026-05-19T19:28:55.848+0000] {processor.py:183} INFO - Processing /home/airflow/.local/lib/python3.8/site-packages/airflow/example_dags/example_subdag_operator.py took 0.092 seconds
[2026-05-19T19:29:26.745+0000] {processor.py:161} INFO - Started process (PID=9234) to work on /home/airflow/.local/lib/python3.8/site-packages/airflow/example_dags/example_subdag_operator.py
[2026-05-19T19:29:26.747+0000] {processor.py:830} INFO - Processing file /home/airflow/.local/lib/python3.8/site-packages/airflow/example_dags/example_subdag_operator.py for tasks to queue
[2026-05-19T19:29:26.751+0000] {logging_mixin.py:188} INFO - [2026-05-19T19:29:26.750+0000] {dagbag.py:540} INFO - Filling up the DagBag from /home/airflow/.local/lib/python3.8/site-packages/airflow/example_dags/example_subdag_operator.py
[2026-05-19T19:29:26.792+0000] {processor.py:840} INFO - DAG(s) 'example_subdag_operator.section-1', 'example_subdag_operator.section-2', 'example_subdag_operator' retrieved from /home/airflow/.local/lib/python3.8/site-packages/airflow/example_dags/example_subdag_operator.py
[2026-05-19T19:29:26.817+0000] {logging_mixin.py:188} INFO - [2026-05-19T19:29:26.816+0000] {dag.py:3047} INFO - Sync 3 DAGs
[2026-05-19T19:29:26.848+0000] {logging_mixin.py:188} INFO - [2026-05-19T19:29:26.848+0000] {dag.py:3834} INFO - Setting next_dagrun for example_subdag_operator to 2022-01-01 00:00:00+00:00, run_after=2022-01-01 00:00:00+00:00
[2026-05-19T19:29:26.856+0000] {logging_mixin.py:188} INFO - [2026-05-19T19:29:26.855+0000] {dag.py:3834} INFO - Setting next_dagrun for example_subdag_operator.section-1 to None, run_after=None
[2026-05-19T19:29:26.858+0000] {logging_mixin.py:188} INFO - [2026-05-19T19:29:26.858+0000] {dag.py:3834} INFO - Setting next_dagrun for example_subdag_operator.section-2 to None, run_after=None
[2026-05-19T19:29:26.869+0000] {logging_mixin.py:188} INFO - [2026-05-19T19:29:26.869+0000] {dag.py:3047} INFO - Sync 2 DAGs
[2026-05-19T19:29:26.878+0000] {logging_mixin.py:188} INFO - [2026-05-19T19:29:26.878+0000] {dag.py:3834} INFO - Setting next_dagrun for example_subdag_operator.section-1 to None, run_after=None
[2026-05-19T19:29:26.880+0000] {logging_mixin.py:188} INFO - [2026-05-19T19:29:26.879+0000] {dag.py:3834} INFO - Setting next_dagrun for example_subdag_operator.section-2 to None, run_after=None
[2026-05-19T19:29:26.903+0000] {processor.py:183} INFO - Processing /home/airflow/.local/lib/python3.8/site-packages/airflow/example_dags/example_subdag_operator.py took 0.163 seconds
[2026-05-19T19:29:57.953+0000] {processor.py:161} INFO - Started process (PID=9289) to work on /home/airflow/.local/lib/python3.8/site-packages/airflow/example_dags/example_subdag_operator.py
[2026-05-19T19:29:57.958+0000] {processor.py:830} INFO - Processing file /home/airflow/.local/lib/python3.8/site-packages/airflow/example_dags/example_subdag_operator.py for tasks to queue
[2026-05-19T19:29:57.964+0000] {logging_mixin.py:188} INFO - [2026-05-19T19:29:57.963+0000] {dagbag.py:540} INFO - Filling up the DagBag from /home/airflow/.local/lib/python3.8/site-packages/airflow/example_dags/example_subdag_operator.py
[2026-05-19T19:29:58.088+0000] {processor.py:840} INFO - DAG(s) 'example_subdag_operator.section-1', 'example_subdag_operator.section-2', 'example_subdag_operator' retrieved from /home/airflow/.local/lib/python3.8/site-packages/airflow/example_dags/example_subdag_operator.py
[2026-05-19T19:29:58.186+0000] {logging_mixin.py:188} INFO - [2026-05-19T19:29:58.181+0000] {dag.py:3047} INFO - Sync 3 DAGs
[2026-05-19T19:29:58.279+0000] {logging_mixin.py:188} INFO - [2026-05-19T19:29:58.278+0000] {dag.py:3834} INFO - Setting next_dagrun for example_subdag_operator to 2022-01-01 00:00:00+00:00, run_after=2022-01-01 00:00:00+00:00
[2026-05-19T19:29:58.295+0000] {logging_mixin.py:188} INFO - [2026-05-19T19:29:58.294+0000] {dag.py:3834} INFO - Setting next_dagrun for example_subdag_operator.section-1 to None, run_after=None
[2026-05-19T19:29:58.301+0000] {logging_mixin.py:188} INFO - [2026-05-19T19:29:58.300+0000] {dag.py:3834} INFO - Setting next_dagrun for example_subdag_operator.section-2 to None, run_after=None
[2026-05-19T19:29:58.327+0000] {logging_mixin.py:188} INFO - [2026-05-19T19:29:58.326+0000] {dag.py:3047} INFO - Sync 2 DAGs
[2026-05-19T19:29:58.343+0000] {logging_mixin.py:188} INFO - [2026-05-19T19:29:58.342+0000] {dag.py:3834} INFO - Setting next_dagrun for example_subdag_operator.section-1 to None, run_after=None
[2026-05-19T19:29:58.345+0000] {logging_mixin.py:188} INFO - [2026-05-19T19:29:58.344+0000] {dag.py:3834} INFO - Setting next_dagrun for example_subdag_operator.section-2 to None, run_after=None
[2026-05-19T19:29:58.397+0000] {processor.py:183} INFO - Processing /home/airflow/.local/lib/python3.8/site-packages/airflow/example_dags/example_subdag_operator.py took 0.460 seconds
[2026-05-19T19:30:28.686+0000] {processor.py:161} INFO - Started process (PID=9344) to work on /home/airflow/.local/lib/python3.8/site-packages/airflow/example_dags/example_subdag_operator.py
[2026-05-19T19:30:28.688+0000] {processor.py:830} INFO - Processing file /home/airflow/.local/lib/python3.8/site-packages/airflow/example_dags/example_subdag_operator.py for tasks to queue
[2026-05-19T19:30:28.691+0000] {logging_mixin.py:188} INFO - [2026-05-19T19:30:28.690+0000] {dagbag.py:540} INFO - Filling up the DagBag from /home/airflow/.local/lib/python3.8/site-packages/airflow/example_dags/example_subdag_operator.py
[2026-05-19T19:30:28.728+0000] {processor.py:840} INFO - DAG(s) 'example_subdag_operator.section-1', 'example_subdag_operator.section-2', 'example_subdag_operator' retrieved from /home/airflow/.local/lib/python3.8/site-packages/airflow/example_dags/example_subdag_operator.py
[2026-05-19T19:30:28.751+0000] {logging_mixin.py:188} INFO - [2026-05-19T19:30:28.750+0000] {dag.py:3047} INFO - Sync 3 DAGs
[2026-05-19T19:30:28.782+0000] {logging_mixin.py:188} INFO - [2026-05-19T19:30:28.781+0000] {dag.py:3834} INFO - Setting next_dagrun for example_subdag_operator to 2022-01-01 00:00:00+00:00, run_after=2022-01-01 00:00:00+00:00
[2026-05-19T19:30:28.788+0000] {logging_mixin.py:188} INFO - [2026-05-19T19:30:28.788+0000] {dag.py:3834} INFO - Setting next_dagrun for example_subdag_operator.section-1 to None, run_after=None
[2026-05-19T19:30:28.791+0000] {logging_mixin.py:188} INFO - [2026-05-19T19:30:28.791+0000] {dag.py:3834} INFO - Setting next_dagrun for example_subdag_operator.section-2 to None, run_after=None
[2026-05-19T19:30:28.804+0000] {logging_mixin.py:188} INFO - [2026-05-19T19:30:28.804+0000] {dag.py:3047} INFO - Sync 2 DAGs
[2026-05-19T19:30:28.815+0000] {logging_mixin.py:188} INFO - [2026-05-19T19:30:28.814+0000] {dag.py:3834} INFO - Setting next_dagrun for example_subdag_operator.section-1 to None, run_after=None
[2026-05-19T19:30:28.816+0000] {logging_mixin.py:188} INFO - [2026-05-19T19:30:28.816+0000] {dag.py:3834} INFO - Setting next_dagrun for example_subdag_operator.section-2 to None, run_after=None
[2026-05-19T19:30:28.844+0000] {processor.py:183} INFO - Processing /home/airflow/.local/lib/python3.8/site-packages/airflow/example_dags/example_subdag_operator.py took 0.164 seconds
[2026-05-19T19:30:58.896+0000] {processor.py:161} INFO - Started process (PID=9399) to work on /home/airflow/.local/lib/python3.8/site-packages/airflow/example_dags/example_subdag_operator.py
[2026-05-19T19:30:58.898+0000] {processor.py:830} INFO - Processing file /home/airflow/.local/lib/python3.8/site-packages/airflow/example_dags/example_subdag_operator.py for tasks to queue
[2026-05-19T19:30:58.901+0000] {logging_mixin.py:188} INFO - [2026-05-19T19:30:58.901+0000] {dagbag.py:540} INFO - Filling up the DagBag from /home/airflow/.local/lib/python3.8/site-packages/airflow/example_dags/example_subdag_operator.py
[2026-05-19T19:30:58.935+0000] {processor.py:840} INFO - DAG(s) 'example_subdag_operator.section-1', 'example_subdag_operator.section-2', 'example_subdag_operator' retrieved from /home/airflow/.local/lib/python3.8/site-packages/airflow/example_dags/example_subdag_operator.py
[2026-05-19T19:30:58.956+0000] {logging_mixin.py:188} INFO - [2026-05-19T19:30:58.956+0000] {dag.py:3047} INFO - Sync 3 DAGs
[2026-05-19T19:30:58.987+0000] {logging_mixin.py:188} INFO - [2026-05-19T19:30:58.987+0000] {dag.py:3834} INFO - Setting next_dagrun for example_subdag_operator to 2022-01-01 00:00:00+00:00, run_after=2022-01-01 00:00:00+00:00
[2026-05-19T19:30:58.994+0000] {logging_mixin.py:188} INFO - [2026-05-19T19:30:58.993+0000] {dag.py:3834} INFO - Setting next_dagrun for example_subdag_operator.section-1 to None, run_after=None
[2026-05-19T19:30:58.996+0000] {logging_mixin.py:188} INFO - [2026-05-19T19:30:58.995+0000] {dag.py:3834} INFO - Setting next_dagrun for example_subdag_operator.section-2 to None, run_after=None
[2026-05-19T19:30:59.006+0000] {logging_mixin.py:188} INFO - [2026-05-19T19:30:59.005+0000] {dag.py:3047} INFO - Sync 2 DAGs
[2026-05-19T19:30:59.016+0000] {logging_mixin.py:188} INFO - [2026-05-19T19:30:59.015+0000] {dag.py:3834} INFO - Setting next_dagrun for example_subdag_operator.section-1 to None, run_after=None
[2026-05-19T19:30:59.018+0000] {logging_mixin.py:188} INFO - [2026-05-19T19:30:59.017+0000] {dag.py:3834} INFO - Setting next_dagrun for example_subdag_operator.section-2 to None, run_after=None
[2026-05-19T19:30:59.059+0000] {processor.py:183} INFO - Processing /home/airflow/.local/lib/python3.8/site-packages/airflow/example_dags/example_subdag_operator.py took 0.168 seconds
[2026-05-19T19:31:30.273+0000] {processor.py:161} INFO - Started process (PID=9454) to work on /home/airflow/.local/lib/python3.8/site-packages/airflow/example_dags/example_subdag_operator.py
[2026-05-19T19:31:30.276+0000] {processor.py:830} INFO - Processing file /home/airflow/.local/lib/python3.8/site-packages/airflow/example_dags/example_subdag_operator.py for tasks to queue
[2026-05-19T19:31:30.280+0000] {logging_mixin.py:188} INFO - [2026-05-19T19:31:30.279+0000] {dagbag.py:540} INFO - Filling up the DagBag from /home/airflow/.local/lib/python3.8/site-packages/airflow/example_dags/example_subdag_operator.py
[2026-05-19T19:31:30.326+0000] {processor.py:840} INFO - DAG(s) 'example_subdag_operator.section-1', 'example_subdag_operator.section-2', 'example_subdag_operator' retrieved from /home/airflow/.local/lib/python3.8/site-packages/airflow/example_dags/example_subdag_operator.py
[2026-05-19T19:31:30.346+0000] {logging_mixin.py:188} INFO - [2026-05-19T19:31:30.346+0000] {dag.py:3047} INFO - Sync 3 DAGs
[2026-05-19T19:31:30.391+0000] {logging_mixin.py:188} INFO - [2026-05-19T19:31:30.390+0000] {dag.py:3834} INFO - Setting next_dagrun for example_subdag_operator to 2022-01-01 00:00:00+00:00, run_after=2022-01-01 00:00:00+00:00
[2026-05-19T19:31:30.419+0000] {logging_mixin.py:188} INFO - [2026-05-19T19:31:30.419+0000] {dag.py:3834} INFO - Setting next_dagrun for example_subdag_operator.section-1 to None, run_after=None
[2026-05-19T19:31:30.433+0000] {logging_mixin.py:188} INFO - [2026-05-19T19:31:30.432+0000] {dag.py:3834} INFO - Setting next_dagrun for example_subdag_operator.section-2 to None, run_after=None
[2026-05-19T19:31:30.461+0000] {logging_mixin.py:188} INFO - [2026-05-19T19:31:30.460+0000] {dag.py:3047} INFO - Sync 2 DAGs
[2026-05-19T19:31:30.483+0000] {logging_mixin.py:188} INFO - [2026-05-19T19:31:30.482+0000] {dag.py:3834} INFO - Setting next_dagrun for example_subdag_operator.section-1 to None, run_after=None
[2026-05-19T19:31:30.491+0000] {logging_mixin.py:188} INFO - [2026-05-19T19:31:30.490+0000] {dag.py:3834} INFO - Setting next_dagrun for example_subdag_operator.section-2 to None, run_after=None
[2026-05-19T19:31:30.520+0000] {processor.py:183} INFO - Processing /home/airflow/.local/lib/python3.8/site-packages/airflow/example_dags/example_subdag_operator.py took 0.254 seconds
[2026-05-19T19:32:01.214+0000] {processor.py:161} INFO - Started process (PID=9509) to work on /home/airflow/.local/lib/python3.8/site-packages/airflow/example_dags/example_subdag_operator.py
[2026-05-19T19:32:01.216+0000] {processor.py:830} INFO - Processing file /home/airflow/.local/lib/python3.8/site-packages/airflow/example_dags/example_subdag_operator.py for tasks to queue
[2026-05-19T19:32:01.218+0000] {logging_mixin.py:188} INFO - [2026-05-19T19:32:01.218+0000] {dagbag.py:540} INFO - Filling up the DagBag from /home/airflow/.local/lib/python3.8/site-packages/airflow/example_dags/example_subdag_operator.py
[2026-05-19T19:32:01.246+0000] {processor.py:840} INFO - DAG(s) 'example_subdag_operator.section-1', 'example_subdag_operator.section-2', 'example_subdag_operator' retrieved from /home/airflow/.local/lib/python3.8/site-packages/airflow/example_dags/example_subdag_operator.py
[2026-05-19T19:32:01.264+0000] {logging_mixin.py:188} INFO - [2026-05-19T19:32:01.263+0000] {dag.py:3047} INFO - Sync 3 DAGs
[2026-05-19T19:32:01.288+0000] {logging_mixin.py:188} INFO - [2026-05-19T19:32:01.288+0000] {dag.py:3834} INFO - Setting next_dagrun for example_subdag_operator to 2022-01-01 00:00:00+00:00, run_after=2022-01-01 00:00:00+00:00
[2026-05-19T19:32:01.292+0000] {logging_mixin.py:188} INFO - [2026-05-19T19:32:01.292+0000] {dag.py:3834} INFO - Setting next_dagrun for example_subdag_operator.section-1 to None, run_after=None
[2026-05-19T19:32:01.294+0000] {logging_mixin.py:188} INFO - [2026-05-19T19:32:01.294+0000] {dag.py:3834} INFO - Setting next_dagrun for example_subdag_operator.section-2 to None, run_after=None
[2026-05-19T19:32:01.302+0000] {logging_mixin.py:188} INFO - [2026-05-19T19:32:01.302+0000] {dag.py:3047} INFO - Sync 2 DAGs
[2026-05-19T19:32:01.308+0000] {logging_mixin.py:188} INFO - [2026-05-19T19:32:01.307+0000] {dag.py:3834} INFO - Setting next_dagrun for example_subdag_operator.section-1 to None, run_after=None
[2026-05-19T19:32:01.308+0000] {logging_mixin.py:188} INFO - [2026-05-19T19:32:01.308+0000] {dag.py:3834} INFO - Setting next_dagrun for example_subdag_operator.section-2 to None, run_after=None
[2026-05-19T19:32:01.323+0000] {processor.py:183} INFO - Processing /home/airflow/.local/lib/python3.8/site-packages/airflow/example_dags/example_subdag_operator.py took 0.113 seconds
[2026-05-19T19:32:31.511+0000] {processor.py:161} INFO - Started process (PID=9564) to work on /home/airflow/.local/lib/python3.8/site-packages/airflow/example_dags/example_subdag_operator.py
[2026-05-19T19:32:31.513+0000] {processor.py:830} INFO - Processing file /home/airflow/.local/lib/python3.8/site-packages/airflow/example_dags/example_subdag_operator.py for tasks to queue
[2026-05-19T19:32:31.516+0000] {logging_mixin.py:188} INFO - [2026-05-19T19:32:31.516+0000] {dagbag.py:540} INFO - Filling up the DagBag from /home/airflow/.local/lib/python3.8/site-packages/airflow/example_dags/example_subdag_operator.py
[2026-05-19T19:32:31.540+0000] {processor.py:840} INFO - DAG(s) 'example_subdag_operator.section-1', 'example_subdag_operator.section-2', 'example_subdag_operator' retrieved from /home/airflow/.local/lib/python3.8/site-packages/airflow/example_dags/example_subdag_operator.py
[2026-05-19T19:32:31.554+0000] {logging_mixin.py:188} INFO - [2026-05-19T19:32:31.554+0000] {dag.py:3047} INFO - Sync 3 DAGs
[2026-05-19T19:32:31.574+0000] {logging_mixin.py:188} INFO - [2026-05-19T19:32:31.573+0000] {dag.py:3834} INFO - Setting next_dagrun for example_subdag_operator to 2022-01-01 00:00:00+00:00, run_after=2022-01-01 00:00:00+00:00
[2026-05-19T19:32:31.577+0000] {logging_mixin.py:188} INFO - [2026-05-19T19:32:31.577+0000] {dag.py:3834} INFO - Setting next_dagrun for example_subdag_operator.section-1 to None, run_after=None
[2026-05-19T19:32:31.579+0000] {logging_mixin.py:188} INFO - [2026-05-19T19:32:31.579+0000] {dag.py:3834} INFO - Setting next_dagrun for example_subdag_operator.section-2 to None, run_after=None
[2026-05-19T19:32:31.585+0000] {logging_mixin.py:188} INFO - [2026-05-19T19:32:31.585+0000] {dag.py:3047} INFO - Sync 2 DAGs
[2026-05-19T19:32:31.589+0000] {logging_mixin.py:188} INFO - [2026-05-19T19:32:31.589+0000] {dag.py:3834} INFO - Setting next_dagrun for example_subdag_operator.section-1 to None, run_after=None
[2026-05-19T19:32:31.590+0000] {logging_mixin.py:188} INFO - [2026-05-19T19:32:31.590+0000] {dag.py:3834} INFO - Setting next_dagrun for example_subdag_operator.section-2 to None, run_after=None
[2026-05-19T19:32:31.614+0000] {processor.py:183} INFO - Processing /home/airflow/.local/lib/python3.8/site-packages/airflow/example_dags/example_subdag_operator.py took 0.106 seconds
[2026-05-19T19:33:01.982+0000] {processor.py:161} INFO - Started process (PID=9619) to work on /home/airflow/.local/lib/python3.8/site-packages/airflow/example_dags/example_subdag_operator.py
[2026-05-19T19:33:01.984+0000] {processor.py:830} INFO - Processing file /home/airflow/.local/lib/python3.8/site-packages/airflow/example_dags/example_subdag_operator.py for tasks to queue
[2026-05-19T19:33:01.990+0000] {logging_mixin.py:188} INFO - [2026-05-19T19:33:01.989+0000] {dagbag.py:540} INFO - Filling up the DagBag from /home/airflow/.local/lib/python3.8/site-packages/airflow/example_dags/example_subdag_operator.py
[2026-05-19T19:33:02.057+0000] {processor.py:840} INFO - DAG(s) 'example_subdag_operator.section-1', 'example_subdag_operator.section-2', 'example_subdag_operator' retrieved from /home/airflow/.local/lib/python3.8/site-packages/airflow/example_dags/example_subdag_operator.py
[2026-05-19T19:33:02.089+0000] {logging_mixin.py:188} INFO - [2026-05-19T19:33:02.088+0000] {dag.py:3047} INFO - Sync 3 DAGs
[2026-05-19T19:33:02.131+0000] {logging_mixin.py:188} INFO - [2026-05-19T19:33:02.130+0000] {dag.py:3834} INFO - Setting next_dagrun for example_subdag_operator to 2022-01-01 00:00:00+00:00, run_after=2022-01-01 00:00:00+00:00
[2026-05-19T19:33:02.137+0000] {logging_mixin.py:188} INFO - [2026-05-19T19:33:02.137+0000] {dag.py:3834} INFO - Setting next_dagrun for example_subdag_operator.section-1 to None, run_after=None
[2026-05-19T19:33:02.140+0000] {logging_mixin.py:188} INFO - [2026-05-19T19:33:02.140+0000] {dag.py:3834} INFO - Setting next_dagrun for example_subdag_operator.section-2 to None, run_after=None
[2026-05-19T19:33:02.157+0000] {logging_mixin.py:188} INFO - [2026-05-19T19:33:02.156+0000] {dag.py:3047} INFO - Sync 2 DAGs
[2026-05-19T19:33:02.165+0000] {logging_mixin.py:188} INFO - [2026-05-19T19:33:02.165+0000] {dag.py:3834} INFO - Setting next_dagrun for example_subdag_operator.section-1 to None, run_after=None
[2026-05-19T19:33:02.167+0000] {logging_mixin.py:188} INFO - [2026-05-19T19:33:02.167+0000] {dag.py:3834} INFO - Setting next_dagrun for example_subdag_operator.section-2 to None, run_after=None
[2026-05-19T19:33:02.196+0000] {processor.py:183} INFO - Processing /home/airflow/.local/lib/python3.8/site-packages/airflow/example_dags/example_subdag_operator.py took 0.222 seconds
[2026-05-19T19:33:32.326+0000] {processor.py:161} INFO - Started process (PID=9674) to work on /home/airflow/.local/lib/python3.8/site-packages/airflow/example_dags/example_subdag_operator.py
[2026-05-19T19:33:32.328+0000] {processor.py:830} INFO - Processing file /home/airflow/.local/lib/python3.8/site-packages/airflow/example_dags/example_subdag_operator.py for tasks to queue
[2026-05-19T19:33:32.332+0000] {logging_mixin.py:188} INFO - [2026-05-19T19:33:32.332+0000] {dagbag.py:540} INFO - Filling up the DagBag from /home/airflow/.local/lib/python3.8/site-packages/airflow/example_dags/example_subdag_operator.py
[2026-05-19T19:33:32.372+0000] {processor.py:840} INFO - DAG(s) 'example_subdag_operator.section-1', 'example_subdag_operator.section-2', 'example_subdag_operator' retrieved from /home/airflow/.local/lib/python3.8/site-packages/airflow/example_dags/example_subdag_operator.py
[2026-05-19T19:33:32.395+0000] {logging_mixin.py:188} INFO - [2026-05-19T19:33:32.395+0000] {dag.py:3047} INFO - Sync 3 DAGs
[2026-05-19T19:33:32.425+0000] {logging_mixin.py:188} INFO - [2026-05-19T19:33:32.425+0000] {dag.py:3834} INFO - Setting next_dagrun for example_subdag_operator to 2022-01-01 00:00:00+00:00, run_after=2022-01-01 00:00:00+00:00
[2026-05-19T19:33:32.432+0000] {logging_mixin.py:188} INFO - [2026-05-19T19:33:32.431+0000] {dag.py:3834} INFO - Setting next_dagrun for example_subdag_operator.section-1 to None, run_after=None
[2026-05-19T19:33:32.434+0000] {logging_mixin.py:188} INFO - [2026-05-19T19:33:32.434+0000] {dag.py:3834} INFO - Setting next_dagrun for example_subdag_operator.section-2 to None, run_after=None
[2026-05-19T19:33:32.447+0000] {logging_mixin.py:188} INFO - [2026-05-19T19:33:32.446+0000] {dag.py:3047} INFO - Sync 2 DAGs
[2026-05-19T19:33:32.457+0000] {logging_mixin.py:188} INFO - [2026-05-19T19:33:32.457+0000] {dag.py:3834} INFO - Setting next_dagrun for example_subdag_operator.section-1 to None, run_after=None
[2026-05-19T19:33:32.458+0000] {logging_mixin.py:188} INFO - [2026-05-19T19:33:32.458+0000] {dag.py:3834} INFO - Setting next_dagrun for example_subdag_operator.section-2 to None, run_after=None
[2026-05-19T19:33:32.490+0000] {processor.py:183} INFO - Processing /home/airflow/.local/lib/python3.8/site-packages/airflow/example_dags/example_subdag_operator.py took 0.170 seconds
