[2026-05-19T19:18:20.174+0000] {processor.py:161} INFO - Started process (PID=8056) to work on /home/airflow/.local/lib/python3.8/site-packages/airflow/example_dags/example_branch_operator_decorator.py
[2026-05-19T19:18:20.178+0000] {processor.py:830} INFO - Processing file /home/airflow/.local/lib/python3.8/site-packages/airflow/example_dags/example_branch_operator_decorator.py for tasks to queue
[2026-05-19T19:18:20.184+0000] {logging_mixin.py:188} INFO - [2026-05-19T19:18:20.183+0000] {dagbag.py:540} INFO - Filling up the DagBag from /home/airflow/.local/lib/python3.8/site-packages/airflow/example_dags/example_branch_operator_decorator.py
[2026-05-19T19:18:20.257+0000] {processor.py:840} INFO - DAG(s) 'example_branch_python_operator_decorator' retrieved from /home/airflow/.local/lib/python3.8/site-packages/airflow/example_dags/example_branch_operator_decorator.py
[2026-05-19T19:18:20.400+0000] {logging_mixin.py:188} INFO - [2026-05-19T19:18:20.400+0000] {dag.py:3047} INFO - Sync 1 DAGs
[2026-05-19T19:18:20.467+0000] {logging_mixin.py:188} INFO - [2026-05-19T19:18:20.467+0000] {dag.py:3834} INFO - Setting next_dagrun for example_branch_python_operator_decorator to 2026-05-18 00:00:00+00:00, run_after=2026-05-19 00:00:00+00:00
[2026-05-19T19:18:20.546+0000] {processor.py:183} INFO - Processing /home/airflow/.local/lib/python3.8/site-packages/airflow/example_dags/example_branch_operator_decorator.py took 0.383 seconds
[2026-05-19T19:18:50.815+0000] {processor.py:161} INFO - Started process (PID=8111) to work on /home/airflow/.local/lib/python3.8/site-packages/airflow/example_dags/example_branch_operator_decorator.py
[2026-05-19T19:18:50.817+0000] {processor.py:830} INFO - Processing file /home/airflow/.local/lib/python3.8/site-packages/airflow/example_dags/example_branch_operator_decorator.py for tasks to queue
[2026-05-19T19:18:50.819+0000] {logging_mixin.py:188} INFO - [2026-05-19T19:18:50.819+0000] {dagbag.py:540} INFO - Filling up the DagBag from /home/airflow/.local/lib/python3.8/site-packages/airflow/example_dags/example_branch_operator_decorator.py
[2026-05-19T19:18:50.836+0000] {processor.py:840} INFO - DAG(s) 'example_branch_python_operator_decorator' retrieved from /home/airflow/.local/lib/python3.8/site-packages/airflow/example_dags/example_branch_operator_decorator.py
[2026-05-19T19:18:50.858+0000] {logging_mixin.py:188} INFO - [2026-05-19T19:18:50.858+0000] {dag.py:3047} INFO - Sync 1 DAGs
[2026-05-19T19:18:50.877+0000] {logging_mixin.py:188} INFO - [2026-05-19T19:18:50.877+0000] {dag.py:3834} INFO - Setting next_dagrun for example_branch_python_operator_decorator to 2026-05-18 00:00:00+00:00, run_after=2026-05-19 00:00:00+00:00
[2026-05-19T19:18:50.915+0000] {processor.py:183} INFO - Processing /home/airflow/.local/lib/python3.8/site-packages/airflow/example_dags/example_branch_operator_decorator.py took 0.103 seconds
[2026-05-19T19:19:21.342+0000] {processor.py:161} INFO - Started process (PID=8165) to work on /home/airflow/.local/lib/python3.8/site-packages/airflow/example_dags/example_branch_operator_decorator.py
[2026-05-19T19:19:21.344+0000] {processor.py:830} INFO - Processing file /home/airflow/.local/lib/python3.8/site-packages/airflow/example_dags/example_branch_operator_decorator.py for tasks to queue
[2026-05-19T19:19:21.349+0000] {logging_mixin.py:188} INFO - [2026-05-19T19:19:21.348+0000] {dagbag.py:540} INFO - Filling up the DagBag from /home/airflow/.local/lib/python3.8/site-packages/airflow/example_dags/example_branch_operator_decorator.py
[2026-05-19T19:19:21.397+0000] {processor.py:840} INFO - DAG(s) 'example_branch_python_operator_decorator' retrieved from /home/airflow/.local/lib/python3.8/site-packages/airflow/example_dags/example_branch_operator_decorator.py
[2026-05-19T19:19:21.440+0000] {logging_mixin.py:188} INFO - [2026-05-19T19:19:21.439+0000] {dag.py:3047} INFO - Sync 1 DAGs
[2026-05-19T19:19:21.478+0000] {logging_mixin.py:188} INFO - [2026-05-19T19:19:21.477+0000] {dag.py:3834} INFO - Setting next_dagrun for example_branch_python_operator_decorator to 2026-05-18 00:00:00+00:00, run_after=2026-05-19 00:00:00+00:00
[2026-05-19T19:19:21.516+0000] {processor.py:183} INFO - Processing /home/airflow/.local/lib/python3.8/site-packages/airflow/example_dags/example_branch_operator_decorator.py took 0.179 seconds
[2026-05-19T19:19:52.149+0000] {processor.py:161} INFO - Started process (PID=8221) to work on /home/airflow/.local/lib/python3.8/site-packages/airflow/example_dags/example_branch_operator_decorator.py
[2026-05-19T19:19:52.151+0000] {processor.py:830} INFO - Processing file /home/airflow/.local/lib/python3.8/site-packages/airflow/example_dags/example_branch_operator_decorator.py for tasks to queue
[2026-05-19T19:19:52.154+0000] {logging_mixin.py:188} INFO - [2026-05-19T19:19:52.154+0000] {dagbag.py:540} INFO - Filling up the DagBag from /home/airflow/.local/lib/python3.8/site-packages/airflow/example_dags/example_branch_operator_decorator.py
[2026-05-19T19:19:52.190+0000] {processor.py:840} INFO - DAG(s) 'example_branch_python_operator_decorator' retrieved from /home/airflow/.local/lib/python3.8/site-packages/airflow/example_dags/example_branch_operator_decorator.py
[2026-05-19T19:19:52.222+0000] {logging_mixin.py:188} INFO - [2026-05-19T19:19:52.222+0000] {dag.py:3047} INFO - Sync 1 DAGs
[2026-05-19T19:19:52.246+0000] {logging_mixin.py:188} INFO - [2026-05-19T19:19:52.245+0000] {dag.py:3834} INFO - Setting next_dagrun for example_branch_python_operator_decorator to 2026-05-18 00:00:00+00:00, run_after=2026-05-19 00:00:00+00:00
[2026-05-19T19:19:52.288+0000] {processor.py:183} INFO - Processing /home/airflow/.local/lib/python3.8/site-packages/airflow/example_dags/example_branch_operator_decorator.py took 0.143 seconds
[2026-05-19T19:20:22.874+0000] {processor.py:161} INFO - Started process (PID=8276) to work on /home/airflow/.local/lib/python3.8/site-packages/airflow/example_dags/example_branch_operator_decorator.py
[2026-05-19T19:20:22.876+0000] {processor.py:830} INFO - Processing file /home/airflow/.local/lib/python3.8/site-packages/airflow/example_dags/example_branch_operator_decorator.py for tasks to queue
[2026-05-19T19:20:22.879+0000] {logging_mixin.py:188} INFO - [2026-05-19T19:20:22.879+0000] {dagbag.py:540} INFO - Filling up the DagBag from /home/airflow/.local/lib/python3.8/site-packages/airflow/example_dags/example_branch_operator_decorator.py
[2026-05-19T19:20:22.916+0000] {processor.py:840} INFO - DAG(s) 'example_branch_python_operator_decorator' retrieved from /home/airflow/.local/lib/python3.8/site-packages/airflow/example_dags/example_branch_operator_decorator.py
[2026-05-19T19:20:22.970+0000] {logging_mixin.py:188} INFO - [2026-05-19T19:20:22.969+0000] {dag.py:3047} INFO - Sync 1 DAGs
[2026-05-19T19:20:22.995+0000] {logging_mixin.py:188} INFO - [2026-05-19T19:20:22.994+0000] {dag.py:3834} INFO - Setting next_dagrun for example_branch_python_operator_decorator to 2026-05-18 00:00:00+00:00, run_after=2026-05-19 00:00:00+00:00
[2026-05-19T19:20:23.026+0000] {processor.py:183} INFO - Processing /home/airflow/.local/lib/python3.8/site-packages/airflow/example_dags/example_branch_operator_decorator.py took 0.156 seconds
[2026-05-19T19:20:53.287+0000] {processor.py:161} INFO - Started process (PID=8331) to work on /home/airflow/.local/lib/python3.8/site-packages/airflow/example_dags/example_branch_operator_decorator.py
[2026-05-19T19:20:53.288+0000] {processor.py:830} INFO - Processing file /home/airflow/.local/lib/python3.8/site-packages/airflow/example_dags/example_branch_operator_decorator.py for tasks to queue
[2026-05-19T19:20:53.290+0000] {logging_mixin.py:188} INFO - [2026-05-19T19:20:53.290+0000] {dagbag.py:540} INFO - Filling up the DagBag from /home/airflow/.local/lib/python3.8/site-packages/airflow/example_dags/example_branch_operator_decorator.py
[2026-05-19T19:20:53.313+0000] {processor.py:840} INFO - DAG(s) 'example_branch_python_operator_decorator' retrieved from /home/airflow/.local/lib/python3.8/site-packages/airflow/example_dags/example_branch_operator_decorator.py
[2026-05-19T19:20:53.353+0000] {logging_mixin.py:188} INFO - [2026-05-19T19:20:53.353+0000] {dag.py:3047} INFO - Sync 1 DAGs
[2026-05-19T19:20:53.380+0000] {logging_mixin.py:188} INFO - [2026-05-19T19:20:53.380+0000] {dag.py:3834} INFO - Setting next_dagrun for example_branch_python_operator_decorator to 2026-05-18 00:00:00+00:00, run_after=2026-05-19 00:00:00+00:00
[2026-05-19T19:20:53.411+0000] {processor.py:183} INFO - Processing /home/airflow/.local/lib/python3.8/site-packages/airflow/example_dags/example_branch_operator_decorator.py took 0.128 seconds
[2026-05-19T19:21:24.256+0000] {processor.py:161} INFO - Started process (PID=8387) to work on /home/airflow/.local/lib/python3.8/site-packages/airflow/example_dags/example_branch_operator_decorator.py
[2026-05-19T19:21:24.262+0000] {processor.py:830} INFO - Processing file /home/airflow/.local/lib/python3.8/site-packages/airflow/example_dags/example_branch_operator_decorator.py for tasks to queue
[2026-05-19T19:21:24.268+0000] {logging_mixin.py:188} INFO - [2026-05-19T19:21:24.267+0000] {dagbag.py:540} INFO - Filling up the DagBag from /home/airflow/.local/lib/python3.8/site-packages/airflow/example_dags/example_branch_operator_decorator.py
[2026-05-19T19:21:24.300+0000] {processor.py:840} INFO - DAG(s) 'example_branch_python_operator_decorator' retrieved from /home/airflow/.local/lib/python3.8/site-packages/airflow/example_dags/example_branch_operator_decorator.py
[2026-05-19T19:21:24.342+0000] {logging_mixin.py:188} INFO - [2026-05-19T19:21:24.342+0000] {dag.py:3047} INFO - Sync 1 DAGs
[2026-05-19T19:21:24.413+0000] {logging_mixin.py:188} INFO - [2026-05-19T19:21:24.412+0000] {dag.py:3834} INFO - Setting next_dagrun for example_branch_python_operator_decorator to 2026-05-18 00:00:00+00:00, run_after=2026-05-19 00:00:00+00:00
[2026-05-19T19:21:24.494+0000] {processor.py:183} INFO - Processing /home/airflow/.local/lib/python3.8/site-packages/airflow/example_dags/example_branch_operator_decorator.py took 0.245 seconds
[2026-05-19T19:21:55.015+0000] {processor.py:161} INFO - Started process (PID=8442) to work on /home/airflow/.local/lib/python3.8/site-packages/airflow/example_dags/example_branch_operator_decorator.py
[2026-05-19T19:21:55.017+0000] {processor.py:830} INFO - Processing file /home/airflow/.local/lib/python3.8/site-packages/airflow/example_dags/example_branch_operator_decorator.py for tasks to queue
[2026-05-19T19:21:55.020+0000] {logging_mixin.py:188} INFO - [2026-05-19T19:21:55.019+0000] {dagbag.py:540} INFO - Filling up the DagBag from /home/airflow/.local/lib/python3.8/site-packages/airflow/example_dags/example_branch_operator_decorator.py
[2026-05-19T19:21:55.051+0000] {processor.py:840} INFO - DAG(s) 'example_branch_python_operator_decorator' retrieved from /home/airflow/.local/lib/python3.8/site-packages/airflow/example_dags/example_branch_operator_decorator.py
[2026-05-19T19:21:55.091+0000] {logging_mixin.py:188} INFO - [2026-05-19T19:21:55.090+0000] {dag.py:3047} INFO - Sync 1 DAGs
[2026-05-19T19:21:55.123+0000] {logging_mixin.py:188} INFO - [2026-05-19T19:21:55.123+0000] {dag.py:3834} INFO - Setting next_dagrun for example_branch_python_operator_decorator to 2026-05-18 00:00:00+00:00, run_after=2026-05-19 00:00:00+00:00
[2026-05-19T19:21:55.153+0000] {processor.py:183} INFO - Processing /home/airflow/.local/lib/python3.8/site-packages/airflow/example_dags/example_branch_operator_decorator.py took 0.144 seconds
[2026-05-19T19:22:26.151+0000] {processor.py:161} INFO - Started process (PID=8497) to work on /home/airflow/.local/lib/python3.8/site-packages/airflow/example_dags/example_branch_operator_decorator.py
[2026-05-19T19:22:26.153+0000] {processor.py:830} INFO - Processing file /home/airflow/.local/lib/python3.8/site-packages/airflow/example_dags/example_branch_operator_decorator.py for tasks to queue
[2026-05-19T19:22:26.158+0000] {logging_mixin.py:188} INFO - [2026-05-19T19:22:26.157+0000] {dagbag.py:540} INFO - Filling up the DagBag from /home/airflow/.local/lib/python3.8/site-packages/airflow/example_dags/example_branch_operator_decorator.py
[2026-05-19T19:22:26.197+0000] {processor.py:840} INFO - DAG(s) 'example_branch_python_operator_decorator' retrieved from /home/airflow/.local/lib/python3.8/site-packages/airflow/example_dags/example_branch_operator_decorator.py
[2026-05-19T19:22:26.248+0000] {logging_mixin.py:188} INFO - [2026-05-19T19:22:26.248+0000] {dag.py:3047} INFO - Sync 1 DAGs
[2026-05-19T19:22:26.289+0000] {logging_mixin.py:188} INFO - [2026-05-19T19:22:26.289+0000] {dag.py:3834} INFO - Setting next_dagrun for example_branch_python_operator_decorator to 2026-05-18 00:00:00+00:00, run_after=2026-05-19 00:00:00+00:00
[2026-05-19T19:22:26.333+0000] {processor.py:183} INFO - Processing /home/airflow/.local/lib/python3.8/site-packages/airflow/example_dags/example_branch_operator_decorator.py took 0.192 seconds
[2026-05-19T19:22:57.052+0000] {processor.py:161} INFO - Started process (PID=8551) to work on /home/airflow/.local/lib/python3.8/site-packages/airflow/example_dags/example_branch_operator_decorator.py
[2026-05-19T19:22:57.054+0000] {processor.py:830} INFO - Processing file /home/airflow/.local/lib/python3.8/site-packages/airflow/example_dags/example_branch_operator_decorator.py for tasks to queue
[2026-05-19T19:22:57.056+0000] {logging_mixin.py:188} INFO - [2026-05-19T19:22:57.056+0000] {dagbag.py:540} INFO - Filling up the DagBag from /home/airflow/.local/lib/python3.8/site-packages/airflow/example_dags/example_branch_operator_decorator.py
[2026-05-19T19:22:57.076+0000] {processor.py:840} INFO - DAG(s) 'example_branch_python_operator_decorator' retrieved from /home/airflow/.local/lib/python3.8/site-packages/airflow/example_dags/example_branch_operator_decorator.py
[2026-05-19T19:22:57.102+0000] {logging_mixin.py:188} INFO - [2026-05-19T19:22:57.101+0000] {dag.py:3047} INFO - Sync 1 DAGs
[2026-05-19T19:22:57.124+0000] {logging_mixin.py:188} INFO - [2026-05-19T19:22:57.124+0000] {dag.py:3834} INFO - Setting next_dagrun for example_branch_python_operator_decorator to 2026-05-18 00:00:00+00:00, run_after=2026-05-19 00:00:00+00:00
[2026-05-19T19:22:57.150+0000] {processor.py:183} INFO - Processing /home/airflow/.local/lib/python3.8/site-packages/airflow/example_dags/example_branch_operator_decorator.py took 0.101 seconds
[2026-05-19T19:23:27.729+0000] {processor.py:161} INFO - Started process (PID=8606) to work on /home/airflow/.local/lib/python3.8/site-packages/airflow/example_dags/example_branch_operator_decorator.py
[2026-05-19T19:23:27.730+0000] {processor.py:830} INFO - Processing file /home/airflow/.local/lib/python3.8/site-packages/airflow/example_dags/example_branch_operator_decorator.py for tasks to queue
[2026-05-19T19:23:27.733+0000] {logging_mixin.py:188} INFO - [2026-05-19T19:23:27.732+0000] {dagbag.py:540} INFO - Filling up the DagBag from /home/airflow/.local/lib/python3.8/site-packages/airflow/example_dags/example_branch_operator_decorator.py
[2026-05-19T19:23:27.751+0000] {processor.py:840} INFO - DAG(s) 'example_branch_python_operator_decorator' retrieved from /home/airflow/.local/lib/python3.8/site-packages/airflow/example_dags/example_branch_operator_decorator.py
[2026-05-19T19:23:27.775+0000] {logging_mixin.py:188} INFO - [2026-05-19T19:23:27.775+0000] {dag.py:3047} INFO - Sync 1 DAGs
[2026-05-19T19:23:27.795+0000] {logging_mixin.py:188} INFO - [2026-05-19T19:23:27.795+0000] {dag.py:3834} INFO - Setting next_dagrun for example_branch_python_operator_decorator to 2026-05-18 00:00:00+00:00, run_after=2026-05-19 00:00:00+00:00
[2026-05-19T19:23:27.813+0000] {processor.py:183} INFO - Processing /home/airflow/.local/lib/python3.8/site-packages/airflow/example_dags/example_branch_operator_decorator.py took 0.087 seconds
[2026-05-19T19:23:57.909+0000] {processor.py:161} INFO - Started process (PID=8661) to work on /home/airflow/.local/lib/python3.8/site-packages/airflow/example_dags/example_branch_operator_decorator.py
[2026-05-19T19:23:57.912+0000] {processor.py:830} INFO - Processing file /home/airflow/.local/lib/python3.8/site-packages/airflow/example_dags/example_branch_operator_decorator.py for tasks to queue
[2026-05-19T19:23:57.916+0000] {logging_mixin.py:188} INFO - [2026-05-19T19:23:57.915+0000] {dagbag.py:540} INFO - Filling up the DagBag from /home/airflow/.local/lib/python3.8/site-packages/airflow/example_dags/example_branch_operator_decorator.py
[2026-05-19T19:23:57.943+0000] {processor.py:840} INFO - DAG(s) 'example_branch_python_operator_decorator' retrieved from /home/airflow/.local/lib/python3.8/site-packages/airflow/example_dags/example_branch_operator_decorator.py
[2026-05-19T19:23:57.966+0000] {logging_mixin.py:188} INFO - [2026-05-19T19:23:57.965+0000] {dag.py:3047} INFO - Sync 1 DAGs
[2026-05-19T19:23:57.983+0000] {logging_mixin.py:188} INFO - [2026-05-19T19:23:57.983+0000] {dag.py:3834} INFO - Setting next_dagrun for example_branch_python_operator_decorator to 2026-05-18 00:00:00+00:00, run_after=2026-05-19 00:00:00+00:00
[2026-05-19T19:23:57.997+0000] {processor.py:183} INFO - Processing /home/airflow/.local/lib/python3.8/site-packages/airflow/example_dags/example_branch_operator_decorator.py took 0.094 seconds
[2026-05-19T19:24:29.232+0000] {processor.py:161} INFO - Started process (PID=8716) to work on /home/airflow/.local/lib/python3.8/site-packages/airflow/example_dags/example_branch_operator_decorator.py
[2026-05-19T19:24:29.234+0000] {processor.py:830} INFO - Processing file /home/airflow/.local/lib/python3.8/site-packages/airflow/example_dags/example_branch_operator_decorator.py for tasks to queue
[2026-05-19T19:24:29.239+0000] {logging_mixin.py:188} INFO - [2026-05-19T19:24:29.239+0000] {dagbag.py:540} INFO - Filling up the DagBag from /home/airflow/.local/lib/python3.8/site-packages/airflow/example_dags/example_branch_operator_decorator.py
[2026-05-19T19:24:29.284+0000] {processor.py:840} INFO - DAG(s) 'example_branch_python_operator_decorator' retrieved from /home/airflow/.local/lib/python3.8/site-packages/airflow/example_dags/example_branch_operator_decorator.py
[2026-05-19T19:24:29.370+0000] {logging_mixin.py:188} INFO - [2026-05-19T19:24:29.369+0000] {dag.py:3047} INFO - Sync 1 DAGs
[2026-05-19T19:24:29.421+0000] {logging_mixin.py:188} INFO - [2026-05-19T19:24:29.421+0000] {dag.py:3834} INFO - Setting next_dagrun for example_branch_python_operator_decorator to 2026-05-18 00:00:00+00:00, run_after=2026-05-19 00:00:00+00:00
[2026-05-19T19:24:29.474+0000] {processor.py:183} INFO - Processing /home/airflow/.local/lib/python3.8/site-packages/airflow/example_dags/example_branch_operator_decorator.py took 0.250 seconds
[2026-05-19T19:25:00.030+0000] {processor.py:161} INFO - Started process (PID=8771) to work on /home/airflow/.local/lib/python3.8/site-packages/airflow/example_dags/example_branch_operator_decorator.py
[2026-05-19T19:25:00.033+0000] {processor.py:830} INFO - Processing file /home/airflow/.local/lib/python3.8/site-packages/airflow/example_dags/example_branch_operator_decorator.py for tasks to queue
[2026-05-19T19:25:00.037+0000] {logging_mixin.py:188} INFO - [2026-05-19T19:25:00.036+0000] {dagbag.py:540} INFO - Filling up the DagBag from /home/airflow/.local/lib/python3.8/site-packages/airflow/example_dags/example_branch_operator_decorator.py
[2026-05-19T19:25:00.087+0000] {processor.py:840} INFO - DAG(s) 'example_branch_python_operator_decorator' retrieved from /home/airflow/.local/lib/python3.8/site-packages/airflow/example_dags/example_branch_operator_decorator.py
[2026-05-19T19:25:00.164+0000] {logging_mixin.py:188} INFO - [2026-05-19T19:25:00.163+0000] {dag.py:3047} INFO - Sync 1 DAGs
[2026-05-19T19:25:00.224+0000] {logging_mixin.py:188} INFO - [2026-05-19T19:25:00.224+0000] {dag.py:3834} INFO - Setting next_dagrun for example_branch_python_operator_decorator to 2026-05-18 00:00:00+00:00, run_after=2026-05-19 00:00:00+00:00
[2026-05-19T19:25:00.283+0000] {processor.py:183} INFO - Processing /home/airflow/.local/lib/python3.8/site-packages/airflow/example_dags/example_branch_operator_decorator.py took 0.260 seconds
[2026-05-19T19:25:31.234+0000] {processor.py:161} INFO - Started process (PID=8826) to work on /home/airflow/.local/lib/python3.8/site-packages/airflow/example_dags/example_branch_operator_decorator.py
[2026-05-19T19:25:31.236+0000] {processor.py:830} INFO - Processing file /home/airflow/.local/lib/python3.8/site-packages/airflow/example_dags/example_branch_operator_decorator.py for tasks to queue
[2026-05-19T19:25:31.240+0000] {logging_mixin.py:188} INFO - [2026-05-19T19:25:31.240+0000] {dagbag.py:540} INFO - Filling up the DagBag from /home/airflow/.local/lib/python3.8/site-packages/airflow/example_dags/example_branch_operator_decorator.py
[2026-05-19T19:25:31.278+0000] {processor.py:840} INFO - DAG(s) 'example_branch_python_operator_decorator' retrieved from /home/airflow/.local/lib/python3.8/site-packages/airflow/example_dags/example_branch_operator_decorator.py
[2026-05-19T19:25:31.330+0000] {logging_mixin.py:188} INFO - [2026-05-19T19:25:31.330+0000] {dag.py:3047} INFO - Sync 1 DAGs
[2026-05-19T19:25:31.368+0000] {logging_mixin.py:188} INFO - [2026-05-19T19:25:31.368+0000] {dag.py:3834} INFO - Setting next_dagrun for example_branch_python_operator_decorator to 2026-05-18 00:00:00+00:00, run_after=2026-05-19 00:00:00+00:00
[2026-05-19T19:25:31.401+0000] {processor.py:183} INFO - Processing /home/airflow/.local/lib/python3.8/site-packages/airflow/example_dags/example_branch_operator_decorator.py took 0.174 seconds
[2026-05-19T19:26:01.817+0000] {processor.py:161} INFO - Started process (PID=8881) to work on /home/airflow/.local/lib/python3.8/site-packages/airflow/example_dags/example_branch_operator_decorator.py
[2026-05-19T19:26:01.818+0000] {processor.py:830} INFO - Processing file /home/airflow/.local/lib/python3.8/site-packages/airflow/example_dags/example_branch_operator_decorator.py for tasks to queue
[2026-05-19T19:26:01.821+0000] {logging_mixin.py:188} INFO - [2026-05-19T19:26:01.821+0000] {dagbag.py:540} INFO - Filling up the DagBag from /home/airflow/.local/lib/python3.8/site-packages/airflow/example_dags/example_branch_operator_decorator.py
[2026-05-19T19:26:01.842+0000] {processor.py:840} INFO - DAG(s) 'example_branch_python_operator_decorator' retrieved from /home/airflow/.local/lib/python3.8/site-packages/airflow/example_dags/example_branch_operator_decorator.py
[2026-05-19T19:26:01.872+0000] {logging_mixin.py:188} INFO - [2026-05-19T19:26:01.871+0000] {dag.py:3047} INFO - Sync 1 DAGs
[2026-05-19T19:26:01.896+0000] {logging_mixin.py:188} INFO - [2026-05-19T19:26:01.896+0000] {dag.py:3834} INFO - Setting next_dagrun for example_branch_python_operator_decorator to 2026-05-18 00:00:00+00:00, run_after=2026-05-19 00:00:00+00:00
[2026-05-19T19:26:01.923+0000] {processor.py:183} INFO - Processing /home/airflow/.local/lib/python3.8/site-packages/airflow/example_dags/example_branch_operator_decorator.py took 0.110 seconds
[2026-05-19T19:26:32.619+0000] {processor.py:161} INFO - Started process (PID=8934) to work on /home/airflow/.local/lib/python3.8/site-packages/airflow/example_dags/example_branch_operator_decorator.py
[2026-05-19T19:26:32.621+0000] {processor.py:830} INFO - Processing file /home/airflow/.local/lib/python3.8/site-packages/airflow/example_dags/example_branch_operator_decorator.py for tasks to queue
[2026-05-19T19:26:32.623+0000] {logging_mixin.py:188} INFO - [2026-05-19T19:26:32.623+0000] {dagbag.py:540} INFO - Filling up the DagBag from /home/airflow/.local/lib/python3.8/site-packages/airflow/example_dags/example_branch_operator_decorator.py
[2026-05-19T19:26:32.643+0000] {processor.py:840} INFO - DAG(s) 'example_branch_python_operator_decorator' retrieved from /home/airflow/.local/lib/python3.8/site-packages/airflow/example_dags/example_branch_operator_decorator.py
[2026-05-19T19:26:32.670+0000] {logging_mixin.py:188} INFO - [2026-05-19T19:26:32.670+0000] {dag.py:3047} INFO - Sync 1 DAGs
[2026-05-19T19:26:32.694+0000] {logging_mixin.py:188} INFO - [2026-05-19T19:26:32.693+0000] {dag.py:3834} INFO - Setting next_dagrun for example_branch_python_operator_decorator to 2026-05-18 00:00:00+00:00, run_after=2026-05-19 00:00:00+00:00
[2026-05-19T19:26:32.714+0000] {processor.py:183} INFO - Processing /home/airflow/.local/lib/python3.8/site-packages/airflow/example_dags/example_branch_operator_decorator.py took 0.098 seconds
[2026-05-19T19:27:03.191+0000] {processor.py:161} INFO - Started process (PID=8989) to work on /home/airflow/.local/lib/python3.8/site-packages/airflow/example_dags/example_branch_operator_decorator.py
[2026-05-19T19:27:03.194+0000] {processor.py:830} INFO - Processing file /home/airflow/.local/lib/python3.8/site-packages/airflow/example_dags/example_branch_operator_decorator.py for tasks to queue
[2026-05-19T19:27:03.197+0000] {logging_mixin.py:188} INFO - [2026-05-19T19:27:03.196+0000] {dagbag.py:540} INFO - Filling up the DagBag from /home/airflow/.local/lib/python3.8/site-packages/airflow/example_dags/example_branch_operator_decorator.py
[2026-05-19T19:27:03.226+0000] {processor.py:840} INFO - DAG(s) 'example_branch_python_operator_decorator' retrieved from /home/airflow/.local/lib/python3.8/site-packages/airflow/example_dags/example_branch_operator_decorator.py
[2026-05-19T19:27:03.261+0000] {logging_mixin.py:188} INFO - [2026-05-19T19:27:03.261+0000] {dag.py:3047} INFO - Sync 1 DAGs
[2026-05-19T19:27:03.291+0000] {logging_mixin.py:188} INFO - [2026-05-19T19:27:03.291+0000] {dag.py:3834} INFO - Setting next_dagrun for example_branch_python_operator_decorator to 2026-05-18 00:00:00+00:00, run_after=2026-05-19 00:00:00+00:00
[2026-05-19T19:27:03.321+0000] {processor.py:183} INFO - Processing /home/airflow/.local/lib/python3.8/site-packages/airflow/example_dags/example_branch_operator_decorator.py took 0.136 seconds
[2026-05-19T19:27:34.097+0000] {processor.py:161} INFO - Started process (PID=9044) to work on /home/airflow/.local/lib/python3.8/site-packages/airflow/example_dags/example_branch_operator_decorator.py
[2026-05-19T19:27:34.099+0000] {processor.py:830} INFO - Processing file /home/airflow/.local/lib/python3.8/site-packages/airflow/example_dags/example_branch_operator_decorator.py for tasks to queue
[2026-05-19T19:27:34.102+0000] {logging_mixin.py:188} INFO - [2026-05-19T19:27:34.102+0000] {dagbag.py:540} INFO - Filling up the DagBag from /home/airflow/.local/lib/python3.8/site-packages/airflow/example_dags/example_branch_operator_decorator.py
[2026-05-19T19:27:34.130+0000] {processor.py:840} INFO - DAG(s) 'example_branch_python_operator_decorator' retrieved from /home/airflow/.local/lib/python3.8/site-packages/airflow/example_dags/example_branch_operator_decorator.py
[2026-05-19T19:27:34.169+0000] {logging_mixin.py:188} INFO - [2026-05-19T19:27:34.169+0000] {dag.py:3047} INFO - Sync 1 DAGs
[2026-05-19T19:27:34.225+0000] {logging_mixin.py:188} INFO - [2026-05-19T19:27:34.225+0000] {dag.py:3834} INFO - Setting next_dagrun for example_branch_python_operator_decorator to 2026-05-18 00:00:00+00:00, run_after=2026-05-19 00:00:00+00:00
[2026-05-19T19:27:34.277+0000] {processor.py:183} INFO - Processing /home/airflow/.local/lib/python3.8/site-packages/airflow/example_dags/example_branch_operator_decorator.py took 0.185 seconds
[2026-05-19T19:28:04.626+0000] {processor.py:161} INFO - Started process (PID=9099) to work on /home/airflow/.local/lib/python3.8/site-packages/airflow/example_dags/example_branch_operator_decorator.py
[2026-05-19T19:28:04.627+0000] {processor.py:830} INFO - Processing file /home/airflow/.local/lib/python3.8/site-packages/airflow/example_dags/example_branch_operator_decorator.py for tasks to queue
[2026-05-19T19:28:04.631+0000] {logging_mixin.py:188} INFO - [2026-05-19T19:28:04.630+0000] {dagbag.py:540} INFO - Filling up the DagBag from /home/airflow/.local/lib/python3.8/site-packages/airflow/example_dags/example_branch_operator_decorator.py
[2026-05-19T19:28:04.683+0000] {processor.py:840} INFO - DAG(s) 'example_branch_python_operator_decorator' retrieved from /home/airflow/.local/lib/python3.8/site-packages/airflow/example_dags/example_branch_operator_decorator.py
[2026-05-19T19:28:04.760+0000] {logging_mixin.py:188} INFO - [2026-05-19T19:28:04.760+0000] {dag.py:3047} INFO - Sync 1 DAGs
[2026-05-19T19:28:04.801+0000] {logging_mixin.py:188} INFO - [2026-05-19T19:28:04.801+0000] {dag.py:3834} INFO - Setting next_dagrun for example_branch_python_operator_decorator to 2026-05-18 00:00:00+00:00, run_after=2026-05-19 00:00:00+00:00
[2026-05-19T19:28:04.838+0000] {processor.py:183} INFO - Processing /home/airflow/.local/lib/python3.8/site-packages/airflow/example_dags/example_branch_operator_decorator.py took 0.217 seconds
[2026-05-19T19:28:36.240+0000] {processor.py:161} INFO - Started process (PID=9154) to work on /home/airflow/.local/lib/python3.8/site-packages/airflow/example_dags/example_branch_operator_decorator.py
[2026-05-19T19:28:36.242+0000] {processor.py:830} INFO - Processing file /home/airflow/.local/lib/python3.8/site-packages/airflow/example_dags/example_branch_operator_decorator.py for tasks to queue
[2026-05-19T19:28:36.247+0000] {logging_mixin.py:188} INFO - [2026-05-19T19:28:36.246+0000] {dagbag.py:540} INFO - Filling up the DagBag from /home/airflow/.local/lib/python3.8/site-packages/airflow/example_dags/example_branch_operator_decorator.py
[2026-05-19T19:28:36.295+0000] {processor.py:840} INFO - DAG(s) 'example_branch_python_operator_decorator' retrieved from /home/airflow/.local/lib/python3.8/site-packages/airflow/example_dags/example_branch_operator_decorator.py
[2026-05-19T19:28:36.362+0000] {logging_mixin.py:188} INFO - [2026-05-19T19:28:36.362+0000] {dag.py:3047} INFO - Sync 1 DAGs
[2026-05-19T19:28:36.408+0000] {logging_mixin.py:188} INFO - [2026-05-19T19:28:36.408+0000] {dag.py:3834} INFO - Setting next_dagrun for example_branch_python_operator_decorator to 2026-05-18 00:00:00+00:00, run_after=2026-05-19 00:00:00+00:00
[2026-05-19T19:28:36.497+0000] {processor.py:183} INFO - Processing /home/airflow/.local/lib/python3.8/site-packages/airflow/example_dags/example_branch_operator_decorator.py took 0.265 seconds
[2026-05-19T19:29:07.295+0000] {processor.py:161} INFO - Started process (PID=9209) to work on /home/airflow/.local/lib/python3.8/site-packages/airflow/example_dags/example_branch_operator_decorator.py
[2026-05-19T19:29:07.299+0000] {processor.py:830} INFO - Processing file /home/airflow/.local/lib/python3.8/site-packages/airflow/example_dags/example_branch_operator_decorator.py for tasks to queue
[2026-05-19T19:29:07.304+0000] {logging_mixin.py:188} INFO - [2026-05-19T19:29:07.304+0000] {dagbag.py:540} INFO - Filling up the DagBag from /home/airflow/.local/lib/python3.8/site-packages/airflow/example_dags/example_branch_operator_decorator.py
[2026-05-19T19:29:07.376+0000] {processor.py:840} INFO - DAG(s) 'example_branch_python_operator_decorator' retrieved from /home/airflow/.local/lib/python3.8/site-packages/airflow/example_dags/example_branch_operator_decorator.py
[2026-05-19T19:29:07.433+0000] {logging_mixin.py:188} INFO - [2026-05-19T19:29:07.433+0000] {dag.py:3047} INFO - Sync 1 DAGs
[2026-05-19T19:29:07.489+0000] {logging_mixin.py:188} INFO - [2026-05-19T19:29:07.488+0000] {dag.py:3834} INFO - Setting next_dagrun for example_branch_python_operator_decorator to 2026-05-18 00:00:00+00:00, run_after=2026-05-19 00:00:00+00:00
[2026-05-19T19:29:07.584+0000] {processor.py:183} INFO - Processing /home/airflow/.local/lib/python3.8/site-packages/airflow/example_dags/example_branch_operator_decorator.py took 0.296 seconds
[2026-05-19T19:29:37.914+0000] {processor.py:161} INFO - Started process (PID=9264) to work on /home/airflow/.local/lib/python3.8/site-packages/airflow/example_dags/example_branch_operator_decorator.py
[2026-05-19T19:29:37.916+0000] {processor.py:830} INFO - Processing file /home/airflow/.local/lib/python3.8/site-packages/airflow/example_dags/example_branch_operator_decorator.py for tasks to queue
[2026-05-19T19:29:37.918+0000] {logging_mixin.py:188} INFO - [2026-05-19T19:29:37.918+0000] {dagbag.py:540} INFO - Filling up the DagBag from /home/airflow/.local/lib/python3.8/site-packages/airflow/example_dags/example_branch_operator_decorator.py
[2026-05-19T19:29:37.981+0000] {processor.py:840} INFO - DAG(s) 'example_branch_python_operator_decorator' retrieved from /home/airflow/.local/lib/python3.8/site-packages/airflow/example_dags/example_branch_operator_decorator.py
[2026-05-19T19:29:38.102+0000] {logging_mixin.py:188} INFO - [2026-05-19T19:29:38.101+0000] {dag.py:3047} INFO - Sync 1 DAGs
[2026-05-19T19:29:38.230+0000] {logging_mixin.py:188} INFO - [2026-05-19T19:29:38.229+0000] {dag.py:3834} INFO - Setting next_dagrun for example_branch_python_operator_decorator to 2026-05-18 00:00:00+00:00, run_after=2026-05-19 00:00:00+00:00
[2026-05-19T19:29:38.308+0000] {processor.py:183} INFO - Processing /home/airflow/.local/lib/python3.8/site-packages/airflow/example_dags/example_branch_operator_decorator.py took 0.398 seconds
[2026-05-19T19:30:08.472+0000] {processor.py:161} INFO - Started process (PID=9319) to work on /home/airflow/.local/lib/python3.8/site-packages/airflow/example_dags/example_branch_operator_decorator.py
[2026-05-19T19:30:08.475+0000] {processor.py:830} INFO - Processing file /home/airflow/.local/lib/python3.8/site-packages/airflow/example_dags/example_branch_operator_decorator.py for tasks to queue
[2026-05-19T19:30:08.480+0000] {logging_mixin.py:188} INFO - [2026-05-19T19:30:08.479+0000] {dagbag.py:540} INFO - Filling up the DagBag from /home/airflow/.local/lib/python3.8/site-packages/airflow/example_dags/example_branch_operator_decorator.py
[2026-05-19T19:30:08.525+0000] {processor.py:840} INFO - DAG(s) 'example_branch_python_operator_decorator' retrieved from /home/airflow/.local/lib/python3.8/site-packages/airflow/example_dags/example_branch_operator_decorator.py
[2026-05-19T19:30:08.591+0000] {logging_mixin.py:188} INFO - [2026-05-19T19:30:08.590+0000] {dag.py:3047} INFO - Sync 1 DAGs
[2026-05-19T19:30:08.631+0000] {logging_mixin.py:188} INFO - [2026-05-19T19:30:08.630+0000] {dag.py:3834} INFO - Setting next_dagrun for example_branch_python_operator_decorator to 2026-05-18 00:00:00+00:00, run_after=2026-05-19 00:00:00+00:00
[2026-05-19T19:30:08.711+0000] {processor.py:183} INFO - Processing /home/airflow/.local/lib/python3.8/site-packages/airflow/example_dags/example_branch_operator_decorator.py took 0.257 seconds
[2026-05-19T19:30:39.210+0000] {processor.py:161} INFO - Started process (PID=9374) to work on /home/airflow/.local/lib/python3.8/site-packages/airflow/example_dags/example_branch_operator_decorator.py
[2026-05-19T19:30:39.212+0000] {processor.py:830} INFO - Processing file /home/airflow/.local/lib/python3.8/site-packages/airflow/example_dags/example_branch_operator_decorator.py for tasks to queue
[2026-05-19T19:30:39.217+0000] {logging_mixin.py:188} INFO - [2026-05-19T19:30:39.216+0000] {dagbag.py:540} INFO - Filling up the DagBag from /home/airflow/.local/lib/python3.8/site-packages/airflow/example_dags/example_branch_operator_decorator.py
[2026-05-19T19:30:39.253+0000] {processor.py:840} INFO - DAG(s) 'example_branch_python_operator_decorator' retrieved from /home/airflow/.local/lib/python3.8/site-packages/airflow/example_dags/example_branch_operator_decorator.py
[2026-05-19T19:30:39.307+0000] {logging_mixin.py:188} INFO - [2026-05-19T19:30:39.307+0000] {dag.py:3047} INFO - Sync 1 DAGs
[2026-05-19T19:30:39.346+0000] {logging_mixin.py:188} INFO - [2026-05-19T19:30:39.346+0000] {dag.py:3834} INFO - Setting next_dagrun for example_branch_python_operator_decorator to 2026-05-18 00:00:00+00:00, run_after=2026-05-19 00:00:00+00:00
[2026-05-19T19:30:39.387+0000] {processor.py:183} INFO - Processing /home/airflow/.local/lib/python3.8/site-packages/airflow/example_dags/example_branch_operator_decorator.py took 0.183 seconds
[2026-05-19T19:31:09.504+0000] {processor.py:161} INFO - Started process (PID=9429) to work on /home/airflow/.local/lib/python3.8/site-packages/airflow/example_dags/example_branch_operator_decorator.py
[2026-05-19T19:31:09.508+0000] {processor.py:830} INFO - Processing file /home/airflow/.local/lib/python3.8/site-packages/airflow/example_dags/example_branch_operator_decorator.py for tasks to queue
[2026-05-19T19:31:09.514+0000] {logging_mixin.py:188} INFO - [2026-05-19T19:31:09.513+0000] {dagbag.py:540} INFO - Filling up the DagBag from /home/airflow/.local/lib/python3.8/site-packages/airflow/example_dags/example_branch_operator_decorator.py
[2026-05-19T19:31:09.566+0000] {processor.py:840} INFO - DAG(s) 'example_branch_python_operator_decorator' retrieved from /home/airflow/.local/lib/python3.8/site-packages/airflow/example_dags/example_branch_operator_decorator.py
[2026-05-19T19:31:09.641+0000] {logging_mixin.py:188} INFO - [2026-05-19T19:31:09.640+0000] {dag.py:3047} INFO - Sync 1 DAGs
[2026-05-19T19:31:09.697+0000] {logging_mixin.py:188} INFO - [2026-05-19T19:31:09.697+0000] {dag.py:3834} INFO - Setting next_dagrun for example_branch_python_operator_decorator to 2026-05-18 00:00:00+00:00, run_after=2026-05-19 00:00:00+00:00
[2026-05-19T19:31:09.748+0000] {processor.py:183} INFO - Processing /home/airflow/.local/lib/python3.8/site-packages/airflow/example_dags/example_branch_operator_decorator.py took 0.252 seconds
[2026-05-19T19:31:40.605+0000] {processor.py:161} INFO - Started process (PID=9484) to work on /home/airflow/.local/lib/python3.8/site-packages/airflow/example_dags/example_branch_operator_decorator.py
[2026-05-19T19:31:40.617+0000] {processor.py:830} INFO - Processing file /home/airflow/.local/lib/python3.8/site-packages/airflow/example_dags/example_branch_operator_decorator.py for tasks to queue
[2026-05-19T19:31:40.624+0000] {logging_mixin.py:188} INFO - [2026-05-19T19:31:40.623+0000] {dagbag.py:540} INFO - Filling up the DagBag from /home/airflow/.local/lib/python3.8/site-packages/airflow/example_dags/example_branch_operator_decorator.py
[2026-05-19T19:31:40.696+0000] {processor.py:840} INFO - DAG(s) 'example_branch_python_operator_decorator' retrieved from /home/airflow/.local/lib/python3.8/site-packages/airflow/example_dags/example_branch_operator_decorator.py
[2026-05-19T19:31:40.777+0000] {logging_mixin.py:188} INFO - [2026-05-19T19:31:40.777+0000] {dag.py:3047} INFO - Sync 1 DAGs
[2026-05-19T19:31:40.838+0000] {logging_mixin.py:188} INFO - [2026-05-19T19:31:40.837+0000] {dag.py:3834} INFO - Setting next_dagrun for example_branch_python_operator_decorator to 2026-05-18 00:00:00+00:00, run_after=2026-05-19 00:00:00+00:00
[2026-05-19T19:31:40.888+0000] {processor.py:183} INFO - Processing /home/airflow/.local/lib/python3.8/site-packages/airflow/example_dags/example_branch_operator_decorator.py took 0.292 seconds
[2026-05-19T19:32:11.060+0000] {processor.py:161} INFO - Started process (PID=9540) to work on /home/airflow/.local/lib/python3.8/site-packages/airflow/example_dags/example_branch_operator_decorator.py
[2026-05-19T19:32:11.062+0000] {processor.py:830} INFO - Processing file /home/airflow/.local/lib/python3.8/site-packages/airflow/example_dags/example_branch_operator_decorator.py for tasks to queue
[2026-05-19T19:32:11.065+0000] {logging_mixin.py:188} INFO - [2026-05-19T19:32:11.065+0000] {dagbag.py:540} INFO - Filling up the DagBag from /home/airflow/.local/lib/python3.8/site-packages/airflow/example_dags/example_branch_operator_decorator.py
[2026-05-19T19:32:11.087+0000] {processor.py:840} INFO - DAG(s) 'example_branch_python_operator_decorator' retrieved from /home/airflow/.local/lib/python3.8/site-packages/airflow/example_dags/example_branch_operator_decorator.py
[2026-05-19T19:32:11.121+0000] {logging_mixin.py:188} INFO - [2026-05-19T19:32:11.121+0000] {dag.py:3047} INFO - Sync 1 DAGs
[2026-05-19T19:32:11.146+0000] {logging_mixin.py:188} INFO - [2026-05-19T19:32:11.146+0000] {dag.py:3834} INFO - Setting next_dagrun for example_branch_python_operator_decorator to 2026-05-18 00:00:00+00:00, run_after=2026-05-19 00:00:00+00:00
[2026-05-19T19:32:11.173+0000] {processor.py:183} INFO - Processing /home/airflow/.local/lib/python3.8/site-packages/airflow/example_dags/example_branch_operator_decorator.py took 0.117 seconds
[2026-05-19T19:32:41.628+0000] {processor.py:161} INFO - Started process (PID=9595) to work on /home/airflow/.local/lib/python3.8/site-packages/airflow/example_dags/example_branch_operator_decorator.py
[2026-05-19T19:32:41.630+0000] {processor.py:830} INFO - Processing file /home/airflow/.local/lib/python3.8/site-packages/airflow/example_dags/example_branch_operator_decorator.py for tasks to queue
[2026-05-19T19:32:41.635+0000] {logging_mixin.py:188} INFO - [2026-05-19T19:32:41.634+0000] {dagbag.py:540} INFO - Filling up the DagBag from /home/airflow/.local/lib/python3.8/site-packages/airflow/example_dags/example_branch_operator_decorator.py
[2026-05-19T19:32:41.676+0000] {processor.py:840} INFO - DAG(s) 'example_branch_python_operator_decorator' retrieved from /home/airflow/.local/lib/python3.8/site-packages/airflow/example_dags/example_branch_operator_decorator.py
[2026-05-19T19:32:41.738+0000] {logging_mixin.py:188} INFO - [2026-05-19T19:32:41.737+0000] {dag.py:3047} INFO - Sync 1 DAGs
[2026-05-19T19:32:41.800+0000] {logging_mixin.py:188} INFO - [2026-05-19T19:32:41.800+0000] {dag.py:3834} INFO - Setting next_dagrun for example_branch_python_operator_decorator to 2026-05-18 00:00:00+00:00, run_after=2026-05-19 00:00:00+00:00
[2026-05-19T19:32:41.857+0000] {processor.py:183} INFO - Processing /home/airflow/.local/lib/python3.8/site-packages/airflow/example_dags/example_branch_operator_decorator.py took 0.236 seconds
[2026-05-19T19:33:11.978+0000] {processor.py:161} INFO - Started process (PID=9650) to work on /home/airflow/.local/lib/python3.8/site-packages/airflow/example_dags/example_branch_operator_decorator.py
[2026-05-19T19:33:11.979+0000] {processor.py:830} INFO - Processing file /home/airflow/.local/lib/python3.8/site-packages/airflow/example_dags/example_branch_operator_decorator.py for tasks to queue
[2026-05-19T19:33:11.981+0000] {logging_mixin.py:188} INFO - [2026-05-19T19:33:11.980+0000] {dagbag.py:540} INFO - Filling up the DagBag from /home/airflow/.local/lib/python3.8/site-packages/airflow/example_dags/example_branch_operator_decorator.py
[2026-05-19T19:33:11.999+0000] {processor.py:840} INFO - DAG(s) 'example_branch_python_operator_decorator' retrieved from /home/airflow/.local/lib/python3.8/site-packages/airflow/example_dags/example_branch_operator_decorator.py
[2026-05-19T19:33:12.021+0000] {logging_mixin.py:188} INFO - [2026-05-19T19:33:12.021+0000] {dag.py:3047} INFO - Sync 1 DAGs
[2026-05-19T19:33:12.040+0000] {logging_mixin.py:188} INFO - [2026-05-19T19:33:12.039+0000] {dag.py:3834} INFO - Setting next_dagrun for example_branch_python_operator_decorator to 2026-05-18 00:00:00+00:00, run_after=2026-05-19 00:00:00+00:00
[2026-05-19T19:33:12.058+0000] {processor.py:183} INFO - Processing /home/airflow/.local/lib/python3.8/site-packages/airflow/example_dags/example_branch_operator_decorator.py took 0.083 seconds
[2026-05-19T19:33:42.476+0000] {processor.py:161} INFO - Started process (PID=9704) to work on /home/airflow/.local/lib/python3.8/site-packages/airflow/example_dags/example_branch_operator_decorator.py
[2026-05-19T19:33:42.479+0000] {processor.py:830} INFO - Processing file /home/airflow/.local/lib/python3.8/site-packages/airflow/example_dags/example_branch_operator_decorator.py for tasks to queue
[2026-05-19T19:33:42.481+0000] {logging_mixin.py:188} INFO - [2026-05-19T19:33:42.481+0000] {dagbag.py:540} INFO - Filling up the DagBag from /home/airflow/.local/lib/python3.8/site-packages/airflow/example_dags/example_branch_operator_decorator.py
[2026-05-19T19:33:42.508+0000] {processor.py:840} INFO - DAG(s) 'example_branch_python_operator_decorator' retrieved from /home/airflow/.local/lib/python3.8/site-packages/airflow/example_dags/example_branch_operator_decorator.py
[2026-05-19T19:33:42.539+0000] {logging_mixin.py:188} INFO - [2026-05-19T19:33:42.539+0000] {dag.py:3047} INFO - Sync 1 DAGs
[2026-05-19T19:33:42.564+0000] {logging_mixin.py:188} INFO - [2026-05-19T19:33:42.564+0000] {dag.py:3834} INFO - Setting next_dagrun for example_branch_python_operator_decorator to 2026-05-18 00:00:00+00:00, run_after=2026-05-19 00:00:00+00:00
[2026-05-19T19:33:42.591+0000] {processor.py:183} INFO - Processing /home/airflow/.local/lib/python3.8/site-packages/airflow/example_dags/example_branch_operator_decorator.py took 0.121 seconds
