[2026-05-19T19:18:37.038+0000] {processor.py:161} INFO - Started process (PID=8063) to work on /home/airflow/.local/lib/python3.8/site-packages/airflow/example_dags/example_task_group.py
[2026-05-19T19:18:37.040+0000] {processor.py:830} INFO - Processing file /home/airflow/.local/lib/python3.8/site-packages/airflow/example_dags/example_task_group.py for tasks to queue
[2026-05-19T19:18:37.042+0000] {logging_mixin.py:188} INFO - [2026-05-19T19:18:37.041+0000] {dagbag.py:540} INFO - Filling up the DagBag from /home/airflow/.local/lib/python3.8/site-packages/airflow/example_dags/example_task_group.py
[2026-05-19T19:18:37.049+0000] {processor.py:840} INFO - DAG(s) 'example_task_group' retrieved from /home/airflow/.local/lib/python3.8/site-packages/airflow/example_dags/example_task_group.py
[2026-05-19T19:18:37.067+0000] {logging_mixin.py:188} INFO - [2026-05-19T19:18:37.067+0000] {dag.py:3047} INFO - Sync 1 DAGs
[2026-05-19T19:18:37.082+0000] {logging_mixin.py:188} INFO - [2026-05-19T19:18:37.082+0000] {dag.py:3834} INFO - Setting next_dagrun for example_task_group to 2026-05-18 00:00:00+00:00, run_after=2026-05-19 00:00:00+00:00
[2026-05-19T19:18:37.098+0000] {processor.py:183} INFO - Processing /home/airflow/.local/lib/python3.8/site-packages/airflow/example_dags/example_task_group.py took 0.064 seconds
[2026-05-19T19:19:07.587+0000] {processor.py:161} INFO - Started process (PID=8118) to work on /home/airflow/.local/lib/python3.8/site-packages/airflow/example_dags/example_task_group.py
[2026-05-19T19:19:07.589+0000] {processor.py:830} INFO - Processing file /home/airflow/.local/lib/python3.8/site-packages/airflow/example_dags/example_task_group.py for tasks to queue
[2026-05-19T19:19:07.591+0000] {logging_mixin.py:188} INFO - [2026-05-19T19:19:07.591+0000] {dagbag.py:540} INFO - Filling up the DagBag from /home/airflow/.local/lib/python3.8/site-packages/airflow/example_dags/example_task_group.py
[2026-05-19T19:19:07.601+0000] {processor.py:840} INFO - DAG(s) 'example_task_group' retrieved from /home/airflow/.local/lib/python3.8/site-packages/airflow/example_dags/example_task_group.py
[2026-05-19T19:19:07.634+0000] {logging_mixin.py:188} INFO - [2026-05-19T19:19:07.633+0000] {dag.py:3047} INFO - Sync 1 DAGs
[2026-05-19T19:19:07.661+0000] {logging_mixin.py:188} INFO - [2026-05-19T19:19:07.660+0000] {dag.py:3834} INFO - Setting next_dagrun for example_task_group to 2026-05-18 00:00:00+00:00, run_after=2026-05-19 00:00:00+00:00
[2026-05-19T19:19:07.701+0000] {processor.py:183} INFO - Processing /home/airflow/.local/lib/python3.8/site-packages/airflow/example_dags/example_task_group.py took 0.118 seconds
[2026-05-19T19:19:37.990+0000] {processor.py:161} INFO - Started process (PID=8172) to work on /home/airflow/.local/lib/python3.8/site-packages/airflow/example_dags/example_task_group.py
[2026-05-19T19:19:37.992+0000] {processor.py:830} INFO - Processing file /home/airflow/.local/lib/python3.8/site-packages/airflow/example_dags/example_task_group.py for tasks to queue
[2026-05-19T19:19:37.997+0000] {logging_mixin.py:188} INFO - [2026-05-19T19:19:37.996+0000] {dagbag.py:540} INFO - Filling up the DagBag from /home/airflow/.local/lib/python3.8/site-packages/airflow/example_dags/example_task_group.py
[2026-05-19T19:19:38.007+0000] {processor.py:840} INFO - DAG(s) 'example_task_group' retrieved from /home/airflow/.local/lib/python3.8/site-packages/airflow/example_dags/example_task_group.py
[2026-05-19T19:19:38.034+0000] {logging_mixin.py:188} INFO - [2026-05-19T19:19:38.034+0000] {dag.py:3047} INFO - Sync 1 DAGs
[2026-05-19T19:19:38.063+0000] {logging_mixin.py:188} INFO - [2026-05-19T19:19:38.063+0000] {dag.py:3834} INFO - Setting next_dagrun for example_task_group to 2026-05-18 00:00:00+00:00, run_after=2026-05-19 00:00:00+00:00
[2026-05-19T19:19:38.107+0000] {processor.py:183} INFO - Processing /home/airflow/.local/lib/python3.8/site-packages/airflow/example_dags/example_task_group.py took 0.120 seconds
[2026-05-19T19:20:08.709+0000] {processor.py:161} INFO - Started process (PID=8228) to work on /home/airflow/.local/lib/python3.8/site-packages/airflow/example_dags/example_task_group.py
[2026-05-19T19:20:08.712+0000] {processor.py:830} INFO - Processing file /home/airflow/.local/lib/python3.8/site-packages/airflow/example_dags/example_task_group.py for tasks to queue
[2026-05-19T19:20:08.718+0000] {logging_mixin.py:188} INFO - [2026-05-19T19:20:08.717+0000] {dagbag.py:540} INFO - Filling up the DagBag from /home/airflow/.local/lib/python3.8/site-packages/airflow/example_dags/example_task_group.py
[2026-05-19T19:20:08.730+0000] {processor.py:840} INFO - DAG(s) 'example_task_group' retrieved from /home/airflow/.local/lib/python3.8/site-packages/airflow/example_dags/example_task_group.py
[2026-05-19T19:20:08.762+0000] {logging_mixin.py:188} INFO - [2026-05-19T19:20:08.761+0000] {dag.py:3047} INFO - Sync 1 DAGs
[2026-05-19T19:20:08.788+0000] {logging_mixin.py:188} INFO - [2026-05-19T19:20:08.788+0000] {dag.py:3834} INFO - Setting next_dagrun for example_task_group to 2026-05-18 00:00:00+00:00, run_after=2026-05-19 00:00:00+00:00
[2026-05-19T19:20:08.830+0000] {processor.py:183} INFO - Processing /home/airflow/.local/lib/python3.8/site-packages/airflow/example_dags/example_task_group.py took 0.127 seconds
[2026-05-19T19:20:39.699+0000] {processor.py:161} INFO - Started process (PID=8283) to work on /home/airflow/.local/lib/python3.8/site-packages/airflow/example_dags/example_task_group.py
[2026-05-19T19:20:39.701+0000] {processor.py:830} INFO - Processing file /home/airflow/.local/lib/python3.8/site-packages/airflow/example_dags/example_task_group.py for tasks to queue
[2026-05-19T19:20:39.703+0000] {logging_mixin.py:188} INFO - [2026-05-19T19:20:39.703+0000] {dagbag.py:540} INFO - Filling up the DagBag from /home/airflow/.local/lib/python3.8/site-packages/airflow/example_dags/example_task_group.py
[2026-05-19T19:20:39.710+0000] {processor.py:840} INFO - DAG(s) 'example_task_group' retrieved from /home/airflow/.local/lib/python3.8/site-packages/airflow/example_dags/example_task_group.py
[2026-05-19T19:20:39.733+0000] {logging_mixin.py:188} INFO - [2026-05-19T19:20:39.733+0000] {dag.py:3047} INFO - Sync 1 DAGs
[2026-05-19T19:20:39.751+0000] {logging_mixin.py:188} INFO - [2026-05-19T19:20:39.750+0000] {dag.py:3834} INFO - Setting next_dagrun for example_task_group to 2026-05-18 00:00:00+00:00, run_after=2026-05-19 00:00:00+00:00
[2026-05-19T19:20:39.769+0000] {processor.py:183} INFO - Processing /home/airflow/.local/lib/python3.8/site-packages/airflow/example_dags/example_task_group.py took 0.073 seconds
[2026-05-19T19:21:09.827+0000] {processor.py:161} INFO - Started process (PID=8338) to work on /home/airflow/.local/lib/python3.8/site-packages/airflow/example_dags/example_task_group.py
[2026-05-19T19:21:09.830+0000] {processor.py:830} INFO - Processing file /home/airflow/.local/lib/python3.8/site-packages/airflow/example_dags/example_task_group.py for tasks to queue
[2026-05-19T19:21:09.835+0000] {logging_mixin.py:188} INFO - [2026-05-19T19:21:09.835+0000] {dagbag.py:540} INFO - Filling up the DagBag from /home/airflow/.local/lib/python3.8/site-packages/airflow/example_dags/example_task_group.py
[2026-05-19T19:21:09.842+0000] {processor.py:840} INFO - DAG(s) 'example_task_group' retrieved from /home/airflow/.local/lib/python3.8/site-packages/airflow/example_dags/example_task_group.py
[2026-05-19T19:21:09.860+0000] {logging_mixin.py:188} INFO - [2026-05-19T19:21:09.860+0000] {dag.py:3047} INFO - Sync 1 DAGs
[2026-05-19T19:21:09.877+0000] {logging_mixin.py:188} INFO - [2026-05-19T19:21:09.877+0000] {dag.py:3834} INFO - Setting next_dagrun for example_task_group to 2026-05-18 00:00:00+00:00, run_after=2026-05-19 00:00:00+00:00
[2026-05-19T19:21:09.896+0000] {processor.py:183} INFO - Processing /home/airflow/.local/lib/python3.8/site-packages/airflow/example_dags/example_task_group.py took 0.072 seconds
[2026-05-19T19:21:40.278+0000] {processor.py:161} INFO - Started process (PID=8394) to work on /home/airflow/.local/lib/python3.8/site-packages/airflow/example_dags/example_task_group.py
[2026-05-19T19:21:40.280+0000] {processor.py:830} INFO - Processing file /home/airflow/.local/lib/python3.8/site-packages/airflow/example_dags/example_task_group.py for tasks to queue
[2026-05-19T19:21:40.282+0000] {logging_mixin.py:188} INFO - [2026-05-19T19:21:40.282+0000] {dagbag.py:540} INFO - Filling up the DagBag from /home/airflow/.local/lib/python3.8/site-packages/airflow/example_dags/example_task_group.py
[2026-05-19T19:21:40.289+0000] {processor.py:840} INFO - DAG(s) 'example_task_group' retrieved from /home/airflow/.local/lib/python3.8/site-packages/airflow/example_dags/example_task_group.py
[2026-05-19T19:21:40.317+0000] {logging_mixin.py:188} INFO - [2026-05-19T19:21:40.317+0000] {dag.py:3047} INFO - Sync 1 DAGs
[2026-05-19T19:21:40.342+0000] {logging_mixin.py:188} INFO - [2026-05-19T19:21:40.341+0000] {dag.py:3834} INFO - Setting next_dagrun for example_task_group to 2026-05-18 00:00:00+00:00, run_after=2026-05-19 00:00:00+00:00
[2026-05-19T19:21:40.380+0000] {processor.py:183} INFO - Processing /home/airflow/.local/lib/python3.8/site-packages/airflow/example_dags/example_task_group.py took 0.105 seconds
[2026-05-19T19:22:10.628+0000] {processor.py:161} INFO - Started process (PID=8449) to work on /home/airflow/.local/lib/python3.8/site-packages/airflow/example_dags/example_task_group.py
[2026-05-19T19:22:10.630+0000] {processor.py:830} INFO - Processing file /home/airflow/.local/lib/python3.8/site-packages/airflow/example_dags/example_task_group.py for tasks to queue
[2026-05-19T19:22:10.632+0000] {logging_mixin.py:188} INFO - [2026-05-19T19:22:10.632+0000] {dagbag.py:540} INFO - Filling up the DagBag from /home/airflow/.local/lib/python3.8/site-packages/airflow/example_dags/example_task_group.py
[2026-05-19T19:22:10.639+0000] {processor.py:840} INFO - DAG(s) 'example_task_group' retrieved from /home/airflow/.local/lib/python3.8/site-packages/airflow/example_dags/example_task_group.py
[2026-05-19T19:22:10.658+0000] {logging_mixin.py:188} INFO - [2026-05-19T19:22:10.658+0000] {dag.py:3047} INFO - Sync 1 DAGs
[2026-05-19T19:22:10.675+0000] {logging_mixin.py:188} INFO - [2026-05-19T19:22:10.675+0000] {dag.py:3834} INFO - Setting next_dagrun for example_task_group to 2026-05-18 00:00:00+00:00, run_after=2026-05-19 00:00:00+00:00
[2026-05-19T19:22:10.694+0000] {processor.py:183} INFO - Processing /home/airflow/.local/lib/python3.8/site-packages/airflow/example_dags/example_task_group.py took 0.068 seconds
[2026-05-19T19:22:41.080+0000] {processor.py:161} INFO - Started process (PID=8504) to work on /home/airflow/.local/lib/python3.8/site-packages/airflow/example_dags/example_task_group.py
[2026-05-19T19:22:41.082+0000] {processor.py:830} INFO - Processing file /home/airflow/.local/lib/python3.8/site-packages/airflow/example_dags/example_task_group.py for tasks to queue
[2026-05-19T19:22:41.085+0000] {logging_mixin.py:188} INFO - [2026-05-19T19:22:41.084+0000] {dagbag.py:540} INFO - Filling up the DagBag from /home/airflow/.local/lib/python3.8/site-packages/airflow/example_dags/example_task_group.py
[2026-05-19T19:22:41.092+0000] {processor.py:840} INFO - DAG(s) 'example_task_group' retrieved from /home/airflow/.local/lib/python3.8/site-packages/airflow/example_dags/example_task_group.py
[2026-05-19T19:22:41.126+0000] {logging_mixin.py:188} INFO - [2026-05-19T19:22:41.126+0000] {dag.py:3047} INFO - Sync 1 DAGs
[2026-05-19T19:22:41.150+0000] {logging_mixin.py:188} INFO - [2026-05-19T19:22:41.150+0000] {dag.py:3834} INFO - Setting next_dagrun for example_task_group to 2026-05-18 00:00:00+00:00, run_after=2026-05-19 00:00:00+00:00
[2026-05-19T19:22:41.175+0000] {processor.py:183} INFO - Processing /home/airflow/.local/lib/python3.8/site-packages/airflow/example_dags/example_task_group.py took 0.100 seconds
[2026-05-19T19:23:11.862+0000] {processor.py:161} INFO - Started process (PID=8558) to work on /home/airflow/.local/lib/python3.8/site-packages/airflow/example_dags/example_task_group.py
[2026-05-19T19:23:11.866+0000] {processor.py:830} INFO - Processing file /home/airflow/.local/lib/python3.8/site-packages/airflow/example_dags/example_task_group.py for tasks to queue
[2026-05-19T19:23:11.903+0000] {logging_mixin.py:188} INFO - [2026-05-19T19:23:11.902+0000] {dagbag.py:540} INFO - Filling up the DagBag from /home/airflow/.local/lib/python3.8/site-packages/airflow/example_dags/example_task_group.py
[2026-05-19T19:23:11.944+0000] {processor.py:840} INFO - DAG(s) 'example_task_group' retrieved from /home/airflow/.local/lib/python3.8/site-packages/airflow/example_dags/example_task_group.py
[2026-05-19T19:23:11.985+0000] {logging_mixin.py:188} INFO - [2026-05-19T19:23:11.984+0000] {dag.py:3047} INFO - Sync 1 DAGs
[2026-05-19T19:23:12.039+0000] {logging_mixin.py:188} INFO - [2026-05-19T19:23:12.039+0000] {dag.py:3834} INFO - Setting next_dagrun for example_task_group to 2026-05-18 00:00:00+00:00, run_after=2026-05-19 00:00:00+00:00
[2026-05-19T19:23:12.077+0000] {processor.py:183} INFO - Processing /home/airflow/.local/lib/python3.8/site-packages/airflow/example_dags/example_task_group.py took 0.219 seconds
[2026-05-19T19:23:42.389+0000] {processor.py:161} INFO - Started process (PID=8613) to work on /home/airflow/.local/lib/python3.8/site-packages/airflow/example_dags/example_task_group.py
[2026-05-19T19:23:42.390+0000] {processor.py:830} INFO - Processing file /home/airflow/.local/lib/python3.8/site-packages/airflow/example_dags/example_task_group.py for tasks to queue
[2026-05-19T19:23:42.392+0000] {logging_mixin.py:188} INFO - [2026-05-19T19:23:42.392+0000] {dagbag.py:540} INFO - Filling up the DagBag from /home/airflow/.local/lib/python3.8/site-packages/airflow/example_dags/example_task_group.py
[2026-05-19T19:23:42.400+0000] {processor.py:840} INFO - DAG(s) 'example_task_group' retrieved from /home/airflow/.local/lib/python3.8/site-packages/airflow/example_dags/example_task_group.py
[2026-05-19T19:23:42.417+0000] {logging_mixin.py:188} INFO - [2026-05-19T19:23:42.417+0000] {dag.py:3047} INFO - Sync 1 DAGs
[2026-05-19T19:23:42.434+0000] {logging_mixin.py:188} INFO - [2026-05-19T19:23:42.434+0000] {dag.py:3834} INFO - Setting next_dagrun for example_task_group to 2026-05-18 00:00:00+00:00, run_after=2026-05-19 00:00:00+00:00
[2026-05-19T19:23:42.449+0000] {processor.py:183} INFO - Processing /home/airflow/.local/lib/python3.8/site-packages/airflow/example_dags/example_task_group.py took 0.063 seconds
[2026-05-19T19:24:12.608+0000] {processor.py:161} INFO - Started process (PID=8668) to work on /home/airflow/.local/lib/python3.8/site-packages/airflow/example_dags/example_task_group.py
[2026-05-19T19:24:12.610+0000] {processor.py:830} INFO - Processing file /home/airflow/.local/lib/python3.8/site-packages/airflow/example_dags/example_task_group.py for tasks to queue
[2026-05-19T19:24:12.615+0000] {logging_mixin.py:188} INFO - [2026-05-19T19:24:12.614+0000] {dagbag.py:540} INFO - Filling up the DagBag from /home/airflow/.local/lib/python3.8/site-packages/airflow/example_dags/example_task_group.py
[2026-05-19T19:24:12.628+0000] {processor.py:840} INFO - DAG(s) 'example_task_group' retrieved from /home/airflow/.local/lib/python3.8/site-packages/airflow/example_dags/example_task_group.py
[2026-05-19T19:24:12.669+0000] {logging_mixin.py:188} INFO - [2026-05-19T19:24:12.669+0000] {dag.py:3047} INFO - Sync 1 DAGs
[2026-05-19T19:24:12.709+0000] {logging_mixin.py:188} INFO - [2026-05-19T19:24:12.708+0000] {dag.py:3834} INFO - Setting next_dagrun for example_task_group to 2026-05-18 00:00:00+00:00, run_after=2026-05-19 00:00:00+00:00
[2026-05-19T19:24:12.747+0000] {processor.py:183} INFO - Processing /home/airflow/.local/lib/python3.8/site-packages/airflow/example_dags/example_task_group.py took 0.146 seconds
[2026-05-19T19:24:43.314+0000] {processor.py:161} INFO - Started process (PID=8723) to work on /home/airflow/.local/lib/python3.8/site-packages/airflow/example_dags/example_task_group.py
[2026-05-19T19:24:43.315+0000] {processor.py:830} INFO - Processing file /home/airflow/.local/lib/python3.8/site-packages/airflow/example_dags/example_task_group.py for tasks to queue
[2026-05-19T19:24:43.317+0000] {logging_mixin.py:188} INFO - [2026-05-19T19:24:43.316+0000] {dagbag.py:540} INFO - Filling up the DagBag from /home/airflow/.local/lib/python3.8/site-packages/airflow/example_dags/example_task_group.py
[2026-05-19T19:24:43.323+0000] {processor.py:840} INFO - DAG(s) 'example_task_group' retrieved from /home/airflow/.local/lib/python3.8/site-packages/airflow/example_dags/example_task_group.py
[2026-05-19T19:24:43.341+0000] {logging_mixin.py:188} INFO - [2026-05-19T19:24:43.341+0000] {dag.py:3047} INFO - Sync 1 DAGs
[2026-05-19T19:24:43.356+0000] {logging_mixin.py:188} INFO - [2026-05-19T19:24:43.356+0000] {dag.py:3834} INFO - Setting next_dagrun for example_task_group to 2026-05-18 00:00:00+00:00, run_after=2026-05-19 00:00:00+00:00
[2026-05-19T19:24:43.373+0000] {processor.py:183} INFO - Processing /home/airflow/.local/lib/python3.8/site-packages/airflow/example_dags/example_task_group.py took 0.063 seconds
[2026-05-19T19:25:13.590+0000] {processor.py:161} INFO - Started process (PID=8778) to work on /home/airflow/.local/lib/python3.8/site-packages/airflow/example_dags/example_task_group.py
[2026-05-19T19:25:13.595+0000] {processor.py:830} INFO - Processing file /home/airflow/.local/lib/python3.8/site-packages/airflow/example_dags/example_task_group.py for tasks to queue
[2026-05-19T19:25:13.604+0000] {logging_mixin.py:188} INFO - [2026-05-19T19:25:13.603+0000] {dagbag.py:540} INFO - Filling up the DagBag from /home/airflow/.local/lib/python3.8/site-packages/airflow/example_dags/example_task_group.py
[2026-05-19T19:25:13.644+0000] {processor.py:840} INFO - DAG(s) 'example_task_group' retrieved from /home/airflow/.local/lib/python3.8/site-packages/airflow/example_dags/example_task_group.py
[2026-05-19T19:25:13.743+0000] {logging_mixin.py:188} INFO - [2026-05-19T19:25:13.743+0000] {dag.py:3047} INFO - Sync 1 DAGs
[2026-05-19T19:25:13.808+0000] {logging_mixin.py:188} INFO - [2026-05-19T19:25:13.807+0000] {dag.py:3834} INFO - Setting next_dagrun for example_task_group to 2026-05-18 00:00:00+00:00, run_after=2026-05-19 00:00:00+00:00
[2026-05-19T19:25:13.856+0000] {processor.py:183} INFO - Processing /home/airflow/.local/lib/python3.8/site-packages/airflow/example_dags/example_task_group.py took 0.278 seconds
[2026-05-19T19:25:43.944+0000] {processor.py:161} INFO - Started process (PID=8833) to work on /home/airflow/.local/lib/python3.8/site-packages/airflow/example_dags/example_task_group.py
[2026-05-19T19:25:43.948+0000] {processor.py:830} INFO - Processing file /home/airflow/.local/lib/python3.8/site-packages/airflow/example_dags/example_task_group.py for tasks to queue
[2026-05-19T19:25:43.963+0000] {logging_mixin.py:188} INFO - [2026-05-19T19:25:43.961+0000] {dagbag.py:540} INFO - Filling up the DagBag from /home/airflow/.local/lib/python3.8/site-packages/airflow/example_dags/example_task_group.py
[2026-05-19T19:25:43.976+0000] {processor.py:840} INFO - DAG(s) 'example_task_group' retrieved from /home/airflow/.local/lib/python3.8/site-packages/airflow/example_dags/example_task_group.py
[2026-05-19T19:25:44.005+0000] {logging_mixin.py:188} INFO - [2026-05-19T19:25:44.004+0000] {dag.py:3047} INFO - Sync 1 DAGs
[2026-05-19T19:25:44.031+0000] {logging_mixin.py:188} INFO - [2026-05-19T19:25:44.030+0000] {dag.py:3834} INFO - Setting next_dagrun for example_task_group to 2026-05-18 00:00:00+00:00, run_after=2026-05-19 00:00:00+00:00
[2026-05-19T19:25:44.058+0000] {processor.py:183} INFO - Processing /home/airflow/.local/lib/python3.8/site-packages/airflow/example_dags/example_task_group.py took 0.120 seconds
[2026-05-19T19:26:14.496+0000] {processor.py:161} INFO - Started process (PID=8888) to work on /home/airflow/.local/lib/python3.8/site-packages/airflow/example_dags/example_task_group.py
[2026-05-19T19:26:14.498+0000] {processor.py:830} INFO - Processing file /home/airflow/.local/lib/python3.8/site-packages/airflow/example_dags/example_task_group.py for tasks to queue
[2026-05-19T19:26:14.500+0000] {logging_mixin.py:188} INFO - [2026-05-19T19:26:14.500+0000] {dagbag.py:540} INFO - Filling up the DagBag from /home/airflow/.local/lib/python3.8/site-packages/airflow/example_dags/example_task_group.py
[2026-05-19T19:26:14.507+0000] {processor.py:840} INFO - DAG(s) 'example_task_group' retrieved from /home/airflow/.local/lib/python3.8/site-packages/airflow/example_dags/example_task_group.py
[2026-05-19T19:26:14.534+0000] {logging_mixin.py:188} INFO - [2026-05-19T19:26:14.534+0000] {dag.py:3047} INFO - Sync 1 DAGs
[2026-05-19T19:26:14.554+0000] {logging_mixin.py:188} INFO - [2026-05-19T19:26:14.554+0000] {dag.py:3834} INFO - Setting next_dagrun for example_task_group to 2026-05-18 00:00:00+00:00, run_after=2026-05-19 00:00:00+00:00
[2026-05-19T19:26:14.575+0000] {processor.py:183} INFO - Processing /home/airflow/.local/lib/python3.8/site-packages/airflow/example_dags/example_task_group.py took 0.083 seconds
[2026-05-19T19:26:44.629+0000] {processor.py:161} INFO - Started process (PID=8943) to work on /home/airflow/.local/lib/python3.8/site-packages/airflow/example_dags/example_task_group.py
[2026-05-19T19:26:44.630+0000] {processor.py:830} INFO - Processing file /home/airflow/.local/lib/python3.8/site-packages/airflow/example_dags/example_task_group.py for tasks to queue
[2026-05-19T19:26:44.633+0000] {logging_mixin.py:188} INFO - [2026-05-19T19:26:44.632+0000] {dagbag.py:540} INFO - Filling up the DagBag from /home/airflow/.local/lib/python3.8/site-packages/airflow/example_dags/example_task_group.py
[2026-05-19T19:26:44.640+0000] {processor.py:840} INFO - DAG(s) 'example_task_group' retrieved from /home/airflow/.local/lib/python3.8/site-packages/airflow/example_dags/example_task_group.py
[2026-05-19T19:26:44.669+0000] {logging_mixin.py:188} INFO - [2026-05-19T19:26:44.669+0000] {dag.py:3047} INFO - Sync 1 DAGs
[2026-05-19T19:26:44.693+0000] {logging_mixin.py:188} INFO - [2026-05-19T19:26:44.693+0000] {dag.py:3834} INFO - Setting next_dagrun for example_task_group to 2026-05-18 00:00:00+00:00, run_after=2026-05-19 00:00:00+00:00
[2026-05-19T19:26:44.714+0000] {processor.py:183} INFO - Processing /home/airflow/.local/lib/python3.8/site-packages/airflow/example_dags/example_task_group.py took 0.089 seconds
[2026-05-19T19:27:15.137+0000] {processor.py:161} INFO - Started process (PID=8998) to work on /home/airflow/.local/lib/python3.8/site-packages/airflow/example_dags/example_task_group.py
[2026-05-19T19:27:15.139+0000] {processor.py:830} INFO - Processing file /home/airflow/.local/lib/python3.8/site-packages/airflow/example_dags/example_task_group.py for tasks to queue
[2026-05-19T19:27:15.141+0000] {logging_mixin.py:188} INFO - [2026-05-19T19:27:15.140+0000] {dagbag.py:540} INFO - Filling up the DagBag from /home/airflow/.local/lib/python3.8/site-packages/airflow/example_dags/example_task_group.py
[2026-05-19T19:27:15.147+0000] {processor.py:840} INFO - DAG(s) 'example_task_group' retrieved from /home/airflow/.local/lib/python3.8/site-packages/airflow/example_dags/example_task_group.py
[2026-05-19T19:27:15.167+0000] {logging_mixin.py:188} INFO - [2026-05-19T19:27:15.167+0000] {dag.py:3047} INFO - Sync 1 DAGs
[2026-05-19T19:27:15.184+0000] {logging_mixin.py:188} INFO - [2026-05-19T19:27:15.184+0000] {dag.py:3834} INFO - Setting next_dagrun for example_task_group to 2026-05-18 00:00:00+00:00, run_after=2026-05-19 00:00:00+00:00
[2026-05-19T19:27:15.206+0000] {processor.py:183} INFO - Processing /home/airflow/.local/lib/python3.8/site-packages/airflow/example_dags/example_task_group.py took 0.073 seconds
[2026-05-19T19:27:45.525+0000] {processor.py:161} INFO - Started process (PID=9053) to work on /home/airflow/.local/lib/python3.8/site-packages/airflow/example_dags/example_task_group.py
[2026-05-19T19:27:45.527+0000] {processor.py:830} INFO - Processing file /home/airflow/.local/lib/python3.8/site-packages/airflow/example_dags/example_task_group.py for tasks to queue
[2026-05-19T19:27:45.530+0000] {logging_mixin.py:188} INFO - [2026-05-19T19:27:45.529+0000] {dagbag.py:540} INFO - Filling up the DagBag from /home/airflow/.local/lib/python3.8/site-packages/airflow/example_dags/example_task_group.py
[2026-05-19T19:27:45.538+0000] {processor.py:840} INFO - DAG(s) 'example_task_group' retrieved from /home/airflow/.local/lib/python3.8/site-packages/airflow/example_dags/example_task_group.py
[2026-05-19T19:27:45.568+0000] {logging_mixin.py:188} INFO - [2026-05-19T19:27:45.568+0000] {dag.py:3047} INFO - Sync 1 DAGs
[2026-05-19T19:27:45.592+0000] {logging_mixin.py:188} INFO - [2026-05-19T19:27:45.591+0000] {dag.py:3834} INFO - Setting next_dagrun for example_task_group to 2026-05-18 00:00:00+00:00, run_after=2026-05-19 00:00:00+00:00
[2026-05-19T19:27:45.613+0000] {processor.py:183} INFO - Processing /home/airflow/.local/lib/python3.8/site-packages/airflow/example_dags/example_task_group.py took 0.092 seconds
[2026-05-19T19:28:16.362+0000] {processor.py:161} INFO - Started process (PID=9108) to work on /home/airflow/.local/lib/python3.8/site-packages/airflow/example_dags/example_task_group.py
[2026-05-19T19:28:16.366+0000] {processor.py:830} INFO - Processing file /home/airflow/.local/lib/python3.8/site-packages/airflow/example_dags/example_task_group.py for tasks to queue
[2026-05-19T19:28:16.374+0000] {logging_mixin.py:188} INFO - [2026-05-19T19:28:16.373+0000] {dagbag.py:540} INFO - Filling up the DagBag from /home/airflow/.local/lib/python3.8/site-packages/airflow/example_dags/example_task_group.py
[2026-05-19T19:28:16.401+0000] {processor.py:840} INFO - DAG(s) 'example_task_group' retrieved from /home/airflow/.local/lib/python3.8/site-packages/airflow/example_dags/example_task_group.py
[2026-05-19T19:28:16.477+0000] {logging_mixin.py:188} INFO - [2026-05-19T19:28:16.476+0000] {dag.py:3047} INFO - Sync 1 DAGs
[2026-05-19T19:28:16.541+0000] {logging_mixin.py:188} INFO - [2026-05-19T19:28:16.540+0000] {dag.py:3834} INFO - Setting next_dagrun for example_task_group to 2026-05-18 00:00:00+00:00, run_after=2026-05-19 00:00:00+00:00
[2026-05-19T19:28:16.591+0000] {processor.py:183} INFO - Processing /home/airflow/.local/lib/python3.8/site-packages/airflow/example_dags/example_task_group.py took 0.240 seconds
[2026-05-19T19:28:47.119+0000] {processor.py:161} INFO - Started process (PID=9163) to work on /home/airflow/.local/lib/python3.8/site-packages/airflow/example_dags/example_task_group.py
[2026-05-19T19:28:47.122+0000] {processor.py:830} INFO - Processing file /home/airflow/.local/lib/python3.8/site-packages/airflow/example_dags/example_task_group.py for tasks to queue
[2026-05-19T19:28:47.125+0000] {logging_mixin.py:188} INFO - [2026-05-19T19:28:47.124+0000] {dagbag.py:540} INFO - Filling up the DagBag from /home/airflow/.local/lib/python3.8/site-packages/airflow/example_dags/example_task_group.py
[2026-05-19T19:28:47.131+0000] {processor.py:840} INFO - DAG(s) 'example_task_group' retrieved from /home/airflow/.local/lib/python3.8/site-packages/airflow/example_dags/example_task_group.py
[2026-05-19T19:28:47.153+0000] {logging_mixin.py:188} INFO - [2026-05-19T19:28:47.153+0000] {dag.py:3047} INFO - Sync 1 DAGs
[2026-05-19T19:28:47.172+0000] {logging_mixin.py:188} INFO - [2026-05-19T19:28:47.172+0000] {dag.py:3834} INFO - Setting next_dagrun for example_task_group to 2026-05-18 00:00:00+00:00, run_after=2026-05-19 00:00:00+00:00
[2026-05-19T19:28:47.192+0000] {processor.py:183} INFO - Processing /home/airflow/.local/lib/python3.8/site-packages/airflow/example_dags/example_task_group.py took 0.078 seconds
[2026-05-19T19:29:17.666+0000] {processor.py:161} INFO - Started process (PID=9218) to work on /home/airflow/.local/lib/python3.8/site-packages/airflow/example_dags/example_task_group.py
[2026-05-19T19:29:17.668+0000] {processor.py:830} INFO - Processing file /home/airflow/.local/lib/python3.8/site-packages/airflow/example_dags/example_task_group.py for tasks to queue
[2026-05-19T19:29:17.671+0000] {logging_mixin.py:188} INFO - [2026-05-19T19:29:17.670+0000] {dagbag.py:540} INFO - Filling up the DagBag from /home/airflow/.local/lib/python3.8/site-packages/airflow/example_dags/example_task_group.py
[2026-05-19T19:29:17.678+0000] {processor.py:840} INFO - DAG(s) 'example_task_group' retrieved from /home/airflow/.local/lib/python3.8/site-packages/airflow/example_dags/example_task_group.py
[2026-05-19T19:29:17.701+0000] {logging_mixin.py:188} INFO - [2026-05-19T19:29:17.701+0000] {dag.py:3047} INFO - Sync 1 DAGs
[2026-05-19T19:29:17.723+0000] {logging_mixin.py:188} INFO - [2026-05-19T19:29:17.723+0000] {dag.py:3834} INFO - Setting next_dagrun for example_task_group to 2026-05-18 00:00:00+00:00, run_after=2026-05-19 00:00:00+00:00
[2026-05-19T19:29:17.746+0000] {processor.py:183} INFO - Processing /home/airflow/.local/lib/python3.8/site-packages/airflow/example_dags/example_task_group.py took 0.085 seconds
[2026-05-19T19:29:48.348+0000] {processor.py:161} INFO - Started process (PID=9279) to work on /home/airflow/.local/lib/python3.8/site-packages/airflow/example_dags/example_task_group.py
[2026-05-19T19:29:48.349+0000] {processor.py:830} INFO - Processing file /home/airflow/.local/lib/python3.8/site-packages/airflow/example_dags/example_task_group.py for tasks to queue
[2026-05-19T19:29:48.352+0000] {logging_mixin.py:188} INFO - [2026-05-19T19:29:48.351+0000] {dagbag.py:540} INFO - Filling up the DagBag from /home/airflow/.local/lib/python3.8/site-packages/airflow/example_dags/example_task_group.py
[2026-05-19T19:29:48.361+0000] {processor.py:840} INFO - DAG(s) 'example_task_group' retrieved from /home/airflow/.local/lib/python3.8/site-packages/airflow/example_dags/example_task_group.py
[2026-05-19T19:29:48.412+0000] {logging_mixin.py:188} INFO - [2026-05-19T19:29:48.412+0000] {dag.py:3047} INFO - Sync 1 DAGs
[2026-05-19T19:29:48.451+0000] {logging_mixin.py:188} INFO - [2026-05-19T19:29:48.450+0000] {dag.py:3834} INFO - Setting next_dagrun for example_task_group to 2026-05-18 00:00:00+00:00, run_after=2026-05-19 00:00:00+00:00
[2026-05-19T19:29:48.478+0000] {processor.py:183} INFO - Processing /home/airflow/.local/lib/python3.8/site-packages/airflow/example_dags/example_task_group.py took 0.134 seconds
[2026-05-19T19:30:18.637+0000] {processor.py:161} INFO - Started process (PID=9334) to work on /home/airflow/.local/lib/python3.8/site-packages/airflow/example_dags/example_task_group.py
[2026-05-19T19:30:18.639+0000] {processor.py:830} INFO - Processing file /home/airflow/.local/lib/python3.8/site-packages/airflow/example_dags/example_task_group.py for tasks to queue
[2026-05-19T19:30:18.642+0000] {logging_mixin.py:188} INFO - [2026-05-19T19:30:18.641+0000] {dagbag.py:540} INFO - Filling up the DagBag from /home/airflow/.local/lib/python3.8/site-packages/airflow/example_dags/example_task_group.py
[2026-05-19T19:30:18.651+0000] {processor.py:840} INFO - DAG(s) 'example_task_group' retrieved from /home/airflow/.local/lib/python3.8/site-packages/airflow/example_dags/example_task_group.py
[2026-05-19T19:30:18.684+0000] {logging_mixin.py:188} INFO - [2026-05-19T19:30:18.684+0000] {dag.py:3047} INFO - Sync 1 DAGs
[2026-05-19T19:30:18.713+0000] {logging_mixin.py:188} INFO - [2026-05-19T19:30:18.713+0000] {dag.py:3834} INFO - Setting next_dagrun for example_task_group to 2026-05-18 00:00:00+00:00, run_after=2026-05-19 00:00:00+00:00
[2026-05-19T19:30:18.747+0000] {processor.py:183} INFO - Processing /home/airflow/.local/lib/python3.8/site-packages/airflow/example_dags/example_task_group.py took 0.115 seconds
[2026-05-19T19:30:49.068+0000] {processor.py:161} INFO - Started process (PID=9389) to work on /home/airflow/.local/lib/python3.8/site-packages/airflow/example_dags/example_task_group.py
[2026-05-19T19:30:49.070+0000] {processor.py:830} INFO - Processing file /home/airflow/.local/lib/python3.8/site-packages/airflow/example_dags/example_task_group.py for tasks to queue
[2026-05-19T19:30:49.075+0000] {logging_mixin.py:188} INFO - [2026-05-19T19:30:49.074+0000] {dagbag.py:540} INFO - Filling up the DagBag from /home/airflow/.local/lib/python3.8/site-packages/airflow/example_dags/example_task_group.py
[2026-05-19T19:30:49.089+0000] {processor.py:840} INFO - DAG(s) 'example_task_group' retrieved from /home/airflow/.local/lib/python3.8/site-packages/airflow/example_dags/example_task_group.py
[2026-05-19T19:30:49.176+0000] {logging_mixin.py:188} INFO - [2026-05-19T19:30:49.175+0000] {dag.py:3047} INFO - Sync 1 DAGs
[2026-05-19T19:30:49.235+0000] {logging_mixin.py:188} INFO - [2026-05-19T19:30:49.234+0000] {dag.py:3834} INFO - Setting next_dagrun for example_task_group to 2026-05-18 00:00:00+00:00, run_after=2026-05-19 00:00:00+00:00
[2026-05-19T19:30:49.277+0000] {processor.py:183} INFO - Processing /home/airflow/.local/lib/python3.8/site-packages/airflow/example_dags/example_task_group.py took 0.215 seconds
[2026-05-19T19:31:19.830+0000] {processor.py:161} INFO - Started process (PID=9444) to work on /home/airflow/.local/lib/python3.8/site-packages/airflow/example_dags/example_task_group.py
[2026-05-19T19:31:19.852+0000] {processor.py:830} INFO - Processing file /home/airflow/.local/lib/python3.8/site-packages/airflow/example_dags/example_task_group.py for tasks to queue
[2026-05-19T19:31:19.867+0000] {logging_mixin.py:188} INFO - [2026-05-19T19:31:19.866+0000] {dagbag.py:540} INFO - Filling up the DagBag from /home/airflow/.local/lib/python3.8/site-packages/airflow/example_dags/example_task_group.py
[2026-05-19T19:31:19.888+0000] {processor.py:840} INFO - DAG(s) 'example_task_group' retrieved from /home/airflow/.local/lib/python3.8/site-packages/airflow/example_dags/example_task_group.py
[2026-05-19T19:31:19.934+0000] {logging_mixin.py:188} INFO - [2026-05-19T19:31:19.934+0000] {dag.py:3047} INFO - Sync 1 DAGs
[2026-05-19T19:31:19.963+0000] {logging_mixin.py:188} INFO - [2026-05-19T19:31:19.963+0000] {dag.py:3834} INFO - Setting next_dagrun for example_task_group to 2026-05-18 00:00:00+00:00, run_after=2026-05-19 00:00:00+00:00
[2026-05-19T19:31:20.002+0000] {processor.py:183} INFO - Processing /home/airflow/.local/lib/python3.8/site-packages/airflow/example_dags/example_task_group.py took 0.181 seconds
[2026-05-19T19:31:50.579+0000] {processor.py:161} INFO - Started process (PID=9499) to work on /home/airflow/.local/lib/python3.8/site-packages/airflow/example_dags/example_task_group.py
[2026-05-19T19:31:50.582+0000] {processor.py:830} INFO - Processing file /home/airflow/.local/lib/python3.8/site-packages/airflow/example_dags/example_task_group.py for tasks to queue
[2026-05-19T19:31:50.588+0000] {logging_mixin.py:188} INFO - [2026-05-19T19:31:50.587+0000] {dagbag.py:540} INFO - Filling up the DagBag from /home/airflow/.local/lib/python3.8/site-packages/airflow/example_dags/example_task_group.py
[2026-05-19T19:31:50.612+0000] {processor.py:840} INFO - DAG(s) 'example_task_group' retrieved from /home/airflow/.local/lib/python3.8/site-packages/airflow/example_dags/example_task_group.py
[2026-05-19T19:31:50.672+0000] {logging_mixin.py:188} INFO - [2026-05-19T19:31:50.671+0000] {dag.py:3047} INFO - Sync 1 DAGs
[2026-05-19T19:31:50.697+0000] {logging_mixin.py:188} INFO - [2026-05-19T19:31:50.697+0000] {dag.py:3834} INFO - Setting next_dagrun for example_task_group to 2026-05-18 00:00:00+00:00, run_after=2026-05-19 00:00:00+00:00
[2026-05-19T19:31:50.729+0000] {processor.py:183} INFO - Processing /home/airflow/.local/lib/python3.8/site-packages/airflow/example_dags/example_task_group.py took 0.155 seconds
[2026-05-19T19:32:20.846+0000] {processor.py:161} INFO - Started process (PID=9554) to work on /home/airflow/.local/lib/python3.8/site-packages/airflow/example_dags/example_task_group.py
[2026-05-19T19:32:20.848+0000] {processor.py:830} INFO - Processing file /home/airflow/.local/lib/python3.8/site-packages/airflow/example_dags/example_task_group.py for tasks to queue
[2026-05-19T19:32:20.851+0000] {logging_mixin.py:188} INFO - [2026-05-19T19:32:20.851+0000] {dagbag.py:540} INFO - Filling up the DagBag from /home/airflow/.local/lib/python3.8/site-packages/airflow/example_dags/example_task_group.py
[2026-05-19T19:32:20.860+0000] {processor.py:840} INFO - DAG(s) 'example_task_group' retrieved from /home/airflow/.local/lib/python3.8/site-packages/airflow/example_dags/example_task_group.py
[2026-05-19T19:32:20.891+0000] {logging_mixin.py:188} INFO - [2026-05-19T19:32:20.891+0000] {dag.py:3047} INFO - Sync 1 DAGs
[2026-05-19T19:32:20.921+0000] {logging_mixin.py:188} INFO - [2026-05-19T19:32:20.921+0000] {dag.py:3834} INFO - Setting next_dagrun for example_task_group to 2026-05-18 00:00:00+00:00, run_after=2026-05-19 00:00:00+00:00
[2026-05-19T19:32:20.960+0000] {processor.py:183} INFO - Processing /home/airflow/.local/lib/python3.8/site-packages/airflow/example_dags/example_task_group.py took 0.117 seconds
[2026-05-19T19:32:51.320+0000] {processor.py:161} INFO - Started process (PID=9609) to work on /home/airflow/.local/lib/python3.8/site-packages/airflow/example_dags/example_task_group.py
[2026-05-19T19:32:51.321+0000] {processor.py:830} INFO - Processing file /home/airflow/.local/lib/python3.8/site-packages/airflow/example_dags/example_task_group.py for tasks to queue
[2026-05-19T19:32:51.323+0000] {logging_mixin.py:188} INFO - [2026-05-19T19:32:51.323+0000] {dagbag.py:540} INFO - Filling up the DagBag from /home/airflow/.local/lib/python3.8/site-packages/airflow/example_dags/example_task_group.py
[2026-05-19T19:32:51.330+0000] {processor.py:840} INFO - DAG(s) 'example_task_group' retrieved from /home/airflow/.local/lib/python3.8/site-packages/airflow/example_dags/example_task_group.py
[2026-05-19T19:32:51.348+0000] {logging_mixin.py:188} INFO - [2026-05-19T19:32:51.348+0000] {dag.py:3047} INFO - Sync 1 DAGs
[2026-05-19T19:32:51.372+0000] {logging_mixin.py:188} INFO - [2026-05-19T19:32:51.371+0000] {dag.py:3834} INFO - Setting next_dagrun for example_task_group to 2026-05-18 00:00:00+00:00, run_after=2026-05-19 00:00:00+00:00
[2026-05-19T19:32:51.390+0000] {processor.py:183} INFO - Processing /home/airflow/.local/lib/python3.8/site-packages/airflow/example_dags/example_task_group.py took 0.074 seconds
[2026-05-19T19:33:21.604+0000] {processor.py:161} INFO - Started process (PID=9664) to work on /home/airflow/.local/lib/python3.8/site-packages/airflow/example_dags/example_task_group.py
[2026-05-19T19:33:21.606+0000] {processor.py:830} INFO - Processing file /home/airflow/.local/lib/python3.8/site-packages/airflow/example_dags/example_task_group.py for tasks to queue
[2026-05-19T19:33:21.611+0000] {logging_mixin.py:188} INFO - [2026-05-19T19:33:21.611+0000] {dagbag.py:540} INFO - Filling up the DagBag from /home/airflow/.local/lib/python3.8/site-packages/airflow/example_dags/example_task_group.py
[2026-05-19T19:33:21.628+0000] {processor.py:840} INFO - DAG(s) 'example_task_group' retrieved from /home/airflow/.local/lib/python3.8/site-packages/airflow/example_dags/example_task_group.py
[2026-05-19T19:33:21.675+0000] {logging_mixin.py:188} INFO - [2026-05-19T19:33:21.674+0000] {dag.py:3047} INFO - Sync 1 DAGs
[2026-05-19T19:33:21.753+0000] {logging_mixin.py:188} INFO - [2026-05-19T19:33:21.752+0000] {dag.py:3834} INFO - Setting next_dagrun for example_task_group to 2026-05-18 00:00:00+00:00, run_after=2026-05-19 00:00:00+00:00
[2026-05-19T19:33:21.829+0000] {processor.py:183} INFO - Processing /home/airflow/.local/lib/python3.8/site-packages/airflow/example_dags/example_task_group.py took 0.231 seconds
[2026-05-19T19:33:52.364+0000] {processor.py:161} INFO - Started process (PID=9720) to work on /home/airflow/.local/lib/python3.8/site-packages/airflow/example_dags/example_task_group.py
[2026-05-19T19:33:52.368+0000] {processor.py:830} INFO - Processing file /home/airflow/.local/lib/python3.8/site-packages/airflow/example_dags/example_task_group.py for tasks to queue
[2026-05-19T19:33:52.374+0000] {logging_mixin.py:188} INFO - [2026-05-19T19:33:52.373+0000] {dagbag.py:540} INFO - Filling up the DagBag from /home/airflow/.local/lib/python3.8/site-packages/airflow/example_dags/example_task_group.py
[2026-05-19T19:33:52.394+0000] {processor.py:840} INFO - DAG(s) 'example_task_group' retrieved from /home/airflow/.local/lib/python3.8/site-packages/airflow/example_dags/example_task_group.py
[2026-05-19T19:33:52.479+0000] {logging_mixin.py:188} INFO - [2026-05-19T19:33:52.478+0000] {dag.py:3047} INFO - Sync 1 DAGs
[2026-05-19T19:33:52.594+0000] {logging_mixin.py:188} INFO - [2026-05-19T19:33:52.593+0000] {dag.py:3834} INFO - Setting next_dagrun for example_task_group to 2026-05-18 00:00:00+00:00, run_after=2026-05-19 00:00:00+00:00
[2026-05-19T19:33:52.685+0000] {processor.py:183} INFO - Processing /home/airflow/.local/lib/python3.8/site-packages/airflow/example_dags/example_task_group.py took 0.329 seconds
