[2026-05-19T19:18:14.206+0000] {processor.py:161} INFO - Started process (PID=8022) to work on /home/airflow/.local/lib/python3.8/site-packages/airflow/example_dags/tutorial_dag.py
[2026-05-19T19:18:14.210+0000] {processor.py:830} INFO - Processing file /home/airflow/.local/lib/python3.8/site-packages/airflow/example_dags/tutorial_dag.py for tasks to queue
[2026-05-19T19:18:14.216+0000] {logging_mixin.py:188} INFO - [2026-05-19T19:18:14.215+0000] {dagbag.py:540} INFO - Filling up the DagBag from /home/airflow/.local/lib/python3.8/site-packages/airflow/example_dags/tutorial_dag.py
[2026-05-19T19:18:14.239+0000] {processor.py:840} INFO - DAG(s) 'tutorial_dag' retrieved from /home/airflow/.local/lib/python3.8/site-packages/airflow/example_dags/tutorial_dag.py
[2026-05-19T19:18:14.296+0000] {logging_mixin.py:188} INFO - [2026-05-19T19:18:14.296+0000] {dag.py:3047} INFO - Sync 1 DAGs
[2026-05-19T19:18:14.329+0000] {logging_mixin.py:188} INFO - [2026-05-19T19:18:14.328+0000] {dag.py:3834} INFO - Setting next_dagrun for tutorial_dag to None, run_after=None
[2026-05-19T19:18:14.377+0000] {processor.py:183} INFO - Processing /home/airflow/.local/lib/python3.8/site-packages/airflow/example_dags/tutorial_dag.py took 0.180 seconds
[2026-05-19T19:18:44.726+0000] {processor.py:161} INFO - Started process (PID=8075) to work on /home/airflow/.local/lib/python3.8/site-packages/airflow/example_dags/tutorial_dag.py
[2026-05-19T19:18:44.727+0000] {processor.py:830} INFO - Processing file /home/airflow/.local/lib/python3.8/site-packages/airflow/example_dags/tutorial_dag.py for tasks to queue
[2026-05-19T19:18:44.730+0000] {logging_mixin.py:188} INFO - [2026-05-19T19:18:44.730+0000] {dagbag.py:540} INFO - Filling up the DagBag from /home/airflow/.local/lib/python3.8/site-packages/airflow/example_dags/tutorial_dag.py
[2026-05-19T19:18:44.737+0000] {processor.py:840} INFO - DAG(s) 'tutorial_dag' retrieved from /home/airflow/.local/lib/python3.8/site-packages/airflow/example_dags/tutorial_dag.py
[2026-05-19T19:18:44.756+0000] {logging_mixin.py:188} INFO - [2026-05-19T19:18:44.756+0000] {dag.py:3047} INFO - Sync 1 DAGs
[2026-05-19T19:18:44.767+0000] {logging_mixin.py:188} INFO - [2026-05-19T19:18:44.767+0000] {dag.py:3834} INFO - Setting next_dagrun for tutorial_dag to None, run_after=None
[2026-05-19T19:18:44.790+0000] {processor.py:183} INFO - Processing /home/airflow/.local/lib/python3.8/site-packages/airflow/example_dags/tutorial_dag.py took 0.068 seconds
[2026-05-19T19:19:15.238+0000] {processor.py:161} INFO - Started process (PID=8130) to work on /home/airflow/.local/lib/python3.8/site-packages/airflow/example_dags/tutorial_dag.py
[2026-05-19T19:19:15.240+0000] {processor.py:830} INFO - Processing file /home/airflow/.local/lib/python3.8/site-packages/airflow/example_dags/tutorial_dag.py for tasks to queue
[2026-05-19T19:19:15.243+0000] {logging_mixin.py:188} INFO - [2026-05-19T19:19:15.243+0000] {dagbag.py:540} INFO - Filling up the DagBag from /home/airflow/.local/lib/python3.8/site-packages/airflow/example_dags/tutorial_dag.py
[2026-05-19T19:19:15.252+0000] {processor.py:840} INFO - DAG(s) 'tutorial_dag' retrieved from /home/airflow/.local/lib/python3.8/site-packages/airflow/example_dags/tutorial_dag.py
[2026-05-19T19:19:15.281+0000] {logging_mixin.py:188} INFO - [2026-05-19T19:19:15.281+0000] {dag.py:3047} INFO - Sync 1 DAGs
[2026-05-19T19:19:15.296+0000] {logging_mixin.py:188} INFO - [2026-05-19T19:19:15.295+0000] {dag.py:3834} INFO - Setting next_dagrun for tutorial_dag to None, run_after=None
[2026-05-19T19:19:15.325+0000] {processor.py:183} INFO - Processing /home/airflow/.local/lib/python3.8/site-packages/airflow/example_dags/tutorial_dag.py took 0.092 seconds
[2026-05-19T19:19:45.538+0000] {processor.py:161} INFO - Started process (PID=8184) to work on /home/airflow/.local/lib/python3.8/site-packages/airflow/example_dags/tutorial_dag.py
[2026-05-19T19:19:45.540+0000] {processor.py:830} INFO - Processing file /home/airflow/.local/lib/python3.8/site-packages/airflow/example_dags/tutorial_dag.py for tasks to queue
[2026-05-19T19:19:45.542+0000] {logging_mixin.py:188} INFO - [2026-05-19T19:19:45.542+0000] {dagbag.py:540} INFO - Filling up the DagBag from /home/airflow/.local/lib/python3.8/site-packages/airflow/example_dags/tutorial_dag.py
[2026-05-19T19:19:45.548+0000] {processor.py:840} INFO - DAG(s) 'tutorial_dag' retrieved from /home/airflow/.local/lib/python3.8/site-packages/airflow/example_dags/tutorial_dag.py
[2026-05-19T19:19:45.567+0000] {logging_mixin.py:188} INFO - [2026-05-19T19:19:45.567+0000] {dag.py:3047} INFO - Sync 1 DAGs
[2026-05-19T19:19:45.577+0000] {logging_mixin.py:188} INFO - [2026-05-19T19:19:45.577+0000] {dag.py:3834} INFO - Setting next_dagrun for tutorial_dag to None, run_after=None
[2026-05-19T19:19:45.594+0000] {processor.py:183} INFO - Processing /home/airflow/.local/lib/python3.8/site-packages/airflow/example_dags/tutorial_dag.py took 0.059 seconds
[2026-05-19T19:20:16.568+0000] {processor.py:161} INFO - Started process (PID=8246) to work on /home/airflow/.local/lib/python3.8/site-packages/airflow/example_dags/tutorial_dag.py
[2026-05-19T19:20:16.573+0000] {processor.py:830} INFO - Processing file /home/airflow/.local/lib/python3.8/site-packages/airflow/example_dags/tutorial_dag.py for tasks to queue
[2026-05-19T19:20:16.576+0000] {logging_mixin.py:188} INFO - [2026-05-19T19:20:16.576+0000] {dagbag.py:540} INFO - Filling up the DagBag from /home/airflow/.local/lib/python3.8/site-packages/airflow/example_dags/tutorial_dag.py
[2026-05-19T19:20:16.586+0000] {processor.py:840} INFO - DAG(s) 'tutorial_dag' retrieved from /home/airflow/.local/lib/python3.8/site-packages/airflow/example_dags/tutorial_dag.py
[2026-05-19T19:20:16.607+0000] {logging_mixin.py:188} INFO - [2026-05-19T19:20:16.607+0000] {dag.py:3047} INFO - Sync 1 DAGs
[2026-05-19T19:20:16.620+0000] {logging_mixin.py:188} INFO - [2026-05-19T19:20:16.619+0000] {dag.py:3834} INFO - Setting next_dagrun for tutorial_dag to None, run_after=None
[2026-05-19T19:20:16.647+0000] {processor.py:183} INFO - Processing /home/airflow/.local/lib/python3.8/site-packages/airflow/example_dags/tutorial_dag.py took 0.095 seconds
[2026-05-19T19:20:47.415+0000] {processor.py:161} INFO - Started process (PID=8301) to work on /home/airflow/.local/lib/python3.8/site-packages/airflow/example_dags/tutorial_dag.py
[2026-05-19T19:20:47.417+0000] {processor.py:830} INFO - Processing file /home/airflow/.local/lib/python3.8/site-packages/airflow/example_dags/tutorial_dag.py for tasks to queue
[2026-05-19T19:20:47.420+0000] {logging_mixin.py:188} INFO - [2026-05-19T19:20:47.420+0000] {dagbag.py:540} INFO - Filling up the DagBag from /home/airflow/.local/lib/python3.8/site-packages/airflow/example_dags/tutorial_dag.py
[2026-05-19T19:20:47.429+0000] {processor.py:840} INFO - DAG(s) 'tutorial_dag' retrieved from /home/airflow/.local/lib/python3.8/site-packages/airflow/example_dags/tutorial_dag.py
[2026-05-19T19:20:47.465+0000] {logging_mixin.py:188} INFO - [2026-05-19T19:20:47.465+0000] {dag.py:3047} INFO - Sync 1 DAGs
[2026-05-19T19:20:47.482+0000] {logging_mixin.py:188} INFO - [2026-05-19T19:20:47.481+0000] {dag.py:3834} INFO - Setting next_dagrun for tutorial_dag to None, run_after=None
[2026-05-19T19:20:47.533+0000] {processor.py:183} INFO - Processing /home/airflow/.local/lib/python3.8/site-packages/airflow/example_dags/tutorial_dag.py took 0.122 seconds
[2026-05-19T19:21:17.741+0000] {processor.py:161} INFO - Started process (PID=8357) to work on /home/airflow/.local/lib/python3.8/site-packages/airflow/example_dags/tutorial_dag.py
[2026-05-19T19:21:17.742+0000] {processor.py:830} INFO - Processing file /home/airflow/.local/lib/python3.8/site-packages/airflow/example_dags/tutorial_dag.py for tasks to queue
[2026-05-19T19:21:17.746+0000] {logging_mixin.py:188} INFO - [2026-05-19T19:21:17.745+0000] {dagbag.py:540} INFO - Filling up the DagBag from /home/airflow/.local/lib/python3.8/site-packages/airflow/example_dags/tutorial_dag.py
[2026-05-19T19:21:17.754+0000] {processor.py:840} INFO - DAG(s) 'tutorial_dag' retrieved from /home/airflow/.local/lib/python3.8/site-packages/airflow/example_dags/tutorial_dag.py
[2026-05-19T19:21:17.789+0000] {logging_mixin.py:188} INFO - [2026-05-19T19:21:17.789+0000] {dag.py:3047} INFO - Sync 1 DAGs
[2026-05-19T19:21:17.812+0000] {logging_mixin.py:188} INFO - [2026-05-19T19:21:17.811+0000] {dag.py:3834} INFO - Setting next_dagrun for tutorial_dag to None, run_after=None
[2026-05-19T19:21:17.844+0000] {processor.py:183} INFO - Processing /home/airflow/.local/lib/python3.8/site-packages/airflow/example_dags/tutorial_dag.py took 0.107 seconds
[2026-05-19T19:21:48.236+0000] {processor.py:161} INFO - Started process (PID=8412) to work on /home/airflow/.local/lib/python3.8/site-packages/airflow/example_dags/tutorial_dag.py
[2026-05-19T19:21:48.238+0000] {processor.py:830} INFO - Processing file /home/airflow/.local/lib/python3.8/site-packages/airflow/example_dags/tutorial_dag.py for tasks to queue
[2026-05-19T19:21:48.242+0000] {logging_mixin.py:188} INFO - [2026-05-19T19:21:48.242+0000] {dagbag.py:540} INFO - Filling up the DagBag from /home/airflow/.local/lib/python3.8/site-packages/airflow/example_dags/tutorial_dag.py
[2026-05-19T19:21:48.255+0000] {processor.py:840} INFO - DAG(s) 'tutorial_dag' retrieved from /home/airflow/.local/lib/python3.8/site-packages/airflow/example_dags/tutorial_dag.py
[2026-05-19T19:21:48.288+0000] {logging_mixin.py:188} INFO - [2026-05-19T19:21:48.288+0000] {dag.py:3047} INFO - Sync 1 DAGs
[2026-05-19T19:21:48.302+0000] {logging_mixin.py:188} INFO - [2026-05-19T19:21:48.302+0000] {dag.py:3834} INFO - Setting next_dagrun for tutorial_dag to None, run_after=None
[2026-05-19T19:21:48.335+0000] {processor.py:183} INFO - Processing /home/airflow/.local/lib/python3.8/site-packages/airflow/example_dags/tutorial_dag.py took 0.106 seconds
[2026-05-19T19:22:18.472+0000] {processor.py:161} INFO - Started process (PID=8466) to work on /home/airflow/.local/lib/python3.8/site-packages/airflow/example_dags/tutorial_dag.py
[2026-05-19T19:22:18.475+0000] {processor.py:830} INFO - Processing file /home/airflow/.local/lib/python3.8/site-packages/airflow/example_dags/tutorial_dag.py for tasks to queue
[2026-05-19T19:22:18.479+0000] {logging_mixin.py:188} INFO - [2026-05-19T19:22:18.479+0000] {dagbag.py:540} INFO - Filling up the DagBag from /home/airflow/.local/lib/python3.8/site-packages/airflow/example_dags/tutorial_dag.py
[2026-05-19T19:22:18.494+0000] {processor.py:840} INFO - DAG(s) 'tutorial_dag' retrieved from /home/airflow/.local/lib/python3.8/site-packages/airflow/example_dags/tutorial_dag.py
[2026-05-19T19:22:18.570+0000] {logging_mixin.py:188} INFO - [2026-05-19T19:22:18.570+0000] {dag.py:3047} INFO - Sync 1 DAGs
[2026-05-19T19:22:18.609+0000] {logging_mixin.py:188} INFO - [2026-05-19T19:22:18.609+0000] {dag.py:3834} INFO - Setting next_dagrun for tutorial_dag to None, run_after=None
[2026-05-19T19:22:18.671+0000] {processor.py:183} INFO - Processing /home/airflow/.local/lib/python3.8/site-packages/airflow/example_dags/tutorial_dag.py took 0.205 seconds
[2026-05-19T19:22:48.751+0000] {processor.py:161} INFO - Started process (PID=8520) to work on /home/airflow/.local/lib/python3.8/site-packages/airflow/example_dags/tutorial_dag.py
[2026-05-19T19:22:48.753+0000] {processor.py:830} INFO - Processing file /home/airflow/.local/lib/python3.8/site-packages/airflow/example_dags/tutorial_dag.py for tasks to queue
[2026-05-19T19:22:48.756+0000] {logging_mixin.py:188} INFO - [2026-05-19T19:22:48.756+0000] {dagbag.py:540} INFO - Filling up the DagBag from /home/airflow/.local/lib/python3.8/site-packages/airflow/example_dags/tutorial_dag.py
[2026-05-19T19:22:48.763+0000] {processor.py:840} INFO - DAG(s) 'tutorial_dag' retrieved from /home/airflow/.local/lib/python3.8/site-packages/airflow/example_dags/tutorial_dag.py
[2026-05-19T19:22:48.789+0000] {logging_mixin.py:188} INFO - [2026-05-19T19:22:48.789+0000] {dag.py:3047} INFO - Sync 1 DAGs
[2026-05-19T19:22:48.804+0000] {logging_mixin.py:188} INFO - [2026-05-19T19:22:48.804+0000] {dag.py:3834} INFO - Setting next_dagrun for tutorial_dag to None, run_after=None
[2026-05-19T19:22:48.828+0000] {processor.py:183} INFO - Processing /home/airflow/.local/lib/python3.8/site-packages/airflow/example_dags/tutorial_dag.py took 0.081 seconds
[2026-05-19T19:23:19.144+0000] {processor.py:161} INFO - Started process (PID=8575) to work on /home/airflow/.local/lib/python3.8/site-packages/airflow/example_dags/tutorial_dag.py
[2026-05-19T19:23:19.146+0000] {processor.py:830} INFO - Processing file /home/airflow/.local/lib/python3.8/site-packages/airflow/example_dags/tutorial_dag.py for tasks to queue
[2026-05-19T19:23:19.149+0000] {logging_mixin.py:188} INFO - [2026-05-19T19:23:19.149+0000] {dagbag.py:540} INFO - Filling up the DagBag from /home/airflow/.local/lib/python3.8/site-packages/airflow/example_dags/tutorial_dag.py
[2026-05-19T19:23:19.155+0000] {processor.py:840} INFO - DAG(s) 'tutorial_dag' retrieved from /home/airflow/.local/lib/python3.8/site-packages/airflow/example_dags/tutorial_dag.py
[2026-05-19T19:23:19.182+0000] {logging_mixin.py:188} INFO - [2026-05-19T19:23:19.182+0000] {dag.py:3047} INFO - Sync 1 DAGs
[2026-05-19T19:23:19.194+0000] {logging_mixin.py:188} INFO - [2026-05-19T19:23:19.194+0000] {dag.py:3834} INFO - Setting next_dagrun for tutorial_dag to None, run_after=None
[2026-05-19T19:23:19.212+0000] {processor.py:183} INFO - Processing /home/airflow/.local/lib/python3.8/site-packages/airflow/example_dags/tutorial_dag.py took 0.071 seconds
[2026-05-19T19:23:50.073+0000] {processor.py:161} INFO - Started process (PID=8630) to work on /home/airflow/.local/lib/python3.8/site-packages/airflow/example_dags/tutorial_dag.py
[2026-05-19T19:23:50.099+0000] {processor.py:830} INFO - Processing file /home/airflow/.local/lib/python3.8/site-packages/airflow/example_dags/tutorial_dag.py for tasks to queue
[2026-05-19T19:23:50.158+0000] {logging_mixin.py:188} INFO - [2026-05-19T19:23:50.157+0000] {dagbag.py:540} INFO - Filling up the DagBag from /home/airflow/.local/lib/python3.8/site-packages/airflow/example_dags/tutorial_dag.py
[2026-05-19T19:23:50.190+0000] {processor.py:840} INFO - DAG(s) 'tutorial_dag' retrieved from /home/airflow/.local/lib/python3.8/site-packages/airflow/example_dags/tutorial_dag.py
[2026-05-19T19:23:50.259+0000] {logging_mixin.py:188} INFO - [2026-05-19T19:23:50.259+0000] {dag.py:3047} INFO - Sync 1 DAGs
[2026-05-19T19:23:50.299+0000] {logging_mixin.py:188} INFO - [2026-05-19T19:23:50.298+0000] {dag.py:3834} INFO - Setting next_dagrun for tutorial_dag to None, run_after=None
[2026-05-19T19:23:50.363+0000] {processor.py:183} INFO - Processing /home/airflow/.local/lib/python3.8/site-packages/airflow/example_dags/tutorial_dag.py took 0.300 seconds
[2026-05-19T19:24:21.000+0000] {processor.py:161} INFO - Started process (PID=8686) to work on /home/airflow/.local/lib/python3.8/site-packages/airflow/example_dags/tutorial_dag.py
[2026-05-19T19:24:21.003+0000] {processor.py:830} INFO - Processing file /home/airflow/.local/lib/python3.8/site-packages/airflow/example_dags/tutorial_dag.py for tasks to queue
[2026-05-19T19:24:21.007+0000] {logging_mixin.py:188} INFO - [2026-05-19T19:24:21.006+0000] {dagbag.py:540} INFO - Filling up the DagBag from /home/airflow/.local/lib/python3.8/site-packages/airflow/example_dags/tutorial_dag.py
[2026-05-19T19:24:21.019+0000] {processor.py:840} INFO - DAG(s) 'tutorial_dag' retrieved from /home/airflow/.local/lib/python3.8/site-packages/airflow/example_dags/tutorial_dag.py
[2026-05-19T19:24:21.075+0000] {logging_mixin.py:188} INFO - [2026-05-19T19:24:21.074+0000] {dag.py:3047} INFO - Sync 1 DAGs
[2026-05-19T19:24:21.110+0000] {logging_mixin.py:188} INFO - [2026-05-19T19:24:21.109+0000] {dag.py:3834} INFO - Setting next_dagrun for tutorial_dag to None, run_after=None
[2026-05-19T19:24:21.162+0000] {processor.py:183} INFO - Processing /home/airflow/.local/lib/python3.8/site-packages/airflow/example_dags/tutorial_dag.py took 0.168 seconds
[2026-05-19T19:24:51.299+0000] {processor.py:161} INFO - Started process (PID=8741) to work on /home/airflow/.local/lib/python3.8/site-packages/airflow/example_dags/tutorial_dag.py
[2026-05-19T19:24:51.302+0000] {processor.py:830} INFO - Processing file /home/airflow/.local/lib/python3.8/site-packages/airflow/example_dags/tutorial_dag.py for tasks to queue
[2026-05-19T19:24:51.311+0000] {logging_mixin.py:188} INFO - [2026-05-19T19:24:51.311+0000] {dagbag.py:540} INFO - Filling up the DagBag from /home/airflow/.local/lib/python3.8/site-packages/airflow/example_dags/tutorial_dag.py
[2026-05-19T19:24:51.350+0000] {processor.py:840} INFO - DAG(s) 'tutorial_dag' retrieved from /home/airflow/.local/lib/python3.8/site-packages/airflow/example_dags/tutorial_dag.py
[2026-05-19T19:24:51.388+0000] {logging_mixin.py:188} INFO - [2026-05-19T19:24:51.388+0000] {dag.py:3047} INFO - Sync 1 DAGs
[2026-05-19T19:24:51.409+0000] {logging_mixin.py:188} INFO - [2026-05-19T19:24:51.408+0000] {dag.py:3834} INFO - Setting next_dagrun for tutorial_dag to None, run_after=None
[2026-05-19T19:24:51.442+0000] {processor.py:183} INFO - Processing /home/airflow/.local/lib/python3.8/site-packages/airflow/example_dags/tutorial_dag.py took 0.148 seconds
[2026-05-19T19:25:21.796+0000] {processor.py:161} INFO - Started process (PID=8796) to work on /home/airflow/.local/lib/python3.8/site-packages/airflow/example_dags/tutorial_dag.py
[2026-05-19T19:25:21.798+0000] {processor.py:830} INFO - Processing file /home/airflow/.local/lib/python3.8/site-packages/airflow/example_dags/tutorial_dag.py for tasks to queue
[2026-05-19T19:25:21.801+0000] {logging_mixin.py:188} INFO - [2026-05-19T19:25:21.801+0000] {dagbag.py:540} INFO - Filling up the DagBag from /home/airflow/.local/lib/python3.8/site-packages/airflow/example_dags/tutorial_dag.py
[2026-05-19T19:25:21.809+0000] {processor.py:840} INFO - DAG(s) 'tutorial_dag' retrieved from /home/airflow/.local/lib/python3.8/site-packages/airflow/example_dags/tutorial_dag.py
[2026-05-19T19:25:21.838+0000] {logging_mixin.py:188} INFO - [2026-05-19T19:25:21.837+0000] {dag.py:3047} INFO - Sync 1 DAGs
[2026-05-19T19:25:21.854+0000] {logging_mixin.py:188} INFO - [2026-05-19T19:25:21.853+0000] {dag.py:3834} INFO - Setting next_dagrun for tutorial_dag to None, run_after=None
[2026-05-19T19:25:21.892+0000] {processor.py:183} INFO - Processing /home/airflow/.local/lib/python3.8/site-packages/airflow/example_dags/tutorial_dag.py took 0.101 seconds
[2026-05-19T19:25:52.437+0000] {processor.py:161} INFO - Started process (PID=8850) to work on /home/airflow/.local/lib/python3.8/site-packages/airflow/example_dags/tutorial_dag.py
[2026-05-19T19:25:52.439+0000] {processor.py:830} INFO - Processing file /home/airflow/.local/lib/python3.8/site-packages/airflow/example_dags/tutorial_dag.py for tasks to queue
[2026-05-19T19:25:52.445+0000] {logging_mixin.py:188} INFO - [2026-05-19T19:25:52.444+0000] {dagbag.py:540} INFO - Filling up the DagBag from /home/airflow/.local/lib/python3.8/site-packages/airflow/example_dags/tutorial_dag.py
[2026-05-19T19:25:52.455+0000] {processor.py:840} INFO - DAG(s) 'tutorial_dag' retrieved from /home/airflow/.local/lib/python3.8/site-packages/airflow/example_dags/tutorial_dag.py
[2026-05-19T19:25:52.489+0000] {logging_mixin.py:188} INFO - [2026-05-19T19:25:52.489+0000] {dag.py:3047} INFO - Sync 1 DAGs
[2026-05-19T19:25:52.511+0000] {logging_mixin.py:188} INFO - [2026-05-19T19:25:52.510+0000] {dag.py:3834} INFO - Setting next_dagrun for tutorial_dag to None, run_after=None
[2026-05-19T19:25:52.550+0000] {processor.py:183} INFO - Processing /home/airflow/.local/lib/python3.8/site-packages/airflow/example_dags/tutorial_dag.py took 0.120 seconds
[2026-05-19T19:26:22.806+0000] {processor.py:161} INFO - Started process (PID=8905) to work on /home/airflow/.local/lib/python3.8/site-packages/airflow/example_dags/tutorial_dag.py
[2026-05-19T19:26:22.813+0000] {processor.py:830} INFO - Processing file /home/airflow/.local/lib/python3.8/site-packages/airflow/example_dags/tutorial_dag.py for tasks to queue
[2026-05-19T19:26:22.820+0000] {logging_mixin.py:188} INFO - [2026-05-19T19:26:22.818+0000] {dagbag.py:540} INFO - Filling up the DagBag from /home/airflow/.local/lib/python3.8/site-packages/airflow/example_dags/tutorial_dag.py
[2026-05-19T19:26:22.834+0000] {processor.py:840} INFO - DAG(s) 'tutorial_dag' retrieved from /home/airflow/.local/lib/python3.8/site-packages/airflow/example_dags/tutorial_dag.py
[2026-05-19T19:26:22.869+0000] {logging_mixin.py:188} INFO - [2026-05-19T19:26:22.868+0000] {dag.py:3047} INFO - Sync 1 DAGs
[2026-05-19T19:26:22.891+0000] {logging_mixin.py:188} INFO - [2026-05-19T19:26:22.889+0000] {dag.py:3834} INFO - Setting next_dagrun for tutorial_dag to None, run_after=None
[2026-05-19T19:26:22.926+0000] {processor.py:183} INFO - Processing /home/airflow/.local/lib/python3.8/site-packages/airflow/example_dags/tutorial_dag.py took 0.128 seconds
[2026-05-19T19:26:54.793+0000] {processor.py:161} INFO - Started process (PID=8961) to work on /home/airflow/.local/lib/python3.8/site-packages/airflow/example_dags/tutorial_dag.py
[2026-05-19T19:26:54.795+0000] {processor.py:830} INFO - Processing file /home/airflow/.local/lib/python3.8/site-packages/airflow/example_dags/tutorial_dag.py for tasks to queue
[2026-05-19T19:26:54.800+0000] {logging_mixin.py:188} INFO - [2026-05-19T19:26:54.799+0000] {dagbag.py:540} INFO - Filling up the DagBag from /home/airflow/.local/lib/python3.8/site-packages/airflow/example_dags/tutorial_dag.py
[2026-05-19T19:26:54.811+0000] {processor.py:840} INFO - DAG(s) 'tutorial_dag' retrieved from /home/airflow/.local/lib/python3.8/site-packages/airflow/example_dags/tutorial_dag.py
[2026-05-19T19:26:54.851+0000] {logging_mixin.py:188} INFO - [2026-05-19T19:26:54.850+0000] {dag.py:3047} INFO - Sync 1 DAGs
[2026-05-19T19:26:54.869+0000] {logging_mixin.py:188} INFO - [2026-05-19T19:26:54.869+0000] {dag.py:3834} INFO - Setting next_dagrun for tutorial_dag to None, run_after=None
[2026-05-19T19:26:54.906+0000] {processor.py:183} INFO - Processing /home/airflow/.local/lib/python3.8/site-packages/airflow/example_dags/tutorial_dag.py took 0.119 seconds
[2026-05-19T19:27:24.977+0000] {processor.py:161} INFO - Started process (PID=9016) to work on /home/airflow/.local/lib/python3.8/site-packages/airflow/example_dags/tutorial_dag.py
[2026-05-19T19:27:24.979+0000] {processor.py:830} INFO - Processing file /home/airflow/.local/lib/python3.8/site-packages/airflow/example_dags/tutorial_dag.py for tasks to queue
[2026-05-19T19:27:24.985+0000] {logging_mixin.py:188} INFO - [2026-05-19T19:27:24.984+0000] {dagbag.py:540} INFO - Filling up the DagBag from /home/airflow/.local/lib/python3.8/site-packages/airflow/example_dags/tutorial_dag.py
[2026-05-19T19:27:25.006+0000] {processor.py:840} INFO - DAG(s) 'tutorial_dag' retrieved from /home/airflow/.local/lib/python3.8/site-packages/airflow/example_dags/tutorial_dag.py
[2026-05-19T19:27:25.117+0000] {logging_mixin.py:188} INFO - [2026-05-19T19:27:25.117+0000] {dag.py:3047} INFO - Sync 1 DAGs
[2026-05-19T19:27:25.171+0000] {logging_mixin.py:188} INFO - [2026-05-19T19:27:25.171+0000] {dag.py:3834} INFO - Setting next_dagrun for tutorial_dag to None, run_after=None
[2026-05-19T19:27:25.256+0000] {processor.py:183} INFO - Processing /home/airflow/.local/lib/python3.8/site-packages/airflow/example_dags/tutorial_dag.py took 0.284 seconds
[2026-05-19T19:27:55.376+0000] {processor.py:161} INFO - Started process (PID=9071) to work on /home/airflow/.local/lib/python3.8/site-packages/airflow/example_dags/tutorial_dag.py
[2026-05-19T19:27:55.380+0000] {processor.py:830} INFO - Processing file /home/airflow/.local/lib/python3.8/site-packages/airflow/example_dags/tutorial_dag.py for tasks to queue
[2026-05-19T19:27:55.387+0000] {logging_mixin.py:188} INFO - [2026-05-19T19:27:55.385+0000] {dagbag.py:540} INFO - Filling up the DagBag from /home/airflow/.local/lib/python3.8/site-packages/airflow/example_dags/tutorial_dag.py
[2026-05-19T19:27:55.403+0000] {processor.py:840} INFO - DAG(s) 'tutorial_dag' retrieved from /home/airflow/.local/lib/python3.8/site-packages/airflow/example_dags/tutorial_dag.py
[2026-05-19T19:27:55.469+0000] {logging_mixin.py:188} INFO - [2026-05-19T19:27:55.468+0000] {dag.py:3047} INFO - Sync 1 DAGs
[2026-05-19T19:27:55.521+0000] {logging_mixin.py:188} INFO - [2026-05-19T19:27:55.521+0000] {dag.py:3834} INFO - Setting next_dagrun for tutorial_dag to None, run_after=None
[2026-05-19T19:27:55.581+0000] {processor.py:183} INFO - Processing /home/airflow/.local/lib/python3.8/site-packages/airflow/example_dags/tutorial_dag.py took 0.215 seconds
[2026-05-19T19:28:25.709+0000] {processor.py:161} INFO - Started process (PID=9126) to work on /home/airflow/.local/lib/python3.8/site-packages/airflow/example_dags/tutorial_dag.py
[2026-05-19T19:28:25.711+0000] {processor.py:830} INFO - Processing file /home/airflow/.local/lib/python3.8/site-packages/airflow/example_dags/tutorial_dag.py for tasks to queue
[2026-05-19T19:28:25.715+0000] {logging_mixin.py:188} INFO - [2026-05-19T19:28:25.715+0000] {dagbag.py:540} INFO - Filling up the DagBag from /home/airflow/.local/lib/python3.8/site-packages/airflow/example_dags/tutorial_dag.py
[2026-05-19T19:28:25.732+0000] {processor.py:840} INFO - DAG(s) 'tutorial_dag' retrieved from /home/airflow/.local/lib/python3.8/site-packages/airflow/example_dags/tutorial_dag.py
[2026-05-19T19:28:25.813+0000] {logging_mixin.py:188} INFO - [2026-05-19T19:28:25.812+0000] {dag.py:3047} INFO - Sync 1 DAGs
[2026-05-19T19:28:25.844+0000] {logging_mixin.py:188} INFO - [2026-05-19T19:28:25.843+0000] {dag.py:3834} INFO - Setting next_dagrun for tutorial_dag to None, run_after=None
[2026-05-19T19:28:25.892+0000] {processor.py:183} INFO - Processing /home/airflow/.local/lib/python3.8/site-packages/airflow/example_dags/tutorial_dag.py took 0.189 seconds
[2026-05-19T19:28:56.897+0000] {processor.py:161} INFO - Started process (PID=9181) to work on /home/airflow/.local/lib/python3.8/site-packages/airflow/example_dags/tutorial_dag.py
[2026-05-19T19:28:56.898+0000] {processor.py:830} INFO - Processing file /home/airflow/.local/lib/python3.8/site-packages/airflow/example_dags/tutorial_dag.py for tasks to queue
[2026-05-19T19:28:56.901+0000] {logging_mixin.py:188} INFO - [2026-05-19T19:28:56.900+0000] {dagbag.py:540} INFO - Filling up the DagBag from /home/airflow/.local/lib/python3.8/site-packages/airflow/example_dags/tutorial_dag.py
[2026-05-19T19:28:56.909+0000] {processor.py:840} INFO - DAG(s) 'tutorial_dag' retrieved from /home/airflow/.local/lib/python3.8/site-packages/airflow/example_dags/tutorial_dag.py
[2026-05-19T19:28:56.929+0000] {logging_mixin.py:188} INFO - [2026-05-19T19:28:56.929+0000] {dag.py:3047} INFO - Sync 1 DAGs
[2026-05-19T19:28:56.941+0000] {logging_mixin.py:188} INFO - [2026-05-19T19:28:56.941+0000] {dag.py:3834} INFO - Setting next_dagrun for tutorial_dag to None, run_after=None
[2026-05-19T19:28:56.970+0000] {processor.py:183} INFO - Processing /home/airflow/.local/lib/python3.8/site-packages/airflow/example_dags/tutorial_dag.py took 0.076 seconds
[2026-05-19T19:29:27.777+0000] {processor.py:161} INFO - Started process (PID=9236) to work on /home/airflow/.local/lib/python3.8/site-packages/airflow/example_dags/tutorial_dag.py
[2026-05-19T19:29:27.779+0000] {processor.py:830} INFO - Processing file /home/airflow/.local/lib/python3.8/site-packages/airflow/example_dags/tutorial_dag.py for tasks to queue
[2026-05-19T19:29:27.784+0000] {logging_mixin.py:188} INFO - [2026-05-19T19:29:27.783+0000] {dagbag.py:540} INFO - Filling up the DagBag from /home/airflow/.local/lib/python3.8/site-packages/airflow/example_dags/tutorial_dag.py
[2026-05-19T19:29:27.796+0000] {processor.py:840} INFO - DAG(s) 'tutorial_dag' retrieved from /home/airflow/.local/lib/python3.8/site-packages/airflow/example_dags/tutorial_dag.py
[2026-05-19T19:29:27.832+0000] {logging_mixin.py:188} INFO - [2026-05-19T19:29:27.831+0000] {dag.py:3047} INFO - Sync 1 DAGs
[2026-05-19T19:29:27.849+0000] {logging_mixin.py:188} INFO - [2026-05-19T19:29:27.848+0000] {dag.py:3834} INFO - Setting next_dagrun for tutorial_dag to None, run_after=None
[2026-05-19T19:29:27.879+0000] {processor.py:183} INFO - Processing /home/airflow/.local/lib/python3.8/site-packages/airflow/example_dags/tutorial_dag.py took 0.110 seconds
[2026-05-19T19:29:58.518+0000] {processor.py:161} INFO - Started process (PID=9291) to work on /home/airflow/.local/lib/python3.8/site-packages/airflow/example_dags/tutorial_dag.py
[2026-05-19T19:29:58.521+0000] {processor.py:830} INFO - Processing file /home/airflow/.local/lib/python3.8/site-packages/airflow/example_dags/tutorial_dag.py for tasks to queue
[2026-05-19T19:29:58.527+0000] {logging_mixin.py:188} INFO - [2026-05-19T19:29:58.526+0000] {dagbag.py:540} INFO - Filling up the DagBag from /home/airflow/.local/lib/python3.8/site-packages/airflow/example_dags/tutorial_dag.py
[2026-05-19T19:29:58.543+0000] {processor.py:840} INFO - DAG(s) 'tutorial_dag' retrieved from /home/airflow/.local/lib/python3.8/site-packages/airflow/example_dags/tutorial_dag.py
[2026-05-19T19:29:58.629+0000] {logging_mixin.py:188} INFO - [2026-05-19T19:29:58.628+0000] {dag.py:3047} INFO - Sync 1 DAGs
[2026-05-19T19:29:58.689+0000] {logging_mixin.py:188} INFO - [2026-05-19T19:29:58.688+0000] {dag.py:3834} INFO - Setting next_dagrun for tutorial_dag to None, run_after=None
[2026-05-19T19:29:58.772+0000] {processor.py:183} INFO - Processing /home/airflow/.local/lib/python3.8/site-packages/airflow/example_dags/tutorial_dag.py took 0.265 seconds
[2026-05-19T19:30:28.899+0000] {processor.py:161} INFO - Started process (PID=9346) to work on /home/airflow/.local/lib/python3.8/site-packages/airflow/example_dags/tutorial_dag.py
[2026-05-19T19:30:28.901+0000] {processor.py:830} INFO - Processing file /home/airflow/.local/lib/python3.8/site-packages/airflow/example_dags/tutorial_dag.py for tasks to queue
[2026-05-19T19:30:28.905+0000] {logging_mixin.py:188} INFO - [2026-05-19T19:30:28.904+0000] {dagbag.py:540} INFO - Filling up the DagBag from /home/airflow/.local/lib/python3.8/site-packages/airflow/example_dags/tutorial_dag.py
[2026-05-19T19:30:28.918+0000] {processor.py:840} INFO - DAG(s) 'tutorial_dag' retrieved from /home/airflow/.local/lib/python3.8/site-packages/airflow/example_dags/tutorial_dag.py
[2026-05-19T19:30:28.963+0000] {logging_mixin.py:188} INFO - [2026-05-19T19:30:28.963+0000] {dag.py:3047} INFO - Sync 1 DAGs
[2026-05-19T19:30:28.990+0000] {logging_mixin.py:188} INFO - [2026-05-19T19:30:28.990+0000] {dag.py:3834} INFO - Setting next_dagrun for tutorial_dag to None, run_after=None
[2026-05-19T19:30:29.037+0000] {processor.py:183} INFO - Processing /home/airflow/.local/lib/python3.8/site-packages/airflow/example_dags/tutorial_dag.py took 0.144 seconds
[2026-05-19T19:30:59.163+0000] {processor.py:161} INFO - Started process (PID=9401) to work on /home/airflow/.local/lib/python3.8/site-packages/airflow/example_dags/tutorial_dag.py
[2026-05-19T19:30:59.167+0000] {processor.py:830} INFO - Processing file /home/airflow/.local/lib/python3.8/site-packages/airflow/example_dags/tutorial_dag.py for tasks to queue
[2026-05-19T19:30:59.174+0000] {logging_mixin.py:188} INFO - [2026-05-19T19:30:59.173+0000] {dagbag.py:540} INFO - Filling up the DagBag from /home/airflow/.local/lib/python3.8/site-packages/airflow/example_dags/tutorial_dag.py
[2026-05-19T19:30:59.190+0000] {processor.py:840} INFO - DAG(s) 'tutorial_dag' retrieved from /home/airflow/.local/lib/python3.8/site-packages/airflow/example_dags/tutorial_dag.py
[2026-05-19T19:30:59.250+0000] {logging_mixin.py:188} INFO - [2026-05-19T19:30:59.249+0000] {dag.py:3047} INFO - Sync 1 DAGs
[2026-05-19T19:30:59.286+0000] {logging_mixin.py:188} INFO - [2026-05-19T19:30:59.285+0000] {dag.py:3834} INFO - Setting next_dagrun for tutorial_dag to None, run_after=None
[2026-05-19T19:30:59.339+0000] {processor.py:183} INFO - Processing /home/airflow/.local/lib/python3.8/site-packages/airflow/example_dags/tutorial_dag.py took 0.189 seconds
[2026-05-19T19:31:30.577+0000] {processor.py:161} INFO - Started process (PID=9456) to work on /home/airflow/.local/lib/python3.8/site-packages/airflow/example_dags/tutorial_dag.py
[2026-05-19T19:31:30.579+0000] {processor.py:830} INFO - Processing file /home/airflow/.local/lib/python3.8/site-packages/airflow/example_dags/tutorial_dag.py for tasks to queue
[2026-05-19T19:31:30.582+0000] {logging_mixin.py:188} INFO - [2026-05-19T19:31:30.582+0000] {dagbag.py:540} INFO - Filling up the DagBag from /home/airflow/.local/lib/python3.8/site-packages/airflow/example_dags/tutorial_dag.py
[2026-05-19T19:31:30.592+0000] {processor.py:840} INFO - DAG(s) 'tutorial_dag' retrieved from /home/airflow/.local/lib/python3.8/site-packages/airflow/example_dags/tutorial_dag.py
[2026-05-19T19:31:30.641+0000] {logging_mixin.py:188} INFO - [2026-05-19T19:31:30.640+0000] {dag.py:3047} INFO - Sync 1 DAGs
[2026-05-19T19:31:30.684+0000] {logging_mixin.py:188} INFO - [2026-05-19T19:31:30.683+0000] {dag.py:3834} INFO - Setting next_dagrun for tutorial_dag to None, run_after=None
[2026-05-19T19:31:30.740+0000] {processor.py:183} INFO - Processing /home/airflow/.local/lib/python3.8/site-packages/airflow/example_dags/tutorial_dag.py took 0.169 seconds
[2026-05-19T19:32:01.363+0000] {processor.py:161} INFO - Started process (PID=9511) to work on /home/airflow/.local/lib/python3.8/site-packages/airflow/example_dags/tutorial_dag.py
[2026-05-19T19:32:01.365+0000] {processor.py:830} INFO - Processing file /home/airflow/.local/lib/python3.8/site-packages/airflow/example_dags/tutorial_dag.py for tasks to queue
[2026-05-19T19:32:01.368+0000] {logging_mixin.py:188} INFO - [2026-05-19T19:32:01.367+0000] {dagbag.py:540} INFO - Filling up the DagBag from /home/airflow/.local/lib/python3.8/site-packages/airflow/example_dags/tutorial_dag.py
[2026-05-19T19:32:01.374+0000] {processor.py:840} INFO - DAG(s) 'tutorial_dag' retrieved from /home/airflow/.local/lib/python3.8/site-packages/airflow/example_dags/tutorial_dag.py
[2026-05-19T19:32:01.397+0000] {logging_mixin.py:188} INFO - [2026-05-19T19:32:01.397+0000] {dag.py:3047} INFO - Sync 1 DAGs
[2026-05-19T19:32:01.412+0000] {logging_mixin.py:188} INFO - [2026-05-19T19:32:01.412+0000] {dag.py:3834} INFO - Setting next_dagrun for tutorial_dag to None, run_after=None
[2026-05-19T19:32:01.437+0000] {processor.py:183} INFO - Processing /home/airflow/.local/lib/python3.8/site-packages/airflow/example_dags/tutorial_dag.py took 0.078 seconds
[2026-05-19T19:32:31.662+0000] {processor.py:161} INFO - Started process (PID=9566) to work on /home/airflow/.local/lib/python3.8/site-packages/airflow/example_dags/tutorial_dag.py
[2026-05-19T19:32:31.664+0000] {processor.py:830} INFO - Processing file /home/airflow/.local/lib/python3.8/site-packages/airflow/example_dags/tutorial_dag.py for tasks to queue
[2026-05-19T19:32:31.668+0000] {logging_mixin.py:188} INFO - [2026-05-19T19:32:31.668+0000] {dagbag.py:540} INFO - Filling up the DagBag from /home/airflow/.local/lib/python3.8/site-packages/airflow/example_dags/tutorial_dag.py
[2026-05-19T19:32:31.676+0000] {processor.py:840} INFO - DAG(s) 'tutorial_dag' retrieved from /home/airflow/.local/lib/python3.8/site-packages/airflow/example_dags/tutorial_dag.py
[2026-05-19T19:32:31.704+0000] {logging_mixin.py:188} INFO - [2026-05-19T19:32:31.704+0000] {dag.py:3047} INFO - Sync 1 DAGs
[2026-05-19T19:32:31.723+0000] {logging_mixin.py:188} INFO - [2026-05-19T19:32:31.723+0000] {dag.py:3834} INFO - Setting next_dagrun for tutorial_dag to None, run_after=None
[2026-05-19T19:32:31.749+0000] {processor.py:183} INFO - Processing /home/airflow/.local/lib/python3.8/site-packages/airflow/example_dags/tutorial_dag.py took 0.091 seconds
[2026-05-19T19:33:02.423+0000] {processor.py:161} INFO - Started process (PID=9621) to work on /home/airflow/.local/lib/python3.8/site-packages/airflow/example_dags/tutorial_dag.py
[2026-05-19T19:33:02.426+0000] {processor.py:830} INFO - Processing file /home/airflow/.local/lib/python3.8/site-packages/airflow/example_dags/tutorial_dag.py for tasks to queue
[2026-05-19T19:33:02.430+0000] {logging_mixin.py:188} INFO - [2026-05-19T19:33:02.430+0000] {dagbag.py:540} INFO - Filling up the DagBag from /home/airflow/.local/lib/python3.8/site-packages/airflow/example_dags/tutorial_dag.py
[2026-05-19T19:33:02.441+0000] {processor.py:840} INFO - DAG(s) 'tutorial_dag' retrieved from /home/airflow/.local/lib/python3.8/site-packages/airflow/example_dags/tutorial_dag.py
[2026-05-19T19:33:02.477+0000] {logging_mixin.py:188} INFO - [2026-05-19T19:33:02.476+0000] {dag.py:3047} INFO - Sync 1 DAGs
[2026-05-19T19:33:02.496+0000] {logging_mixin.py:188} INFO - [2026-05-19T19:33:02.496+0000] {dag.py:3834} INFO - Setting next_dagrun for tutorial_dag to None, run_after=None
[2026-05-19T19:33:02.604+0000] {processor.py:183} INFO - Processing /home/airflow/.local/lib/python3.8/site-packages/airflow/example_dags/tutorial_dag.py took 0.188 seconds
[2026-05-19T19:33:33.575+0000] {processor.py:161} INFO - Started process (PID=9676) to work on /home/airflow/.local/lib/python3.8/site-packages/airflow/example_dags/tutorial_dag.py
[2026-05-19T19:33:33.577+0000] {processor.py:830} INFO - Processing file /home/airflow/.local/lib/python3.8/site-packages/airflow/example_dags/tutorial_dag.py for tasks to queue
[2026-05-19T19:33:33.581+0000] {logging_mixin.py:188} INFO - [2026-05-19T19:33:33.580+0000] {dagbag.py:540} INFO - Filling up the DagBag from /home/airflow/.local/lib/python3.8/site-packages/airflow/example_dags/tutorial_dag.py
[2026-05-19T19:33:33.591+0000] {processor.py:840} INFO - DAG(s) 'tutorial_dag' retrieved from /home/airflow/.local/lib/python3.8/site-packages/airflow/example_dags/tutorial_dag.py
[2026-05-19T19:33:33.633+0000] {logging_mixin.py:188} INFO - [2026-05-19T19:33:33.633+0000] {dag.py:3047} INFO - Sync 1 DAGs
[2026-05-19T19:33:33.653+0000] {logging_mixin.py:188} INFO - [2026-05-19T19:33:33.653+0000] {dag.py:3834} INFO - Setting next_dagrun for tutorial_dag to None, run_after=None
[2026-05-19T19:33:33.690+0000] {processor.py:183} INFO - Processing /home/airflow/.local/lib/python3.8/site-packages/airflow/example_dags/tutorial_dag.py took 0.120 seconds
