[2026-05-19T19:18:19.119+0000] {processor.py:161} INFO - Started process (PID=8049) to work on /home/airflow/.local/lib/python3.8/site-packages/airflow/example_dags/tutorial_taskflow_api.py
[2026-05-19T19:18:19.122+0000] {processor.py:830} INFO - Processing file /home/airflow/.local/lib/python3.8/site-packages/airflow/example_dags/tutorial_taskflow_api.py for tasks to queue
[2026-05-19T19:18:19.127+0000] {logging_mixin.py:188} INFO - [2026-05-19T19:18:19.126+0000] {dagbag.py:540} INFO - Filling up the DagBag from /home/airflow/.local/lib/python3.8/site-packages/airflow/example_dags/tutorial_taskflow_api.py
[2026-05-19T19:18:19.142+0000] {processor.py:840} INFO - DAG(s) 'tutorial_taskflow_api' retrieved from /home/airflow/.local/lib/python3.8/site-packages/airflow/example_dags/tutorial_taskflow_api.py
[2026-05-19T19:18:19.192+0000] {logging_mixin.py:188} INFO - [2026-05-19T19:18:19.192+0000] {dag.py:3047} INFO - Sync 1 DAGs
[2026-05-19T19:18:19.225+0000] {logging_mixin.py:188} INFO - [2026-05-19T19:18:19.224+0000] {dag.py:3834} INFO - Setting next_dagrun for tutorial_taskflow_api to None, run_after=None
[2026-05-19T19:18:19.289+0000] {processor.py:183} INFO - Processing /home/airflow/.local/lib/python3.8/site-packages/airflow/example_dags/tutorial_taskflow_api.py took 0.178 seconds
[2026-05-19T19:18:49.392+0000] {processor.py:161} INFO - Started process (PID=8104) to work on /home/airflow/.local/lib/python3.8/site-packages/airflow/example_dags/tutorial_taskflow_api.py
[2026-05-19T19:18:49.394+0000] {processor.py:830} INFO - Processing file /home/airflow/.local/lib/python3.8/site-packages/airflow/example_dags/tutorial_taskflow_api.py for tasks to queue
[2026-05-19T19:18:49.396+0000] {logging_mixin.py:188} INFO - [2026-05-19T19:18:49.396+0000] {dagbag.py:540} INFO - Filling up the DagBag from /home/airflow/.local/lib/python3.8/site-packages/airflow/example_dags/tutorial_taskflow_api.py
[2026-05-19T19:18:49.404+0000] {processor.py:840} INFO - DAG(s) 'tutorial_taskflow_api' retrieved from /home/airflow/.local/lib/python3.8/site-packages/airflow/example_dags/tutorial_taskflow_api.py
[2026-05-19T19:18:49.427+0000] {logging_mixin.py:188} INFO - [2026-05-19T19:18:49.427+0000] {dag.py:3047} INFO - Sync 1 DAGs
[2026-05-19T19:18:49.439+0000] {logging_mixin.py:188} INFO - [2026-05-19T19:18:49.438+0000] {dag.py:3834} INFO - Setting next_dagrun for tutorial_taskflow_api to None, run_after=None
[2026-05-19T19:18:49.464+0000] {processor.py:183} INFO - Processing /home/airflow/.local/lib/python3.8/site-packages/airflow/example_dags/tutorial_taskflow_api.py took 0.075 seconds
[2026-05-19T19:19:20.402+0000] {processor.py:161} INFO - Started process (PID=8158) to work on /home/airflow/.local/lib/python3.8/site-packages/airflow/example_dags/tutorial_taskflow_api.py
[2026-05-19T19:19:20.403+0000] {processor.py:830} INFO - Processing file /home/airflow/.local/lib/python3.8/site-packages/airflow/example_dags/tutorial_taskflow_api.py for tasks to queue
[2026-05-19T19:19:20.407+0000] {logging_mixin.py:188} INFO - [2026-05-19T19:19:20.406+0000] {dagbag.py:540} INFO - Filling up the DagBag from /home/airflow/.local/lib/python3.8/site-packages/airflow/example_dags/tutorial_taskflow_api.py
[2026-05-19T19:19:20.418+0000] {processor.py:840} INFO - DAG(s) 'tutorial_taskflow_api' retrieved from /home/airflow/.local/lib/python3.8/site-packages/airflow/example_dags/tutorial_taskflow_api.py
[2026-05-19T19:19:20.451+0000] {logging_mixin.py:188} INFO - [2026-05-19T19:19:20.450+0000] {dag.py:3047} INFO - Sync 1 DAGs
[2026-05-19T19:19:20.476+0000] {logging_mixin.py:188} INFO - [2026-05-19T19:19:20.476+0000] {dag.py:3834} INFO - Setting next_dagrun for tutorial_taskflow_api to None, run_after=None
[2026-05-19T19:19:20.513+0000] {processor.py:183} INFO - Processing /home/airflow/.local/lib/python3.8/site-packages/airflow/example_dags/tutorial_taskflow_api.py took 0.117 seconds
[2026-05-19T19:19:50.595+0000] {processor.py:161} INFO - Started process (PID=8214) to work on /home/airflow/.local/lib/python3.8/site-packages/airflow/example_dags/tutorial_taskflow_api.py
[2026-05-19T19:19:50.597+0000] {processor.py:830} INFO - Processing file /home/airflow/.local/lib/python3.8/site-packages/airflow/example_dags/tutorial_taskflow_api.py for tasks to queue
[2026-05-19T19:19:50.600+0000] {logging_mixin.py:188} INFO - [2026-05-19T19:19:50.599+0000] {dagbag.py:540} INFO - Filling up the DagBag from /home/airflow/.local/lib/python3.8/site-packages/airflow/example_dags/tutorial_taskflow_api.py
[2026-05-19T19:19:50.612+0000] {processor.py:840} INFO - DAG(s) 'tutorial_taskflow_api' retrieved from /home/airflow/.local/lib/python3.8/site-packages/airflow/example_dags/tutorial_taskflow_api.py
[2026-05-19T19:19:50.637+0000] {logging_mixin.py:188} INFO - [2026-05-19T19:19:50.637+0000] {dag.py:3047} INFO - Sync 1 DAGs
[2026-05-19T19:19:50.649+0000] {logging_mixin.py:188} INFO - [2026-05-19T19:19:50.649+0000] {dag.py:3834} INFO - Setting next_dagrun for tutorial_taskflow_api to None, run_after=None
[2026-05-19T19:19:50.674+0000] {processor.py:183} INFO - Processing /home/airflow/.local/lib/python3.8/site-packages/airflow/example_dags/tutorial_taskflow_api.py took 0.082 seconds
[2026-05-19T19:20:21.285+0000] {processor.py:161} INFO - Started process (PID=8269) to work on /home/airflow/.local/lib/python3.8/site-packages/airflow/example_dags/tutorial_taskflow_api.py
[2026-05-19T19:20:21.286+0000] {processor.py:830} INFO - Processing file /home/airflow/.local/lib/python3.8/site-packages/airflow/example_dags/tutorial_taskflow_api.py for tasks to queue
[2026-05-19T19:20:21.289+0000] {logging_mixin.py:188} INFO - [2026-05-19T19:20:21.288+0000] {dagbag.py:540} INFO - Filling up the DagBag from /home/airflow/.local/lib/python3.8/site-packages/airflow/example_dags/tutorial_taskflow_api.py
[2026-05-19T19:20:21.297+0000] {processor.py:840} INFO - DAG(s) 'tutorial_taskflow_api' retrieved from /home/airflow/.local/lib/python3.8/site-packages/airflow/example_dags/tutorial_taskflow_api.py
[2026-05-19T19:20:21.325+0000] {logging_mixin.py:188} INFO - [2026-05-19T19:20:21.325+0000] {dag.py:3047} INFO - Sync 1 DAGs
[2026-05-19T19:20:21.342+0000] {logging_mixin.py:188} INFO - [2026-05-19T19:20:21.341+0000] {dag.py:3834} INFO - Setting next_dagrun for tutorial_taskflow_api to None, run_after=None
[2026-05-19T19:20:21.371+0000] {processor.py:183} INFO - Processing /home/airflow/.local/lib/python3.8/site-packages/airflow/example_dags/tutorial_taskflow_api.py took 0.090 seconds
[2026-05-19T19:20:51.827+0000] {processor.py:161} INFO - Started process (PID=8324) to work on /home/airflow/.local/lib/python3.8/site-packages/airflow/example_dags/tutorial_taskflow_api.py
[2026-05-19T19:20:51.830+0000] {processor.py:830} INFO - Processing file /home/airflow/.local/lib/python3.8/site-packages/airflow/example_dags/tutorial_taskflow_api.py for tasks to queue
[2026-05-19T19:20:51.834+0000] {logging_mixin.py:188} INFO - [2026-05-19T19:20:51.834+0000] {dagbag.py:540} INFO - Filling up the DagBag from /home/airflow/.local/lib/python3.8/site-packages/airflow/example_dags/tutorial_taskflow_api.py
[2026-05-19T19:20:51.845+0000] {processor.py:840} INFO - DAG(s) 'tutorial_taskflow_api' retrieved from /home/airflow/.local/lib/python3.8/site-packages/airflow/example_dags/tutorial_taskflow_api.py
[2026-05-19T19:20:51.881+0000] {logging_mixin.py:188} INFO - [2026-05-19T19:20:51.880+0000] {dag.py:3047} INFO - Sync 1 DAGs
[2026-05-19T19:20:51.908+0000] {logging_mixin.py:188} INFO - [2026-05-19T19:20:51.907+0000] {dag.py:3834} INFO - Setting next_dagrun for tutorial_taskflow_api to None, run_after=None
[2026-05-19T19:20:51.939+0000] {processor.py:183} INFO - Processing /home/airflow/.local/lib/python3.8/site-packages/airflow/example_dags/tutorial_taskflow_api.py took 0.116 seconds
[2026-05-19T19:21:22.066+0000] {processor.py:161} INFO - Started process (PID=8380) to work on /home/airflow/.local/lib/python3.8/site-packages/airflow/example_dags/tutorial_taskflow_api.py
[2026-05-19T19:21:22.067+0000] {processor.py:830} INFO - Processing file /home/airflow/.local/lib/python3.8/site-packages/airflow/example_dags/tutorial_taskflow_api.py for tasks to queue
[2026-05-19T19:21:22.071+0000] {logging_mixin.py:188} INFO - [2026-05-19T19:21:22.070+0000] {dagbag.py:540} INFO - Filling up the DagBag from /home/airflow/.local/lib/python3.8/site-packages/airflow/example_dags/tutorial_taskflow_api.py
[2026-05-19T19:21:22.084+0000] {processor.py:840} INFO - DAG(s) 'tutorial_taskflow_api' retrieved from /home/airflow/.local/lib/python3.8/site-packages/airflow/example_dags/tutorial_taskflow_api.py
[2026-05-19T19:21:22.116+0000] {logging_mixin.py:188} INFO - [2026-05-19T19:21:22.116+0000] {dag.py:3047} INFO - Sync 1 DAGs
[2026-05-19T19:21:22.135+0000] {logging_mixin.py:188} INFO - [2026-05-19T19:21:22.134+0000] {dag.py:3834} INFO - Setting next_dagrun for tutorial_taskflow_api to None, run_after=None
[2026-05-19T19:21:22.172+0000] {processor.py:183} INFO - Processing /home/airflow/.local/lib/python3.8/site-packages/airflow/example_dags/tutorial_taskflow_api.py took 0.112 seconds
[2026-05-19T19:21:53.576+0000] {processor.py:161} INFO - Started process (PID=8435) to work on /home/airflow/.local/lib/python3.8/site-packages/airflow/example_dags/tutorial_taskflow_api.py
[2026-05-19T19:21:53.579+0000] {processor.py:830} INFO - Processing file /home/airflow/.local/lib/python3.8/site-packages/airflow/example_dags/tutorial_taskflow_api.py for tasks to queue
[2026-05-19T19:21:53.584+0000] {logging_mixin.py:188} INFO - [2026-05-19T19:21:53.583+0000] {dagbag.py:540} INFO - Filling up the DagBag from /home/airflow/.local/lib/python3.8/site-packages/airflow/example_dags/tutorial_taskflow_api.py
[2026-05-19T19:21:53.599+0000] {processor.py:840} INFO - DAG(s) 'tutorial_taskflow_api' retrieved from /home/airflow/.local/lib/python3.8/site-packages/airflow/example_dags/tutorial_taskflow_api.py
[2026-05-19T19:21:53.657+0000] {logging_mixin.py:188} INFO - [2026-05-19T19:21:53.656+0000] {dag.py:3047} INFO - Sync 1 DAGs
[2026-05-19T19:21:53.685+0000] {logging_mixin.py:188} INFO - [2026-05-19T19:21:53.685+0000] {dag.py:3834} INFO - Setting next_dagrun for tutorial_taskflow_api to None, run_after=None
[2026-05-19T19:21:53.743+0000] {processor.py:183} INFO - Processing /home/airflow/.local/lib/python3.8/site-packages/airflow/example_dags/tutorial_taskflow_api.py took 0.174 seconds
[2026-05-19T19:22:24.675+0000] {processor.py:161} INFO - Started process (PID=8490) to work on /home/airflow/.local/lib/python3.8/site-packages/airflow/example_dags/tutorial_taskflow_api.py
[2026-05-19T19:22:24.689+0000] {processor.py:830} INFO - Processing file /home/airflow/.local/lib/python3.8/site-packages/airflow/example_dags/tutorial_taskflow_api.py for tasks to queue
[2026-05-19T19:22:24.703+0000] {logging_mixin.py:188} INFO - [2026-05-19T19:22:24.702+0000] {dagbag.py:540} INFO - Filling up the DagBag from /home/airflow/.local/lib/python3.8/site-packages/airflow/example_dags/tutorial_taskflow_api.py
[2026-05-19T19:22:24.728+0000] {processor.py:840} INFO - DAG(s) 'tutorial_taskflow_api' retrieved from /home/airflow/.local/lib/python3.8/site-packages/airflow/example_dags/tutorial_taskflow_api.py
[2026-05-19T19:22:24.808+0000] {logging_mixin.py:188} INFO - [2026-05-19T19:22:24.807+0000] {dag.py:3047} INFO - Sync 1 DAGs
[2026-05-19T19:22:24.853+0000] {logging_mixin.py:188} INFO - [2026-05-19T19:22:24.852+0000] {dag.py:3834} INFO - Setting next_dagrun for tutorial_taskflow_api to None, run_after=None
[2026-05-19T19:22:24.909+0000] {processor.py:183} INFO - Processing /home/airflow/.local/lib/python3.8/site-packages/airflow/example_dags/tutorial_taskflow_api.py took 0.252 seconds
[2026-05-19T19:22:55.521+0000] {processor.py:161} INFO - Started process (PID=8544) to work on /home/airflow/.local/lib/python3.8/site-packages/airflow/example_dags/tutorial_taskflow_api.py
[2026-05-19T19:22:55.523+0000] {processor.py:830} INFO - Processing file /home/airflow/.local/lib/python3.8/site-packages/airflow/example_dags/tutorial_taskflow_api.py for tasks to queue
[2026-05-19T19:22:55.525+0000] {logging_mixin.py:188} INFO - [2026-05-19T19:22:55.525+0000] {dagbag.py:540} INFO - Filling up the DagBag from /home/airflow/.local/lib/python3.8/site-packages/airflow/example_dags/tutorial_taskflow_api.py
[2026-05-19T19:22:55.536+0000] {processor.py:840} INFO - DAG(s) 'tutorial_taskflow_api' retrieved from /home/airflow/.local/lib/python3.8/site-packages/airflow/example_dags/tutorial_taskflow_api.py
[2026-05-19T19:22:55.562+0000] {logging_mixin.py:188} INFO - [2026-05-19T19:22:55.561+0000] {dag.py:3047} INFO - Sync 1 DAGs
[2026-05-19T19:22:55.574+0000] {logging_mixin.py:188} INFO - [2026-05-19T19:22:55.573+0000] {dag.py:3834} INFO - Setting next_dagrun for tutorial_taskflow_api to None, run_after=None
[2026-05-19T19:22:55.602+0000] {processor.py:183} INFO - Processing /home/airflow/.local/lib/python3.8/site-packages/airflow/example_dags/tutorial_taskflow_api.py took 0.085 seconds
[2026-05-19T19:23:26.356+0000] {processor.py:161} INFO - Started process (PID=8599) to work on /home/airflow/.local/lib/python3.8/site-packages/airflow/example_dags/tutorial_taskflow_api.py
[2026-05-19T19:23:26.358+0000] {processor.py:830} INFO - Processing file /home/airflow/.local/lib/python3.8/site-packages/airflow/example_dags/tutorial_taskflow_api.py for tasks to queue
[2026-05-19T19:23:26.361+0000] {logging_mixin.py:188} INFO - [2026-05-19T19:23:26.361+0000] {dagbag.py:540} INFO - Filling up the DagBag from /home/airflow/.local/lib/python3.8/site-packages/airflow/example_dags/tutorial_taskflow_api.py
[2026-05-19T19:23:26.369+0000] {processor.py:840} INFO - DAG(s) 'tutorial_taskflow_api' retrieved from /home/airflow/.local/lib/python3.8/site-packages/airflow/example_dags/tutorial_taskflow_api.py
[2026-05-19T19:23:26.391+0000] {logging_mixin.py:188} INFO - [2026-05-19T19:23:26.391+0000] {dag.py:3047} INFO - Sync 1 DAGs
[2026-05-19T19:23:26.402+0000] {logging_mixin.py:188} INFO - [2026-05-19T19:23:26.402+0000] {dag.py:3834} INFO - Setting next_dagrun for tutorial_taskflow_api to None, run_after=None
[2026-05-19T19:23:26.426+0000] {processor.py:183} INFO - Processing /home/airflow/.local/lib/python3.8/site-packages/airflow/example_dags/tutorial_taskflow_api.py took 0.074 seconds
[2026-05-19T19:23:56.571+0000] {processor.py:161} INFO - Started process (PID=8654) to work on /home/airflow/.local/lib/python3.8/site-packages/airflow/example_dags/tutorial_taskflow_api.py
[2026-05-19T19:23:56.572+0000] {processor.py:830} INFO - Processing file /home/airflow/.local/lib/python3.8/site-packages/airflow/example_dags/tutorial_taskflow_api.py for tasks to queue
[2026-05-19T19:23:56.574+0000] {logging_mixin.py:188} INFO - [2026-05-19T19:23:56.574+0000] {dagbag.py:540} INFO - Filling up the DagBag from /home/airflow/.local/lib/python3.8/site-packages/airflow/example_dags/tutorial_taskflow_api.py
[2026-05-19T19:23:56.582+0000] {processor.py:840} INFO - DAG(s) 'tutorial_taskflow_api' retrieved from /home/airflow/.local/lib/python3.8/site-packages/airflow/example_dags/tutorial_taskflow_api.py
[2026-05-19T19:23:56.604+0000] {logging_mixin.py:188} INFO - [2026-05-19T19:23:56.604+0000] {dag.py:3047} INFO - Sync 1 DAGs
[2026-05-19T19:23:56.617+0000] {logging_mixin.py:188} INFO - [2026-05-19T19:23:56.617+0000] {dag.py:3834} INFO - Setting next_dagrun for tutorial_taskflow_api to None, run_after=None
[2026-05-19T19:23:56.637+0000] {processor.py:183} INFO - Processing /home/airflow/.local/lib/python3.8/site-packages/airflow/example_dags/tutorial_taskflow_api.py took 0.070 seconds
[2026-05-19T19:24:28.027+0000] {processor.py:161} INFO - Started process (PID=8709) to work on /home/airflow/.local/lib/python3.8/site-packages/airflow/example_dags/tutorial_taskflow_api.py
[2026-05-19T19:24:28.049+0000] {processor.py:830} INFO - Processing file /home/airflow/.local/lib/python3.8/site-packages/airflow/example_dags/tutorial_taskflow_api.py for tasks to queue
[2026-05-19T19:24:28.070+0000] {logging_mixin.py:188} INFO - [2026-05-19T19:24:28.069+0000] {dagbag.py:540} INFO - Filling up the DagBag from /home/airflow/.local/lib/python3.8/site-packages/airflow/example_dags/tutorial_taskflow_api.py
[2026-05-19T19:24:28.111+0000] {processor.py:840} INFO - DAG(s) 'tutorial_taskflow_api' retrieved from /home/airflow/.local/lib/python3.8/site-packages/airflow/example_dags/tutorial_taskflow_api.py
[2026-05-19T19:24:28.198+0000] {logging_mixin.py:188} INFO - [2026-05-19T19:24:28.197+0000] {dag.py:3047} INFO - Sync 1 DAGs
[2026-05-19T19:24:28.265+0000] {logging_mixin.py:188} INFO - [2026-05-19T19:24:28.264+0000] {dag.py:3834} INFO - Setting next_dagrun for tutorial_taskflow_api to None, run_after=None
[2026-05-19T19:24:28.364+0000] {processor.py:183} INFO - Processing /home/airflow/.local/lib/python3.8/site-packages/airflow/example_dags/tutorial_taskflow_api.py took 0.354 seconds
[2026-05-19T19:24:59.100+0000] {processor.py:161} INFO - Started process (PID=8764) to work on /home/airflow/.local/lib/python3.8/site-packages/airflow/example_dags/tutorial_taskflow_api.py
[2026-05-19T19:24:59.102+0000] {processor.py:830} INFO - Processing file /home/airflow/.local/lib/python3.8/site-packages/airflow/example_dags/tutorial_taskflow_api.py for tasks to queue
[2026-05-19T19:24:59.107+0000] {logging_mixin.py:188} INFO - [2026-05-19T19:24:59.106+0000] {dagbag.py:540} INFO - Filling up the DagBag from /home/airflow/.local/lib/python3.8/site-packages/airflow/example_dags/tutorial_taskflow_api.py
[2026-05-19T19:24:59.119+0000] {processor.py:840} INFO - DAG(s) 'tutorial_taskflow_api' retrieved from /home/airflow/.local/lib/python3.8/site-packages/airflow/example_dags/tutorial_taskflow_api.py
[2026-05-19T19:24:59.199+0000] {logging_mixin.py:188} INFO - [2026-05-19T19:24:59.199+0000] {dag.py:3047} INFO - Sync 1 DAGs
[2026-05-19T19:24:59.271+0000] {logging_mixin.py:188} INFO - [2026-05-19T19:24:59.269+0000] {dag.py:3834} INFO - Setting next_dagrun for tutorial_taskflow_api to None, run_after=None
[2026-05-19T19:24:59.338+0000] {processor.py:183} INFO - Processing /home/airflow/.local/lib/python3.8/site-packages/airflow/example_dags/tutorial_taskflow_api.py took 0.244 seconds
[2026-05-19T19:25:29.626+0000] {processor.py:161} INFO - Started process (PID=8817) to work on /home/airflow/.local/lib/python3.8/site-packages/airflow/example_dags/tutorial_taskflow_api.py
[2026-05-19T19:25:29.629+0000] {processor.py:830} INFO - Processing file /home/airflow/.local/lib/python3.8/site-packages/airflow/example_dags/tutorial_taskflow_api.py for tasks to queue
[2026-05-19T19:25:29.633+0000] {logging_mixin.py:188} INFO - [2026-05-19T19:25:29.632+0000] {dagbag.py:540} INFO - Filling up the DagBag from /home/airflow/.local/lib/python3.8/site-packages/airflow/example_dags/tutorial_taskflow_api.py
[2026-05-19T19:25:29.647+0000] {processor.py:840} INFO - DAG(s) 'tutorial_taskflow_api' retrieved from /home/airflow/.local/lib/python3.8/site-packages/airflow/example_dags/tutorial_taskflow_api.py
[2026-05-19T19:25:29.710+0000] {logging_mixin.py:188} INFO - [2026-05-19T19:25:29.710+0000] {dag.py:3047} INFO - Sync 1 DAGs
[2026-05-19T19:25:29.760+0000] {logging_mixin.py:188} INFO - [2026-05-19T19:25:29.760+0000] {dag.py:3834} INFO - Setting next_dagrun for tutorial_taskflow_api to None, run_after=None
[2026-05-19T19:25:29.818+0000] {processor.py:183} INFO - Processing /home/airflow/.local/lib/python3.8/site-packages/airflow/example_dags/tutorial_taskflow_api.py took 0.197 seconds
[2026-05-19T19:26:00.835+0000] {processor.py:161} INFO - Started process (PID=8872) to work on /home/airflow/.local/lib/python3.8/site-packages/airflow/example_dags/tutorial_taskflow_api.py
[2026-05-19T19:26:00.839+0000] {processor.py:830} INFO - Processing file /home/airflow/.local/lib/python3.8/site-packages/airflow/example_dags/tutorial_taskflow_api.py for tasks to queue
[2026-05-19T19:26:00.843+0000] {logging_mixin.py:188} INFO - [2026-05-19T19:26:00.843+0000] {dagbag.py:540} INFO - Filling up the DagBag from /home/airflow/.local/lib/python3.8/site-packages/airflow/example_dags/tutorial_taskflow_api.py
[2026-05-19T19:26:00.855+0000] {processor.py:840} INFO - DAG(s) 'tutorial_taskflow_api' retrieved from /home/airflow/.local/lib/python3.8/site-packages/airflow/example_dags/tutorial_taskflow_api.py
[2026-05-19T19:26:00.885+0000] {logging_mixin.py:188} INFO - [2026-05-19T19:26:00.884+0000] {dag.py:3047} INFO - Sync 1 DAGs
[2026-05-19T19:26:00.899+0000] {logging_mixin.py:188} INFO - [2026-05-19T19:26:00.899+0000] {dag.py:3834} INFO - Setting next_dagrun for tutorial_taskflow_api to None, run_after=None
[2026-05-19T19:26:00.935+0000] {processor.py:183} INFO - Processing /home/airflow/.local/lib/python3.8/site-packages/airflow/example_dags/tutorial_taskflow_api.py took 0.107 seconds
[2026-05-19T19:26:31.040+0000] {processor.py:161} INFO - Started process (PID=8927) to work on /home/airflow/.local/lib/python3.8/site-packages/airflow/example_dags/tutorial_taskflow_api.py
[2026-05-19T19:26:31.042+0000] {processor.py:830} INFO - Processing file /home/airflow/.local/lib/python3.8/site-packages/airflow/example_dags/tutorial_taskflow_api.py for tasks to queue
[2026-05-19T19:26:31.045+0000] {logging_mixin.py:188} INFO - [2026-05-19T19:26:31.045+0000] {dagbag.py:540} INFO - Filling up the DagBag from /home/airflow/.local/lib/python3.8/site-packages/airflow/example_dags/tutorial_taskflow_api.py
[2026-05-19T19:26:31.053+0000] {processor.py:840} INFO - DAG(s) 'tutorial_taskflow_api' retrieved from /home/airflow/.local/lib/python3.8/site-packages/airflow/example_dags/tutorial_taskflow_api.py
[2026-05-19T19:26:31.082+0000] {logging_mixin.py:188} INFO - [2026-05-19T19:26:31.082+0000] {dag.py:3047} INFO - Sync 1 DAGs
[2026-05-19T19:26:31.102+0000] {logging_mixin.py:188} INFO - [2026-05-19T19:26:31.101+0000] {dag.py:3834} INFO - Setting next_dagrun for tutorial_taskflow_api to None, run_after=None
[2026-05-19T19:26:31.137+0000] {processor.py:183} INFO - Processing /home/airflow/.local/lib/python3.8/site-packages/airflow/example_dags/tutorial_taskflow_api.py took 0.101 seconds
[2026-05-19T19:27:01.609+0000] {processor.py:161} INFO - Started process (PID=8982) to work on /home/airflow/.local/lib/python3.8/site-packages/airflow/example_dags/tutorial_taskflow_api.py
[2026-05-19T19:27:01.611+0000] {processor.py:830} INFO - Processing file /home/airflow/.local/lib/python3.8/site-packages/airflow/example_dags/tutorial_taskflow_api.py for tasks to queue
[2026-05-19T19:27:01.614+0000] {logging_mixin.py:188} INFO - [2026-05-19T19:27:01.614+0000] {dagbag.py:540} INFO - Filling up the DagBag from /home/airflow/.local/lib/python3.8/site-packages/airflow/example_dags/tutorial_taskflow_api.py
[2026-05-19T19:27:01.620+0000] {processor.py:840} INFO - DAG(s) 'tutorial_taskflow_api' retrieved from /home/airflow/.local/lib/python3.8/site-packages/airflow/example_dags/tutorial_taskflow_api.py
[2026-05-19T19:27:01.640+0000] {logging_mixin.py:188} INFO - [2026-05-19T19:27:01.640+0000] {dag.py:3047} INFO - Sync 1 DAGs
[2026-05-19T19:27:01.651+0000] {logging_mixin.py:188} INFO - [2026-05-19T19:27:01.651+0000] {dag.py:3834} INFO - Setting next_dagrun for tutorial_taskflow_api to None, run_after=None
[2026-05-19T19:27:01.684+0000] {processor.py:183} INFO - Processing /home/airflow/.local/lib/python3.8/site-packages/airflow/example_dags/tutorial_taskflow_api.py took 0.081 seconds
[2026-05-19T19:27:32.546+0000] {processor.py:161} INFO - Started process (PID=9037) to work on /home/airflow/.local/lib/python3.8/site-packages/airflow/example_dags/tutorial_taskflow_api.py
[2026-05-19T19:27:32.548+0000] {processor.py:830} INFO - Processing file /home/airflow/.local/lib/python3.8/site-packages/airflow/example_dags/tutorial_taskflow_api.py for tasks to queue
[2026-05-19T19:27:32.552+0000] {logging_mixin.py:188} INFO - [2026-05-19T19:27:32.551+0000] {dagbag.py:540} INFO - Filling up the DagBag from /home/airflow/.local/lib/python3.8/site-packages/airflow/example_dags/tutorial_taskflow_api.py
[2026-05-19T19:27:32.560+0000] {processor.py:840} INFO - DAG(s) 'tutorial_taskflow_api' retrieved from /home/airflow/.local/lib/python3.8/site-packages/airflow/example_dags/tutorial_taskflow_api.py
[2026-05-19T19:27:32.587+0000] {logging_mixin.py:188} INFO - [2026-05-19T19:27:32.587+0000] {dag.py:3047} INFO - Sync 1 DAGs
[2026-05-19T19:27:32.606+0000] {logging_mixin.py:188} INFO - [2026-05-19T19:27:32.605+0000] {dag.py:3834} INFO - Setting next_dagrun for tutorial_taskflow_api to None, run_after=None
[2026-05-19T19:27:32.648+0000] {processor.py:183} INFO - Processing /home/airflow/.local/lib/python3.8/site-packages/airflow/example_dags/tutorial_taskflow_api.py took 0.106 seconds
[2026-05-19T19:28:03.066+0000] {processor.py:161} INFO - Started process (PID=9092) to work on /home/airflow/.local/lib/python3.8/site-packages/airflow/example_dags/tutorial_taskflow_api.py
[2026-05-19T19:28:03.068+0000] {processor.py:830} INFO - Processing file /home/airflow/.local/lib/python3.8/site-packages/airflow/example_dags/tutorial_taskflow_api.py for tasks to queue
[2026-05-19T19:28:03.071+0000] {logging_mixin.py:188} INFO - [2026-05-19T19:28:03.071+0000] {dagbag.py:540} INFO - Filling up the DagBag from /home/airflow/.local/lib/python3.8/site-packages/airflow/example_dags/tutorial_taskflow_api.py
[2026-05-19T19:28:03.084+0000] {processor.py:840} INFO - DAG(s) 'tutorial_taskflow_api' retrieved from /home/airflow/.local/lib/python3.8/site-packages/airflow/example_dags/tutorial_taskflow_api.py
[2026-05-19T19:28:03.123+0000] {logging_mixin.py:188} INFO - [2026-05-19T19:28:03.122+0000] {dag.py:3047} INFO - Sync 1 DAGs
[2026-05-19T19:28:03.142+0000] {logging_mixin.py:188} INFO - [2026-05-19T19:28:03.142+0000] {dag.py:3834} INFO - Setting next_dagrun for tutorial_taskflow_api to None, run_after=None
[2026-05-19T19:28:03.201+0000] {processor.py:183} INFO - Processing /home/airflow/.local/lib/python3.8/site-packages/airflow/example_dags/tutorial_taskflow_api.py took 0.141 seconds
[2026-05-19T19:28:34.062+0000] {processor.py:161} INFO - Started process (PID=9147) to work on /home/airflow/.local/lib/python3.8/site-packages/airflow/example_dags/tutorial_taskflow_api.py
[2026-05-19T19:28:34.064+0000] {processor.py:830} INFO - Processing file /home/airflow/.local/lib/python3.8/site-packages/airflow/example_dags/tutorial_taskflow_api.py for tasks to queue
[2026-05-19T19:28:34.068+0000] {logging_mixin.py:188} INFO - [2026-05-19T19:28:34.067+0000] {dagbag.py:540} INFO - Filling up the DagBag from /home/airflow/.local/lib/python3.8/site-packages/airflow/example_dags/tutorial_taskflow_api.py
[2026-05-19T19:28:34.081+0000] {processor.py:840} INFO - DAG(s) 'tutorial_taskflow_api' retrieved from /home/airflow/.local/lib/python3.8/site-packages/airflow/example_dags/tutorial_taskflow_api.py
[2026-05-19T19:28:34.118+0000] {logging_mixin.py:188} INFO - [2026-05-19T19:28:34.118+0000] {dag.py:3047} INFO - Sync 1 DAGs
[2026-05-19T19:28:34.144+0000] {logging_mixin.py:188} INFO - [2026-05-19T19:28:34.143+0000] {dag.py:3834} INFO - Setting next_dagrun for tutorial_taskflow_api to None, run_after=None
[2026-05-19T19:28:34.189+0000] {processor.py:183} INFO - Processing /home/airflow/.local/lib/python3.8/site-packages/airflow/example_dags/tutorial_taskflow_api.py took 0.134 seconds
[2026-05-19T19:29:04.581+0000] {processor.py:161} INFO - Started process (PID=9202) to work on /home/airflow/.local/lib/python3.8/site-packages/airflow/example_dags/tutorial_taskflow_api.py
[2026-05-19T19:29:04.584+0000] {processor.py:830} INFO - Processing file /home/airflow/.local/lib/python3.8/site-packages/airflow/example_dags/tutorial_taskflow_api.py for tasks to queue
[2026-05-19T19:29:04.589+0000] {logging_mixin.py:188} INFO - [2026-05-19T19:29:04.588+0000] {dagbag.py:540} INFO - Filling up the DagBag from /home/airflow/.local/lib/python3.8/site-packages/airflow/example_dags/tutorial_taskflow_api.py
[2026-05-19T19:29:04.604+0000] {processor.py:840} INFO - DAG(s) 'tutorial_taskflow_api' retrieved from /home/airflow/.local/lib/python3.8/site-packages/airflow/example_dags/tutorial_taskflow_api.py
[2026-05-19T19:29:04.640+0000] {logging_mixin.py:188} INFO - [2026-05-19T19:29:04.639+0000] {dag.py:3047} INFO - Sync 1 DAGs
[2026-05-19T19:29:04.662+0000] {logging_mixin.py:188} INFO - [2026-05-19T19:29:04.661+0000] {dag.py:3834} INFO - Setting next_dagrun for tutorial_taskflow_api to None, run_after=None
[2026-05-19T19:29:04.690+0000] {processor.py:183} INFO - Processing /home/airflow/.local/lib/python3.8/site-packages/airflow/example_dags/tutorial_taskflow_api.py took 0.114 seconds
[2026-05-19T19:29:35.394+0000] {processor.py:161} INFO - Started process (PID=9257) to work on /home/airflow/.local/lib/python3.8/site-packages/airflow/example_dags/tutorial_taskflow_api.py
[2026-05-19T19:29:35.396+0000] {processor.py:830} INFO - Processing file /home/airflow/.local/lib/python3.8/site-packages/airflow/example_dags/tutorial_taskflow_api.py for tasks to queue
[2026-05-19T19:29:35.400+0000] {logging_mixin.py:188} INFO - [2026-05-19T19:29:35.399+0000] {dagbag.py:540} INFO - Filling up the DagBag from /home/airflow/.local/lib/python3.8/site-packages/airflow/example_dags/tutorial_taskflow_api.py
[2026-05-19T19:29:35.412+0000] {processor.py:840} INFO - DAG(s) 'tutorial_taskflow_api' retrieved from /home/airflow/.local/lib/python3.8/site-packages/airflow/example_dags/tutorial_taskflow_api.py
[2026-05-19T19:29:35.446+0000] {logging_mixin.py:188} INFO - [2026-05-19T19:29:35.445+0000] {dag.py:3047} INFO - Sync 1 DAGs
[2026-05-19T19:29:35.466+0000] {logging_mixin.py:188} INFO - [2026-05-19T19:29:35.466+0000] {dag.py:3834} INFO - Setting next_dagrun for tutorial_taskflow_api to None, run_after=None
[2026-05-19T19:29:35.502+0000] {processor.py:183} INFO - Processing /home/airflow/.local/lib/python3.8/site-packages/airflow/example_dags/tutorial_taskflow_api.py took 0.117 seconds
[2026-05-19T19:30:06.647+0000] {processor.py:161} INFO - Started process (PID=9312) to work on /home/airflow/.local/lib/python3.8/site-packages/airflow/example_dags/tutorial_taskflow_api.py
[2026-05-19T19:30:06.650+0000] {processor.py:830} INFO - Processing file /home/airflow/.local/lib/python3.8/site-packages/airflow/example_dags/tutorial_taskflow_api.py for tasks to queue
[2026-05-19T19:30:06.655+0000] {logging_mixin.py:188} INFO - [2026-05-19T19:30:06.654+0000] {dagbag.py:540} INFO - Filling up the DagBag from /home/airflow/.local/lib/python3.8/site-packages/airflow/example_dags/tutorial_taskflow_api.py
[2026-05-19T19:30:06.672+0000] {processor.py:840} INFO - DAG(s) 'tutorial_taskflow_api' retrieved from /home/airflow/.local/lib/python3.8/site-packages/airflow/example_dags/tutorial_taskflow_api.py
[2026-05-19T19:30:06.724+0000] {logging_mixin.py:188} INFO - [2026-05-19T19:30:06.724+0000] {dag.py:3047} INFO - Sync 1 DAGs
[2026-05-19T19:30:06.750+0000] {logging_mixin.py:188} INFO - [2026-05-19T19:30:06.750+0000] {dag.py:3834} INFO - Setting next_dagrun for tutorial_taskflow_api to None, run_after=None
[2026-05-19T19:30:06.793+0000] {processor.py:183} INFO - Processing /home/airflow/.local/lib/python3.8/site-packages/airflow/example_dags/tutorial_taskflow_api.py took 0.151 seconds
[2026-05-19T19:30:37.124+0000] {processor.py:161} INFO - Started process (PID=9367) to work on /home/airflow/.local/lib/python3.8/site-packages/airflow/example_dags/tutorial_taskflow_api.py
[2026-05-19T19:30:37.126+0000] {processor.py:830} INFO - Processing file /home/airflow/.local/lib/python3.8/site-packages/airflow/example_dags/tutorial_taskflow_api.py for tasks to queue
[2026-05-19T19:30:37.130+0000] {logging_mixin.py:188} INFO - [2026-05-19T19:30:37.130+0000] {dagbag.py:540} INFO - Filling up the DagBag from /home/airflow/.local/lib/python3.8/site-packages/airflow/example_dags/tutorial_taskflow_api.py
[2026-05-19T19:30:37.140+0000] {processor.py:840} INFO - DAG(s) 'tutorial_taskflow_api' retrieved from /home/airflow/.local/lib/python3.8/site-packages/airflow/example_dags/tutorial_taskflow_api.py
[2026-05-19T19:30:37.185+0000] {logging_mixin.py:188} INFO - [2026-05-19T19:30:37.184+0000] {dag.py:3047} INFO - Sync 1 DAGs
[2026-05-19T19:30:37.234+0000] {logging_mixin.py:188} INFO - [2026-05-19T19:30:37.233+0000] {dag.py:3834} INFO - Setting next_dagrun for tutorial_taskflow_api to None, run_after=None
[2026-05-19T19:30:37.280+0000] {processor.py:183} INFO - Processing /home/airflow/.local/lib/python3.8/site-packages/airflow/example_dags/tutorial_taskflow_api.py took 0.160 seconds
[2026-05-19T19:31:07.534+0000] {processor.py:161} INFO - Started process (PID=9422) to work on /home/airflow/.local/lib/python3.8/site-packages/airflow/example_dags/tutorial_taskflow_api.py
[2026-05-19T19:31:07.536+0000] {processor.py:830} INFO - Processing file /home/airflow/.local/lib/python3.8/site-packages/airflow/example_dags/tutorial_taskflow_api.py for tasks to queue
[2026-05-19T19:31:07.539+0000] {logging_mixin.py:188} INFO - [2026-05-19T19:31:07.538+0000] {dagbag.py:540} INFO - Filling up the DagBag from /home/airflow/.local/lib/python3.8/site-packages/airflow/example_dags/tutorial_taskflow_api.py
[2026-05-19T19:31:07.548+0000] {processor.py:840} INFO - DAG(s) 'tutorial_taskflow_api' retrieved from /home/airflow/.local/lib/python3.8/site-packages/airflow/example_dags/tutorial_taskflow_api.py
[2026-05-19T19:31:07.578+0000] {logging_mixin.py:188} INFO - [2026-05-19T19:31:07.577+0000] {dag.py:3047} INFO - Sync 1 DAGs
[2026-05-19T19:31:07.595+0000] {logging_mixin.py:188} INFO - [2026-05-19T19:31:07.595+0000] {dag.py:3834} INFO - Setting next_dagrun for tutorial_taskflow_api to None, run_after=None
[2026-05-19T19:31:07.624+0000] {processor.py:183} INFO - Processing /home/airflow/.local/lib/python3.8/site-packages/airflow/example_dags/tutorial_taskflow_api.py took 0.095 seconds
[2026-05-19T19:31:38.553+0000] {processor.py:161} INFO - Started process (PID=9477) to work on /home/airflow/.local/lib/python3.8/site-packages/airflow/example_dags/tutorial_taskflow_api.py
[2026-05-19T19:31:38.555+0000] {processor.py:830} INFO - Processing file /home/airflow/.local/lib/python3.8/site-packages/airflow/example_dags/tutorial_taskflow_api.py for tasks to queue
[2026-05-19T19:31:38.559+0000] {logging_mixin.py:188} INFO - [2026-05-19T19:31:38.559+0000] {dagbag.py:540} INFO - Filling up the DagBag from /home/airflow/.local/lib/python3.8/site-packages/airflow/example_dags/tutorial_taskflow_api.py
[2026-05-19T19:31:38.572+0000] {processor.py:840} INFO - DAG(s) 'tutorial_taskflow_api' retrieved from /home/airflow/.local/lib/python3.8/site-packages/airflow/example_dags/tutorial_taskflow_api.py
[2026-05-19T19:31:38.607+0000] {logging_mixin.py:188} INFO - [2026-05-19T19:31:38.607+0000] {dag.py:3047} INFO - Sync 1 DAGs
[2026-05-19T19:31:38.637+0000] {logging_mixin.py:188} INFO - [2026-05-19T19:31:38.637+0000] {dag.py:3834} INFO - Setting next_dagrun for tutorial_taskflow_api to None, run_after=None
[2026-05-19T19:31:38.677+0000] {processor.py:183} INFO - Processing /home/airflow/.local/lib/python3.8/site-packages/airflow/example_dags/tutorial_taskflow_api.py took 0.132 seconds
[2026-05-19T19:32:08.956+0000] {processor.py:161} INFO - Started process (PID=9532) to work on /home/airflow/.local/lib/python3.8/site-packages/airflow/example_dags/tutorial_taskflow_api.py
[2026-05-19T19:32:08.959+0000] {processor.py:830} INFO - Processing file /home/airflow/.local/lib/python3.8/site-packages/airflow/example_dags/tutorial_taskflow_api.py for tasks to queue
[2026-05-19T19:32:08.964+0000] {logging_mixin.py:188} INFO - [2026-05-19T19:32:08.963+0000] {dagbag.py:540} INFO - Filling up the DagBag from /home/airflow/.local/lib/python3.8/site-packages/airflow/example_dags/tutorial_taskflow_api.py
[2026-05-19T19:32:08.978+0000] {processor.py:840} INFO - DAG(s) 'tutorial_taskflow_api' retrieved from /home/airflow/.local/lib/python3.8/site-packages/airflow/example_dags/tutorial_taskflow_api.py
[2026-05-19T19:32:09.015+0000] {logging_mixin.py:188} INFO - [2026-05-19T19:32:09.015+0000] {dag.py:3047} INFO - Sync 1 DAGs
[2026-05-19T19:32:09.054+0000] {logging_mixin.py:188} INFO - [2026-05-19T19:32:09.053+0000] {dag.py:3834} INFO - Setting next_dagrun for tutorial_taskflow_api to None, run_after=None
[2026-05-19T19:32:09.093+0000] {processor.py:183} INFO - Processing /home/airflow/.local/lib/python3.8/site-packages/airflow/example_dags/tutorial_taskflow_api.py took 0.145 seconds
[2026-05-19T19:32:39.314+0000] {processor.py:161} INFO - Started process (PID=9587) to work on /home/airflow/.local/lib/python3.8/site-packages/airflow/example_dags/tutorial_taskflow_api.py
[2026-05-19T19:32:39.316+0000] {processor.py:830} INFO - Processing file /home/airflow/.local/lib/python3.8/site-packages/airflow/example_dags/tutorial_taskflow_api.py for tasks to queue
[2026-05-19T19:32:39.319+0000] {logging_mixin.py:188} INFO - [2026-05-19T19:32:39.319+0000] {dagbag.py:540} INFO - Filling up the DagBag from /home/airflow/.local/lib/python3.8/site-packages/airflow/example_dags/tutorial_taskflow_api.py
[2026-05-19T19:32:39.329+0000] {processor.py:840} INFO - DAG(s) 'tutorial_taskflow_api' retrieved from /home/airflow/.local/lib/python3.8/site-packages/airflow/example_dags/tutorial_taskflow_api.py
[2026-05-19T19:32:39.363+0000] {logging_mixin.py:188} INFO - [2026-05-19T19:32:39.362+0000] {dag.py:3047} INFO - Sync 1 DAGs
[2026-05-19T19:32:39.381+0000] {logging_mixin.py:188} INFO - [2026-05-19T19:32:39.381+0000] {dag.py:3834} INFO - Setting next_dagrun for tutorial_taskflow_api to None, run_after=None
[2026-05-19T19:32:39.407+0000] {processor.py:183} INFO - Processing /home/airflow/.local/lib/python3.8/site-packages/airflow/example_dags/tutorial_taskflow_api.py took 0.098 seconds
[2026-05-19T19:33:10.290+0000] {processor.py:161} INFO - Started process (PID=9642) to work on /home/airflow/.local/lib/python3.8/site-packages/airflow/example_dags/tutorial_taskflow_api.py
[2026-05-19T19:33:10.293+0000] {processor.py:830} INFO - Processing file /home/airflow/.local/lib/python3.8/site-packages/airflow/example_dags/tutorial_taskflow_api.py for tasks to queue
[2026-05-19T19:33:10.296+0000] {logging_mixin.py:188} INFO - [2026-05-19T19:33:10.296+0000] {dagbag.py:540} INFO - Filling up the DagBag from /home/airflow/.local/lib/python3.8/site-packages/airflow/example_dags/tutorial_taskflow_api.py
[2026-05-19T19:33:10.310+0000] {processor.py:840} INFO - DAG(s) 'tutorial_taskflow_api' retrieved from /home/airflow/.local/lib/python3.8/site-packages/airflow/example_dags/tutorial_taskflow_api.py
[2026-05-19T19:33:10.346+0000] {logging_mixin.py:188} INFO - [2026-05-19T19:33:10.345+0000] {dag.py:3047} INFO - Sync 1 DAGs
[2026-05-19T19:33:10.365+0000] {logging_mixin.py:188} INFO - [2026-05-19T19:33:10.365+0000] {dag.py:3834} INFO - Setting next_dagrun for tutorial_taskflow_api to None, run_after=None
[2026-05-19T19:33:10.400+0000] {processor.py:183} INFO - Processing /home/airflow/.local/lib/python3.8/site-packages/airflow/example_dags/tutorial_taskflow_api.py took 0.117 seconds
[2026-05-19T19:33:41.273+0000] {processor.py:161} INFO - Started process (PID=9697) to work on /home/airflow/.local/lib/python3.8/site-packages/airflow/example_dags/tutorial_taskflow_api.py
[2026-05-19T19:33:41.279+0000] {processor.py:830} INFO - Processing file /home/airflow/.local/lib/python3.8/site-packages/airflow/example_dags/tutorial_taskflow_api.py for tasks to queue
[2026-05-19T19:33:41.285+0000] {logging_mixin.py:188} INFO - [2026-05-19T19:33:41.284+0000] {dagbag.py:540} INFO - Filling up the DagBag from /home/airflow/.local/lib/python3.8/site-packages/airflow/example_dags/tutorial_taskflow_api.py
[2026-05-19T19:33:41.306+0000] {processor.py:840} INFO - DAG(s) 'tutorial_taskflow_api' retrieved from /home/airflow/.local/lib/python3.8/site-packages/airflow/example_dags/tutorial_taskflow_api.py
[2026-05-19T19:33:41.365+0000] {logging_mixin.py:188} INFO - [2026-05-19T19:33:41.364+0000] {dag.py:3047} INFO - Sync 1 DAGs
[2026-05-19T19:33:41.388+0000] {logging_mixin.py:188} INFO - [2026-05-19T19:33:41.387+0000] {dag.py:3834} INFO - Setting next_dagrun for tutorial_taskflow_api to None, run_after=None
[2026-05-19T19:33:41.425+0000] {processor.py:183} INFO - Processing /home/airflow/.local/lib/python3.8/site-packages/airflow/example_dags/tutorial_taskflow_api.py took 0.160 seconds
