[2026-05-19T19:18:19.636+0000] {processor.py:161} INFO - Started process (PID=8053) to work on /home/airflow/.local/lib/python3.8/site-packages/airflow/example_dags/tutorial_objectstorage.py
[2026-05-19T19:18:19.640+0000] {processor.py:830} INFO - Processing file /home/airflow/.local/lib/python3.8/site-packages/airflow/example_dags/tutorial_objectstorage.py for tasks to queue
[2026-05-19T19:18:19.647+0000] {logging_mixin.py:188} INFO - [2026-05-19T19:18:19.646+0000] {dagbag.py:540} INFO - Filling up the DagBag from /home/airflow/.local/lib/python3.8/site-packages/airflow/example_dags/tutorial_objectstorage.py
[2026-05-19T19:18:19.670+0000] {processor.py:840} INFO - DAG(s) 'tutorial_objectstorage' retrieved from /home/airflow/.local/lib/python3.8/site-packages/airflow/example_dags/tutorial_objectstorage.py
[2026-05-19T19:18:19.729+0000] {logging_mixin.py:188} INFO - [2026-05-19T19:18:19.728+0000] {dag.py:3047} INFO - Sync 1 DAGs
[2026-05-19T19:18:19.768+0000] {logging_mixin.py:188} INFO - [2026-05-19T19:18:19.767+0000] {dag.py:3834} INFO - Setting next_dagrun for tutorial_objectstorage to None, run_after=None
[2026-05-19T19:18:19.821+0000] {processor.py:183} INFO - Processing /home/airflow/.local/lib/python3.8/site-packages/airflow/example_dags/tutorial_objectstorage.py took 0.196 seconds
[2026-05-19T19:18:50.591+0000] {processor.py:161} INFO - Started process (PID=8108) to work on /home/airflow/.local/lib/python3.8/site-packages/airflow/example_dags/tutorial_objectstorage.py
[2026-05-19T19:18:50.592+0000] {processor.py:830} INFO - Processing file /home/airflow/.local/lib/python3.8/site-packages/airflow/example_dags/tutorial_objectstorage.py for tasks to queue
[2026-05-19T19:18:50.594+0000] {logging_mixin.py:188} INFO - [2026-05-19T19:18:50.594+0000] {dagbag.py:540} INFO - Filling up the DagBag from /home/airflow/.local/lib/python3.8/site-packages/airflow/example_dags/tutorial_objectstorage.py
[2026-05-19T19:18:50.600+0000] {processor.py:840} INFO - DAG(s) 'tutorial_objectstorage' retrieved from /home/airflow/.local/lib/python3.8/site-packages/airflow/example_dags/tutorial_objectstorage.py
[2026-05-19T19:18:50.652+0000] {logging_mixin.py:188} INFO - [2026-05-19T19:18:50.651+0000] {dag.py:3047} INFO - Sync 1 DAGs
[2026-05-19T19:18:50.667+0000] {logging_mixin.py:188} INFO - [2026-05-19T19:18:50.667+0000] {dag.py:3834} INFO - Setting next_dagrun for tutorial_objectstorage to None, run_after=None
[2026-05-19T19:18:50.686+0000] {processor.py:183} INFO - Processing /home/airflow/.local/lib/python3.8/site-packages/airflow/example_dags/tutorial_objectstorage.py took 0.098 seconds
[2026-05-19T19:19:20.918+0000] {processor.py:161} INFO - Started process (PID=8162) to work on /home/airflow/.local/lib/python3.8/site-packages/airflow/example_dags/tutorial_objectstorage.py
[2026-05-19T19:19:20.921+0000] {processor.py:830} INFO - Processing file /home/airflow/.local/lib/python3.8/site-packages/airflow/example_dags/tutorial_objectstorage.py for tasks to queue
[2026-05-19T19:19:20.926+0000] {logging_mixin.py:188} INFO - [2026-05-19T19:19:20.925+0000] {dagbag.py:540} INFO - Filling up the DagBag from /home/airflow/.local/lib/python3.8/site-packages/airflow/example_dags/tutorial_objectstorage.py
[2026-05-19T19:19:20.939+0000] {processor.py:840} INFO - DAG(s) 'tutorial_objectstorage' retrieved from /home/airflow/.local/lib/python3.8/site-packages/airflow/example_dags/tutorial_objectstorage.py
[2026-05-19T19:19:20.983+0000] {logging_mixin.py:188} INFO - [2026-05-19T19:19:20.982+0000] {dag.py:3047} INFO - Sync 1 DAGs
[2026-05-19T19:19:21.023+0000] {logging_mixin.py:188} INFO - [2026-05-19T19:19:21.023+0000] {dag.py:3834} INFO - Setting next_dagrun for tutorial_objectstorage to None, run_after=None
[2026-05-19T19:19:21.088+0000] {processor.py:183} INFO - Processing /home/airflow/.local/lib/python3.8/site-packages/airflow/example_dags/tutorial_objectstorage.py took 0.179 seconds
[2026-05-19T19:19:51.852+0000] {processor.py:161} INFO - Started process (PID=8218) to work on /home/airflow/.local/lib/python3.8/site-packages/airflow/example_dags/tutorial_objectstorage.py
[2026-05-19T19:19:51.853+0000] {processor.py:830} INFO - Processing file /home/airflow/.local/lib/python3.8/site-packages/airflow/example_dags/tutorial_objectstorage.py for tasks to queue
[2026-05-19T19:19:51.855+0000] {logging_mixin.py:188} INFO - [2026-05-19T19:19:51.855+0000] {dagbag.py:540} INFO - Filling up the DagBag from /home/airflow/.local/lib/python3.8/site-packages/airflow/example_dags/tutorial_objectstorage.py
[2026-05-19T19:19:51.862+0000] {processor.py:840} INFO - DAG(s) 'tutorial_objectstorage' retrieved from /home/airflow/.local/lib/python3.8/site-packages/airflow/example_dags/tutorial_objectstorage.py
[2026-05-19T19:19:51.883+0000] {logging_mixin.py:188} INFO - [2026-05-19T19:19:51.882+0000] {dag.py:3047} INFO - Sync 1 DAGs
[2026-05-19T19:19:51.916+0000] {logging_mixin.py:188} INFO - [2026-05-19T19:19:51.916+0000] {dag.py:3834} INFO - Setting next_dagrun for tutorial_objectstorage to None, run_after=None
[2026-05-19T19:19:51.972+0000] {processor.py:183} INFO - Processing /home/airflow/.local/lib/python3.8/site-packages/airflow/example_dags/tutorial_objectstorage.py took 0.124 seconds
[2026-05-19T19:20:22.545+0000] {processor.py:161} INFO - Started process (PID=8273) to work on /home/airflow/.local/lib/python3.8/site-packages/airflow/example_dags/tutorial_objectstorage.py
[2026-05-19T19:20:22.561+0000] {processor.py:830} INFO - Processing file /home/airflow/.local/lib/python3.8/site-packages/airflow/example_dags/tutorial_objectstorage.py for tasks to queue
[2026-05-19T19:20:22.569+0000] {logging_mixin.py:188} INFO - [2026-05-19T19:20:22.569+0000] {dagbag.py:540} INFO - Filling up the DagBag from /home/airflow/.local/lib/python3.8/site-packages/airflow/example_dags/tutorial_objectstorage.py
[2026-05-19T19:20:22.586+0000] {processor.py:840} INFO - DAG(s) 'tutorial_objectstorage' retrieved from /home/airflow/.local/lib/python3.8/site-packages/airflow/example_dags/tutorial_objectstorage.py
[2026-05-19T19:20:22.630+0000] {logging_mixin.py:188} INFO - [2026-05-19T19:20:22.629+0000] {dag.py:3047} INFO - Sync 1 DAGs
[2026-05-19T19:20:22.655+0000] {logging_mixin.py:188} INFO - [2026-05-19T19:20:22.654+0000] {dag.py:3834} INFO - Setting next_dagrun for tutorial_objectstorage to None, run_after=None
[2026-05-19T19:20:22.683+0000] {processor.py:183} INFO - Processing /home/airflow/.local/lib/python3.8/site-packages/airflow/example_dags/tutorial_objectstorage.py took 0.149 seconds
[2026-05-19T19:20:53.046+0000] {processor.py:161} INFO - Started process (PID=8328) to work on /home/airflow/.local/lib/python3.8/site-packages/airflow/example_dags/tutorial_objectstorage.py
[2026-05-19T19:20:53.048+0000] {processor.py:830} INFO - Processing file /home/airflow/.local/lib/python3.8/site-packages/airflow/example_dags/tutorial_objectstorage.py for tasks to queue
[2026-05-19T19:20:53.051+0000] {logging_mixin.py:188} INFO - [2026-05-19T19:20:53.051+0000] {dagbag.py:540} INFO - Filling up the DagBag from /home/airflow/.local/lib/python3.8/site-packages/airflow/example_dags/tutorial_objectstorage.py
[2026-05-19T19:20:53.059+0000] {processor.py:840} INFO - DAG(s) 'tutorial_objectstorage' retrieved from /home/airflow/.local/lib/python3.8/site-packages/airflow/example_dags/tutorial_objectstorage.py
[2026-05-19T19:20:53.079+0000] {logging_mixin.py:188} INFO - [2026-05-19T19:20:53.079+0000] {dag.py:3047} INFO - Sync 1 DAGs
[2026-05-19T19:20:53.090+0000] {logging_mixin.py:188} INFO - [2026-05-19T19:20:53.090+0000] {dag.py:3834} INFO - Setting next_dagrun for tutorial_objectstorage to None, run_after=None
[2026-05-19T19:20:53.122+0000] {processor.py:183} INFO - Processing /home/airflow/.local/lib/python3.8/site-packages/airflow/example_dags/tutorial_objectstorage.py took 0.082 seconds
[2026-05-19T19:21:23.549+0000] {processor.py:161} INFO - Started process (PID=8384) to work on /home/airflow/.local/lib/python3.8/site-packages/airflow/example_dags/tutorial_objectstorage.py
[2026-05-19T19:21:23.552+0000] {processor.py:830} INFO - Processing file /home/airflow/.local/lib/python3.8/site-packages/airflow/example_dags/tutorial_objectstorage.py for tasks to queue
[2026-05-19T19:21:23.559+0000] {logging_mixin.py:188} INFO - [2026-05-19T19:21:23.558+0000] {dagbag.py:540} INFO - Filling up the DagBag from /home/airflow/.local/lib/python3.8/site-packages/airflow/example_dags/tutorial_objectstorage.py
[2026-05-19T19:21:23.577+0000] {processor.py:840} INFO - DAG(s) 'tutorial_objectstorage' retrieved from /home/airflow/.local/lib/python3.8/site-packages/airflow/example_dags/tutorial_objectstorage.py
[2026-05-19T19:21:23.621+0000] {logging_mixin.py:188} INFO - [2026-05-19T19:21:23.620+0000] {dag.py:3047} INFO - Sync 1 DAGs
[2026-05-19T19:21:23.652+0000] {logging_mixin.py:188} INFO - [2026-05-19T19:21:23.651+0000] {dag.py:3834} INFO - Setting next_dagrun for tutorial_objectstorage to None, run_after=None
[2026-05-19T19:21:23.704+0000] {processor.py:183} INFO - Processing /home/airflow/.local/lib/python3.8/site-packages/airflow/example_dags/tutorial_objectstorage.py took 0.162 seconds
[2026-05-19T19:21:54.459+0000] {processor.py:161} INFO - Started process (PID=8439) to work on /home/airflow/.local/lib/python3.8/site-packages/airflow/example_dags/tutorial_objectstorage.py
[2026-05-19T19:21:54.462+0000] {processor.py:830} INFO - Processing file /home/airflow/.local/lib/python3.8/site-packages/airflow/example_dags/tutorial_objectstorage.py for tasks to queue
[2026-05-19T19:21:54.465+0000] {logging_mixin.py:188} INFO - [2026-05-19T19:21:54.465+0000] {dagbag.py:540} INFO - Filling up the DagBag from /home/airflow/.local/lib/python3.8/site-packages/airflow/example_dags/tutorial_objectstorage.py
[2026-05-19T19:21:54.474+0000] {processor.py:840} INFO - DAG(s) 'tutorial_objectstorage' retrieved from /home/airflow/.local/lib/python3.8/site-packages/airflow/example_dags/tutorial_objectstorage.py
[2026-05-19T19:21:54.524+0000] {logging_mixin.py:188} INFO - [2026-05-19T19:21:54.523+0000] {dag.py:3047} INFO - Sync 1 DAGs
[2026-05-19T19:21:54.566+0000] {logging_mixin.py:188} INFO - [2026-05-19T19:21:54.566+0000] {dag.py:3834} INFO - Setting next_dagrun for tutorial_objectstorage to None, run_after=None
[2026-05-19T19:21:54.627+0000] {processor.py:183} INFO - Processing /home/airflow/.local/lib/python3.8/site-packages/airflow/example_dags/tutorial_objectstorage.py took 0.172 seconds
[2026-05-19T19:22:25.464+0000] {processor.py:161} INFO - Started process (PID=8494) to work on /home/airflow/.local/lib/python3.8/site-packages/airflow/example_dags/tutorial_objectstorage.py
[2026-05-19T19:22:25.466+0000] {processor.py:830} INFO - Processing file /home/airflow/.local/lib/python3.8/site-packages/airflow/example_dags/tutorial_objectstorage.py for tasks to queue
[2026-05-19T19:22:25.471+0000] {logging_mixin.py:188} INFO - [2026-05-19T19:22:25.470+0000] {dagbag.py:540} INFO - Filling up the DagBag from /home/airflow/.local/lib/python3.8/site-packages/airflow/example_dags/tutorial_objectstorage.py
[2026-05-19T19:22:25.489+0000] {processor.py:840} INFO - DAG(s) 'tutorial_objectstorage' retrieved from /home/airflow/.local/lib/python3.8/site-packages/airflow/example_dags/tutorial_objectstorage.py
[2026-05-19T19:22:25.571+0000] {logging_mixin.py:188} INFO - [2026-05-19T19:22:25.570+0000] {dag.py:3047} INFO - Sync 1 DAGs
[2026-05-19T19:22:25.607+0000] {logging_mixin.py:188} INFO - [2026-05-19T19:22:25.606+0000] {dag.py:3834} INFO - Setting next_dagrun for tutorial_objectstorage to None, run_after=None
[2026-05-19T19:22:25.665+0000] {processor.py:183} INFO - Processing /home/airflow/.local/lib/python3.8/site-packages/airflow/example_dags/tutorial_objectstorage.py took 0.210 seconds
[2026-05-19T19:22:55.784+0000] {processor.py:161} INFO - Started process (PID=8548) to work on /home/airflow/.local/lib/python3.8/site-packages/airflow/example_dags/tutorial_objectstorage.py
[2026-05-19T19:22:55.786+0000] {processor.py:830} INFO - Processing file /home/airflow/.local/lib/python3.8/site-packages/airflow/example_dags/tutorial_objectstorage.py for tasks to queue
[2026-05-19T19:22:55.789+0000] {logging_mixin.py:188} INFO - [2026-05-19T19:22:55.788+0000] {dagbag.py:540} INFO - Filling up the DagBag from /home/airflow/.local/lib/python3.8/site-packages/airflow/example_dags/tutorial_objectstorage.py
[2026-05-19T19:22:55.797+0000] {processor.py:840} INFO - DAG(s) 'tutorial_objectstorage' retrieved from /home/airflow/.local/lib/python3.8/site-packages/airflow/example_dags/tutorial_objectstorage.py
[2026-05-19T19:22:55.822+0000] {logging_mixin.py:188} INFO - [2026-05-19T19:22:55.822+0000] {dag.py:3047} INFO - Sync 1 DAGs
[2026-05-19T19:22:55.838+0000] {logging_mixin.py:188} INFO - [2026-05-19T19:22:55.838+0000] {dag.py:3834} INFO - Setting next_dagrun for tutorial_objectstorage to None, run_after=None
[2026-05-19T19:22:55.863+0000] {processor.py:183} INFO - Processing /home/airflow/.local/lib/python3.8/site-packages/airflow/example_dags/tutorial_objectstorage.py took 0.082 seconds
[2026-05-19T19:23:26.564+0000] {processor.py:161} INFO - Started process (PID=8603) to work on /home/airflow/.local/lib/python3.8/site-packages/airflow/example_dags/tutorial_objectstorage.py
[2026-05-19T19:23:26.566+0000] {processor.py:830} INFO - Processing file /home/airflow/.local/lib/python3.8/site-packages/airflow/example_dags/tutorial_objectstorage.py for tasks to queue
[2026-05-19T19:23:26.568+0000] {logging_mixin.py:188} INFO - [2026-05-19T19:23:26.568+0000] {dagbag.py:540} INFO - Filling up the DagBag from /home/airflow/.local/lib/python3.8/site-packages/airflow/example_dags/tutorial_objectstorage.py
[2026-05-19T19:23:26.574+0000] {processor.py:840} INFO - DAG(s) 'tutorial_objectstorage' retrieved from /home/airflow/.local/lib/python3.8/site-packages/airflow/example_dags/tutorial_objectstorage.py
[2026-05-19T19:23:26.596+0000] {logging_mixin.py:188} INFO - [2026-05-19T19:23:26.595+0000] {dag.py:3047} INFO - Sync 1 DAGs
[2026-05-19T19:23:26.608+0000] {logging_mixin.py:188} INFO - [2026-05-19T19:23:26.608+0000] {dag.py:3834} INFO - Setting next_dagrun for tutorial_objectstorage to None, run_after=None
[2026-05-19T19:23:26.632+0000] {processor.py:183} INFO - Processing /home/airflow/.local/lib/python3.8/site-packages/airflow/example_dags/tutorial_objectstorage.py took 0.071 seconds
[2026-05-19T19:23:56.811+0000] {processor.py:161} INFO - Started process (PID=8658) to work on /home/airflow/.local/lib/python3.8/site-packages/airflow/example_dags/tutorial_objectstorage.py
[2026-05-19T19:23:56.812+0000] {processor.py:830} INFO - Processing file /home/airflow/.local/lib/python3.8/site-packages/airflow/example_dags/tutorial_objectstorage.py for tasks to queue
[2026-05-19T19:23:56.815+0000] {logging_mixin.py:188} INFO - [2026-05-19T19:23:56.814+0000] {dagbag.py:540} INFO - Filling up the DagBag from /home/airflow/.local/lib/python3.8/site-packages/airflow/example_dags/tutorial_objectstorage.py
[2026-05-19T19:23:56.822+0000] {processor.py:840} INFO - DAG(s) 'tutorial_objectstorage' retrieved from /home/airflow/.local/lib/python3.8/site-packages/airflow/example_dags/tutorial_objectstorage.py
[2026-05-19T19:23:56.841+0000] {logging_mixin.py:188} INFO - [2026-05-19T19:23:56.841+0000] {dag.py:3047} INFO - Sync 1 DAGs
[2026-05-19T19:23:56.853+0000] {logging_mixin.py:188} INFO - [2026-05-19T19:23:56.853+0000] {dag.py:3834} INFO - Setting next_dagrun for tutorial_objectstorage to None, run_after=None
[2026-05-19T19:23:56.874+0000] {processor.py:183} INFO - Processing /home/airflow/.local/lib/python3.8/site-packages/airflow/example_dags/tutorial_objectstorage.py took 0.066 seconds
[2026-05-19T19:24:28.997+0000] {processor.py:161} INFO - Started process (PID=8713) to work on /home/airflow/.local/lib/python3.8/site-packages/airflow/example_dags/tutorial_objectstorage.py
[2026-05-19T19:24:28.999+0000] {processor.py:830} INFO - Processing file /home/airflow/.local/lib/python3.8/site-packages/airflow/example_dags/tutorial_objectstorage.py for tasks to queue
[2026-05-19T19:24:29.004+0000] {logging_mixin.py:188} INFO - [2026-05-19T19:24:29.003+0000] {dagbag.py:540} INFO - Filling up the DagBag from /home/airflow/.local/lib/python3.8/site-packages/airflow/example_dags/tutorial_objectstorage.py
[2026-05-19T19:24:29.019+0000] {processor.py:840} INFO - DAG(s) 'tutorial_objectstorage' retrieved from /home/airflow/.local/lib/python3.8/site-packages/airflow/example_dags/tutorial_objectstorage.py
[2026-05-19T19:24:29.057+0000] {logging_mixin.py:188} INFO - [2026-05-19T19:24:29.057+0000] {dag.py:3047} INFO - Sync 1 DAGs
[2026-05-19T19:24:29.079+0000] {logging_mixin.py:188} INFO - [2026-05-19T19:24:29.078+0000] {dag.py:3834} INFO - Setting next_dagrun for tutorial_objectstorage to None, run_after=None
[2026-05-19T19:24:29.114+0000] {processor.py:183} INFO - Processing /home/airflow/.local/lib/python3.8/site-packages/airflow/example_dags/tutorial_objectstorage.py took 0.122 seconds
[2026-05-19T19:24:59.640+0000] {processor.py:161} INFO - Started process (PID=8768) to work on /home/airflow/.local/lib/python3.8/site-packages/airflow/example_dags/tutorial_objectstorage.py
[2026-05-19T19:24:59.642+0000] {processor.py:830} INFO - Processing file /home/airflow/.local/lib/python3.8/site-packages/airflow/example_dags/tutorial_objectstorage.py for tasks to queue
[2026-05-19T19:24:59.645+0000] {logging_mixin.py:188} INFO - [2026-05-19T19:24:59.645+0000] {dagbag.py:540} INFO - Filling up the DagBag from /home/airflow/.local/lib/python3.8/site-packages/airflow/example_dags/tutorial_objectstorage.py
[2026-05-19T19:24:59.656+0000] {processor.py:840} INFO - DAG(s) 'tutorial_objectstorage' retrieved from /home/airflow/.local/lib/python3.8/site-packages/airflow/example_dags/tutorial_objectstorage.py
[2026-05-19T19:24:59.692+0000] {logging_mixin.py:188} INFO - [2026-05-19T19:24:59.692+0000] {dag.py:3047} INFO - Sync 1 DAGs
[2026-05-19T19:24:59.711+0000] {logging_mixin.py:188} INFO - [2026-05-19T19:24:59.710+0000] {dag.py:3834} INFO - Setting next_dagrun for tutorial_objectstorage to None, run_after=None
[2026-05-19T19:24:59.744+0000] {processor.py:183} INFO - Processing /home/airflow/.local/lib/python3.8/site-packages/airflow/example_dags/tutorial_objectstorage.py took 0.110 seconds
[2026-05-19T19:25:30.943+0000] {processor.py:161} INFO - Started process (PID=8823) to work on /home/airflow/.local/lib/python3.8/site-packages/airflow/example_dags/tutorial_objectstorage.py
[2026-05-19T19:25:30.945+0000] {processor.py:830} INFO - Processing file /home/airflow/.local/lib/python3.8/site-packages/airflow/example_dags/tutorial_objectstorage.py for tasks to queue
[2026-05-19T19:25:30.949+0000] {logging_mixin.py:188} INFO - [2026-05-19T19:25:30.949+0000] {dagbag.py:540} INFO - Filling up the DagBag from /home/airflow/.local/lib/python3.8/site-packages/airflow/example_dags/tutorial_objectstorage.py
[2026-05-19T19:25:30.965+0000] {processor.py:840} INFO - DAG(s) 'tutorial_objectstorage' retrieved from /home/airflow/.local/lib/python3.8/site-packages/airflow/example_dags/tutorial_objectstorage.py
[2026-05-19T19:25:31.008+0000] {logging_mixin.py:188} INFO - [2026-05-19T19:25:31.007+0000] {dag.py:3047} INFO - Sync 1 DAGs
[2026-05-19T19:25:31.035+0000] {logging_mixin.py:188} INFO - [2026-05-19T19:25:31.035+0000] {dag.py:3834} INFO - Setting next_dagrun for tutorial_objectstorage to None, run_after=None
[2026-05-19T19:25:31.080+0000] {processor.py:183} INFO - Processing /home/airflow/.local/lib/python3.8/site-packages/airflow/example_dags/tutorial_objectstorage.py took 0.143 seconds
[2026-05-19T19:26:01.560+0000] {processor.py:161} INFO - Started process (PID=8878) to work on /home/airflow/.local/lib/python3.8/site-packages/airflow/example_dags/tutorial_objectstorage.py
[2026-05-19T19:26:01.561+0000] {processor.py:830} INFO - Processing file /home/airflow/.local/lib/python3.8/site-packages/airflow/example_dags/tutorial_objectstorage.py for tasks to queue
[2026-05-19T19:26:01.564+0000] {logging_mixin.py:188} INFO - [2026-05-19T19:26:01.564+0000] {dagbag.py:540} INFO - Filling up the DagBag from /home/airflow/.local/lib/python3.8/site-packages/airflow/example_dags/tutorial_objectstorage.py
[2026-05-19T19:26:01.574+0000] {processor.py:840} INFO - DAG(s) 'tutorial_objectstorage' retrieved from /home/airflow/.local/lib/python3.8/site-packages/airflow/example_dags/tutorial_objectstorage.py
[2026-05-19T19:26:01.600+0000] {logging_mixin.py:188} INFO - [2026-05-19T19:26:01.600+0000] {dag.py:3047} INFO - Sync 1 DAGs
[2026-05-19T19:26:01.614+0000] {logging_mixin.py:188} INFO - [2026-05-19T19:26:01.614+0000] {dag.py:3834} INFO - Setting next_dagrun for tutorial_objectstorage to None, run_after=None
[2026-05-19T19:26:01.635+0000] {processor.py:183} INFO - Processing /home/airflow/.local/lib/python3.8/site-packages/airflow/example_dags/tutorial_objectstorage.py took 0.079 seconds
[2026-05-19T19:26:32.347+0000] {processor.py:161} INFO - Started process (PID=8931) to work on /home/airflow/.local/lib/python3.8/site-packages/airflow/example_dags/tutorial_objectstorage.py
[2026-05-19T19:26:32.349+0000] {processor.py:830} INFO - Processing file /home/airflow/.local/lib/python3.8/site-packages/airflow/example_dags/tutorial_objectstorage.py for tasks to queue
[2026-05-19T19:26:32.352+0000] {logging_mixin.py:188} INFO - [2026-05-19T19:26:32.352+0000] {dagbag.py:540} INFO - Filling up the DagBag from /home/airflow/.local/lib/python3.8/site-packages/airflow/example_dags/tutorial_objectstorage.py
[2026-05-19T19:26:32.361+0000] {processor.py:840} INFO - DAG(s) 'tutorial_objectstorage' retrieved from /home/airflow/.local/lib/python3.8/site-packages/airflow/example_dags/tutorial_objectstorage.py
[2026-05-19T19:26:32.385+0000] {logging_mixin.py:188} INFO - [2026-05-19T19:26:32.385+0000] {dag.py:3047} INFO - Sync 1 DAGs
[2026-05-19T19:26:32.399+0000] {logging_mixin.py:188} INFO - [2026-05-19T19:26:32.398+0000] {dag.py:3834} INFO - Setting next_dagrun for tutorial_objectstorage to None, run_after=None
[2026-05-19T19:26:32.421+0000] {processor.py:183} INFO - Processing /home/airflow/.local/lib/python3.8/site-packages/airflow/example_dags/tutorial_objectstorage.py took 0.079 seconds
[2026-05-19T19:27:02.875+0000] {processor.py:161} INFO - Started process (PID=8986) to work on /home/airflow/.local/lib/python3.8/site-packages/airflow/example_dags/tutorial_objectstorage.py
[2026-05-19T19:27:02.877+0000] {processor.py:830} INFO - Processing file /home/airflow/.local/lib/python3.8/site-packages/airflow/example_dags/tutorial_objectstorage.py for tasks to queue
[2026-05-19T19:27:02.879+0000] {logging_mixin.py:188} INFO - [2026-05-19T19:27:02.879+0000] {dagbag.py:540} INFO - Filling up the DagBag from /home/airflow/.local/lib/python3.8/site-packages/airflow/example_dags/tutorial_objectstorage.py
[2026-05-19T19:27:02.888+0000] {processor.py:840} INFO - DAG(s) 'tutorial_objectstorage' retrieved from /home/airflow/.local/lib/python3.8/site-packages/airflow/example_dags/tutorial_objectstorage.py
[2026-05-19T19:27:02.913+0000] {logging_mixin.py:188} INFO - [2026-05-19T19:27:02.913+0000] {dag.py:3047} INFO - Sync 1 DAGs
[2026-05-19T19:27:02.927+0000] {logging_mixin.py:188} INFO - [2026-05-19T19:27:02.927+0000] {dag.py:3834} INFO - Setting next_dagrun for tutorial_objectstorage to None, run_after=None
[2026-05-19T19:27:02.951+0000] {processor.py:183} INFO - Processing /home/airflow/.local/lib/python3.8/site-packages/airflow/example_dags/tutorial_objectstorage.py took 0.079 seconds
[2026-05-19T19:27:33.861+0000] {processor.py:161} INFO - Started process (PID=9041) to work on /home/airflow/.local/lib/python3.8/site-packages/airflow/example_dags/tutorial_objectstorage.py
[2026-05-19T19:27:33.863+0000] {processor.py:830} INFO - Processing file /home/airflow/.local/lib/python3.8/site-packages/airflow/example_dags/tutorial_objectstorage.py for tasks to queue
[2026-05-19T19:27:33.866+0000] {logging_mixin.py:188} INFO - [2026-05-19T19:27:33.865+0000] {dagbag.py:540} INFO - Filling up the DagBag from /home/airflow/.local/lib/python3.8/site-packages/airflow/example_dags/tutorial_objectstorage.py
[2026-05-19T19:27:33.874+0000] {processor.py:840} INFO - DAG(s) 'tutorial_objectstorage' retrieved from /home/airflow/.local/lib/python3.8/site-packages/airflow/example_dags/tutorial_objectstorage.py
[2026-05-19T19:27:33.914+0000] {logging_mixin.py:188} INFO - [2026-05-19T19:27:33.913+0000] {dag.py:3047} INFO - Sync 1 DAGs
[2026-05-19T19:27:33.950+0000] {logging_mixin.py:188} INFO - [2026-05-19T19:27:33.949+0000] {dag.py:3834} INFO - Setting next_dagrun for tutorial_objectstorage to None, run_after=None
[2026-05-19T19:27:34.004+0000] {processor.py:183} INFO - Processing /home/airflow/.local/lib/python3.8/site-packages/airflow/example_dags/tutorial_objectstorage.py took 0.146 seconds
[2026-05-19T19:28:04.415+0000] {processor.py:161} INFO - Started process (PID=9096) to work on /home/airflow/.local/lib/python3.8/site-packages/airflow/example_dags/tutorial_objectstorage.py
[2026-05-19T19:28:04.416+0000] {processor.py:830} INFO - Processing file /home/airflow/.local/lib/python3.8/site-packages/airflow/example_dags/tutorial_objectstorage.py for tasks to queue
[2026-05-19T19:28:04.418+0000] {logging_mixin.py:188} INFO - [2026-05-19T19:28:04.418+0000] {dagbag.py:540} INFO - Filling up the DagBag from /home/airflow/.local/lib/python3.8/site-packages/airflow/example_dags/tutorial_objectstorage.py
[2026-05-19T19:28:04.425+0000] {processor.py:840} INFO - DAG(s) 'tutorial_objectstorage' retrieved from /home/airflow/.local/lib/python3.8/site-packages/airflow/example_dags/tutorial_objectstorage.py
[2026-05-19T19:28:04.463+0000] {logging_mixin.py:188} INFO - [2026-05-19T19:28:04.462+0000] {dag.py:3047} INFO - Sync 1 DAGs
[2026-05-19T19:28:04.506+0000] {logging_mixin.py:188} INFO - [2026-05-19T19:28:04.505+0000] {dag.py:3834} INFO - Setting next_dagrun for tutorial_objectstorage to None, run_after=None
[2026-05-19T19:28:04.547+0000] {processor.py:183} INFO - Processing /home/airflow/.local/lib/python3.8/site-packages/airflow/example_dags/tutorial_objectstorage.py took 0.136 seconds
[2026-05-19T19:28:35.527+0000] {processor.py:161} INFO - Started process (PID=9151) to work on /home/airflow/.local/lib/python3.8/site-packages/airflow/example_dags/tutorial_objectstorage.py
[2026-05-19T19:28:35.531+0000] {processor.py:830} INFO - Processing file /home/airflow/.local/lib/python3.8/site-packages/airflow/example_dags/tutorial_objectstorage.py for tasks to queue
[2026-05-19T19:28:35.538+0000] {logging_mixin.py:188} INFO - [2026-05-19T19:28:35.536+0000] {dagbag.py:540} INFO - Filling up the DagBag from /home/airflow/.local/lib/python3.8/site-packages/airflow/example_dags/tutorial_objectstorage.py
[2026-05-19T19:28:35.552+0000] {processor.py:840} INFO - DAG(s) 'tutorial_objectstorage' retrieved from /home/airflow/.local/lib/python3.8/site-packages/airflow/example_dags/tutorial_objectstorage.py
[2026-05-19T19:28:35.626+0000] {logging_mixin.py:188} INFO - [2026-05-19T19:28:35.625+0000] {dag.py:3047} INFO - Sync 1 DAGs
[2026-05-19T19:28:35.684+0000] {logging_mixin.py:188} INFO - [2026-05-19T19:28:35.684+0000] {dag.py:3834} INFO - Setting next_dagrun for tutorial_objectstorage to None, run_after=None
[2026-05-19T19:28:35.733+0000] {processor.py:183} INFO - Processing /home/airflow/.local/lib/python3.8/site-packages/airflow/example_dags/tutorial_objectstorage.py took 0.217 seconds
[2026-05-19T19:29:05.954+0000] {processor.py:161} INFO - Started process (PID=9206) to work on /home/airflow/.local/lib/python3.8/site-packages/airflow/example_dags/tutorial_objectstorage.py
[2026-05-19T19:29:05.957+0000] {processor.py:830} INFO - Processing file /home/airflow/.local/lib/python3.8/site-packages/airflow/example_dags/tutorial_objectstorage.py for tasks to queue
[2026-05-19T19:29:05.962+0000] {logging_mixin.py:188} INFO - [2026-05-19T19:29:05.962+0000] {dagbag.py:540} INFO - Filling up the DagBag from /home/airflow/.local/lib/python3.8/site-packages/airflow/example_dags/tutorial_objectstorage.py
[2026-05-19T19:29:05.976+0000] {processor.py:840} INFO - DAG(s) 'tutorial_objectstorage' retrieved from /home/airflow/.local/lib/python3.8/site-packages/airflow/example_dags/tutorial_objectstorage.py
[2026-05-19T19:29:06.014+0000] {logging_mixin.py:188} INFO - [2026-05-19T19:29:06.014+0000] {dag.py:3047} INFO - Sync 1 DAGs
[2026-05-19T19:29:06.035+0000] {logging_mixin.py:188} INFO - [2026-05-19T19:29:06.034+0000] {dag.py:3834} INFO - Setting next_dagrun for tutorial_objectstorage to None, run_after=None
[2026-05-19T19:29:06.094+0000] {processor.py:183} INFO - Processing /home/airflow/.local/lib/python3.8/site-packages/airflow/example_dags/tutorial_objectstorage.py took 0.148 seconds
[2026-05-19T19:29:36.763+0000] {processor.py:161} INFO - Started process (PID=9261) to work on /home/airflow/.local/lib/python3.8/site-packages/airflow/example_dags/tutorial_objectstorage.py
[2026-05-19T19:29:36.764+0000] {processor.py:830} INFO - Processing file /home/airflow/.local/lib/python3.8/site-packages/airflow/example_dags/tutorial_objectstorage.py for tasks to queue
[2026-05-19T19:29:36.767+0000] {logging_mixin.py:188} INFO - [2026-05-19T19:29:36.767+0000] {dagbag.py:540} INFO - Filling up the DagBag from /home/airflow/.local/lib/python3.8/site-packages/airflow/example_dags/tutorial_objectstorage.py
[2026-05-19T19:29:36.776+0000] {processor.py:840} INFO - DAG(s) 'tutorial_objectstorage' retrieved from /home/airflow/.local/lib/python3.8/site-packages/airflow/example_dags/tutorial_objectstorage.py
[2026-05-19T19:29:36.801+0000] {logging_mixin.py:188} INFO - [2026-05-19T19:29:36.801+0000] {dag.py:3047} INFO - Sync 1 DAGs
[2026-05-19T19:29:36.818+0000] {logging_mixin.py:188} INFO - [2026-05-19T19:29:36.817+0000] {dag.py:3834} INFO - Setting next_dagrun for tutorial_objectstorage to None, run_after=None
[2026-05-19T19:29:36.842+0000] {processor.py:183} INFO - Processing /home/airflow/.local/lib/python3.8/site-packages/airflow/example_dags/tutorial_objectstorage.py took 0.082 seconds
[2026-05-19T19:30:07.075+0000] {processor.py:161} INFO - Started process (PID=9316) to work on /home/airflow/.local/lib/python3.8/site-packages/airflow/example_dags/tutorial_objectstorage.py
[2026-05-19T19:30:07.077+0000] {processor.py:830} INFO - Processing file /home/airflow/.local/lib/python3.8/site-packages/airflow/example_dags/tutorial_objectstorage.py for tasks to queue
[2026-05-19T19:30:07.081+0000] {logging_mixin.py:188} INFO - [2026-05-19T19:30:07.081+0000] {dagbag.py:540} INFO - Filling up the DagBag from /home/airflow/.local/lib/python3.8/site-packages/airflow/example_dags/tutorial_objectstorage.py
[2026-05-19T19:30:07.092+0000] {processor.py:840} INFO - DAG(s) 'tutorial_objectstorage' retrieved from /home/airflow/.local/lib/python3.8/site-packages/airflow/example_dags/tutorial_objectstorage.py
[2026-05-19T19:30:07.128+0000] {logging_mixin.py:188} INFO - [2026-05-19T19:30:07.128+0000] {dag.py:3047} INFO - Sync 1 DAGs
[2026-05-19T19:30:07.150+0000] {logging_mixin.py:188} INFO - [2026-05-19T19:30:07.149+0000] {dag.py:3834} INFO - Setting next_dagrun for tutorial_objectstorage to None, run_after=None
[2026-05-19T19:30:07.208+0000] {processor.py:183} INFO - Processing /home/airflow/.local/lib/python3.8/site-packages/airflow/example_dags/tutorial_objectstorage.py took 0.138 seconds
[2026-05-19T19:30:37.728+0000] {processor.py:161} INFO - Started process (PID=9371) to work on /home/airflow/.local/lib/python3.8/site-packages/airflow/example_dags/tutorial_objectstorage.py
[2026-05-19T19:30:37.730+0000] {processor.py:830} INFO - Processing file /home/airflow/.local/lib/python3.8/site-packages/airflow/example_dags/tutorial_objectstorage.py for tasks to queue
[2026-05-19T19:30:37.734+0000] {logging_mixin.py:188} INFO - [2026-05-19T19:30:37.733+0000] {dagbag.py:540} INFO - Filling up the DagBag from /home/airflow/.local/lib/python3.8/site-packages/airflow/example_dags/tutorial_objectstorage.py
[2026-05-19T19:30:37.743+0000] {processor.py:840} INFO - DAG(s) 'tutorial_objectstorage' retrieved from /home/airflow/.local/lib/python3.8/site-packages/airflow/example_dags/tutorial_objectstorage.py
[2026-05-19T19:30:37.775+0000] {logging_mixin.py:188} INFO - [2026-05-19T19:30:37.774+0000] {dag.py:3047} INFO - Sync 1 DAGs
[2026-05-19T19:30:37.793+0000] {logging_mixin.py:188} INFO - [2026-05-19T19:30:37.793+0000] {dag.py:3834} INFO - Setting next_dagrun for tutorial_objectstorage to None, run_after=None
[2026-05-19T19:30:37.828+0000] {processor.py:183} INFO - Processing /home/airflow/.local/lib/python3.8/site-packages/airflow/example_dags/tutorial_objectstorage.py took 0.106 seconds
[2026-05-19T19:31:08.006+0000] {processor.py:161} INFO - Started process (PID=9426) to work on /home/airflow/.local/lib/python3.8/site-packages/airflow/example_dags/tutorial_objectstorage.py
[2026-05-19T19:31:08.007+0000] {processor.py:830} INFO - Processing file /home/airflow/.local/lib/python3.8/site-packages/airflow/example_dags/tutorial_objectstorage.py for tasks to queue
[2026-05-19T19:31:08.011+0000] {logging_mixin.py:188} INFO - [2026-05-19T19:31:08.010+0000] {dagbag.py:540} INFO - Filling up the DagBag from /home/airflow/.local/lib/python3.8/site-packages/airflow/example_dags/tutorial_objectstorage.py
[2026-05-19T19:31:08.021+0000] {processor.py:840} INFO - DAG(s) 'tutorial_objectstorage' retrieved from /home/airflow/.local/lib/python3.8/site-packages/airflow/example_dags/tutorial_objectstorage.py
[2026-05-19T19:31:08.051+0000] {logging_mixin.py:188} INFO - [2026-05-19T19:31:08.051+0000] {dag.py:3047} INFO - Sync 1 DAGs
[2026-05-19T19:31:08.066+0000] {logging_mixin.py:188} INFO - [2026-05-19T19:31:08.066+0000] {dag.py:3834} INFO - Setting next_dagrun for tutorial_objectstorage to None, run_after=None
[2026-05-19T19:31:08.101+0000] {processor.py:183} INFO - Processing /home/airflow/.local/lib/python3.8/site-packages/airflow/example_dags/tutorial_objectstorage.py took 0.101 seconds
[2026-05-19T19:31:39.111+0000] {processor.py:161} INFO - Started process (PID=9481) to work on /home/airflow/.local/lib/python3.8/site-packages/airflow/example_dags/tutorial_objectstorage.py
[2026-05-19T19:31:39.113+0000] {processor.py:830} INFO - Processing file /home/airflow/.local/lib/python3.8/site-packages/airflow/example_dags/tutorial_objectstorage.py for tasks to queue
[2026-05-19T19:31:39.117+0000] {logging_mixin.py:188} INFO - [2026-05-19T19:31:39.116+0000] {dagbag.py:540} INFO - Filling up the DagBag from /home/airflow/.local/lib/python3.8/site-packages/airflow/example_dags/tutorial_objectstorage.py
[2026-05-19T19:31:39.127+0000] {processor.py:840} INFO - DAG(s) 'tutorial_objectstorage' retrieved from /home/airflow/.local/lib/python3.8/site-packages/airflow/example_dags/tutorial_objectstorage.py
[2026-05-19T19:31:39.161+0000] {logging_mixin.py:188} INFO - [2026-05-19T19:31:39.161+0000] {dag.py:3047} INFO - Sync 1 DAGs
[2026-05-19T19:31:39.177+0000] {logging_mixin.py:188} INFO - [2026-05-19T19:31:39.177+0000] {dag.py:3834} INFO - Setting next_dagrun for tutorial_objectstorage to None, run_after=None
[2026-05-19T19:31:39.209+0000] {processor.py:183} INFO - Processing /home/airflow/.local/lib/python3.8/site-packages/airflow/example_dags/tutorial_objectstorage.py took 0.102 seconds
[2026-05-19T19:32:09.437+0000] {processor.py:161} INFO - Started process (PID=9536) to work on /home/airflow/.local/lib/python3.8/site-packages/airflow/example_dags/tutorial_objectstorage.py
[2026-05-19T19:32:09.439+0000] {processor.py:830} INFO - Processing file /home/airflow/.local/lib/python3.8/site-packages/airflow/example_dags/tutorial_objectstorage.py for tasks to queue
[2026-05-19T19:32:09.442+0000] {logging_mixin.py:188} INFO - [2026-05-19T19:32:09.441+0000] {dagbag.py:540} INFO - Filling up the DagBag from /home/airflow/.local/lib/python3.8/site-packages/airflow/example_dags/tutorial_objectstorage.py
[2026-05-19T19:32:09.450+0000] {processor.py:840} INFO - DAG(s) 'tutorial_objectstorage' retrieved from /home/airflow/.local/lib/python3.8/site-packages/airflow/example_dags/tutorial_objectstorage.py
[2026-05-19T19:32:09.471+0000] {logging_mixin.py:188} INFO - [2026-05-19T19:32:09.471+0000] {dag.py:3047} INFO - Sync 1 DAGs
[2026-05-19T19:32:09.484+0000] {logging_mixin.py:188} INFO - [2026-05-19T19:32:09.484+0000] {dag.py:3834} INFO - Setting next_dagrun for tutorial_objectstorage to None, run_after=None
[2026-05-19T19:32:09.509+0000] {processor.py:183} INFO - Processing /home/airflow/.local/lib/python3.8/site-packages/airflow/example_dags/tutorial_objectstorage.py took 0.076 seconds
[2026-05-19T19:32:39.711+0000] {processor.py:161} INFO - Started process (PID=9591) to work on /home/airflow/.local/lib/python3.8/site-packages/airflow/example_dags/tutorial_objectstorage.py
[2026-05-19T19:32:39.712+0000] {processor.py:830} INFO - Processing file /home/airflow/.local/lib/python3.8/site-packages/airflow/example_dags/tutorial_objectstorage.py for tasks to queue
[2026-05-19T19:32:39.715+0000] {logging_mixin.py:188} INFO - [2026-05-19T19:32:39.715+0000] {dagbag.py:540} INFO - Filling up the DagBag from /home/airflow/.local/lib/python3.8/site-packages/airflow/example_dags/tutorial_objectstorage.py
[2026-05-19T19:32:39.723+0000] {processor.py:840} INFO - DAG(s) 'tutorial_objectstorage' retrieved from /home/airflow/.local/lib/python3.8/site-packages/airflow/example_dags/tutorial_objectstorage.py
[2026-05-19T19:32:39.746+0000] {logging_mixin.py:188} INFO - [2026-05-19T19:32:39.746+0000] {dag.py:3047} INFO - Sync 1 DAGs
[2026-05-19T19:32:39.759+0000] {logging_mixin.py:188} INFO - [2026-05-19T19:32:39.759+0000] {dag.py:3834} INFO - Setting next_dagrun for tutorial_objectstorage to None, run_after=None
[2026-05-19T19:32:39.781+0000] {processor.py:183} INFO - Processing /home/airflow/.local/lib/python3.8/site-packages/airflow/example_dags/tutorial_objectstorage.py took 0.074 seconds
[2026-05-19T19:33:10.617+0000] {processor.py:161} INFO - Started process (PID=9646) to work on /home/airflow/.local/lib/python3.8/site-packages/airflow/example_dags/tutorial_objectstorage.py
[2026-05-19T19:33:10.619+0000] {processor.py:830} INFO - Processing file /home/airflow/.local/lib/python3.8/site-packages/airflow/example_dags/tutorial_objectstorage.py for tasks to queue
[2026-05-19T19:33:10.622+0000] {logging_mixin.py:188} INFO - [2026-05-19T19:33:10.621+0000] {dagbag.py:540} INFO - Filling up the DagBag from /home/airflow/.local/lib/python3.8/site-packages/airflow/example_dags/tutorial_objectstorage.py
[2026-05-19T19:33:10.631+0000] {processor.py:840} INFO - DAG(s) 'tutorial_objectstorage' retrieved from /home/airflow/.local/lib/python3.8/site-packages/airflow/example_dags/tutorial_objectstorage.py
[2026-05-19T19:33:10.658+0000] {logging_mixin.py:188} INFO - [2026-05-19T19:33:10.658+0000] {dag.py:3047} INFO - Sync 1 DAGs
[2026-05-19T19:33:10.673+0000] {logging_mixin.py:188} INFO - [2026-05-19T19:33:10.672+0000] {dag.py:3834} INFO - Setting next_dagrun for tutorial_objectstorage to None, run_after=None
[2026-05-19T19:33:10.699+0000] {processor.py:183} INFO - Processing /home/airflow/.local/lib/python3.8/site-packages/airflow/example_dags/tutorial_objectstorage.py took 0.086 seconds
[2026-05-19T19:33:42.083+0000] {processor.py:161} INFO - Started process (PID=9701) to work on /home/airflow/.local/lib/python3.8/site-packages/airflow/example_dags/tutorial_objectstorage.py
[2026-05-19T19:33:42.086+0000] {processor.py:830} INFO - Processing file /home/airflow/.local/lib/python3.8/site-packages/airflow/example_dags/tutorial_objectstorage.py for tasks to queue
[2026-05-19T19:33:42.089+0000] {logging_mixin.py:188} INFO - [2026-05-19T19:33:42.088+0000] {dagbag.py:540} INFO - Filling up the DagBag from /home/airflow/.local/lib/python3.8/site-packages/airflow/example_dags/tutorial_objectstorage.py
[2026-05-19T19:33:42.099+0000] {processor.py:840} INFO - DAG(s) 'tutorial_objectstorage' retrieved from /home/airflow/.local/lib/python3.8/site-packages/airflow/example_dags/tutorial_objectstorage.py
[2026-05-19T19:33:42.132+0000] {logging_mixin.py:188} INFO - [2026-05-19T19:33:42.132+0000] {dag.py:3047} INFO - Sync 1 DAGs
[2026-05-19T19:33:42.151+0000] {logging_mixin.py:188} INFO - [2026-05-19T19:33:42.151+0000] {dag.py:3834} INFO - Setting next_dagrun for tutorial_objectstorage to None, run_after=None
[2026-05-19T19:33:42.206+0000] {processor.py:183} INFO - Processing /home/airflow/.local/lib/python3.8/site-packages/airflow/example_dags/tutorial_objectstorage.py took 0.128 seconds
