[2026-05-29T19:16:08.467+0000] {processor.py:161} INFO - Started process (PID=102) to work on /home/airflow/.local/lib/python3.8/site-packages/airflow/example_dags/example_branch_labels.py
[2026-05-29T19:16:08.469+0000] {processor.py:830} INFO - Processing file /home/airflow/.local/lib/python3.8/site-packages/airflow/example_dags/example_branch_labels.py for tasks to queue
[2026-05-29T19:16:08.473+0000] {logging_mixin.py:188} INFO - [2026-05-29T19:16:08.473+0000] {dagbag.py:540} INFO - Filling up the DagBag from /home/airflow/.local/lib/python3.8/site-packages/airflow/example_dags/example_branch_labels.py
[2026-05-29T19:16:08.486+0000] {processor.py:840} INFO - DAG(s) 'example_branch_labels' retrieved from /home/airflow/.local/lib/python3.8/site-packages/airflow/example_dags/example_branch_labels.py
[2026-05-29T19:16:08.524+0000] {logging_mixin.py:188} INFO - [2026-05-29T19:16:08.523+0000] {dag.py:3047} INFO - Sync 1 DAGs
[2026-05-29T19:16:08.551+0000] {logging_mixin.py:188} INFO - [2026-05-29T19:16:08.550+0000] {dag.py:3834} INFO - Setting next_dagrun for example_branch_labels to 2026-05-28 00:00:00+00:00, run_after=2026-05-29 00:00:00+00:00
[2026-05-29T19:16:08.588+0000] {processor.py:183} INFO - Processing /home/airflow/.local/lib/python3.8/site-packages/airflow/example_dags/example_branch_labels.py took 0.125 seconds
[2026-05-29T19:16:39.207+0000] {processor.py:161} INFO - Started process (PID=157) to work on /home/airflow/.local/lib/python3.8/site-packages/airflow/example_dags/example_branch_labels.py
[2026-05-29T19:16:39.208+0000] {processor.py:830} INFO - Processing file /home/airflow/.local/lib/python3.8/site-packages/airflow/example_dags/example_branch_labels.py for tasks to queue
[2026-05-29T19:16:39.211+0000] {logging_mixin.py:188} INFO - [2026-05-29T19:16:39.210+0000] {dagbag.py:540} INFO - Filling up the DagBag from /home/airflow/.local/lib/python3.8/site-packages/airflow/example_dags/example_branch_labels.py
[2026-05-29T19:16:39.219+0000] {processor.py:840} INFO - DAG(s) 'example_branch_labels' retrieved from /home/airflow/.local/lib/python3.8/site-packages/airflow/example_dags/example_branch_labels.py
[2026-05-29T19:16:39.243+0000] {logging_mixin.py:188} INFO - [2026-05-29T19:16:39.243+0000] {dag.py:3047} INFO - Sync 1 DAGs
[2026-05-29T19:16:39.264+0000] {logging_mixin.py:188} INFO - [2026-05-29T19:16:39.263+0000] {dag.py:3834} INFO - Setting next_dagrun for example_branch_labels to 2026-05-28 00:00:00+00:00, run_after=2026-05-29 00:00:00+00:00
[2026-05-29T19:16:39.284+0000] {processor.py:183} INFO - Processing /home/airflow/.local/lib/python3.8/site-packages/airflow/example_dags/example_branch_labels.py took 0.082 seconds
[2026-05-29T19:17:09.341+0000] {processor.py:161} INFO - Started process (PID=212) to work on /home/airflow/.local/lib/python3.8/site-packages/airflow/example_dags/example_branch_labels.py
[2026-05-29T19:17:09.342+0000] {processor.py:830} INFO - Processing file /home/airflow/.local/lib/python3.8/site-packages/airflow/example_dags/example_branch_labels.py for tasks to queue
[2026-05-29T19:17:09.344+0000] {logging_mixin.py:188} INFO - [2026-05-29T19:17:09.344+0000] {dagbag.py:540} INFO - Filling up the DagBag from /home/airflow/.local/lib/python3.8/site-packages/airflow/example_dags/example_branch_labels.py
[2026-05-29T19:17:09.351+0000] {processor.py:840} INFO - DAG(s) 'example_branch_labels' retrieved from /home/airflow/.local/lib/python3.8/site-packages/airflow/example_dags/example_branch_labels.py
[2026-05-29T19:17:09.370+0000] {logging_mixin.py:188} INFO - [2026-05-29T19:17:09.370+0000] {dag.py:3047} INFO - Sync 1 DAGs
[2026-05-29T19:17:09.388+0000] {logging_mixin.py:188} INFO - [2026-05-29T19:17:09.388+0000] {dag.py:3834} INFO - Setting next_dagrun for example_branch_labels to 2026-05-28 00:00:00+00:00, run_after=2026-05-29 00:00:00+00:00
[2026-05-29T19:17:09.406+0000] {processor.py:183} INFO - Processing /home/airflow/.local/lib/python3.8/site-packages/airflow/example_dags/example_branch_labels.py took 0.068 seconds
[2026-05-29T19:17:39.967+0000] {processor.py:161} INFO - Started process (PID=267) to work on /home/airflow/.local/lib/python3.8/site-packages/airflow/example_dags/example_branch_labels.py
[2026-05-29T19:17:39.968+0000] {processor.py:830} INFO - Processing file /home/airflow/.local/lib/python3.8/site-packages/airflow/example_dags/example_branch_labels.py for tasks to queue
[2026-05-29T19:17:39.970+0000] {logging_mixin.py:188} INFO - [2026-05-29T19:17:39.970+0000] {dagbag.py:540} INFO - Filling up the DagBag from /home/airflow/.local/lib/python3.8/site-packages/airflow/example_dags/example_branch_labels.py
[2026-05-29T19:17:39.977+0000] {processor.py:840} INFO - DAG(s) 'example_branch_labels' retrieved from /home/airflow/.local/lib/python3.8/site-packages/airflow/example_dags/example_branch_labels.py
[2026-05-29T19:17:39.996+0000] {logging_mixin.py:188} INFO - [2026-05-29T19:17:39.996+0000] {dag.py:3047} INFO - Sync 1 DAGs
[2026-05-29T19:17:40.014+0000] {logging_mixin.py:188} INFO - [2026-05-29T19:17:40.014+0000] {dag.py:3834} INFO - Setting next_dagrun for example_branch_labels to 2026-05-28 00:00:00+00:00, run_after=2026-05-29 00:00:00+00:00
[2026-05-29T19:17:40.034+0000] {processor.py:183} INFO - Processing /home/airflow/.local/lib/python3.8/site-packages/airflow/example_dags/example_branch_labels.py took 0.070 seconds
[2026-05-29T19:18:10.874+0000] {processor.py:161} INFO - Started process (PID=322) to work on /home/airflow/.local/lib/python3.8/site-packages/airflow/example_dags/example_branch_labels.py
[2026-05-29T19:18:10.876+0000] {processor.py:830} INFO - Processing file /home/airflow/.local/lib/python3.8/site-packages/airflow/example_dags/example_branch_labels.py for tasks to queue
[2026-05-29T19:18:10.878+0000] {logging_mixin.py:188} INFO - [2026-05-29T19:18:10.878+0000] {dagbag.py:540} INFO - Filling up the DagBag from /home/airflow/.local/lib/python3.8/site-packages/airflow/example_dags/example_branch_labels.py
[2026-05-29T19:18:10.886+0000] {processor.py:840} INFO - DAG(s) 'example_branch_labels' retrieved from /home/airflow/.local/lib/python3.8/site-packages/airflow/example_dags/example_branch_labels.py
[2026-05-29T19:18:10.906+0000] {logging_mixin.py:188} INFO - [2026-05-29T19:18:10.906+0000] {dag.py:3047} INFO - Sync 1 DAGs
[2026-05-29T19:18:10.933+0000] {logging_mixin.py:188} INFO - [2026-05-29T19:18:10.933+0000] {dag.py:3834} INFO - Setting next_dagrun for example_branch_labels to 2026-05-28 00:00:00+00:00, run_after=2026-05-29 00:00:00+00:00
[2026-05-29T19:18:10.954+0000] {processor.py:183} INFO - Processing /home/airflow/.local/lib/python3.8/site-packages/airflow/example_dags/example_branch_labels.py took 0.083 seconds
[2026-05-29T19:18:41.656+0000] {processor.py:161} INFO - Started process (PID=377) to work on /home/airflow/.local/lib/python3.8/site-packages/airflow/example_dags/example_branch_labels.py
[2026-05-29T19:18:41.658+0000] {processor.py:830} INFO - Processing file /home/airflow/.local/lib/python3.8/site-packages/airflow/example_dags/example_branch_labels.py for tasks to queue
[2026-05-29T19:18:41.660+0000] {logging_mixin.py:188} INFO - [2026-05-29T19:18:41.659+0000] {dagbag.py:540} INFO - Filling up the DagBag from /home/airflow/.local/lib/python3.8/site-packages/airflow/example_dags/example_branch_labels.py
[2026-05-29T19:18:41.668+0000] {processor.py:840} INFO - DAG(s) 'example_branch_labels' retrieved from /home/airflow/.local/lib/python3.8/site-packages/airflow/example_dags/example_branch_labels.py
[2026-05-29T19:18:41.690+0000] {logging_mixin.py:188} INFO - [2026-05-29T19:18:41.690+0000] {dag.py:3047} INFO - Sync 1 DAGs
[2026-05-29T19:18:41.709+0000] {logging_mixin.py:188} INFO - [2026-05-29T19:18:41.709+0000] {dag.py:3834} INFO - Setting next_dagrun for example_branch_labels to 2026-05-28 00:00:00+00:00, run_after=2026-05-29 00:00:00+00:00
[2026-05-29T19:18:41.745+0000] {processor.py:183} INFO - Processing /home/airflow/.local/lib/python3.8/site-packages/airflow/example_dags/example_branch_labels.py took 0.092 seconds
[2026-05-29T19:19:11.939+0000] {processor.py:161} INFO - Started process (PID=432) to work on /home/airflow/.local/lib/python3.8/site-packages/airflow/example_dags/example_branch_labels.py
[2026-05-29T19:19:11.941+0000] {processor.py:830} INFO - Processing file /home/airflow/.local/lib/python3.8/site-packages/airflow/example_dags/example_branch_labels.py for tasks to queue
[2026-05-29T19:19:11.944+0000] {logging_mixin.py:188} INFO - [2026-05-29T19:19:11.943+0000] {dagbag.py:540} INFO - Filling up the DagBag from /home/airflow/.local/lib/python3.8/site-packages/airflow/example_dags/example_branch_labels.py
[2026-05-29T19:19:11.951+0000] {processor.py:840} INFO - DAG(s) 'example_branch_labels' retrieved from /home/airflow/.local/lib/python3.8/site-packages/airflow/example_dags/example_branch_labels.py
[2026-05-29T19:19:11.973+0000] {logging_mixin.py:188} INFO - [2026-05-29T19:19:11.972+0000] {dag.py:3047} INFO - Sync 1 DAGs
[2026-05-29T19:19:11.993+0000] {logging_mixin.py:188} INFO - [2026-05-29T19:19:11.993+0000] {dag.py:3834} INFO - Setting next_dagrun for example_branch_labels to 2026-05-28 00:00:00+00:00, run_after=2026-05-29 00:00:00+00:00
[2026-05-29T19:19:12.010+0000] {processor.py:183} INFO - Processing /home/airflow/.local/lib/python3.8/site-packages/airflow/example_dags/example_branch_labels.py took 0.075 seconds
[2026-05-29T19:19:42.230+0000] {processor.py:161} INFO - Started process (PID=487) to work on /home/airflow/.local/lib/python3.8/site-packages/airflow/example_dags/example_branch_labels.py
[2026-05-29T19:19:42.231+0000] {processor.py:830} INFO - Processing file /home/airflow/.local/lib/python3.8/site-packages/airflow/example_dags/example_branch_labels.py for tasks to queue
[2026-05-29T19:19:42.234+0000] {logging_mixin.py:188} INFO - [2026-05-29T19:19:42.233+0000] {dagbag.py:540} INFO - Filling up the DagBag from /home/airflow/.local/lib/python3.8/site-packages/airflow/example_dags/example_branch_labels.py
[2026-05-29T19:19:42.240+0000] {processor.py:840} INFO - DAG(s) 'example_branch_labels' retrieved from /home/airflow/.local/lib/python3.8/site-packages/airflow/example_dags/example_branch_labels.py
[2026-05-29T19:19:42.260+0000] {logging_mixin.py:188} INFO - [2026-05-29T19:19:42.259+0000] {dag.py:3047} INFO - Sync 1 DAGs
[2026-05-29T19:19:42.278+0000] {logging_mixin.py:188} INFO - [2026-05-29T19:19:42.278+0000] {dag.py:3834} INFO - Setting next_dagrun for example_branch_labels to 2026-05-28 00:00:00+00:00, run_after=2026-05-29 00:00:00+00:00
[2026-05-29T19:19:42.297+0000] {processor.py:183} INFO - Processing /home/airflow/.local/lib/python3.8/site-packages/airflow/example_dags/example_branch_labels.py took 0.070 seconds
[2026-05-29T19:20:12.728+0000] {processor.py:161} INFO - Started process (PID=542) to work on /home/airflow/.local/lib/python3.8/site-packages/airflow/example_dags/example_branch_labels.py
[2026-05-29T19:20:12.730+0000] {processor.py:830} INFO - Processing file /home/airflow/.local/lib/python3.8/site-packages/airflow/example_dags/example_branch_labels.py for tasks to queue
[2026-05-29T19:20:12.732+0000] {logging_mixin.py:188} INFO - [2026-05-29T19:20:12.731+0000] {dagbag.py:540} INFO - Filling up the DagBag from /home/airflow/.local/lib/python3.8/site-packages/airflow/example_dags/example_branch_labels.py
[2026-05-29T19:20:12.738+0000] {processor.py:840} INFO - DAG(s) 'example_branch_labels' retrieved from /home/airflow/.local/lib/python3.8/site-packages/airflow/example_dags/example_branch_labels.py
[2026-05-29T19:20:12.757+0000] {logging_mixin.py:188} INFO - [2026-05-29T19:20:12.757+0000] {dag.py:3047} INFO - Sync 1 DAGs
[2026-05-29T19:20:12.776+0000] {logging_mixin.py:188} INFO - [2026-05-29T19:20:12.776+0000] {dag.py:3834} INFO - Setting next_dagrun for example_branch_labels to 2026-05-28 00:00:00+00:00, run_after=2026-05-29 00:00:00+00:00
[2026-05-29T19:20:12.797+0000] {processor.py:183} INFO - Processing /home/airflow/.local/lib/python3.8/site-packages/airflow/example_dags/example_branch_labels.py took 0.071 seconds
[2026-05-29T19:20:42.857+0000] {processor.py:161} INFO - Started process (PID=597) to work on /home/airflow/.local/lib/python3.8/site-packages/airflow/example_dags/example_branch_labels.py
[2026-05-29T19:20:42.859+0000] {processor.py:830} INFO - Processing file /home/airflow/.local/lib/python3.8/site-packages/airflow/example_dags/example_branch_labels.py for tasks to queue
[2026-05-29T19:20:42.861+0000] {logging_mixin.py:188} INFO - [2026-05-29T19:20:42.861+0000] {dagbag.py:540} INFO - Filling up the DagBag from /home/airflow/.local/lib/python3.8/site-packages/airflow/example_dags/example_branch_labels.py
[2026-05-29T19:20:42.867+0000] {processor.py:840} INFO - DAG(s) 'example_branch_labels' retrieved from /home/airflow/.local/lib/python3.8/site-packages/airflow/example_dags/example_branch_labels.py
[2026-05-29T19:20:42.885+0000] {logging_mixin.py:188} INFO - [2026-05-29T19:20:42.885+0000] {dag.py:3047} INFO - Sync 1 DAGs
[2026-05-29T19:20:42.904+0000] {logging_mixin.py:188} INFO - [2026-05-29T19:20:42.904+0000] {dag.py:3834} INFO - Setting next_dagrun for example_branch_labels to 2026-05-28 00:00:00+00:00, run_after=2026-05-29 00:00:00+00:00
[2026-05-29T19:20:42.923+0000] {processor.py:183} INFO - Processing /home/airflow/.local/lib/python3.8/site-packages/airflow/example_dags/example_branch_labels.py took 0.069 seconds
[2026-05-29T19:21:13.457+0000] {processor.py:161} INFO - Started process (PID=652) to work on /home/airflow/.local/lib/python3.8/site-packages/airflow/example_dags/example_branch_labels.py
[2026-05-29T19:21:13.459+0000] {processor.py:830} INFO - Processing file /home/airflow/.local/lib/python3.8/site-packages/airflow/example_dags/example_branch_labels.py for tasks to queue
[2026-05-29T19:21:13.461+0000] {logging_mixin.py:188} INFO - [2026-05-29T19:21:13.460+0000] {dagbag.py:540} INFO - Filling up the DagBag from /home/airflow/.local/lib/python3.8/site-packages/airflow/example_dags/example_branch_labels.py
[2026-05-29T19:21:13.469+0000] {processor.py:840} INFO - DAG(s) 'example_branch_labels' retrieved from /home/airflow/.local/lib/python3.8/site-packages/airflow/example_dags/example_branch_labels.py
[2026-05-29T19:21:13.496+0000] {logging_mixin.py:188} INFO - [2026-05-29T19:21:13.496+0000] {dag.py:3047} INFO - Sync 1 DAGs
[2026-05-29T19:21:13.518+0000] {logging_mixin.py:188} INFO - [2026-05-29T19:21:13.517+0000] {dag.py:3834} INFO - Setting next_dagrun for example_branch_labels to 2026-05-28 00:00:00+00:00, run_after=2026-05-29 00:00:00+00:00
[2026-05-29T19:21:13.541+0000] {processor.py:183} INFO - Processing /home/airflow/.local/lib/python3.8/site-packages/airflow/example_dags/example_branch_labels.py took 0.087 seconds
[2026-05-29T19:21:43.657+0000] {processor.py:161} INFO - Started process (PID=707) to work on /home/airflow/.local/lib/python3.8/site-packages/airflow/example_dags/example_branch_labels.py
[2026-05-29T19:21:43.658+0000] {processor.py:830} INFO - Processing file /home/airflow/.local/lib/python3.8/site-packages/airflow/example_dags/example_branch_labels.py for tasks to queue
[2026-05-29T19:21:43.661+0000] {logging_mixin.py:188} INFO - [2026-05-29T19:21:43.660+0000] {dagbag.py:540} INFO - Filling up the DagBag from /home/airflow/.local/lib/python3.8/site-packages/airflow/example_dags/example_branch_labels.py
[2026-05-29T19:21:43.667+0000] {processor.py:840} INFO - DAG(s) 'example_branch_labels' retrieved from /home/airflow/.local/lib/python3.8/site-packages/airflow/example_dags/example_branch_labels.py
[2026-05-29T19:21:43.685+0000] {logging_mixin.py:188} INFO - [2026-05-29T19:21:43.685+0000] {dag.py:3047} INFO - Sync 1 DAGs
[2026-05-29T19:21:43.709+0000] {logging_mixin.py:188} INFO - [2026-05-29T19:21:43.709+0000] {dag.py:3834} INFO - Setting next_dagrun for example_branch_labels to 2026-05-28 00:00:00+00:00, run_after=2026-05-29 00:00:00+00:00
[2026-05-29T19:21:43.731+0000] {processor.py:183} INFO - Processing /home/airflow/.local/lib/python3.8/site-packages/airflow/example_dags/example_branch_labels.py took 0.078 seconds
[2026-05-29T19:22:14.008+0000] {processor.py:161} INFO - Started process (PID=762) to work on /home/airflow/.local/lib/python3.8/site-packages/airflow/example_dags/example_branch_labels.py
[2026-05-29T19:22:14.010+0000] {processor.py:830} INFO - Processing file /home/airflow/.local/lib/python3.8/site-packages/airflow/example_dags/example_branch_labels.py for tasks to queue
[2026-05-29T19:22:14.014+0000] {logging_mixin.py:188} INFO - [2026-05-29T19:22:14.013+0000] {dagbag.py:540} INFO - Filling up the DagBag from /home/airflow/.local/lib/python3.8/site-packages/airflow/example_dags/example_branch_labels.py
[2026-05-29T19:22:14.024+0000] {processor.py:840} INFO - DAG(s) 'example_branch_labels' retrieved from /home/airflow/.local/lib/python3.8/site-packages/airflow/example_dags/example_branch_labels.py
[2026-05-29T19:22:14.047+0000] {logging_mixin.py:188} INFO - [2026-05-29T19:22:14.047+0000] {dag.py:3047} INFO - Sync 1 DAGs
[2026-05-29T19:22:14.070+0000] {logging_mixin.py:188} INFO - [2026-05-29T19:22:14.070+0000] {dag.py:3834} INFO - Setting next_dagrun for example_branch_labels to 2026-05-28 00:00:00+00:00, run_after=2026-05-29 00:00:00+00:00
[2026-05-29T19:22:14.109+0000] {processor.py:183} INFO - Processing /home/airflow/.local/lib/python3.8/site-packages/airflow/example_dags/example_branch_labels.py took 0.104 seconds
[2026-05-29T19:22:44.302+0000] {processor.py:161} INFO - Started process (PID=817) to work on /home/airflow/.local/lib/python3.8/site-packages/airflow/example_dags/example_branch_labels.py
[2026-05-29T19:22:44.303+0000] {processor.py:830} INFO - Processing file /home/airflow/.local/lib/python3.8/site-packages/airflow/example_dags/example_branch_labels.py for tasks to queue
[2026-05-29T19:22:44.305+0000] {logging_mixin.py:188} INFO - [2026-05-29T19:22:44.305+0000] {dagbag.py:540} INFO - Filling up the DagBag from /home/airflow/.local/lib/python3.8/site-packages/airflow/example_dags/example_branch_labels.py
[2026-05-29T19:22:44.311+0000] {processor.py:840} INFO - DAG(s) 'example_branch_labels' retrieved from /home/airflow/.local/lib/python3.8/site-packages/airflow/example_dags/example_branch_labels.py
[2026-05-29T19:22:44.331+0000] {logging_mixin.py:188} INFO - [2026-05-29T19:22:44.331+0000] {dag.py:3047} INFO - Sync 1 DAGs
[2026-05-29T19:22:44.350+0000] {logging_mixin.py:188} INFO - [2026-05-29T19:22:44.350+0000] {dag.py:3834} INFO - Setting next_dagrun for example_branch_labels to 2026-05-28 00:00:00+00:00, run_after=2026-05-29 00:00:00+00:00
[2026-05-29T19:22:44.370+0000] {processor.py:183} INFO - Processing /home/airflow/.local/lib/python3.8/site-packages/airflow/example_dags/example_branch_labels.py took 0.071 seconds
[2026-05-29T19:23:14.488+0000] {processor.py:161} INFO - Started process (PID=872) to work on /home/airflow/.local/lib/python3.8/site-packages/airflow/example_dags/example_branch_labels.py
[2026-05-29T19:23:14.490+0000] {processor.py:830} INFO - Processing file /home/airflow/.local/lib/python3.8/site-packages/airflow/example_dags/example_branch_labels.py for tasks to queue
[2026-05-29T19:23:14.491+0000] {logging_mixin.py:188} INFO - [2026-05-29T19:23:14.491+0000] {dagbag.py:540} INFO - Filling up the DagBag from /home/airflow/.local/lib/python3.8/site-packages/airflow/example_dags/example_branch_labels.py
[2026-05-29T19:23:14.498+0000] {processor.py:840} INFO - DAG(s) 'example_branch_labels' retrieved from /home/airflow/.local/lib/python3.8/site-packages/airflow/example_dags/example_branch_labels.py
[2026-05-29T19:23:14.518+0000] {logging_mixin.py:188} INFO - [2026-05-29T19:23:14.518+0000] {dag.py:3047} INFO - Sync 1 DAGs
[2026-05-29T19:23:14.537+0000] {logging_mixin.py:188} INFO - [2026-05-29T19:23:14.537+0000] {dag.py:3834} INFO - Setting next_dagrun for example_branch_labels to 2026-05-28 00:00:00+00:00, run_after=2026-05-29 00:00:00+00:00
[2026-05-29T19:23:14.557+0000] {processor.py:183} INFO - Processing /home/airflow/.local/lib/python3.8/site-packages/airflow/example_dags/example_branch_labels.py took 0.071 seconds
[2026-05-29T19:23:45.289+0000] {processor.py:161} INFO - Started process (PID=927) to work on /home/airflow/.local/lib/python3.8/site-packages/airflow/example_dags/example_branch_labels.py
[2026-05-29T19:23:45.290+0000] {processor.py:830} INFO - Processing file /home/airflow/.local/lib/python3.8/site-packages/airflow/example_dags/example_branch_labels.py for tasks to queue
[2026-05-29T19:23:45.293+0000] {logging_mixin.py:188} INFO - [2026-05-29T19:23:45.292+0000] {dagbag.py:540} INFO - Filling up the DagBag from /home/airflow/.local/lib/python3.8/site-packages/airflow/example_dags/example_branch_labels.py
[2026-05-29T19:23:45.299+0000] {processor.py:840} INFO - DAG(s) 'example_branch_labels' retrieved from /home/airflow/.local/lib/python3.8/site-packages/airflow/example_dags/example_branch_labels.py
[2026-05-29T19:23:45.320+0000] {logging_mixin.py:188} INFO - [2026-05-29T19:23:45.319+0000] {dag.py:3047} INFO - Sync 1 DAGs
[2026-05-29T19:23:45.339+0000] {logging_mixin.py:188} INFO - [2026-05-29T19:23:45.339+0000] {dag.py:3834} INFO - Setting next_dagrun for example_branch_labels to 2026-05-28 00:00:00+00:00, run_after=2026-05-29 00:00:00+00:00
[2026-05-29T19:23:45.359+0000] {processor.py:183} INFO - Processing /home/airflow/.local/lib/python3.8/site-packages/airflow/example_dags/example_branch_labels.py took 0.073 seconds
[2026-05-29T19:24:15.698+0000] {processor.py:161} INFO - Started process (PID=982) to work on /home/airflow/.local/lib/python3.8/site-packages/airflow/example_dags/example_branch_labels.py
[2026-05-29T19:24:15.700+0000] {processor.py:830} INFO - Processing file /home/airflow/.local/lib/python3.8/site-packages/airflow/example_dags/example_branch_labels.py for tasks to queue
[2026-05-29T19:24:15.702+0000] {logging_mixin.py:188} INFO - [2026-05-29T19:24:15.701+0000] {dagbag.py:540} INFO - Filling up the DagBag from /home/airflow/.local/lib/python3.8/site-packages/airflow/example_dags/example_branch_labels.py
[2026-05-29T19:24:15.708+0000] {processor.py:840} INFO - DAG(s) 'example_branch_labels' retrieved from /home/airflow/.local/lib/python3.8/site-packages/airflow/example_dags/example_branch_labels.py
[2026-05-29T19:24:15.728+0000] {logging_mixin.py:188} INFO - [2026-05-29T19:24:15.728+0000] {dag.py:3047} INFO - Sync 1 DAGs
[2026-05-29T19:24:15.748+0000] {logging_mixin.py:188} INFO - [2026-05-29T19:24:15.748+0000] {dag.py:3834} INFO - Setting next_dagrun for example_branch_labels to 2026-05-28 00:00:00+00:00, run_after=2026-05-29 00:00:00+00:00
[2026-05-29T19:24:15.766+0000] {processor.py:183} INFO - Processing /home/airflow/.local/lib/python3.8/site-packages/airflow/example_dags/example_branch_labels.py took 0.071 seconds
[2026-05-29T19:24:45.982+0000] {processor.py:161} INFO - Started process (PID=1037) to work on /home/airflow/.local/lib/python3.8/site-packages/airflow/example_dags/example_branch_labels.py
[2026-05-29T19:24:45.984+0000] {processor.py:830} INFO - Processing file /home/airflow/.local/lib/python3.8/site-packages/airflow/example_dags/example_branch_labels.py for tasks to queue
[2026-05-29T19:24:45.988+0000] {logging_mixin.py:188} INFO - [2026-05-29T19:24:45.988+0000] {dagbag.py:540} INFO - Filling up the DagBag from /home/airflow/.local/lib/python3.8/site-packages/airflow/example_dags/example_branch_labels.py
[2026-05-29T19:24:45.998+0000] {processor.py:840} INFO - DAG(s) 'example_branch_labels' retrieved from /home/airflow/.local/lib/python3.8/site-packages/airflow/example_dags/example_branch_labels.py
[2026-05-29T19:24:46.025+0000] {logging_mixin.py:188} INFO - [2026-05-29T19:24:46.024+0000] {dag.py:3047} INFO - Sync 1 DAGs
[2026-05-29T19:24:46.051+0000] {logging_mixin.py:188} INFO - [2026-05-29T19:24:46.050+0000] {dag.py:3834} INFO - Setting next_dagrun for example_branch_labels to 2026-05-28 00:00:00+00:00, run_after=2026-05-29 00:00:00+00:00
[2026-05-29T19:24:46.077+0000] {processor.py:183} INFO - Processing /home/airflow/.local/lib/python3.8/site-packages/airflow/example_dags/example_branch_labels.py took 0.098 seconds
[2026-05-29T19:25:16.438+0000] {processor.py:161} INFO - Started process (PID=1092) to work on /home/airflow/.local/lib/python3.8/site-packages/airflow/example_dags/example_branch_labels.py
[2026-05-29T19:25:16.439+0000] {processor.py:830} INFO - Processing file /home/airflow/.local/lib/python3.8/site-packages/airflow/example_dags/example_branch_labels.py for tasks to queue
[2026-05-29T19:25:16.441+0000] {logging_mixin.py:188} INFO - [2026-05-29T19:25:16.441+0000] {dagbag.py:540} INFO - Filling up the DagBag from /home/airflow/.local/lib/python3.8/site-packages/airflow/example_dags/example_branch_labels.py
[2026-05-29T19:25:16.448+0000] {processor.py:840} INFO - DAG(s) 'example_branch_labels' retrieved from /home/airflow/.local/lib/python3.8/site-packages/airflow/example_dags/example_branch_labels.py
[2026-05-29T19:25:16.468+0000] {logging_mixin.py:188} INFO - [2026-05-29T19:25:16.467+0000] {dag.py:3047} INFO - Sync 1 DAGs
[2026-05-29T19:25:16.486+0000] {logging_mixin.py:188} INFO - [2026-05-29T19:25:16.486+0000] {dag.py:3834} INFO - Setting next_dagrun for example_branch_labels to 2026-05-28 00:00:00+00:00, run_after=2026-05-29 00:00:00+00:00
[2026-05-29T19:25:16.513+0000] {processor.py:183} INFO - Processing /home/airflow/.local/lib/python3.8/site-packages/airflow/example_dags/example_branch_labels.py took 0.078 seconds
[2026-05-29T19:25:47.205+0000] {processor.py:161} INFO - Started process (PID=1147) to work on /home/airflow/.local/lib/python3.8/site-packages/airflow/example_dags/example_branch_labels.py
[2026-05-29T19:25:47.206+0000] {processor.py:830} INFO - Processing file /home/airflow/.local/lib/python3.8/site-packages/airflow/example_dags/example_branch_labels.py for tasks to queue
[2026-05-29T19:25:47.208+0000] {logging_mixin.py:188} INFO - [2026-05-29T19:25:47.208+0000] {dagbag.py:540} INFO - Filling up the DagBag from /home/airflow/.local/lib/python3.8/site-packages/airflow/example_dags/example_branch_labels.py
[2026-05-29T19:25:47.216+0000] {processor.py:840} INFO - DAG(s) 'example_branch_labels' retrieved from /home/airflow/.local/lib/python3.8/site-packages/airflow/example_dags/example_branch_labels.py
[2026-05-29T19:25:47.236+0000] {logging_mixin.py:188} INFO - [2026-05-29T19:25:47.236+0000] {dag.py:3047} INFO - Sync 1 DAGs
[2026-05-29T19:25:47.255+0000] {logging_mixin.py:188} INFO - [2026-05-29T19:25:47.254+0000] {dag.py:3834} INFO - Setting next_dagrun for example_branch_labels to 2026-05-28 00:00:00+00:00, run_after=2026-05-29 00:00:00+00:00
[2026-05-29T19:25:47.275+0000] {processor.py:183} INFO - Processing /home/airflow/.local/lib/python3.8/site-packages/airflow/example_dags/example_branch_labels.py took 0.073 seconds
[2026-05-29T19:26:17.339+0000] {processor.py:161} INFO - Started process (PID=1202) to work on /home/airflow/.local/lib/python3.8/site-packages/airflow/example_dags/example_branch_labels.py
[2026-05-29T19:26:17.340+0000] {processor.py:830} INFO - Processing file /home/airflow/.local/lib/python3.8/site-packages/airflow/example_dags/example_branch_labels.py for tasks to queue
[2026-05-29T19:26:17.343+0000] {logging_mixin.py:188} INFO - [2026-05-29T19:26:17.342+0000] {dagbag.py:540} INFO - Filling up the DagBag from /home/airflow/.local/lib/python3.8/site-packages/airflow/example_dags/example_branch_labels.py
[2026-05-29T19:26:17.350+0000] {processor.py:840} INFO - DAG(s) 'example_branch_labels' retrieved from /home/airflow/.local/lib/python3.8/site-packages/airflow/example_dags/example_branch_labels.py
[2026-05-29T19:26:17.369+0000] {logging_mixin.py:188} INFO - [2026-05-29T19:26:17.368+0000] {dag.py:3047} INFO - Sync 1 DAGs
[2026-05-29T19:26:17.388+0000] {logging_mixin.py:188} INFO - [2026-05-29T19:26:17.388+0000] {dag.py:3834} INFO - Setting next_dagrun for example_branch_labels to 2026-05-28 00:00:00+00:00, run_after=2026-05-29 00:00:00+00:00
[2026-05-29T19:26:17.416+0000] {processor.py:183} INFO - Processing /home/airflow/.local/lib/python3.8/site-packages/airflow/example_dags/example_branch_labels.py took 0.080 seconds
[2026-05-29T19:26:47.523+0000] {processor.py:161} INFO - Started process (PID=1257) to work on /home/airflow/.local/lib/python3.8/site-packages/airflow/example_dags/example_branch_labels.py
[2026-05-29T19:26:47.525+0000] {processor.py:830} INFO - Processing file /home/airflow/.local/lib/python3.8/site-packages/airflow/example_dags/example_branch_labels.py for tasks to queue
[2026-05-29T19:26:47.527+0000] {logging_mixin.py:188} INFO - [2026-05-29T19:26:47.526+0000] {dagbag.py:540} INFO - Filling up the DagBag from /home/airflow/.local/lib/python3.8/site-packages/airflow/example_dags/example_branch_labels.py
[2026-05-29T19:26:47.534+0000] {processor.py:840} INFO - DAG(s) 'example_branch_labels' retrieved from /home/airflow/.local/lib/python3.8/site-packages/airflow/example_dags/example_branch_labels.py
[2026-05-29T19:26:47.555+0000] {logging_mixin.py:188} INFO - [2026-05-29T19:26:47.555+0000] {dag.py:3047} INFO - Sync 1 DAGs
[2026-05-29T19:26:47.572+0000] {logging_mixin.py:188} INFO - [2026-05-29T19:26:47.572+0000] {dag.py:3834} INFO - Setting next_dagrun for example_branch_labels to 2026-05-28 00:00:00+00:00, run_after=2026-05-29 00:00:00+00:00
[2026-05-29T19:26:47.592+0000] {processor.py:183} INFO - Processing /home/airflow/.local/lib/python3.8/site-packages/airflow/example_dags/example_branch_labels.py took 0.072 seconds
[2026-05-29T19:27:18.079+0000] {processor.py:161} INFO - Started process (PID=1312) to work on /home/airflow/.local/lib/python3.8/site-packages/airflow/example_dags/example_branch_labels.py
[2026-05-29T19:27:18.083+0000] {processor.py:830} INFO - Processing file /home/airflow/.local/lib/python3.8/site-packages/airflow/example_dags/example_branch_labels.py for tasks to queue
[2026-05-29T19:27:18.091+0000] {logging_mixin.py:188} INFO - [2026-05-29T19:27:18.089+0000] {dagbag.py:540} INFO - Filling up the DagBag from /home/airflow/.local/lib/python3.8/site-packages/airflow/example_dags/example_branch_labels.py
[2026-05-29T19:27:18.130+0000] {processor.py:840} INFO - DAG(s) 'example_branch_labels' retrieved from /home/airflow/.local/lib/python3.8/site-packages/airflow/example_dags/example_branch_labels.py
[2026-05-29T19:27:18.195+0000] {logging_mixin.py:188} INFO - [2026-05-29T19:27:18.194+0000] {dag.py:3047} INFO - Sync 1 DAGs
[2026-05-29T19:27:18.242+0000] {logging_mixin.py:188} INFO - [2026-05-29T19:27:18.242+0000] {dag.py:3834} INFO - Setting next_dagrun for example_branch_labels to 2026-05-28 00:00:00+00:00, run_after=2026-05-29 00:00:00+00:00
[2026-05-29T19:27:18.285+0000] {processor.py:183} INFO - Processing /home/airflow/.local/lib/python3.8/site-packages/airflow/example_dags/example_branch_labels.py took 0.217 seconds
[2026-05-29T19:27:48.550+0000] {processor.py:161} INFO - Started process (PID=1367) to work on /home/airflow/.local/lib/python3.8/site-packages/airflow/example_dags/example_branch_labels.py
[2026-05-29T19:27:48.552+0000] {processor.py:830} INFO - Processing file /home/airflow/.local/lib/python3.8/site-packages/airflow/example_dags/example_branch_labels.py for tasks to queue
[2026-05-29T19:27:48.557+0000] {logging_mixin.py:188} INFO - [2026-05-29T19:27:48.556+0000] {dagbag.py:540} INFO - Filling up the DagBag from /home/airflow/.local/lib/python3.8/site-packages/airflow/example_dags/example_branch_labels.py
[2026-05-29T19:27:48.567+0000] {processor.py:840} INFO - DAG(s) 'example_branch_labels' retrieved from /home/airflow/.local/lib/python3.8/site-packages/airflow/example_dags/example_branch_labels.py
[2026-05-29T19:27:48.596+0000] {logging_mixin.py:188} INFO - [2026-05-29T19:27:48.595+0000] {dag.py:3047} INFO - Sync 1 DAGs
[2026-05-29T19:27:48.617+0000] {logging_mixin.py:188} INFO - [2026-05-29T19:27:48.616+0000] {dag.py:3834} INFO - Setting next_dagrun for example_branch_labels to 2026-05-28 00:00:00+00:00, run_after=2026-05-29 00:00:00+00:00
[2026-05-29T19:27:48.638+0000] {processor.py:183} INFO - Processing /home/airflow/.local/lib/python3.8/site-packages/airflow/example_dags/example_branch_labels.py took 0.092 seconds
[2026-05-29T19:28:19.929+0000] {processor.py:161} INFO - Started process (PID=1422) to work on /home/airflow/.local/lib/python3.8/site-packages/airflow/example_dags/example_branch_labels.py
[2026-05-29T19:28:19.930+0000] {processor.py:830} INFO - Processing file /home/airflow/.local/lib/python3.8/site-packages/airflow/example_dags/example_branch_labels.py for tasks to queue
[2026-05-29T19:28:19.932+0000] {logging_mixin.py:188} INFO - [2026-05-29T19:28:19.932+0000] {dagbag.py:540} INFO - Filling up the DagBag from /home/airflow/.local/lib/python3.8/site-packages/airflow/example_dags/example_branch_labels.py
[2026-05-29T19:28:19.939+0000] {processor.py:840} INFO - DAG(s) 'example_branch_labels' retrieved from /home/airflow/.local/lib/python3.8/site-packages/airflow/example_dags/example_branch_labels.py
[2026-05-29T19:28:19.959+0000] {logging_mixin.py:188} INFO - [2026-05-29T19:28:19.958+0000] {dag.py:3047} INFO - Sync 1 DAGs
[2026-05-29T19:28:19.979+0000] {logging_mixin.py:188} INFO - [2026-05-29T19:28:19.979+0000] {dag.py:3834} INFO - Setting next_dagrun for example_branch_labels to 2026-05-28 00:00:00+00:00, run_after=2026-05-29 00:00:00+00:00
[2026-05-29T19:28:19.996+0000] {processor.py:183} INFO - Processing /home/airflow/.local/lib/python3.8/site-packages/airflow/example_dags/example_branch_labels.py took 0.069 seconds
[2026-05-29T19:28:50.485+0000] {processor.py:161} INFO - Started process (PID=1476) to work on /home/airflow/.local/lib/python3.8/site-packages/airflow/example_dags/example_branch_labels.py
[2026-05-29T19:28:50.486+0000] {processor.py:830} INFO - Processing file /home/airflow/.local/lib/python3.8/site-packages/airflow/example_dags/example_branch_labels.py for tasks to queue
[2026-05-29T19:28:50.489+0000] {logging_mixin.py:188} INFO - [2026-05-29T19:28:50.489+0000] {dagbag.py:540} INFO - Filling up the DagBag from /home/airflow/.local/lib/python3.8/site-packages/airflow/example_dags/example_branch_labels.py
[2026-05-29T19:28:50.501+0000] {processor.py:840} INFO - DAG(s) 'example_branch_labels' retrieved from /home/airflow/.local/lib/python3.8/site-packages/airflow/example_dags/example_branch_labels.py
[2026-05-29T19:28:50.526+0000] {logging_mixin.py:188} INFO - [2026-05-29T19:28:50.525+0000] {dag.py:3047} INFO - Sync 1 DAGs
[2026-05-29T19:28:50.550+0000] {logging_mixin.py:188} INFO - [2026-05-29T19:28:50.550+0000] {dag.py:3834} INFO - Setting next_dagrun for example_branch_labels to 2026-05-28 00:00:00+00:00, run_after=2026-05-29 00:00:00+00:00
[2026-05-29T19:28:50.582+0000] {processor.py:183} INFO - Processing /home/airflow/.local/lib/python3.8/site-packages/airflow/example_dags/example_branch_labels.py took 0.103 seconds
[2026-05-29T19:29:21.392+0000] {processor.py:161} INFO - Started process (PID=1531) to work on /home/airflow/.local/lib/python3.8/site-packages/airflow/example_dags/example_branch_labels.py
[2026-05-29T19:29:21.393+0000] {processor.py:830} INFO - Processing file /home/airflow/.local/lib/python3.8/site-packages/airflow/example_dags/example_branch_labels.py for tasks to queue
[2026-05-29T19:29:21.396+0000] {logging_mixin.py:188} INFO - [2026-05-29T19:29:21.396+0000] {dagbag.py:540} INFO - Filling up the DagBag from /home/airflow/.local/lib/python3.8/site-packages/airflow/example_dags/example_branch_labels.py
[2026-05-29T19:29:21.406+0000] {processor.py:840} INFO - DAG(s) 'example_branch_labels' retrieved from /home/airflow/.local/lib/python3.8/site-packages/airflow/example_dags/example_branch_labels.py
[2026-05-29T19:29:21.432+0000] {logging_mixin.py:188} INFO - [2026-05-29T19:29:21.431+0000] {dag.py:3047} INFO - Sync 1 DAGs
[2026-05-29T19:29:21.456+0000] {logging_mixin.py:188} INFO - [2026-05-29T19:29:21.455+0000] {dag.py:3834} INFO - Setting next_dagrun for example_branch_labels to 2026-05-28 00:00:00+00:00, run_after=2026-05-29 00:00:00+00:00
[2026-05-29T19:29:21.479+0000] {processor.py:183} INFO - Processing /home/airflow/.local/lib/python3.8/site-packages/airflow/example_dags/example_branch_labels.py took 0.092 seconds
[2026-05-29T19:29:52.018+0000] {processor.py:161} INFO - Started process (PID=1586) to work on /home/airflow/.local/lib/python3.8/site-packages/airflow/example_dags/example_branch_labels.py
[2026-05-29T19:29:52.020+0000] {processor.py:830} INFO - Processing file /home/airflow/.local/lib/python3.8/site-packages/airflow/example_dags/example_branch_labels.py for tasks to queue
[2026-05-29T19:29:52.022+0000] {logging_mixin.py:188} INFO - [2026-05-29T19:29:52.022+0000] {dagbag.py:540} INFO - Filling up the DagBag from /home/airflow/.local/lib/python3.8/site-packages/airflow/example_dags/example_branch_labels.py
[2026-05-29T19:29:52.029+0000] {processor.py:840} INFO - DAG(s) 'example_branch_labels' retrieved from /home/airflow/.local/lib/python3.8/site-packages/airflow/example_dags/example_branch_labels.py
[2026-05-29T19:29:52.048+0000] {logging_mixin.py:188} INFO - [2026-05-29T19:29:52.047+0000] {dag.py:3047} INFO - Sync 1 DAGs
[2026-05-29T19:29:52.067+0000] {logging_mixin.py:188} INFO - [2026-05-29T19:29:52.067+0000] {dag.py:3834} INFO - Setting next_dagrun for example_branch_labels to 2026-05-28 00:00:00+00:00, run_after=2026-05-29 00:00:00+00:00
[2026-05-29T19:29:52.084+0000] {processor.py:183} INFO - Processing /home/airflow/.local/lib/python3.8/site-packages/airflow/example_dags/example_branch_labels.py took 0.069 seconds
[2026-05-29T19:30:22.184+0000] {processor.py:161} INFO - Started process (PID=1641) to work on /home/airflow/.local/lib/python3.8/site-packages/airflow/example_dags/example_branch_labels.py
[2026-05-29T19:30:22.186+0000] {processor.py:830} INFO - Processing file /home/airflow/.local/lib/python3.8/site-packages/airflow/example_dags/example_branch_labels.py for tasks to queue
[2026-05-29T19:30:22.188+0000] {logging_mixin.py:188} INFO - [2026-05-29T19:30:22.188+0000] {dagbag.py:540} INFO - Filling up the DagBag from /home/airflow/.local/lib/python3.8/site-packages/airflow/example_dags/example_branch_labels.py
[2026-05-29T19:30:22.196+0000] {processor.py:840} INFO - DAG(s) 'example_branch_labels' retrieved from /home/airflow/.local/lib/python3.8/site-packages/airflow/example_dags/example_branch_labels.py
[2026-05-29T19:30:22.215+0000] {logging_mixin.py:188} INFO - [2026-05-29T19:30:22.215+0000] {dag.py:3047} INFO - Sync 1 DAGs
[2026-05-29T19:30:22.233+0000] {logging_mixin.py:188} INFO - [2026-05-29T19:30:22.233+0000] {dag.py:3834} INFO - Setting next_dagrun for example_branch_labels to 2026-05-28 00:00:00+00:00, run_after=2026-05-29 00:00:00+00:00
[2026-05-29T19:30:22.252+0000] {processor.py:183} INFO - Processing /home/airflow/.local/lib/python3.8/site-packages/airflow/example_dags/example_branch_labels.py took 0.071 seconds
[2026-05-29T19:30:52.357+0000] {processor.py:161} INFO - Started process (PID=1696) to work on /home/airflow/.local/lib/python3.8/site-packages/airflow/example_dags/example_branch_labels.py
[2026-05-29T19:30:52.358+0000] {processor.py:830} INFO - Processing file /home/airflow/.local/lib/python3.8/site-packages/airflow/example_dags/example_branch_labels.py for tasks to queue
[2026-05-29T19:30:52.360+0000] {logging_mixin.py:188} INFO - [2026-05-29T19:30:52.360+0000] {dagbag.py:540} INFO - Filling up the DagBag from /home/airflow/.local/lib/python3.8/site-packages/airflow/example_dags/example_branch_labels.py
[2026-05-29T19:30:52.367+0000] {processor.py:840} INFO - DAG(s) 'example_branch_labels' retrieved from /home/airflow/.local/lib/python3.8/site-packages/airflow/example_dags/example_branch_labels.py
[2026-05-29T19:30:52.393+0000] {logging_mixin.py:188} INFO - [2026-05-29T19:30:52.393+0000] {dag.py:3047} INFO - Sync 1 DAGs
[2026-05-29T19:30:52.411+0000] {logging_mixin.py:188} INFO - [2026-05-29T19:30:52.411+0000] {dag.py:3834} INFO - Setting next_dagrun for example_branch_labels to 2026-05-28 00:00:00+00:00, run_after=2026-05-29 00:00:00+00:00
[2026-05-29T19:30:52.429+0000] {processor.py:183} INFO - Processing /home/airflow/.local/lib/python3.8/site-packages/airflow/example_dags/example_branch_labels.py took 0.075 seconds
[2026-05-29T19:31:23.309+0000] {processor.py:161} INFO - Started process (PID=1751) to work on /home/airflow/.local/lib/python3.8/site-packages/airflow/example_dags/example_branch_labels.py
[2026-05-29T19:31:23.310+0000] {processor.py:830} INFO - Processing file /home/airflow/.local/lib/python3.8/site-packages/airflow/example_dags/example_branch_labels.py for tasks to queue
[2026-05-29T19:31:23.312+0000] {logging_mixin.py:188} INFO - [2026-05-29T19:31:23.312+0000] {dagbag.py:540} INFO - Filling up the DagBag from /home/airflow/.local/lib/python3.8/site-packages/airflow/example_dags/example_branch_labels.py
[2026-05-29T19:31:23.319+0000] {processor.py:840} INFO - DAG(s) 'example_branch_labels' retrieved from /home/airflow/.local/lib/python3.8/site-packages/airflow/example_dags/example_branch_labels.py
[2026-05-29T19:31:23.338+0000] {logging_mixin.py:188} INFO - [2026-05-29T19:31:23.337+0000] {dag.py:3047} INFO - Sync 1 DAGs
[2026-05-29T19:31:23.355+0000] {logging_mixin.py:188} INFO - [2026-05-29T19:31:23.355+0000] {dag.py:3834} INFO - Setting next_dagrun for example_branch_labels to 2026-05-28 00:00:00+00:00, run_after=2026-05-29 00:00:00+00:00
[2026-05-29T19:31:23.372+0000] {processor.py:183} INFO - Processing /home/airflow/.local/lib/python3.8/site-packages/airflow/example_dags/example_branch_labels.py took 0.066 seconds
[2026-05-29T19:31:54.140+0000] {processor.py:161} INFO - Started process (PID=1806) to work on /home/airflow/.local/lib/python3.8/site-packages/airflow/example_dags/example_branch_labels.py
[2026-05-29T19:31:54.141+0000] {processor.py:830} INFO - Processing file /home/airflow/.local/lib/python3.8/site-packages/airflow/example_dags/example_branch_labels.py for tasks to queue
[2026-05-29T19:31:54.143+0000] {logging_mixin.py:188} INFO - [2026-05-29T19:31:54.143+0000] {dagbag.py:540} INFO - Filling up the DagBag from /home/airflow/.local/lib/python3.8/site-packages/airflow/example_dags/example_branch_labels.py
[2026-05-29T19:31:54.151+0000] {processor.py:840} INFO - DAG(s) 'example_branch_labels' retrieved from /home/airflow/.local/lib/python3.8/site-packages/airflow/example_dags/example_branch_labels.py
[2026-05-29T19:31:54.174+0000] {logging_mixin.py:188} INFO - [2026-05-29T19:31:54.174+0000] {dag.py:3047} INFO - Sync 1 DAGs
[2026-05-29T19:31:54.194+0000] {logging_mixin.py:188} INFO - [2026-05-29T19:31:54.194+0000] {dag.py:3834} INFO - Setting next_dagrun for example_branch_labels to 2026-05-28 00:00:00+00:00, run_after=2026-05-29 00:00:00+00:00
[2026-05-29T19:31:54.214+0000] {processor.py:183} INFO - Processing /home/airflow/.local/lib/python3.8/site-packages/airflow/example_dags/example_branch_labels.py took 0.077 seconds
[2026-05-29T19:32:24.488+0000] {processor.py:161} INFO - Started process (PID=1860) to work on /home/airflow/.local/lib/python3.8/site-packages/airflow/example_dags/example_branch_labels.py
[2026-05-29T19:32:24.489+0000] {processor.py:830} INFO - Processing file /home/airflow/.local/lib/python3.8/site-packages/airflow/example_dags/example_branch_labels.py for tasks to queue
[2026-05-29T19:32:24.490+0000] {logging_mixin.py:188} INFO - [2026-05-29T19:32:24.490+0000] {dagbag.py:540} INFO - Filling up the DagBag from /home/airflow/.local/lib/python3.8/site-packages/airflow/example_dags/example_branch_labels.py
[2026-05-29T19:32:24.496+0000] {processor.py:840} INFO - DAG(s) 'example_branch_labels' retrieved from /home/airflow/.local/lib/python3.8/site-packages/airflow/example_dags/example_branch_labels.py
[2026-05-29T19:32:24.512+0000] {logging_mixin.py:188} INFO - [2026-05-29T19:32:24.512+0000] {dag.py:3047} INFO - Sync 1 DAGs
[2026-05-29T19:32:24.528+0000] {logging_mixin.py:188} INFO - [2026-05-29T19:32:24.528+0000] {dag.py:3834} INFO - Setting next_dagrun for example_branch_labels to 2026-05-28 00:00:00+00:00, run_after=2026-05-29 00:00:00+00:00
[2026-05-29T19:32:24.544+0000] {processor.py:183} INFO - Processing /home/airflow/.local/lib/python3.8/site-packages/airflow/example_dags/example_branch_labels.py took 0.059 seconds
[2026-05-29T19:32:54.840+0000] {processor.py:161} INFO - Started process (PID=1917) to work on /home/airflow/.local/lib/python3.8/site-packages/airflow/example_dags/example_branch_labels.py
[2026-05-29T19:32:54.845+0000] {processor.py:830} INFO - Processing file /home/airflow/.local/lib/python3.8/site-packages/airflow/example_dags/example_branch_labels.py for tasks to queue
[2026-05-29T19:32:54.848+0000] {logging_mixin.py:188} INFO - [2026-05-29T19:32:54.848+0000] {dagbag.py:540} INFO - Filling up the DagBag from /home/airflow/.local/lib/python3.8/site-packages/airflow/example_dags/example_branch_labels.py
[2026-05-29T19:32:54.858+0000] {processor.py:840} INFO - DAG(s) 'example_branch_labels' retrieved from /home/airflow/.local/lib/python3.8/site-packages/airflow/example_dags/example_branch_labels.py
[2026-05-29T19:32:54.881+0000] {logging_mixin.py:188} INFO - [2026-05-29T19:32:54.881+0000] {dag.py:3047} INFO - Sync 1 DAGs
[2026-05-29T19:32:54.903+0000] {logging_mixin.py:188} INFO - [2026-05-29T19:32:54.902+0000] {dag.py:3834} INFO - Setting next_dagrun for example_branch_labels to 2026-05-28 00:00:00+00:00, run_after=2026-05-29 00:00:00+00:00
[2026-05-29T19:32:54.928+0000] {processor.py:183} INFO - Processing /home/airflow/.local/lib/python3.8/site-packages/airflow/example_dags/example_branch_labels.py took 0.096 seconds
[2026-05-29T19:33:25.448+0000] {processor.py:161} INFO - Started process (PID=1972) to work on /home/airflow/.local/lib/python3.8/site-packages/airflow/example_dags/example_branch_labels.py
[2026-05-29T19:33:25.450+0000] {processor.py:830} INFO - Processing file /home/airflow/.local/lib/python3.8/site-packages/airflow/example_dags/example_branch_labels.py for tasks to queue
[2026-05-29T19:33:25.452+0000] {logging_mixin.py:188} INFO - [2026-05-29T19:33:25.452+0000] {dagbag.py:540} INFO - Filling up the DagBag from /home/airflow/.local/lib/python3.8/site-packages/airflow/example_dags/example_branch_labels.py
[2026-05-29T19:33:25.458+0000] {processor.py:840} INFO - DAG(s) 'example_branch_labels' retrieved from /home/airflow/.local/lib/python3.8/site-packages/airflow/example_dags/example_branch_labels.py
[2026-05-29T19:33:25.477+0000] {logging_mixin.py:188} INFO - [2026-05-29T19:33:25.477+0000] {dag.py:3047} INFO - Sync 1 DAGs
[2026-05-29T19:33:25.495+0000] {logging_mixin.py:188} INFO - [2026-05-29T19:33:25.495+0000] {dag.py:3834} INFO - Setting next_dagrun for example_branch_labels to 2026-05-28 00:00:00+00:00, run_after=2026-05-29 00:00:00+00:00
[2026-05-29T19:33:25.514+0000] {processor.py:183} INFO - Processing /home/airflow/.local/lib/python3.8/site-packages/airflow/example_dags/example_branch_labels.py took 0.068 seconds
[2026-05-29T19:33:55.603+0000] {processor.py:161} INFO - Started process (PID=2027) to work on /home/airflow/.local/lib/python3.8/site-packages/airflow/example_dags/example_branch_labels.py
[2026-05-29T19:33:55.604+0000] {processor.py:830} INFO - Processing file /home/airflow/.local/lib/python3.8/site-packages/airflow/example_dags/example_branch_labels.py for tasks to queue
[2026-05-29T19:33:55.607+0000] {logging_mixin.py:188} INFO - [2026-05-29T19:33:55.607+0000] {dagbag.py:540} INFO - Filling up the DagBag from /home/airflow/.local/lib/python3.8/site-packages/airflow/example_dags/example_branch_labels.py
[2026-05-29T19:33:55.614+0000] {processor.py:840} INFO - DAG(s) 'example_branch_labels' retrieved from /home/airflow/.local/lib/python3.8/site-packages/airflow/example_dags/example_branch_labels.py
[2026-05-29T19:33:55.632+0000] {logging_mixin.py:188} INFO - [2026-05-29T19:33:55.632+0000] {dag.py:3047} INFO - Sync 1 DAGs
[2026-05-29T19:33:55.651+0000] {logging_mixin.py:188} INFO - [2026-05-29T19:33:55.651+0000] {dag.py:3834} INFO - Setting next_dagrun for example_branch_labels to 2026-05-28 00:00:00+00:00, run_after=2026-05-29 00:00:00+00:00
[2026-05-29T19:33:55.669+0000] {processor.py:183} INFO - Processing /home/airflow/.local/lib/python3.8/site-packages/airflow/example_dags/example_branch_labels.py took 0.069 seconds
