[2026-05-29T19:16:08.736+0000] {processor.py:161} INFO - Started process (PID=105) to work on /home/airflow/.local/lib/python3.8/site-packages/airflow/example_dags/example_branch_datetime_operator.py
[2026-05-29T19:16:08.739+0000] {processor.py:830} INFO - Processing file /home/airflow/.local/lib/python3.8/site-packages/airflow/example_dags/example_branch_datetime_operator.py for tasks to queue
[2026-05-29T19:16:08.743+0000] {logging_mixin.py:188} INFO - [2026-05-29T19:16:08.742+0000] {dagbag.py:540} INFO - Filling up the DagBag from /home/airflow/.local/lib/python3.8/site-packages/airflow/example_dags/example_branch_datetime_operator.py
[2026-05-29T19:16:08.759+0000] {processor.py:840} INFO - DAG(s) 'example_branch_datetime_operator_3', 'example_branch_datetime_operator', 'example_branch_datetime_operator_2' retrieved from /home/airflow/.local/lib/python3.8/site-packages/airflow/example_dags/example_branch_datetime_operator.py
[2026-05-29T19:16:08.798+0000] {logging_mixin.py:188} INFO - [2026-05-29T19:16:08.798+0000] {dag.py:3047} INFO - Sync 3 DAGs
[2026-05-29T19:16:08.828+0000] {logging_mixin.py:188} INFO - [2026-05-29T19:16:08.827+0000] {dag.py:3834} INFO - Setting next_dagrun for example_branch_datetime_operator to 2026-05-28 00:00:00+00:00, run_after=2026-05-29 00:00:00+00:00
[2026-05-29T19:16:08.835+0000] {logging_mixin.py:188} INFO - [2026-05-29T19:16:08.834+0000] {dag.py:3834} INFO - Setting next_dagrun for example_branch_datetime_operator_2 to 2026-05-28 00:00:00+00:00, run_after=2026-05-29 00:00:00+00:00
[2026-05-29T19:16:08.839+0000] {logging_mixin.py:188} INFO - [2026-05-29T19:16:08.839+0000] {dag.py:3834} INFO - Setting next_dagrun for example_branch_datetime_operator_3 to 2026-05-28 00:00:00+00:00, run_after=2026-05-29 00:00:00+00:00
[2026-05-29T19:16:08.860+0000] {processor.py:183} INFO - Processing /home/airflow/.local/lib/python3.8/site-packages/airflow/example_dags/example_branch_datetime_operator.py took 0.129 seconds
[2026-05-29T19:16:39.527+0000] {processor.py:161} INFO - Started process (PID=160) to work on /home/airflow/.local/lib/python3.8/site-packages/airflow/example_dags/example_branch_datetime_operator.py
[2026-05-29T19:16:39.529+0000] {processor.py:830} INFO - Processing file /home/airflow/.local/lib/python3.8/site-packages/airflow/example_dags/example_branch_datetime_operator.py for tasks to queue
[2026-05-29T19:16:39.531+0000] {logging_mixin.py:188} INFO - [2026-05-29T19:16:39.530+0000] {dagbag.py:540} INFO - Filling up the DagBag from /home/airflow/.local/lib/python3.8/site-packages/airflow/example_dags/example_branch_datetime_operator.py
[2026-05-29T19:16:39.540+0000] {processor.py:840} INFO - DAG(s) 'example_branch_datetime_operator', 'example_branch_datetime_operator_3', 'example_branch_datetime_operator_2' retrieved from /home/airflow/.local/lib/python3.8/site-packages/airflow/example_dags/example_branch_datetime_operator.py
[2026-05-29T19:16:39.578+0000] {logging_mixin.py:188} INFO - [2026-05-29T19:16:39.578+0000] {dag.py:3047} INFO - Sync 3 DAGs
[2026-05-29T19:16:39.604+0000] {logging_mixin.py:188} INFO - [2026-05-29T19:16:39.604+0000] {dag.py:3834} INFO - Setting next_dagrun for example_branch_datetime_operator to 2026-05-28 00:00:00+00:00, run_after=2026-05-29 00:00:00+00:00
[2026-05-29T19:16:39.609+0000] {logging_mixin.py:188} INFO - [2026-05-29T19:16:39.609+0000] {dag.py:3834} INFO - Setting next_dagrun for example_branch_datetime_operator_2 to 2026-05-28 00:00:00+00:00, run_after=2026-05-29 00:00:00+00:00
[2026-05-29T19:16:39.612+0000] {logging_mixin.py:188} INFO - [2026-05-29T19:16:39.612+0000] {dag.py:3834} INFO - Setting next_dagrun for example_branch_datetime_operator_3 to 2026-05-28 00:00:00+00:00, run_after=2026-05-29 00:00:00+00:00
[2026-05-29T19:16:39.638+0000] {processor.py:183} INFO - Processing /home/airflow/.local/lib/python3.8/site-packages/airflow/example_dags/example_branch_datetime_operator.py took 0.115 seconds
[2026-05-29T19:17:09.705+0000] {processor.py:161} INFO - Started process (PID=216) to work on /home/airflow/.local/lib/python3.8/site-packages/airflow/example_dags/example_branch_datetime_operator.py
[2026-05-29T19:17:09.706+0000] {processor.py:830} INFO - Processing file /home/airflow/.local/lib/python3.8/site-packages/airflow/example_dags/example_branch_datetime_operator.py for tasks to queue
[2026-05-29T19:17:09.708+0000] {logging_mixin.py:188} INFO - [2026-05-29T19:17:09.708+0000] {dagbag.py:540} INFO - Filling up the DagBag from /home/airflow/.local/lib/python3.8/site-packages/airflow/example_dags/example_branch_datetime_operator.py
[2026-05-29T19:17:09.717+0000] {processor.py:840} INFO - DAG(s) 'example_branch_datetime_operator_2', 'example_branch_datetime_operator', 'example_branch_datetime_operator_3' retrieved from /home/airflow/.local/lib/python3.8/site-packages/airflow/example_dags/example_branch_datetime_operator.py
[2026-05-29T19:17:09.743+0000] {logging_mixin.py:188} INFO - [2026-05-29T19:17:09.743+0000] {dag.py:3047} INFO - Sync 3 DAGs
[2026-05-29T19:17:09.761+0000] {logging_mixin.py:188} INFO - [2026-05-29T19:17:09.761+0000] {dag.py:3834} INFO - Setting next_dagrun for example_branch_datetime_operator to 2026-05-28 00:00:00+00:00, run_after=2026-05-29 00:00:00+00:00
[2026-05-29T19:17:09.766+0000] {logging_mixin.py:188} INFO - [2026-05-29T19:17:09.766+0000] {dag.py:3834} INFO - Setting next_dagrun for example_branch_datetime_operator_2 to 2026-05-28 00:00:00+00:00, run_after=2026-05-29 00:00:00+00:00
[2026-05-29T19:17:09.768+0000] {logging_mixin.py:188} INFO - [2026-05-29T19:17:09.768+0000] {dag.py:3834} INFO - Setting next_dagrun for example_branch_datetime_operator_3 to 2026-05-28 00:00:00+00:00, run_after=2026-05-29 00:00:00+00:00
[2026-05-29T19:17:09.784+0000] {processor.py:183} INFO - Processing /home/airflow/.local/lib/python3.8/site-packages/airflow/example_dags/example_branch_datetime_operator.py took 0.082 seconds
[2026-05-29T19:17:40.177+0000] {processor.py:161} INFO - Started process (PID=270) to work on /home/airflow/.local/lib/python3.8/site-packages/airflow/example_dags/example_branch_datetime_operator.py
[2026-05-29T19:17:40.178+0000] {processor.py:830} INFO - Processing file /home/airflow/.local/lib/python3.8/site-packages/airflow/example_dags/example_branch_datetime_operator.py for tasks to queue
[2026-05-29T19:17:40.181+0000] {logging_mixin.py:188} INFO - [2026-05-29T19:17:40.181+0000] {dagbag.py:540} INFO - Filling up the DagBag from /home/airflow/.local/lib/python3.8/site-packages/airflow/example_dags/example_branch_datetime_operator.py
[2026-05-29T19:17:40.189+0000] {processor.py:840} INFO - DAG(s) 'example_branch_datetime_operator_3', 'example_branch_datetime_operator', 'example_branch_datetime_operator_2' retrieved from /home/airflow/.local/lib/python3.8/site-packages/airflow/example_dags/example_branch_datetime_operator.py
[2026-05-29T19:17:40.216+0000] {logging_mixin.py:188} INFO - [2026-05-29T19:17:40.215+0000] {dag.py:3047} INFO - Sync 3 DAGs
[2026-05-29T19:17:40.248+0000] {logging_mixin.py:188} INFO - [2026-05-29T19:17:40.248+0000] {dag.py:3834} INFO - Setting next_dagrun for example_branch_datetime_operator to 2026-05-28 00:00:00+00:00, run_after=2026-05-29 00:00:00+00:00
[2026-05-29T19:17:40.253+0000] {logging_mixin.py:188} INFO - [2026-05-29T19:17:40.253+0000] {dag.py:3834} INFO - Setting next_dagrun for example_branch_datetime_operator_2 to 2026-05-28 00:00:00+00:00, run_after=2026-05-29 00:00:00+00:00
[2026-05-29T19:17:40.256+0000] {logging_mixin.py:188} INFO - [2026-05-29T19:17:40.256+0000] {dag.py:3834} INFO - Setting next_dagrun for example_branch_datetime_operator_3 to 2026-05-28 00:00:00+00:00, run_after=2026-05-29 00:00:00+00:00
[2026-05-29T19:17:40.282+0000] {processor.py:183} INFO - Processing /home/airflow/.local/lib/python3.8/site-packages/airflow/example_dags/example_branch_datetime_operator.py took 0.109 seconds
[2026-05-29T19:18:11.015+0000] {processor.py:161} INFO - Started process (PID=325) to work on /home/airflow/.local/lib/python3.8/site-packages/airflow/example_dags/example_branch_datetime_operator.py
[2026-05-29T19:18:11.017+0000] {processor.py:830} INFO - Processing file /home/airflow/.local/lib/python3.8/site-packages/airflow/example_dags/example_branch_datetime_operator.py for tasks to queue
[2026-05-29T19:18:11.019+0000] {logging_mixin.py:188} INFO - [2026-05-29T19:18:11.018+0000] {dagbag.py:540} INFO - Filling up the DagBag from /home/airflow/.local/lib/python3.8/site-packages/airflow/example_dags/example_branch_datetime_operator.py
[2026-05-29T19:18:11.028+0000] {processor.py:840} INFO - DAG(s) 'example_branch_datetime_operator_3', 'example_branch_datetime_operator', 'example_branch_datetime_operator_2' retrieved from /home/airflow/.local/lib/python3.8/site-packages/airflow/example_dags/example_branch_datetime_operator.py
[2026-05-29T19:18:11.053+0000] {logging_mixin.py:188} INFO - [2026-05-29T19:18:11.053+0000] {dag.py:3047} INFO - Sync 3 DAGs
[2026-05-29T19:18:11.074+0000] {logging_mixin.py:188} INFO - [2026-05-29T19:18:11.074+0000] {dag.py:3834} INFO - Setting next_dagrun for example_branch_datetime_operator to 2026-05-28 00:00:00+00:00, run_after=2026-05-29 00:00:00+00:00
[2026-05-29T19:18:11.080+0000] {logging_mixin.py:188} INFO - [2026-05-29T19:18:11.079+0000] {dag.py:3834} INFO - Setting next_dagrun for example_branch_datetime_operator_2 to 2026-05-28 00:00:00+00:00, run_after=2026-05-29 00:00:00+00:00
[2026-05-29T19:18:11.082+0000] {logging_mixin.py:188} INFO - [2026-05-29T19:18:11.082+0000] {dag.py:3834} INFO - Setting next_dagrun for example_branch_datetime_operator_3 to 2026-05-28 00:00:00+00:00, run_after=2026-05-29 00:00:00+00:00
[2026-05-29T19:18:11.096+0000] {processor.py:183} INFO - Processing /home/airflow/.local/lib/python3.8/site-packages/airflow/example_dags/example_branch_datetime_operator.py took 0.083 seconds
[2026-05-29T19:18:41.896+0000] {processor.py:161} INFO - Started process (PID=380) to work on /home/airflow/.local/lib/python3.8/site-packages/airflow/example_dags/example_branch_datetime_operator.py
[2026-05-29T19:18:41.897+0000] {processor.py:830} INFO - Processing file /home/airflow/.local/lib/python3.8/site-packages/airflow/example_dags/example_branch_datetime_operator.py for tasks to queue
[2026-05-29T19:18:41.899+0000] {logging_mixin.py:188} INFO - [2026-05-29T19:18:41.899+0000] {dagbag.py:540} INFO - Filling up the DagBag from /home/airflow/.local/lib/python3.8/site-packages/airflow/example_dags/example_branch_datetime_operator.py
[2026-05-29T19:18:41.909+0000] {processor.py:840} INFO - DAG(s) 'example_branch_datetime_operator_2', 'example_branch_datetime_operator', 'example_branch_datetime_operator_3' retrieved from /home/airflow/.local/lib/python3.8/site-packages/airflow/example_dags/example_branch_datetime_operator.py
[2026-05-29T19:18:41.941+0000] {logging_mixin.py:188} INFO - [2026-05-29T19:18:41.940+0000] {dag.py:3047} INFO - Sync 3 DAGs
[2026-05-29T19:18:41.964+0000] {logging_mixin.py:188} INFO - [2026-05-29T19:18:41.964+0000] {dag.py:3834} INFO - Setting next_dagrun for example_branch_datetime_operator to 2026-05-28 00:00:00+00:00, run_after=2026-05-29 00:00:00+00:00
[2026-05-29T19:18:41.972+0000] {logging_mixin.py:188} INFO - [2026-05-29T19:18:41.971+0000] {dag.py:3834} INFO - Setting next_dagrun for example_branch_datetime_operator_2 to 2026-05-28 00:00:00+00:00, run_after=2026-05-29 00:00:00+00:00
[2026-05-29T19:18:41.975+0000] {logging_mixin.py:188} INFO - [2026-05-29T19:18:41.975+0000] {dag.py:3834} INFO - Setting next_dagrun for example_branch_datetime_operator_3 to 2026-05-28 00:00:00+00:00, run_after=2026-05-29 00:00:00+00:00
[2026-05-29T19:18:42.003+0000] {processor.py:183} INFO - Processing /home/airflow/.local/lib/python3.8/site-packages/airflow/example_dags/example_branch_datetime_operator.py took 0.110 seconds
[2026-05-29T19:19:12.173+0000] {processor.py:161} INFO - Started process (PID=435) to work on /home/airflow/.local/lib/python3.8/site-packages/airflow/example_dags/example_branch_datetime_operator.py
[2026-05-29T19:19:12.175+0000] {processor.py:830} INFO - Processing file /home/airflow/.local/lib/python3.8/site-packages/airflow/example_dags/example_branch_datetime_operator.py for tasks to queue
[2026-05-29T19:19:12.178+0000] {logging_mixin.py:188} INFO - [2026-05-29T19:19:12.177+0000] {dagbag.py:540} INFO - Filling up the DagBag from /home/airflow/.local/lib/python3.8/site-packages/airflow/example_dags/example_branch_datetime_operator.py
[2026-05-29T19:19:12.187+0000] {processor.py:840} INFO - DAG(s) 'example_branch_datetime_operator_3', 'example_branch_datetime_operator', 'example_branch_datetime_operator_2' retrieved from /home/airflow/.local/lib/python3.8/site-packages/airflow/example_dags/example_branch_datetime_operator.py
[2026-05-29T19:19:12.217+0000] {logging_mixin.py:188} INFO - [2026-05-29T19:19:12.216+0000] {dag.py:3047} INFO - Sync 3 DAGs
[2026-05-29T19:19:12.242+0000] {logging_mixin.py:188} INFO - [2026-05-29T19:19:12.242+0000] {dag.py:3834} INFO - Setting next_dagrun for example_branch_datetime_operator to 2026-05-28 00:00:00+00:00, run_after=2026-05-29 00:00:00+00:00
[2026-05-29T19:19:12.247+0000] {logging_mixin.py:188} INFO - [2026-05-29T19:19:12.247+0000] {dag.py:3834} INFO - Setting next_dagrun for example_branch_datetime_operator_2 to 2026-05-28 00:00:00+00:00, run_after=2026-05-29 00:00:00+00:00
[2026-05-29T19:19:12.253+0000] {logging_mixin.py:188} INFO - [2026-05-29T19:19:12.253+0000] {dag.py:3834} INFO - Setting next_dagrun for example_branch_datetime_operator_3 to 2026-05-28 00:00:00+00:00, run_after=2026-05-29 00:00:00+00:00
[2026-05-29T19:19:12.270+0000] {processor.py:183} INFO - Processing /home/airflow/.local/lib/python3.8/site-packages/airflow/example_dags/example_branch_datetime_operator.py took 0.101 seconds
[2026-05-29T19:19:42.348+0000] {processor.py:161} INFO - Started process (PID=490) to work on /home/airflow/.local/lib/python3.8/site-packages/airflow/example_dags/example_branch_datetime_operator.py
[2026-05-29T19:19:42.350+0000] {processor.py:830} INFO - Processing file /home/airflow/.local/lib/python3.8/site-packages/airflow/example_dags/example_branch_datetime_operator.py for tasks to queue
[2026-05-29T19:19:42.352+0000] {logging_mixin.py:188} INFO - [2026-05-29T19:19:42.352+0000] {dagbag.py:540} INFO - Filling up the DagBag from /home/airflow/.local/lib/python3.8/site-packages/airflow/example_dags/example_branch_datetime_operator.py
[2026-05-29T19:19:42.359+0000] {processor.py:840} INFO - DAG(s) 'example_branch_datetime_operator', 'example_branch_datetime_operator_3', 'example_branch_datetime_operator_2' retrieved from /home/airflow/.local/lib/python3.8/site-packages/airflow/example_dags/example_branch_datetime_operator.py
[2026-05-29T19:19:42.387+0000] {logging_mixin.py:188} INFO - [2026-05-29T19:19:42.387+0000] {dag.py:3047} INFO - Sync 3 DAGs
[2026-05-29T19:19:42.406+0000] {logging_mixin.py:188} INFO - [2026-05-29T19:19:42.406+0000] {dag.py:3834} INFO - Setting next_dagrun for example_branch_datetime_operator to 2026-05-28 00:00:00+00:00, run_after=2026-05-29 00:00:00+00:00
[2026-05-29T19:19:42.412+0000] {logging_mixin.py:188} INFO - [2026-05-29T19:19:42.412+0000] {dag.py:3834} INFO - Setting next_dagrun for example_branch_datetime_operator_2 to 2026-05-28 00:00:00+00:00, run_after=2026-05-29 00:00:00+00:00
[2026-05-29T19:19:42.415+0000] {logging_mixin.py:188} INFO - [2026-05-29T19:19:42.414+0000] {dag.py:3834} INFO - Setting next_dagrun for example_branch_datetime_operator_3 to 2026-05-28 00:00:00+00:00, run_after=2026-05-29 00:00:00+00:00
[2026-05-29T19:19:42.430+0000] {processor.py:183} INFO - Processing /home/airflow/.local/lib/python3.8/site-packages/airflow/example_dags/example_branch_datetime_operator.py took 0.084 seconds
[2026-05-29T19:20:12.941+0000] {processor.py:161} INFO - Started process (PID=545) to work on /home/airflow/.local/lib/python3.8/site-packages/airflow/example_dags/example_branch_datetime_operator.py
[2026-05-29T19:20:12.943+0000] {processor.py:830} INFO - Processing file /home/airflow/.local/lib/python3.8/site-packages/airflow/example_dags/example_branch_datetime_operator.py for tasks to queue
[2026-05-29T19:20:12.945+0000] {logging_mixin.py:188} INFO - [2026-05-29T19:20:12.945+0000] {dagbag.py:540} INFO - Filling up the DagBag from /home/airflow/.local/lib/python3.8/site-packages/airflow/example_dags/example_branch_datetime_operator.py
[2026-05-29T19:20:12.953+0000] {processor.py:840} INFO - DAG(s) 'example_branch_datetime_operator_3', 'example_branch_datetime_operator_2', 'example_branch_datetime_operator' retrieved from /home/airflow/.local/lib/python3.8/site-packages/airflow/example_dags/example_branch_datetime_operator.py
[2026-05-29T19:20:12.980+0000] {logging_mixin.py:188} INFO - [2026-05-29T19:20:12.980+0000] {dag.py:3047} INFO - Sync 3 DAGs
[2026-05-29T19:20:13.000+0000] {logging_mixin.py:188} INFO - [2026-05-29T19:20:13.000+0000] {dag.py:3834} INFO - Setting next_dagrun for example_branch_datetime_operator to 2026-05-28 00:00:00+00:00, run_after=2026-05-29 00:00:00+00:00
[2026-05-29T19:20:13.005+0000] {logging_mixin.py:188} INFO - [2026-05-29T19:20:13.005+0000] {dag.py:3834} INFO - Setting next_dagrun for example_branch_datetime_operator_2 to 2026-05-28 00:00:00+00:00, run_after=2026-05-29 00:00:00+00:00
[2026-05-29T19:20:13.010+0000] {logging_mixin.py:188} INFO - [2026-05-29T19:20:13.009+0000] {dag.py:3834} INFO - Setting next_dagrun for example_branch_datetime_operator_3 to 2026-05-28 00:00:00+00:00, run_after=2026-05-29 00:00:00+00:00
[2026-05-29T19:20:13.029+0000] {processor.py:183} INFO - Processing /home/airflow/.local/lib/python3.8/site-packages/airflow/example_dags/example_branch_datetime_operator.py took 0.091 seconds
[2026-05-29T19:20:43.246+0000] {processor.py:161} INFO - Started process (PID=602) to work on /home/airflow/.local/lib/python3.8/site-packages/airflow/example_dags/example_branch_datetime_operator.py
[2026-05-29T19:20:43.248+0000] {processor.py:830} INFO - Processing file /home/airflow/.local/lib/python3.8/site-packages/airflow/example_dags/example_branch_datetime_operator.py for tasks to queue
[2026-05-29T19:20:43.252+0000] {logging_mixin.py:188} INFO - [2026-05-29T19:20:43.251+0000] {dagbag.py:540} INFO - Filling up the DagBag from /home/airflow/.local/lib/python3.8/site-packages/airflow/example_dags/example_branch_datetime_operator.py
[2026-05-29T19:20:43.273+0000] {processor.py:840} INFO - DAG(s) 'example_branch_datetime_operator_3', 'example_branch_datetime_operator_2', 'example_branch_datetime_operator' retrieved from /home/airflow/.local/lib/python3.8/site-packages/airflow/example_dags/example_branch_datetime_operator.py
[2026-05-29T19:20:43.321+0000] {logging_mixin.py:188} INFO - [2026-05-29T19:20:43.320+0000] {dag.py:3047} INFO - Sync 3 DAGs
[2026-05-29T19:20:43.361+0000] {logging_mixin.py:188} INFO - [2026-05-29T19:20:43.360+0000] {dag.py:3834} INFO - Setting next_dagrun for example_branch_datetime_operator to 2026-05-28 00:00:00+00:00, run_after=2026-05-29 00:00:00+00:00
[2026-05-29T19:20:43.369+0000] {logging_mixin.py:188} INFO - [2026-05-29T19:20:43.369+0000] {dag.py:3834} INFO - Setting next_dagrun for example_branch_datetime_operator_2 to 2026-05-28 00:00:00+00:00, run_after=2026-05-29 00:00:00+00:00
[2026-05-29T19:20:43.374+0000] {logging_mixin.py:188} INFO - [2026-05-29T19:20:43.373+0000] {dag.py:3834} INFO - Setting next_dagrun for example_branch_datetime_operator_3 to 2026-05-28 00:00:00+00:00, run_after=2026-05-29 00:00:00+00:00
[2026-05-29T19:20:43.398+0000] {processor.py:183} INFO - Processing /home/airflow/.local/lib/python3.8/site-packages/airflow/example_dags/example_branch_datetime_operator.py took 0.156 seconds
[2026-05-29T19:21:13.694+0000] {processor.py:161} INFO - Started process (PID=655) to work on /home/airflow/.local/lib/python3.8/site-packages/airflow/example_dags/example_branch_datetime_operator.py
[2026-05-29T19:21:13.695+0000] {processor.py:830} INFO - Processing file /home/airflow/.local/lib/python3.8/site-packages/airflow/example_dags/example_branch_datetime_operator.py for tasks to queue
[2026-05-29T19:21:13.697+0000] {logging_mixin.py:188} INFO - [2026-05-29T19:21:13.697+0000] {dagbag.py:540} INFO - Filling up the DagBag from /home/airflow/.local/lib/python3.8/site-packages/airflow/example_dags/example_branch_datetime_operator.py
[2026-05-29T19:21:13.709+0000] {processor.py:840} INFO - DAG(s) 'example_branch_datetime_operator_2', 'example_branch_datetime_operator', 'example_branch_datetime_operator_3' retrieved from /home/airflow/.local/lib/python3.8/site-packages/airflow/example_dags/example_branch_datetime_operator.py
[2026-05-29T19:21:13.740+0000] {logging_mixin.py:188} INFO - [2026-05-29T19:21:13.740+0000] {dag.py:3047} INFO - Sync 3 DAGs
[2026-05-29T19:21:13.758+0000] {logging_mixin.py:188} INFO - [2026-05-29T19:21:13.758+0000] {dag.py:3834} INFO - Setting next_dagrun for example_branch_datetime_operator to 2026-05-28 00:00:00+00:00, run_after=2026-05-29 00:00:00+00:00
[2026-05-29T19:21:13.763+0000] {logging_mixin.py:188} INFO - [2026-05-29T19:21:13.763+0000] {dag.py:3834} INFO - Setting next_dagrun for example_branch_datetime_operator_2 to 2026-05-28 00:00:00+00:00, run_after=2026-05-29 00:00:00+00:00
[2026-05-29T19:21:13.767+0000] {logging_mixin.py:188} INFO - [2026-05-29T19:21:13.766+0000] {dag.py:3834} INFO - Setting next_dagrun for example_branch_datetime_operator_3 to 2026-05-28 00:00:00+00:00, run_after=2026-05-29 00:00:00+00:00
[2026-05-29T19:21:13.795+0000] {processor.py:183} INFO - Processing /home/airflow/.local/lib/python3.8/site-packages/airflow/example_dags/example_branch_datetime_operator.py took 0.105 seconds
[2026-05-29T19:21:43.848+0000] {processor.py:161} INFO - Started process (PID=711) to work on /home/airflow/.local/lib/python3.8/site-packages/airflow/example_dags/example_branch_datetime_operator.py
[2026-05-29T19:21:43.850+0000] {processor.py:830} INFO - Processing file /home/airflow/.local/lib/python3.8/site-packages/airflow/example_dags/example_branch_datetime_operator.py for tasks to queue
[2026-05-29T19:21:43.855+0000] {logging_mixin.py:188} INFO - [2026-05-29T19:21:43.855+0000] {dagbag.py:540} INFO - Filling up the DagBag from /home/airflow/.local/lib/python3.8/site-packages/airflow/example_dags/example_branch_datetime_operator.py
[2026-05-29T19:21:43.864+0000] {processor.py:840} INFO - DAG(s) 'example_branch_datetime_operator_3', 'example_branch_datetime_operator', 'example_branch_datetime_operator_2' retrieved from /home/airflow/.local/lib/python3.8/site-packages/airflow/example_dags/example_branch_datetime_operator.py
[2026-05-29T19:21:43.888+0000] {logging_mixin.py:188} INFO - [2026-05-29T19:21:43.888+0000] {dag.py:3047} INFO - Sync 3 DAGs
[2026-05-29T19:21:43.913+0000] {logging_mixin.py:188} INFO - [2026-05-29T19:21:43.912+0000] {dag.py:3834} INFO - Setting next_dagrun for example_branch_datetime_operator to 2026-05-28 00:00:00+00:00, run_after=2026-05-29 00:00:00+00:00
[2026-05-29T19:21:43.922+0000] {logging_mixin.py:188} INFO - [2026-05-29T19:21:43.922+0000] {dag.py:3834} INFO - Setting next_dagrun for example_branch_datetime_operator_2 to 2026-05-28 00:00:00+00:00, run_after=2026-05-29 00:00:00+00:00
[2026-05-29T19:21:43.925+0000] {logging_mixin.py:188} INFO - [2026-05-29T19:21:43.925+0000] {dag.py:3834} INFO - Setting next_dagrun for example_branch_datetime_operator_3 to 2026-05-28 00:00:00+00:00, run_after=2026-05-29 00:00:00+00:00
[2026-05-29T19:21:43.942+0000] {processor.py:183} INFO - Processing /home/airflow/.local/lib/python3.8/site-packages/airflow/example_dags/example_branch_datetime_operator.py took 0.098 seconds
[2026-05-29T19:22:14.221+0000] {processor.py:161} INFO - Started process (PID=766) to work on /home/airflow/.local/lib/python3.8/site-packages/airflow/example_dags/example_branch_datetime_operator.py
[2026-05-29T19:22:14.222+0000] {processor.py:830} INFO - Processing file /home/airflow/.local/lib/python3.8/site-packages/airflow/example_dags/example_branch_datetime_operator.py for tasks to queue
[2026-05-29T19:22:14.225+0000] {logging_mixin.py:188} INFO - [2026-05-29T19:22:14.224+0000] {dagbag.py:540} INFO - Filling up the DagBag from /home/airflow/.local/lib/python3.8/site-packages/airflow/example_dags/example_branch_datetime_operator.py
[2026-05-29T19:22:14.238+0000] {processor.py:840} INFO - DAG(s) 'example_branch_datetime_operator', 'example_branch_datetime_operator_3', 'example_branch_datetime_operator_2' retrieved from /home/airflow/.local/lib/python3.8/site-packages/airflow/example_dags/example_branch_datetime_operator.py
[2026-05-29T19:22:14.265+0000] {logging_mixin.py:188} INFO - [2026-05-29T19:22:14.265+0000] {dag.py:3047} INFO - Sync 3 DAGs
[2026-05-29T19:22:14.293+0000] {logging_mixin.py:188} INFO - [2026-05-29T19:22:14.292+0000] {dag.py:3834} INFO - Setting next_dagrun for example_branch_datetime_operator to 2026-05-28 00:00:00+00:00, run_after=2026-05-29 00:00:00+00:00
[2026-05-29T19:22:14.301+0000] {logging_mixin.py:188} INFO - [2026-05-29T19:22:14.301+0000] {dag.py:3834} INFO - Setting next_dagrun for example_branch_datetime_operator_2 to 2026-05-28 00:00:00+00:00, run_after=2026-05-29 00:00:00+00:00
[2026-05-29T19:22:14.306+0000] {logging_mixin.py:188} INFO - [2026-05-29T19:22:14.306+0000] {dag.py:3834} INFO - Setting next_dagrun for example_branch_datetime_operator_3 to 2026-05-28 00:00:00+00:00, run_after=2026-05-29 00:00:00+00:00
[2026-05-29T19:22:14.320+0000] {processor.py:183} INFO - Processing /home/airflow/.local/lib/python3.8/site-packages/airflow/example_dags/example_branch_datetime_operator.py took 0.103 seconds
[2026-05-29T19:22:44.577+0000] {processor.py:161} INFO - Started process (PID=821) to work on /home/airflow/.local/lib/python3.8/site-packages/airflow/example_dags/example_branch_datetime_operator.py
[2026-05-29T19:22:44.578+0000] {processor.py:830} INFO - Processing file /home/airflow/.local/lib/python3.8/site-packages/airflow/example_dags/example_branch_datetime_operator.py for tasks to queue
[2026-05-29T19:22:44.580+0000] {logging_mixin.py:188} INFO - [2026-05-29T19:22:44.579+0000] {dagbag.py:540} INFO - Filling up the DagBag from /home/airflow/.local/lib/python3.8/site-packages/airflow/example_dags/example_branch_datetime_operator.py
[2026-05-29T19:22:44.588+0000] {processor.py:840} INFO - DAG(s) 'example_branch_datetime_operator_2', 'example_branch_datetime_operator', 'example_branch_datetime_operator_3' retrieved from /home/airflow/.local/lib/python3.8/site-packages/airflow/example_dags/example_branch_datetime_operator.py
[2026-05-29T19:22:44.615+0000] {logging_mixin.py:188} INFO - [2026-05-29T19:22:44.615+0000] {dag.py:3047} INFO - Sync 3 DAGs
[2026-05-29T19:22:44.633+0000] {logging_mixin.py:188} INFO - [2026-05-29T19:22:44.633+0000] {dag.py:3834} INFO - Setting next_dagrun for example_branch_datetime_operator to 2026-05-28 00:00:00+00:00, run_after=2026-05-29 00:00:00+00:00
[2026-05-29T19:22:44.638+0000] {logging_mixin.py:188} INFO - [2026-05-29T19:22:44.637+0000] {dag.py:3834} INFO - Setting next_dagrun for example_branch_datetime_operator_2 to 2026-05-28 00:00:00+00:00, run_after=2026-05-29 00:00:00+00:00
[2026-05-29T19:22:44.640+0000] {logging_mixin.py:188} INFO - [2026-05-29T19:22:44.640+0000] {dag.py:3834} INFO - Setting next_dagrun for example_branch_datetime_operator_3 to 2026-05-28 00:00:00+00:00, run_after=2026-05-29 00:00:00+00:00
[2026-05-29T19:22:44.659+0000] {processor.py:183} INFO - Processing /home/airflow/.local/lib/python3.8/site-packages/airflow/example_dags/example_branch_datetime_operator.py took 0.085 seconds
[2026-05-29T19:23:14.743+0000] {processor.py:161} INFO - Started process (PID=876) to work on /home/airflow/.local/lib/python3.8/site-packages/airflow/example_dags/example_branch_datetime_operator.py
[2026-05-29T19:23:14.744+0000] {processor.py:830} INFO - Processing file /home/airflow/.local/lib/python3.8/site-packages/airflow/example_dags/example_branch_datetime_operator.py for tasks to queue
[2026-05-29T19:23:14.746+0000] {logging_mixin.py:188} INFO - [2026-05-29T19:23:14.746+0000] {dagbag.py:540} INFO - Filling up the DagBag from /home/airflow/.local/lib/python3.8/site-packages/airflow/example_dags/example_branch_datetime_operator.py
[2026-05-29T19:23:14.755+0000] {processor.py:840} INFO - DAG(s) 'example_branch_datetime_operator_3', 'example_branch_datetime_operator_2', 'example_branch_datetime_operator' retrieved from /home/airflow/.local/lib/python3.8/site-packages/airflow/example_dags/example_branch_datetime_operator.py
[2026-05-29T19:23:14.780+0000] {logging_mixin.py:188} INFO - [2026-05-29T19:23:14.780+0000] {dag.py:3047} INFO - Sync 3 DAGs
[2026-05-29T19:23:14.800+0000] {logging_mixin.py:188} INFO - [2026-05-29T19:23:14.800+0000] {dag.py:3834} INFO - Setting next_dagrun for example_branch_datetime_operator to 2026-05-28 00:00:00+00:00, run_after=2026-05-29 00:00:00+00:00
[2026-05-29T19:23:14.805+0000] {logging_mixin.py:188} INFO - [2026-05-29T19:23:14.805+0000] {dag.py:3834} INFO - Setting next_dagrun for example_branch_datetime_operator_2 to 2026-05-28 00:00:00+00:00, run_after=2026-05-29 00:00:00+00:00
[2026-05-29T19:23:14.807+0000] {logging_mixin.py:188} INFO - [2026-05-29T19:23:14.807+0000] {dag.py:3834} INFO - Setting next_dagrun for example_branch_datetime_operator_3 to 2026-05-28 00:00:00+00:00, run_after=2026-05-29 00:00:00+00:00
[2026-05-29T19:23:14.827+0000] {processor.py:183} INFO - Processing /home/airflow/.local/lib/python3.8/site-packages/airflow/example_dags/example_branch_datetime_operator.py took 0.088 seconds
[2026-05-29T19:23:45.497+0000] {processor.py:161} INFO - Started process (PID=930) to work on /home/airflow/.local/lib/python3.8/site-packages/airflow/example_dags/example_branch_datetime_operator.py
[2026-05-29T19:23:45.498+0000] {processor.py:830} INFO - Processing file /home/airflow/.local/lib/python3.8/site-packages/airflow/example_dags/example_branch_datetime_operator.py for tasks to queue
[2026-05-29T19:23:45.501+0000] {logging_mixin.py:188} INFO - [2026-05-29T19:23:45.500+0000] {dagbag.py:540} INFO - Filling up the DagBag from /home/airflow/.local/lib/python3.8/site-packages/airflow/example_dags/example_branch_datetime_operator.py
[2026-05-29T19:23:45.509+0000] {processor.py:840} INFO - DAG(s) 'example_branch_datetime_operator_2', 'example_branch_datetime_operator', 'example_branch_datetime_operator_3' retrieved from /home/airflow/.local/lib/python3.8/site-packages/airflow/example_dags/example_branch_datetime_operator.py
[2026-05-29T19:23:45.539+0000] {logging_mixin.py:188} INFO - [2026-05-29T19:23:45.539+0000] {dag.py:3047} INFO - Sync 3 DAGs
[2026-05-29T19:23:45.562+0000] {logging_mixin.py:188} INFO - [2026-05-29T19:23:45.561+0000] {dag.py:3834} INFO - Setting next_dagrun for example_branch_datetime_operator to 2026-05-28 00:00:00+00:00, run_after=2026-05-29 00:00:00+00:00
[2026-05-29T19:23:45.567+0000] {logging_mixin.py:188} INFO - [2026-05-29T19:23:45.567+0000] {dag.py:3834} INFO - Setting next_dagrun for example_branch_datetime_operator_2 to 2026-05-28 00:00:00+00:00, run_after=2026-05-29 00:00:00+00:00
[2026-05-29T19:23:45.570+0000] {logging_mixin.py:188} INFO - [2026-05-29T19:23:45.570+0000] {dag.py:3834} INFO - Setting next_dagrun for example_branch_datetime_operator_3 to 2026-05-28 00:00:00+00:00, run_after=2026-05-29 00:00:00+00:00
[2026-05-29T19:23:45.585+0000] {processor.py:183} INFO - Processing /home/airflow/.local/lib/python3.8/site-packages/airflow/example_dags/example_branch_datetime_operator.py took 0.092 seconds
[2026-05-29T19:24:15.865+0000] {processor.py:161} INFO - Started process (PID=985) to work on /home/airflow/.local/lib/python3.8/site-packages/airflow/example_dags/example_branch_datetime_operator.py
[2026-05-29T19:24:15.866+0000] {processor.py:830} INFO - Processing file /home/airflow/.local/lib/python3.8/site-packages/airflow/example_dags/example_branch_datetime_operator.py for tasks to queue
[2026-05-29T19:24:15.869+0000] {logging_mixin.py:188} INFO - [2026-05-29T19:24:15.868+0000] {dagbag.py:540} INFO - Filling up the DagBag from /home/airflow/.local/lib/python3.8/site-packages/airflow/example_dags/example_branch_datetime_operator.py
[2026-05-29T19:24:15.879+0000] {processor.py:840} INFO - DAG(s) 'example_branch_datetime_operator_2', 'example_branch_datetime_operator_3', 'example_branch_datetime_operator' retrieved from /home/airflow/.local/lib/python3.8/site-packages/airflow/example_dags/example_branch_datetime_operator.py
[2026-05-29T19:24:15.903+0000] {logging_mixin.py:188} INFO - [2026-05-29T19:24:15.903+0000] {dag.py:3047} INFO - Sync 3 DAGs
[2026-05-29T19:24:15.922+0000] {logging_mixin.py:188} INFO - [2026-05-29T19:24:15.922+0000] {dag.py:3834} INFO - Setting next_dagrun for example_branch_datetime_operator to 2026-05-28 00:00:00+00:00, run_after=2026-05-29 00:00:00+00:00
[2026-05-29T19:24:15.929+0000] {logging_mixin.py:188} INFO - [2026-05-29T19:24:15.929+0000] {dag.py:3834} INFO - Setting next_dagrun for example_branch_datetime_operator_2 to 2026-05-28 00:00:00+00:00, run_after=2026-05-29 00:00:00+00:00
[2026-05-29T19:24:15.934+0000] {logging_mixin.py:188} INFO - [2026-05-29T19:24:15.933+0000] {dag.py:3834} INFO - Setting next_dagrun for example_branch_datetime_operator_3 to 2026-05-28 00:00:00+00:00, run_after=2026-05-29 00:00:00+00:00
[2026-05-29T19:24:15.962+0000] {processor.py:183} INFO - Processing /home/airflow/.local/lib/python3.8/site-packages/airflow/example_dags/example_branch_datetime_operator.py took 0.100 seconds
[2026-05-29T19:24:46.222+0000] {processor.py:161} INFO - Started process (PID=1040) to work on /home/airflow/.local/lib/python3.8/site-packages/airflow/example_dags/example_branch_datetime_operator.py
[2026-05-29T19:24:46.224+0000] {processor.py:830} INFO - Processing file /home/airflow/.local/lib/python3.8/site-packages/airflow/example_dags/example_branch_datetime_operator.py for tasks to queue
[2026-05-29T19:24:46.227+0000] {logging_mixin.py:188} INFO - [2026-05-29T19:24:46.226+0000] {dagbag.py:540} INFO - Filling up the DagBag from /home/airflow/.local/lib/python3.8/site-packages/airflow/example_dags/example_branch_datetime_operator.py
[2026-05-29T19:24:46.248+0000] {processor.py:840} INFO - DAG(s) 'example_branch_datetime_operator_2', 'example_branch_datetime_operator', 'example_branch_datetime_operator_3' retrieved from /home/airflow/.local/lib/python3.8/site-packages/airflow/example_dags/example_branch_datetime_operator.py
[2026-05-29T19:24:46.301+0000] {logging_mixin.py:188} INFO - [2026-05-29T19:24:46.301+0000] {dag.py:3047} INFO - Sync 3 DAGs
[2026-05-29T19:24:46.327+0000] {logging_mixin.py:188} INFO - [2026-05-29T19:24:46.327+0000] {dag.py:3834} INFO - Setting next_dagrun for example_branch_datetime_operator to 2026-05-28 00:00:00+00:00, run_after=2026-05-29 00:00:00+00:00
[2026-05-29T19:24:46.333+0000] {logging_mixin.py:188} INFO - [2026-05-29T19:24:46.333+0000] {dag.py:3834} INFO - Setting next_dagrun for example_branch_datetime_operator_2 to 2026-05-28 00:00:00+00:00, run_after=2026-05-29 00:00:00+00:00
[2026-05-29T19:24:46.336+0000] {logging_mixin.py:188} INFO - [2026-05-29T19:24:46.336+0000] {dag.py:3834} INFO - Setting next_dagrun for example_branch_datetime_operator_3 to 2026-05-28 00:00:00+00:00, run_after=2026-05-29 00:00:00+00:00
[2026-05-29T19:24:46.362+0000] {processor.py:183} INFO - Processing /home/airflow/.local/lib/python3.8/site-packages/airflow/example_dags/example_branch_datetime_operator.py took 0.146 seconds
[2026-05-29T19:25:16.652+0000] {processor.py:161} INFO - Started process (PID=1095) to work on /home/airflow/.local/lib/python3.8/site-packages/airflow/example_dags/example_branch_datetime_operator.py
[2026-05-29T19:25:16.653+0000] {processor.py:830} INFO - Processing file /home/airflow/.local/lib/python3.8/site-packages/airflow/example_dags/example_branch_datetime_operator.py for tasks to queue
[2026-05-29T19:25:16.655+0000] {logging_mixin.py:188} INFO - [2026-05-29T19:25:16.654+0000] {dagbag.py:540} INFO - Filling up the DagBag from /home/airflow/.local/lib/python3.8/site-packages/airflow/example_dags/example_branch_datetime_operator.py
[2026-05-29T19:25:16.662+0000] {processor.py:840} INFO - DAG(s) 'example_branch_datetime_operator', 'example_branch_datetime_operator_3', 'example_branch_datetime_operator_2' retrieved from /home/airflow/.local/lib/python3.8/site-packages/airflow/example_dags/example_branch_datetime_operator.py
[2026-05-29T19:25:16.685+0000] {logging_mixin.py:188} INFO - [2026-05-29T19:25:16.685+0000] {dag.py:3047} INFO - Sync 3 DAGs
[2026-05-29T19:25:16.703+0000] {logging_mixin.py:188} INFO - [2026-05-29T19:25:16.703+0000] {dag.py:3834} INFO - Setting next_dagrun for example_branch_datetime_operator to 2026-05-28 00:00:00+00:00, run_after=2026-05-29 00:00:00+00:00
[2026-05-29T19:25:16.707+0000] {logging_mixin.py:188} INFO - [2026-05-29T19:25:16.707+0000] {dag.py:3834} INFO - Setting next_dagrun for example_branch_datetime_operator_2 to 2026-05-28 00:00:00+00:00, run_after=2026-05-29 00:00:00+00:00
[2026-05-29T19:25:16.710+0000] {logging_mixin.py:188} INFO - [2026-05-29T19:25:16.710+0000] {dag.py:3834} INFO - Setting next_dagrun for example_branch_datetime_operator_3 to 2026-05-28 00:00:00+00:00, run_after=2026-05-29 00:00:00+00:00
[2026-05-29T19:25:16.726+0000] {processor.py:183} INFO - Processing /home/airflow/.local/lib/python3.8/site-packages/airflow/example_dags/example_branch_datetime_operator.py took 0.076 seconds
[2026-05-29T19:25:47.391+0000] {processor.py:161} INFO - Started process (PID=1150) to work on /home/airflow/.local/lib/python3.8/site-packages/airflow/example_dags/example_branch_datetime_operator.py
[2026-05-29T19:25:47.393+0000] {processor.py:830} INFO - Processing file /home/airflow/.local/lib/python3.8/site-packages/airflow/example_dags/example_branch_datetime_operator.py for tasks to queue
[2026-05-29T19:25:47.395+0000] {logging_mixin.py:188} INFO - [2026-05-29T19:25:47.394+0000] {dagbag.py:540} INFO - Filling up the DagBag from /home/airflow/.local/lib/python3.8/site-packages/airflow/example_dags/example_branch_datetime_operator.py
[2026-05-29T19:25:47.406+0000] {processor.py:840} INFO - DAG(s) 'example_branch_datetime_operator_2', 'example_branch_datetime_operator_3', 'example_branch_datetime_operator' retrieved from /home/airflow/.local/lib/python3.8/site-packages/airflow/example_dags/example_branch_datetime_operator.py
[2026-05-29T19:25:47.432+0000] {logging_mixin.py:188} INFO - [2026-05-29T19:25:47.432+0000] {dag.py:3047} INFO - Sync 3 DAGs
[2026-05-29T19:25:47.451+0000] {logging_mixin.py:188} INFO - [2026-05-29T19:25:47.451+0000] {dag.py:3834} INFO - Setting next_dagrun for example_branch_datetime_operator to 2026-05-28 00:00:00+00:00, run_after=2026-05-29 00:00:00+00:00
[2026-05-29T19:25:47.456+0000] {logging_mixin.py:188} INFO - [2026-05-29T19:25:47.456+0000] {dag.py:3834} INFO - Setting next_dagrun for example_branch_datetime_operator_2 to 2026-05-28 00:00:00+00:00, run_after=2026-05-29 00:00:00+00:00
[2026-05-29T19:25:47.459+0000] {logging_mixin.py:188} INFO - [2026-05-29T19:25:47.458+0000] {dag.py:3834} INFO - Setting next_dagrun for example_branch_datetime_operator_3 to 2026-05-28 00:00:00+00:00, run_after=2026-05-29 00:00:00+00:00
[2026-05-29T19:25:47.476+0000] {processor.py:183} INFO - Processing /home/airflow/.local/lib/python3.8/site-packages/airflow/example_dags/example_branch_datetime_operator.py took 0.088 seconds
[2026-05-29T19:26:17.729+0000] {processor.py:161} INFO - Started process (PID=1205) to work on /home/airflow/.local/lib/python3.8/site-packages/airflow/example_dags/example_branch_datetime_operator.py
[2026-05-29T19:26:17.732+0000] {processor.py:830} INFO - Processing file /home/airflow/.local/lib/python3.8/site-packages/airflow/example_dags/example_branch_datetime_operator.py for tasks to queue
[2026-05-29T19:26:17.735+0000] {logging_mixin.py:188} INFO - [2026-05-29T19:26:17.735+0000] {dagbag.py:540} INFO - Filling up the DagBag from /home/airflow/.local/lib/python3.8/site-packages/airflow/example_dags/example_branch_datetime_operator.py
[2026-05-29T19:26:17.745+0000] {processor.py:840} INFO - DAG(s) 'example_branch_datetime_operator_2', 'example_branch_datetime_operator_3', 'example_branch_datetime_operator' retrieved from /home/airflow/.local/lib/python3.8/site-packages/airflow/example_dags/example_branch_datetime_operator.py
[2026-05-29T19:26:17.789+0000] {logging_mixin.py:188} INFO - [2026-05-29T19:26:17.789+0000] {dag.py:3047} INFO - Sync 3 DAGs
[2026-05-29T19:26:17.814+0000] {logging_mixin.py:188} INFO - [2026-05-29T19:26:17.814+0000] {dag.py:3834} INFO - Setting next_dagrun for example_branch_datetime_operator to 2026-05-28 00:00:00+00:00, run_after=2026-05-29 00:00:00+00:00
[2026-05-29T19:26:17.820+0000] {logging_mixin.py:188} INFO - [2026-05-29T19:26:17.820+0000] {dag.py:3834} INFO - Setting next_dagrun for example_branch_datetime_operator_2 to 2026-05-28 00:00:00+00:00, run_after=2026-05-29 00:00:00+00:00
[2026-05-29T19:26:17.824+0000] {logging_mixin.py:188} INFO - [2026-05-29T19:26:17.823+0000] {dag.py:3834} INFO - Setting next_dagrun for example_branch_datetime_operator_3 to 2026-05-28 00:00:00+00:00, run_after=2026-05-29 00:00:00+00:00
[2026-05-29T19:26:17.845+0000] {processor.py:183} INFO - Processing /home/airflow/.local/lib/python3.8/site-packages/airflow/example_dags/example_branch_datetime_operator.py took 0.119 seconds
[2026-05-29T19:26:47.940+0000] {processor.py:161} INFO - Started process (PID=1262) to work on /home/airflow/.local/lib/python3.8/site-packages/airflow/example_dags/example_branch_datetime_operator.py
[2026-05-29T19:26:47.941+0000] {processor.py:830} INFO - Processing file /home/airflow/.local/lib/python3.8/site-packages/airflow/example_dags/example_branch_datetime_operator.py for tasks to queue
[2026-05-29T19:26:47.943+0000] {logging_mixin.py:188} INFO - [2026-05-29T19:26:47.943+0000] {dagbag.py:540} INFO - Filling up the DagBag from /home/airflow/.local/lib/python3.8/site-packages/airflow/example_dags/example_branch_datetime_operator.py
[2026-05-29T19:26:47.951+0000] {processor.py:840} INFO - DAG(s) 'example_branch_datetime_operator', 'example_branch_datetime_operator_2', 'example_branch_datetime_operator_3' retrieved from /home/airflow/.local/lib/python3.8/site-packages/airflow/example_dags/example_branch_datetime_operator.py
[2026-05-29T19:26:47.987+0000] {logging_mixin.py:188} INFO - [2026-05-29T19:26:47.986+0000] {dag.py:3047} INFO - Sync 3 DAGs
[2026-05-29T19:26:48.011+0000] {logging_mixin.py:188} INFO - [2026-05-29T19:26:48.011+0000] {dag.py:3834} INFO - Setting next_dagrun for example_branch_datetime_operator to 2026-05-28 00:00:00+00:00, run_after=2026-05-29 00:00:00+00:00
[2026-05-29T19:26:48.017+0000] {logging_mixin.py:188} INFO - [2026-05-29T19:26:48.016+0000] {dag.py:3834} INFO - Setting next_dagrun for example_branch_datetime_operator_2 to 2026-05-28 00:00:00+00:00, run_after=2026-05-29 00:00:00+00:00
[2026-05-29T19:26:48.019+0000] {logging_mixin.py:188} INFO - [2026-05-29T19:26:48.019+0000] {dag.py:3834} INFO - Setting next_dagrun for example_branch_datetime_operator_3 to 2026-05-28 00:00:00+00:00, run_after=2026-05-29 00:00:00+00:00
[2026-05-29T19:26:48.035+0000] {processor.py:183} INFO - Processing /home/airflow/.local/lib/python3.8/site-packages/airflow/example_dags/example_branch_datetime_operator.py took 0.098 seconds
[2026-05-29T19:27:18.520+0000] {processor.py:161} INFO - Started process (PID=1315) to work on /home/airflow/.local/lib/python3.8/site-packages/airflow/example_dags/example_branch_datetime_operator.py
[2026-05-29T19:27:18.522+0000] {processor.py:830} INFO - Processing file /home/airflow/.local/lib/python3.8/site-packages/airflow/example_dags/example_branch_datetime_operator.py for tasks to queue
[2026-05-29T19:27:18.526+0000] {logging_mixin.py:188} INFO - [2026-05-29T19:27:18.526+0000] {dagbag.py:540} INFO - Filling up the DagBag from /home/airflow/.local/lib/python3.8/site-packages/airflow/example_dags/example_branch_datetime_operator.py
[2026-05-29T19:27:18.539+0000] {processor.py:840} INFO - DAG(s) 'example_branch_datetime_operator_2', 'example_branch_datetime_operator', 'example_branch_datetime_operator_3' retrieved from /home/airflow/.local/lib/python3.8/site-packages/airflow/example_dags/example_branch_datetime_operator.py
[2026-05-29T19:27:18.570+0000] {logging_mixin.py:188} INFO - [2026-05-29T19:27:18.570+0000] {dag.py:3047} INFO - Sync 3 DAGs
[2026-05-29T19:27:18.590+0000] {logging_mixin.py:188} INFO - [2026-05-29T19:27:18.590+0000] {dag.py:3834} INFO - Setting next_dagrun for example_branch_datetime_operator to 2026-05-28 00:00:00+00:00, run_after=2026-05-29 00:00:00+00:00
[2026-05-29T19:27:18.594+0000] {logging_mixin.py:188} INFO - [2026-05-29T19:27:18.594+0000] {dag.py:3834} INFO - Setting next_dagrun for example_branch_datetime_operator_2 to 2026-05-28 00:00:00+00:00, run_after=2026-05-29 00:00:00+00:00
[2026-05-29T19:27:18.597+0000] {logging_mixin.py:188} INFO - [2026-05-29T19:27:18.596+0000] {dag.py:3834} INFO - Setting next_dagrun for example_branch_datetime_operator_3 to 2026-05-28 00:00:00+00:00, run_after=2026-05-29 00:00:00+00:00
[2026-05-29T19:27:18.619+0000] {processor.py:183} INFO - Processing /home/airflow/.local/lib/python3.8/site-packages/airflow/example_dags/example_branch_datetime_operator.py took 0.103 seconds
[2026-05-29T19:27:48.785+0000] {processor.py:161} INFO - Started process (PID=1371) to work on /home/airflow/.local/lib/python3.8/site-packages/airflow/example_dags/example_branch_datetime_operator.py
[2026-05-29T19:27:48.787+0000] {processor.py:830} INFO - Processing file /home/airflow/.local/lib/python3.8/site-packages/airflow/example_dags/example_branch_datetime_operator.py for tasks to queue
[2026-05-29T19:27:48.789+0000] {logging_mixin.py:188} INFO - [2026-05-29T19:27:48.789+0000] {dagbag.py:540} INFO - Filling up the DagBag from /home/airflow/.local/lib/python3.8/site-packages/airflow/example_dags/example_branch_datetime_operator.py
[2026-05-29T19:27:48.798+0000] {processor.py:840} INFO - DAG(s) 'example_branch_datetime_operator', 'example_branch_datetime_operator_3', 'example_branch_datetime_operator_2' retrieved from /home/airflow/.local/lib/python3.8/site-packages/airflow/example_dags/example_branch_datetime_operator.py
[2026-05-29T19:27:48.826+0000] {logging_mixin.py:188} INFO - [2026-05-29T19:27:48.826+0000] {dag.py:3047} INFO - Sync 3 DAGs
[2026-05-29T19:27:48.847+0000] {logging_mixin.py:188} INFO - [2026-05-29T19:27:48.847+0000] {dag.py:3834} INFO - Setting next_dagrun for example_branch_datetime_operator to 2026-05-28 00:00:00+00:00, run_after=2026-05-29 00:00:00+00:00
[2026-05-29T19:27:48.854+0000] {logging_mixin.py:188} INFO - [2026-05-29T19:27:48.854+0000] {dag.py:3834} INFO - Setting next_dagrun for example_branch_datetime_operator_2 to 2026-05-28 00:00:00+00:00, run_after=2026-05-29 00:00:00+00:00
[2026-05-29T19:27:48.858+0000] {logging_mixin.py:188} INFO - [2026-05-29T19:27:48.857+0000] {dag.py:3834} INFO - Setting next_dagrun for example_branch_datetime_operator_3 to 2026-05-28 00:00:00+00:00, run_after=2026-05-29 00:00:00+00:00
[2026-05-29T19:27:48.873+0000] {processor.py:183} INFO - Processing /home/airflow/.local/lib/python3.8/site-packages/airflow/example_dags/example_branch_datetime_operator.py took 0.091 seconds
[2026-05-29T19:28:20.172+0000] {processor.py:161} INFO - Started process (PID=1425) to work on /home/airflow/.local/lib/python3.8/site-packages/airflow/example_dags/example_branch_datetime_operator.py
[2026-05-29T19:28:20.173+0000] {processor.py:830} INFO - Processing file /home/airflow/.local/lib/python3.8/site-packages/airflow/example_dags/example_branch_datetime_operator.py for tasks to queue
[2026-05-29T19:28:20.177+0000] {logging_mixin.py:188} INFO - [2026-05-29T19:28:20.176+0000] {dagbag.py:540} INFO - Filling up the DagBag from /home/airflow/.local/lib/python3.8/site-packages/airflow/example_dags/example_branch_datetime_operator.py
[2026-05-29T19:28:20.189+0000] {processor.py:840} INFO - DAG(s) 'example_branch_datetime_operator_3', 'example_branch_datetime_operator_2', 'example_branch_datetime_operator' retrieved from /home/airflow/.local/lib/python3.8/site-packages/airflow/example_dags/example_branch_datetime_operator.py
[2026-05-29T19:28:20.219+0000] {logging_mixin.py:188} INFO - [2026-05-29T19:28:20.219+0000] {dag.py:3047} INFO - Sync 3 DAGs
[2026-05-29T19:28:20.243+0000] {logging_mixin.py:188} INFO - [2026-05-29T19:28:20.243+0000] {dag.py:3834} INFO - Setting next_dagrun for example_branch_datetime_operator to 2026-05-28 00:00:00+00:00, run_after=2026-05-29 00:00:00+00:00
[2026-05-29T19:28:20.252+0000] {logging_mixin.py:188} INFO - [2026-05-29T19:28:20.251+0000] {dag.py:3834} INFO - Setting next_dagrun for example_branch_datetime_operator_2 to 2026-05-28 00:00:00+00:00, run_after=2026-05-29 00:00:00+00:00
[2026-05-29T19:28:20.256+0000] {logging_mixin.py:188} INFO - [2026-05-29T19:28:20.256+0000] {dag.py:3834} INFO - Setting next_dagrun for example_branch_datetime_operator_3 to 2026-05-28 00:00:00+00:00, run_after=2026-05-29 00:00:00+00:00
[2026-05-29T19:28:20.284+0000] {processor.py:183} INFO - Processing /home/airflow/.local/lib/python3.8/site-packages/airflow/example_dags/example_branch_datetime_operator.py took 0.116 seconds
[2026-05-29T19:28:50.737+0000] {processor.py:161} INFO - Started process (PID=1479) to work on /home/airflow/.local/lib/python3.8/site-packages/airflow/example_dags/example_branch_datetime_operator.py
[2026-05-29T19:28:50.739+0000] {processor.py:830} INFO - Processing file /home/airflow/.local/lib/python3.8/site-packages/airflow/example_dags/example_branch_datetime_operator.py for tasks to queue
[2026-05-29T19:28:50.741+0000] {logging_mixin.py:188} INFO - [2026-05-29T19:28:50.740+0000] {dagbag.py:540} INFO - Filling up the DagBag from /home/airflow/.local/lib/python3.8/site-packages/airflow/example_dags/example_branch_datetime_operator.py
[2026-05-29T19:28:50.752+0000] {processor.py:840} INFO - DAG(s) 'example_branch_datetime_operator_3', 'example_branch_datetime_operator_2', 'example_branch_datetime_operator' retrieved from /home/airflow/.local/lib/python3.8/site-packages/airflow/example_dags/example_branch_datetime_operator.py
[2026-05-29T19:28:50.780+0000] {logging_mixin.py:188} INFO - [2026-05-29T19:28:50.780+0000] {dag.py:3047} INFO - Sync 3 DAGs
[2026-05-29T19:28:50.804+0000] {logging_mixin.py:188} INFO - [2026-05-29T19:28:50.804+0000] {dag.py:3834} INFO - Setting next_dagrun for example_branch_datetime_operator to 2026-05-28 00:00:00+00:00, run_after=2026-05-29 00:00:00+00:00
[2026-05-29T19:28:50.810+0000] {logging_mixin.py:188} INFO - [2026-05-29T19:28:50.809+0000] {dag.py:3834} INFO - Setting next_dagrun for example_branch_datetime_operator_2 to 2026-05-28 00:00:00+00:00, run_after=2026-05-29 00:00:00+00:00
[2026-05-29T19:28:50.813+0000] {logging_mixin.py:188} INFO - [2026-05-29T19:28:50.812+0000] {dag.py:3834} INFO - Setting next_dagrun for example_branch_datetime_operator_3 to 2026-05-28 00:00:00+00:00, run_after=2026-05-29 00:00:00+00:00
[2026-05-29T19:28:50.837+0000] {processor.py:183} INFO - Processing /home/airflow/.local/lib/python3.8/site-packages/airflow/example_dags/example_branch_datetime_operator.py took 0.104 seconds
[2026-05-29T19:29:21.652+0000] {processor.py:161} INFO - Started process (PID=1535) to work on /home/airflow/.local/lib/python3.8/site-packages/airflow/example_dags/example_branch_datetime_operator.py
[2026-05-29T19:29:21.654+0000] {processor.py:830} INFO - Processing file /home/airflow/.local/lib/python3.8/site-packages/airflow/example_dags/example_branch_datetime_operator.py for tasks to queue
[2026-05-29T19:29:21.657+0000] {logging_mixin.py:188} INFO - [2026-05-29T19:29:21.657+0000] {dagbag.py:540} INFO - Filling up the DagBag from /home/airflow/.local/lib/python3.8/site-packages/airflow/example_dags/example_branch_datetime_operator.py
[2026-05-29T19:29:21.673+0000] {processor.py:840} INFO - DAG(s) 'example_branch_datetime_operator_3', 'example_branch_datetime_operator', 'example_branch_datetime_operator_2' retrieved from /home/airflow/.local/lib/python3.8/site-packages/airflow/example_dags/example_branch_datetime_operator.py
[2026-05-29T19:29:21.706+0000] {logging_mixin.py:188} INFO - [2026-05-29T19:29:21.706+0000] {dag.py:3047} INFO - Sync 3 DAGs
[2026-05-29T19:29:21.731+0000] {logging_mixin.py:188} INFO - [2026-05-29T19:29:21.731+0000] {dag.py:3834} INFO - Setting next_dagrun for example_branch_datetime_operator to 2026-05-28 00:00:00+00:00, run_after=2026-05-29 00:00:00+00:00
[2026-05-29T19:29:21.740+0000] {logging_mixin.py:188} INFO - [2026-05-29T19:29:21.740+0000] {dag.py:3834} INFO - Setting next_dagrun for example_branch_datetime_operator_2 to 2026-05-28 00:00:00+00:00, run_after=2026-05-29 00:00:00+00:00
[2026-05-29T19:29:21.744+0000] {logging_mixin.py:188} INFO - [2026-05-29T19:29:21.743+0000] {dag.py:3834} INFO - Setting next_dagrun for example_branch_datetime_operator_3 to 2026-05-28 00:00:00+00:00, run_after=2026-05-29 00:00:00+00:00
[2026-05-29T19:29:21.772+0000] {processor.py:183} INFO - Processing /home/airflow/.local/lib/python3.8/site-packages/airflow/example_dags/example_branch_datetime_operator.py took 0.125 seconds
[2026-05-29T19:29:52.229+0000] {processor.py:161} INFO - Started process (PID=1589) to work on /home/airflow/.local/lib/python3.8/site-packages/airflow/example_dags/example_branch_datetime_operator.py
[2026-05-29T19:29:52.230+0000] {processor.py:830} INFO - Processing file /home/airflow/.local/lib/python3.8/site-packages/airflow/example_dags/example_branch_datetime_operator.py for tasks to queue
[2026-05-29T19:29:52.234+0000] {logging_mixin.py:188} INFO - [2026-05-29T19:29:52.233+0000] {dagbag.py:540} INFO - Filling up the DagBag from /home/airflow/.local/lib/python3.8/site-packages/airflow/example_dags/example_branch_datetime_operator.py
[2026-05-29T19:29:52.247+0000] {processor.py:840} INFO - DAG(s) 'example_branch_datetime_operator_2', 'example_branch_datetime_operator', 'example_branch_datetime_operator_3' retrieved from /home/airflow/.local/lib/python3.8/site-packages/airflow/example_dags/example_branch_datetime_operator.py
[2026-05-29T19:29:52.279+0000] {logging_mixin.py:188} INFO - [2026-05-29T19:29:52.279+0000] {dag.py:3047} INFO - Sync 3 DAGs
[2026-05-29T19:29:52.301+0000] {logging_mixin.py:188} INFO - [2026-05-29T19:29:52.301+0000] {dag.py:3834} INFO - Setting next_dagrun for example_branch_datetime_operator to 2026-05-28 00:00:00+00:00, run_after=2026-05-29 00:00:00+00:00
[2026-05-29T19:29:52.307+0000] {logging_mixin.py:188} INFO - [2026-05-29T19:29:52.307+0000] {dag.py:3834} INFO - Setting next_dagrun for example_branch_datetime_operator_2 to 2026-05-28 00:00:00+00:00, run_after=2026-05-29 00:00:00+00:00
[2026-05-29T19:29:52.310+0000] {logging_mixin.py:188} INFO - [2026-05-29T19:29:52.310+0000] {dag.py:3834} INFO - Setting next_dagrun for example_branch_datetime_operator_3 to 2026-05-28 00:00:00+00:00, run_after=2026-05-29 00:00:00+00:00
[2026-05-29T19:29:52.329+0000] {processor.py:183} INFO - Processing /home/airflow/.local/lib/python3.8/site-packages/airflow/example_dags/example_branch_datetime_operator.py took 0.103 seconds
[2026-05-29T19:30:22.364+0000] {processor.py:161} INFO - Started process (PID=1644) to work on /home/airflow/.local/lib/python3.8/site-packages/airflow/example_dags/example_branch_datetime_operator.py
[2026-05-29T19:30:22.365+0000] {processor.py:830} INFO - Processing file /home/airflow/.local/lib/python3.8/site-packages/airflow/example_dags/example_branch_datetime_operator.py for tasks to queue
[2026-05-29T19:30:22.368+0000] {logging_mixin.py:188} INFO - [2026-05-29T19:30:22.367+0000] {dagbag.py:540} INFO - Filling up the DagBag from /home/airflow/.local/lib/python3.8/site-packages/airflow/example_dags/example_branch_datetime_operator.py
[2026-05-29T19:30:22.376+0000] {processor.py:840} INFO - DAG(s) 'example_branch_datetime_operator_2', 'example_branch_datetime_operator', 'example_branch_datetime_operator_3' retrieved from /home/airflow/.local/lib/python3.8/site-packages/airflow/example_dags/example_branch_datetime_operator.py
[2026-05-29T19:30:22.399+0000] {logging_mixin.py:188} INFO - [2026-05-29T19:30:22.398+0000] {dag.py:3047} INFO - Sync 3 DAGs
[2026-05-29T19:30:22.418+0000] {logging_mixin.py:188} INFO - [2026-05-29T19:30:22.418+0000] {dag.py:3834} INFO - Setting next_dagrun for example_branch_datetime_operator to 2026-05-28 00:00:00+00:00, run_after=2026-05-29 00:00:00+00:00
[2026-05-29T19:30:22.423+0000] {logging_mixin.py:188} INFO - [2026-05-29T19:30:22.423+0000] {dag.py:3834} INFO - Setting next_dagrun for example_branch_datetime_operator_2 to 2026-05-28 00:00:00+00:00, run_after=2026-05-29 00:00:00+00:00
[2026-05-29T19:30:22.425+0000] {logging_mixin.py:188} INFO - [2026-05-29T19:30:22.425+0000] {dag.py:3834} INFO - Setting next_dagrun for example_branch_datetime_operator_3 to 2026-05-28 00:00:00+00:00, run_after=2026-05-29 00:00:00+00:00
[2026-05-29T19:30:22.441+0000] {processor.py:183} INFO - Processing /home/airflow/.local/lib/python3.8/site-packages/airflow/example_dags/example_branch_datetime_operator.py took 0.080 seconds
[2026-05-29T19:30:52.556+0000] {processor.py:161} INFO - Started process (PID=1700) to work on /home/airflow/.local/lib/python3.8/site-packages/airflow/example_dags/example_branch_datetime_operator.py
[2026-05-29T19:30:52.557+0000] {processor.py:830} INFO - Processing file /home/airflow/.local/lib/python3.8/site-packages/airflow/example_dags/example_branch_datetime_operator.py for tasks to queue
[2026-05-29T19:30:52.559+0000] {logging_mixin.py:188} INFO - [2026-05-29T19:30:52.559+0000] {dagbag.py:540} INFO - Filling up the DagBag from /home/airflow/.local/lib/python3.8/site-packages/airflow/example_dags/example_branch_datetime_operator.py
[2026-05-29T19:30:52.568+0000] {processor.py:840} INFO - DAG(s) 'example_branch_datetime_operator_3', 'example_branch_datetime_operator_2', 'example_branch_datetime_operator' retrieved from /home/airflow/.local/lib/python3.8/site-packages/airflow/example_dags/example_branch_datetime_operator.py
[2026-05-29T19:30:52.593+0000] {logging_mixin.py:188} INFO - [2026-05-29T19:30:52.593+0000] {dag.py:3047} INFO - Sync 3 DAGs
[2026-05-29T19:30:52.610+0000] {logging_mixin.py:188} INFO - [2026-05-29T19:30:52.610+0000] {dag.py:3834} INFO - Setting next_dagrun for example_branch_datetime_operator to 2026-05-28 00:00:00+00:00, run_after=2026-05-29 00:00:00+00:00
[2026-05-29T19:30:52.615+0000] {logging_mixin.py:188} INFO - [2026-05-29T19:30:52.615+0000] {dag.py:3834} INFO - Setting next_dagrun for example_branch_datetime_operator_2 to 2026-05-28 00:00:00+00:00, run_after=2026-05-29 00:00:00+00:00
[2026-05-29T19:30:52.618+0000] {logging_mixin.py:188} INFO - [2026-05-29T19:30:52.618+0000] {dag.py:3834} INFO - Setting next_dagrun for example_branch_datetime_operator_3 to 2026-05-28 00:00:00+00:00, run_after=2026-05-29 00:00:00+00:00
[2026-05-29T19:30:52.640+0000] {processor.py:183} INFO - Processing /home/airflow/.local/lib/python3.8/site-packages/airflow/example_dags/example_branch_datetime_operator.py took 0.087 seconds
[2026-05-29T19:31:23.435+0000] {processor.py:161} INFO - Started process (PID=1754) to work on /home/airflow/.local/lib/python3.8/site-packages/airflow/example_dags/example_branch_datetime_operator.py
[2026-05-29T19:31:23.437+0000] {processor.py:830} INFO - Processing file /home/airflow/.local/lib/python3.8/site-packages/airflow/example_dags/example_branch_datetime_operator.py for tasks to queue
[2026-05-29T19:31:23.439+0000] {logging_mixin.py:188} INFO - [2026-05-29T19:31:23.439+0000] {dagbag.py:540} INFO - Filling up the DagBag from /home/airflow/.local/lib/python3.8/site-packages/airflow/example_dags/example_branch_datetime_operator.py
[2026-05-29T19:31:23.447+0000] {processor.py:840} INFO - DAG(s) 'example_branch_datetime_operator_3', 'example_branch_datetime_operator_2', 'example_branch_datetime_operator' retrieved from /home/airflow/.local/lib/python3.8/site-packages/airflow/example_dags/example_branch_datetime_operator.py
[2026-05-29T19:31:23.471+0000] {logging_mixin.py:188} INFO - [2026-05-29T19:31:23.471+0000] {dag.py:3047} INFO - Sync 3 DAGs
[2026-05-29T19:31:23.489+0000] {logging_mixin.py:188} INFO - [2026-05-29T19:31:23.489+0000] {dag.py:3834} INFO - Setting next_dagrun for example_branch_datetime_operator to 2026-05-28 00:00:00+00:00, run_after=2026-05-29 00:00:00+00:00
[2026-05-29T19:31:23.493+0000] {logging_mixin.py:188} INFO - [2026-05-29T19:31:23.493+0000] {dag.py:3834} INFO - Setting next_dagrun for example_branch_datetime_operator_2 to 2026-05-28 00:00:00+00:00, run_after=2026-05-29 00:00:00+00:00
[2026-05-29T19:31:23.496+0000] {logging_mixin.py:188} INFO - [2026-05-29T19:31:23.496+0000] {dag.py:3834} INFO - Setting next_dagrun for example_branch_datetime_operator_3 to 2026-05-28 00:00:00+00:00, run_after=2026-05-29 00:00:00+00:00
[2026-05-29T19:31:23.511+0000] {processor.py:183} INFO - Processing /home/airflow/.local/lib/python3.8/site-packages/airflow/example_dags/example_branch_datetime_operator.py took 0.078 seconds
[2026-05-29T19:31:54.370+0000] {processor.py:161} INFO - Started process (PID=1809) to work on /home/airflow/.local/lib/python3.8/site-packages/airflow/example_dags/example_branch_datetime_operator.py
[2026-05-29T19:31:54.371+0000] {processor.py:830} INFO - Processing file /home/airflow/.local/lib/python3.8/site-packages/airflow/example_dags/example_branch_datetime_operator.py for tasks to queue
[2026-05-29T19:31:54.373+0000] {logging_mixin.py:188} INFO - [2026-05-29T19:31:54.373+0000] {dagbag.py:540} INFO - Filling up the DagBag from /home/airflow/.local/lib/python3.8/site-packages/airflow/example_dags/example_branch_datetime_operator.py
[2026-05-29T19:31:54.382+0000] {processor.py:840} INFO - DAG(s) 'example_branch_datetime_operator_2', 'example_branch_datetime_operator_3', 'example_branch_datetime_operator' retrieved from /home/airflow/.local/lib/python3.8/site-packages/airflow/example_dags/example_branch_datetime_operator.py
[2026-05-29T19:31:54.404+0000] {logging_mixin.py:188} INFO - [2026-05-29T19:31:54.404+0000] {dag.py:3047} INFO - Sync 3 DAGs
[2026-05-29T19:31:54.422+0000] {logging_mixin.py:188} INFO - [2026-05-29T19:31:54.422+0000] {dag.py:3834} INFO - Setting next_dagrun for example_branch_datetime_operator to 2026-05-28 00:00:00+00:00, run_after=2026-05-29 00:00:00+00:00
[2026-05-29T19:31:54.427+0000] {logging_mixin.py:188} INFO - [2026-05-29T19:31:54.427+0000] {dag.py:3834} INFO - Setting next_dagrun for example_branch_datetime_operator_2 to 2026-05-28 00:00:00+00:00, run_after=2026-05-29 00:00:00+00:00
[2026-05-29T19:31:54.429+0000] {logging_mixin.py:188} INFO - [2026-05-29T19:31:54.429+0000] {dag.py:3834} INFO - Setting next_dagrun for example_branch_datetime_operator_3 to 2026-05-28 00:00:00+00:00, run_after=2026-05-29 00:00:00+00:00
[2026-05-29T19:31:54.446+0000] {processor.py:183} INFO - Processing /home/airflow/.local/lib/python3.8/site-packages/airflow/example_dags/example_branch_datetime_operator.py took 0.080 seconds
[2026-05-29T19:32:24.676+0000] {processor.py:161} INFO - Started process (PID=1864) to work on /home/airflow/.local/lib/python3.8/site-packages/airflow/example_dags/example_branch_datetime_operator.py
[2026-05-29T19:32:24.677+0000] {processor.py:830} INFO - Processing file /home/airflow/.local/lib/python3.8/site-packages/airflow/example_dags/example_branch_datetime_operator.py for tasks to queue
[2026-05-29T19:32:24.679+0000] {logging_mixin.py:188} INFO - [2026-05-29T19:32:24.679+0000] {dagbag.py:540} INFO - Filling up the DagBag from /home/airflow/.local/lib/python3.8/site-packages/airflow/example_dags/example_branch_datetime_operator.py
[2026-05-29T19:32:24.687+0000] {processor.py:840} INFO - DAG(s) 'example_branch_datetime_operator', 'example_branch_datetime_operator_2', 'example_branch_datetime_operator_3' retrieved from /home/airflow/.local/lib/python3.8/site-packages/airflow/example_dags/example_branch_datetime_operator.py
[2026-05-29T19:32:24.709+0000] {logging_mixin.py:188} INFO - [2026-05-29T19:32:24.709+0000] {dag.py:3047} INFO - Sync 3 DAGs
[2026-05-29T19:32:24.727+0000] {logging_mixin.py:188} INFO - [2026-05-29T19:32:24.727+0000] {dag.py:3834} INFO - Setting next_dagrun for example_branch_datetime_operator to 2026-05-28 00:00:00+00:00, run_after=2026-05-29 00:00:00+00:00
[2026-05-29T19:32:24.731+0000] {logging_mixin.py:188} INFO - [2026-05-29T19:32:24.731+0000] {dag.py:3834} INFO - Setting next_dagrun for example_branch_datetime_operator_2 to 2026-05-28 00:00:00+00:00, run_after=2026-05-29 00:00:00+00:00
[2026-05-29T19:32:24.734+0000] {logging_mixin.py:188} INFO - [2026-05-29T19:32:24.734+0000] {dag.py:3834} INFO - Setting next_dagrun for example_branch_datetime_operator_3 to 2026-05-28 00:00:00+00:00, run_after=2026-05-29 00:00:00+00:00
[2026-05-29T19:32:24.752+0000] {processor.py:183} INFO - Processing /home/airflow/.local/lib/python3.8/site-packages/airflow/example_dags/example_branch_datetime_operator.py took 0.078 seconds
[2026-05-29T19:32:55.123+0000] {processor.py:161} INFO - Started process (PID=1920) to work on /home/airflow/.local/lib/python3.8/site-packages/airflow/example_dags/example_branch_datetime_operator.py
[2026-05-29T19:32:55.125+0000] {processor.py:830} INFO - Processing file /home/airflow/.local/lib/python3.8/site-packages/airflow/example_dags/example_branch_datetime_operator.py for tasks to queue
[2026-05-29T19:32:55.127+0000] {logging_mixin.py:188} INFO - [2026-05-29T19:32:55.127+0000] {dagbag.py:540} INFO - Filling up the DagBag from /home/airflow/.local/lib/python3.8/site-packages/airflow/example_dags/example_branch_datetime_operator.py
[2026-05-29T19:32:55.141+0000] {processor.py:840} INFO - DAG(s) 'example_branch_datetime_operator_2', 'example_branch_datetime_operator_3', 'example_branch_datetime_operator' retrieved from /home/airflow/.local/lib/python3.8/site-packages/airflow/example_dags/example_branch_datetime_operator.py
[2026-05-29T19:32:55.182+0000] {logging_mixin.py:188} INFO - [2026-05-29T19:32:55.182+0000] {dag.py:3047} INFO - Sync 3 DAGs
[2026-05-29T19:32:55.213+0000] {logging_mixin.py:188} INFO - [2026-05-29T19:32:55.213+0000] {dag.py:3834} INFO - Setting next_dagrun for example_branch_datetime_operator to 2026-05-28 00:00:00+00:00, run_after=2026-05-29 00:00:00+00:00
[2026-05-29T19:32:55.218+0000] {logging_mixin.py:188} INFO - [2026-05-29T19:32:55.218+0000] {dag.py:3834} INFO - Setting next_dagrun for example_branch_datetime_operator_2 to 2026-05-28 00:00:00+00:00, run_after=2026-05-29 00:00:00+00:00
[2026-05-29T19:32:55.222+0000] {logging_mixin.py:188} INFO - [2026-05-29T19:32:55.222+0000] {dag.py:3834} INFO - Setting next_dagrun for example_branch_datetime_operator_3 to 2026-05-28 00:00:00+00:00, run_after=2026-05-29 00:00:00+00:00
[2026-05-29T19:32:55.255+0000] {processor.py:183} INFO - Processing /home/airflow/.local/lib/python3.8/site-packages/airflow/example_dags/example_branch_datetime_operator.py took 0.137 seconds
[2026-05-29T19:33:25.647+0000] {processor.py:161} INFO - Started process (PID=1975) to work on /home/airflow/.local/lib/python3.8/site-packages/airflow/example_dags/example_branch_datetime_operator.py
[2026-05-29T19:33:25.648+0000] {processor.py:830} INFO - Processing file /home/airflow/.local/lib/python3.8/site-packages/airflow/example_dags/example_branch_datetime_operator.py for tasks to queue
[2026-05-29T19:33:25.650+0000] {logging_mixin.py:188} INFO - [2026-05-29T19:33:25.650+0000] {dagbag.py:540} INFO - Filling up the DagBag from /home/airflow/.local/lib/python3.8/site-packages/airflow/example_dags/example_branch_datetime_operator.py
[2026-05-29T19:33:25.658+0000] {processor.py:840} INFO - DAG(s) 'example_branch_datetime_operator_2', 'example_branch_datetime_operator', 'example_branch_datetime_operator_3' retrieved from /home/airflow/.local/lib/python3.8/site-packages/airflow/example_dags/example_branch_datetime_operator.py
[2026-05-29T19:33:25.684+0000] {logging_mixin.py:188} INFO - [2026-05-29T19:33:25.684+0000] {dag.py:3047} INFO - Sync 3 DAGs
[2026-05-29T19:33:25.702+0000] {logging_mixin.py:188} INFO - [2026-05-29T19:33:25.702+0000] {dag.py:3834} INFO - Setting next_dagrun for example_branch_datetime_operator to 2026-05-28 00:00:00+00:00, run_after=2026-05-29 00:00:00+00:00
[2026-05-29T19:33:25.706+0000] {logging_mixin.py:188} INFO - [2026-05-29T19:33:25.706+0000] {dag.py:3834} INFO - Setting next_dagrun for example_branch_datetime_operator_2 to 2026-05-28 00:00:00+00:00, run_after=2026-05-29 00:00:00+00:00
[2026-05-29T19:33:25.709+0000] {logging_mixin.py:188} INFO - [2026-05-29T19:33:25.709+0000] {dag.py:3834} INFO - Setting next_dagrun for example_branch_datetime_operator_3 to 2026-05-28 00:00:00+00:00, run_after=2026-05-29 00:00:00+00:00
[2026-05-29T19:33:25.729+0000] {processor.py:183} INFO - Processing /home/airflow/.local/lib/python3.8/site-packages/airflow/example_dags/example_branch_datetime_operator.py took 0.085 seconds
[2026-05-29T19:33:55.795+0000] {processor.py:161} INFO - Started process (PID=2031) to work on /home/airflow/.local/lib/python3.8/site-packages/airflow/example_dags/example_branch_datetime_operator.py
[2026-05-29T19:33:55.796+0000] {processor.py:830} INFO - Processing file /home/airflow/.local/lib/python3.8/site-packages/airflow/example_dags/example_branch_datetime_operator.py for tasks to queue
[2026-05-29T19:33:55.798+0000] {logging_mixin.py:188} INFO - [2026-05-29T19:33:55.798+0000] {dagbag.py:540} INFO - Filling up the DagBag from /home/airflow/.local/lib/python3.8/site-packages/airflow/example_dags/example_branch_datetime_operator.py
[2026-05-29T19:33:55.807+0000] {processor.py:840} INFO - DAG(s) 'example_branch_datetime_operator', 'example_branch_datetime_operator_3', 'example_branch_datetime_operator_2' retrieved from /home/airflow/.local/lib/python3.8/site-packages/airflow/example_dags/example_branch_datetime_operator.py
[2026-05-29T19:33:55.830+0000] {logging_mixin.py:188} INFO - [2026-05-29T19:33:55.830+0000] {dag.py:3047} INFO - Sync 3 DAGs
[2026-05-29T19:33:55.850+0000] {logging_mixin.py:188} INFO - [2026-05-29T19:33:55.850+0000] {dag.py:3834} INFO - Setting next_dagrun for example_branch_datetime_operator to 2026-05-28 00:00:00+00:00, run_after=2026-05-29 00:00:00+00:00
[2026-05-29T19:33:55.855+0000] {logging_mixin.py:188} INFO - [2026-05-29T19:33:55.855+0000] {dag.py:3834} INFO - Setting next_dagrun for example_branch_datetime_operator_2 to 2026-05-28 00:00:00+00:00, run_after=2026-05-29 00:00:00+00:00
[2026-05-29T19:33:55.859+0000] {logging_mixin.py:188} INFO - [2026-05-29T19:33:55.859+0000] {dag.py:3834} INFO - Setting next_dagrun for example_branch_datetime_operator_3 to 2026-05-28 00:00:00+00:00, run_after=2026-05-29 00:00:00+00:00
[2026-05-29T19:33:55.874+0000] {processor.py:183} INFO - Processing /home/airflow/.local/lib/python3.8/site-packages/airflow/example_dags/example_branch_datetime_operator.py took 0.082 seconds
