[2026-05-29T19:16:03.703+0000] {processor.py:161} INFO - Started process (PID=72) to work on /home/airflow/.local/lib/python3.8/site-packages/airflow/example_dags/example_python_decorator.py
[2026-05-29T19:16:03.709+0000] {processor.py:830} INFO - Processing file /home/airflow/.local/lib/python3.8/site-packages/airflow/example_dags/example_python_decorator.py for tasks to queue
[2026-05-29T19:16:03.718+0000] {logging_mixin.py:188} INFO - [2026-05-29T19:16:03.716+0000] {dagbag.py:540} INFO - Filling up the DagBag from /home/airflow/.local/lib/python3.8/site-packages/airflow/example_dags/example_python_decorator.py
[2026-05-29T19:16:03.754+0000] {processor.py:840} INFO - DAG(s) 'example_python_decorator' retrieved from /home/airflow/.local/lib/python3.8/site-packages/airflow/example_dags/example_python_decorator.py
[2026-05-29T19:16:04.029+0000] {logging_mixin.py:188} INFO - [2026-05-29T19:16:04.028+0000] {dag.py:3047} INFO - Sync 1 DAGs
[2026-05-29T19:16:04.063+0000] {logging_mixin.py:188} INFO - [2026-05-29T19:16:04.063+0000] {dag.py:3834} INFO - Setting next_dagrun for example_python_decorator to None, run_after=None
[2026-05-29T19:16:04.114+0000] {processor.py:183} INFO - Processing /home/airflow/.local/lib/python3.8/site-packages/airflow/example_dags/example_python_decorator.py took 0.424 seconds
[2026-05-29T19:16:34.271+0000] {processor.py:161} INFO - Started process (PID=127) to work on /home/airflow/.local/lib/python3.8/site-packages/airflow/example_dags/example_python_decorator.py
[2026-05-29T19:16:34.272+0000] {processor.py:830} INFO - Processing file /home/airflow/.local/lib/python3.8/site-packages/airflow/example_dags/example_python_decorator.py for tasks to queue
[2026-05-29T19:16:34.274+0000] {logging_mixin.py:188} INFO - [2026-05-29T19:16:34.274+0000] {dagbag.py:540} INFO - Filling up the DagBag from /home/airflow/.local/lib/python3.8/site-packages/airflow/example_dags/example_python_decorator.py
[2026-05-29T19:16:34.285+0000] {processor.py:840} INFO - DAG(s) 'example_python_decorator' retrieved from /home/airflow/.local/lib/python3.8/site-packages/airflow/example_dags/example_python_decorator.py
[2026-05-29T19:16:34.306+0000] {logging_mixin.py:188} INFO - [2026-05-29T19:16:34.306+0000] {dag.py:3047} INFO - Sync 1 DAGs
[2026-05-29T19:16:34.316+0000] {logging_mixin.py:188} INFO - [2026-05-29T19:16:34.316+0000] {dag.py:3834} INFO - Setting next_dagrun for example_python_decorator to None, run_after=None
[2026-05-29T19:16:34.336+0000] {processor.py:183} INFO - Processing /home/airflow/.local/lib/python3.8/site-packages/airflow/example_dags/example_python_decorator.py took 0.068 seconds
[2026-05-29T19:17:04.705+0000] {processor.py:161} INFO - Started process (PID=182) to work on /home/airflow/.local/lib/python3.8/site-packages/airflow/example_dags/example_python_decorator.py
[2026-05-29T19:17:04.706+0000] {processor.py:830} INFO - Processing file /home/airflow/.local/lib/python3.8/site-packages/airflow/example_dags/example_python_decorator.py for tasks to queue
[2026-05-29T19:17:04.709+0000] {logging_mixin.py:188} INFO - [2026-05-29T19:17:04.708+0000] {dagbag.py:540} INFO - Filling up the DagBag from /home/airflow/.local/lib/python3.8/site-packages/airflow/example_dags/example_python_decorator.py
[2026-05-29T19:17:04.724+0000] {processor.py:840} INFO - DAG(s) 'example_python_decorator' retrieved from /home/airflow/.local/lib/python3.8/site-packages/airflow/example_dags/example_python_decorator.py
[2026-05-29T19:17:04.752+0000] {logging_mixin.py:188} INFO - [2026-05-29T19:17:04.751+0000] {dag.py:3047} INFO - Sync 1 DAGs
[2026-05-29T19:17:04.765+0000] {logging_mixin.py:188} INFO - [2026-05-29T19:17:04.764+0000] {dag.py:3834} INFO - Setting next_dagrun for example_python_decorator to None, run_after=None
[2026-05-29T19:17:04.793+0000] {processor.py:183} INFO - Processing /home/airflow/.local/lib/python3.8/site-packages/airflow/example_dags/example_python_decorator.py took 0.095 seconds
[2026-05-29T19:17:35.025+0000] {processor.py:161} INFO - Started process (PID=237) to work on /home/airflow/.local/lib/python3.8/site-packages/airflow/example_dags/example_python_decorator.py
[2026-05-29T19:17:35.026+0000] {processor.py:830} INFO - Processing file /home/airflow/.local/lib/python3.8/site-packages/airflow/example_dags/example_python_decorator.py for tasks to queue
[2026-05-29T19:17:35.029+0000] {logging_mixin.py:188} INFO - [2026-05-29T19:17:35.029+0000] {dagbag.py:540} INFO - Filling up the DagBag from /home/airflow/.local/lib/python3.8/site-packages/airflow/example_dags/example_python_decorator.py
[2026-05-29T19:17:35.043+0000] {processor.py:840} INFO - DAG(s) 'example_python_decorator' retrieved from /home/airflow/.local/lib/python3.8/site-packages/airflow/example_dags/example_python_decorator.py
[2026-05-29T19:17:35.071+0000] {logging_mixin.py:188} INFO - [2026-05-29T19:17:35.070+0000] {dag.py:3047} INFO - Sync 1 DAGs
[2026-05-29T19:17:35.083+0000] {logging_mixin.py:188} INFO - [2026-05-29T19:17:35.082+0000] {dag.py:3834} INFO - Setting next_dagrun for example_python_decorator to None, run_after=None
[2026-05-29T19:17:35.107+0000] {processor.py:183} INFO - Processing /home/airflow/.local/lib/python3.8/site-packages/airflow/example_dags/example_python_decorator.py took 0.085 seconds
[2026-05-29T19:18:05.177+0000] {processor.py:161} INFO - Started process (PID=292) to work on /home/airflow/.local/lib/python3.8/site-packages/airflow/example_dags/example_python_decorator.py
[2026-05-29T19:18:05.180+0000] {processor.py:830} INFO - Processing file /home/airflow/.local/lib/python3.8/site-packages/airflow/example_dags/example_python_decorator.py for tasks to queue
[2026-05-29T19:18:05.184+0000] {logging_mixin.py:188} INFO - [2026-05-29T19:18:05.183+0000] {dagbag.py:540} INFO - Filling up the DagBag from /home/airflow/.local/lib/python3.8/site-packages/airflow/example_dags/example_python_decorator.py
[2026-05-29T19:18:05.203+0000] {processor.py:840} INFO - DAG(s) 'example_python_decorator' retrieved from /home/airflow/.local/lib/python3.8/site-packages/airflow/example_dags/example_python_decorator.py
[2026-05-29T19:18:05.225+0000] {logging_mixin.py:188} INFO - [2026-05-29T19:18:05.224+0000] {dag.py:3047} INFO - Sync 1 DAGs
[2026-05-29T19:18:05.235+0000] {logging_mixin.py:188} INFO - [2026-05-29T19:18:05.235+0000] {dag.py:3834} INFO - Setting next_dagrun for example_python_decorator to None, run_after=None
[2026-05-29T19:18:05.253+0000] {processor.py:183} INFO - Processing /home/airflow/.local/lib/python3.8/site-packages/airflow/example_dags/example_python_decorator.py took 0.080 seconds
[2026-05-29T19:18:35.425+0000] {processor.py:161} INFO - Started process (PID=347) to work on /home/airflow/.local/lib/python3.8/site-packages/airflow/example_dags/example_python_decorator.py
[2026-05-29T19:18:35.427+0000] {processor.py:830} INFO - Processing file /home/airflow/.local/lib/python3.8/site-packages/airflow/example_dags/example_python_decorator.py for tasks to queue
[2026-05-29T19:18:35.429+0000] {logging_mixin.py:188} INFO - [2026-05-29T19:18:35.429+0000] {dagbag.py:540} INFO - Filling up the DagBag from /home/airflow/.local/lib/python3.8/site-packages/airflow/example_dags/example_python_decorator.py
[2026-05-29T19:18:35.441+0000] {processor.py:840} INFO - DAG(s) 'example_python_decorator' retrieved from /home/airflow/.local/lib/python3.8/site-packages/airflow/example_dags/example_python_decorator.py
[2026-05-29T19:18:35.462+0000] {logging_mixin.py:188} INFO - [2026-05-29T19:18:35.462+0000] {dag.py:3047} INFO - Sync 1 DAGs
[2026-05-29T19:18:35.475+0000] {logging_mixin.py:188} INFO - [2026-05-29T19:18:35.475+0000] {dag.py:3834} INFO - Setting next_dagrun for example_python_decorator to None, run_after=None
[2026-05-29T19:18:35.501+0000] {processor.py:183} INFO - Processing /home/airflow/.local/lib/python3.8/site-packages/airflow/example_dags/example_python_decorator.py took 0.081 seconds
[2026-05-29T19:19:05.943+0000] {processor.py:161} INFO - Started process (PID=402) to work on /home/airflow/.local/lib/python3.8/site-packages/airflow/example_dags/example_python_decorator.py
[2026-05-29T19:19:05.945+0000] {processor.py:830} INFO - Processing file /home/airflow/.local/lib/python3.8/site-packages/airflow/example_dags/example_python_decorator.py for tasks to queue
[2026-05-29T19:19:05.947+0000] {logging_mixin.py:188} INFO - [2026-05-29T19:19:05.947+0000] {dagbag.py:540} INFO - Filling up the DagBag from /home/airflow/.local/lib/python3.8/site-packages/airflow/example_dags/example_python_decorator.py
[2026-05-29T19:19:05.961+0000] {processor.py:840} INFO - DAG(s) 'example_python_decorator' retrieved from /home/airflow/.local/lib/python3.8/site-packages/airflow/example_dags/example_python_decorator.py
[2026-05-29T19:19:05.992+0000] {logging_mixin.py:188} INFO - [2026-05-29T19:19:05.992+0000] {dag.py:3047} INFO - Sync 1 DAGs
[2026-05-29T19:19:06.006+0000] {logging_mixin.py:188} INFO - [2026-05-29T19:19:06.005+0000] {dag.py:3834} INFO - Setting next_dagrun for example_python_decorator to None, run_after=None
[2026-05-29T19:19:06.025+0000] {processor.py:183} INFO - Processing /home/airflow/.local/lib/python3.8/site-packages/airflow/example_dags/example_python_decorator.py took 0.086 seconds
[2026-05-29T19:19:36.216+0000] {processor.py:161} INFO - Started process (PID=457) to work on /home/airflow/.local/lib/python3.8/site-packages/airflow/example_dags/example_python_decorator.py
[2026-05-29T19:19:36.218+0000] {processor.py:830} INFO - Processing file /home/airflow/.local/lib/python3.8/site-packages/airflow/example_dags/example_python_decorator.py for tasks to queue
[2026-05-29T19:19:36.222+0000] {logging_mixin.py:188} INFO - [2026-05-29T19:19:36.221+0000] {dagbag.py:540} INFO - Filling up the DagBag from /home/airflow/.local/lib/python3.8/site-packages/airflow/example_dags/example_python_decorator.py
[2026-05-29T19:19:36.239+0000] {processor.py:840} INFO - DAG(s) 'example_python_decorator' retrieved from /home/airflow/.local/lib/python3.8/site-packages/airflow/example_dags/example_python_decorator.py
[2026-05-29T19:19:36.270+0000] {logging_mixin.py:188} INFO - [2026-05-29T19:19:36.270+0000] {dag.py:3047} INFO - Sync 1 DAGs
[2026-05-29T19:19:36.284+0000] {logging_mixin.py:188} INFO - [2026-05-29T19:19:36.283+0000] {dag.py:3834} INFO - Setting next_dagrun for example_python_decorator to None, run_after=None
[2026-05-29T19:19:36.319+0000] {processor.py:183} INFO - Processing /home/airflow/.local/lib/python3.8/site-packages/airflow/example_dags/example_python_decorator.py took 0.108 seconds
[2026-05-29T19:20:06.697+0000] {processor.py:161} INFO - Started process (PID=512) to work on /home/airflow/.local/lib/python3.8/site-packages/airflow/example_dags/example_python_decorator.py
[2026-05-29T19:20:06.699+0000] {processor.py:830} INFO - Processing file /home/airflow/.local/lib/python3.8/site-packages/airflow/example_dags/example_python_decorator.py for tasks to queue
[2026-05-29T19:20:06.701+0000] {logging_mixin.py:188} INFO - [2026-05-29T19:20:06.701+0000] {dagbag.py:540} INFO - Filling up the DagBag from /home/airflow/.local/lib/python3.8/site-packages/airflow/example_dags/example_python_decorator.py
[2026-05-29T19:20:06.720+0000] {processor.py:840} INFO - DAG(s) 'example_python_decorator' retrieved from /home/airflow/.local/lib/python3.8/site-packages/airflow/example_dags/example_python_decorator.py
[2026-05-29T19:20:06.759+0000] {logging_mixin.py:188} INFO - [2026-05-29T19:20:06.758+0000] {dag.py:3047} INFO - Sync 1 DAGs
[2026-05-29T19:20:06.774+0000] {logging_mixin.py:188} INFO - [2026-05-29T19:20:06.773+0000] {dag.py:3834} INFO - Setting next_dagrun for example_python_decorator to None, run_after=None
[2026-05-29T19:20:06.803+0000] {processor.py:183} INFO - Processing /home/airflow/.local/lib/python3.8/site-packages/airflow/example_dags/example_python_decorator.py took 0.112 seconds
[2026-05-29T19:20:37.011+0000] {processor.py:161} INFO - Started process (PID=567) to work on /home/airflow/.local/lib/python3.8/site-packages/airflow/example_dags/example_python_decorator.py
[2026-05-29T19:20:37.012+0000] {processor.py:830} INFO - Processing file /home/airflow/.local/lib/python3.8/site-packages/airflow/example_dags/example_python_decorator.py for tasks to queue
[2026-05-29T19:20:37.015+0000] {logging_mixin.py:188} INFO - [2026-05-29T19:20:37.015+0000] {dagbag.py:540} INFO - Filling up the DagBag from /home/airflow/.local/lib/python3.8/site-packages/airflow/example_dags/example_python_decorator.py
[2026-05-29T19:20:37.026+0000] {processor.py:840} INFO - DAG(s) 'example_python_decorator' retrieved from /home/airflow/.local/lib/python3.8/site-packages/airflow/example_dags/example_python_decorator.py
[2026-05-29T19:20:37.048+0000] {logging_mixin.py:188} INFO - [2026-05-29T19:20:37.047+0000] {dag.py:3047} INFO - Sync 1 DAGs
[2026-05-29T19:20:37.058+0000] {logging_mixin.py:188} INFO - [2026-05-29T19:20:37.058+0000] {dag.py:3834} INFO - Setting next_dagrun for example_python_decorator to None, run_after=None
[2026-05-29T19:20:37.076+0000] {processor.py:183} INFO - Processing /home/airflow/.local/lib/python3.8/site-packages/airflow/example_dags/example_python_decorator.py took 0.068 seconds
[2026-05-29T19:21:07.389+0000] {processor.py:161} INFO - Started process (PID=622) to work on /home/airflow/.local/lib/python3.8/site-packages/airflow/example_dags/example_python_decorator.py
[2026-05-29T19:21:07.391+0000] {processor.py:830} INFO - Processing file /home/airflow/.local/lib/python3.8/site-packages/airflow/example_dags/example_python_decorator.py for tasks to queue
[2026-05-29T19:21:07.393+0000] {logging_mixin.py:188} INFO - [2026-05-29T19:21:07.393+0000] {dagbag.py:540} INFO - Filling up the DagBag from /home/airflow/.local/lib/python3.8/site-packages/airflow/example_dags/example_python_decorator.py
[2026-05-29T19:21:07.414+0000] {processor.py:840} INFO - DAG(s) 'example_python_decorator' retrieved from /home/airflow/.local/lib/python3.8/site-packages/airflow/example_dags/example_python_decorator.py
[2026-05-29T19:21:07.444+0000] {logging_mixin.py:188} INFO - [2026-05-29T19:21:07.443+0000] {dag.py:3047} INFO - Sync 1 DAGs
[2026-05-29T19:21:07.455+0000] {logging_mixin.py:188} INFO - [2026-05-29T19:21:07.455+0000] {dag.py:3834} INFO - Setting next_dagrun for example_python_decorator to None, run_after=None
[2026-05-29T19:21:07.472+0000] {processor.py:183} INFO - Processing /home/airflow/.local/lib/python3.8/site-packages/airflow/example_dags/example_python_decorator.py took 0.087 seconds
[2026-05-29T19:21:37.653+0000] {processor.py:161} INFO - Started process (PID=677) to work on /home/airflow/.local/lib/python3.8/site-packages/airflow/example_dags/example_python_decorator.py
[2026-05-29T19:21:37.655+0000] {processor.py:830} INFO - Processing file /home/airflow/.local/lib/python3.8/site-packages/airflow/example_dags/example_python_decorator.py for tasks to queue
[2026-05-29T19:21:37.657+0000] {logging_mixin.py:188} INFO - [2026-05-29T19:21:37.656+0000] {dagbag.py:540} INFO - Filling up the DagBag from /home/airflow/.local/lib/python3.8/site-packages/airflow/example_dags/example_python_decorator.py
[2026-05-29T19:21:37.668+0000] {processor.py:840} INFO - DAG(s) 'example_python_decorator' retrieved from /home/airflow/.local/lib/python3.8/site-packages/airflow/example_dags/example_python_decorator.py
[2026-05-29T19:21:37.695+0000] {logging_mixin.py:188} INFO - [2026-05-29T19:21:37.695+0000] {dag.py:3047} INFO - Sync 1 DAGs
[2026-05-29T19:21:37.706+0000] {logging_mixin.py:188} INFO - [2026-05-29T19:21:37.706+0000] {dag.py:3834} INFO - Setting next_dagrun for example_python_decorator to None, run_after=None
[2026-05-29T19:21:37.722+0000] {processor.py:183} INFO - Processing /home/airflow/.local/lib/python3.8/site-packages/airflow/example_dags/example_python_decorator.py took 0.071 seconds
[2026-05-29T19:22:08.058+0000] {processor.py:161} INFO - Started process (PID=732) to work on /home/airflow/.local/lib/python3.8/site-packages/airflow/example_dags/example_python_decorator.py
[2026-05-29T19:22:08.059+0000] {processor.py:830} INFO - Processing file /home/airflow/.local/lib/python3.8/site-packages/airflow/example_dags/example_python_decorator.py for tasks to queue
[2026-05-29T19:22:08.061+0000] {logging_mixin.py:188} INFO - [2026-05-29T19:22:08.061+0000] {dagbag.py:540} INFO - Filling up the DagBag from /home/airflow/.local/lib/python3.8/site-packages/airflow/example_dags/example_python_decorator.py
[2026-05-29T19:22:08.070+0000] {processor.py:840} INFO - DAG(s) 'example_python_decorator' retrieved from /home/airflow/.local/lib/python3.8/site-packages/airflow/example_dags/example_python_decorator.py
[2026-05-29T19:22:08.089+0000] {logging_mixin.py:188} INFO - [2026-05-29T19:22:08.089+0000] {dag.py:3047} INFO - Sync 1 DAGs
[2026-05-29T19:22:08.098+0000] {logging_mixin.py:188} INFO - [2026-05-29T19:22:08.097+0000] {dag.py:3834} INFO - Setting next_dagrun for example_python_decorator to None, run_after=None
[2026-05-29T19:22:08.118+0000] {processor.py:183} INFO - Processing /home/airflow/.local/lib/python3.8/site-packages/airflow/example_dags/example_python_decorator.py took 0.063 seconds
[2026-05-29T19:22:38.250+0000] {processor.py:161} INFO - Started process (PID=787) to work on /home/airflow/.local/lib/python3.8/site-packages/airflow/example_dags/example_python_decorator.py
[2026-05-29T19:22:38.251+0000] {processor.py:830} INFO - Processing file /home/airflow/.local/lib/python3.8/site-packages/airflow/example_dags/example_python_decorator.py for tasks to queue
[2026-05-29T19:22:38.253+0000] {logging_mixin.py:188} INFO - [2026-05-29T19:22:38.253+0000] {dagbag.py:540} INFO - Filling up the DagBag from /home/airflow/.local/lib/python3.8/site-packages/airflow/example_dags/example_python_decorator.py
[2026-05-29T19:22:38.265+0000] {processor.py:840} INFO - DAG(s) 'example_python_decorator' retrieved from /home/airflow/.local/lib/python3.8/site-packages/airflow/example_dags/example_python_decorator.py
[2026-05-29T19:22:38.284+0000] {logging_mixin.py:188} INFO - [2026-05-29T19:22:38.284+0000] {dag.py:3047} INFO - Sync 1 DAGs
[2026-05-29T19:22:38.294+0000] {logging_mixin.py:188} INFO - [2026-05-29T19:22:38.294+0000] {dag.py:3834} INFO - Setting next_dagrun for example_python_decorator to None, run_after=None
[2026-05-29T19:22:38.311+0000] {processor.py:183} INFO - Processing /home/airflow/.local/lib/python3.8/site-packages/airflow/example_dags/example_python_decorator.py took 0.065 seconds
[2026-05-29T19:23:08.441+0000] {processor.py:161} INFO - Started process (PID=842) to work on /home/airflow/.local/lib/python3.8/site-packages/airflow/example_dags/example_python_decorator.py
[2026-05-29T19:23:08.442+0000] {processor.py:830} INFO - Processing file /home/airflow/.local/lib/python3.8/site-packages/airflow/example_dags/example_python_decorator.py for tasks to queue
[2026-05-29T19:23:08.445+0000] {logging_mixin.py:188} INFO - [2026-05-29T19:23:08.444+0000] {dagbag.py:540} INFO - Filling up the DagBag from /home/airflow/.local/lib/python3.8/site-packages/airflow/example_dags/example_python_decorator.py
[2026-05-29T19:23:08.456+0000] {processor.py:840} INFO - DAG(s) 'example_python_decorator' retrieved from /home/airflow/.local/lib/python3.8/site-packages/airflow/example_dags/example_python_decorator.py
[2026-05-29T19:23:08.478+0000] {logging_mixin.py:188} INFO - [2026-05-29T19:23:08.477+0000] {dag.py:3047} INFO - Sync 1 DAGs
[2026-05-29T19:23:08.487+0000] {logging_mixin.py:188} INFO - [2026-05-29T19:23:08.487+0000] {dag.py:3834} INFO - Setting next_dagrun for example_python_decorator to None, run_after=None
[2026-05-29T19:23:08.502+0000] {processor.py:183} INFO - Processing /home/airflow/.local/lib/python3.8/site-packages/airflow/example_dags/example_python_decorator.py took 0.064 seconds
[2026-05-29T19:23:38.566+0000] {processor.py:161} INFO - Started process (PID=897) to work on /home/airflow/.local/lib/python3.8/site-packages/airflow/example_dags/example_python_decorator.py
[2026-05-29T19:23:38.568+0000] {processor.py:830} INFO - Processing file /home/airflow/.local/lib/python3.8/site-packages/airflow/example_dags/example_python_decorator.py for tasks to queue
[2026-05-29T19:23:38.571+0000] {logging_mixin.py:188} INFO - [2026-05-29T19:23:38.571+0000] {dagbag.py:540} INFO - Filling up the DagBag from /home/airflow/.local/lib/python3.8/site-packages/airflow/example_dags/example_python_decorator.py
[2026-05-29T19:23:38.582+0000] {processor.py:840} INFO - DAG(s) 'example_python_decorator' retrieved from /home/airflow/.local/lib/python3.8/site-packages/airflow/example_dags/example_python_decorator.py
[2026-05-29T19:23:38.605+0000] {logging_mixin.py:188} INFO - [2026-05-29T19:23:38.605+0000] {dag.py:3047} INFO - Sync 1 DAGs
[2026-05-29T19:23:38.616+0000] {logging_mixin.py:188} INFO - [2026-05-29T19:23:38.616+0000] {dag.py:3834} INFO - Setting next_dagrun for example_python_decorator to None, run_after=None
[2026-05-29T19:23:38.639+0000] {processor.py:183} INFO - Processing /home/airflow/.local/lib/python3.8/site-packages/airflow/example_dags/example_python_decorator.py took 0.078 seconds
[2026-05-29T19:24:08.729+0000] {processor.py:161} INFO - Started process (PID=951) to work on /home/airflow/.local/lib/python3.8/site-packages/airflow/example_dags/example_python_decorator.py
[2026-05-29T19:24:08.730+0000] {processor.py:830} INFO - Processing file /home/airflow/.local/lib/python3.8/site-packages/airflow/example_dags/example_python_decorator.py for tasks to queue
[2026-05-29T19:24:08.732+0000] {logging_mixin.py:188} INFO - [2026-05-29T19:24:08.731+0000] {dagbag.py:540} INFO - Filling up the DagBag from /home/airflow/.local/lib/python3.8/site-packages/airflow/example_dags/example_python_decorator.py
[2026-05-29T19:24:08.741+0000] {processor.py:840} INFO - DAG(s) 'example_python_decorator' retrieved from /home/airflow/.local/lib/python3.8/site-packages/airflow/example_dags/example_python_decorator.py
[2026-05-29T19:24:08.759+0000] {logging_mixin.py:188} INFO - [2026-05-29T19:24:08.759+0000] {dag.py:3047} INFO - Sync 1 DAGs
[2026-05-29T19:24:08.768+0000] {logging_mixin.py:188} INFO - [2026-05-29T19:24:08.768+0000] {dag.py:3834} INFO - Setting next_dagrun for example_python_decorator to None, run_after=None
[2026-05-29T19:24:08.787+0000] {processor.py:183} INFO - Processing /home/airflow/.local/lib/python3.8/site-packages/airflow/example_dags/example_python_decorator.py took 0.061 seconds
[2026-05-29T19:24:39.065+0000] {processor.py:161} INFO - Started process (PID=1006) to work on /home/airflow/.local/lib/python3.8/site-packages/airflow/example_dags/example_python_decorator.py
[2026-05-29T19:24:39.066+0000] {processor.py:830} INFO - Processing file /home/airflow/.local/lib/python3.8/site-packages/airflow/example_dags/example_python_decorator.py for tasks to queue
[2026-05-29T19:24:39.068+0000] {logging_mixin.py:188} INFO - [2026-05-29T19:24:39.068+0000] {dagbag.py:540} INFO - Filling up the DagBag from /home/airflow/.local/lib/python3.8/site-packages/airflow/example_dags/example_python_decorator.py
[2026-05-29T19:24:39.079+0000] {processor.py:840} INFO - DAG(s) 'example_python_decorator' retrieved from /home/airflow/.local/lib/python3.8/site-packages/airflow/example_dags/example_python_decorator.py
[2026-05-29T19:24:39.097+0000] {logging_mixin.py:188} INFO - [2026-05-29T19:24:39.097+0000] {dag.py:3047} INFO - Sync 1 DAGs
[2026-05-29T19:24:39.107+0000] {logging_mixin.py:188} INFO - [2026-05-29T19:24:39.107+0000] {dag.py:3834} INFO - Setting next_dagrun for example_python_decorator to None, run_after=None
[2026-05-29T19:24:39.129+0000] {processor.py:183} INFO - Processing /home/airflow/.local/lib/python3.8/site-packages/airflow/example_dags/example_python_decorator.py took 0.067 seconds
[2026-05-29T19:25:09.414+0000] {processor.py:161} INFO - Started process (PID=1061) to work on /home/airflow/.local/lib/python3.8/site-packages/airflow/example_dags/example_python_decorator.py
[2026-05-29T19:25:09.415+0000] {processor.py:830} INFO - Processing file /home/airflow/.local/lib/python3.8/site-packages/airflow/example_dags/example_python_decorator.py for tasks to queue
[2026-05-29T19:25:09.417+0000] {logging_mixin.py:188} INFO - [2026-05-29T19:25:09.417+0000] {dagbag.py:540} INFO - Filling up the DagBag from /home/airflow/.local/lib/python3.8/site-packages/airflow/example_dags/example_python_decorator.py
[2026-05-29T19:25:09.427+0000] {processor.py:840} INFO - DAG(s) 'example_python_decorator' retrieved from /home/airflow/.local/lib/python3.8/site-packages/airflow/example_dags/example_python_decorator.py
[2026-05-29T19:25:09.445+0000] {logging_mixin.py:188} INFO - [2026-05-29T19:25:09.445+0000] {dag.py:3047} INFO - Sync 1 DAGs
[2026-05-29T19:25:09.455+0000] {logging_mixin.py:188} INFO - [2026-05-29T19:25:09.455+0000] {dag.py:3834} INFO - Setting next_dagrun for example_python_decorator to None, run_after=None
[2026-05-29T19:25:09.483+0000] {processor.py:183} INFO - Processing /home/airflow/.local/lib/python3.8/site-packages/airflow/example_dags/example_python_decorator.py took 0.072 seconds
[2026-05-29T19:25:40.226+0000] {processor.py:161} INFO - Started process (PID=1117) to work on /home/airflow/.local/lib/python3.8/site-packages/airflow/example_dags/example_python_decorator.py
[2026-05-29T19:25:40.227+0000] {processor.py:830} INFO - Processing file /home/airflow/.local/lib/python3.8/site-packages/airflow/example_dags/example_python_decorator.py for tasks to queue
[2026-05-29T19:25:40.230+0000] {logging_mixin.py:188} INFO - [2026-05-29T19:25:40.230+0000] {dagbag.py:540} INFO - Filling up the DagBag from /home/airflow/.local/lib/python3.8/site-packages/airflow/example_dags/example_python_decorator.py
[2026-05-29T19:25:40.246+0000] {processor.py:840} INFO - DAG(s) 'example_python_decorator' retrieved from /home/airflow/.local/lib/python3.8/site-packages/airflow/example_dags/example_python_decorator.py
[2026-05-29T19:25:40.275+0000] {logging_mixin.py:188} INFO - [2026-05-29T19:25:40.275+0000] {dag.py:3047} INFO - Sync 1 DAGs
[2026-05-29T19:25:40.289+0000] {logging_mixin.py:188} INFO - [2026-05-29T19:25:40.288+0000] {dag.py:3834} INFO - Setting next_dagrun for example_python_decorator to None, run_after=None
[2026-05-29T19:25:40.316+0000] {processor.py:183} INFO - Processing /home/airflow/.local/lib/python3.8/site-packages/airflow/example_dags/example_python_decorator.py took 0.094 seconds
[2026-05-29T19:26:10.438+0000] {processor.py:161} INFO - Started process (PID=1172) to work on /home/airflow/.local/lib/python3.8/site-packages/airflow/example_dags/example_python_decorator.py
[2026-05-29T19:26:10.439+0000] {processor.py:830} INFO - Processing file /home/airflow/.local/lib/python3.8/site-packages/airflow/example_dags/example_python_decorator.py for tasks to queue
[2026-05-29T19:26:10.441+0000] {logging_mixin.py:188} INFO - [2026-05-29T19:26:10.441+0000] {dagbag.py:540} INFO - Filling up the DagBag from /home/airflow/.local/lib/python3.8/site-packages/airflow/example_dags/example_python_decorator.py
[2026-05-29T19:26:10.455+0000] {processor.py:840} INFO - DAG(s) 'example_python_decorator' retrieved from /home/airflow/.local/lib/python3.8/site-packages/airflow/example_dags/example_python_decorator.py
[2026-05-29T19:26:10.484+0000] {logging_mixin.py:188} INFO - [2026-05-29T19:26:10.484+0000] {dag.py:3047} INFO - Sync 1 DAGs
[2026-05-29T19:26:10.495+0000] {logging_mixin.py:188} INFO - [2026-05-29T19:26:10.494+0000] {dag.py:3834} INFO - Setting next_dagrun for example_python_decorator to None, run_after=None
[2026-05-29T19:26:10.513+0000] {processor.py:183} INFO - Processing /home/airflow/.local/lib/python3.8/site-packages/airflow/example_dags/example_python_decorator.py took 0.078 seconds
[2026-05-29T19:26:40.862+0000] {processor.py:161} INFO - Started process (PID=1227) to work on /home/airflow/.local/lib/python3.8/site-packages/airflow/example_dags/example_python_decorator.py
[2026-05-29T19:26:40.864+0000] {processor.py:830} INFO - Processing file /home/airflow/.local/lib/python3.8/site-packages/airflow/example_dags/example_python_decorator.py for tasks to queue
[2026-05-29T19:26:40.866+0000] {logging_mixin.py:188} INFO - [2026-05-29T19:26:40.865+0000] {dagbag.py:540} INFO - Filling up the DagBag from /home/airflow/.local/lib/python3.8/site-packages/airflow/example_dags/example_python_decorator.py
[2026-05-29T19:26:40.878+0000] {processor.py:840} INFO - DAG(s) 'example_python_decorator' retrieved from /home/airflow/.local/lib/python3.8/site-packages/airflow/example_dags/example_python_decorator.py
[2026-05-29T19:26:40.896+0000] {logging_mixin.py:188} INFO - [2026-05-29T19:26:40.895+0000] {dag.py:3047} INFO - Sync 1 DAGs
[2026-05-29T19:26:40.905+0000] {logging_mixin.py:188} INFO - [2026-05-29T19:26:40.905+0000] {dag.py:3834} INFO - Setting next_dagrun for example_python_decorator to None, run_after=None
[2026-05-29T19:26:40.919+0000] {processor.py:183} INFO - Processing /home/airflow/.local/lib/python3.8/site-packages/airflow/example_dags/example_python_decorator.py took 0.059 seconds
[2026-05-29T19:27:11.872+0000] {processor.py:161} INFO - Started process (PID=1282) to work on /home/airflow/.local/lib/python3.8/site-packages/airflow/example_dags/example_python_decorator.py
[2026-05-29T19:27:11.874+0000] {processor.py:830} INFO - Processing file /home/airflow/.local/lib/python3.8/site-packages/airflow/example_dags/example_python_decorator.py for tasks to queue
[2026-05-29T19:27:11.879+0000] {logging_mixin.py:188} INFO - [2026-05-29T19:27:11.878+0000] {dagbag.py:540} INFO - Filling up the DagBag from /home/airflow/.local/lib/python3.8/site-packages/airflow/example_dags/example_python_decorator.py
[2026-05-29T19:27:11.893+0000] {processor.py:840} INFO - DAG(s) 'example_python_decorator' retrieved from /home/airflow/.local/lib/python3.8/site-packages/airflow/example_dags/example_python_decorator.py
[2026-05-29T19:27:11.913+0000] {logging_mixin.py:188} INFO - [2026-05-29T19:27:11.913+0000] {dag.py:3047} INFO - Sync 1 DAGs
[2026-05-29T19:27:11.930+0000] {logging_mixin.py:188} INFO - [2026-05-29T19:27:11.929+0000] {dag.py:3834} INFO - Setting next_dagrun for example_python_decorator to None, run_after=None
[2026-05-29T19:27:11.971+0000] {processor.py:183} INFO - Processing /home/airflow/.local/lib/python3.8/site-packages/airflow/example_dags/example_python_decorator.py took 0.103 seconds
[2026-05-29T19:27:42.743+0000] {processor.py:161} INFO - Started process (PID=1337) to work on /home/airflow/.local/lib/python3.8/site-packages/airflow/example_dags/example_python_decorator.py
[2026-05-29T19:27:42.745+0000] {processor.py:830} INFO - Processing file /home/airflow/.local/lib/python3.8/site-packages/airflow/example_dags/example_python_decorator.py for tasks to queue
[2026-05-29T19:27:42.754+0000] {logging_mixin.py:188} INFO - [2026-05-29T19:27:42.751+0000] {dagbag.py:540} INFO - Filling up the DagBag from /home/airflow/.local/lib/python3.8/site-packages/airflow/example_dags/example_python_decorator.py
[2026-05-29T19:27:42.796+0000] {processor.py:840} INFO - DAG(s) 'example_python_decorator' retrieved from /home/airflow/.local/lib/python3.8/site-packages/airflow/example_dags/example_python_decorator.py
[2026-05-29T19:27:42.849+0000] {logging_mixin.py:188} INFO - [2026-05-29T19:27:42.848+0000] {dag.py:3047} INFO - Sync 1 DAGs
[2026-05-29T19:27:42.886+0000] {logging_mixin.py:188} INFO - [2026-05-29T19:27:42.885+0000] {dag.py:3834} INFO - Setting next_dagrun for example_python_decorator to None, run_after=None
[2026-05-29T19:27:42.929+0000] {processor.py:183} INFO - Processing /home/airflow/.local/lib/python3.8/site-packages/airflow/example_dags/example_python_decorator.py took 0.191 seconds
[2026-05-29T19:28:13.724+0000] {processor.py:161} INFO - Started process (PID=1392) to work on /home/airflow/.local/lib/python3.8/site-packages/airflow/example_dags/example_python_decorator.py
[2026-05-29T19:28:13.727+0000] {processor.py:830} INFO - Processing file /home/airflow/.local/lib/python3.8/site-packages/airflow/example_dags/example_python_decorator.py for tasks to queue
[2026-05-29T19:28:13.730+0000] {logging_mixin.py:188} INFO - [2026-05-29T19:28:13.729+0000] {dagbag.py:540} INFO - Filling up the DagBag from /home/airflow/.local/lib/python3.8/site-packages/airflow/example_dags/example_python_decorator.py
[2026-05-29T19:28:13.740+0000] {processor.py:840} INFO - DAG(s) 'example_python_decorator' retrieved from /home/airflow/.local/lib/python3.8/site-packages/airflow/example_dags/example_python_decorator.py
[2026-05-29T19:28:13.763+0000] {logging_mixin.py:188} INFO - [2026-05-29T19:28:13.762+0000] {dag.py:3047} INFO - Sync 1 DAGs
[2026-05-29T19:28:13.774+0000] {logging_mixin.py:188} INFO - [2026-05-29T19:28:13.774+0000] {dag.py:3834} INFO - Setting next_dagrun for example_python_decorator to None, run_after=None
[2026-05-29T19:28:13.801+0000] {processor.py:183} INFO - Processing /home/airflow/.local/lib/python3.8/site-packages/airflow/example_dags/example_python_decorator.py took 0.081 seconds
[2026-05-29T19:28:44.125+0000] {processor.py:161} INFO - Started process (PID=1446) to work on /home/airflow/.local/lib/python3.8/site-packages/airflow/example_dags/example_python_decorator.py
[2026-05-29T19:28:44.126+0000] {processor.py:830} INFO - Processing file /home/airflow/.local/lib/python3.8/site-packages/airflow/example_dags/example_python_decorator.py for tasks to queue
[2026-05-29T19:28:44.128+0000] {logging_mixin.py:188} INFO - [2026-05-29T19:28:44.128+0000] {dagbag.py:540} INFO - Filling up the DagBag from /home/airflow/.local/lib/python3.8/site-packages/airflow/example_dags/example_python_decorator.py
[2026-05-29T19:28:44.139+0000] {processor.py:840} INFO - DAG(s) 'example_python_decorator' retrieved from /home/airflow/.local/lib/python3.8/site-packages/airflow/example_dags/example_python_decorator.py
[2026-05-29T19:28:44.175+0000] {logging_mixin.py:188} INFO - [2026-05-29T19:28:44.175+0000] {dag.py:3047} INFO - Sync 1 DAGs
[2026-05-29T19:28:44.187+0000] {logging_mixin.py:188} INFO - [2026-05-29T19:28:44.186+0000] {dag.py:3834} INFO - Setting next_dagrun for example_python_decorator to None, run_after=None
[2026-05-29T19:28:44.208+0000] {processor.py:183} INFO - Processing /home/airflow/.local/lib/python3.8/site-packages/airflow/example_dags/example_python_decorator.py took 0.087 seconds
[2026-05-29T19:29:14.679+0000] {processor.py:161} INFO - Started process (PID=1501) to work on /home/airflow/.local/lib/python3.8/site-packages/airflow/example_dags/example_python_decorator.py
[2026-05-29T19:29:14.682+0000] {processor.py:830} INFO - Processing file /home/airflow/.local/lib/python3.8/site-packages/airflow/example_dags/example_python_decorator.py for tasks to queue
[2026-05-29T19:29:14.686+0000] {logging_mixin.py:188} INFO - [2026-05-29T19:29:14.685+0000] {dagbag.py:540} INFO - Filling up the DagBag from /home/airflow/.local/lib/python3.8/site-packages/airflow/example_dags/example_python_decorator.py
[2026-05-29T19:29:14.697+0000] {processor.py:840} INFO - DAG(s) 'example_python_decorator' retrieved from /home/airflow/.local/lib/python3.8/site-packages/airflow/example_dags/example_python_decorator.py
[2026-05-29T19:29:14.717+0000] {logging_mixin.py:188} INFO - [2026-05-29T19:29:14.717+0000] {dag.py:3047} INFO - Sync 1 DAGs
[2026-05-29T19:29:14.728+0000] {logging_mixin.py:188} INFO - [2026-05-29T19:29:14.727+0000] {dag.py:3834} INFO - Setting next_dagrun for example_python_decorator to None, run_after=None
[2026-05-29T19:29:14.746+0000] {processor.py:183} INFO - Processing /home/airflow/.local/lib/python3.8/site-packages/airflow/example_dags/example_python_decorator.py took 0.071 seconds
[2026-05-29T19:29:45.059+0000] {processor.py:161} INFO - Started process (PID=1556) to work on /home/airflow/.local/lib/python3.8/site-packages/airflow/example_dags/example_python_decorator.py
[2026-05-29T19:29:45.060+0000] {processor.py:830} INFO - Processing file /home/airflow/.local/lib/python3.8/site-packages/airflow/example_dags/example_python_decorator.py for tasks to queue
[2026-05-29T19:29:45.063+0000] {logging_mixin.py:188} INFO - [2026-05-29T19:29:45.062+0000] {dagbag.py:540} INFO - Filling up the DagBag from /home/airflow/.local/lib/python3.8/site-packages/airflow/example_dags/example_python_decorator.py
[2026-05-29T19:29:45.075+0000] {processor.py:840} INFO - DAG(s) 'example_python_decorator' retrieved from /home/airflow/.local/lib/python3.8/site-packages/airflow/example_dags/example_python_decorator.py
[2026-05-29T19:29:45.095+0000] {logging_mixin.py:188} INFO - [2026-05-29T19:29:45.095+0000] {dag.py:3047} INFO - Sync 1 DAGs
[2026-05-29T19:29:45.111+0000] {logging_mixin.py:188} INFO - [2026-05-29T19:29:45.111+0000] {dag.py:3834} INFO - Setting next_dagrun for example_python_decorator to None, run_after=None
[2026-05-29T19:29:45.142+0000] {processor.py:183} INFO - Processing /home/airflow/.local/lib/python3.8/site-packages/airflow/example_dags/example_python_decorator.py took 0.087 seconds
[2026-05-29T19:30:15.462+0000] {processor.py:161} INFO - Started process (PID=1611) to work on /home/airflow/.local/lib/python3.8/site-packages/airflow/example_dags/example_python_decorator.py
[2026-05-29T19:30:15.463+0000] {processor.py:830} INFO - Processing file /home/airflow/.local/lib/python3.8/site-packages/airflow/example_dags/example_python_decorator.py for tasks to queue
[2026-05-29T19:30:15.466+0000] {logging_mixin.py:188} INFO - [2026-05-29T19:30:15.466+0000] {dagbag.py:540} INFO - Filling up the DagBag from /home/airflow/.local/lib/python3.8/site-packages/airflow/example_dags/example_python_decorator.py
[2026-05-29T19:30:15.476+0000] {processor.py:840} INFO - DAG(s) 'example_python_decorator' retrieved from /home/airflow/.local/lib/python3.8/site-packages/airflow/example_dags/example_python_decorator.py
[2026-05-29T19:30:15.500+0000] {logging_mixin.py:188} INFO - [2026-05-29T19:30:15.500+0000] {dag.py:3047} INFO - Sync 1 DAGs
[2026-05-29T19:30:15.512+0000] {logging_mixin.py:188} INFO - [2026-05-29T19:30:15.512+0000] {dag.py:3834} INFO - Setting next_dagrun for example_python_decorator to None, run_after=None
[2026-05-29T19:30:15.533+0000] {processor.py:183} INFO - Processing /home/airflow/.local/lib/python3.8/site-packages/airflow/example_dags/example_python_decorator.py took 0.076 seconds
[2026-05-29T19:30:45.573+0000] {processor.py:161} INFO - Started process (PID=1665) to work on /home/airflow/.local/lib/python3.8/site-packages/airflow/example_dags/example_python_decorator.py
[2026-05-29T19:30:45.574+0000] {processor.py:830} INFO - Processing file /home/airflow/.local/lib/python3.8/site-packages/airflow/example_dags/example_python_decorator.py for tasks to queue
[2026-05-29T19:30:45.576+0000] {logging_mixin.py:188} INFO - [2026-05-29T19:30:45.576+0000] {dagbag.py:540} INFO - Filling up the DagBag from /home/airflow/.local/lib/python3.8/site-packages/airflow/example_dags/example_python_decorator.py
[2026-05-29T19:30:45.590+0000] {processor.py:840} INFO - DAG(s) 'example_python_decorator' retrieved from /home/airflow/.local/lib/python3.8/site-packages/airflow/example_dags/example_python_decorator.py
[2026-05-29T19:30:45.614+0000] {logging_mixin.py:188} INFO - [2026-05-29T19:30:45.613+0000] {dag.py:3047} INFO - Sync 1 DAGs
[2026-05-29T19:30:45.626+0000] {logging_mixin.py:188} INFO - [2026-05-29T19:30:45.626+0000] {dag.py:3834} INFO - Setting next_dagrun for example_python_decorator to None, run_after=None
[2026-05-29T19:30:45.646+0000] {processor.py:183} INFO - Processing /home/airflow/.local/lib/python3.8/site-packages/airflow/example_dags/example_python_decorator.py took 0.079 seconds
[2026-05-29T19:31:15.832+0000] {processor.py:161} INFO - Started process (PID=1720) to work on /home/airflow/.local/lib/python3.8/site-packages/airflow/example_dags/example_python_decorator.py
[2026-05-29T19:31:15.834+0000] {processor.py:830} INFO - Processing file /home/airflow/.local/lib/python3.8/site-packages/airflow/example_dags/example_python_decorator.py for tasks to queue
[2026-05-29T19:31:15.836+0000] {logging_mixin.py:188} INFO - [2026-05-29T19:31:15.836+0000] {dagbag.py:540} INFO - Filling up the DagBag from /home/airflow/.local/lib/python3.8/site-packages/airflow/example_dags/example_python_decorator.py
[2026-05-29T19:31:15.848+0000] {processor.py:840} INFO - DAG(s) 'example_python_decorator' retrieved from /home/airflow/.local/lib/python3.8/site-packages/airflow/example_dags/example_python_decorator.py
[2026-05-29T19:31:15.869+0000] {logging_mixin.py:188} INFO - [2026-05-29T19:31:15.869+0000] {dag.py:3047} INFO - Sync 1 DAGs
[2026-05-29T19:31:15.881+0000] {logging_mixin.py:188} INFO - [2026-05-29T19:31:15.881+0000] {dag.py:3834} INFO - Setting next_dagrun for example_python_decorator to None, run_after=None
[2026-05-29T19:31:15.903+0000] {processor.py:183} INFO - Processing /home/airflow/.local/lib/python3.8/site-packages/airflow/example_dags/example_python_decorator.py took 0.075 seconds
[2026-05-29T19:31:46.339+0000] {processor.py:161} INFO - Started process (PID=1775) to work on /home/airflow/.local/lib/python3.8/site-packages/airflow/example_dags/example_python_decorator.py
[2026-05-29T19:31:46.340+0000] {processor.py:830} INFO - Processing file /home/airflow/.local/lib/python3.8/site-packages/airflow/example_dags/example_python_decorator.py for tasks to queue
[2026-05-29T19:31:46.343+0000] {logging_mixin.py:188} INFO - [2026-05-29T19:31:46.343+0000] {dagbag.py:540} INFO - Filling up the DagBag from /home/airflow/.local/lib/python3.8/site-packages/airflow/example_dags/example_python_decorator.py
[2026-05-29T19:31:46.358+0000] {processor.py:840} INFO - DAG(s) 'example_python_decorator' retrieved from /home/airflow/.local/lib/python3.8/site-packages/airflow/example_dags/example_python_decorator.py
[2026-05-29T19:31:46.392+0000] {logging_mixin.py:188} INFO - [2026-05-29T19:31:46.391+0000] {dag.py:3047} INFO - Sync 1 DAGs
[2026-05-29T19:31:46.410+0000] {logging_mixin.py:188} INFO - [2026-05-29T19:31:46.409+0000] {dag.py:3834} INFO - Setting next_dagrun for example_python_decorator to None, run_after=None
[2026-05-29T19:31:46.438+0000] {processor.py:183} INFO - Processing /home/airflow/.local/lib/python3.8/site-packages/airflow/example_dags/example_python_decorator.py took 0.104 seconds
[2026-05-29T19:32:16.524+0000] {processor.py:161} INFO - Started process (PID=1830) to work on /home/airflow/.local/lib/python3.8/site-packages/airflow/example_dags/example_python_decorator.py
[2026-05-29T19:32:16.526+0000] {processor.py:830} INFO - Processing file /home/airflow/.local/lib/python3.8/site-packages/airflow/example_dags/example_python_decorator.py for tasks to queue
[2026-05-29T19:32:16.528+0000] {logging_mixin.py:188} INFO - [2026-05-29T19:32:16.528+0000] {dagbag.py:540} INFO - Filling up the DagBag from /home/airflow/.local/lib/python3.8/site-packages/airflow/example_dags/example_python_decorator.py
[2026-05-29T19:32:16.538+0000] {processor.py:840} INFO - DAG(s) 'example_python_decorator' retrieved from /home/airflow/.local/lib/python3.8/site-packages/airflow/example_dags/example_python_decorator.py
[2026-05-29T19:32:16.560+0000] {logging_mixin.py:188} INFO - [2026-05-29T19:32:16.559+0000] {dag.py:3047} INFO - Sync 1 DAGs
[2026-05-29T19:32:16.572+0000] {logging_mixin.py:188} INFO - [2026-05-29T19:32:16.571+0000] {dag.py:3834} INFO - Setting next_dagrun for example_python_decorator to None, run_after=None
[2026-05-29T19:32:16.594+0000] {processor.py:183} INFO - Processing /home/airflow/.local/lib/python3.8/site-packages/airflow/example_dags/example_python_decorator.py took 0.073 seconds
[2026-05-29T19:32:46.918+0000] {processor.py:161} INFO - Started process (PID=1886) to work on /home/airflow/.local/lib/python3.8/site-packages/airflow/example_dags/example_python_decorator.py
[2026-05-29T19:32:46.919+0000] {processor.py:830} INFO - Processing file /home/airflow/.local/lib/python3.8/site-packages/airflow/example_dags/example_python_decorator.py for tasks to queue
[2026-05-29T19:32:46.921+0000] {logging_mixin.py:188} INFO - [2026-05-29T19:32:46.921+0000] {dagbag.py:540} INFO - Filling up the DagBag from /home/airflow/.local/lib/python3.8/site-packages/airflow/example_dags/example_python_decorator.py
[2026-05-29T19:32:46.933+0000] {processor.py:840} INFO - DAG(s) 'example_python_decorator' retrieved from /home/airflow/.local/lib/python3.8/site-packages/airflow/example_dags/example_python_decorator.py
[2026-05-29T19:32:46.965+0000] {logging_mixin.py:188} INFO - [2026-05-29T19:32:46.965+0000] {dag.py:3047} INFO - Sync 1 DAGs
[2026-05-29T19:32:46.978+0000] {logging_mixin.py:188} INFO - [2026-05-29T19:32:46.977+0000] {dag.py:3834} INFO - Setting next_dagrun for example_python_decorator to None, run_after=None
[2026-05-29T19:32:47.006+0000] {processor.py:183} INFO - Processing /home/airflow/.local/lib/python3.8/site-packages/airflow/example_dags/example_python_decorator.py took 0.091 seconds
[2026-05-29T19:33:17.136+0000] {processor.py:161} INFO - Started process (PID=1941) to work on /home/airflow/.local/lib/python3.8/site-packages/airflow/example_dags/example_python_decorator.py
[2026-05-29T19:33:17.138+0000] {processor.py:830} INFO - Processing file /home/airflow/.local/lib/python3.8/site-packages/airflow/example_dags/example_python_decorator.py for tasks to queue
[2026-05-29T19:33:17.140+0000] {logging_mixin.py:188} INFO - [2026-05-29T19:33:17.140+0000] {dagbag.py:540} INFO - Filling up the DagBag from /home/airflow/.local/lib/python3.8/site-packages/airflow/example_dags/example_python_decorator.py
[2026-05-29T19:33:17.153+0000] {processor.py:840} INFO - DAG(s) 'example_python_decorator' retrieved from /home/airflow/.local/lib/python3.8/site-packages/airflow/example_dags/example_python_decorator.py
[2026-05-29T19:33:17.174+0000] {logging_mixin.py:188} INFO - [2026-05-29T19:33:17.173+0000] {dag.py:3047} INFO - Sync 1 DAGs
[2026-05-29T19:33:17.185+0000] {logging_mixin.py:188} INFO - [2026-05-29T19:33:17.184+0000] {dag.py:3834} INFO - Setting next_dagrun for example_python_decorator to None, run_after=None
[2026-05-29T19:33:17.207+0000] {processor.py:183} INFO - Processing /home/airflow/.local/lib/python3.8/site-packages/airflow/example_dags/example_python_decorator.py took 0.075 seconds
[2026-05-29T19:33:47.793+0000] {processor.py:161} INFO - Started process (PID=1996) to work on /home/airflow/.local/lib/python3.8/site-packages/airflow/example_dags/example_python_decorator.py
[2026-05-29T19:33:47.794+0000] {processor.py:830} INFO - Processing file /home/airflow/.local/lib/python3.8/site-packages/airflow/example_dags/example_python_decorator.py for tasks to queue
[2026-05-29T19:33:47.796+0000] {logging_mixin.py:188} INFO - [2026-05-29T19:33:47.796+0000] {dagbag.py:540} INFO - Filling up the DagBag from /home/airflow/.local/lib/python3.8/site-packages/airflow/example_dags/example_python_decorator.py
[2026-05-29T19:33:47.807+0000] {processor.py:840} INFO - DAG(s) 'example_python_decorator' retrieved from /home/airflow/.local/lib/python3.8/site-packages/airflow/example_dags/example_python_decorator.py
[2026-05-29T19:33:47.829+0000] {logging_mixin.py:188} INFO - [2026-05-29T19:33:47.829+0000] {dag.py:3047} INFO - Sync 1 DAGs
[2026-05-29T19:33:47.842+0000] {logging_mixin.py:188} INFO - [2026-05-29T19:33:47.842+0000] {dag.py:3834} INFO - Setting next_dagrun for example_python_decorator to None, run_after=None
[2026-05-29T19:33:47.863+0000] {processor.py:183} INFO - Processing /home/airflow/.local/lib/python3.8/site-packages/airflow/example_dags/example_python_decorator.py took 0.073 seconds
