[2026-05-29T19:16:06.388+0000] {processor.py:161} INFO - Started process (PID=84) to work on /home/airflow/.local/lib/python3.8/site-packages/airflow/example_dags/example_branch_day_of_week_operator.py
[2026-05-29T19:16:06.391+0000] {processor.py:830} INFO - Processing file /home/airflow/.local/lib/python3.8/site-packages/airflow/example_dags/example_branch_day_of_week_operator.py for tasks to queue
[2026-05-29T19:16:06.412+0000] {logging_mixin.py:188} INFO - [2026-05-29T19:16:06.408+0000] {dagbag.py:540} INFO - Filling up the DagBag from /home/airflow/.local/lib/python3.8/site-packages/airflow/example_dags/example_branch_day_of_week_operator.py
[2026-05-29T19:16:06.451+0000] {processor.py:840} INFO - DAG(s) 'example_weekday_branch_operator' retrieved from /home/airflow/.local/lib/python3.8/site-packages/airflow/example_dags/example_branch_day_of_week_operator.py
[2026-05-29T19:16:06.536+0000] {logging_mixin.py:188} INFO - [2026-05-29T19:16:06.535+0000] {dag.py:3047} INFO - Sync 1 DAGs
[2026-05-29T19:16:06.584+0000] {logging_mixin.py:188} INFO - [2026-05-29T19:16:06.584+0000] {dag.py:3834} INFO - Setting next_dagrun for example_weekday_branch_operator to 2026-05-28 00:00:00+00:00, run_after=2026-05-29 00:00:00+00:00
[2026-05-29T19:16:06.625+0000] {processor.py:183} INFO - Processing /home/airflow/.local/lib/python3.8/site-packages/airflow/example_dags/example_branch_day_of_week_operator.py took 0.252 seconds
[2026-05-29T19:16:37.100+0000] {processor.py:161} INFO - Started process (PID=139) to work on /home/airflow/.local/lib/python3.8/site-packages/airflow/example_dags/example_branch_day_of_week_operator.py
[2026-05-29T19:16:37.101+0000] {processor.py:830} INFO - Processing file /home/airflow/.local/lib/python3.8/site-packages/airflow/example_dags/example_branch_day_of_week_operator.py for tasks to queue
[2026-05-29T19:16:37.103+0000] {logging_mixin.py:188} INFO - [2026-05-29T19:16:37.103+0000] {dagbag.py:540} INFO - Filling up the DagBag from /home/airflow/.local/lib/python3.8/site-packages/airflow/example_dags/example_branch_day_of_week_operator.py
[2026-05-29T19:16:37.110+0000] {processor.py:840} INFO - DAG(s) 'example_weekday_branch_operator' retrieved from /home/airflow/.local/lib/python3.8/site-packages/airflow/example_dags/example_branch_day_of_week_operator.py
[2026-05-29T19:16:37.131+0000] {logging_mixin.py:188} INFO - [2026-05-29T19:16:37.130+0000] {dag.py:3047} INFO - Sync 1 DAGs
[2026-05-29T19:16:37.152+0000] {logging_mixin.py:188} INFO - [2026-05-29T19:16:37.152+0000] {dag.py:3834} INFO - Setting next_dagrun for example_weekday_branch_operator to 2026-05-28 00:00:00+00:00, run_after=2026-05-29 00:00:00+00:00
[2026-05-29T19:16:37.186+0000] {processor.py:183} INFO - Processing /home/airflow/.local/lib/python3.8/site-packages/airflow/example_dags/example_branch_day_of_week_operator.py took 0.089 seconds
[2026-05-29T19:17:07.360+0000] {processor.py:161} INFO - Started process (PID=194) to work on /home/airflow/.local/lib/python3.8/site-packages/airflow/example_dags/example_branch_day_of_week_operator.py
[2026-05-29T19:17:07.361+0000] {processor.py:830} INFO - Processing file /home/airflow/.local/lib/python3.8/site-packages/airflow/example_dags/example_branch_day_of_week_operator.py for tasks to queue
[2026-05-29T19:17:07.363+0000] {logging_mixin.py:188} INFO - [2026-05-29T19:17:07.363+0000] {dagbag.py:540} INFO - Filling up the DagBag from /home/airflow/.local/lib/python3.8/site-packages/airflow/example_dags/example_branch_day_of_week_operator.py
[2026-05-29T19:17:07.371+0000] {processor.py:840} INFO - DAG(s) 'example_weekday_branch_operator' retrieved from /home/airflow/.local/lib/python3.8/site-packages/airflow/example_dags/example_branch_day_of_week_operator.py
[2026-05-29T19:17:07.391+0000] {logging_mixin.py:188} INFO - [2026-05-29T19:17:07.391+0000] {dag.py:3047} INFO - Sync 1 DAGs
[2026-05-29T19:17:07.410+0000] {logging_mixin.py:188} INFO - [2026-05-29T19:17:07.410+0000] {dag.py:3834} INFO - Setting next_dagrun for example_weekday_branch_operator to 2026-05-28 00:00:00+00:00, run_after=2026-05-29 00:00:00+00:00
[2026-05-29T19:17:07.428+0000] {processor.py:183} INFO - Processing /home/airflow/.local/lib/python3.8/site-packages/airflow/example_dags/example_branch_day_of_week_operator.py took 0.071 seconds
[2026-05-29T19:17:37.908+0000] {processor.py:161} INFO - Started process (PID=249) to work on /home/airflow/.local/lib/python3.8/site-packages/airflow/example_dags/example_branch_day_of_week_operator.py
[2026-05-29T19:17:37.909+0000] {processor.py:830} INFO - Processing file /home/airflow/.local/lib/python3.8/site-packages/airflow/example_dags/example_branch_day_of_week_operator.py for tasks to queue
[2026-05-29T19:17:37.911+0000] {logging_mixin.py:188} INFO - [2026-05-29T19:17:37.911+0000] {dagbag.py:540} INFO - Filling up the DagBag from /home/airflow/.local/lib/python3.8/site-packages/airflow/example_dags/example_branch_day_of_week_operator.py
[2026-05-29T19:17:37.919+0000] {processor.py:840} INFO - DAG(s) 'example_weekday_branch_operator' retrieved from /home/airflow/.local/lib/python3.8/site-packages/airflow/example_dags/example_branch_day_of_week_operator.py
[2026-05-29T19:17:37.941+0000] {logging_mixin.py:188} INFO - [2026-05-29T19:17:37.941+0000] {dag.py:3047} INFO - Sync 1 DAGs
[2026-05-29T19:17:37.959+0000] {logging_mixin.py:188} INFO - [2026-05-29T19:17:37.959+0000] {dag.py:3834} INFO - Setting next_dagrun for example_weekday_branch_operator to 2026-05-28 00:00:00+00:00, run_after=2026-05-29 00:00:00+00:00
[2026-05-29T19:17:37.978+0000] {processor.py:183} INFO - Processing /home/airflow/.local/lib/python3.8/site-packages/airflow/example_dags/example_branch_day_of_week_operator.py took 0.073 seconds
[2026-05-29T19:18:08.925+0000] {processor.py:161} INFO - Started process (PID=304) to work on /home/airflow/.local/lib/python3.8/site-packages/airflow/example_dags/example_branch_day_of_week_operator.py
[2026-05-29T19:18:08.927+0000] {processor.py:830} INFO - Processing file /home/airflow/.local/lib/python3.8/site-packages/airflow/example_dags/example_branch_day_of_week_operator.py for tasks to queue
[2026-05-29T19:18:08.929+0000] {logging_mixin.py:188} INFO - [2026-05-29T19:18:08.929+0000] {dagbag.py:540} INFO - Filling up the DagBag from /home/airflow/.local/lib/python3.8/site-packages/airflow/example_dags/example_branch_day_of_week_operator.py
[2026-05-29T19:18:08.937+0000] {processor.py:840} INFO - DAG(s) 'example_weekday_branch_operator' retrieved from /home/airflow/.local/lib/python3.8/site-packages/airflow/example_dags/example_branch_day_of_week_operator.py
[2026-05-29T19:18:08.966+0000] {logging_mixin.py:188} INFO - [2026-05-29T19:18:08.965+0000] {dag.py:3047} INFO - Sync 1 DAGs
[2026-05-29T19:18:08.988+0000] {logging_mixin.py:188} INFO - [2026-05-29T19:18:08.987+0000] {dag.py:3834} INFO - Setting next_dagrun for example_weekday_branch_operator to 2026-05-28 00:00:00+00:00, run_after=2026-05-29 00:00:00+00:00
[2026-05-29T19:18:09.015+0000] {processor.py:183} INFO - Processing /home/airflow/.local/lib/python3.8/site-packages/airflow/example_dags/example_branch_day_of_week_operator.py took 0.094 seconds
[2026-05-29T19:18:39.133+0000] {processor.py:161} INFO - Started process (PID=359) to work on /home/airflow/.local/lib/python3.8/site-packages/airflow/example_dags/example_branch_day_of_week_operator.py
[2026-05-29T19:18:39.134+0000] {processor.py:830} INFO - Processing file /home/airflow/.local/lib/python3.8/site-packages/airflow/example_dags/example_branch_day_of_week_operator.py for tasks to queue
[2026-05-29T19:18:39.137+0000] {logging_mixin.py:188} INFO - [2026-05-29T19:18:39.136+0000] {dagbag.py:540} INFO - Filling up the DagBag from /home/airflow/.local/lib/python3.8/site-packages/airflow/example_dags/example_branch_day_of_week_operator.py
[2026-05-29T19:18:39.145+0000] {processor.py:840} INFO - DAG(s) 'example_weekday_branch_operator' retrieved from /home/airflow/.local/lib/python3.8/site-packages/airflow/example_dags/example_branch_day_of_week_operator.py
[2026-05-29T19:18:39.175+0000] {logging_mixin.py:188} INFO - [2026-05-29T19:18:39.175+0000] {dag.py:3047} INFO - Sync 1 DAGs
[2026-05-29T19:18:39.205+0000] {logging_mixin.py:188} INFO - [2026-05-29T19:18:39.205+0000] {dag.py:3834} INFO - Setting next_dagrun for example_weekday_branch_operator to 2026-05-28 00:00:00+00:00, run_after=2026-05-29 00:00:00+00:00
[2026-05-29T19:18:39.230+0000] {processor.py:183} INFO - Processing /home/airflow/.local/lib/python3.8/site-packages/airflow/example_dags/example_branch_day_of_week_operator.py took 0.104 seconds
[2026-05-29T19:19:09.725+0000] {processor.py:161} INFO - Started process (PID=414) to work on /home/airflow/.local/lib/python3.8/site-packages/airflow/example_dags/example_branch_day_of_week_operator.py
[2026-05-29T19:19:09.726+0000] {processor.py:830} INFO - Processing file /home/airflow/.local/lib/python3.8/site-packages/airflow/example_dags/example_branch_day_of_week_operator.py for tasks to queue
[2026-05-29T19:19:09.728+0000] {logging_mixin.py:188} INFO - [2026-05-29T19:19:09.728+0000] {dagbag.py:540} INFO - Filling up the DagBag from /home/airflow/.local/lib/python3.8/site-packages/airflow/example_dags/example_branch_day_of_week_operator.py
[2026-05-29T19:19:09.736+0000] {processor.py:840} INFO - DAG(s) 'example_weekday_branch_operator' retrieved from /home/airflow/.local/lib/python3.8/site-packages/airflow/example_dags/example_branch_day_of_week_operator.py
[2026-05-29T19:19:09.758+0000] {logging_mixin.py:188} INFO - [2026-05-29T19:19:09.758+0000] {dag.py:3047} INFO - Sync 1 DAGs
[2026-05-29T19:19:09.780+0000] {logging_mixin.py:188} INFO - [2026-05-29T19:19:09.780+0000] {dag.py:3834} INFO - Setting next_dagrun for example_weekday_branch_operator to 2026-05-28 00:00:00+00:00, run_after=2026-05-29 00:00:00+00:00
[2026-05-29T19:19:09.798+0000] {processor.py:183} INFO - Processing /home/airflow/.local/lib/python3.8/site-packages/airflow/example_dags/example_branch_day_of_week_operator.py took 0.076 seconds
[2026-05-29T19:19:40.050+0000] {processor.py:161} INFO - Started process (PID=469) to work on /home/airflow/.local/lib/python3.8/site-packages/airflow/example_dags/example_branch_day_of_week_operator.py
[2026-05-29T19:19:40.052+0000] {processor.py:830} INFO - Processing file /home/airflow/.local/lib/python3.8/site-packages/airflow/example_dags/example_branch_day_of_week_operator.py for tasks to queue
[2026-05-29T19:19:40.054+0000] {logging_mixin.py:188} INFO - [2026-05-29T19:19:40.054+0000] {dagbag.py:540} INFO - Filling up the DagBag from /home/airflow/.local/lib/python3.8/site-packages/airflow/example_dags/example_branch_day_of_week_operator.py
[2026-05-29T19:19:40.062+0000] {processor.py:840} INFO - DAG(s) 'example_weekday_branch_operator' retrieved from /home/airflow/.local/lib/python3.8/site-packages/airflow/example_dags/example_branch_day_of_week_operator.py
[2026-05-29T19:19:40.081+0000] {logging_mixin.py:188} INFO - [2026-05-29T19:19:40.081+0000] {dag.py:3047} INFO - Sync 1 DAGs
[2026-05-29T19:19:40.103+0000] {logging_mixin.py:188} INFO - [2026-05-29T19:19:40.103+0000] {dag.py:3834} INFO - Setting next_dagrun for example_weekday_branch_operator to 2026-05-28 00:00:00+00:00, run_after=2026-05-29 00:00:00+00:00
[2026-05-29T19:19:40.126+0000] {processor.py:183} INFO - Processing /home/airflow/.local/lib/python3.8/site-packages/airflow/example_dags/example_branch_day_of_week_operator.py took 0.078 seconds
[2026-05-29T19:20:10.533+0000] {processor.py:161} INFO - Started process (PID=524) to work on /home/airflow/.local/lib/python3.8/site-packages/airflow/example_dags/example_branch_day_of_week_operator.py
[2026-05-29T19:20:10.535+0000] {processor.py:830} INFO - Processing file /home/airflow/.local/lib/python3.8/site-packages/airflow/example_dags/example_branch_day_of_week_operator.py for tasks to queue
[2026-05-29T19:20:10.537+0000] {logging_mixin.py:188} INFO - [2026-05-29T19:20:10.536+0000] {dagbag.py:540} INFO - Filling up the DagBag from /home/airflow/.local/lib/python3.8/site-packages/airflow/example_dags/example_branch_day_of_week_operator.py
[2026-05-29T19:20:10.543+0000] {processor.py:840} INFO - DAG(s) 'example_weekday_branch_operator' retrieved from /home/airflow/.local/lib/python3.8/site-packages/airflow/example_dags/example_branch_day_of_week_operator.py
[2026-05-29T19:20:10.566+0000] {logging_mixin.py:188} INFO - [2026-05-29T19:20:10.565+0000] {dag.py:3047} INFO - Sync 1 DAGs
[2026-05-29T19:20:10.593+0000] {logging_mixin.py:188} INFO - [2026-05-29T19:20:10.593+0000] {dag.py:3834} INFO - Setting next_dagrun for example_weekday_branch_operator to 2026-05-28 00:00:00+00:00, run_after=2026-05-29 00:00:00+00:00
[2026-05-29T19:20:10.616+0000] {processor.py:183} INFO - Processing /home/airflow/.local/lib/python3.8/site-packages/airflow/example_dags/example_branch_day_of_week_operator.py took 0.086 seconds
[2026-05-29T19:20:40.759+0000] {processor.py:161} INFO - Started process (PID=579) to work on /home/airflow/.local/lib/python3.8/site-packages/airflow/example_dags/example_branch_day_of_week_operator.py
[2026-05-29T19:20:40.760+0000] {processor.py:830} INFO - Processing file /home/airflow/.local/lib/python3.8/site-packages/airflow/example_dags/example_branch_day_of_week_operator.py for tasks to queue
[2026-05-29T19:20:40.762+0000] {logging_mixin.py:188} INFO - [2026-05-29T19:20:40.761+0000] {dagbag.py:540} INFO - Filling up the DagBag from /home/airflow/.local/lib/python3.8/site-packages/airflow/example_dags/example_branch_day_of_week_operator.py
[2026-05-29T19:20:40.768+0000] {processor.py:840} INFO - DAG(s) 'example_weekday_branch_operator' retrieved from /home/airflow/.local/lib/python3.8/site-packages/airflow/example_dags/example_branch_day_of_week_operator.py
[2026-05-29T19:20:40.793+0000] {logging_mixin.py:188} INFO - [2026-05-29T19:20:40.793+0000] {dag.py:3047} INFO - Sync 1 DAGs
[2026-05-29T19:20:40.810+0000] {logging_mixin.py:188} INFO - [2026-05-29T19:20:40.810+0000] {dag.py:3834} INFO - Setting next_dagrun for example_weekday_branch_operator to 2026-05-28 00:00:00+00:00, run_after=2026-05-29 00:00:00+00:00
[2026-05-29T19:20:40.832+0000] {processor.py:183} INFO - Processing /home/airflow/.local/lib/python3.8/site-packages/airflow/example_dags/example_branch_day_of_week_operator.py took 0.076 seconds
[2026-05-29T19:21:11.202+0000] {processor.py:161} INFO - Started process (PID=634) to work on /home/airflow/.local/lib/python3.8/site-packages/airflow/example_dags/example_branch_day_of_week_operator.py
[2026-05-29T19:21:11.203+0000] {processor.py:830} INFO - Processing file /home/airflow/.local/lib/python3.8/site-packages/airflow/example_dags/example_branch_day_of_week_operator.py for tasks to queue
[2026-05-29T19:21:11.207+0000] {logging_mixin.py:188} INFO - [2026-05-29T19:21:11.207+0000] {dagbag.py:540} INFO - Filling up the DagBag from /home/airflow/.local/lib/python3.8/site-packages/airflow/example_dags/example_branch_day_of_week_operator.py
[2026-05-29T19:21:11.218+0000] {processor.py:840} INFO - DAG(s) 'example_weekday_branch_operator' retrieved from /home/airflow/.local/lib/python3.8/site-packages/airflow/example_dags/example_branch_day_of_week_operator.py
[2026-05-29T19:21:11.247+0000] {logging_mixin.py:188} INFO - [2026-05-29T19:21:11.247+0000] {dag.py:3047} INFO - Sync 1 DAGs
[2026-05-29T19:21:11.280+0000] {logging_mixin.py:188} INFO - [2026-05-29T19:21:11.280+0000] {dag.py:3834} INFO - Setting next_dagrun for example_weekday_branch_operator to 2026-05-28 00:00:00+00:00, run_after=2026-05-29 00:00:00+00:00
[2026-05-29T19:21:11.298+0000] {processor.py:183} INFO - Processing /home/airflow/.local/lib/python3.8/site-packages/airflow/example_dags/example_branch_day_of_week_operator.py took 0.102 seconds
[2026-05-29T19:21:41.473+0000] {processor.py:161} INFO - Started process (PID=689) to work on /home/airflow/.local/lib/python3.8/site-packages/airflow/example_dags/example_branch_day_of_week_operator.py
[2026-05-29T19:21:41.474+0000] {processor.py:830} INFO - Processing file /home/airflow/.local/lib/python3.8/site-packages/airflow/example_dags/example_branch_day_of_week_operator.py for tasks to queue
[2026-05-29T19:21:41.476+0000] {logging_mixin.py:188} INFO - [2026-05-29T19:21:41.476+0000] {dagbag.py:540} INFO - Filling up the DagBag from /home/airflow/.local/lib/python3.8/site-packages/airflow/example_dags/example_branch_day_of_week_operator.py
[2026-05-29T19:21:41.491+0000] {processor.py:840} INFO - DAG(s) 'example_weekday_branch_operator' retrieved from /home/airflow/.local/lib/python3.8/site-packages/airflow/example_dags/example_branch_day_of_week_operator.py
[2026-05-29T19:21:41.519+0000] {logging_mixin.py:188} INFO - [2026-05-29T19:21:41.519+0000] {dag.py:3047} INFO - Sync 1 DAGs
[2026-05-29T19:21:41.543+0000] {logging_mixin.py:188} INFO - [2026-05-29T19:21:41.543+0000] {dag.py:3834} INFO - Setting next_dagrun for example_weekday_branch_operator to 2026-05-28 00:00:00+00:00, run_after=2026-05-29 00:00:00+00:00
[2026-05-29T19:21:41.570+0000] {processor.py:183} INFO - Processing /home/airflow/.local/lib/python3.8/site-packages/airflow/example_dags/example_branch_day_of_week_operator.py took 0.102 seconds
[2026-05-29T19:22:11.751+0000] {processor.py:161} INFO - Started process (PID=744) to work on /home/airflow/.local/lib/python3.8/site-packages/airflow/example_dags/example_branch_day_of_week_operator.py
[2026-05-29T19:22:11.755+0000] {processor.py:830} INFO - Processing file /home/airflow/.local/lib/python3.8/site-packages/airflow/example_dags/example_branch_day_of_week_operator.py for tasks to queue
[2026-05-29T19:22:11.766+0000] {logging_mixin.py:188} INFO - [2026-05-29T19:22:11.765+0000] {dagbag.py:540} INFO - Filling up the DagBag from /home/airflow/.local/lib/python3.8/site-packages/airflow/example_dags/example_branch_day_of_week_operator.py
[2026-05-29T19:22:11.780+0000] {processor.py:840} INFO - DAG(s) 'example_weekday_branch_operator' retrieved from /home/airflow/.local/lib/python3.8/site-packages/airflow/example_dags/example_branch_day_of_week_operator.py
[2026-05-29T19:22:11.816+0000] {logging_mixin.py:188} INFO - [2026-05-29T19:22:11.816+0000] {dag.py:3047} INFO - Sync 1 DAGs
[2026-05-29T19:22:11.854+0000] {logging_mixin.py:188} INFO - [2026-05-29T19:22:11.853+0000] {dag.py:3834} INFO - Setting next_dagrun for example_weekday_branch_operator to 2026-05-28 00:00:00+00:00, run_after=2026-05-29 00:00:00+00:00
[2026-05-29T19:22:11.885+0000] {processor.py:183} INFO - Processing /home/airflow/.local/lib/python3.8/site-packages/airflow/example_dags/example_branch_day_of_week_operator.py took 0.144 seconds
[2026-05-29T19:22:41.971+0000] {processor.py:161} INFO - Started process (PID=799) to work on /home/airflow/.local/lib/python3.8/site-packages/airflow/example_dags/example_branch_day_of_week_operator.py
[2026-05-29T19:22:41.973+0000] {processor.py:830} INFO - Processing file /home/airflow/.local/lib/python3.8/site-packages/airflow/example_dags/example_branch_day_of_week_operator.py for tasks to queue
[2026-05-29T19:22:41.975+0000] {logging_mixin.py:188} INFO - [2026-05-29T19:22:41.974+0000] {dagbag.py:540} INFO - Filling up the DagBag from /home/airflow/.local/lib/python3.8/site-packages/airflow/example_dags/example_branch_day_of_week_operator.py
[2026-05-29T19:22:41.983+0000] {processor.py:840} INFO - DAG(s) 'example_weekday_branch_operator' retrieved from /home/airflow/.local/lib/python3.8/site-packages/airflow/example_dags/example_branch_day_of_week_operator.py
[2026-05-29T19:22:42.009+0000] {logging_mixin.py:188} INFO - [2026-05-29T19:22:42.008+0000] {dag.py:3047} INFO - Sync 1 DAGs
[2026-05-29T19:22:42.030+0000] {logging_mixin.py:188} INFO - [2026-05-29T19:22:42.029+0000] {dag.py:3834} INFO - Setting next_dagrun for example_weekday_branch_operator to 2026-05-28 00:00:00+00:00, run_after=2026-05-29 00:00:00+00:00
[2026-05-29T19:22:42.051+0000] {processor.py:183} INFO - Processing /home/airflow/.local/lib/python3.8/site-packages/airflow/example_dags/example_branch_day_of_week_operator.py took 0.083 seconds
[2026-05-29T19:23:12.094+0000] {processor.py:161} INFO - Started process (PID=854) to work on /home/airflow/.local/lib/python3.8/site-packages/airflow/example_dags/example_branch_day_of_week_operator.py
[2026-05-29T19:23:12.095+0000] {processor.py:830} INFO - Processing file /home/airflow/.local/lib/python3.8/site-packages/airflow/example_dags/example_branch_day_of_week_operator.py for tasks to queue
[2026-05-29T19:23:12.098+0000] {logging_mixin.py:188} INFO - [2026-05-29T19:23:12.098+0000] {dagbag.py:540} INFO - Filling up the DagBag from /home/airflow/.local/lib/python3.8/site-packages/airflow/example_dags/example_branch_day_of_week_operator.py
[2026-05-29T19:23:12.107+0000] {processor.py:840} INFO - DAG(s) 'example_weekday_branch_operator' retrieved from /home/airflow/.local/lib/python3.8/site-packages/airflow/example_dags/example_branch_day_of_week_operator.py
[2026-05-29T19:23:12.127+0000] {logging_mixin.py:188} INFO - [2026-05-29T19:23:12.127+0000] {dag.py:3047} INFO - Sync 1 DAGs
[2026-05-29T19:23:12.146+0000] {logging_mixin.py:188} INFO - [2026-05-29T19:23:12.146+0000] {dag.py:3834} INFO - Setting next_dagrun for example_weekday_branch_operator to 2026-05-28 00:00:00+00:00, run_after=2026-05-29 00:00:00+00:00
[2026-05-29T19:23:12.172+0000] {processor.py:183} INFO - Processing /home/airflow/.local/lib/python3.8/site-packages/airflow/example_dags/example_branch_day_of_week_operator.py took 0.081 seconds
[2026-05-29T19:23:42.206+0000] {processor.py:161} INFO - Started process (PID=908) to work on /home/airflow/.local/lib/python3.8/site-packages/airflow/example_dags/example_branch_day_of_week_operator.py
[2026-05-29T19:23:42.207+0000] {processor.py:830} INFO - Processing file /home/airflow/.local/lib/python3.8/site-packages/airflow/example_dags/example_branch_day_of_week_operator.py for tasks to queue
[2026-05-29T19:23:42.209+0000] {logging_mixin.py:188} INFO - [2026-05-29T19:23:42.209+0000] {dagbag.py:540} INFO - Filling up the DagBag from /home/airflow/.local/lib/python3.8/site-packages/airflow/example_dags/example_branch_day_of_week_operator.py
[2026-05-29T19:23:42.215+0000] {processor.py:840} INFO - DAG(s) 'example_weekday_branch_operator' retrieved from /home/airflow/.local/lib/python3.8/site-packages/airflow/example_dags/example_branch_day_of_week_operator.py
[2026-05-29T19:23:42.234+0000] {logging_mixin.py:188} INFO - [2026-05-29T19:23:42.233+0000] {dag.py:3047} INFO - Sync 1 DAGs
[2026-05-29T19:23:42.251+0000] {logging_mixin.py:188} INFO - [2026-05-29T19:23:42.251+0000] {dag.py:3834} INFO - Setting next_dagrun for example_weekday_branch_operator to 2026-05-28 00:00:00+00:00, run_after=2026-05-29 00:00:00+00:00
[2026-05-29T19:23:42.268+0000] {processor.py:183} INFO - Processing /home/airflow/.local/lib/python3.8/site-packages/airflow/example_dags/example_branch_day_of_week_operator.py took 0.065 seconds
[2026-05-29T19:24:12.406+0000] {processor.py:161} INFO - Started process (PID=963) to work on /home/airflow/.local/lib/python3.8/site-packages/airflow/example_dags/example_branch_day_of_week_operator.py
[2026-05-29T19:24:12.407+0000] {processor.py:830} INFO - Processing file /home/airflow/.local/lib/python3.8/site-packages/airflow/example_dags/example_branch_day_of_week_operator.py for tasks to queue
[2026-05-29T19:24:12.410+0000] {logging_mixin.py:188} INFO - [2026-05-29T19:24:12.410+0000] {dagbag.py:540} INFO - Filling up the DagBag from /home/airflow/.local/lib/python3.8/site-packages/airflow/example_dags/example_branch_day_of_week_operator.py
[2026-05-29T19:24:12.419+0000] {processor.py:840} INFO - DAG(s) 'example_weekday_branch_operator' retrieved from /home/airflow/.local/lib/python3.8/site-packages/airflow/example_dags/example_branch_day_of_week_operator.py
[2026-05-29T19:24:12.443+0000] {logging_mixin.py:188} INFO - [2026-05-29T19:24:12.443+0000] {dag.py:3047} INFO - Sync 1 DAGs
[2026-05-29T19:24:12.466+0000] {logging_mixin.py:188} INFO - [2026-05-29T19:24:12.465+0000] {dag.py:3834} INFO - Setting next_dagrun for example_weekday_branch_operator to 2026-05-28 00:00:00+00:00, run_after=2026-05-29 00:00:00+00:00
[2026-05-29T19:24:12.490+0000] {processor.py:183} INFO - Processing /home/airflow/.local/lib/python3.8/site-packages/airflow/example_dags/example_branch_day_of_week_operator.py took 0.087 seconds
[2026-05-29T19:24:42.794+0000] {processor.py:161} INFO - Started process (PID=1019) to work on /home/airflow/.local/lib/python3.8/site-packages/airflow/example_dags/example_branch_day_of_week_operator.py
[2026-05-29T19:24:42.796+0000] {processor.py:830} INFO - Processing file /home/airflow/.local/lib/python3.8/site-packages/airflow/example_dags/example_branch_day_of_week_operator.py for tasks to queue
[2026-05-29T19:24:42.798+0000] {logging_mixin.py:188} INFO - [2026-05-29T19:24:42.798+0000] {dagbag.py:540} INFO - Filling up the DagBag from /home/airflow/.local/lib/python3.8/site-packages/airflow/example_dags/example_branch_day_of_week_operator.py
[2026-05-29T19:24:42.810+0000] {processor.py:840} INFO - DAG(s) 'example_weekday_branch_operator' retrieved from /home/airflow/.local/lib/python3.8/site-packages/airflow/example_dags/example_branch_day_of_week_operator.py
[2026-05-29T19:24:42.844+0000] {logging_mixin.py:188} INFO - [2026-05-29T19:24:42.844+0000] {dag.py:3047} INFO - Sync 1 DAGs
[2026-05-29T19:24:42.874+0000] {logging_mixin.py:188} INFO - [2026-05-29T19:24:42.874+0000] {dag.py:3834} INFO - Setting next_dagrun for example_weekday_branch_operator to 2026-05-28 00:00:00+00:00, run_after=2026-05-29 00:00:00+00:00
[2026-05-29T19:24:42.901+0000] {processor.py:183} INFO - Processing /home/airflow/.local/lib/python3.8/site-packages/airflow/example_dags/example_branch_day_of_week_operator.py took 0.111 seconds
[2026-05-29T19:25:13.155+0000] {processor.py:161} INFO - Started process (PID=1074) to work on /home/airflow/.local/lib/python3.8/site-packages/airflow/example_dags/example_branch_day_of_week_operator.py
[2026-05-29T19:25:13.157+0000] {processor.py:830} INFO - Processing file /home/airflow/.local/lib/python3.8/site-packages/airflow/example_dags/example_branch_day_of_week_operator.py for tasks to queue
[2026-05-29T19:25:13.159+0000] {logging_mixin.py:188} INFO - [2026-05-29T19:25:13.158+0000] {dagbag.py:540} INFO - Filling up the DagBag from /home/airflow/.local/lib/python3.8/site-packages/airflow/example_dags/example_branch_day_of_week_operator.py
[2026-05-29T19:25:13.165+0000] {processor.py:840} INFO - DAG(s) 'example_weekday_branch_operator' retrieved from /home/airflow/.local/lib/python3.8/site-packages/airflow/example_dags/example_branch_day_of_week_operator.py
[2026-05-29T19:25:13.185+0000] {logging_mixin.py:188} INFO - [2026-05-29T19:25:13.185+0000] {dag.py:3047} INFO - Sync 1 DAGs
[2026-05-29T19:25:13.204+0000] {logging_mixin.py:188} INFO - [2026-05-29T19:25:13.204+0000] {dag.py:3834} INFO - Setting next_dagrun for example_weekday_branch_operator to 2026-05-28 00:00:00+00:00, run_after=2026-05-29 00:00:00+00:00
[2026-05-29T19:25:13.222+0000] {processor.py:183} INFO - Processing /home/airflow/.local/lib/python3.8/site-packages/airflow/example_dags/example_branch_day_of_week_operator.py took 0.070 seconds
[2026-05-29T19:25:44.081+0000] {processor.py:161} INFO - Started process (PID=1129) to work on /home/airflow/.local/lib/python3.8/site-packages/airflow/example_dags/example_branch_day_of_week_operator.py
[2026-05-29T19:25:44.083+0000] {processor.py:830} INFO - Processing file /home/airflow/.local/lib/python3.8/site-packages/airflow/example_dags/example_branch_day_of_week_operator.py for tasks to queue
[2026-05-29T19:25:44.085+0000] {logging_mixin.py:188} INFO - [2026-05-29T19:25:44.084+0000] {dagbag.py:540} INFO - Filling up the DagBag from /home/airflow/.local/lib/python3.8/site-packages/airflow/example_dags/example_branch_day_of_week_operator.py
[2026-05-29T19:25:44.091+0000] {processor.py:840} INFO - DAG(s) 'example_weekday_branch_operator' retrieved from /home/airflow/.local/lib/python3.8/site-packages/airflow/example_dags/example_branch_day_of_week_operator.py
[2026-05-29T19:25:44.109+0000] {logging_mixin.py:188} INFO - [2026-05-29T19:25:44.108+0000] {dag.py:3047} INFO - Sync 1 DAGs
[2026-05-29T19:25:44.125+0000] {logging_mixin.py:188} INFO - [2026-05-29T19:25:44.125+0000] {dag.py:3834} INFO - Setting next_dagrun for example_weekday_branch_operator to 2026-05-28 00:00:00+00:00, run_after=2026-05-29 00:00:00+00:00
[2026-05-29T19:25:44.153+0000] {processor.py:183} INFO - Processing /home/airflow/.local/lib/python3.8/site-packages/airflow/example_dags/example_branch_day_of_week_operator.py took 0.075 seconds
[2026-05-29T19:26:14.313+0000] {processor.py:161} INFO - Started process (PID=1184) to work on /home/airflow/.local/lib/python3.8/site-packages/airflow/example_dags/example_branch_day_of_week_operator.py
[2026-05-29T19:26:14.315+0000] {processor.py:830} INFO - Processing file /home/airflow/.local/lib/python3.8/site-packages/airflow/example_dags/example_branch_day_of_week_operator.py for tasks to queue
[2026-05-29T19:26:14.318+0000] {logging_mixin.py:188} INFO - [2026-05-29T19:26:14.317+0000] {dagbag.py:540} INFO - Filling up the DagBag from /home/airflow/.local/lib/python3.8/site-packages/airflow/example_dags/example_branch_day_of_week_operator.py
[2026-05-29T19:26:14.326+0000] {processor.py:840} INFO - DAG(s) 'example_weekday_branch_operator' retrieved from /home/airflow/.local/lib/python3.8/site-packages/airflow/example_dags/example_branch_day_of_week_operator.py
[2026-05-29T19:26:14.347+0000] {logging_mixin.py:188} INFO - [2026-05-29T19:26:14.347+0000] {dag.py:3047} INFO - Sync 1 DAGs
[2026-05-29T19:26:14.365+0000] {logging_mixin.py:188} INFO - [2026-05-29T19:26:14.365+0000] {dag.py:3834} INFO - Setting next_dagrun for example_weekday_branch_operator to 2026-05-28 00:00:00+00:00, run_after=2026-05-29 00:00:00+00:00
[2026-05-29T19:26:14.383+0000] {processor.py:183} INFO - Processing /home/airflow/.local/lib/python3.8/site-packages/airflow/example_dags/example_branch_day_of_week_operator.py took 0.072 seconds
[2026-05-29T19:26:44.547+0000] {processor.py:161} INFO - Started process (PID=1239) to work on /home/airflow/.local/lib/python3.8/site-packages/airflow/example_dags/example_branch_day_of_week_operator.py
[2026-05-29T19:26:44.549+0000] {processor.py:830} INFO - Processing file /home/airflow/.local/lib/python3.8/site-packages/airflow/example_dags/example_branch_day_of_week_operator.py for tasks to queue
[2026-05-29T19:26:44.551+0000] {logging_mixin.py:188} INFO - [2026-05-29T19:26:44.551+0000] {dagbag.py:540} INFO - Filling up the DagBag from /home/airflow/.local/lib/python3.8/site-packages/airflow/example_dags/example_branch_day_of_week_operator.py
[2026-05-29T19:26:44.560+0000] {processor.py:840} INFO - DAG(s) 'example_weekday_branch_operator' retrieved from /home/airflow/.local/lib/python3.8/site-packages/airflow/example_dags/example_branch_day_of_week_operator.py
[2026-05-29T19:26:44.584+0000] {logging_mixin.py:188} INFO - [2026-05-29T19:26:44.583+0000] {dag.py:3047} INFO - Sync 1 DAGs
[2026-05-29T19:26:44.603+0000] {logging_mixin.py:188} INFO - [2026-05-29T19:26:44.603+0000] {dag.py:3834} INFO - Setting next_dagrun for example_weekday_branch_operator to 2026-05-28 00:00:00+00:00, run_after=2026-05-29 00:00:00+00:00
[2026-05-29T19:26:44.623+0000] {processor.py:183} INFO - Processing /home/airflow/.local/lib/python3.8/site-packages/airflow/example_dags/example_branch_day_of_week_operator.py took 0.079 seconds
[2026-05-29T19:27:14.845+0000] {processor.py:161} INFO - Started process (PID=1294) to work on /home/airflow/.local/lib/python3.8/site-packages/airflow/example_dags/example_branch_day_of_week_operator.py
[2026-05-29T19:27:14.846+0000] {processor.py:830} INFO - Processing file /home/airflow/.local/lib/python3.8/site-packages/airflow/example_dags/example_branch_day_of_week_operator.py for tasks to queue
[2026-05-29T19:27:14.848+0000] {logging_mixin.py:188} INFO - [2026-05-29T19:27:14.848+0000] {dagbag.py:540} INFO - Filling up the DagBag from /home/airflow/.local/lib/python3.8/site-packages/airflow/example_dags/example_branch_day_of_week_operator.py
[2026-05-29T19:27:14.857+0000] {processor.py:840} INFO - DAG(s) 'example_weekday_branch_operator' retrieved from /home/airflow/.local/lib/python3.8/site-packages/airflow/example_dags/example_branch_day_of_week_operator.py
[2026-05-29T19:27:14.878+0000] {logging_mixin.py:188} INFO - [2026-05-29T19:27:14.878+0000] {dag.py:3047} INFO - Sync 1 DAGs
[2026-05-29T19:27:14.897+0000] {logging_mixin.py:188} INFO - [2026-05-29T19:27:14.897+0000] {dag.py:3834} INFO - Setting next_dagrun for example_weekday_branch_operator to 2026-05-28 00:00:00+00:00, run_after=2026-05-29 00:00:00+00:00
[2026-05-29T19:27:14.914+0000] {processor.py:183} INFO - Processing /home/airflow/.local/lib/python3.8/site-packages/airflow/example_dags/example_branch_day_of_week_operator.py took 0.072 seconds
[2026-05-29T19:27:46.362+0000] {processor.py:161} INFO - Started process (PID=1349) to work on /home/airflow/.local/lib/python3.8/site-packages/airflow/example_dags/example_branch_day_of_week_operator.py
[2026-05-29T19:27:46.364+0000] {processor.py:830} INFO - Processing file /home/airflow/.local/lib/python3.8/site-packages/airflow/example_dags/example_branch_day_of_week_operator.py for tasks to queue
[2026-05-29T19:27:46.367+0000] {logging_mixin.py:188} INFO - [2026-05-29T19:27:46.366+0000] {dagbag.py:540} INFO - Filling up the DagBag from /home/airflow/.local/lib/python3.8/site-packages/airflow/example_dags/example_branch_day_of_week_operator.py
[2026-05-29T19:27:46.380+0000] {processor.py:840} INFO - DAG(s) 'example_weekday_branch_operator' retrieved from /home/airflow/.local/lib/python3.8/site-packages/airflow/example_dags/example_branch_day_of_week_operator.py
[2026-05-29T19:27:46.413+0000] {logging_mixin.py:188} INFO - [2026-05-29T19:27:46.413+0000] {dag.py:3047} INFO - Sync 1 DAGs
[2026-05-29T19:27:46.444+0000] {logging_mixin.py:188} INFO - [2026-05-29T19:27:46.444+0000] {dag.py:3834} INFO - Setting next_dagrun for example_weekday_branch_operator to 2026-05-28 00:00:00+00:00, run_after=2026-05-29 00:00:00+00:00
[2026-05-29T19:27:46.473+0000] {processor.py:183} INFO - Processing /home/airflow/.local/lib/python3.8/site-packages/airflow/example_dags/example_branch_day_of_week_operator.py took 0.115 seconds
[2026-05-29T19:28:16.936+0000] {processor.py:161} INFO - Started process (PID=1404) to work on /home/airflow/.local/lib/python3.8/site-packages/airflow/example_dags/example_branch_day_of_week_operator.py
[2026-05-29T19:28:16.937+0000] {processor.py:830} INFO - Processing file /home/airflow/.local/lib/python3.8/site-packages/airflow/example_dags/example_branch_day_of_week_operator.py for tasks to queue
[2026-05-29T19:28:16.939+0000] {logging_mixin.py:188} INFO - [2026-05-29T19:28:16.938+0000] {dagbag.py:540} INFO - Filling up the DagBag from /home/airflow/.local/lib/python3.8/site-packages/airflow/example_dags/example_branch_day_of_week_operator.py
[2026-05-29T19:28:16.946+0000] {processor.py:840} INFO - DAG(s) 'example_weekday_branch_operator' retrieved from /home/airflow/.local/lib/python3.8/site-packages/airflow/example_dags/example_branch_day_of_week_operator.py
[2026-05-29T19:28:16.980+0000] {logging_mixin.py:188} INFO - [2026-05-29T19:28:16.979+0000] {dag.py:3047} INFO - Sync 1 DAGs
[2026-05-29T19:28:17.006+0000] {logging_mixin.py:188} INFO - [2026-05-29T19:28:17.006+0000] {dag.py:3834} INFO - Setting next_dagrun for example_weekday_branch_operator to 2026-05-28 00:00:00+00:00, run_after=2026-05-29 00:00:00+00:00
[2026-05-29T19:28:17.029+0000] {processor.py:183} INFO - Processing /home/airflow/.local/lib/python3.8/site-packages/airflow/example_dags/example_branch_day_of_week_operator.py took 0.097 seconds
[2026-05-29T19:28:47.068+0000] {processor.py:161} INFO - Started process (PID=1458) to work on /home/airflow/.local/lib/python3.8/site-packages/airflow/example_dags/example_branch_day_of_week_operator.py
[2026-05-29T19:28:47.070+0000] {processor.py:830} INFO - Processing file /home/airflow/.local/lib/python3.8/site-packages/airflow/example_dags/example_branch_day_of_week_operator.py for tasks to queue
[2026-05-29T19:28:47.071+0000] {logging_mixin.py:188} INFO - [2026-05-29T19:28:47.071+0000] {dagbag.py:540} INFO - Filling up the DagBag from /home/airflow/.local/lib/python3.8/site-packages/airflow/example_dags/example_branch_day_of_week_operator.py
[2026-05-29T19:28:47.078+0000] {processor.py:840} INFO - DAG(s) 'example_weekday_branch_operator' retrieved from /home/airflow/.local/lib/python3.8/site-packages/airflow/example_dags/example_branch_day_of_week_operator.py
[2026-05-29T19:28:47.096+0000] {logging_mixin.py:188} INFO - [2026-05-29T19:28:47.096+0000] {dag.py:3047} INFO - Sync 1 DAGs
[2026-05-29T19:28:47.112+0000] {logging_mixin.py:188} INFO - [2026-05-29T19:28:47.112+0000] {dag.py:3834} INFO - Setting next_dagrun for example_weekday_branch_operator to 2026-05-28 00:00:00+00:00, run_after=2026-05-29 00:00:00+00:00
[2026-05-29T19:28:47.131+0000] {processor.py:183} INFO - Processing /home/airflow/.local/lib/python3.8/site-packages/airflow/example_dags/example_branch_day_of_week_operator.py took 0.065 seconds
[2026-05-29T19:29:17.421+0000] {processor.py:161} INFO - Started process (PID=1513) to work on /home/airflow/.local/lib/python3.8/site-packages/airflow/example_dags/example_branch_day_of_week_operator.py
[2026-05-29T19:29:17.422+0000] {processor.py:830} INFO - Processing file /home/airflow/.local/lib/python3.8/site-packages/airflow/example_dags/example_branch_day_of_week_operator.py for tasks to queue
[2026-05-29T19:29:17.424+0000] {logging_mixin.py:188} INFO - [2026-05-29T19:29:17.424+0000] {dagbag.py:540} INFO - Filling up the DagBag from /home/airflow/.local/lib/python3.8/site-packages/airflow/example_dags/example_branch_day_of_week_operator.py
[2026-05-29T19:29:17.431+0000] {processor.py:840} INFO - DAG(s) 'example_weekday_branch_operator' retrieved from /home/airflow/.local/lib/python3.8/site-packages/airflow/example_dags/example_branch_day_of_week_operator.py
[2026-05-29T19:29:17.449+0000] {logging_mixin.py:188} INFO - [2026-05-29T19:29:17.448+0000] {dag.py:3047} INFO - Sync 1 DAGs
[2026-05-29T19:29:17.468+0000] {logging_mixin.py:188} INFO - [2026-05-29T19:29:17.468+0000] {dag.py:3834} INFO - Setting next_dagrun for example_weekday_branch_operator to 2026-05-28 00:00:00+00:00, run_after=2026-05-29 00:00:00+00:00
[2026-05-29T19:29:17.484+0000] {processor.py:183} INFO - Processing /home/airflow/.local/lib/python3.8/site-packages/airflow/example_dags/example_branch_day_of_week_operator.py took 0.066 seconds
[2026-05-29T19:29:48.043+0000] {processor.py:161} INFO - Started process (PID=1568) to work on /home/airflow/.local/lib/python3.8/site-packages/airflow/example_dags/example_branch_day_of_week_operator.py
[2026-05-29T19:29:48.044+0000] {processor.py:830} INFO - Processing file /home/airflow/.local/lib/python3.8/site-packages/airflow/example_dags/example_branch_day_of_week_operator.py for tasks to queue
[2026-05-29T19:29:48.046+0000] {logging_mixin.py:188} INFO - [2026-05-29T19:29:48.046+0000] {dagbag.py:540} INFO - Filling up the DagBag from /home/airflow/.local/lib/python3.8/site-packages/airflow/example_dags/example_branch_day_of_week_operator.py
[2026-05-29T19:29:48.055+0000] {processor.py:840} INFO - DAG(s) 'example_weekday_branch_operator' retrieved from /home/airflow/.local/lib/python3.8/site-packages/airflow/example_dags/example_branch_day_of_week_operator.py
[2026-05-29T19:29:48.080+0000] {logging_mixin.py:188} INFO - [2026-05-29T19:29:48.080+0000] {dag.py:3047} INFO - Sync 1 DAGs
[2026-05-29T19:29:48.102+0000] {logging_mixin.py:188} INFO - [2026-05-29T19:29:48.102+0000] {dag.py:3834} INFO - Setting next_dagrun for example_weekday_branch_operator to 2026-05-28 00:00:00+00:00, run_after=2026-05-29 00:00:00+00:00
[2026-05-29T19:29:48.126+0000] {processor.py:183} INFO - Processing /home/airflow/.local/lib/python3.8/site-packages/airflow/example_dags/example_branch_day_of_week_operator.py took 0.086 seconds
[2026-05-29T19:30:18.270+0000] {processor.py:161} INFO - Started process (PID=1623) to work on /home/airflow/.local/lib/python3.8/site-packages/airflow/example_dags/example_branch_day_of_week_operator.py
[2026-05-29T19:30:18.271+0000] {processor.py:830} INFO - Processing file /home/airflow/.local/lib/python3.8/site-packages/airflow/example_dags/example_branch_day_of_week_operator.py for tasks to queue
[2026-05-29T19:30:18.273+0000] {logging_mixin.py:188} INFO - [2026-05-29T19:30:18.273+0000] {dagbag.py:540} INFO - Filling up the DagBag from /home/airflow/.local/lib/python3.8/site-packages/airflow/example_dags/example_branch_day_of_week_operator.py
[2026-05-29T19:30:18.280+0000] {processor.py:840} INFO - DAG(s) 'example_weekday_branch_operator' retrieved from /home/airflow/.local/lib/python3.8/site-packages/airflow/example_dags/example_branch_day_of_week_operator.py
[2026-05-29T19:30:18.307+0000] {logging_mixin.py:188} INFO - [2026-05-29T19:30:18.307+0000] {dag.py:3047} INFO - Sync 1 DAGs
[2026-05-29T19:30:18.329+0000] {logging_mixin.py:188} INFO - [2026-05-29T19:30:18.329+0000] {dag.py:3834} INFO - Setting next_dagrun for example_weekday_branch_operator to 2026-05-28 00:00:00+00:00, run_after=2026-05-29 00:00:00+00:00
[2026-05-29T19:30:18.349+0000] {processor.py:183} INFO - Processing /home/airflow/.local/lib/python3.8/site-packages/airflow/example_dags/example_branch_day_of_week_operator.py took 0.082 seconds
[2026-05-29T19:30:48.500+0000] {processor.py:161} INFO - Started process (PID=1678) to work on /home/airflow/.local/lib/python3.8/site-packages/airflow/example_dags/example_branch_day_of_week_operator.py
[2026-05-29T19:30:48.501+0000] {processor.py:830} INFO - Processing file /home/airflow/.local/lib/python3.8/site-packages/airflow/example_dags/example_branch_day_of_week_operator.py for tasks to queue
[2026-05-29T19:30:48.503+0000] {logging_mixin.py:188} INFO - [2026-05-29T19:30:48.503+0000] {dagbag.py:540} INFO - Filling up the DagBag from /home/airflow/.local/lib/python3.8/site-packages/airflow/example_dags/example_branch_day_of_week_operator.py
[2026-05-29T19:30:48.509+0000] {processor.py:840} INFO - DAG(s) 'example_weekday_branch_operator' retrieved from /home/airflow/.local/lib/python3.8/site-packages/airflow/example_dags/example_branch_day_of_week_operator.py
[2026-05-29T19:30:48.528+0000] {logging_mixin.py:188} INFO - [2026-05-29T19:30:48.528+0000] {dag.py:3047} INFO - Sync 1 DAGs
[2026-05-29T19:30:48.547+0000] {logging_mixin.py:188} INFO - [2026-05-29T19:30:48.547+0000] {dag.py:3834} INFO - Setting next_dagrun for example_weekday_branch_operator to 2026-05-28 00:00:00+00:00, run_after=2026-05-29 00:00:00+00:00
[2026-05-29T19:30:48.563+0000] {processor.py:183} INFO - Processing /home/airflow/.local/lib/python3.8/site-packages/airflow/example_dags/example_branch_day_of_week_operator.py took 0.065 seconds
[2026-05-29T19:31:19.515+0000] {processor.py:161} INFO - Started process (PID=1733) to work on /home/airflow/.local/lib/python3.8/site-packages/airflow/example_dags/example_branch_day_of_week_operator.py
[2026-05-29T19:31:19.517+0000] {processor.py:830} INFO - Processing file /home/airflow/.local/lib/python3.8/site-packages/airflow/example_dags/example_branch_day_of_week_operator.py for tasks to queue
[2026-05-29T19:31:19.519+0000] {logging_mixin.py:188} INFO - [2026-05-29T19:31:19.519+0000] {dagbag.py:540} INFO - Filling up the DagBag from /home/airflow/.local/lib/python3.8/site-packages/airflow/example_dags/example_branch_day_of_week_operator.py
[2026-05-29T19:31:19.525+0000] {processor.py:840} INFO - DAG(s) 'example_weekday_branch_operator' retrieved from /home/airflow/.local/lib/python3.8/site-packages/airflow/example_dags/example_branch_day_of_week_operator.py
[2026-05-29T19:31:19.545+0000] {logging_mixin.py:188} INFO - [2026-05-29T19:31:19.545+0000] {dag.py:3047} INFO - Sync 1 DAGs
[2026-05-29T19:31:19.567+0000] {logging_mixin.py:188} INFO - [2026-05-29T19:31:19.567+0000] {dag.py:3834} INFO - Setting next_dagrun for example_weekday_branch_operator to 2026-05-28 00:00:00+00:00, run_after=2026-05-29 00:00:00+00:00
[2026-05-29T19:31:19.584+0000] {processor.py:183} INFO - Processing /home/airflow/.local/lib/python3.8/site-packages/airflow/example_dags/example_branch_day_of_week_operator.py took 0.071 seconds
[2026-05-29T19:31:50.146+0000] {processor.py:161} INFO - Started process (PID=1788) to work on /home/airflow/.local/lib/python3.8/site-packages/airflow/example_dags/example_branch_day_of_week_operator.py
[2026-05-29T19:31:50.147+0000] {processor.py:830} INFO - Processing file /home/airflow/.local/lib/python3.8/site-packages/airflow/example_dags/example_branch_day_of_week_operator.py for tasks to queue
[2026-05-29T19:31:50.150+0000] {logging_mixin.py:188} INFO - [2026-05-29T19:31:50.149+0000] {dagbag.py:540} INFO - Filling up the DagBag from /home/airflow/.local/lib/python3.8/site-packages/airflow/example_dags/example_branch_day_of_week_operator.py
[2026-05-29T19:31:50.156+0000] {processor.py:840} INFO - DAG(s) 'example_weekday_branch_operator' retrieved from /home/airflow/.local/lib/python3.8/site-packages/airflow/example_dags/example_branch_day_of_week_operator.py
[2026-05-29T19:31:50.176+0000] {logging_mixin.py:188} INFO - [2026-05-29T19:31:50.176+0000] {dag.py:3047} INFO - Sync 1 DAGs
[2026-05-29T19:31:50.198+0000] {logging_mixin.py:188} INFO - [2026-05-29T19:31:50.197+0000] {dag.py:3834} INFO - Setting next_dagrun for example_weekday_branch_operator to 2026-05-28 00:00:00+00:00, run_after=2026-05-29 00:00:00+00:00
[2026-05-29T19:31:50.216+0000] {processor.py:183} INFO - Processing /home/airflow/.local/lib/python3.8/site-packages/airflow/example_dags/example_branch_day_of_week_operator.py took 0.074 seconds
[2026-05-29T19:32:20.312+0000] {processor.py:161} INFO - Started process (PID=1843) to work on /home/airflow/.local/lib/python3.8/site-packages/airflow/example_dags/example_branch_day_of_week_operator.py
[2026-05-29T19:32:20.313+0000] {processor.py:830} INFO - Processing file /home/airflow/.local/lib/python3.8/site-packages/airflow/example_dags/example_branch_day_of_week_operator.py for tasks to queue
[2026-05-29T19:32:20.315+0000] {logging_mixin.py:188} INFO - [2026-05-29T19:32:20.315+0000] {dagbag.py:540} INFO - Filling up the DagBag from /home/airflow/.local/lib/python3.8/site-packages/airflow/example_dags/example_branch_day_of_week_operator.py
[2026-05-29T19:32:20.322+0000] {processor.py:840} INFO - DAG(s) 'example_weekday_branch_operator' retrieved from /home/airflow/.local/lib/python3.8/site-packages/airflow/example_dags/example_branch_day_of_week_operator.py
[2026-05-29T19:32:20.346+0000] {logging_mixin.py:188} INFO - [2026-05-29T19:32:20.346+0000] {dag.py:3047} INFO - Sync 1 DAGs
[2026-05-29T19:32:20.366+0000] {logging_mixin.py:188} INFO - [2026-05-29T19:32:20.366+0000] {dag.py:3834} INFO - Setting next_dagrun for example_weekday_branch_operator to 2026-05-28 00:00:00+00:00, run_after=2026-05-29 00:00:00+00:00
[2026-05-29T19:32:20.385+0000] {processor.py:183} INFO - Processing /home/airflow/.local/lib/python3.8/site-packages/airflow/example_dags/example_branch_day_of_week_operator.py took 0.076 seconds
[2026-05-29T19:32:50.660+0000] {processor.py:161} INFO - Started process (PID=1899) to work on /home/airflow/.local/lib/python3.8/site-packages/airflow/example_dags/example_branch_day_of_week_operator.py
[2026-05-29T19:32:50.662+0000] {processor.py:830} INFO - Processing file /home/airflow/.local/lib/python3.8/site-packages/airflow/example_dags/example_branch_day_of_week_operator.py for tasks to queue
[2026-05-29T19:32:50.664+0000] {logging_mixin.py:188} INFO - [2026-05-29T19:32:50.664+0000] {dagbag.py:540} INFO - Filling up the DagBag from /home/airflow/.local/lib/python3.8/site-packages/airflow/example_dags/example_branch_day_of_week_operator.py
[2026-05-29T19:32:50.670+0000] {processor.py:840} INFO - DAG(s) 'example_weekday_branch_operator' retrieved from /home/airflow/.local/lib/python3.8/site-packages/airflow/example_dags/example_branch_day_of_week_operator.py
[2026-05-29T19:32:50.689+0000] {logging_mixin.py:188} INFO - [2026-05-29T19:32:50.689+0000] {dag.py:3047} INFO - Sync 1 DAGs
[2026-05-29T19:32:50.709+0000] {logging_mixin.py:188} INFO - [2026-05-29T19:32:50.709+0000] {dag.py:3834} INFO - Setting next_dagrun for example_weekday_branch_operator to 2026-05-28 00:00:00+00:00, run_after=2026-05-29 00:00:00+00:00
[2026-05-29T19:32:50.726+0000] {processor.py:183} INFO - Processing /home/airflow/.local/lib/python3.8/site-packages/airflow/example_dags/example_branch_day_of_week_operator.py took 0.069 seconds
[2026-05-29T19:33:21.191+0000] {processor.py:161} INFO - Started process (PID=1954) to work on /home/airflow/.local/lib/python3.8/site-packages/airflow/example_dags/example_branch_day_of_week_operator.py
[2026-05-29T19:33:21.192+0000] {processor.py:830} INFO - Processing file /home/airflow/.local/lib/python3.8/site-packages/airflow/example_dags/example_branch_day_of_week_operator.py for tasks to queue
[2026-05-29T19:33:21.194+0000] {logging_mixin.py:188} INFO - [2026-05-29T19:33:21.194+0000] {dagbag.py:540} INFO - Filling up the DagBag from /home/airflow/.local/lib/python3.8/site-packages/airflow/example_dags/example_branch_day_of_week_operator.py
[2026-05-29T19:33:21.200+0000] {processor.py:840} INFO - DAG(s) 'example_weekday_branch_operator' retrieved from /home/airflow/.local/lib/python3.8/site-packages/airflow/example_dags/example_branch_day_of_week_operator.py
[2026-05-29T19:33:21.220+0000] {logging_mixin.py:188} INFO - [2026-05-29T19:33:21.220+0000] {dag.py:3047} INFO - Sync 1 DAGs
[2026-05-29T19:33:21.240+0000] {logging_mixin.py:188} INFO - [2026-05-29T19:33:21.240+0000] {dag.py:3834} INFO - Setting next_dagrun for example_weekday_branch_operator to 2026-05-28 00:00:00+00:00, run_after=2026-05-29 00:00:00+00:00
[2026-05-29T19:33:21.257+0000] {processor.py:183} INFO - Processing /home/airflow/.local/lib/python3.8/site-packages/airflow/example_dags/example_branch_day_of_week_operator.py took 0.069 seconds
[2026-05-29T19:33:51.741+0000] {processor.py:161} INFO - Started process (PID=2009) to work on /home/airflow/.local/lib/python3.8/site-packages/airflow/example_dags/example_branch_day_of_week_operator.py
[2026-05-29T19:33:51.743+0000] {processor.py:830} INFO - Processing file /home/airflow/.local/lib/python3.8/site-packages/airflow/example_dags/example_branch_day_of_week_operator.py for tasks to queue
[2026-05-29T19:33:51.745+0000] {logging_mixin.py:188} INFO - [2026-05-29T19:33:51.744+0000] {dagbag.py:540} INFO - Filling up the DagBag from /home/airflow/.local/lib/python3.8/site-packages/airflow/example_dags/example_branch_day_of_week_operator.py
[2026-05-29T19:33:51.751+0000] {processor.py:840} INFO - DAG(s) 'example_weekday_branch_operator' retrieved from /home/airflow/.local/lib/python3.8/site-packages/airflow/example_dags/example_branch_day_of_week_operator.py
[2026-05-29T19:33:51.773+0000] {logging_mixin.py:188} INFO - [2026-05-29T19:33:51.773+0000] {dag.py:3047} INFO - Sync 1 DAGs
[2026-05-29T19:33:51.792+0000] {logging_mixin.py:188} INFO - [2026-05-29T19:33:51.792+0000] {dag.py:3834} INFO - Setting next_dagrun for example_weekday_branch_operator to 2026-05-28 00:00:00+00:00, run_after=2026-05-29 00:00:00+00:00
[2026-05-29T19:33:51.808+0000] {processor.py:183} INFO - Processing /home/airflow/.local/lib/python3.8/site-packages/airflow/example_dags/example_branch_day_of_week_operator.py took 0.070 seconds
