[2026-05-29T19:16:07.560+0000] {processor.py:161} INFO - Started process (PID=95) to work on /home/airflow/.local/lib/python3.8/site-packages/airflow/example_dags/example_latest_only_with_trigger.py
[2026-05-29T19:16:07.562+0000] {processor.py:830} INFO - Processing file /home/airflow/.local/lib/python3.8/site-packages/airflow/example_dags/example_latest_only_with_trigger.py for tasks to queue
[2026-05-29T19:16:07.565+0000] {logging_mixin.py:188} INFO - [2026-05-29T19:16:07.564+0000] {dagbag.py:540} INFO - Filling up the DagBag from /home/airflow/.local/lib/python3.8/site-packages/airflow/example_dags/example_latest_only_with_trigger.py
[2026-05-29T19:16:07.572+0000] {processor.py:840} INFO - DAG(s) 'latest_only_with_trigger' retrieved from /home/airflow/.local/lib/python3.8/site-packages/airflow/example_dags/example_latest_only_with_trigger.py
[2026-05-29T19:16:07.621+0000] {logging_mixin.py:188} INFO - [2026-05-29T19:16:07.620+0000] {dag.py:3047} INFO - Sync 1 DAGs
[2026-05-29T19:16:07.691+0000] {logging_mixin.py:188} INFO - [2026-05-29T19:16:07.690+0000] {dag.py:3834} INFO - Setting next_dagrun for latest_only_with_trigger to 2026-05-29 12:00:00+00:00, run_after=2026-05-29 16:00:00+00:00
[2026-05-29T19:16:07.728+0000] {processor.py:183} INFO - Processing /home/airflow/.local/lib/python3.8/site-packages/airflow/example_dags/example_latest_only_with_trigger.py took 0.172 seconds
[2026-05-29T19:16:37.818+0000] {processor.py:161} INFO - Started process (PID=150) to work on /home/airflow/.local/lib/python3.8/site-packages/airflow/example_dags/example_latest_only_with_trigger.py
[2026-05-29T19:16:37.819+0000] {processor.py:830} INFO - Processing file /home/airflow/.local/lib/python3.8/site-packages/airflow/example_dags/example_latest_only_with_trigger.py for tasks to queue
[2026-05-29T19:16:37.821+0000] {logging_mixin.py:188} INFO - [2026-05-29T19:16:37.821+0000] {dagbag.py:540} INFO - Filling up the DagBag from /home/airflow/.local/lib/python3.8/site-packages/airflow/example_dags/example_latest_only_with_trigger.py
[2026-05-29T19:16:37.825+0000] {processor.py:840} INFO - DAG(s) 'latest_only_with_trigger' retrieved from /home/airflow/.local/lib/python3.8/site-packages/airflow/example_dags/example_latest_only_with_trigger.py
[2026-05-29T19:16:37.845+0000] {logging_mixin.py:188} INFO - [2026-05-29T19:16:37.845+0000] {dag.py:3047} INFO - Sync 1 DAGs
[2026-05-29T19:16:37.863+0000] {logging_mixin.py:188} INFO - [2026-05-29T19:16:37.862+0000] {dag.py:3834} INFO - Setting next_dagrun for latest_only_with_trigger to 2026-05-29 12:00:00+00:00, run_after=2026-05-29 16:00:00+00:00
[2026-05-29T19:16:37.880+0000] {processor.py:183} INFO - Processing /home/airflow/.local/lib/python3.8/site-packages/airflow/example_dags/example_latest_only_with_trigger.py took 0.065 seconds
[2026-05-29T19:17:08.005+0000] {processor.py:161} INFO - Started process (PID=205) to work on /home/airflow/.local/lib/python3.8/site-packages/airflow/example_dags/example_latest_only_with_trigger.py
[2026-05-29T19:17:08.006+0000] {processor.py:830} INFO - Processing file /home/airflow/.local/lib/python3.8/site-packages/airflow/example_dags/example_latest_only_with_trigger.py for tasks to queue
[2026-05-29T19:17:08.008+0000] {logging_mixin.py:188} INFO - [2026-05-29T19:17:08.007+0000] {dagbag.py:540} INFO - Filling up the DagBag from /home/airflow/.local/lib/python3.8/site-packages/airflow/example_dags/example_latest_only_with_trigger.py
[2026-05-29T19:17:08.012+0000] {processor.py:840} INFO - DAG(s) 'latest_only_with_trigger' retrieved from /home/airflow/.local/lib/python3.8/site-packages/airflow/example_dags/example_latest_only_with_trigger.py
[2026-05-29T19:17:08.029+0000] {logging_mixin.py:188} INFO - [2026-05-29T19:17:08.029+0000] {dag.py:3047} INFO - Sync 1 DAGs
[2026-05-29T19:17:08.046+0000] {logging_mixin.py:188} INFO - [2026-05-29T19:17:08.046+0000] {dag.py:3834} INFO - Setting next_dagrun for latest_only_with_trigger to 2026-05-29 12:00:00+00:00, run_after=2026-05-29 16:00:00+00:00
[2026-05-29T19:17:08.064+0000] {processor.py:183} INFO - Processing /home/airflow/.local/lib/python3.8/site-packages/airflow/example_dags/example_latest_only_with_trigger.py took 0.062 seconds
[2026-05-29T19:17:38.484+0000] {processor.py:161} INFO - Started process (PID=260) to work on /home/airflow/.local/lib/python3.8/site-packages/airflow/example_dags/example_latest_only_with_trigger.py
[2026-05-29T19:17:38.486+0000] {processor.py:830} INFO - Processing file /home/airflow/.local/lib/python3.8/site-packages/airflow/example_dags/example_latest_only_with_trigger.py for tasks to queue
[2026-05-29T19:17:38.489+0000] {logging_mixin.py:188} INFO - [2026-05-29T19:17:38.489+0000] {dagbag.py:540} INFO - Filling up the DagBag from /home/airflow/.local/lib/python3.8/site-packages/airflow/example_dags/example_latest_only_with_trigger.py
[2026-05-29T19:17:38.496+0000] {processor.py:840} INFO - DAG(s) 'latest_only_with_trigger' retrieved from /home/airflow/.local/lib/python3.8/site-packages/airflow/example_dags/example_latest_only_with_trigger.py
[2026-05-29T19:17:38.519+0000] {logging_mixin.py:188} INFO - [2026-05-29T19:17:38.518+0000] {dag.py:3047} INFO - Sync 1 DAGs
[2026-05-29T19:17:38.538+0000] {logging_mixin.py:188} INFO - [2026-05-29T19:17:38.538+0000] {dag.py:3834} INFO - Setting next_dagrun for latest_only_with_trigger to 2026-05-29 12:00:00+00:00, run_after=2026-05-29 16:00:00+00:00
[2026-05-29T19:17:38.556+0000] {processor.py:183} INFO - Processing /home/airflow/.local/lib/python3.8/site-packages/airflow/example_dags/example_latest_only_with_trigger.py took 0.076 seconds
[2026-05-29T19:18:09.510+0000] {processor.py:161} INFO - Started process (PID=315) to work on /home/airflow/.local/lib/python3.8/site-packages/airflow/example_dags/example_latest_only_with_trigger.py
[2026-05-29T19:18:09.512+0000] {processor.py:830} INFO - Processing file /home/airflow/.local/lib/python3.8/site-packages/airflow/example_dags/example_latest_only_with_trigger.py for tasks to queue
[2026-05-29T19:18:09.514+0000] {logging_mixin.py:188} INFO - [2026-05-29T19:18:09.514+0000] {dagbag.py:540} INFO - Filling up the DagBag from /home/airflow/.local/lib/python3.8/site-packages/airflow/example_dags/example_latest_only_with_trigger.py
[2026-05-29T19:18:09.519+0000] {processor.py:840} INFO - DAG(s) 'latest_only_with_trigger' retrieved from /home/airflow/.local/lib/python3.8/site-packages/airflow/example_dags/example_latest_only_with_trigger.py
[2026-05-29T19:18:09.539+0000] {logging_mixin.py:188} INFO - [2026-05-29T19:18:09.538+0000] {dag.py:3047} INFO - Sync 1 DAGs
[2026-05-29T19:18:09.555+0000] {logging_mixin.py:188} INFO - [2026-05-29T19:18:09.555+0000] {dag.py:3834} INFO - Setting next_dagrun for latest_only_with_trigger to 2026-05-29 12:00:00+00:00, run_after=2026-05-29 16:00:00+00:00
[2026-05-29T19:18:09.570+0000] {processor.py:183} INFO - Processing /home/airflow/.local/lib/python3.8/site-packages/airflow/example_dags/example_latest_only_with_trigger.py took 0.062 seconds
[2026-05-29T19:18:40.139+0000] {processor.py:161} INFO - Started process (PID=370) to work on /home/airflow/.local/lib/python3.8/site-packages/airflow/example_dags/example_latest_only_with_trigger.py
[2026-05-29T19:18:40.140+0000] {processor.py:830} INFO - Processing file /home/airflow/.local/lib/python3.8/site-packages/airflow/example_dags/example_latest_only_with_trigger.py for tasks to queue
[2026-05-29T19:18:40.143+0000] {logging_mixin.py:188} INFO - [2026-05-29T19:18:40.142+0000] {dagbag.py:540} INFO - Filling up the DagBag from /home/airflow/.local/lib/python3.8/site-packages/airflow/example_dags/example_latest_only_with_trigger.py
[2026-05-29T19:18:40.148+0000] {processor.py:840} INFO - DAG(s) 'latest_only_with_trigger' retrieved from /home/airflow/.local/lib/python3.8/site-packages/airflow/example_dags/example_latest_only_with_trigger.py
[2026-05-29T19:18:40.179+0000] {logging_mixin.py:188} INFO - [2026-05-29T19:18:40.179+0000] {dag.py:3047} INFO - Sync 1 DAGs
[2026-05-29T19:18:40.199+0000] {logging_mixin.py:188} INFO - [2026-05-29T19:18:40.198+0000] {dag.py:3834} INFO - Setting next_dagrun for latest_only_with_trigger to 2026-05-29 12:00:00+00:00, run_after=2026-05-29 16:00:00+00:00
[2026-05-29T19:18:40.225+0000] {processor.py:183} INFO - Processing /home/airflow/.local/lib/python3.8/site-packages/airflow/example_dags/example_latest_only_with_trigger.py took 0.090 seconds
[2026-05-29T19:19:10.324+0000] {processor.py:161} INFO - Started process (PID=425) to work on /home/airflow/.local/lib/python3.8/site-packages/airflow/example_dags/example_latest_only_with_trigger.py
[2026-05-29T19:19:10.326+0000] {processor.py:830} INFO - Processing file /home/airflow/.local/lib/python3.8/site-packages/airflow/example_dags/example_latest_only_with_trigger.py for tasks to queue
[2026-05-29T19:19:10.329+0000] {logging_mixin.py:188} INFO - [2026-05-29T19:19:10.329+0000] {dagbag.py:540} INFO - Filling up the DagBag from /home/airflow/.local/lib/python3.8/site-packages/airflow/example_dags/example_latest_only_with_trigger.py
[2026-05-29T19:19:10.335+0000] {processor.py:840} INFO - DAG(s) 'latest_only_with_trigger' retrieved from /home/airflow/.local/lib/python3.8/site-packages/airflow/example_dags/example_latest_only_with_trigger.py
[2026-05-29T19:19:10.354+0000] {logging_mixin.py:188} INFO - [2026-05-29T19:19:10.354+0000] {dag.py:3047} INFO - Sync 1 DAGs
[2026-05-29T19:19:10.376+0000] {logging_mixin.py:188} INFO - [2026-05-29T19:19:10.376+0000] {dag.py:3834} INFO - Setting next_dagrun for latest_only_with_trigger to 2026-05-29 12:00:00+00:00, run_after=2026-05-29 16:00:00+00:00
[2026-05-29T19:19:10.393+0000] {processor.py:183} INFO - Processing /home/airflow/.local/lib/python3.8/site-packages/airflow/example_dags/example_latest_only_with_trigger.py took 0.071 seconds
[2026-05-29T19:19:40.831+0000] {processor.py:161} INFO - Started process (PID=480) to work on /home/airflow/.local/lib/python3.8/site-packages/airflow/example_dags/example_latest_only_with_trigger.py
[2026-05-29T19:19:40.832+0000] {processor.py:830} INFO - Processing file /home/airflow/.local/lib/python3.8/site-packages/airflow/example_dags/example_latest_only_with_trigger.py for tasks to queue
[2026-05-29T19:19:40.835+0000] {logging_mixin.py:188} INFO - [2026-05-29T19:19:40.834+0000] {dagbag.py:540} INFO - Filling up the DagBag from /home/airflow/.local/lib/python3.8/site-packages/airflow/example_dags/example_latest_only_with_trigger.py
[2026-05-29T19:19:40.840+0000] {processor.py:840} INFO - DAG(s) 'latest_only_with_trigger' retrieved from /home/airflow/.local/lib/python3.8/site-packages/airflow/example_dags/example_latest_only_with_trigger.py
[2026-05-29T19:19:40.865+0000] {logging_mixin.py:188} INFO - [2026-05-29T19:19:40.865+0000] {dag.py:3047} INFO - Sync 1 DAGs
[2026-05-29T19:19:40.884+0000] {logging_mixin.py:188} INFO - [2026-05-29T19:19:40.883+0000] {dag.py:3834} INFO - Setting next_dagrun for latest_only_with_trigger to 2026-05-29 12:00:00+00:00, run_after=2026-05-29 16:00:00+00:00
[2026-05-29T19:19:40.902+0000] {processor.py:183} INFO - Processing /home/airflow/.local/lib/python3.8/site-packages/airflow/example_dags/example_latest_only_with_trigger.py took 0.074 seconds
[2026-05-29T19:20:11.251+0000] {processor.py:161} INFO - Started process (PID=535) to work on /home/airflow/.local/lib/python3.8/site-packages/airflow/example_dags/example_latest_only_with_trigger.py
[2026-05-29T19:20:11.252+0000] {processor.py:830} INFO - Processing file /home/airflow/.local/lib/python3.8/site-packages/airflow/example_dags/example_latest_only_with_trigger.py for tasks to queue
[2026-05-29T19:20:11.254+0000] {logging_mixin.py:188} INFO - [2026-05-29T19:20:11.254+0000] {dagbag.py:540} INFO - Filling up the DagBag from /home/airflow/.local/lib/python3.8/site-packages/airflow/example_dags/example_latest_only_with_trigger.py
[2026-05-29T19:20:11.260+0000] {processor.py:840} INFO - DAG(s) 'latest_only_with_trigger' retrieved from /home/airflow/.local/lib/python3.8/site-packages/airflow/example_dags/example_latest_only_with_trigger.py
[2026-05-29T19:20:11.277+0000] {logging_mixin.py:188} INFO - [2026-05-29T19:20:11.277+0000] {dag.py:3047} INFO - Sync 1 DAGs
[2026-05-29T19:20:11.299+0000] {logging_mixin.py:188} INFO - [2026-05-29T19:20:11.298+0000] {dag.py:3834} INFO - Setting next_dagrun for latest_only_with_trigger to 2026-05-29 12:00:00+00:00, run_after=2026-05-29 16:00:00+00:00
[2026-05-29T19:20:11.321+0000] {processor.py:183} INFO - Processing /home/airflow/.local/lib/python3.8/site-packages/airflow/example_dags/example_latest_only_with_trigger.py took 0.073 seconds
[2026-05-29T19:20:41.405+0000] {processor.py:161} INFO - Started process (PID=590) to work on /home/airflow/.local/lib/python3.8/site-packages/airflow/example_dags/example_latest_only_with_trigger.py
[2026-05-29T19:20:41.406+0000] {processor.py:830} INFO - Processing file /home/airflow/.local/lib/python3.8/site-packages/airflow/example_dags/example_latest_only_with_trigger.py for tasks to queue
[2026-05-29T19:20:41.408+0000] {logging_mixin.py:188} INFO - [2026-05-29T19:20:41.408+0000] {dagbag.py:540} INFO - Filling up the DagBag from /home/airflow/.local/lib/python3.8/site-packages/airflow/example_dags/example_latest_only_with_trigger.py
[2026-05-29T19:20:41.414+0000] {processor.py:840} INFO - DAG(s) 'latest_only_with_trigger' retrieved from /home/airflow/.local/lib/python3.8/site-packages/airflow/example_dags/example_latest_only_with_trigger.py
[2026-05-29T19:20:41.435+0000] {logging_mixin.py:188} INFO - [2026-05-29T19:20:41.434+0000] {dag.py:3047} INFO - Sync 1 DAGs
[2026-05-29T19:20:41.455+0000] {logging_mixin.py:188} INFO - [2026-05-29T19:20:41.454+0000] {dag.py:3834} INFO - Setting next_dagrun for latest_only_with_trigger to 2026-05-29 12:00:00+00:00, run_after=2026-05-29 16:00:00+00:00
[2026-05-29T19:20:41.475+0000] {processor.py:183} INFO - Processing /home/airflow/.local/lib/python3.8/site-packages/airflow/example_dags/example_latest_only_with_trigger.py took 0.075 seconds
[2026-05-29T19:21:11.868+0000] {processor.py:161} INFO - Started process (PID=645) to work on /home/airflow/.local/lib/python3.8/site-packages/airflow/example_dags/example_latest_only_with_trigger.py
[2026-05-29T19:21:11.870+0000] {processor.py:830} INFO - Processing file /home/airflow/.local/lib/python3.8/site-packages/airflow/example_dags/example_latest_only_with_trigger.py for tasks to queue
[2026-05-29T19:21:11.875+0000] {logging_mixin.py:188} INFO - [2026-05-29T19:21:11.875+0000] {dagbag.py:540} INFO - Filling up the DagBag from /home/airflow/.local/lib/python3.8/site-packages/airflow/example_dags/example_latest_only_with_trigger.py
[2026-05-29T19:21:11.880+0000] {processor.py:840} INFO - DAG(s) 'latest_only_with_trigger' retrieved from /home/airflow/.local/lib/python3.8/site-packages/airflow/example_dags/example_latest_only_with_trigger.py
[2026-05-29T19:21:11.904+0000] {logging_mixin.py:188} INFO - [2026-05-29T19:21:11.904+0000] {dag.py:3047} INFO - Sync 1 DAGs
[2026-05-29T19:21:11.924+0000] {logging_mixin.py:188} INFO - [2026-05-29T19:21:11.924+0000] {dag.py:3834} INFO - Setting next_dagrun for latest_only_with_trigger to 2026-05-29 12:00:00+00:00, run_after=2026-05-29 16:00:00+00:00
[2026-05-29T19:21:11.944+0000] {processor.py:183} INFO - Processing /home/airflow/.local/lib/python3.8/site-packages/airflow/example_dags/example_latest_only_with_trigger.py took 0.079 seconds
[2026-05-29T19:21:42.121+0000] {processor.py:161} INFO - Started process (PID=700) to work on /home/airflow/.local/lib/python3.8/site-packages/airflow/example_dags/example_latest_only_with_trigger.py
[2026-05-29T19:21:42.123+0000] {processor.py:830} INFO - Processing file /home/airflow/.local/lib/python3.8/site-packages/airflow/example_dags/example_latest_only_with_trigger.py for tasks to queue
[2026-05-29T19:21:42.125+0000] {logging_mixin.py:188} INFO - [2026-05-29T19:21:42.124+0000] {dagbag.py:540} INFO - Filling up the DagBag from /home/airflow/.local/lib/python3.8/site-packages/airflow/example_dags/example_latest_only_with_trigger.py
[2026-05-29T19:21:42.130+0000] {processor.py:840} INFO - DAG(s) 'latest_only_with_trigger' retrieved from /home/airflow/.local/lib/python3.8/site-packages/airflow/example_dags/example_latest_only_with_trigger.py
[2026-05-29T19:21:42.148+0000] {logging_mixin.py:188} INFO - [2026-05-29T19:21:42.148+0000] {dag.py:3047} INFO - Sync 1 DAGs
[2026-05-29T19:21:42.170+0000] {logging_mixin.py:188} INFO - [2026-05-29T19:21:42.169+0000] {dag.py:3834} INFO - Setting next_dagrun for latest_only_with_trigger to 2026-05-29 12:00:00+00:00, run_after=2026-05-29 16:00:00+00:00
[2026-05-29T19:21:42.189+0000] {processor.py:183} INFO - Processing /home/airflow/.local/lib/python3.8/site-packages/airflow/example_dags/example_latest_only_with_trigger.py took 0.073 seconds
[2026-05-29T19:22:12.652+0000] {processor.py:161} INFO - Started process (PID=755) to work on /home/airflow/.local/lib/python3.8/site-packages/airflow/example_dags/example_latest_only_with_trigger.py
[2026-05-29T19:22:12.653+0000] {processor.py:830} INFO - Processing file /home/airflow/.local/lib/python3.8/site-packages/airflow/example_dags/example_latest_only_with_trigger.py for tasks to queue
[2026-05-29T19:22:12.655+0000] {logging_mixin.py:188} INFO - [2026-05-29T19:22:12.655+0000] {dagbag.py:540} INFO - Filling up the DagBag from /home/airflow/.local/lib/python3.8/site-packages/airflow/example_dags/example_latest_only_with_trigger.py
[2026-05-29T19:22:12.660+0000] {processor.py:840} INFO - DAG(s) 'latest_only_with_trigger' retrieved from /home/airflow/.local/lib/python3.8/site-packages/airflow/example_dags/example_latest_only_with_trigger.py
[2026-05-29T19:22:12.675+0000] {logging_mixin.py:188} INFO - [2026-05-29T19:22:12.675+0000] {dag.py:3047} INFO - Sync 1 DAGs
[2026-05-29T19:22:12.700+0000] {logging_mixin.py:188} INFO - [2026-05-29T19:22:12.699+0000] {dag.py:3834} INFO - Setting next_dagrun for latest_only_with_trigger to 2026-05-29 12:00:00+00:00, run_after=2026-05-29 16:00:00+00:00
[2026-05-29T19:22:12.718+0000] {processor.py:183} INFO - Processing /home/airflow/.local/lib/python3.8/site-packages/airflow/example_dags/example_latest_only_with_trigger.py took 0.068 seconds
[2026-05-29T19:22:43.676+0000] {processor.py:161} INFO - Started process (PID=810) to work on /home/airflow/.local/lib/python3.8/site-packages/airflow/example_dags/example_latest_only_with_trigger.py
[2026-05-29T19:22:43.677+0000] {processor.py:830} INFO - Processing file /home/airflow/.local/lib/python3.8/site-packages/airflow/example_dags/example_latest_only_with_trigger.py for tasks to queue
[2026-05-29T19:22:43.679+0000] {logging_mixin.py:188} INFO - [2026-05-29T19:22:43.679+0000] {dagbag.py:540} INFO - Filling up the DagBag from /home/airflow/.local/lib/python3.8/site-packages/airflow/example_dags/example_latest_only_with_trigger.py
[2026-05-29T19:22:43.684+0000] {processor.py:840} INFO - DAG(s) 'latest_only_with_trigger' retrieved from /home/airflow/.local/lib/python3.8/site-packages/airflow/example_dags/example_latest_only_with_trigger.py
[2026-05-29T19:22:43.701+0000] {logging_mixin.py:188} INFO - [2026-05-29T19:22:43.701+0000] {dag.py:3047} INFO - Sync 1 DAGs
[2026-05-29T19:22:43.716+0000] {logging_mixin.py:188} INFO - [2026-05-29T19:22:43.716+0000] {dag.py:3834} INFO - Setting next_dagrun for latest_only_with_trigger to 2026-05-29 12:00:00+00:00, run_after=2026-05-29 16:00:00+00:00
[2026-05-29T19:22:43.732+0000] {processor.py:183} INFO - Processing /home/airflow/.local/lib/python3.8/site-packages/airflow/example_dags/example_latest_only_with_trigger.py took 0.059 seconds
[2026-05-29T19:23:13.942+0000] {processor.py:161} INFO - Started process (PID=865) to work on /home/airflow/.local/lib/python3.8/site-packages/airflow/example_dags/example_latest_only_with_trigger.py
[2026-05-29T19:23:13.943+0000] {processor.py:830} INFO - Processing file /home/airflow/.local/lib/python3.8/site-packages/airflow/example_dags/example_latest_only_with_trigger.py for tasks to queue
[2026-05-29T19:23:13.945+0000] {logging_mixin.py:188} INFO - [2026-05-29T19:23:13.945+0000] {dagbag.py:540} INFO - Filling up the DagBag from /home/airflow/.local/lib/python3.8/site-packages/airflow/example_dags/example_latest_only_with_trigger.py
[2026-05-29T19:23:13.950+0000] {processor.py:840} INFO - DAG(s) 'latest_only_with_trigger' retrieved from /home/airflow/.local/lib/python3.8/site-packages/airflow/example_dags/example_latest_only_with_trigger.py
[2026-05-29T19:23:13.965+0000] {logging_mixin.py:188} INFO - [2026-05-29T19:23:13.965+0000] {dag.py:3047} INFO - Sync 1 DAGs
[2026-05-29T19:23:13.982+0000] {logging_mixin.py:188} INFO - [2026-05-29T19:23:13.982+0000] {dag.py:3834} INFO - Setting next_dagrun for latest_only_with_trigger to 2026-05-29 12:00:00+00:00, run_after=2026-05-29 16:00:00+00:00
[2026-05-29T19:23:13.999+0000] {processor.py:183} INFO - Processing /home/airflow/.local/lib/python3.8/site-packages/airflow/example_dags/example_latest_only_with_trigger.py took 0.059 seconds
[2026-05-29T19:23:44.958+0000] {processor.py:161} INFO - Started process (PID=920) to work on /home/airflow/.local/lib/python3.8/site-packages/airflow/example_dags/example_latest_only_with_trigger.py
[2026-05-29T19:23:44.959+0000] {processor.py:830} INFO - Processing file /home/airflow/.local/lib/python3.8/site-packages/airflow/example_dags/example_latest_only_with_trigger.py for tasks to queue
[2026-05-29T19:23:44.962+0000] {logging_mixin.py:188} INFO - [2026-05-29T19:23:44.962+0000] {dagbag.py:540} INFO - Filling up the DagBag from /home/airflow/.local/lib/python3.8/site-packages/airflow/example_dags/example_latest_only_with_trigger.py
[2026-05-29T19:23:44.970+0000] {processor.py:840} INFO - DAG(s) 'latest_only_with_trigger' retrieved from /home/airflow/.local/lib/python3.8/site-packages/airflow/example_dags/example_latest_only_with_trigger.py
[2026-05-29T19:23:44.994+0000] {logging_mixin.py:188} INFO - [2026-05-29T19:23:44.993+0000] {dag.py:3047} INFO - Sync 1 DAGs
[2026-05-29T19:23:45.013+0000] {logging_mixin.py:188} INFO - [2026-05-29T19:23:45.012+0000] {dag.py:3834} INFO - Setting next_dagrun for latest_only_with_trigger to 2026-05-29 12:00:00+00:00, run_after=2026-05-29 16:00:00+00:00
[2026-05-29T19:23:45.036+0000] {processor.py:183} INFO - Processing /home/airflow/.local/lib/python3.8/site-packages/airflow/example_dags/example_latest_only_with_trigger.py took 0.082 seconds
[2026-05-29T19:24:15.325+0000] {processor.py:161} INFO - Started process (PID=975) to work on /home/airflow/.local/lib/python3.8/site-packages/airflow/example_dags/example_latest_only_with_trigger.py
[2026-05-29T19:24:15.327+0000] {processor.py:830} INFO - Processing file /home/airflow/.local/lib/python3.8/site-packages/airflow/example_dags/example_latest_only_with_trigger.py for tasks to queue
[2026-05-29T19:24:15.329+0000] {logging_mixin.py:188} INFO - [2026-05-29T19:24:15.329+0000] {dagbag.py:540} INFO - Filling up the DagBag from /home/airflow/.local/lib/python3.8/site-packages/airflow/example_dags/example_latest_only_with_trigger.py
[2026-05-29T19:24:15.334+0000] {processor.py:840} INFO - DAG(s) 'latest_only_with_trigger' retrieved from /home/airflow/.local/lib/python3.8/site-packages/airflow/example_dags/example_latest_only_with_trigger.py
[2026-05-29T19:24:15.356+0000] {logging_mixin.py:188} INFO - [2026-05-29T19:24:15.356+0000] {dag.py:3047} INFO - Sync 1 DAGs
[2026-05-29T19:24:15.373+0000] {logging_mixin.py:188} INFO - [2026-05-29T19:24:15.373+0000] {dag.py:3834} INFO - Setting next_dagrun for latest_only_with_trigger to 2026-05-29 12:00:00+00:00, run_after=2026-05-29 16:00:00+00:00
[2026-05-29T19:24:15.396+0000] {processor.py:183} INFO - Processing /home/airflow/.local/lib/python3.8/site-packages/airflow/example_dags/example_latest_only_with_trigger.py took 0.076 seconds
[2026-05-29T19:24:45.566+0000] {processor.py:161} INFO - Started process (PID=1030) to work on /home/airflow/.local/lib/python3.8/site-packages/airflow/example_dags/example_latest_only_with_trigger.py
[2026-05-29T19:24:45.567+0000] {processor.py:830} INFO - Processing file /home/airflow/.local/lib/python3.8/site-packages/airflow/example_dags/example_latest_only_with_trigger.py for tasks to queue
[2026-05-29T19:24:45.569+0000] {logging_mixin.py:188} INFO - [2026-05-29T19:24:45.568+0000] {dagbag.py:540} INFO - Filling up the DagBag from /home/airflow/.local/lib/python3.8/site-packages/airflow/example_dags/example_latest_only_with_trigger.py
[2026-05-29T19:24:45.574+0000] {processor.py:840} INFO - DAG(s) 'latest_only_with_trigger' retrieved from /home/airflow/.local/lib/python3.8/site-packages/airflow/example_dags/example_latest_only_with_trigger.py
[2026-05-29T19:24:45.591+0000] {logging_mixin.py:188} INFO - [2026-05-29T19:24:45.591+0000] {dag.py:3047} INFO - Sync 1 DAGs
[2026-05-29T19:24:45.607+0000] {logging_mixin.py:188} INFO - [2026-05-29T19:24:45.606+0000] {dag.py:3834} INFO - Setting next_dagrun for latest_only_with_trigger to 2026-05-29 12:00:00+00:00, run_after=2026-05-29 16:00:00+00:00
[2026-05-29T19:24:45.628+0000] {processor.py:183} INFO - Processing /home/airflow/.local/lib/python3.8/site-packages/airflow/example_dags/example_latest_only_with_trigger.py took 0.065 seconds
[2026-05-29T19:25:15.872+0000] {processor.py:161} INFO - Started process (PID=1085) to work on /home/airflow/.local/lib/python3.8/site-packages/airflow/example_dags/example_latest_only_with_trigger.py
[2026-05-29T19:25:15.874+0000] {processor.py:830} INFO - Processing file /home/airflow/.local/lib/python3.8/site-packages/airflow/example_dags/example_latest_only_with_trigger.py for tasks to queue
[2026-05-29T19:25:15.876+0000] {logging_mixin.py:188} INFO - [2026-05-29T19:25:15.875+0000] {dagbag.py:540} INFO - Filling up the DagBag from /home/airflow/.local/lib/python3.8/site-packages/airflow/example_dags/example_latest_only_with_trigger.py
[2026-05-29T19:25:15.880+0000] {processor.py:840} INFO - DAG(s) 'latest_only_with_trigger' retrieved from /home/airflow/.local/lib/python3.8/site-packages/airflow/example_dags/example_latest_only_with_trigger.py
[2026-05-29T19:25:15.905+0000] {logging_mixin.py:188} INFO - [2026-05-29T19:25:15.905+0000] {dag.py:3047} INFO - Sync 1 DAGs
[2026-05-29T19:25:15.924+0000] {logging_mixin.py:188} INFO - [2026-05-29T19:25:15.924+0000] {dag.py:3834} INFO - Setting next_dagrun for latest_only_with_trigger to 2026-05-29 12:00:00+00:00, run_after=2026-05-29 16:00:00+00:00
[2026-05-29T19:25:15.943+0000] {processor.py:183} INFO - Processing /home/airflow/.local/lib/python3.8/site-packages/airflow/example_dags/example_latest_only_with_trigger.py took 0.073 seconds
[2026-05-29T19:25:46.789+0000] {processor.py:161} INFO - Started process (PID=1140) to work on /home/airflow/.local/lib/python3.8/site-packages/airflow/example_dags/example_latest_only_with_trigger.py
[2026-05-29T19:25:46.791+0000] {processor.py:830} INFO - Processing file /home/airflow/.local/lib/python3.8/site-packages/airflow/example_dags/example_latest_only_with_trigger.py for tasks to queue
[2026-05-29T19:25:46.792+0000] {logging_mixin.py:188} INFO - [2026-05-29T19:25:46.792+0000] {dagbag.py:540} INFO - Filling up the DagBag from /home/airflow/.local/lib/python3.8/site-packages/airflow/example_dags/example_latest_only_with_trigger.py
[2026-05-29T19:25:46.798+0000] {processor.py:840} INFO - DAG(s) 'latest_only_with_trigger' retrieved from /home/airflow/.local/lib/python3.8/site-packages/airflow/example_dags/example_latest_only_with_trigger.py
[2026-05-29T19:25:46.822+0000] {logging_mixin.py:188} INFO - [2026-05-29T19:25:46.822+0000] {dag.py:3047} INFO - Sync 1 DAGs
[2026-05-29T19:25:46.843+0000] {logging_mixin.py:188} INFO - [2026-05-29T19:25:46.842+0000] {dag.py:3834} INFO - Setting next_dagrun for latest_only_with_trigger to 2026-05-29 12:00:00+00:00, run_after=2026-05-29 16:00:00+00:00
[2026-05-29T19:25:46.869+0000] {processor.py:183} INFO - Processing /home/airflow/.local/lib/python3.8/site-packages/airflow/example_dags/example_latest_only_with_trigger.py took 0.083 seconds
[2026-05-29T19:26:16.924+0000] {processor.py:161} INFO - Started process (PID=1195) to work on /home/airflow/.local/lib/python3.8/site-packages/airflow/example_dags/example_latest_only_with_trigger.py
[2026-05-29T19:26:16.925+0000] {processor.py:830} INFO - Processing file /home/airflow/.local/lib/python3.8/site-packages/airflow/example_dags/example_latest_only_with_trigger.py for tasks to queue
[2026-05-29T19:26:16.927+0000] {logging_mixin.py:188} INFO - [2026-05-29T19:26:16.927+0000] {dagbag.py:540} INFO - Filling up the DagBag from /home/airflow/.local/lib/python3.8/site-packages/airflow/example_dags/example_latest_only_with_trigger.py
[2026-05-29T19:26:16.932+0000] {processor.py:840} INFO - DAG(s) 'latest_only_with_trigger' retrieved from /home/airflow/.local/lib/python3.8/site-packages/airflow/example_dags/example_latest_only_with_trigger.py
[2026-05-29T19:26:16.948+0000] {logging_mixin.py:188} INFO - [2026-05-29T19:26:16.948+0000] {dag.py:3047} INFO - Sync 1 DAGs
[2026-05-29T19:26:16.963+0000] {logging_mixin.py:188} INFO - [2026-05-29T19:26:16.963+0000] {dag.py:3834} INFO - Setting next_dagrun for latest_only_with_trigger to 2026-05-29 12:00:00+00:00, run_after=2026-05-29 16:00:00+00:00
[2026-05-29T19:26:16.981+0000] {processor.py:183} INFO - Processing /home/airflow/.local/lib/python3.8/site-packages/airflow/example_dags/example_latest_only_with_trigger.py took 0.060 seconds
[2026-05-29T19:26:47.200+0000] {processor.py:161} INFO - Started process (PID=1250) to work on /home/airflow/.local/lib/python3.8/site-packages/airflow/example_dags/example_latest_only_with_trigger.py
[2026-05-29T19:26:47.202+0000] {processor.py:830} INFO - Processing file /home/airflow/.local/lib/python3.8/site-packages/airflow/example_dags/example_latest_only_with_trigger.py for tasks to queue
[2026-05-29T19:26:47.204+0000] {logging_mixin.py:188} INFO - [2026-05-29T19:26:47.203+0000] {dagbag.py:540} INFO - Filling up the DagBag from /home/airflow/.local/lib/python3.8/site-packages/airflow/example_dags/example_latest_only_with_trigger.py
[2026-05-29T19:26:47.209+0000] {processor.py:840} INFO - DAG(s) 'latest_only_with_trigger' retrieved from /home/airflow/.local/lib/python3.8/site-packages/airflow/example_dags/example_latest_only_with_trigger.py
[2026-05-29T19:26:47.230+0000] {logging_mixin.py:188} INFO - [2026-05-29T19:26:47.229+0000] {dag.py:3047} INFO - Sync 1 DAGs
[2026-05-29T19:26:47.249+0000] {logging_mixin.py:188} INFO - [2026-05-29T19:26:47.249+0000] {dag.py:3834} INFO - Setting next_dagrun for latest_only_with_trigger to 2026-05-29 12:00:00+00:00, run_after=2026-05-29 16:00:00+00:00
[2026-05-29T19:26:47.272+0000] {processor.py:183} INFO - Processing /home/airflow/.local/lib/python3.8/site-packages/airflow/example_dags/example_latest_only_with_trigger.py took 0.074 seconds
[2026-05-29T19:27:17.445+0000] {processor.py:161} INFO - Started process (PID=1305) to work on /home/airflow/.local/lib/python3.8/site-packages/airflow/example_dags/example_latest_only_with_trigger.py
[2026-05-29T19:27:17.447+0000] {processor.py:830} INFO - Processing file /home/airflow/.local/lib/python3.8/site-packages/airflow/example_dags/example_latest_only_with_trigger.py for tasks to queue
[2026-05-29T19:27:17.449+0000] {logging_mixin.py:188} INFO - [2026-05-29T19:27:17.449+0000] {dagbag.py:540} INFO - Filling up the DagBag from /home/airflow/.local/lib/python3.8/site-packages/airflow/example_dags/example_latest_only_with_trigger.py
[2026-05-29T19:27:17.453+0000] {processor.py:840} INFO - DAG(s) 'latest_only_with_trigger' retrieved from /home/airflow/.local/lib/python3.8/site-packages/airflow/example_dags/example_latest_only_with_trigger.py
[2026-05-29T19:27:17.473+0000] {logging_mixin.py:188} INFO - [2026-05-29T19:27:17.472+0000] {dag.py:3047} INFO - Sync 1 DAGs
[2026-05-29T19:27:17.490+0000] {logging_mixin.py:188} INFO - [2026-05-29T19:27:17.490+0000] {dag.py:3834} INFO - Setting next_dagrun for latest_only_with_trigger to 2026-05-29 12:00:00+00:00, run_after=2026-05-29 16:00:00+00:00
[2026-05-29T19:27:17.508+0000] {processor.py:183} INFO - Processing /home/airflow/.local/lib/python3.8/site-packages/airflow/example_dags/example_latest_only_with_trigger.py took 0.065 seconds
[2026-05-29T19:27:48.140+0000] {processor.py:161} INFO - Started process (PID=1360) to work on /home/airflow/.local/lib/python3.8/site-packages/airflow/example_dags/example_latest_only_with_trigger.py
[2026-05-29T19:27:48.141+0000] {processor.py:830} INFO - Processing file /home/airflow/.local/lib/python3.8/site-packages/airflow/example_dags/example_latest_only_with_trigger.py for tasks to queue
[2026-05-29T19:27:48.143+0000] {logging_mixin.py:188} INFO - [2026-05-29T19:27:48.143+0000] {dagbag.py:540} INFO - Filling up the DagBag from /home/airflow/.local/lib/python3.8/site-packages/airflow/example_dags/example_latest_only_with_trigger.py
[2026-05-29T19:27:48.149+0000] {processor.py:840} INFO - DAG(s) 'latest_only_with_trigger' retrieved from /home/airflow/.local/lib/python3.8/site-packages/airflow/example_dags/example_latest_only_with_trigger.py
[2026-05-29T19:27:48.172+0000] {logging_mixin.py:188} INFO - [2026-05-29T19:27:48.171+0000] {dag.py:3047} INFO - Sync 1 DAGs
[2026-05-29T19:27:48.189+0000] {logging_mixin.py:188} INFO - [2026-05-29T19:27:48.188+0000] {dag.py:3834} INFO - Setting next_dagrun for latest_only_with_trigger to 2026-05-29 12:00:00+00:00, run_after=2026-05-29 16:00:00+00:00
[2026-05-29T19:27:48.212+0000] {processor.py:183} INFO - Processing /home/airflow/.local/lib/python3.8/site-packages/airflow/example_dags/example_latest_only_with_trigger.py took 0.075 seconds
[2026-05-29T19:28:19.541+0000] {processor.py:161} INFO - Started process (PID=1415) to work on /home/airflow/.local/lib/python3.8/site-packages/airflow/example_dags/example_latest_only_with_trigger.py
[2026-05-29T19:28:19.542+0000] {processor.py:830} INFO - Processing file /home/airflow/.local/lib/python3.8/site-packages/airflow/example_dags/example_latest_only_with_trigger.py for tasks to queue
[2026-05-29T19:28:19.544+0000] {logging_mixin.py:188} INFO - [2026-05-29T19:28:19.544+0000] {dagbag.py:540} INFO - Filling up the DagBag from /home/airflow/.local/lib/python3.8/site-packages/airflow/example_dags/example_latest_only_with_trigger.py
[2026-05-29T19:28:19.549+0000] {processor.py:840} INFO - DAG(s) 'latest_only_with_trigger' retrieved from /home/airflow/.local/lib/python3.8/site-packages/airflow/example_dags/example_latest_only_with_trigger.py
[2026-05-29T19:28:19.570+0000] {logging_mixin.py:188} INFO - [2026-05-29T19:28:19.569+0000] {dag.py:3047} INFO - Sync 1 DAGs
[2026-05-29T19:28:19.588+0000] {logging_mixin.py:188} INFO - [2026-05-29T19:28:19.587+0000] {dag.py:3834} INFO - Setting next_dagrun for latest_only_with_trigger to 2026-05-29 12:00:00+00:00, run_after=2026-05-29 16:00:00+00:00
[2026-05-29T19:28:19.608+0000] {processor.py:183} INFO - Processing /home/airflow/.local/lib/python3.8/site-packages/airflow/example_dags/example_latest_only_with_trigger.py took 0.070 seconds
[2026-05-29T19:28:49.785+0000] {processor.py:161} INFO - Started process (PID=1469) to work on /home/airflow/.local/lib/python3.8/site-packages/airflow/example_dags/example_latest_only_with_trigger.py
[2026-05-29T19:28:49.787+0000] {processor.py:830} INFO - Processing file /home/airflow/.local/lib/python3.8/site-packages/airflow/example_dags/example_latest_only_with_trigger.py for tasks to queue
[2026-05-29T19:28:49.789+0000] {logging_mixin.py:188} INFO - [2026-05-29T19:28:49.789+0000] {dagbag.py:540} INFO - Filling up the DagBag from /home/airflow/.local/lib/python3.8/site-packages/airflow/example_dags/example_latest_only_with_trigger.py
[2026-05-29T19:28:49.796+0000] {processor.py:840} INFO - DAG(s) 'latest_only_with_trigger' retrieved from /home/airflow/.local/lib/python3.8/site-packages/airflow/example_dags/example_latest_only_with_trigger.py
[2026-05-29T19:28:49.827+0000] {logging_mixin.py:188} INFO - [2026-05-29T19:28:49.827+0000] {dag.py:3047} INFO - Sync 1 DAGs
[2026-05-29T19:28:49.856+0000] {logging_mixin.py:188} INFO - [2026-05-29T19:28:49.855+0000] {dag.py:3834} INFO - Setting next_dagrun for latest_only_with_trigger to 2026-05-29 12:00:00+00:00, run_after=2026-05-29 16:00:00+00:00
[2026-05-29T19:28:49.903+0000] {processor.py:183} INFO - Processing /home/airflow/.local/lib/python3.8/site-packages/airflow/example_dags/example_latest_only_with_trigger.py took 0.122 seconds
[2026-05-29T19:29:20.862+0000] {processor.py:161} INFO - Started process (PID=1524) to work on /home/airflow/.local/lib/python3.8/site-packages/airflow/example_dags/example_latest_only_with_trigger.py
[2026-05-29T19:29:20.863+0000] {processor.py:830} INFO - Processing file /home/airflow/.local/lib/python3.8/site-packages/airflow/example_dags/example_latest_only_with_trigger.py for tasks to queue
[2026-05-29T19:29:20.865+0000] {logging_mixin.py:188} INFO - [2026-05-29T19:29:20.864+0000] {dagbag.py:540} INFO - Filling up the DagBag from /home/airflow/.local/lib/python3.8/site-packages/airflow/example_dags/example_latest_only_with_trigger.py
[2026-05-29T19:29:20.869+0000] {processor.py:840} INFO - DAG(s) 'latest_only_with_trigger' retrieved from /home/airflow/.local/lib/python3.8/site-packages/airflow/example_dags/example_latest_only_with_trigger.py
[2026-05-29T19:29:20.889+0000] {logging_mixin.py:188} INFO - [2026-05-29T19:29:20.888+0000] {dag.py:3047} INFO - Sync 1 DAGs
[2026-05-29T19:29:20.910+0000] {logging_mixin.py:188} INFO - [2026-05-29T19:29:20.909+0000] {dag.py:3834} INFO - Setting next_dagrun for latest_only_with_trigger to 2026-05-29 12:00:00+00:00, run_after=2026-05-29 16:00:00+00:00
[2026-05-29T19:29:20.934+0000] {processor.py:183} INFO - Processing /home/airflow/.local/lib/python3.8/site-packages/airflow/example_dags/example_latest_only_with_trigger.py took 0.075 seconds
[2026-05-29T19:29:51.571+0000] {processor.py:161} INFO - Started process (PID=1579) to work on /home/airflow/.local/lib/python3.8/site-packages/airflow/example_dags/example_latest_only_with_trigger.py
[2026-05-29T19:29:51.573+0000] {processor.py:830} INFO - Processing file /home/airflow/.local/lib/python3.8/site-packages/airflow/example_dags/example_latest_only_with_trigger.py for tasks to queue
[2026-05-29T19:29:51.574+0000] {logging_mixin.py:188} INFO - [2026-05-29T19:29:51.574+0000] {dagbag.py:540} INFO - Filling up the DagBag from /home/airflow/.local/lib/python3.8/site-packages/airflow/example_dags/example_latest_only_with_trigger.py
[2026-05-29T19:29:51.580+0000] {processor.py:840} INFO - DAG(s) 'latest_only_with_trigger' retrieved from /home/airflow/.local/lib/python3.8/site-packages/airflow/example_dags/example_latest_only_with_trigger.py
[2026-05-29T19:29:51.602+0000] {logging_mixin.py:188} INFO - [2026-05-29T19:29:51.602+0000] {dag.py:3047} INFO - Sync 1 DAGs
[2026-05-29T19:29:51.621+0000] {logging_mixin.py:188} INFO - [2026-05-29T19:29:51.621+0000] {dag.py:3834} INFO - Setting next_dagrun for latest_only_with_trigger to 2026-05-29 12:00:00+00:00, run_after=2026-05-29 16:00:00+00:00
[2026-05-29T19:29:51.640+0000] {processor.py:183} INFO - Processing /home/airflow/.local/lib/python3.8/site-packages/airflow/example_dags/example_latest_only_with_trigger.py took 0.072 seconds
[2026-05-29T19:30:21.715+0000] {processor.py:161} INFO - Started process (PID=1634) to work on /home/airflow/.local/lib/python3.8/site-packages/airflow/example_dags/example_latest_only_with_trigger.py
[2026-05-29T19:30:21.716+0000] {processor.py:830} INFO - Processing file /home/airflow/.local/lib/python3.8/site-packages/airflow/example_dags/example_latest_only_with_trigger.py for tasks to queue
[2026-05-29T19:30:21.718+0000] {logging_mixin.py:188} INFO - [2026-05-29T19:30:21.718+0000] {dagbag.py:540} INFO - Filling up the DagBag from /home/airflow/.local/lib/python3.8/site-packages/airflow/example_dags/example_latest_only_with_trigger.py
[2026-05-29T19:30:21.722+0000] {processor.py:840} INFO - DAG(s) 'latest_only_with_trigger' retrieved from /home/airflow/.local/lib/python3.8/site-packages/airflow/example_dags/example_latest_only_with_trigger.py
[2026-05-29T19:30:21.742+0000] {logging_mixin.py:188} INFO - [2026-05-29T19:30:21.742+0000] {dag.py:3047} INFO - Sync 1 DAGs
[2026-05-29T19:30:21.759+0000] {logging_mixin.py:188} INFO - [2026-05-29T19:30:21.759+0000] {dag.py:3834} INFO - Setting next_dagrun for latest_only_with_trigger to 2026-05-29 12:00:00+00:00, run_after=2026-05-29 16:00:00+00:00
[2026-05-29T19:30:21.781+0000] {processor.py:183} INFO - Processing /home/airflow/.local/lib/python3.8/site-packages/airflow/example_dags/example_latest_only_with_trigger.py took 0.069 seconds
[2026-05-29T19:30:51.929+0000] {processor.py:161} INFO - Started process (PID=1689) to work on /home/airflow/.local/lib/python3.8/site-packages/airflow/example_dags/example_latest_only_with_trigger.py
[2026-05-29T19:30:51.930+0000] {processor.py:830} INFO - Processing file /home/airflow/.local/lib/python3.8/site-packages/airflow/example_dags/example_latest_only_with_trigger.py for tasks to queue
[2026-05-29T19:30:51.932+0000] {logging_mixin.py:188} INFO - [2026-05-29T19:30:51.932+0000] {dagbag.py:540} INFO - Filling up the DagBag from /home/airflow/.local/lib/python3.8/site-packages/airflow/example_dags/example_latest_only_with_trigger.py
[2026-05-29T19:30:51.937+0000] {processor.py:840} INFO - DAG(s) 'latest_only_with_trigger' retrieved from /home/airflow/.local/lib/python3.8/site-packages/airflow/example_dags/example_latest_only_with_trigger.py
[2026-05-29T19:30:51.957+0000] {logging_mixin.py:188} INFO - [2026-05-29T19:30:51.957+0000] {dag.py:3047} INFO - Sync 1 DAGs
[2026-05-29T19:30:51.977+0000] {logging_mixin.py:188} INFO - [2026-05-29T19:30:51.977+0000] {dag.py:3834} INFO - Setting next_dagrun for latest_only_with_trigger to 2026-05-29 12:00:00+00:00, run_after=2026-05-29 16:00:00+00:00
[2026-05-29T19:30:52.003+0000] {processor.py:183} INFO - Processing /home/airflow/.local/lib/python3.8/site-packages/airflow/example_dags/example_latest_only_with_trigger.py took 0.076 seconds
[2026-05-29T19:31:22.919+0000] {processor.py:161} INFO - Started process (PID=1744) to work on /home/airflow/.local/lib/python3.8/site-packages/airflow/example_dags/example_latest_only_with_trigger.py
[2026-05-29T19:31:22.920+0000] {processor.py:830} INFO - Processing file /home/airflow/.local/lib/python3.8/site-packages/airflow/example_dags/example_latest_only_with_trigger.py for tasks to queue
[2026-05-29T19:31:22.922+0000] {logging_mixin.py:188} INFO - [2026-05-29T19:31:22.922+0000] {dagbag.py:540} INFO - Filling up the DagBag from /home/airflow/.local/lib/python3.8/site-packages/airflow/example_dags/example_latest_only_with_trigger.py
[2026-05-29T19:31:22.927+0000] {processor.py:840} INFO - DAG(s) 'latest_only_with_trigger' retrieved from /home/airflow/.local/lib/python3.8/site-packages/airflow/example_dags/example_latest_only_with_trigger.py
[2026-05-29T19:31:22.946+0000] {logging_mixin.py:188} INFO - [2026-05-29T19:31:22.946+0000] {dag.py:3047} INFO - Sync 1 DAGs
[2026-05-29T19:31:22.963+0000] {logging_mixin.py:188} INFO - [2026-05-29T19:31:22.962+0000] {dag.py:3834} INFO - Setting next_dagrun for latest_only_with_trigger to 2026-05-29 12:00:00+00:00, run_after=2026-05-29 16:00:00+00:00
[2026-05-29T19:31:22.979+0000] {processor.py:183} INFO - Processing /home/airflow/.local/lib/python3.8/site-packages/airflow/example_dags/example_latest_only_with_trigger.py took 0.063 seconds
[2026-05-29T19:31:53.635+0000] {processor.py:161} INFO - Started process (PID=1799) to work on /home/airflow/.local/lib/python3.8/site-packages/airflow/example_dags/example_latest_only_with_trigger.py
[2026-05-29T19:31:53.636+0000] {processor.py:830} INFO - Processing file /home/airflow/.local/lib/python3.8/site-packages/airflow/example_dags/example_latest_only_with_trigger.py for tasks to queue
[2026-05-29T19:31:53.638+0000] {logging_mixin.py:188} INFO - [2026-05-29T19:31:53.638+0000] {dagbag.py:540} INFO - Filling up the DagBag from /home/airflow/.local/lib/python3.8/site-packages/airflow/example_dags/example_latest_only_with_trigger.py
[2026-05-29T19:31:53.645+0000] {processor.py:840} INFO - DAG(s) 'latest_only_with_trigger' retrieved from /home/airflow/.local/lib/python3.8/site-packages/airflow/example_dags/example_latest_only_with_trigger.py
[2026-05-29T19:31:53.672+0000] {logging_mixin.py:188} INFO - [2026-05-29T19:31:53.672+0000] {dag.py:3047} INFO - Sync 1 DAGs
[2026-05-29T19:31:53.700+0000] {logging_mixin.py:188} INFO - [2026-05-29T19:31:53.699+0000] {dag.py:3834} INFO - Setting next_dagrun for latest_only_with_trigger to 2026-05-29 12:00:00+00:00, run_after=2026-05-29 16:00:00+00:00
[2026-05-29T19:31:53.730+0000] {processor.py:183} INFO - Processing /home/airflow/.local/lib/python3.8/site-packages/airflow/example_dags/example_latest_only_with_trigger.py took 0.098 seconds
[2026-05-29T19:32:23.850+0000] {processor.py:161} INFO - Started process (PID=1854) to work on /home/airflow/.local/lib/python3.8/site-packages/airflow/example_dags/example_latest_only_with_trigger.py
[2026-05-29T19:32:23.853+0000] {processor.py:830} INFO - Processing file /home/airflow/.local/lib/python3.8/site-packages/airflow/example_dags/example_latest_only_with_trigger.py for tasks to queue
[2026-05-29T19:32:23.857+0000] {logging_mixin.py:188} INFO - [2026-05-29T19:32:23.856+0000] {dagbag.py:540} INFO - Filling up the DagBag from /home/airflow/.local/lib/python3.8/site-packages/airflow/example_dags/example_latest_only_with_trigger.py
[2026-05-29T19:32:23.864+0000] {processor.py:840} INFO - DAG(s) 'latest_only_with_trigger' retrieved from /home/airflow/.local/lib/python3.8/site-packages/airflow/example_dags/example_latest_only_with_trigger.py
[2026-05-29T19:32:23.914+0000] {logging_mixin.py:188} INFO - [2026-05-29T19:32:23.913+0000] {dag.py:3047} INFO - Sync 1 DAGs
[2026-05-29T19:32:23.945+0000] {logging_mixin.py:188} INFO - [2026-05-29T19:32:23.945+0000] {dag.py:3834} INFO - Setting next_dagrun for latest_only_with_trigger to 2026-05-29 12:00:00+00:00, run_after=2026-05-29 16:00:00+00:00
[2026-05-29T19:32:23.977+0000] {processor.py:183} INFO - Processing /home/airflow/.local/lib/python3.8/site-packages/airflow/example_dags/example_latest_only_with_trigger.py took 0.132 seconds
[2026-05-29T19:32:54.081+0000] {processor.py:161} INFO - Started process (PID=1910) to work on /home/airflow/.local/lib/python3.8/site-packages/airflow/example_dags/example_latest_only_with_trigger.py
[2026-05-29T19:32:54.082+0000] {processor.py:830} INFO - Processing file /home/airflow/.local/lib/python3.8/site-packages/airflow/example_dags/example_latest_only_with_trigger.py for tasks to queue
[2026-05-29T19:32:54.084+0000] {logging_mixin.py:188} INFO - [2026-05-29T19:32:54.084+0000] {dagbag.py:540} INFO - Filling up the DagBag from /home/airflow/.local/lib/python3.8/site-packages/airflow/example_dags/example_latest_only_with_trigger.py
[2026-05-29T19:32:54.089+0000] {processor.py:840} INFO - DAG(s) 'latest_only_with_trigger' retrieved from /home/airflow/.local/lib/python3.8/site-packages/airflow/example_dags/example_latest_only_with_trigger.py
[2026-05-29T19:32:54.109+0000] {logging_mixin.py:188} INFO - [2026-05-29T19:32:54.109+0000] {dag.py:3047} INFO - Sync 1 DAGs
[2026-05-29T19:32:54.130+0000] {logging_mixin.py:188} INFO - [2026-05-29T19:32:54.129+0000] {dag.py:3834} INFO - Setting next_dagrun for latest_only_with_trigger to 2026-05-29 12:00:00+00:00, run_after=2026-05-29 16:00:00+00:00
[2026-05-29T19:32:54.150+0000] {processor.py:183} INFO - Processing /home/airflow/.local/lib/python3.8/site-packages/airflow/example_dags/example_latest_only_with_trigger.py took 0.073 seconds
[2026-05-29T19:33:24.931+0000] {processor.py:161} INFO - Started process (PID=1965) to work on /home/airflow/.local/lib/python3.8/site-packages/airflow/example_dags/example_latest_only_with_trigger.py
[2026-05-29T19:33:24.932+0000] {processor.py:830} INFO - Processing file /home/airflow/.local/lib/python3.8/site-packages/airflow/example_dags/example_latest_only_with_trigger.py for tasks to queue
[2026-05-29T19:33:24.935+0000] {logging_mixin.py:188} INFO - [2026-05-29T19:33:24.934+0000] {dagbag.py:540} INFO - Filling up the DagBag from /home/airflow/.local/lib/python3.8/site-packages/airflow/example_dags/example_latest_only_with_trigger.py
[2026-05-29T19:33:24.939+0000] {processor.py:840} INFO - DAG(s) 'latest_only_with_trigger' retrieved from /home/airflow/.local/lib/python3.8/site-packages/airflow/example_dags/example_latest_only_with_trigger.py
[2026-05-29T19:33:24.960+0000] {logging_mixin.py:188} INFO - [2026-05-29T19:33:24.959+0000] {dag.py:3047} INFO - Sync 1 DAGs
[2026-05-29T19:33:24.979+0000] {logging_mixin.py:188} INFO - [2026-05-29T19:33:24.979+0000] {dag.py:3834} INFO - Setting next_dagrun for latest_only_with_trigger to 2026-05-29 12:00:00+00:00, run_after=2026-05-29 16:00:00+00:00
[2026-05-29T19:33:24.999+0000] {processor.py:183} INFO - Processing /home/airflow/.local/lib/python3.8/site-packages/airflow/example_dags/example_latest_only_with_trigger.py took 0.070 seconds
[2026-05-29T19:33:55.144+0000] {processor.py:161} INFO - Started process (PID=2020) to work on /home/airflow/.local/lib/python3.8/site-packages/airflow/example_dags/example_latest_only_with_trigger.py
[2026-05-29T19:33:55.146+0000] {processor.py:830} INFO - Processing file /home/airflow/.local/lib/python3.8/site-packages/airflow/example_dags/example_latest_only_with_trigger.py for tasks to queue
[2026-05-29T19:33:55.148+0000] {logging_mixin.py:188} INFO - [2026-05-29T19:33:55.148+0000] {dagbag.py:540} INFO - Filling up the DagBag from /home/airflow/.local/lib/python3.8/site-packages/airflow/example_dags/example_latest_only_with_trigger.py
[2026-05-29T19:33:55.153+0000] {processor.py:840} INFO - DAG(s) 'latest_only_with_trigger' retrieved from /home/airflow/.local/lib/python3.8/site-packages/airflow/example_dags/example_latest_only_with_trigger.py
[2026-05-29T19:33:55.177+0000] {logging_mixin.py:188} INFO - [2026-05-29T19:33:55.177+0000] {dag.py:3047} INFO - Sync 1 DAGs
[2026-05-29T19:33:55.200+0000] {logging_mixin.py:188} INFO - [2026-05-29T19:33:55.199+0000] {dag.py:3834} INFO - Setting next_dagrun for latest_only_with_trigger to 2026-05-29 12:00:00+00:00, run_after=2026-05-29 16:00:00+00:00
[2026-05-29T19:33:55.351+0000] {processor.py:183} INFO - Processing /home/airflow/.local/lib/python3.8/site-packages/airflow/example_dags/example_latest_only_with_trigger.py took 0.209 seconds
