[2026-05-29T19:16:04.556+0000] {processor.py:161} INFO - Started process (PID=76) to work on /home/airflow/.local/lib/python3.8/site-packages/airflow/example_dags/example_sla_dag.py
[2026-05-29T19:16:04.560+0000] {processor.py:830} INFO - Processing file /home/airflow/.local/lib/python3.8/site-packages/airflow/example_dags/example_sla_dag.py for tasks to queue
[2026-05-29T19:16:04.565+0000] {logging_mixin.py:188} INFO - [2026-05-29T19:16:04.564+0000] {dagbag.py:540} INFO - Filling up the DagBag from /home/airflow/.local/lib/python3.8/site-packages/airflow/example_dags/example_sla_dag.py
[2026-05-29T19:16:04.607+0000] {processor.py:840} INFO - DAG(s) 'example_sla_dag' retrieved from /home/airflow/.local/lib/python3.8/site-packages/airflow/example_dags/example_sla_dag.py
[2026-05-29T19:16:04.732+0000] {logging_mixin.py:188} INFO - [2026-05-29T19:16:04.731+0000] {dag.py:3047} INFO - Sync 1 DAGs
[2026-05-29T19:16:04.819+0000] {logging_mixin.py:188} INFO - [2026-05-29T19:16:04.818+0000] {dag.py:3834} INFO - Setting next_dagrun for example_sla_dag to 2026-05-29 19:14:00+00:00, run_after=2026-05-29 19:16:00+00:00
[2026-05-29T19:16:04.922+0000] {processor.py:183} INFO - Processing /home/airflow/.local/lib/python3.8/site-packages/airflow/example_dags/example_sla_dag.py took 0.385 seconds
[2026-05-29T19:16:35.476+0000] {processor.py:161} INFO - Started process (PID=131) to work on /home/airflow/.local/lib/python3.8/site-packages/airflow/example_dags/example_sla_dag.py
[2026-05-29T19:16:35.477+0000] {processor.py:830} INFO - Processing file /home/airflow/.local/lib/python3.8/site-packages/airflow/example_dags/example_sla_dag.py for tasks to queue
[2026-05-29T19:16:35.479+0000] {logging_mixin.py:188} INFO - [2026-05-29T19:16:35.479+0000] {dagbag.py:540} INFO - Filling up the DagBag from /home/airflow/.local/lib/python3.8/site-packages/airflow/example_dags/example_sla_dag.py
[2026-05-29T19:16:35.487+0000] {processor.py:840} INFO - DAG(s) 'example_sla_dag' retrieved from /home/airflow/.local/lib/python3.8/site-packages/airflow/example_dags/example_sla_dag.py
[2026-05-29T19:16:35.507+0000] {logging_mixin.py:188} INFO - [2026-05-29T19:16:35.507+0000] {dag.py:3047} INFO - Sync 1 DAGs
[2026-05-29T19:16:35.528+0000] {logging_mixin.py:188} INFO - [2026-05-29T19:16:35.528+0000] {dag.py:3834} INFO - Setting next_dagrun for example_sla_dag to 2026-05-29 19:14:00+00:00, run_after=2026-05-29 19:16:00+00:00
[2026-05-29T19:16:35.547+0000] {processor.py:183} INFO - Processing /home/airflow/.local/lib/python3.8/site-packages/airflow/example_dags/example_sla_dag.py took 0.074 seconds
[2026-05-29T19:17:05.950+0000] {processor.py:161} INFO - Started process (PID=186) to work on /home/airflow/.local/lib/python3.8/site-packages/airflow/example_dags/example_sla_dag.py
[2026-05-29T19:17:05.953+0000] {processor.py:830} INFO - Processing file /home/airflow/.local/lib/python3.8/site-packages/airflow/example_dags/example_sla_dag.py for tasks to queue
[2026-05-29T19:17:05.955+0000] {logging_mixin.py:188} INFO - [2026-05-29T19:17:05.955+0000] {dagbag.py:540} INFO - Filling up the DagBag from /home/airflow/.local/lib/python3.8/site-packages/airflow/example_dags/example_sla_dag.py
[2026-05-29T19:17:05.962+0000] {processor.py:840} INFO - DAG(s) 'example_sla_dag' retrieved from /home/airflow/.local/lib/python3.8/site-packages/airflow/example_dags/example_sla_dag.py
[2026-05-29T19:17:05.983+0000] {logging_mixin.py:188} INFO - [2026-05-29T19:17:05.982+0000] {dag.py:3047} INFO - Sync 1 DAGs
[2026-05-29T19:17:06.004+0000] {logging_mixin.py:188} INFO - [2026-05-29T19:17:06.004+0000] {dag.py:3834} INFO - Setting next_dagrun for example_sla_dag to 2026-05-29 19:14:00+00:00, run_after=2026-05-29 19:16:00+00:00
[2026-05-29T19:17:06.024+0000] {processor.py:183} INFO - Processing /home/airflow/.local/lib/python3.8/site-packages/airflow/example_dags/example_sla_dag.py took 0.077 seconds
[2026-05-29T19:17:36.259+0000] {processor.py:161} INFO - Started process (PID=241) to work on /home/airflow/.local/lib/python3.8/site-packages/airflow/example_dags/example_sla_dag.py
[2026-05-29T19:17:36.261+0000] {processor.py:830} INFO - Processing file /home/airflow/.local/lib/python3.8/site-packages/airflow/example_dags/example_sla_dag.py for tasks to queue
[2026-05-29T19:17:36.266+0000] {logging_mixin.py:188} INFO - [2026-05-29T19:17:36.265+0000] {dagbag.py:540} INFO - Filling up the DagBag from /home/airflow/.local/lib/python3.8/site-packages/airflow/example_dags/example_sla_dag.py
[2026-05-29T19:17:36.279+0000] {processor.py:840} INFO - DAG(s) 'example_sla_dag' retrieved from /home/airflow/.local/lib/python3.8/site-packages/airflow/example_dags/example_sla_dag.py
[2026-05-29T19:17:36.319+0000] {logging_mixin.py:188} INFO - [2026-05-29T19:17:36.318+0000] {dag.py:3047} INFO - Sync 1 DAGs
[2026-05-29T19:17:36.355+0000] {logging_mixin.py:188} INFO - [2026-05-29T19:17:36.354+0000] {dag.py:3834} INFO - Setting next_dagrun for example_sla_dag to 2026-05-29 19:14:00+00:00, run_after=2026-05-29 19:16:00+00:00
[2026-05-29T19:17:36.385+0000] {processor.py:183} INFO - Processing /home/airflow/.local/lib/python3.8/site-packages/airflow/example_dags/example_sla_dag.py took 0.132 seconds
[2026-05-29T19:18:07.319+0000] {processor.py:161} INFO - Started process (PID=296) to work on /home/airflow/.local/lib/python3.8/site-packages/airflow/example_dags/example_sla_dag.py
[2026-05-29T19:18:07.321+0000] {processor.py:830} INFO - Processing file /home/airflow/.local/lib/python3.8/site-packages/airflow/example_dags/example_sla_dag.py for tasks to queue
[2026-05-29T19:18:07.323+0000] {logging_mixin.py:188} INFO - [2026-05-29T19:18:07.323+0000] {dagbag.py:540} INFO - Filling up the DagBag from /home/airflow/.local/lib/python3.8/site-packages/airflow/example_dags/example_sla_dag.py
[2026-05-29T19:18:07.337+0000] {processor.py:840} INFO - DAG(s) 'example_sla_dag' retrieved from /home/airflow/.local/lib/python3.8/site-packages/airflow/example_dags/example_sla_dag.py
[2026-05-29T19:18:07.361+0000] {logging_mixin.py:188} INFO - [2026-05-29T19:18:07.361+0000] {dag.py:3047} INFO - Sync 1 DAGs
[2026-05-29T19:18:07.386+0000] {logging_mixin.py:188} INFO - [2026-05-29T19:18:07.386+0000] {dag.py:3834} INFO - Setting next_dagrun for example_sla_dag to 2026-05-29 19:16:00+00:00, run_after=2026-05-29 19:18:00+00:00
[2026-05-29T19:18:07.409+0000] {processor.py:183} INFO - Processing /home/airflow/.local/lib/python3.8/site-packages/airflow/example_dags/example_sla_dag.py took 0.094 seconds
[2026-05-29T19:18:37.664+0000] {processor.py:161} INFO - Started process (PID=351) to work on /home/airflow/.local/lib/python3.8/site-packages/airflow/example_dags/example_sla_dag.py
[2026-05-29T19:18:37.666+0000] {processor.py:830} INFO - Processing file /home/airflow/.local/lib/python3.8/site-packages/airflow/example_dags/example_sla_dag.py for tasks to queue
[2026-05-29T19:18:37.667+0000] {logging_mixin.py:188} INFO - [2026-05-29T19:18:37.667+0000] {dagbag.py:540} INFO - Filling up the DagBag from /home/airflow/.local/lib/python3.8/site-packages/airflow/example_dags/example_sla_dag.py
[2026-05-29T19:18:37.676+0000] {processor.py:840} INFO - DAG(s) 'example_sla_dag' retrieved from /home/airflow/.local/lib/python3.8/site-packages/airflow/example_dags/example_sla_dag.py
[2026-05-29T19:18:37.696+0000] {logging_mixin.py:188} INFO - [2026-05-29T19:18:37.696+0000] {dag.py:3047} INFO - Sync 1 DAGs
[2026-05-29T19:18:37.720+0000] {logging_mixin.py:188} INFO - [2026-05-29T19:18:37.720+0000] {dag.py:3834} INFO - Setting next_dagrun for example_sla_dag to 2026-05-29 19:16:00+00:00, run_after=2026-05-29 19:18:00+00:00
[2026-05-29T19:18:37.743+0000] {processor.py:183} INFO - Processing /home/airflow/.local/lib/python3.8/site-packages/airflow/example_dags/example_sla_dag.py took 0.081 seconds
[2026-05-29T19:19:08.176+0000] {processor.py:161} INFO - Started process (PID=406) to work on /home/airflow/.local/lib/python3.8/site-packages/airflow/example_dags/example_sla_dag.py
[2026-05-29T19:19:08.180+0000] {processor.py:830} INFO - Processing file /home/airflow/.local/lib/python3.8/site-packages/airflow/example_dags/example_sla_dag.py for tasks to queue
[2026-05-29T19:19:08.184+0000] {logging_mixin.py:188} INFO - [2026-05-29T19:19:08.183+0000] {dagbag.py:540} INFO - Filling up the DagBag from /home/airflow/.local/lib/python3.8/site-packages/airflow/example_dags/example_sla_dag.py
[2026-05-29T19:19:08.193+0000] {processor.py:840} INFO - DAG(s) 'example_sla_dag' retrieved from /home/airflow/.local/lib/python3.8/site-packages/airflow/example_dags/example_sla_dag.py
[2026-05-29T19:19:08.224+0000] {logging_mixin.py:188} INFO - [2026-05-29T19:19:08.224+0000] {dag.py:3047} INFO - Sync 1 DAGs
[2026-05-29T19:19:08.252+0000] {logging_mixin.py:188} INFO - [2026-05-29T19:19:08.252+0000] {dag.py:3834} INFO - Setting next_dagrun for example_sla_dag to 2026-05-29 19:16:00+00:00, run_after=2026-05-29 19:18:00+00:00
[2026-05-29T19:19:08.290+0000] {processor.py:183} INFO - Processing /home/airflow/.local/lib/python3.8/site-packages/airflow/example_dags/example_sla_dag.py took 0.116 seconds
[2026-05-29T19:19:38.431+0000] {processor.py:161} INFO - Started process (PID=461) to work on /home/airflow/.local/lib/python3.8/site-packages/airflow/example_dags/example_sla_dag.py
[2026-05-29T19:19:38.433+0000] {processor.py:830} INFO - Processing file /home/airflow/.local/lib/python3.8/site-packages/airflow/example_dags/example_sla_dag.py for tasks to queue
[2026-05-29T19:19:38.436+0000] {logging_mixin.py:188} INFO - [2026-05-29T19:19:38.436+0000] {dagbag.py:540} INFO - Filling up the DagBag from /home/airflow/.local/lib/python3.8/site-packages/airflow/example_dags/example_sla_dag.py
[2026-05-29T19:19:38.444+0000] {processor.py:840} INFO - DAG(s) 'example_sla_dag' retrieved from /home/airflow/.local/lib/python3.8/site-packages/airflow/example_dags/example_sla_dag.py
[2026-05-29T19:19:38.466+0000] {logging_mixin.py:188} INFO - [2026-05-29T19:19:38.466+0000] {dag.py:3047} INFO - Sync 1 DAGs
[2026-05-29T19:19:38.488+0000] {logging_mixin.py:188} INFO - [2026-05-29T19:19:38.487+0000] {dag.py:3834} INFO - Setting next_dagrun for example_sla_dag to 2026-05-29 19:16:00+00:00, run_after=2026-05-29 19:18:00+00:00
[2026-05-29T19:19:38.508+0000] {processor.py:183} INFO - Processing /home/airflow/.local/lib/python3.8/site-packages/airflow/example_dags/example_sla_dag.py took 0.079 seconds
[2026-05-29T19:20:08.971+0000] {processor.py:161} INFO - Started process (PID=516) to work on /home/airflow/.local/lib/python3.8/site-packages/airflow/example_dags/example_sla_dag.py
[2026-05-29T19:20:08.973+0000] {processor.py:830} INFO - Processing file /home/airflow/.local/lib/python3.8/site-packages/airflow/example_dags/example_sla_dag.py for tasks to queue
[2026-05-29T19:20:08.976+0000] {logging_mixin.py:188} INFO - [2026-05-29T19:20:08.975+0000] {dagbag.py:540} INFO - Filling up the DagBag from /home/airflow/.local/lib/python3.8/site-packages/airflow/example_dags/example_sla_dag.py
[2026-05-29T19:20:08.990+0000] {processor.py:840} INFO - DAG(s) 'example_sla_dag' retrieved from /home/airflow/.local/lib/python3.8/site-packages/airflow/example_dags/example_sla_dag.py
[2026-05-29T19:20:09.029+0000] {logging_mixin.py:188} INFO - [2026-05-29T19:20:09.028+0000] {dag.py:3047} INFO - Sync 1 DAGs
[2026-05-29T19:20:09.063+0000] {logging_mixin.py:188} INFO - [2026-05-29T19:20:09.063+0000] {dag.py:3834} INFO - Setting next_dagrun for example_sla_dag to 2026-05-29 19:18:00+00:00, run_after=2026-05-29 19:20:00+00:00
[2026-05-29T19:20:09.089+0000] {processor.py:183} INFO - Processing /home/airflow/.local/lib/python3.8/site-packages/airflow/example_dags/example_sla_dag.py took 0.123 seconds
[2026-05-29T19:20:39.212+0000] {processor.py:161} INFO - Started process (PID=571) to work on /home/airflow/.local/lib/python3.8/site-packages/airflow/example_dags/example_sla_dag.py
[2026-05-29T19:20:39.213+0000] {processor.py:830} INFO - Processing file /home/airflow/.local/lib/python3.8/site-packages/airflow/example_dags/example_sla_dag.py for tasks to queue
[2026-05-29T19:20:39.215+0000] {logging_mixin.py:188} INFO - [2026-05-29T19:20:39.215+0000] {dagbag.py:540} INFO - Filling up the DagBag from /home/airflow/.local/lib/python3.8/site-packages/airflow/example_dags/example_sla_dag.py
[2026-05-29T19:20:39.225+0000] {processor.py:840} INFO - DAG(s) 'example_sla_dag' retrieved from /home/airflow/.local/lib/python3.8/site-packages/airflow/example_dags/example_sla_dag.py
[2026-05-29T19:20:39.245+0000] {logging_mixin.py:188} INFO - [2026-05-29T19:20:39.245+0000] {dag.py:3047} INFO - Sync 1 DAGs
[2026-05-29T19:20:39.268+0000] {logging_mixin.py:188} INFO - [2026-05-29T19:20:39.268+0000] {dag.py:3834} INFO - Setting next_dagrun for example_sla_dag to 2026-05-29 19:18:00+00:00, run_after=2026-05-29 19:20:00+00:00
[2026-05-29T19:20:39.291+0000] {processor.py:183} INFO - Processing /home/airflow/.local/lib/python3.8/site-packages/airflow/example_dags/example_sla_dag.py took 0.082 seconds
[2026-05-29T19:21:09.605+0000] {processor.py:161} INFO - Started process (PID=626) to work on /home/airflow/.local/lib/python3.8/site-packages/airflow/example_dags/example_sla_dag.py
[2026-05-29T19:21:09.606+0000] {processor.py:830} INFO - Processing file /home/airflow/.local/lib/python3.8/site-packages/airflow/example_dags/example_sla_dag.py for tasks to queue
[2026-05-29T19:21:09.608+0000] {logging_mixin.py:188} INFO - [2026-05-29T19:21:09.608+0000] {dagbag.py:540} INFO - Filling up the DagBag from /home/airflow/.local/lib/python3.8/site-packages/airflow/example_dags/example_sla_dag.py
[2026-05-29T19:21:09.616+0000] {processor.py:840} INFO - DAG(s) 'example_sla_dag' retrieved from /home/airflow/.local/lib/python3.8/site-packages/airflow/example_dags/example_sla_dag.py
[2026-05-29T19:21:09.637+0000] {logging_mixin.py:188} INFO - [2026-05-29T19:21:09.636+0000] {dag.py:3047} INFO - Sync 1 DAGs
[2026-05-29T19:21:09.658+0000] {logging_mixin.py:188} INFO - [2026-05-29T19:21:09.658+0000] {dag.py:3834} INFO - Setting next_dagrun for example_sla_dag to 2026-05-29 19:18:00+00:00, run_after=2026-05-29 19:20:00+00:00
[2026-05-29T19:21:09.680+0000] {processor.py:183} INFO - Processing /home/airflow/.local/lib/python3.8/site-packages/airflow/example_dags/example_sla_dag.py took 0.078 seconds
[2026-05-29T19:21:39.868+0000] {processor.py:161} INFO - Started process (PID=681) to work on /home/airflow/.local/lib/python3.8/site-packages/airflow/example_dags/example_sla_dag.py
[2026-05-29T19:21:39.870+0000] {processor.py:830} INFO - Processing file /home/airflow/.local/lib/python3.8/site-packages/airflow/example_dags/example_sla_dag.py for tasks to queue
[2026-05-29T19:21:39.872+0000] {logging_mixin.py:188} INFO - [2026-05-29T19:21:39.872+0000] {dagbag.py:540} INFO - Filling up the DagBag from /home/airflow/.local/lib/python3.8/site-packages/airflow/example_dags/example_sla_dag.py
[2026-05-29T19:21:39.881+0000] {processor.py:840} INFO - DAG(s) 'example_sla_dag' retrieved from /home/airflow/.local/lib/python3.8/site-packages/airflow/example_dags/example_sla_dag.py
[2026-05-29T19:21:39.908+0000] {logging_mixin.py:188} INFO - [2026-05-29T19:21:39.908+0000] {dag.py:3047} INFO - Sync 1 DAGs
[2026-05-29T19:21:39.936+0000] {logging_mixin.py:188} INFO - [2026-05-29T19:21:39.936+0000] {dag.py:3834} INFO - Setting next_dagrun for example_sla_dag to 2026-05-29 19:18:00+00:00, run_after=2026-05-29 19:20:00+00:00
[2026-05-29T19:21:39.959+0000] {processor.py:183} INFO - Processing /home/airflow/.local/lib/python3.8/site-packages/airflow/example_dags/example_sla_dag.py took 0.098 seconds
[2026-05-29T19:22:10.169+0000] {processor.py:161} INFO - Started process (PID=736) to work on /home/airflow/.local/lib/python3.8/site-packages/airflow/example_dags/example_sla_dag.py
[2026-05-29T19:22:10.170+0000] {processor.py:830} INFO - Processing file /home/airflow/.local/lib/python3.8/site-packages/airflow/example_dags/example_sla_dag.py for tasks to queue
[2026-05-29T19:22:10.172+0000] {logging_mixin.py:188} INFO - [2026-05-29T19:22:10.172+0000] {dagbag.py:540} INFO - Filling up the DagBag from /home/airflow/.local/lib/python3.8/site-packages/airflow/example_dags/example_sla_dag.py
[2026-05-29T19:22:10.179+0000] {processor.py:840} INFO - DAG(s) 'example_sla_dag' retrieved from /home/airflow/.local/lib/python3.8/site-packages/airflow/example_dags/example_sla_dag.py
[2026-05-29T19:22:10.199+0000] {logging_mixin.py:188} INFO - [2026-05-29T19:22:10.199+0000] {dag.py:3047} INFO - Sync 1 DAGs
[2026-05-29T19:22:10.218+0000] {logging_mixin.py:188} INFO - [2026-05-29T19:22:10.218+0000] {dag.py:3834} INFO - Setting next_dagrun for example_sla_dag to 2026-05-29 19:20:00+00:00, run_after=2026-05-29 19:22:00+00:00
[2026-05-29T19:22:10.241+0000] {processor.py:183} INFO - Processing /home/airflow/.local/lib/python3.8/site-packages/airflow/example_dags/example_sla_dag.py took 0.075 seconds
[2026-05-29T19:22:40.452+0000] {processor.py:161} INFO - Started process (PID=791) to work on /home/airflow/.local/lib/python3.8/site-packages/airflow/example_dags/example_sla_dag.py
[2026-05-29T19:22:40.453+0000] {processor.py:830} INFO - Processing file /home/airflow/.local/lib/python3.8/site-packages/airflow/example_dags/example_sla_dag.py for tasks to queue
[2026-05-29T19:22:40.455+0000] {logging_mixin.py:188} INFO - [2026-05-29T19:22:40.455+0000] {dagbag.py:540} INFO - Filling up the DagBag from /home/airflow/.local/lib/python3.8/site-packages/airflow/example_dags/example_sla_dag.py
[2026-05-29T19:22:40.461+0000] {processor.py:840} INFO - DAG(s) 'example_sla_dag' retrieved from /home/airflow/.local/lib/python3.8/site-packages/airflow/example_dags/example_sla_dag.py
[2026-05-29T19:22:40.487+0000] {logging_mixin.py:188} INFO - [2026-05-29T19:22:40.487+0000] {dag.py:3047} INFO - Sync 1 DAGs
[2026-05-29T19:22:40.507+0000] {logging_mixin.py:188} INFO - [2026-05-29T19:22:40.507+0000] {dag.py:3834} INFO - Setting next_dagrun for example_sla_dag to 2026-05-29 19:20:00+00:00, run_after=2026-05-29 19:22:00+00:00
[2026-05-29T19:22:40.529+0000] {processor.py:183} INFO - Processing /home/airflow/.local/lib/python3.8/site-packages/airflow/example_dags/example_sla_dag.py took 0.080 seconds
[2026-05-29T19:23:10.670+0000] {processor.py:161} INFO - Started process (PID=846) to work on /home/airflow/.local/lib/python3.8/site-packages/airflow/example_dags/example_sla_dag.py
[2026-05-29T19:23:10.671+0000] {processor.py:830} INFO - Processing file /home/airflow/.local/lib/python3.8/site-packages/airflow/example_dags/example_sla_dag.py for tasks to queue
[2026-05-29T19:23:10.673+0000] {logging_mixin.py:188} INFO - [2026-05-29T19:23:10.673+0000] {dagbag.py:540} INFO - Filling up the DagBag from /home/airflow/.local/lib/python3.8/site-packages/airflow/example_dags/example_sla_dag.py
[2026-05-29T19:23:10.680+0000] {processor.py:840} INFO - DAG(s) 'example_sla_dag' retrieved from /home/airflow/.local/lib/python3.8/site-packages/airflow/example_dags/example_sla_dag.py
[2026-05-29T19:23:10.704+0000] {logging_mixin.py:188} INFO - [2026-05-29T19:23:10.704+0000] {dag.py:3047} INFO - Sync 1 DAGs
[2026-05-29T19:23:10.735+0000] {logging_mixin.py:188} INFO - [2026-05-29T19:23:10.735+0000] {dag.py:3834} INFO - Setting next_dagrun for example_sla_dag to 2026-05-29 19:20:00+00:00, run_after=2026-05-29 19:22:00+00:00
[2026-05-29T19:23:10.754+0000] {processor.py:183} INFO - Processing /home/airflow/.local/lib/python3.8/site-packages/airflow/example_dags/example_sla_dag.py took 0.087 seconds
[2026-05-29T19:23:40.801+0000] {processor.py:161} INFO - Started process (PID=901) to work on /home/airflow/.local/lib/python3.8/site-packages/airflow/example_dags/example_sla_dag.py
[2026-05-29T19:23:40.803+0000] {processor.py:830} INFO - Processing file /home/airflow/.local/lib/python3.8/site-packages/airflow/example_dags/example_sla_dag.py for tasks to queue
[2026-05-29T19:23:40.805+0000] {logging_mixin.py:188} INFO - [2026-05-29T19:23:40.804+0000] {dagbag.py:540} INFO - Filling up the DagBag from /home/airflow/.local/lib/python3.8/site-packages/airflow/example_dags/example_sla_dag.py
[2026-05-29T19:23:40.811+0000] {processor.py:840} INFO - DAG(s) 'example_sla_dag' retrieved from /home/airflow/.local/lib/python3.8/site-packages/airflow/example_dags/example_sla_dag.py
[2026-05-29T19:23:40.832+0000] {logging_mixin.py:188} INFO - [2026-05-29T19:23:40.832+0000] {dag.py:3047} INFO - Sync 1 DAGs
[2026-05-29T19:23:40.856+0000] {logging_mixin.py:188} INFO - [2026-05-29T19:23:40.856+0000] {dag.py:3834} INFO - Setting next_dagrun for example_sla_dag to 2026-05-29 19:20:00+00:00, run_after=2026-05-29 19:22:00+00:00
[2026-05-29T19:23:40.878+0000] {processor.py:183} INFO - Processing /home/airflow/.local/lib/python3.8/site-packages/airflow/example_dags/example_sla_dag.py took 0.080 seconds
[2026-05-29T19:24:10.971+0000] {processor.py:161} INFO - Started process (PID=956) to work on /home/airflow/.local/lib/python3.8/site-packages/airflow/example_dags/example_sla_dag.py
[2026-05-29T19:24:10.973+0000] {processor.py:830} INFO - Processing file /home/airflow/.local/lib/python3.8/site-packages/airflow/example_dags/example_sla_dag.py for tasks to queue
[2026-05-29T19:24:10.976+0000] {logging_mixin.py:188} INFO - [2026-05-29T19:24:10.975+0000] {dagbag.py:540} INFO - Filling up the DagBag from /home/airflow/.local/lib/python3.8/site-packages/airflow/example_dags/example_sla_dag.py
[2026-05-29T19:24:10.984+0000] {processor.py:840} INFO - DAG(s) 'example_sla_dag' retrieved from /home/airflow/.local/lib/python3.8/site-packages/airflow/example_dags/example_sla_dag.py
[2026-05-29T19:24:11.007+0000] {logging_mixin.py:188} INFO - [2026-05-29T19:24:11.007+0000] {dag.py:3047} INFO - Sync 1 DAGs
[2026-05-29T19:24:11.030+0000] {logging_mixin.py:188} INFO - [2026-05-29T19:24:11.030+0000] {dag.py:3834} INFO - Setting next_dagrun for example_sla_dag to 2026-05-29 19:22:00+00:00, run_after=2026-05-29 19:24:00+00:00
[2026-05-29T19:24:11.052+0000] {processor.py:183} INFO - Processing /home/airflow/.local/lib/python3.8/site-packages/airflow/example_dags/example_sla_dag.py took 0.083 seconds
[2026-05-29T19:24:41.339+0000] {processor.py:161} INFO - Started process (PID=1011) to work on /home/airflow/.local/lib/python3.8/site-packages/airflow/example_dags/example_sla_dag.py
[2026-05-29T19:24:41.341+0000] {processor.py:830} INFO - Processing file /home/airflow/.local/lib/python3.8/site-packages/airflow/example_dags/example_sla_dag.py for tasks to queue
[2026-05-29T19:24:41.344+0000] {logging_mixin.py:188} INFO - [2026-05-29T19:24:41.343+0000] {dagbag.py:540} INFO - Filling up the DagBag from /home/airflow/.local/lib/python3.8/site-packages/airflow/example_dags/example_sla_dag.py
[2026-05-29T19:24:41.352+0000] {processor.py:840} INFO - DAG(s) 'example_sla_dag' retrieved from /home/airflow/.local/lib/python3.8/site-packages/airflow/example_dags/example_sla_dag.py
[2026-05-29T19:24:41.371+0000] {logging_mixin.py:188} INFO - [2026-05-29T19:24:41.371+0000] {dag.py:3047} INFO - Sync 1 DAGs
[2026-05-29T19:24:41.392+0000] {logging_mixin.py:188} INFO - [2026-05-29T19:24:41.392+0000] {dag.py:3834} INFO - Setting next_dagrun for example_sla_dag to 2026-05-29 19:22:00+00:00, run_after=2026-05-29 19:24:00+00:00
[2026-05-29T19:24:41.413+0000] {processor.py:183} INFO - Processing /home/airflow/.local/lib/python3.8/site-packages/airflow/example_dags/example_sla_dag.py took 0.078 seconds
[2026-05-29T19:25:11.647+0000] {processor.py:161} INFO - Started process (PID=1066) to work on /home/airflow/.local/lib/python3.8/site-packages/airflow/example_dags/example_sla_dag.py
[2026-05-29T19:25:11.648+0000] {processor.py:830} INFO - Processing file /home/airflow/.local/lib/python3.8/site-packages/airflow/example_dags/example_sla_dag.py for tasks to queue
[2026-05-29T19:25:11.650+0000] {logging_mixin.py:188} INFO - [2026-05-29T19:25:11.649+0000] {dagbag.py:540} INFO - Filling up the DagBag from /home/airflow/.local/lib/python3.8/site-packages/airflow/example_dags/example_sla_dag.py
[2026-05-29T19:25:11.656+0000] {processor.py:840} INFO - DAG(s) 'example_sla_dag' retrieved from /home/airflow/.local/lib/python3.8/site-packages/airflow/example_dags/example_sla_dag.py
[2026-05-29T19:25:11.674+0000] {logging_mixin.py:188} INFO - [2026-05-29T19:25:11.673+0000] {dag.py:3047} INFO - Sync 1 DAGs
[2026-05-29T19:25:11.696+0000] {logging_mixin.py:188} INFO - [2026-05-29T19:25:11.695+0000] {dag.py:3834} INFO - Setting next_dagrun for example_sla_dag to 2026-05-29 19:22:00+00:00, run_after=2026-05-29 19:24:00+00:00
[2026-05-29T19:25:11.719+0000] {processor.py:183} INFO - Processing /home/airflow/.local/lib/python3.8/site-packages/airflow/example_dags/example_sla_dag.py took 0.074 seconds
[2026-05-29T19:25:42.627+0000] {processor.py:161} INFO - Started process (PID=1121) to work on /home/airflow/.local/lib/python3.8/site-packages/airflow/example_dags/example_sla_dag.py
[2026-05-29T19:25:42.630+0000] {processor.py:830} INFO - Processing file /home/airflow/.local/lib/python3.8/site-packages/airflow/example_dags/example_sla_dag.py for tasks to queue
[2026-05-29T19:25:42.632+0000] {logging_mixin.py:188} INFO - [2026-05-29T19:25:42.631+0000] {dagbag.py:540} INFO - Filling up the DagBag from /home/airflow/.local/lib/python3.8/site-packages/airflow/example_dags/example_sla_dag.py
[2026-05-29T19:25:42.639+0000] {processor.py:840} INFO - DAG(s) 'example_sla_dag' retrieved from /home/airflow/.local/lib/python3.8/site-packages/airflow/example_dags/example_sla_dag.py
[2026-05-29T19:25:42.659+0000] {logging_mixin.py:188} INFO - [2026-05-29T19:25:42.659+0000] {dag.py:3047} INFO - Sync 1 DAGs
[2026-05-29T19:25:42.681+0000] {logging_mixin.py:188} INFO - [2026-05-29T19:25:42.680+0000] {dag.py:3834} INFO - Setting next_dagrun for example_sla_dag to 2026-05-29 19:22:00+00:00, run_after=2026-05-29 19:24:00+00:00
[2026-05-29T19:25:42.704+0000] {processor.py:183} INFO - Processing /home/airflow/.local/lib/python3.8/site-packages/airflow/example_dags/example_sla_dag.py took 0.080 seconds
[2026-05-29T19:26:13.604+0000] {processor.py:161} INFO - Started process (PID=1176) to work on /home/airflow/.local/lib/python3.8/site-packages/airflow/example_dags/example_sla_dag.py
[2026-05-29T19:26:13.605+0000] {processor.py:830} INFO - Processing file /home/airflow/.local/lib/python3.8/site-packages/airflow/example_dags/example_sla_dag.py for tasks to queue
[2026-05-29T19:26:13.607+0000] {logging_mixin.py:188} INFO - [2026-05-29T19:26:13.607+0000] {dagbag.py:540} INFO - Filling up the DagBag from /home/airflow/.local/lib/python3.8/site-packages/airflow/example_dags/example_sla_dag.py
[2026-05-29T19:26:13.616+0000] {processor.py:840} INFO - DAG(s) 'example_sla_dag' retrieved from /home/airflow/.local/lib/python3.8/site-packages/airflow/example_dags/example_sla_dag.py
[2026-05-29T19:26:13.639+0000] {logging_mixin.py:188} INFO - [2026-05-29T19:26:13.638+0000] {dag.py:3047} INFO - Sync 1 DAGs
[2026-05-29T19:26:13.659+0000] {logging_mixin.py:188} INFO - [2026-05-29T19:26:13.659+0000] {dag.py:3834} INFO - Setting next_dagrun for example_sla_dag to 2026-05-29 19:24:00+00:00, run_after=2026-05-29 19:26:00+00:00
[2026-05-29T19:26:13.681+0000] {processor.py:183} INFO - Processing /home/airflow/.local/lib/python3.8/site-packages/airflow/example_dags/example_sla_dag.py took 0.080 seconds
[2026-05-29T19:26:44.046+0000] {processor.py:161} INFO - Started process (PID=1231) to work on /home/airflow/.local/lib/python3.8/site-packages/airflow/example_dags/example_sla_dag.py
[2026-05-29T19:26:44.047+0000] {processor.py:830} INFO - Processing file /home/airflow/.local/lib/python3.8/site-packages/airflow/example_dags/example_sla_dag.py for tasks to queue
[2026-05-29T19:26:44.049+0000] {logging_mixin.py:188} INFO - [2026-05-29T19:26:44.048+0000] {dagbag.py:540} INFO - Filling up the DagBag from /home/airflow/.local/lib/python3.8/site-packages/airflow/example_dags/example_sla_dag.py
[2026-05-29T19:26:44.056+0000] {processor.py:840} INFO - DAG(s) 'example_sla_dag' retrieved from /home/airflow/.local/lib/python3.8/site-packages/airflow/example_dags/example_sla_dag.py
[2026-05-29T19:26:44.075+0000] {logging_mixin.py:188} INFO - [2026-05-29T19:26:44.075+0000] {dag.py:3047} INFO - Sync 1 DAGs
[2026-05-29T19:26:44.096+0000] {logging_mixin.py:188} INFO - [2026-05-29T19:26:44.096+0000] {dag.py:3834} INFO - Setting next_dagrun for example_sla_dag to 2026-05-29 19:24:00+00:00, run_after=2026-05-29 19:26:00+00:00
[2026-05-29T19:26:44.122+0000] {processor.py:183} INFO - Processing /home/airflow/.local/lib/python3.8/site-packages/airflow/example_dags/example_sla_dag.py took 0.080 seconds
[2026-05-29T19:27:14.173+0000] {processor.py:161} INFO - Started process (PID=1285) to work on /home/airflow/.local/lib/python3.8/site-packages/airflow/example_dags/example_sla_dag.py
[2026-05-29T19:27:14.174+0000] {processor.py:830} INFO - Processing file /home/airflow/.local/lib/python3.8/site-packages/airflow/example_dags/example_sla_dag.py for tasks to queue
[2026-05-29T19:27:14.177+0000] {logging_mixin.py:188} INFO - [2026-05-29T19:27:14.177+0000] {dagbag.py:540} INFO - Filling up the DagBag from /home/airflow/.local/lib/python3.8/site-packages/airflow/example_dags/example_sla_dag.py
[2026-05-29T19:27:14.185+0000] {processor.py:840} INFO - DAG(s) 'example_sla_dag' retrieved from /home/airflow/.local/lib/python3.8/site-packages/airflow/example_dags/example_sla_dag.py
[2026-05-29T19:27:14.205+0000] {logging_mixin.py:188} INFO - [2026-05-29T19:27:14.205+0000] {dag.py:3047} INFO - Sync 1 DAGs
[2026-05-29T19:27:14.224+0000] {logging_mixin.py:188} INFO - [2026-05-29T19:27:14.224+0000] {dag.py:3834} INFO - Setting next_dagrun for example_sla_dag to 2026-05-29 19:24:00+00:00, run_after=2026-05-29 19:26:00+00:00
[2026-05-29T19:27:14.242+0000] {processor.py:183} INFO - Processing /home/airflow/.local/lib/python3.8/site-packages/airflow/example_dags/example_sla_dag.py took 0.071 seconds
[2026-05-29T19:27:45.184+0000] {processor.py:161} INFO - Started process (PID=1341) to work on /home/airflow/.local/lib/python3.8/site-packages/airflow/example_dags/example_sla_dag.py
[2026-05-29T19:27:45.186+0000] {processor.py:830} INFO - Processing file /home/airflow/.local/lib/python3.8/site-packages/airflow/example_dags/example_sla_dag.py for tasks to queue
[2026-05-29T19:27:45.188+0000] {logging_mixin.py:188} INFO - [2026-05-29T19:27:45.188+0000] {dagbag.py:540} INFO - Filling up the DagBag from /home/airflow/.local/lib/python3.8/site-packages/airflow/example_dags/example_sla_dag.py
[2026-05-29T19:27:45.204+0000] {processor.py:840} INFO - DAG(s) 'example_sla_dag' retrieved from /home/airflow/.local/lib/python3.8/site-packages/airflow/example_dags/example_sla_dag.py
[2026-05-29T19:27:45.237+0000] {logging_mixin.py:188} INFO - [2026-05-29T19:27:45.237+0000] {dag.py:3047} INFO - Sync 1 DAGs
[2026-05-29T19:27:45.276+0000] {logging_mixin.py:188} INFO - [2026-05-29T19:27:45.276+0000] {dag.py:3834} INFO - Setting next_dagrun for example_sla_dag to 2026-05-29 19:24:00+00:00, run_after=2026-05-29 19:26:00+00:00
[2026-05-29T19:27:45.308+0000] {processor.py:183} INFO - Processing /home/airflow/.local/lib/python3.8/site-packages/airflow/example_dags/example_sla_dag.py took 0.129 seconds
[2026-05-29T19:28:16.093+0000] {processor.py:161} INFO - Started process (PID=1396) to work on /home/airflow/.local/lib/python3.8/site-packages/airflow/example_dags/example_sla_dag.py
[2026-05-29T19:28:16.094+0000] {processor.py:830} INFO - Processing file /home/airflow/.local/lib/python3.8/site-packages/airflow/example_dags/example_sla_dag.py for tasks to queue
[2026-05-29T19:28:16.097+0000] {logging_mixin.py:188} INFO - [2026-05-29T19:28:16.097+0000] {dagbag.py:540} INFO - Filling up the DagBag from /home/airflow/.local/lib/python3.8/site-packages/airflow/example_dags/example_sla_dag.py
[2026-05-29T19:28:16.104+0000] {processor.py:840} INFO - DAG(s) 'example_sla_dag' retrieved from /home/airflow/.local/lib/python3.8/site-packages/airflow/example_dags/example_sla_dag.py
[2026-05-29T19:28:16.137+0000] {logging_mixin.py:188} INFO - [2026-05-29T19:28:16.137+0000] {dag.py:3047} INFO - Sync 1 DAGs
[2026-05-29T19:28:16.165+0000] {logging_mixin.py:188} INFO - [2026-05-29T19:28:16.165+0000] {dag.py:3834} INFO - Setting next_dagrun for example_sla_dag to 2026-05-29 19:26:00+00:00, run_after=2026-05-29 19:28:00+00:00
[2026-05-29T19:28:16.198+0000] {processor.py:183} INFO - Processing /home/airflow/.local/lib/python3.8/site-packages/airflow/example_dags/example_sla_dag.py took 0.108 seconds
[2026-05-29T19:28:46.415+0000] {processor.py:161} INFO - Started process (PID=1450) to work on /home/airflow/.local/lib/python3.8/site-packages/airflow/example_dags/example_sla_dag.py
[2026-05-29T19:28:46.417+0000] {processor.py:830} INFO - Processing file /home/airflow/.local/lib/python3.8/site-packages/airflow/example_dags/example_sla_dag.py for tasks to queue
[2026-05-29T19:28:46.421+0000] {logging_mixin.py:188} INFO - [2026-05-29T19:28:46.420+0000] {dagbag.py:540} INFO - Filling up the DagBag from /home/airflow/.local/lib/python3.8/site-packages/airflow/example_dags/example_sla_dag.py
[2026-05-29T19:28:46.430+0000] {processor.py:840} INFO - DAG(s) 'example_sla_dag' retrieved from /home/airflow/.local/lib/python3.8/site-packages/airflow/example_dags/example_sla_dag.py
[2026-05-29T19:28:46.450+0000] {logging_mixin.py:188} INFO - [2026-05-29T19:28:46.449+0000] {dag.py:3047} INFO - Sync 1 DAGs
[2026-05-29T19:28:46.469+0000] {logging_mixin.py:188} INFO - [2026-05-29T19:28:46.469+0000] {dag.py:3834} INFO - Setting next_dagrun for example_sla_dag to 2026-05-29 19:26:00+00:00, run_after=2026-05-29 19:28:00+00:00
[2026-05-29T19:28:46.491+0000] {processor.py:183} INFO - Processing /home/airflow/.local/lib/python3.8/site-packages/airflow/example_dags/example_sla_dag.py took 0.080 seconds
[2026-05-29T19:29:16.921+0000] {processor.py:161} INFO - Started process (PID=1505) to work on /home/airflow/.local/lib/python3.8/site-packages/airflow/example_dags/example_sla_dag.py
[2026-05-29T19:29:16.922+0000] {processor.py:830} INFO - Processing file /home/airflow/.local/lib/python3.8/site-packages/airflow/example_dags/example_sla_dag.py for tasks to queue
[2026-05-29T19:29:16.924+0000] {logging_mixin.py:188} INFO - [2026-05-29T19:29:16.924+0000] {dagbag.py:540} INFO - Filling up the DagBag from /home/airflow/.local/lib/python3.8/site-packages/airflow/example_dags/example_sla_dag.py
[2026-05-29T19:29:16.931+0000] {processor.py:840} INFO - DAG(s) 'example_sla_dag' retrieved from /home/airflow/.local/lib/python3.8/site-packages/airflow/example_dags/example_sla_dag.py
[2026-05-29T19:29:16.951+0000] {logging_mixin.py:188} INFO - [2026-05-29T19:29:16.950+0000] {dag.py:3047} INFO - Sync 1 DAGs
[2026-05-29T19:29:16.973+0000] {logging_mixin.py:188} INFO - [2026-05-29T19:29:16.972+0000] {dag.py:3834} INFO - Setting next_dagrun for example_sla_dag to 2026-05-29 19:26:00+00:00, run_after=2026-05-29 19:28:00+00:00
[2026-05-29T19:29:16.993+0000] {processor.py:183} INFO - Processing /home/airflow/.local/lib/python3.8/site-packages/airflow/example_dags/example_sla_dag.py took 0.075 seconds
[2026-05-29T19:29:47.459+0000] {processor.py:161} INFO - Started process (PID=1560) to work on /home/airflow/.local/lib/python3.8/site-packages/airflow/example_dags/example_sla_dag.py
[2026-05-29T19:29:47.461+0000] {processor.py:830} INFO - Processing file /home/airflow/.local/lib/python3.8/site-packages/airflow/example_dags/example_sla_dag.py for tasks to queue
[2026-05-29T19:29:47.463+0000] {logging_mixin.py:188} INFO - [2026-05-29T19:29:47.462+0000] {dagbag.py:540} INFO - Filling up the DagBag from /home/airflow/.local/lib/python3.8/site-packages/airflow/example_dags/example_sla_dag.py
[2026-05-29T19:29:47.472+0000] {processor.py:840} INFO - DAG(s) 'example_sla_dag' retrieved from /home/airflow/.local/lib/python3.8/site-packages/airflow/example_dags/example_sla_dag.py
[2026-05-29T19:29:47.489+0000] {logging_mixin.py:188} INFO - [2026-05-29T19:29:47.489+0000] {dag.py:3047} INFO - Sync 1 DAGs
[2026-05-29T19:29:47.509+0000] {logging_mixin.py:188} INFO - [2026-05-29T19:29:47.509+0000] {dag.py:3834} INFO - Setting next_dagrun for example_sla_dag to 2026-05-29 19:26:00+00:00, run_after=2026-05-29 19:28:00+00:00
[2026-05-29T19:29:47.535+0000] {processor.py:183} INFO - Processing /home/airflow/.local/lib/python3.8/site-packages/airflow/example_dags/example_sla_dag.py took 0.079 seconds
[2026-05-29T19:30:17.716+0000] {processor.py:161} INFO - Started process (PID=1615) to work on /home/airflow/.local/lib/python3.8/site-packages/airflow/example_dags/example_sla_dag.py
[2026-05-29T19:30:17.718+0000] {processor.py:830} INFO - Processing file /home/airflow/.local/lib/python3.8/site-packages/airflow/example_dags/example_sla_dag.py for tasks to queue
[2026-05-29T19:30:17.720+0000] {logging_mixin.py:188} INFO - [2026-05-29T19:30:17.719+0000] {dagbag.py:540} INFO - Filling up the DagBag from /home/airflow/.local/lib/python3.8/site-packages/airflow/example_dags/example_sla_dag.py
[2026-05-29T19:30:17.727+0000] {processor.py:840} INFO - DAG(s) 'example_sla_dag' retrieved from /home/airflow/.local/lib/python3.8/site-packages/airflow/example_dags/example_sla_dag.py
[2026-05-29T19:30:17.763+0000] {logging_mixin.py:188} INFO - [2026-05-29T19:30:17.762+0000] {dag.py:3047} INFO - Sync 1 DAGs
[2026-05-29T19:30:17.785+0000] {logging_mixin.py:188} INFO - [2026-05-29T19:30:17.785+0000] {dag.py:3834} INFO - Setting next_dagrun for example_sla_dag to 2026-05-29 19:28:00+00:00, run_after=2026-05-29 19:30:00+00:00
[2026-05-29T19:30:17.804+0000] {processor.py:183} INFO - Processing /home/airflow/.local/lib/python3.8/site-packages/airflow/example_dags/example_sla_dag.py took 0.090 seconds
[2026-05-29T19:30:47.940+0000] {processor.py:161} INFO - Started process (PID=1670) to work on /home/airflow/.local/lib/python3.8/site-packages/airflow/example_dags/example_sla_dag.py
[2026-05-29T19:30:47.941+0000] {processor.py:830} INFO - Processing file /home/airflow/.local/lib/python3.8/site-packages/airflow/example_dags/example_sla_dag.py for tasks to queue
[2026-05-29T19:30:47.943+0000] {logging_mixin.py:188} INFO - [2026-05-29T19:30:47.943+0000] {dagbag.py:540} INFO - Filling up the DagBag from /home/airflow/.local/lib/python3.8/site-packages/airflow/example_dags/example_sla_dag.py
[2026-05-29T19:30:47.950+0000] {processor.py:840} INFO - DAG(s) 'example_sla_dag' retrieved from /home/airflow/.local/lib/python3.8/site-packages/airflow/example_dags/example_sla_dag.py
[2026-05-29T19:30:47.973+0000] {logging_mixin.py:188} INFO - [2026-05-29T19:30:47.973+0000] {dag.py:3047} INFO - Sync 1 DAGs
[2026-05-29T19:30:47.996+0000] {logging_mixin.py:188} INFO - [2026-05-29T19:30:47.996+0000] {dag.py:3834} INFO - Setting next_dagrun for example_sla_dag to 2026-05-29 19:28:00+00:00, run_after=2026-05-29 19:30:00+00:00
[2026-05-29T19:30:48.018+0000] {processor.py:183} INFO - Processing /home/airflow/.local/lib/python3.8/site-packages/airflow/example_dags/example_sla_dag.py took 0.080 seconds
[2026-05-29T19:31:18.064+0000] {processor.py:161} INFO - Started process (PID=1724) to work on /home/airflow/.local/lib/python3.8/site-packages/airflow/example_dags/example_sla_dag.py
[2026-05-29T19:31:18.065+0000] {processor.py:830} INFO - Processing file /home/airflow/.local/lib/python3.8/site-packages/airflow/example_dags/example_sla_dag.py for tasks to queue
[2026-05-29T19:31:18.067+0000] {logging_mixin.py:188} INFO - [2026-05-29T19:31:18.067+0000] {dagbag.py:540} INFO - Filling up the DagBag from /home/airflow/.local/lib/python3.8/site-packages/airflow/example_dags/example_sla_dag.py
[2026-05-29T19:31:18.074+0000] {processor.py:840} INFO - DAG(s) 'example_sla_dag' retrieved from /home/airflow/.local/lib/python3.8/site-packages/airflow/example_dags/example_sla_dag.py
[2026-05-29T19:31:18.090+0000] {logging_mixin.py:188} INFO - [2026-05-29T19:31:18.090+0000] {dag.py:3047} INFO - Sync 1 DAGs
[2026-05-29T19:31:18.107+0000] {logging_mixin.py:188} INFO - [2026-05-29T19:31:18.107+0000] {dag.py:3834} INFO - Setting next_dagrun for example_sla_dag to 2026-05-29 19:28:00+00:00, run_after=2026-05-29 19:30:00+00:00
[2026-05-29T19:31:18.125+0000] {processor.py:183} INFO - Processing /home/airflow/.local/lib/python3.8/site-packages/airflow/example_dags/example_sla_dag.py took 0.064 seconds
[2026-05-29T19:31:48.659+0000] {processor.py:161} INFO - Started process (PID=1780) to work on /home/airflow/.local/lib/python3.8/site-packages/airflow/example_dags/example_sla_dag.py
[2026-05-29T19:31:48.660+0000] {processor.py:830} INFO - Processing file /home/airflow/.local/lib/python3.8/site-packages/airflow/example_dags/example_sla_dag.py for tasks to queue
[2026-05-29T19:31:48.662+0000] {logging_mixin.py:188} INFO - [2026-05-29T19:31:48.662+0000] {dagbag.py:540} INFO - Filling up the DagBag from /home/airflow/.local/lib/python3.8/site-packages/airflow/example_dags/example_sla_dag.py
[2026-05-29T19:31:48.670+0000] {processor.py:840} INFO - DAG(s) 'example_sla_dag' retrieved from /home/airflow/.local/lib/python3.8/site-packages/airflow/example_dags/example_sla_dag.py
[2026-05-29T19:31:48.689+0000] {logging_mixin.py:188} INFO - [2026-05-29T19:31:48.689+0000] {dag.py:3047} INFO - Sync 1 DAGs
[2026-05-29T19:31:48.711+0000] {logging_mixin.py:188} INFO - [2026-05-29T19:31:48.711+0000] {dag.py:3834} INFO - Setting next_dagrun for example_sla_dag to 2026-05-29 19:28:00+00:00, run_after=2026-05-29 19:30:00+00:00
[2026-05-29T19:31:48.734+0000] {processor.py:183} INFO - Processing /home/airflow/.local/lib/python3.8/site-packages/airflow/example_dags/example_sla_dag.py took 0.078 seconds
[2026-05-29T19:32:18.822+0000] {processor.py:161} INFO - Started process (PID=1835) to work on /home/airflow/.local/lib/python3.8/site-packages/airflow/example_dags/example_sla_dag.py
[2026-05-29T19:32:18.824+0000] {processor.py:830} INFO - Processing file /home/airflow/.local/lib/python3.8/site-packages/airflow/example_dags/example_sla_dag.py for tasks to queue
[2026-05-29T19:32:18.826+0000] {logging_mixin.py:188} INFO - [2026-05-29T19:32:18.826+0000] {dagbag.py:540} INFO - Filling up the DagBag from /home/airflow/.local/lib/python3.8/site-packages/airflow/example_dags/example_sla_dag.py
[2026-05-29T19:32:18.835+0000] {processor.py:840} INFO - DAG(s) 'example_sla_dag' retrieved from /home/airflow/.local/lib/python3.8/site-packages/airflow/example_dags/example_sla_dag.py
[2026-05-29T19:32:18.857+0000] {logging_mixin.py:188} INFO - [2026-05-29T19:32:18.857+0000] {dag.py:3047} INFO - Sync 1 DAGs
[2026-05-29T19:32:18.879+0000] {logging_mixin.py:188} INFO - [2026-05-29T19:32:18.879+0000] {dag.py:3834} INFO - Setting next_dagrun for example_sla_dag to 2026-05-29 19:30:00+00:00, run_after=2026-05-29 19:32:00+00:00
[2026-05-29T19:32:18.901+0000] {processor.py:183} INFO - Processing /home/airflow/.local/lib/python3.8/site-packages/airflow/example_dags/example_sla_dag.py took 0.083 seconds
[2026-05-29T19:32:49.297+0000] {processor.py:161} INFO - Started process (PID=1891) to work on /home/airflow/.local/lib/python3.8/site-packages/airflow/example_dags/example_sla_dag.py
[2026-05-29T19:32:49.300+0000] {processor.py:830} INFO - Processing file /home/airflow/.local/lib/python3.8/site-packages/airflow/example_dags/example_sla_dag.py for tasks to queue
[2026-05-29T19:32:49.302+0000] {logging_mixin.py:188} INFO - [2026-05-29T19:32:49.302+0000] {dagbag.py:540} INFO - Filling up the DagBag from /home/airflow/.local/lib/python3.8/site-packages/airflow/example_dags/example_sla_dag.py
[2026-05-29T19:32:49.308+0000] {processor.py:840} INFO - DAG(s) 'example_sla_dag' retrieved from /home/airflow/.local/lib/python3.8/site-packages/airflow/example_dags/example_sla_dag.py
[2026-05-29T19:32:49.325+0000] {logging_mixin.py:188} INFO - [2026-05-29T19:32:49.324+0000] {dag.py:3047} INFO - Sync 1 DAGs
[2026-05-29T19:32:49.343+0000] {logging_mixin.py:188} INFO - [2026-05-29T19:32:49.343+0000] {dag.py:3834} INFO - Setting next_dagrun for example_sla_dag to 2026-05-29 19:30:00+00:00, run_after=2026-05-29 19:32:00+00:00
[2026-05-29T19:32:49.363+0000] {processor.py:183} INFO - Processing /home/airflow/.local/lib/python3.8/site-packages/airflow/example_dags/example_sla_dag.py took 0.068 seconds
[2026-05-29T19:33:19.661+0000] {processor.py:161} INFO - Started process (PID=1946) to work on /home/airflow/.local/lib/python3.8/site-packages/airflow/example_dags/example_sla_dag.py
[2026-05-29T19:33:19.662+0000] {processor.py:830} INFO - Processing file /home/airflow/.local/lib/python3.8/site-packages/airflow/example_dags/example_sla_dag.py for tasks to queue
[2026-05-29T19:33:19.665+0000] {logging_mixin.py:188} INFO - [2026-05-29T19:33:19.665+0000] {dagbag.py:540} INFO - Filling up the DagBag from /home/airflow/.local/lib/python3.8/site-packages/airflow/example_dags/example_sla_dag.py
[2026-05-29T19:33:19.672+0000] {processor.py:840} INFO - DAG(s) 'example_sla_dag' retrieved from /home/airflow/.local/lib/python3.8/site-packages/airflow/example_dags/example_sla_dag.py
[2026-05-29T19:33:19.691+0000] {logging_mixin.py:188} INFO - [2026-05-29T19:33:19.690+0000] {dag.py:3047} INFO - Sync 1 DAGs
[2026-05-29T19:33:19.712+0000] {logging_mixin.py:188} INFO - [2026-05-29T19:33:19.712+0000] {dag.py:3834} INFO - Setting next_dagrun for example_sla_dag to 2026-05-29 19:30:00+00:00, run_after=2026-05-29 19:32:00+00:00
[2026-05-29T19:33:19.735+0000] {processor.py:183} INFO - Processing /home/airflow/.local/lib/python3.8/site-packages/airflow/example_dags/example_sla_dag.py took 0.077 seconds
[2026-05-29T19:33:50.230+0000] {processor.py:161} INFO - Started process (PID=2001) to work on /home/airflow/.local/lib/python3.8/site-packages/airflow/example_dags/example_sla_dag.py
[2026-05-29T19:33:50.231+0000] {processor.py:830} INFO - Processing file /home/airflow/.local/lib/python3.8/site-packages/airflow/example_dags/example_sla_dag.py for tasks to queue
[2026-05-29T19:33:50.233+0000] {logging_mixin.py:188} INFO - [2026-05-29T19:33:50.233+0000] {dagbag.py:540} INFO - Filling up the DagBag from /home/airflow/.local/lib/python3.8/site-packages/airflow/example_dags/example_sla_dag.py
[2026-05-29T19:33:50.240+0000] {processor.py:840} INFO - DAG(s) 'example_sla_dag' retrieved from /home/airflow/.local/lib/python3.8/site-packages/airflow/example_dags/example_sla_dag.py
[2026-05-29T19:33:50.256+0000] {logging_mixin.py:188} INFO - [2026-05-29T19:33:50.255+0000] {dag.py:3047} INFO - Sync 1 DAGs
[2026-05-29T19:33:50.274+0000] {logging_mixin.py:188} INFO - [2026-05-29T19:33:50.274+0000] {dag.py:3834} INFO - Setting next_dagrun for example_sla_dag to 2026-05-29 19:30:00+00:00, run_after=2026-05-29 19:32:00+00:00
[2026-05-29T19:33:50.291+0000] {processor.py:183} INFO - Processing /home/airflow/.local/lib/python3.8/site-packages/airflow/example_dags/example_sla_dag.py took 0.063 seconds
