[2026-05-29T19:16:08.260+0000] {processor.py:161} INFO - Started process (PID=99) to work on /home/airflow/.local/lib/python3.8/site-packages/airflow/example_dags/example_local_kubernetes_executor.py
[2026-05-29T19:16:08.268+0000] {processor.py:830} INFO - Processing file /home/airflow/.local/lib/python3.8/site-packages/airflow/example_dags/example_local_kubernetes_executor.py for tasks to queue
[2026-05-29T19:16:08.272+0000] {logging_mixin.py:188} INFO - [2026-05-29T19:16:08.271+0000] {dagbag.py:540} INFO - Filling up the DagBag from /home/airflow/.local/lib/python3.8/site-packages/airflow/example_dags/example_local_kubernetes_executor.py
[2026-05-29T19:16:08.283+0000] {processor.py:840} INFO - DAG(s) 'example_local_kubernetes_executor' retrieved from /home/airflow/.local/lib/python3.8/site-packages/airflow/example_dags/example_local_kubernetes_executor.py
[2026-05-29T19:16:08.340+0000] {logging_mixin.py:188} INFO - [2026-05-29T19:16:08.339+0000] {dag.py:3047} INFO - Sync 1 DAGs
[2026-05-29T19:16:08.361+0000] {logging_mixin.py:188} INFO - [2026-05-29T19:16:08.361+0000] {dag.py:3834} INFO - Setting next_dagrun for example_local_kubernetes_executor to None, run_after=None
[2026-05-29T19:16:08.400+0000] {processor.py:183} INFO - Processing /home/airflow/.local/lib/python3.8/site-packages/airflow/example_dags/example_local_kubernetes_executor.py took 0.147 seconds
[2026-05-29T19:16:38.964+0000] {processor.py:161} INFO - Started process (PID=154) to work on /home/airflow/.local/lib/python3.8/site-packages/airflow/example_dags/example_local_kubernetes_executor.py
[2026-05-29T19:16:38.966+0000] {processor.py:830} INFO - Processing file /home/airflow/.local/lib/python3.8/site-packages/airflow/example_dags/example_local_kubernetes_executor.py for tasks to queue
[2026-05-29T19:16:38.968+0000] {logging_mixin.py:188} INFO - [2026-05-29T19:16:38.968+0000] {dagbag.py:540} INFO - Filling up the DagBag from /home/airflow/.local/lib/python3.8/site-packages/airflow/example_dags/example_local_kubernetes_executor.py
[2026-05-29T19:16:38.976+0000] {processor.py:840} INFO - DAG(s) 'example_local_kubernetes_executor' retrieved from /home/airflow/.local/lib/python3.8/site-packages/airflow/example_dags/example_local_kubernetes_executor.py
[2026-05-29T19:16:39.014+0000] {logging_mixin.py:188} INFO - [2026-05-29T19:16:39.014+0000] {dag.py:3047} INFO - Sync 1 DAGs
[2026-05-29T19:16:39.027+0000] {logging_mixin.py:188} INFO - [2026-05-29T19:16:39.027+0000] {dag.py:3834} INFO - Setting next_dagrun for example_local_kubernetes_executor to None, run_after=None
[2026-05-29T19:16:39.053+0000] {processor.py:183} INFO - Processing /home/airflow/.local/lib/python3.8/site-packages/airflow/example_dags/example_local_kubernetes_executor.py took 0.093 seconds
[2026-05-29T19:17:09.129+0000] {processor.py:161} INFO - Started process (PID=209) to work on /home/airflow/.local/lib/python3.8/site-packages/airflow/example_dags/example_local_kubernetes_executor.py
[2026-05-29T19:17:09.131+0000] {processor.py:830} INFO - Processing file /home/airflow/.local/lib/python3.8/site-packages/airflow/example_dags/example_local_kubernetes_executor.py for tasks to queue
[2026-05-29T19:17:09.133+0000] {logging_mixin.py:188} INFO - [2026-05-29T19:17:09.133+0000] {dagbag.py:540} INFO - Filling up the DagBag from /home/airflow/.local/lib/python3.8/site-packages/airflow/example_dags/example_local_kubernetes_executor.py
[2026-05-29T19:17:09.140+0000] {processor.py:840} INFO - DAG(s) 'example_local_kubernetes_executor' retrieved from /home/airflow/.local/lib/python3.8/site-packages/airflow/example_dags/example_local_kubernetes_executor.py
[2026-05-29T19:17:09.175+0000] {logging_mixin.py:188} INFO - [2026-05-29T19:17:09.175+0000] {dag.py:3047} INFO - Sync 1 DAGs
[2026-05-29T19:17:09.186+0000] {logging_mixin.py:188} INFO - [2026-05-29T19:17:09.186+0000] {dag.py:3834} INFO - Setting next_dagrun for example_local_kubernetes_executor to None, run_after=None
[2026-05-29T19:17:09.205+0000] {processor.py:183} INFO - Processing /home/airflow/.local/lib/python3.8/site-packages/airflow/example_dags/example_local_kubernetes_executor.py took 0.082 seconds
[2026-05-29T19:17:39.692+0000] {processor.py:161} INFO - Started process (PID=264) to work on /home/airflow/.local/lib/python3.8/site-packages/airflow/example_dags/example_local_kubernetes_executor.py
[2026-05-29T19:17:39.694+0000] {processor.py:830} INFO - Processing file /home/airflow/.local/lib/python3.8/site-packages/airflow/example_dags/example_local_kubernetes_executor.py for tasks to queue
[2026-05-29T19:17:39.697+0000] {logging_mixin.py:188} INFO - [2026-05-29T19:17:39.696+0000] {dagbag.py:540} INFO - Filling up the DagBag from /home/airflow/.local/lib/python3.8/site-packages/airflow/example_dags/example_local_kubernetes_executor.py
[2026-05-29T19:17:39.705+0000] {processor.py:840} INFO - DAG(s) 'example_local_kubernetes_executor' retrieved from /home/airflow/.local/lib/python3.8/site-packages/airflow/example_dags/example_local_kubernetes_executor.py
[2026-05-29T19:17:39.753+0000] {logging_mixin.py:188} INFO - [2026-05-29T19:17:39.752+0000] {dag.py:3047} INFO - Sync 1 DAGs
[2026-05-29T19:17:39.769+0000] {logging_mixin.py:188} INFO - [2026-05-29T19:17:39.768+0000] {dag.py:3834} INFO - Setting next_dagrun for example_local_kubernetes_executor to None, run_after=None
[2026-05-29T19:17:39.792+0000] {processor.py:183} INFO - Processing /home/airflow/.local/lib/python3.8/site-packages/airflow/example_dags/example_local_kubernetes_executor.py took 0.104 seconds
[2026-05-29T19:18:10.691+0000] {processor.py:161} INFO - Started process (PID=319) to work on /home/airflow/.local/lib/python3.8/site-packages/airflow/example_dags/example_local_kubernetes_executor.py
[2026-05-29T19:18:10.693+0000] {processor.py:830} INFO - Processing file /home/airflow/.local/lib/python3.8/site-packages/airflow/example_dags/example_local_kubernetes_executor.py for tasks to queue
[2026-05-29T19:18:10.695+0000] {logging_mixin.py:188} INFO - [2026-05-29T19:18:10.695+0000] {dagbag.py:540} INFO - Filling up the DagBag from /home/airflow/.local/lib/python3.8/site-packages/airflow/example_dags/example_local_kubernetes_executor.py
[2026-05-29T19:18:10.702+0000] {processor.py:840} INFO - DAG(s) 'example_local_kubernetes_executor' retrieved from /home/airflow/.local/lib/python3.8/site-packages/airflow/example_dags/example_local_kubernetes_executor.py
[2026-05-29T19:18:10.731+0000] {logging_mixin.py:188} INFO - [2026-05-29T19:18:10.730+0000] {dag.py:3047} INFO - Sync 1 DAGs
[2026-05-29T19:18:10.741+0000] {logging_mixin.py:188} INFO - [2026-05-29T19:18:10.741+0000] {dag.py:3834} INFO - Setting next_dagrun for example_local_kubernetes_executor to None, run_after=None
[2026-05-29T19:18:10.759+0000] {processor.py:183} INFO - Processing /home/airflow/.local/lib/python3.8/site-packages/airflow/example_dags/example_local_kubernetes_executor.py took 0.071 seconds
[2026-05-29T19:18:41.380+0000] {processor.py:161} INFO - Started process (PID=374) to work on /home/airflow/.local/lib/python3.8/site-packages/airflow/example_dags/example_local_kubernetes_executor.py
[2026-05-29T19:18:41.383+0000] {processor.py:830} INFO - Processing file /home/airflow/.local/lib/python3.8/site-packages/airflow/example_dags/example_local_kubernetes_executor.py for tasks to queue
[2026-05-29T19:18:41.389+0000] {logging_mixin.py:188} INFO - [2026-05-29T19:18:41.389+0000] {dagbag.py:540} INFO - Filling up the DagBag from /home/airflow/.local/lib/python3.8/site-packages/airflow/example_dags/example_local_kubernetes_executor.py
[2026-05-29T19:18:41.398+0000] {processor.py:840} INFO - DAG(s) 'example_local_kubernetes_executor' retrieved from /home/airflow/.local/lib/python3.8/site-packages/airflow/example_dags/example_local_kubernetes_executor.py
[2026-05-29T19:18:41.444+0000] {logging_mixin.py:188} INFO - [2026-05-29T19:18:41.443+0000] {dag.py:3047} INFO - Sync 1 DAGs
[2026-05-29T19:18:41.466+0000] {logging_mixin.py:188} INFO - [2026-05-29T19:18:41.466+0000] {dag.py:3834} INFO - Setting next_dagrun for example_local_kubernetes_executor to None, run_after=None
[2026-05-29T19:18:41.509+0000] {processor.py:183} INFO - Processing /home/airflow/.local/lib/python3.8/site-packages/airflow/example_dags/example_local_kubernetes_executor.py took 0.131 seconds
[2026-05-29T19:19:11.642+0000] {processor.py:161} INFO - Started process (PID=429) to work on /home/airflow/.local/lib/python3.8/site-packages/airflow/example_dags/example_local_kubernetes_executor.py
[2026-05-29T19:19:11.643+0000] {processor.py:830} INFO - Processing file /home/airflow/.local/lib/python3.8/site-packages/airflow/example_dags/example_local_kubernetes_executor.py for tasks to queue
[2026-05-29T19:19:11.645+0000] {logging_mixin.py:188} INFO - [2026-05-29T19:19:11.645+0000] {dagbag.py:540} INFO - Filling up the DagBag from /home/airflow/.local/lib/python3.8/site-packages/airflow/example_dags/example_local_kubernetes_executor.py
[2026-05-29T19:19:11.654+0000] {processor.py:840} INFO - DAG(s) 'example_local_kubernetes_executor' retrieved from /home/airflow/.local/lib/python3.8/site-packages/airflow/example_dags/example_local_kubernetes_executor.py
[2026-05-29T19:19:11.699+0000] {logging_mixin.py:188} INFO - [2026-05-29T19:19:11.698+0000] {dag.py:3047} INFO - Sync 1 DAGs
[2026-05-29T19:19:11.712+0000] {logging_mixin.py:188} INFO - [2026-05-29T19:19:11.711+0000] {dag.py:3834} INFO - Setting next_dagrun for example_local_kubernetes_executor to None, run_after=None
[2026-05-29T19:19:11.740+0000] {processor.py:183} INFO - Processing /home/airflow/.local/lib/python3.8/site-packages/airflow/example_dags/example_local_kubernetes_executor.py took 0.101 seconds
[2026-05-29T19:19:42.045+0000] {processor.py:161} INFO - Started process (PID=484) to work on /home/airflow/.local/lib/python3.8/site-packages/airflow/example_dags/example_local_kubernetes_executor.py
[2026-05-29T19:19:42.049+0000] {processor.py:830} INFO - Processing file /home/airflow/.local/lib/python3.8/site-packages/airflow/example_dags/example_local_kubernetes_executor.py for tasks to queue
[2026-05-29T19:19:42.053+0000] {logging_mixin.py:188} INFO - [2026-05-29T19:19:42.053+0000] {dagbag.py:540} INFO - Filling up the DagBag from /home/airflow/.local/lib/python3.8/site-packages/airflow/example_dags/example_local_kubernetes_executor.py
[2026-05-29T19:19:42.060+0000] {processor.py:840} INFO - DAG(s) 'example_local_kubernetes_executor' retrieved from /home/airflow/.local/lib/python3.8/site-packages/airflow/example_dags/example_local_kubernetes_executor.py
[2026-05-29T19:19:42.094+0000] {logging_mixin.py:188} INFO - [2026-05-29T19:19:42.094+0000] {dag.py:3047} INFO - Sync 1 DAGs
[2026-05-29T19:19:42.104+0000] {logging_mixin.py:188} INFO - [2026-05-29T19:19:42.104+0000] {dag.py:3834} INFO - Setting next_dagrun for example_local_kubernetes_executor to None, run_after=None
[2026-05-29T19:19:42.125+0000] {processor.py:183} INFO - Processing /home/airflow/.local/lib/python3.8/site-packages/airflow/example_dags/example_local_kubernetes_executor.py took 0.084 seconds
[2026-05-29T19:20:12.508+0000] {processor.py:161} INFO - Started process (PID=539) to work on /home/airflow/.local/lib/python3.8/site-packages/airflow/example_dags/example_local_kubernetes_executor.py
[2026-05-29T19:20:12.510+0000] {processor.py:830} INFO - Processing file /home/airflow/.local/lib/python3.8/site-packages/airflow/example_dags/example_local_kubernetes_executor.py for tasks to queue
[2026-05-29T19:20:12.512+0000] {logging_mixin.py:188} INFO - [2026-05-29T19:20:12.512+0000] {dagbag.py:540} INFO - Filling up the DagBag from /home/airflow/.local/lib/python3.8/site-packages/airflow/example_dags/example_local_kubernetes_executor.py
[2026-05-29T19:20:12.519+0000] {processor.py:840} INFO - DAG(s) 'example_local_kubernetes_executor' retrieved from /home/airflow/.local/lib/python3.8/site-packages/airflow/example_dags/example_local_kubernetes_executor.py
[2026-05-29T19:20:12.553+0000] {logging_mixin.py:188} INFO - [2026-05-29T19:20:12.553+0000] {dag.py:3047} INFO - Sync 1 DAGs
[2026-05-29T19:20:12.564+0000] {logging_mixin.py:188} INFO - [2026-05-29T19:20:12.563+0000] {dag.py:3834} INFO - Setting next_dagrun for example_local_kubernetes_executor to None, run_after=None
[2026-05-29T19:20:12.585+0000] {processor.py:183} INFO - Processing /home/airflow/.local/lib/python3.8/site-packages/airflow/example_dags/example_local_kubernetes_executor.py took 0.079 seconds
[2026-05-29T19:20:42.729+0000] {processor.py:161} INFO - Started process (PID=595) to work on /home/airflow/.local/lib/python3.8/site-packages/airflow/example_dags/example_local_kubernetes_executor.py
[2026-05-29T19:20:42.731+0000] {processor.py:830} INFO - Processing file /home/airflow/.local/lib/python3.8/site-packages/airflow/example_dags/example_local_kubernetes_executor.py for tasks to queue
[2026-05-29T19:20:42.733+0000] {logging_mixin.py:188} INFO - [2026-05-29T19:20:42.732+0000] {dagbag.py:540} INFO - Filling up the DagBag from /home/airflow/.local/lib/python3.8/site-packages/airflow/example_dags/example_local_kubernetes_executor.py
[2026-05-29T19:20:42.741+0000] {processor.py:840} INFO - DAG(s) 'example_local_kubernetes_executor' retrieved from /home/airflow/.local/lib/python3.8/site-packages/airflow/example_dags/example_local_kubernetes_executor.py
[2026-05-29T19:20:42.783+0000] {logging_mixin.py:188} INFO - [2026-05-29T19:20:42.783+0000] {dag.py:3047} INFO - Sync 1 DAGs
[2026-05-29T19:20:42.797+0000] {logging_mixin.py:188} INFO - [2026-05-29T19:20:42.796+0000] {dag.py:3834} INFO - Setting next_dagrun for example_local_kubernetes_executor to None, run_after=None
[2026-05-29T19:20:42.819+0000] {processor.py:183} INFO - Processing /home/airflow/.local/lib/python3.8/site-packages/airflow/example_dags/example_local_kubernetes_executor.py took 0.093 seconds
[2026-05-29T19:21:13.101+0000] {processor.py:161} INFO - Started process (PID=649) to work on /home/airflow/.local/lib/python3.8/site-packages/airflow/example_dags/example_local_kubernetes_executor.py
[2026-05-29T19:21:13.104+0000] {processor.py:830} INFO - Processing file /home/airflow/.local/lib/python3.8/site-packages/airflow/example_dags/example_local_kubernetes_executor.py for tasks to queue
[2026-05-29T19:21:13.107+0000] {logging_mixin.py:188} INFO - [2026-05-29T19:21:13.106+0000] {dagbag.py:540} INFO - Filling up the DagBag from /home/airflow/.local/lib/python3.8/site-packages/airflow/example_dags/example_local_kubernetes_executor.py
[2026-05-29T19:21:13.117+0000] {processor.py:840} INFO - DAG(s) 'example_local_kubernetes_executor' retrieved from /home/airflow/.local/lib/python3.8/site-packages/airflow/example_dags/example_local_kubernetes_executor.py
[2026-05-29T19:21:13.174+0000] {logging_mixin.py:188} INFO - [2026-05-29T19:21:13.173+0000] {dag.py:3047} INFO - Sync 1 DAGs
[2026-05-29T19:21:13.192+0000] {logging_mixin.py:188} INFO - [2026-05-29T19:21:13.191+0000] {dag.py:3834} INFO - Setting next_dagrun for example_local_kubernetes_executor to None, run_after=None
[2026-05-29T19:21:13.251+0000] {processor.py:183} INFO - Processing /home/airflow/.local/lib/python3.8/site-packages/airflow/example_dags/example_local_kubernetes_executor.py took 0.153 seconds
[2026-05-29T19:21:43.428+0000] {processor.py:161} INFO - Started process (PID=704) to work on /home/airflow/.local/lib/python3.8/site-packages/airflow/example_dags/example_local_kubernetes_executor.py
[2026-05-29T19:21:43.431+0000] {processor.py:830} INFO - Processing file /home/airflow/.local/lib/python3.8/site-packages/airflow/example_dags/example_local_kubernetes_executor.py for tasks to queue
[2026-05-29T19:21:43.435+0000] {logging_mixin.py:188} INFO - [2026-05-29T19:21:43.434+0000] {dagbag.py:540} INFO - Filling up the DagBag from /home/airflow/.local/lib/python3.8/site-packages/airflow/example_dags/example_local_kubernetes_executor.py
[2026-05-29T19:21:43.447+0000] {processor.py:840} INFO - DAG(s) 'example_local_kubernetes_executor' retrieved from /home/airflow/.local/lib/python3.8/site-packages/airflow/example_dags/example_local_kubernetes_executor.py
[2026-05-29T19:21:43.483+0000] {logging_mixin.py:188} INFO - [2026-05-29T19:21:43.483+0000] {dag.py:3047} INFO - Sync 1 DAGs
[2026-05-29T19:21:43.493+0000] {logging_mixin.py:188} INFO - [2026-05-29T19:21:43.493+0000] {dag.py:3834} INFO - Setting next_dagrun for example_local_kubernetes_executor to None, run_after=None
[2026-05-29T19:21:43.525+0000] {processor.py:183} INFO - Processing /home/airflow/.local/lib/python3.8/site-packages/airflow/example_dags/example_local_kubernetes_executor.py took 0.102 seconds
[2026-05-29T19:22:13.791+0000] {processor.py:161} INFO - Started process (PID=759) to work on /home/airflow/.local/lib/python3.8/site-packages/airflow/example_dags/example_local_kubernetes_executor.py
[2026-05-29T19:22:13.792+0000] {processor.py:830} INFO - Processing file /home/airflow/.local/lib/python3.8/site-packages/airflow/example_dags/example_local_kubernetes_executor.py for tasks to queue
[2026-05-29T19:22:13.794+0000] {logging_mixin.py:188} INFO - [2026-05-29T19:22:13.794+0000] {dagbag.py:540} INFO - Filling up the DagBag from /home/airflow/.local/lib/python3.8/site-packages/airflow/example_dags/example_local_kubernetes_executor.py
[2026-05-29T19:22:13.801+0000] {processor.py:840} INFO - DAG(s) 'example_local_kubernetes_executor' retrieved from /home/airflow/.local/lib/python3.8/site-packages/airflow/example_dags/example_local_kubernetes_executor.py
[2026-05-29T19:22:13.841+0000] {logging_mixin.py:188} INFO - [2026-05-29T19:22:13.841+0000] {dag.py:3047} INFO - Sync 1 DAGs
[2026-05-29T19:22:13.852+0000] {logging_mixin.py:188} INFO - [2026-05-29T19:22:13.851+0000] {dag.py:3834} INFO - Setting next_dagrun for example_local_kubernetes_executor to None, run_after=None
[2026-05-29T19:22:13.872+0000] {processor.py:183} INFO - Processing /home/airflow/.local/lib/python3.8/site-packages/airflow/example_dags/example_local_kubernetes_executor.py took 0.085 seconds
[2026-05-29T19:22:43.977+0000] {processor.py:161} INFO - Started process (PID=814) to work on /home/airflow/.local/lib/python3.8/site-packages/airflow/example_dags/example_local_kubernetes_executor.py
[2026-05-29T19:22:43.979+0000] {processor.py:830} INFO - Processing file /home/airflow/.local/lib/python3.8/site-packages/airflow/example_dags/example_local_kubernetes_executor.py for tasks to queue
[2026-05-29T19:22:43.981+0000] {logging_mixin.py:188} INFO - [2026-05-29T19:22:43.980+0000] {dagbag.py:540} INFO - Filling up the DagBag from /home/airflow/.local/lib/python3.8/site-packages/airflow/example_dags/example_local_kubernetes_executor.py
[2026-05-29T19:22:43.987+0000] {processor.py:840} INFO - DAG(s) 'example_local_kubernetes_executor' retrieved from /home/airflow/.local/lib/python3.8/site-packages/airflow/example_dags/example_local_kubernetes_executor.py
[2026-05-29T19:22:44.018+0000] {logging_mixin.py:188} INFO - [2026-05-29T19:22:44.017+0000] {dag.py:3047} INFO - Sync 1 DAGs
[2026-05-29T19:22:44.028+0000] {logging_mixin.py:188} INFO - [2026-05-29T19:22:44.028+0000] {dag.py:3834} INFO - Setting next_dagrun for example_local_kubernetes_executor to None, run_after=None
[2026-05-29T19:22:44.053+0000] {processor.py:183} INFO - Processing /home/airflow/.local/lib/python3.8/site-packages/airflow/example_dags/example_local_kubernetes_executor.py took 0.079 seconds
[2026-05-29T19:23:14.157+0000] {processor.py:161} INFO - Started process (PID=869) to work on /home/airflow/.local/lib/python3.8/site-packages/airflow/example_dags/example_local_kubernetes_executor.py
[2026-05-29T19:23:14.158+0000] {processor.py:830} INFO - Processing file /home/airflow/.local/lib/python3.8/site-packages/airflow/example_dags/example_local_kubernetes_executor.py for tasks to queue
[2026-05-29T19:23:14.160+0000] {logging_mixin.py:188} INFO - [2026-05-29T19:23:14.160+0000] {dagbag.py:540} INFO - Filling up the DagBag from /home/airflow/.local/lib/python3.8/site-packages/airflow/example_dags/example_local_kubernetes_executor.py
[2026-05-29T19:23:14.167+0000] {processor.py:840} INFO - DAG(s) 'example_local_kubernetes_executor' retrieved from /home/airflow/.local/lib/python3.8/site-packages/airflow/example_dags/example_local_kubernetes_executor.py
[2026-05-29T19:23:14.200+0000] {logging_mixin.py:188} INFO - [2026-05-29T19:23:14.200+0000] {dag.py:3047} INFO - Sync 1 DAGs
[2026-05-29T19:23:14.211+0000] {logging_mixin.py:188} INFO - [2026-05-29T19:23:14.211+0000] {dag.py:3834} INFO - Setting next_dagrun for example_local_kubernetes_executor to None, run_after=None
[2026-05-29T19:23:14.231+0000] {processor.py:183} INFO - Processing /home/airflow/.local/lib/python3.8/site-packages/airflow/example_dags/example_local_kubernetes_executor.py took 0.077 seconds
[2026-05-29T19:23:45.164+0000] {processor.py:161} INFO - Started process (PID=924) to work on /home/airflow/.local/lib/python3.8/site-packages/airflow/example_dags/example_local_kubernetes_executor.py
[2026-05-29T19:23:45.166+0000] {processor.py:830} INFO - Processing file /home/airflow/.local/lib/python3.8/site-packages/airflow/example_dags/example_local_kubernetes_executor.py for tasks to queue
[2026-05-29T19:23:45.168+0000] {logging_mixin.py:188} INFO - [2026-05-29T19:23:45.168+0000] {dagbag.py:540} INFO - Filling up the DagBag from /home/airflow/.local/lib/python3.8/site-packages/airflow/example_dags/example_local_kubernetes_executor.py
[2026-05-29T19:23:45.176+0000] {processor.py:840} INFO - DAG(s) 'example_local_kubernetes_executor' retrieved from /home/airflow/.local/lib/python3.8/site-packages/airflow/example_dags/example_local_kubernetes_executor.py
[2026-05-29T19:23:45.207+0000] {logging_mixin.py:188} INFO - [2026-05-29T19:23:45.206+0000] {dag.py:3047} INFO - Sync 1 DAGs
[2026-05-29T19:23:45.218+0000] {logging_mixin.py:188} INFO - [2026-05-29T19:23:45.218+0000] {dag.py:3834} INFO - Setting next_dagrun for example_local_kubernetes_executor to None, run_after=None
[2026-05-29T19:23:45.242+0000] {processor.py:183} INFO - Processing /home/airflow/.local/lib/python3.8/site-packages/airflow/example_dags/example_local_kubernetes_executor.py took 0.081 seconds
[2026-05-29T19:24:15.544+0000] {processor.py:161} INFO - Started process (PID=979) to work on /home/airflow/.local/lib/python3.8/site-packages/airflow/example_dags/example_local_kubernetes_executor.py
[2026-05-29T19:24:15.546+0000] {processor.py:830} INFO - Processing file /home/airflow/.local/lib/python3.8/site-packages/airflow/example_dags/example_local_kubernetes_executor.py for tasks to queue
[2026-05-29T19:24:15.548+0000] {logging_mixin.py:188} INFO - [2026-05-29T19:24:15.548+0000] {dagbag.py:540} INFO - Filling up the DagBag from /home/airflow/.local/lib/python3.8/site-packages/airflow/example_dags/example_local_kubernetes_executor.py
[2026-05-29T19:24:15.556+0000] {processor.py:840} INFO - DAG(s) 'example_local_kubernetes_executor' retrieved from /home/airflow/.local/lib/python3.8/site-packages/airflow/example_dags/example_local_kubernetes_executor.py
[2026-05-29T19:24:15.594+0000] {logging_mixin.py:188} INFO - [2026-05-29T19:24:15.594+0000] {dag.py:3047} INFO - Sync 1 DAGs
[2026-05-29T19:24:15.606+0000] {logging_mixin.py:188} INFO - [2026-05-29T19:24:15.606+0000] {dag.py:3834} INFO - Setting next_dagrun for example_local_kubernetes_executor to None, run_after=None
[2026-05-29T19:24:15.630+0000] {processor.py:183} INFO - Processing /home/airflow/.local/lib/python3.8/site-packages/airflow/example_dags/example_local_kubernetes_executor.py took 0.090 seconds
[2026-05-29T19:24:45.788+0000] {processor.py:161} INFO - Started process (PID=1034) to work on /home/airflow/.local/lib/python3.8/site-packages/airflow/example_dags/example_local_kubernetes_executor.py
[2026-05-29T19:24:45.790+0000] {processor.py:830} INFO - Processing file /home/airflow/.local/lib/python3.8/site-packages/airflow/example_dags/example_local_kubernetes_executor.py for tasks to queue
[2026-05-29T19:24:45.791+0000] {logging_mixin.py:188} INFO - [2026-05-29T19:24:45.791+0000] {dagbag.py:540} INFO - Filling up the DagBag from /home/airflow/.local/lib/python3.8/site-packages/airflow/example_dags/example_local_kubernetes_executor.py
[2026-05-29T19:24:45.798+0000] {processor.py:840} INFO - DAG(s) 'example_local_kubernetes_executor' retrieved from /home/airflow/.local/lib/python3.8/site-packages/airflow/example_dags/example_local_kubernetes_executor.py
[2026-05-29T19:24:45.827+0000] {logging_mixin.py:188} INFO - [2026-05-29T19:24:45.827+0000] {dag.py:3047} INFO - Sync 1 DAGs
[2026-05-29T19:24:45.837+0000] {logging_mixin.py:188} INFO - [2026-05-29T19:24:45.837+0000] {dag.py:3834} INFO - Setting next_dagrun for example_local_kubernetes_executor to None, run_after=None
[2026-05-29T19:24:45.858+0000] {processor.py:183} INFO - Processing /home/airflow/.local/lib/python3.8/site-packages/airflow/example_dags/example_local_kubernetes_executor.py took 0.073 seconds
[2026-05-29T19:25:16.228+0000] {processor.py:161} INFO - Started process (PID=1089) to work on /home/airflow/.local/lib/python3.8/site-packages/airflow/example_dags/example_local_kubernetes_executor.py
[2026-05-29T19:25:16.229+0000] {processor.py:830} INFO - Processing file /home/airflow/.local/lib/python3.8/site-packages/airflow/example_dags/example_local_kubernetes_executor.py for tasks to queue
[2026-05-29T19:25:16.230+0000] {logging_mixin.py:188} INFO - [2026-05-29T19:25:16.230+0000] {dagbag.py:540} INFO - Filling up the DagBag from /home/airflow/.local/lib/python3.8/site-packages/airflow/example_dags/example_local_kubernetes_executor.py
[2026-05-29T19:25:16.237+0000] {processor.py:840} INFO - DAG(s) 'example_local_kubernetes_executor' retrieved from /home/airflow/.local/lib/python3.8/site-packages/airflow/example_dags/example_local_kubernetes_executor.py
[2026-05-29T19:25:16.268+0000] {logging_mixin.py:188} INFO - [2026-05-29T19:25:16.268+0000] {dag.py:3047} INFO - Sync 1 DAGs
[2026-05-29T19:25:16.278+0000] {logging_mixin.py:188} INFO - [2026-05-29T19:25:16.278+0000] {dag.py:3834} INFO - Setting next_dagrun for example_local_kubernetes_executor to None, run_after=None
[2026-05-29T19:25:16.299+0000] {processor.py:183} INFO - Processing /home/airflow/.local/lib/python3.8/site-packages/airflow/example_dags/example_local_kubernetes_executor.py took 0.074 seconds
[2026-05-29T19:25:47.050+0000] {processor.py:161} INFO - Started process (PID=1144) to work on /home/airflow/.local/lib/python3.8/site-packages/airflow/example_dags/example_local_kubernetes_executor.py
[2026-05-29T19:25:47.053+0000] {processor.py:830} INFO - Processing file /home/airflow/.local/lib/python3.8/site-packages/airflow/example_dags/example_local_kubernetes_executor.py for tasks to queue
[2026-05-29T19:25:47.055+0000] {logging_mixin.py:188} INFO - [2026-05-29T19:25:47.055+0000] {dagbag.py:540} INFO - Filling up the DagBag from /home/airflow/.local/lib/python3.8/site-packages/airflow/example_dags/example_local_kubernetes_executor.py
[2026-05-29T19:25:47.063+0000] {processor.py:840} INFO - DAG(s) 'example_local_kubernetes_executor' retrieved from /home/airflow/.local/lib/python3.8/site-packages/airflow/example_dags/example_local_kubernetes_executor.py
[2026-05-29T19:25:47.106+0000] {logging_mixin.py:188} INFO - [2026-05-29T19:25:47.106+0000] {dag.py:3047} INFO - Sync 1 DAGs
[2026-05-29T19:25:47.119+0000] {logging_mixin.py:188} INFO - [2026-05-29T19:25:47.119+0000] {dag.py:3834} INFO - Setting next_dagrun for example_local_kubernetes_executor to None, run_after=None
[2026-05-29T19:25:47.144+0000] {processor.py:183} INFO - Processing /home/airflow/.local/lib/python3.8/site-packages/airflow/example_dags/example_local_kubernetes_executor.py took 0.099 seconds
[2026-05-29T19:26:17.222+0000] {processor.py:161} INFO - Started process (PID=1199) to work on /home/airflow/.local/lib/python3.8/site-packages/airflow/example_dags/example_local_kubernetes_executor.py
[2026-05-29T19:26:17.223+0000] {processor.py:830} INFO - Processing file /home/airflow/.local/lib/python3.8/site-packages/airflow/example_dags/example_local_kubernetes_executor.py for tasks to queue
[2026-05-29T19:26:17.225+0000] {logging_mixin.py:188} INFO - [2026-05-29T19:26:17.225+0000] {dagbag.py:540} INFO - Filling up the DagBag from /home/airflow/.local/lib/python3.8/site-packages/airflow/example_dags/example_local_kubernetes_executor.py
[2026-05-29T19:26:17.232+0000] {processor.py:840} INFO - DAG(s) 'example_local_kubernetes_executor' retrieved from /home/airflow/.local/lib/python3.8/site-packages/airflow/example_dags/example_local_kubernetes_executor.py
[2026-05-29T19:26:17.260+0000] {logging_mixin.py:188} INFO - [2026-05-29T19:26:17.260+0000] {dag.py:3047} INFO - Sync 1 DAGs
[2026-05-29T19:26:17.271+0000] {logging_mixin.py:188} INFO - [2026-05-29T19:26:17.271+0000] {dag.py:3834} INFO - Setting next_dagrun for example_local_kubernetes_executor to None, run_after=None
[2026-05-29T19:26:17.295+0000] {processor.py:183} INFO - Processing /home/airflow/.local/lib/python3.8/site-packages/airflow/example_dags/example_local_kubernetes_executor.py took 0.076 seconds
[2026-05-29T19:26:47.399+0000] {processor.py:161} INFO - Started process (PID=1254) to work on /home/airflow/.local/lib/python3.8/site-packages/airflow/example_dags/example_local_kubernetes_executor.py
[2026-05-29T19:26:47.401+0000] {processor.py:830} INFO - Processing file /home/airflow/.local/lib/python3.8/site-packages/airflow/example_dags/example_local_kubernetes_executor.py for tasks to queue
[2026-05-29T19:26:47.403+0000] {logging_mixin.py:188} INFO - [2026-05-29T19:26:47.402+0000] {dagbag.py:540} INFO - Filling up the DagBag from /home/airflow/.local/lib/python3.8/site-packages/airflow/example_dags/example_local_kubernetes_executor.py
[2026-05-29T19:26:47.411+0000] {processor.py:840} INFO - DAG(s) 'example_local_kubernetes_executor' retrieved from /home/airflow/.local/lib/python3.8/site-packages/airflow/example_dags/example_local_kubernetes_executor.py
[2026-05-29T19:26:47.439+0000] {logging_mixin.py:188} INFO - [2026-05-29T19:26:47.439+0000] {dag.py:3047} INFO - Sync 1 DAGs
[2026-05-29T19:26:47.450+0000] {logging_mixin.py:188} INFO - [2026-05-29T19:26:47.449+0000] {dag.py:3834} INFO - Setting next_dagrun for example_local_kubernetes_executor to None, run_after=None
[2026-05-29T19:26:47.473+0000] {processor.py:183} INFO - Processing /home/airflow/.local/lib/python3.8/site-packages/airflow/example_dags/example_local_kubernetes_executor.py took 0.077 seconds
[2026-05-29T19:27:17.789+0000] {processor.py:161} INFO - Started process (PID=1309) to work on /home/airflow/.local/lib/python3.8/site-packages/airflow/example_dags/example_local_kubernetes_executor.py
[2026-05-29T19:27:17.791+0000] {processor.py:830} INFO - Processing file /home/airflow/.local/lib/python3.8/site-packages/airflow/example_dags/example_local_kubernetes_executor.py for tasks to queue
[2026-05-29T19:27:17.799+0000] {logging_mixin.py:188} INFO - [2026-05-29T19:27:17.799+0000] {dagbag.py:540} INFO - Filling up the DagBag from /home/airflow/.local/lib/python3.8/site-packages/airflow/example_dags/example_local_kubernetes_executor.py
[2026-05-29T19:27:17.809+0000] {processor.py:840} INFO - DAG(s) 'example_local_kubernetes_executor' retrieved from /home/airflow/.local/lib/python3.8/site-packages/airflow/example_dags/example_local_kubernetes_executor.py
[2026-05-29T19:27:17.870+0000] {logging_mixin.py:188} INFO - [2026-05-29T19:27:17.870+0000] {dag.py:3047} INFO - Sync 1 DAGs
[2026-05-29T19:27:17.889+0000] {logging_mixin.py:188} INFO - [2026-05-29T19:27:17.889+0000] {dag.py:3834} INFO - Setting next_dagrun for example_local_kubernetes_executor to None, run_after=None
[2026-05-29T19:27:17.945+0000] {processor.py:183} INFO - Processing /home/airflow/.local/lib/python3.8/site-packages/airflow/example_dags/example_local_kubernetes_executor.py took 0.162 seconds
[2026-05-29T19:27:48.353+0000] {processor.py:161} INFO - Started process (PID=1364) to work on /home/airflow/.local/lib/python3.8/site-packages/airflow/example_dags/example_local_kubernetes_executor.py
[2026-05-29T19:27:48.354+0000] {processor.py:830} INFO - Processing file /home/airflow/.local/lib/python3.8/site-packages/airflow/example_dags/example_local_kubernetes_executor.py for tasks to queue
[2026-05-29T19:27:48.356+0000] {logging_mixin.py:188} INFO - [2026-05-29T19:27:48.356+0000] {dagbag.py:540} INFO - Filling up the DagBag from /home/airflow/.local/lib/python3.8/site-packages/airflow/example_dags/example_local_kubernetes_executor.py
[2026-05-29T19:27:48.368+0000] {processor.py:840} INFO - DAG(s) 'example_local_kubernetes_executor' retrieved from /home/airflow/.local/lib/python3.8/site-packages/airflow/example_dags/example_local_kubernetes_executor.py
[2026-05-29T19:27:48.415+0000] {logging_mixin.py:188} INFO - [2026-05-29T19:27:48.414+0000] {dag.py:3047} INFO - Sync 1 DAGs
[2026-05-29T19:27:48.427+0000] {logging_mixin.py:188} INFO - [2026-05-29T19:27:48.426+0000] {dag.py:3834} INFO - Setting next_dagrun for example_local_kubernetes_executor to None, run_after=None
[2026-05-29T19:27:48.455+0000] {processor.py:183} INFO - Processing /home/airflow/.local/lib/python3.8/site-packages/airflow/example_dags/example_local_kubernetes_executor.py took 0.105 seconds
[2026-05-29T19:28:19.745+0000] {processor.py:161} INFO - Started process (PID=1419) to work on /home/airflow/.local/lib/python3.8/site-packages/airflow/example_dags/example_local_kubernetes_executor.py
[2026-05-29T19:28:19.747+0000] {processor.py:830} INFO - Processing file /home/airflow/.local/lib/python3.8/site-packages/airflow/example_dags/example_local_kubernetes_executor.py for tasks to queue
[2026-05-29T19:28:19.751+0000] {logging_mixin.py:188} INFO - [2026-05-29T19:28:19.750+0000] {dagbag.py:540} INFO - Filling up the DagBag from /home/airflow/.local/lib/python3.8/site-packages/airflow/example_dags/example_local_kubernetes_executor.py
[2026-05-29T19:28:19.765+0000] {processor.py:840} INFO - DAG(s) 'example_local_kubernetes_executor' retrieved from /home/airflow/.local/lib/python3.8/site-packages/airflow/example_dags/example_local_kubernetes_executor.py
[2026-05-29T19:28:19.821+0000] {logging_mixin.py:188} INFO - [2026-05-29T19:28:19.821+0000] {dag.py:3047} INFO - Sync 1 DAGs
[2026-05-29T19:28:19.834+0000] {logging_mixin.py:188} INFO - [2026-05-29T19:28:19.834+0000] {dag.py:3834} INFO - Setting next_dagrun for example_local_kubernetes_executor to None, run_after=None
[2026-05-29T19:28:19.860+0000] {processor.py:183} INFO - Processing /home/airflow/.local/lib/python3.8/site-packages/airflow/example_dags/example_local_kubernetes_executor.py took 0.118 seconds
[2026-05-29T19:28:50.256+0000] {processor.py:161} INFO - Started process (PID=1473) to work on /home/airflow/.local/lib/python3.8/site-packages/airflow/example_dags/example_local_kubernetes_executor.py
[2026-05-29T19:28:50.259+0000] {processor.py:830} INFO - Processing file /home/airflow/.local/lib/python3.8/site-packages/airflow/example_dags/example_local_kubernetes_executor.py for tasks to queue
[2026-05-29T19:28:50.262+0000] {logging_mixin.py:188} INFO - [2026-05-29T19:28:50.261+0000] {dagbag.py:540} INFO - Filling up the DagBag from /home/airflow/.local/lib/python3.8/site-packages/airflow/example_dags/example_local_kubernetes_executor.py
[2026-05-29T19:28:50.270+0000] {processor.py:840} INFO - DAG(s) 'example_local_kubernetes_executor' retrieved from /home/airflow/.local/lib/python3.8/site-packages/airflow/example_dags/example_local_kubernetes_executor.py
[2026-05-29T19:28:50.376+0000] {logging_mixin.py:188} INFO - [2026-05-29T19:28:50.375+0000] {dag.py:3047} INFO - Sync 1 DAGs
[2026-05-29T19:28:50.405+0000] {logging_mixin.py:188} INFO - [2026-05-29T19:28:50.405+0000] {dag.py:3834} INFO - Setting next_dagrun for example_local_kubernetes_executor to None, run_after=None
[2026-05-29T19:28:50.439+0000] {processor.py:183} INFO - Processing /home/airflow/.local/lib/python3.8/site-packages/airflow/example_dags/example_local_kubernetes_executor.py took 0.187 seconds
[2026-05-29T19:29:21.222+0000] {processor.py:161} INFO - Started process (PID=1528) to work on /home/airflow/.local/lib/python3.8/site-packages/airflow/example_dags/example_local_kubernetes_executor.py
[2026-05-29T19:29:21.223+0000] {processor.py:830} INFO - Processing file /home/airflow/.local/lib/python3.8/site-packages/airflow/example_dags/example_local_kubernetes_executor.py for tasks to queue
[2026-05-29T19:29:21.226+0000] {logging_mixin.py:188} INFO - [2026-05-29T19:29:21.226+0000] {dagbag.py:540} INFO - Filling up the DagBag from /home/airflow/.local/lib/python3.8/site-packages/airflow/example_dags/example_local_kubernetes_executor.py
[2026-05-29T19:29:21.236+0000] {processor.py:840} INFO - DAG(s) 'example_local_kubernetes_executor' retrieved from /home/airflow/.local/lib/python3.8/site-packages/airflow/example_dags/example_local_kubernetes_executor.py
[2026-05-29T19:29:21.277+0000] {logging_mixin.py:188} INFO - [2026-05-29T19:29:21.277+0000] {dag.py:3047} INFO - Sync 1 DAGs
[2026-05-29T19:29:21.291+0000] {logging_mixin.py:188} INFO - [2026-05-29T19:29:21.291+0000] {dag.py:3834} INFO - Setting next_dagrun for example_local_kubernetes_executor to None, run_after=None
[2026-05-29T19:29:21.320+0000] {processor.py:183} INFO - Processing /home/airflow/.local/lib/python3.8/site-packages/airflow/example_dags/example_local_kubernetes_executor.py took 0.102 seconds
[2026-05-29T19:29:51.898+0000] {processor.py:161} INFO - Started process (PID=1583) to work on /home/airflow/.local/lib/python3.8/site-packages/airflow/example_dags/example_local_kubernetes_executor.py
[2026-05-29T19:29:51.900+0000] {processor.py:830} INFO - Processing file /home/airflow/.local/lib/python3.8/site-packages/airflow/example_dags/example_local_kubernetes_executor.py for tasks to queue
[2026-05-29T19:29:51.903+0000] {logging_mixin.py:188} INFO - [2026-05-29T19:29:51.902+0000] {dagbag.py:540} INFO - Filling up the DagBag from /home/airflow/.local/lib/python3.8/site-packages/airflow/example_dags/example_local_kubernetes_executor.py
[2026-05-29T19:29:51.910+0000] {processor.py:840} INFO - DAG(s) 'example_local_kubernetes_executor' retrieved from /home/airflow/.local/lib/python3.8/site-packages/airflow/example_dags/example_local_kubernetes_executor.py
[2026-05-29T19:29:51.941+0000] {logging_mixin.py:188} INFO - [2026-05-29T19:29:51.940+0000] {dag.py:3047} INFO - Sync 1 DAGs
[2026-05-29T19:29:51.951+0000] {logging_mixin.py:188} INFO - [2026-05-29T19:29:51.950+0000] {dag.py:3834} INFO - Setting next_dagrun for example_local_kubernetes_executor to None, run_after=None
[2026-05-29T19:29:51.974+0000] {processor.py:183} INFO - Processing /home/airflow/.local/lib/python3.8/site-packages/airflow/example_dags/example_local_kubernetes_executor.py took 0.078 seconds
[2026-05-29T19:30:22.044+0000] {processor.py:161} INFO - Started process (PID=1638) to work on /home/airflow/.local/lib/python3.8/site-packages/airflow/example_dags/example_local_kubernetes_executor.py
[2026-05-29T19:30:22.045+0000] {processor.py:830} INFO - Processing file /home/airflow/.local/lib/python3.8/site-packages/airflow/example_dags/example_local_kubernetes_executor.py for tasks to queue
[2026-05-29T19:30:22.047+0000] {logging_mixin.py:188} INFO - [2026-05-29T19:30:22.047+0000] {dagbag.py:540} INFO - Filling up the DagBag from /home/airflow/.local/lib/python3.8/site-packages/airflow/example_dags/example_local_kubernetes_executor.py
[2026-05-29T19:30:22.056+0000] {processor.py:840} INFO - DAG(s) 'example_local_kubernetes_executor' retrieved from /home/airflow/.local/lib/python3.8/site-packages/airflow/example_dags/example_local_kubernetes_executor.py
[2026-05-29T19:30:22.087+0000] {logging_mixin.py:188} INFO - [2026-05-29T19:30:22.087+0000] {dag.py:3047} INFO - Sync 1 DAGs
[2026-05-29T19:30:22.099+0000] {logging_mixin.py:188} INFO - [2026-05-29T19:30:22.099+0000] {dag.py:3834} INFO - Setting next_dagrun for example_local_kubernetes_executor to None, run_after=None
[2026-05-29T19:30:22.124+0000] {processor.py:183} INFO - Processing /home/airflow/.local/lib/python3.8/site-packages/airflow/example_dags/example_local_kubernetes_executor.py took 0.083 seconds
[2026-05-29T19:30:52.242+0000] {processor.py:161} INFO - Started process (PID=1693) to work on /home/airflow/.local/lib/python3.8/site-packages/airflow/example_dags/example_local_kubernetes_executor.py
[2026-05-29T19:30:52.244+0000] {processor.py:830} INFO - Processing file /home/airflow/.local/lib/python3.8/site-packages/airflow/example_dags/example_local_kubernetes_executor.py for tasks to queue
[2026-05-29T19:30:52.247+0000] {logging_mixin.py:188} INFO - [2026-05-29T19:30:52.246+0000] {dagbag.py:540} INFO - Filling up the DagBag from /home/airflow/.local/lib/python3.8/site-packages/airflow/example_dags/example_local_kubernetes_executor.py
[2026-05-29T19:30:52.253+0000] {processor.py:840} INFO - DAG(s) 'example_local_kubernetes_executor' retrieved from /home/airflow/.local/lib/python3.8/site-packages/airflow/example_dags/example_local_kubernetes_executor.py
[2026-05-29T19:30:52.281+0000] {logging_mixin.py:188} INFO - [2026-05-29T19:30:52.280+0000] {dag.py:3047} INFO - Sync 1 DAGs
[2026-05-29T19:30:52.290+0000] {logging_mixin.py:188} INFO - [2026-05-29T19:30:52.290+0000] {dag.py:3834} INFO - Setting next_dagrun for example_local_kubernetes_executor to None, run_after=None
[2026-05-29T19:30:52.309+0000] {processor.py:183} INFO - Processing /home/airflow/.local/lib/python3.8/site-packages/airflow/example_dags/example_local_kubernetes_executor.py took 0.070 seconds
[2026-05-29T19:31:23.135+0000] {processor.py:161} INFO - Started process (PID=1748) to work on /home/airflow/.local/lib/python3.8/site-packages/airflow/example_dags/example_local_kubernetes_executor.py
[2026-05-29T19:31:23.136+0000] {processor.py:830} INFO - Processing file /home/airflow/.local/lib/python3.8/site-packages/airflow/example_dags/example_local_kubernetes_executor.py for tasks to queue
[2026-05-29T19:31:23.139+0000] {logging_mixin.py:188} INFO - [2026-05-29T19:31:23.138+0000] {dagbag.py:540} INFO - Filling up the DagBag from /home/airflow/.local/lib/python3.8/site-packages/airflow/example_dags/example_local_kubernetes_executor.py
[2026-05-29T19:31:23.145+0000] {processor.py:840} INFO - DAG(s) 'example_local_kubernetes_executor' retrieved from /home/airflow/.local/lib/python3.8/site-packages/airflow/example_dags/example_local_kubernetes_executor.py
[2026-05-29T19:31:23.174+0000] {logging_mixin.py:188} INFO - [2026-05-29T19:31:23.174+0000] {dag.py:3047} INFO - Sync 1 DAGs
[2026-05-29T19:31:23.185+0000] {logging_mixin.py:188} INFO - [2026-05-29T19:31:23.185+0000] {dag.py:3834} INFO - Setting next_dagrun for example_local_kubernetes_executor to None, run_after=None
[2026-05-29T19:31:23.204+0000] {processor.py:183} INFO - Processing /home/airflow/.local/lib/python3.8/site-packages/airflow/example_dags/example_local_kubernetes_executor.py took 0.072 seconds
[2026-05-29T19:31:53.932+0000] {processor.py:161} INFO - Started process (PID=1803) to work on /home/airflow/.local/lib/python3.8/site-packages/airflow/example_dags/example_local_kubernetes_executor.py
[2026-05-29T19:31:53.934+0000] {processor.py:830} INFO - Processing file /home/airflow/.local/lib/python3.8/site-packages/airflow/example_dags/example_local_kubernetes_executor.py for tasks to queue
[2026-05-29T19:31:53.936+0000] {logging_mixin.py:188} INFO - [2026-05-29T19:31:53.936+0000] {dagbag.py:540} INFO - Filling up the DagBag from /home/airflow/.local/lib/python3.8/site-packages/airflow/example_dags/example_local_kubernetes_executor.py
[2026-05-29T19:31:53.944+0000] {processor.py:840} INFO - DAG(s) 'example_local_kubernetes_executor' retrieved from /home/airflow/.local/lib/python3.8/site-packages/airflow/example_dags/example_local_kubernetes_executor.py
[2026-05-29T19:31:53.976+0000] {logging_mixin.py:188} INFO - [2026-05-29T19:31:53.976+0000] {dag.py:3047} INFO - Sync 1 DAGs
[2026-05-29T19:31:53.987+0000] {logging_mixin.py:188} INFO - [2026-05-29T19:31:53.987+0000] {dag.py:3834} INFO - Setting next_dagrun for example_local_kubernetes_executor to None, run_after=None
[2026-05-29T19:31:54.006+0000] {processor.py:183} INFO - Processing /home/airflow/.local/lib/python3.8/site-packages/airflow/example_dags/example_local_kubernetes_executor.py took 0.078 seconds
[2026-05-29T19:32:24.248+0000] {processor.py:161} INFO - Started process (PID=1858) to work on /home/airflow/.local/lib/python3.8/site-packages/airflow/example_dags/example_local_kubernetes_executor.py
[2026-05-29T19:32:24.250+0000] {processor.py:830} INFO - Processing file /home/airflow/.local/lib/python3.8/site-packages/airflow/example_dags/example_local_kubernetes_executor.py for tasks to queue
[2026-05-29T19:32:24.252+0000] {logging_mixin.py:188} INFO - [2026-05-29T19:32:24.252+0000] {dagbag.py:540} INFO - Filling up the DagBag from /home/airflow/.local/lib/python3.8/site-packages/airflow/example_dags/example_local_kubernetes_executor.py
[2026-05-29T19:32:24.259+0000] {processor.py:840} INFO - DAG(s) 'example_local_kubernetes_executor' retrieved from /home/airflow/.local/lib/python3.8/site-packages/airflow/example_dags/example_local_kubernetes_executor.py
[2026-05-29T19:32:24.291+0000] {logging_mixin.py:188} INFO - [2026-05-29T19:32:24.291+0000] {dag.py:3047} INFO - Sync 1 DAGs
[2026-05-29T19:32:24.301+0000] {logging_mixin.py:188} INFO - [2026-05-29T19:32:24.301+0000] {dag.py:3834} INFO - Setting next_dagrun for example_local_kubernetes_executor to None, run_after=None
[2026-05-29T19:32:24.333+0000] {processor.py:183} INFO - Processing /home/airflow/.local/lib/python3.8/site-packages/airflow/example_dags/example_local_kubernetes_executor.py took 0.087 seconds
[2026-05-29T19:32:54.526+0000] {processor.py:161} INFO - Started process (PID=1914) to work on /home/airflow/.local/lib/python3.8/site-packages/airflow/example_dags/example_local_kubernetes_executor.py
[2026-05-29T19:32:54.528+0000] {processor.py:830} INFO - Processing file /home/airflow/.local/lib/python3.8/site-packages/airflow/example_dags/example_local_kubernetes_executor.py for tasks to queue
[2026-05-29T19:32:54.531+0000] {logging_mixin.py:188} INFO - [2026-05-29T19:32:54.531+0000] {dagbag.py:540} INFO - Filling up the DagBag from /home/airflow/.local/lib/python3.8/site-packages/airflow/example_dags/example_local_kubernetes_executor.py
[2026-05-29T19:32:54.541+0000] {processor.py:840} INFO - DAG(s) 'example_local_kubernetes_executor' retrieved from /home/airflow/.local/lib/python3.8/site-packages/airflow/example_dags/example_local_kubernetes_executor.py
[2026-05-29T19:32:54.598+0000] {logging_mixin.py:188} INFO - [2026-05-29T19:32:54.598+0000] {dag.py:3047} INFO - Sync 1 DAGs
[2026-05-29T19:32:54.614+0000] {logging_mixin.py:188} INFO - [2026-05-29T19:32:54.613+0000] {dag.py:3834} INFO - Setting next_dagrun for example_local_kubernetes_executor to None, run_after=None
[2026-05-29T19:32:54.642+0000] {processor.py:183} INFO - Processing /home/airflow/.local/lib/python3.8/site-packages/airflow/example_dags/example_local_kubernetes_executor.py took 0.120 seconds
[2026-05-29T19:33:25.143+0000] {processor.py:161} INFO - Started process (PID=1969) to work on /home/airflow/.local/lib/python3.8/site-packages/airflow/example_dags/example_local_kubernetes_executor.py
[2026-05-29T19:33:25.144+0000] {processor.py:830} INFO - Processing file /home/airflow/.local/lib/python3.8/site-packages/airflow/example_dags/example_local_kubernetes_executor.py for tasks to queue
[2026-05-29T19:33:25.146+0000] {logging_mixin.py:188} INFO - [2026-05-29T19:33:25.146+0000] {dagbag.py:540} INFO - Filling up the DagBag from /home/airflow/.local/lib/python3.8/site-packages/airflow/example_dags/example_local_kubernetes_executor.py
[2026-05-29T19:33:25.152+0000] {processor.py:840} INFO - DAG(s) 'example_local_kubernetes_executor' retrieved from /home/airflow/.local/lib/python3.8/site-packages/airflow/example_dags/example_local_kubernetes_executor.py
[2026-05-29T19:33:25.182+0000] {logging_mixin.py:188} INFO - [2026-05-29T19:33:25.182+0000] {dag.py:3047} INFO - Sync 1 DAGs
[2026-05-29T19:33:25.193+0000] {logging_mixin.py:188} INFO - [2026-05-29T19:33:25.192+0000] {dag.py:3834} INFO - Setting next_dagrun for example_local_kubernetes_executor to None, run_after=None
[2026-05-29T19:33:25.210+0000] {processor.py:183} INFO - Processing /home/airflow/.local/lib/python3.8/site-packages/airflow/example_dags/example_local_kubernetes_executor.py took 0.070 seconds
[2026-05-29T19:33:55.470+0000] {processor.py:161} INFO - Started process (PID=2024) to work on /home/airflow/.local/lib/python3.8/site-packages/airflow/example_dags/example_local_kubernetes_executor.py
[2026-05-29T19:33:55.472+0000] {processor.py:830} INFO - Processing file /home/airflow/.local/lib/python3.8/site-packages/airflow/example_dags/example_local_kubernetes_executor.py for tasks to queue
[2026-05-29T19:33:55.474+0000] {logging_mixin.py:188} INFO - [2026-05-29T19:33:55.473+0000] {dagbag.py:540} INFO - Filling up the DagBag from /home/airflow/.local/lib/python3.8/site-packages/airflow/example_dags/example_local_kubernetes_executor.py
[2026-05-29T19:33:55.480+0000] {processor.py:840} INFO - DAG(s) 'example_local_kubernetes_executor' retrieved from /home/airflow/.local/lib/python3.8/site-packages/airflow/example_dags/example_local_kubernetes_executor.py
[2026-05-29T19:33:55.511+0000] {logging_mixin.py:188} INFO - [2026-05-29T19:33:55.510+0000] {dag.py:3047} INFO - Sync 1 DAGs
[2026-05-29T19:33:55.522+0000] {logging_mixin.py:188} INFO - [2026-05-29T19:33:55.521+0000] {dag.py:3834} INFO - Setting next_dagrun for example_local_kubernetes_executor to None, run_after=None
[2026-05-29T19:33:55.551+0000] {processor.py:183} INFO - Processing /home/airflow/.local/lib/python3.8/site-packages/airflow/example_dags/example_local_kubernetes_executor.py took 0.084 seconds
