[2026-05-29T19:16:01.604+0000] {processor.py:161} INFO - Started process (PID=56) to work on /home/airflow/.local/lib/python3.8/site-packages/airflow/example_dags/example_bash_operator.py
[2026-05-29T19:16:01.607+0000] {processor.py:830} INFO - Processing file /home/airflow/.local/lib/python3.8/site-packages/airflow/example_dags/example_bash_operator.py for tasks to queue
[2026-05-29T19:16:01.609+0000] {logging_mixin.py:188} INFO - [2026-05-29T19:16:01.609+0000] {dagbag.py:540} INFO - Filling up the DagBag from /home/airflow/.local/lib/python3.8/site-packages/airflow/example_dags/example_bash_operator.py
[2026-05-29T19:16:01.638+0000] {processor.py:840} INFO - DAG(s) 'example_bash_operator' retrieved from /home/airflow/.local/lib/python3.8/site-packages/airflow/example_dags/example_bash_operator.py
[2026-05-29T19:16:01.720+0000] {logging_mixin.py:188} INFO - [2026-05-29T19:16:01.720+0000] {dag.py:3047} INFO - Sync 1 DAGs
[2026-05-29T19:16:01.755+0000] {logging_mixin.py:188} INFO - [2026-05-29T19:16:01.755+0000] {dag.py:3834} INFO - Setting next_dagrun for example_bash_operator to 2026-05-28 00:00:00+00:00, run_after=2026-05-29 00:00:00+00:00
[2026-05-29T19:16:01.783+0000] {processor.py:183} INFO - Processing /home/airflow/.local/lib/python3.8/site-packages/airflow/example_dags/example_bash_operator.py took 0.185 seconds
[2026-05-29T19:16:32.185+0000] {processor.py:161} INFO - Started process (PID=111) to work on /home/airflow/.local/lib/python3.8/site-packages/airflow/example_dags/example_bash_operator.py
[2026-05-29T19:16:32.188+0000] {processor.py:830} INFO - Processing file /home/airflow/.local/lib/python3.8/site-packages/airflow/example_dags/example_bash_operator.py for tasks to queue
[2026-05-29T19:16:32.194+0000] {logging_mixin.py:188} INFO - [2026-05-29T19:16:32.193+0000] {dagbag.py:540} INFO - Filling up the DagBag from /home/airflow/.local/lib/python3.8/site-packages/airflow/example_dags/example_bash_operator.py
[2026-05-29T19:16:32.216+0000] {processor.py:840} INFO - DAG(s) 'example_bash_operator' retrieved from /home/airflow/.local/lib/python3.8/site-packages/airflow/example_dags/example_bash_operator.py
[2026-05-29T19:16:32.266+0000] {logging_mixin.py:188} INFO - [2026-05-29T19:16:32.266+0000] {dag.py:3047} INFO - Sync 1 DAGs
[2026-05-29T19:16:32.311+0000] {logging_mixin.py:188} INFO - [2026-05-29T19:16:32.310+0000] {dag.py:3834} INFO - Setting next_dagrun for example_bash_operator to 2026-05-28 00:00:00+00:00, run_after=2026-05-29 00:00:00+00:00
[2026-05-29T19:16:32.343+0000] {processor.py:183} INFO - Processing /home/airflow/.local/lib/python3.8/site-packages/airflow/example_dags/example_bash_operator.py took 0.166 seconds
[2026-05-29T19:17:02.867+0000] {processor.py:161} INFO - Started process (PID=166) to work on /home/airflow/.local/lib/python3.8/site-packages/airflow/example_dags/example_bash_operator.py
[2026-05-29T19:17:02.868+0000] {processor.py:830} INFO - Processing file /home/airflow/.local/lib/python3.8/site-packages/airflow/example_dags/example_bash_operator.py for tasks to queue
[2026-05-29T19:17:02.872+0000] {logging_mixin.py:188} INFO - [2026-05-29T19:17:02.871+0000] {dagbag.py:540} INFO - Filling up the DagBag from /home/airflow/.local/lib/python3.8/site-packages/airflow/example_dags/example_bash_operator.py
[2026-05-29T19:17:02.881+0000] {processor.py:840} INFO - DAG(s) 'example_bash_operator' retrieved from /home/airflow/.local/lib/python3.8/site-packages/airflow/example_dags/example_bash_operator.py
[2026-05-29T19:17:02.911+0000] {logging_mixin.py:188} INFO - [2026-05-29T19:17:02.911+0000] {dag.py:3047} INFO - Sync 1 DAGs
[2026-05-29T19:17:02.948+0000] {logging_mixin.py:188} INFO - [2026-05-29T19:17:02.948+0000] {dag.py:3834} INFO - Setting next_dagrun for example_bash_operator to 2026-05-28 00:00:00+00:00, run_after=2026-05-29 00:00:00+00:00
[2026-05-29T19:17:02.981+0000] {processor.py:183} INFO - Processing /home/airflow/.local/lib/python3.8/site-packages/airflow/example_dags/example_bash_operator.py took 0.117 seconds
[2026-05-29T19:17:33.305+0000] {processor.py:161} INFO - Started process (PID=221) to work on /home/airflow/.local/lib/python3.8/site-packages/airflow/example_dags/example_bash_operator.py
[2026-05-29T19:17:33.307+0000] {processor.py:830} INFO - Processing file /home/airflow/.local/lib/python3.8/site-packages/airflow/example_dags/example_bash_operator.py for tasks to queue
[2026-05-29T19:17:33.310+0000] {logging_mixin.py:188} INFO - [2026-05-29T19:17:33.309+0000] {dagbag.py:540} INFO - Filling up the DagBag from /home/airflow/.local/lib/python3.8/site-packages/airflow/example_dags/example_bash_operator.py
[2026-05-29T19:17:33.319+0000] {processor.py:840} INFO - DAG(s) 'example_bash_operator' retrieved from /home/airflow/.local/lib/python3.8/site-packages/airflow/example_dags/example_bash_operator.py
[2026-05-29T19:17:33.345+0000] {logging_mixin.py:188} INFO - [2026-05-29T19:17:33.344+0000] {dag.py:3047} INFO - Sync 1 DAGs
[2026-05-29T19:17:33.367+0000] {logging_mixin.py:188} INFO - [2026-05-29T19:17:33.367+0000] {dag.py:3834} INFO - Setting next_dagrun for example_bash_operator to 2026-05-28 00:00:00+00:00, run_after=2026-05-29 00:00:00+00:00
[2026-05-29T19:17:33.385+0000] {processor.py:183} INFO - Processing /home/airflow/.local/lib/python3.8/site-packages/airflow/example_dags/example_bash_operator.py took 0.083 seconds
[2026-05-29T19:18:03.529+0000] {processor.py:161} INFO - Started process (PID=276) to work on /home/airflow/.local/lib/python3.8/site-packages/airflow/example_dags/example_bash_operator.py
[2026-05-29T19:18:03.530+0000] {processor.py:830} INFO - Processing file /home/airflow/.local/lib/python3.8/site-packages/airflow/example_dags/example_bash_operator.py for tasks to queue
[2026-05-29T19:18:03.532+0000] {logging_mixin.py:188} INFO - [2026-05-29T19:18:03.532+0000] {dagbag.py:540} INFO - Filling up the DagBag from /home/airflow/.local/lib/python3.8/site-packages/airflow/example_dags/example_bash_operator.py
[2026-05-29T19:18:03.542+0000] {processor.py:840} INFO - DAG(s) 'example_bash_operator' retrieved from /home/airflow/.local/lib/python3.8/site-packages/airflow/example_dags/example_bash_operator.py
[2026-05-29T19:18:03.567+0000] {logging_mixin.py:188} INFO - [2026-05-29T19:18:03.567+0000] {dag.py:3047} INFO - Sync 1 DAGs
[2026-05-29T19:18:03.586+0000] {logging_mixin.py:188} INFO - [2026-05-29T19:18:03.586+0000] {dag.py:3834} INFO - Setting next_dagrun for example_bash_operator to 2026-05-28 00:00:00+00:00, run_after=2026-05-29 00:00:00+00:00
[2026-05-29T19:18:03.605+0000] {processor.py:183} INFO - Processing /home/airflow/.local/lib/python3.8/site-packages/airflow/example_dags/example_bash_operator.py took 0.079 seconds
[2026-05-29T19:18:33.778+0000] {processor.py:161} INFO - Started process (PID=331) to work on /home/airflow/.local/lib/python3.8/site-packages/airflow/example_dags/example_bash_operator.py
[2026-05-29T19:18:33.779+0000] {processor.py:830} INFO - Processing file /home/airflow/.local/lib/python3.8/site-packages/airflow/example_dags/example_bash_operator.py for tasks to queue
[2026-05-29T19:18:33.781+0000] {logging_mixin.py:188} INFO - [2026-05-29T19:18:33.781+0000] {dagbag.py:540} INFO - Filling up the DagBag from /home/airflow/.local/lib/python3.8/site-packages/airflow/example_dags/example_bash_operator.py
[2026-05-29T19:18:33.793+0000] {processor.py:840} INFO - DAG(s) 'example_bash_operator' retrieved from /home/airflow/.local/lib/python3.8/site-packages/airflow/example_dags/example_bash_operator.py
[2026-05-29T19:18:33.818+0000] {logging_mixin.py:188} INFO - [2026-05-29T19:18:33.818+0000] {dag.py:3047} INFO - Sync 1 DAGs
[2026-05-29T19:18:33.842+0000] {logging_mixin.py:188} INFO - [2026-05-29T19:18:33.842+0000] {dag.py:3834} INFO - Setting next_dagrun for example_bash_operator to 2026-05-28 00:00:00+00:00, run_after=2026-05-29 00:00:00+00:00
[2026-05-29T19:18:33.866+0000] {processor.py:183} INFO - Processing /home/airflow/.local/lib/python3.8/site-packages/airflow/example_dags/example_bash_operator.py took 0.091 seconds
[2026-05-29T19:19:04.261+0000] {processor.py:161} INFO - Started process (PID=392) to work on /home/airflow/.local/lib/python3.8/site-packages/airflow/example_dags/example_bash_operator.py
[2026-05-29T19:19:04.263+0000] {processor.py:830} INFO - Processing file /home/airflow/.local/lib/python3.8/site-packages/airflow/example_dags/example_bash_operator.py for tasks to queue
[2026-05-29T19:19:04.266+0000] {logging_mixin.py:188} INFO - [2026-05-29T19:19:04.266+0000] {dagbag.py:540} INFO - Filling up the DagBag from /home/airflow/.local/lib/python3.8/site-packages/airflow/example_dags/example_bash_operator.py
[2026-05-29T19:19:04.276+0000] {processor.py:840} INFO - DAG(s) 'example_bash_operator' retrieved from /home/airflow/.local/lib/python3.8/site-packages/airflow/example_dags/example_bash_operator.py
[2026-05-29T19:19:04.306+0000] {logging_mixin.py:188} INFO - [2026-05-29T19:19:04.306+0000] {dag.py:3047} INFO - Sync 1 DAGs
[2026-05-29T19:19:04.324+0000] {logging_mixin.py:188} INFO - [2026-05-29T19:19:04.324+0000] {dag.py:3834} INFO - Setting next_dagrun for example_bash_operator to 2026-05-28 00:00:00+00:00, run_after=2026-05-29 00:00:00+00:00
[2026-05-29T19:19:04.349+0000] {processor.py:183} INFO - Processing /home/airflow/.local/lib/python3.8/site-packages/airflow/example_dags/example_bash_operator.py took 0.090 seconds
[2026-05-29T19:19:34.564+0000] {processor.py:161} INFO - Started process (PID=447) to work on /home/airflow/.local/lib/python3.8/site-packages/airflow/example_dags/example_bash_operator.py
[2026-05-29T19:19:34.565+0000] {processor.py:830} INFO - Processing file /home/airflow/.local/lib/python3.8/site-packages/airflow/example_dags/example_bash_operator.py for tasks to queue
[2026-05-29T19:19:34.567+0000] {logging_mixin.py:188} INFO - [2026-05-29T19:19:34.567+0000] {dagbag.py:540} INFO - Filling up the DagBag from /home/airflow/.local/lib/python3.8/site-packages/airflow/example_dags/example_bash_operator.py
[2026-05-29T19:19:34.576+0000] {processor.py:840} INFO - DAG(s) 'example_bash_operator' retrieved from /home/airflow/.local/lib/python3.8/site-packages/airflow/example_dags/example_bash_operator.py
[2026-05-29T19:19:34.600+0000] {logging_mixin.py:188} INFO - [2026-05-29T19:19:34.600+0000] {dag.py:3047} INFO - Sync 1 DAGs
[2026-05-29T19:19:34.616+0000] {logging_mixin.py:188} INFO - [2026-05-29T19:19:34.616+0000] {dag.py:3834} INFO - Setting next_dagrun for example_bash_operator to 2026-05-28 00:00:00+00:00, run_after=2026-05-29 00:00:00+00:00
[2026-05-29T19:19:34.638+0000] {processor.py:183} INFO - Processing /home/airflow/.local/lib/python3.8/site-packages/airflow/example_dags/example_bash_operator.py took 0.077 seconds
[2026-05-29T19:20:05.052+0000] {processor.py:161} INFO - Started process (PID=502) to work on /home/airflow/.local/lib/python3.8/site-packages/airflow/example_dags/example_bash_operator.py
[2026-05-29T19:20:05.055+0000] {processor.py:830} INFO - Processing file /home/airflow/.local/lib/python3.8/site-packages/airflow/example_dags/example_bash_operator.py for tasks to queue
[2026-05-29T19:20:05.057+0000] {logging_mixin.py:188} INFO - [2026-05-29T19:20:05.057+0000] {dagbag.py:540} INFO - Filling up the DagBag from /home/airflow/.local/lib/python3.8/site-packages/airflow/example_dags/example_bash_operator.py
[2026-05-29T19:20:05.069+0000] {processor.py:840} INFO - DAG(s) 'example_bash_operator' retrieved from /home/airflow/.local/lib/python3.8/site-packages/airflow/example_dags/example_bash_operator.py
[2026-05-29T19:20:05.102+0000] {logging_mixin.py:188} INFO - [2026-05-29T19:20:05.101+0000] {dag.py:3047} INFO - Sync 1 DAGs
[2026-05-29T19:20:05.121+0000] {logging_mixin.py:188} INFO - [2026-05-29T19:20:05.121+0000] {dag.py:3834} INFO - Setting next_dagrun for example_bash_operator to 2026-05-28 00:00:00+00:00, run_after=2026-05-29 00:00:00+00:00
[2026-05-29T19:20:05.141+0000] {processor.py:183} INFO - Processing /home/airflow/.local/lib/python3.8/site-packages/airflow/example_dags/example_bash_operator.py took 0.092 seconds
[2026-05-29T19:20:35.256+0000] {processor.py:161} INFO - Started process (PID=557) to work on /home/airflow/.local/lib/python3.8/site-packages/airflow/example_dags/example_bash_operator.py
[2026-05-29T19:20:35.257+0000] {processor.py:830} INFO - Processing file /home/airflow/.local/lib/python3.8/site-packages/airflow/example_dags/example_bash_operator.py for tasks to queue
[2026-05-29T19:20:35.260+0000] {logging_mixin.py:188} INFO - [2026-05-29T19:20:35.259+0000] {dagbag.py:540} INFO - Filling up the DagBag from /home/airflow/.local/lib/python3.8/site-packages/airflow/example_dags/example_bash_operator.py
[2026-05-29T19:20:35.268+0000] {processor.py:840} INFO - DAG(s) 'example_bash_operator' retrieved from /home/airflow/.local/lib/python3.8/site-packages/airflow/example_dags/example_bash_operator.py
[2026-05-29T19:20:35.310+0000] {logging_mixin.py:188} INFO - [2026-05-29T19:20:35.309+0000] {dag.py:3047} INFO - Sync 1 DAGs
[2026-05-29T19:20:35.338+0000] {logging_mixin.py:188} INFO - [2026-05-29T19:20:35.338+0000] {dag.py:3834} INFO - Setting next_dagrun for example_bash_operator to 2026-05-28 00:00:00+00:00, run_after=2026-05-29 00:00:00+00:00
[2026-05-29T19:20:35.363+0000] {processor.py:183} INFO - Processing /home/airflow/.local/lib/python3.8/site-packages/airflow/example_dags/example_bash_operator.py took 0.110 seconds
[2026-05-29T19:21:05.660+0000] {processor.py:161} INFO - Started process (PID=612) to work on /home/airflow/.local/lib/python3.8/site-packages/airflow/example_dags/example_bash_operator.py
[2026-05-29T19:21:05.661+0000] {processor.py:830} INFO - Processing file /home/airflow/.local/lib/python3.8/site-packages/airflow/example_dags/example_bash_operator.py for tasks to queue
[2026-05-29T19:21:05.664+0000] {logging_mixin.py:188} INFO - [2026-05-29T19:21:05.663+0000] {dagbag.py:540} INFO - Filling up the DagBag from /home/airflow/.local/lib/python3.8/site-packages/airflow/example_dags/example_bash_operator.py
[2026-05-29T19:21:05.674+0000] {processor.py:840} INFO - DAG(s) 'example_bash_operator' retrieved from /home/airflow/.local/lib/python3.8/site-packages/airflow/example_dags/example_bash_operator.py
[2026-05-29T19:21:05.699+0000] {logging_mixin.py:188} INFO - [2026-05-29T19:21:05.699+0000] {dag.py:3047} INFO - Sync 1 DAGs
[2026-05-29T19:21:05.721+0000] {logging_mixin.py:188} INFO - [2026-05-29T19:21:05.721+0000] {dag.py:3834} INFO - Setting next_dagrun for example_bash_operator to 2026-05-28 00:00:00+00:00, run_after=2026-05-29 00:00:00+00:00
[2026-05-29T19:21:05.743+0000] {processor.py:183} INFO - Processing /home/airflow/.local/lib/python3.8/site-packages/airflow/example_dags/example_bash_operator.py took 0.086 seconds
[2026-05-29T19:21:36.008+0000] {processor.py:161} INFO - Started process (PID=667) to work on /home/airflow/.local/lib/python3.8/site-packages/airflow/example_dags/example_bash_operator.py
[2026-05-29T19:21:36.009+0000] {processor.py:830} INFO - Processing file /home/airflow/.local/lib/python3.8/site-packages/airflow/example_dags/example_bash_operator.py for tasks to queue
[2026-05-29T19:21:36.011+0000] {logging_mixin.py:188} INFO - [2026-05-29T19:21:36.011+0000] {dagbag.py:540} INFO - Filling up the DagBag from /home/airflow/.local/lib/python3.8/site-packages/airflow/example_dags/example_bash_operator.py
[2026-05-29T19:21:36.027+0000] {processor.py:840} INFO - DAG(s) 'example_bash_operator' retrieved from /home/airflow/.local/lib/python3.8/site-packages/airflow/example_dags/example_bash_operator.py
[2026-05-29T19:21:36.051+0000] {logging_mixin.py:188} INFO - [2026-05-29T19:21:36.051+0000] {dag.py:3047} INFO - Sync 1 DAGs
[2026-05-29T19:21:36.072+0000] {logging_mixin.py:188} INFO - [2026-05-29T19:21:36.071+0000] {dag.py:3834} INFO - Setting next_dagrun for example_bash_operator to 2026-05-28 00:00:00+00:00, run_after=2026-05-29 00:00:00+00:00
[2026-05-29T19:21:36.096+0000] {processor.py:183} INFO - Processing /home/airflow/.local/lib/python3.8/site-packages/airflow/example_dags/example_bash_operator.py took 0.096 seconds
[2026-05-29T19:22:06.263+0000] {processor.py:161} INFO - Started process (PID=723) to work on /home/airflow/.local/lib/python3.8/site-packages/airflow/example_dags/example_bash_operator.py
[2026-05-29T19:22:06.264+0000] {processor.py:830} INFO - Processing file /home/airflow/.local/lib/python3.8/site-packages/airflow/example_dags/example_bash_operator.py for tasks to queue
[2026-05-29T19:22:06.266+0000] {logging_mixin.py:188} INFO - [2026-05-29T19:22:06.266+0000] {dagbag.py:540} INFO - Filling up the DagBag from /home/airflow/.local/lib/python3.8/site-packages/airflow/example_dags/example_bash_operator.py
[2026-05-29T19:22:06.279+0000] {processor.py:840} INFO - DAG(s) 'example_bash_operator' retrieved from /home/airflow/.local/lib/python3.8/site-packages/airflow/example_dags/example_bash_operator.py
[2026-05-29T19:22:06.307+0000] {logging_mixin.py:188} INFO - [2026-05-29T19:22:06.306+0000] {dag.py:3047} INFO - Sync 1 DAGs
[2026-05-29T19:22:06.326+0000] {logging_mixin.py:188} INFO - [2026-05-29T19:22:06.326+0000] {dag.py:3834} INFO - Setting next_dagrun for example_bash_operator to 2026-05-28 00:00:00+00:00, run_after=2026-05-29 00:00:00+00:00
[2026-05-29T19:22:06.348+0000] {processor.py:183} INFO - Processing /home/airflow/.local/lib/python3.8/site-packages/airflow/example_dags/example_bash_operator.py took 0.088 seconds
[2026-05-29T19:22:36.529+0000] {processor.py:161} INFO - Started process (PID=777) to work on /home/airflow/.local/lib/python3.8/site-packages/airflow/example_dags/example_bash_operator.py
[2026-05-29T19:22:36.531+0000] {processor.py:830} INFO - Processing file /home/airflow/.local/lib/python3.8/site-packages/airflow/example_dags/example_bash_operator.py for tasks to queue
[2026-05-29T19:22:36.533+0000] {logging_mixin.py:188} INFO - [2026-05-29T19:22:36.533+0000] {dagbag.py:540} INFO - Filling up the DagBag from /home/airflow/.local/lib/python3.8/site-packages/airflow/example_dags/example_bash_operator.py
[2026-05-29T19:22:36.546+0000] {processor.py:840} INFO - DAG(s) 'example_bash_operator' retrieved from /home/airflow/.local/lib/python3.8/site-packages/airflow/example_dags/example_bash_operator.py
[2026-05-29T19:22:36.571+0000] {logging_mixin.py:188} INFO - [2026-05-29T19:22:36.571+0000] {dag.py:3047} INFO - Sync 1 DAGs
[2026-05-29T19:22:36.595+0000] {logging_mixin.py:188} INFO - [2026-05-29T19:22:36.595+0000] {dag.py:3834} INFO - Setting next_dagrun for example_bash_operator to 2026-05-28 00:00:00+00:00, run_after=2026-05-29 00:00:00+00:00
[2026-05-29T19:22:36.622+0000] {processor.py:183} INFO - Processing /home/airflow/.local/lib/python3.8/site-packages/airflow/example_dags/example_bash_operator.py took 0.097 seconds
[2026-05-29T19:23:06.824+0000] {processor.py:161} INFO - Started process (PID=832) to work on /home/airflow/.local/lib/python3.8/site-packages/airflow/example_dags/example_bash_operator.py
[2026-05-29T19:23:06.826+0000] {processor.py:830} INFO - Processing file /home/airflow/.local/lib/python3.8/site-packages/airflow/example_dags/example_bash_operator.py for tasks to queue
[2026-05-29T19:23:06.828+0000] {logging_mixin.py:188} INFO - [2026-05-29T19:23:06.827+0000] {dagbag.py:540} INFO - Filling up the DagBag from /home/airflow/.local/lib/python3.8/site-packages/airflow/example_dags/example_bash_operator.py
[2026-05-29T19:23:06.838+0000] {processor.py:840} INFO - DAG(s) 'example_bash_operator' retrieved from /home/airflow/.local/lib/python3.8/site-packages/airflow/example_dags/example_bash_operator.py
[2026-05-29T19:23:06.859+0000] {logging_mixin.py:188} INFO - [2026-05-29T19:23:06.859+0000] {dag.py:3047} INFO - Sync 1 DAGs
[2026-05-29T19:23:06.878+0000] {logging_mixin.py:188} INFO - [2026-05-29T19:23:06.877+0000] {dag.py:3834} INFO - Setting next_dagrun for example_bash_operator to 2026-05-28 00:00:00+00:00, run_after=2026-05-29 00:00:00+00:00
[2026-05-29T19:23:06.900+0000] {processor.py:183} INFO - Processing /home/airflow/.local/lib/python3.8/site-packages/airflow/example_dags/example_bash_operator.py took 0.078 seconds
[2026-05-29T19:23:36.990+0000] {processor.py:161} INFO - Started process (PID=887) to work on /home/airflow/.local/lib/python3.8/site-packages/airflow/example_dags/example_bash_operator.py
[2026-05-29T19:23:36.992+0000] {processor.py:830} INFO - Processing file /home/airflow/.local/lib/python3.8/site-packages/airflow/example_dags/example_bash_operator.py for tasks to queue
[2026-05-29T19:23:36.994+0000] {logging_mixin.py:188} INFO - [2026-05-29T19:23:36.994+0000] {dagbag.py:540} INFO - Filling up the DagBag from /home/airflow/.local/lib/python3.8/site-packages/airflow/example_dags/example_bash_operator.py
[2026-05-29T19:23:37.007+0000] {processor.py:840} INFO - DAG(s) 'example_bash_operator' retrieved from /home/airflow/.local/lib/python3.8/site-packages/airflow/example_dags/example_bash_operator.py
[2026-05-29T19:23:37.041+0000] {logging_mixin.py:188} INFO - [2026-05-29T19:23:37.041+0000] {dag.py:3047} INFO - Sync 1 DAGs
[2026-05-29T19:23:37.067+0000] {logging_mixin.py:188} INFO - [2026-05-29T19:23:37.067+0000] {dag.py:3834} INFO - Setting next_dagrun for example_bash_operator to 2026-05-28 00:00:00+00:00, run_after=2026-05-29 00:00:00+00:00
[2026-05-29T19:23:37.092+0000] {processor.py:183} INFO - Processing /home/airflow/.local/lib/python3.8/site-packages/airflow/example_dags/example_bash_operator.py took 0.105 seconds
[2026-05-29T19:24:07.153+0000] {processor.py:161} INFO - Started process (PID=942) to work on /home/airflow/.local/lib/python3.8/site-packages/airflow/example_dags/example_bash_operator.py
[2026-05-29T19:24:07.155+0000] {processor.py:830} INFO - Processing file /home/airflow/.local/lib/python3.8/site-packages/airflow/example_dags/example_bash_operator.py for tasks to queue
[2026-05-29T19:24:07.157+0000] {logging_mixin.py:188} INFO - [2026-05-29T19:24:07.156+0000] {dagbag.py:540} INFO - Filling up the DagBag from /home/airflow/.local/lib/python3.8/site-packages/airflow/example_dags/example_bash_operator.py
[2026-05-29T19:24:07.168+0000] {processor.py:840} INFO - DAG(s) 'example_bash_operator' retrieved from /home/airflow/.local/lib/python3.8/site-packages/airflow/example_dags/example_bash_operator.py
[2026-05-29T19:24:07.197+0000] {logging_mixin.py:188} INFO - [2026-05-29T19:24:07.196+0000] {dag.py:3047} INFO - Sync 1 DAGs
[2026-05-29T19:24:07.216+0000] {logging_mixin.py:188} INFO - [2026-05-29T19:24:07.216+0000] {dag.py:3834} INFO - Setting next_dagrun for example_bash_operator to 2026-05-28 00:00:00+00:00, run_after=2026-05-29 00:00:00+00:00
[2026-05-29T19:24:07.236+0000] {processor.py:183} INFO - Processing /home/airflow/.local/lib/python3.8/site-packages/airflow/example_dags/example_bash_operator.py took 0.086 seconds
[2026-05-29T19:24:37.554+0000] {processor.py:161} INFO - Started process (PID=997) to work on /home/airflow/.local/lib/python3.8/site-packages/airflow/example_dags/example_bash_operator.py
[2026-05-29T19:24:37.556+0000] {processor.py:830} INFO - Processing file /home/airflow/.local/lib/python3.8/site-packages/airflow/example_dags/example_bash_operator.py for tasks to queue
[2026-05-29T19:24:37.559+0000] {logging_mixin.py:188} INFO - [2026-05-29T19:24:37.558+0000] {dagbag.py:540} INFO - Filling up the DagBag from /home/airflow/.local/lib/python3.8/site-packages/airflow/example_dags/example_bash_operator.py
[2026-05-29T19:24:37.568+0000] {processor.py:840} INFO - DAG(s) 'example_bash_operator' retrieved from /home/airflow/.local/lib/python3.8/site-packages/airflow/example_dags/example_bash_operator.py
[2026-05-29T19:24:37.601+0000] {logging_mixin.py:188} INFO - [2026-05-29T19:24:37.600+0000] {dag.py:3047} INFO - Sync 1 DAGs
[2026-05-29T19:24:37.630+0000] {logging_mixin.py:188} INFO - [2026-05-29T19:24:37.630+0000] {dag.py:3834} INFO - Setting next_dagrun for example_bash_operator to 2026-05-28 00:00:00+00:00, run_after=2026-05-29 00:00:00+00:00
[2026-05-29T19:24:37.664+0000] {processor.py:183} INFO - Processing /home/airflow/.local/lib/python3.8/site-packages/airflow/example_dags/example_bash_operator.py took 0.114 seconds
[2026-05-29T19:25:07.971+0000] {processor.py:161} INFO - Started process (PID=1052) to work on /home/airflow/.local/lib/python3.8/site-packages/airflow/example_dags/example_bash_operator.py
[2026-05-29T19:25:07.973+0000] {processor.py:830} INFO - Processing file /home/airflow/.local/lib/python3.8/site-packages/airflow/example_dags/example_bash_operator.py for tasks to queue
[2026-05-29T19:25:07.975+0000] {logging_mixin.py:188} INFO - [2026-05-29T19:25:07.974+0000] {dagbag.py:540} INFO - Filling up the DagBag from /home/airflow/.local/lib/python3.8/site-packages/airflow/example_dags/example_bash_operator.py
[2026-05-29T19:25:07.984+0000] {processor.py:840} INFO - DAG(s) 'example_bash_operator' retrieved from /home/airflow/.local/lib/python3.8/site-packages/airflow/example_dags/example_bash_operator.py
[2026-05-29T19:25:08.008+0000] {logging_mixin.py:188} INFO - [2026-05-29T19:25:08.008+0000] {dag.py:3047} INFO - Sync 1 DAGs
[2026-05-29T19:25:08.028+0000] {logging_mixin.py:188} INFO - [2026-05-29T19:25:08.028+0000] {dag.py:3834} INFO - Setting next_dagrun for example_bash_operator to 2026-05-28 00:00:00+00:00, run_after=2026-05-29 00:00:00+00:00
[2026-05-29T19:25:08.050+0000] {processor.py:183} INFO - Processing /home/airflow/.local/lib/python3.8/site-packages/airflow/example_dags/example_bash_operator.py took 0.081 seconds
[2026-05-29T19:25:38.422+0000] {processor.py:161} INFO - Started process (PID=1107) to work on /home/airflow/.local/lib/python3.8/site-packages/airflow/example_dags/example_bash_operator.py
[2026-05-29T19:25:38.424+0000] {processor.py:830} INFO - Processing file /home/airflow/.local/lib/python3.8/site-packages/airflow/example_dags/example_bash_operator.py for tasks to queue
[2026-05-29T19:25:38.428+0000] {logging_mixin.py:188} INFO - [2026-05-29T19:25:38.427+0000] {dagbag.py:540} INFO - Filling up the DagBag from /home/airflow/.local/lib/python3.8/site-packages/airflow/example_dags/example_bash_operator.py
[2026-05-29T19:25:38.443+0000] {processor.py:840} INFO - DAG(s) 'example_bash_operator' retrieved from /home/airflow/.local/lib/python3.8/site-packages/airflow/example_dags/example_bash_operator.py
[2026-05-29T19:25:38.484+0000] {logging_mixin.py:188} INFO - [2026-05-29T19:25:38.483+0000] {dag.py:3047} INFO - Sync 1 DAGs
[2026-05-29T19:25:38.517+0000] {logging_mixin.py:188} INFO - [2026-05-29T19:25:38.517+0000] {dag.py:3834} INFO - Setting next_dagrun for example_bash_operator to 2026-05-28 00:00:00+00:00, run_after=2026-05-29 00:00:00+00:00
[2026-05-29T19:25:38.556+0000] {processor.py:183} INFO - Processing /home/airflow/.local/lib/python3.8/site-packages/airflow/example_dags/example_bash_operator.py took 0.142 seconds
[2026-05-29T19:26:08.726+0000] {processor.py:161} INFO - Started process (PID=1162) to work on /home/airflow/.local/lib/python3.8/site-packages/airflow/example_dags/example_bash_operator.py
[2026-05-29T19:26:08.728+0000] {processor.py:830} INFO - Processing file /home/airflow/.local/lib/python3.8/site-packages/airflow/example_dags/example_bash_operator.py for tasks to queue
[2026-05-29T19:26:08.732+0000] {logging_mixin.py:188} INFO - [2026-05-29T19:26:08.731+0000] {dagbag.py:540} INFO - Filling up the DagBag from /home/airflow/.local/lib/python3.8/site-packages/airflow/example_dags/example_bash_operator.py
[2026-05-29T19:26:08.747+0000] {processor.py:840} INFO - DAG(s) 'example_bash_operator' retrieved from /home/airflow/.local/lib/python3.8/site-packages/airflow/example_dags/example_bash_operator.py
[2026-05-29T19:26:08.787+0000] {logging_mixin.py:188} INFO - [2026-05-29T19:26:08.786+0000] {dag.py:3047} INFO - Sync 1 DAGs
[2026-05-29T19:26:08.812+0000] {logging_mixin.py:188} INFO - [2026-05-29T19:26:08.811+0000] {dag.py:3834} INFO - Setting next_dagrun for example_bash_operator to 2026-05-28 00:00:00+00:00, run_after=2026-05-29 00:00:00+00:00
[2026-05-29T19:26:08.836+0000] {processor.py:183} INFO - Processing /home/airflow/.local/lib/python3.8/site-packages/airflow/example_dags/example_bash_operator.py took 0.114 seconds
[2026-05-29T19:26:39.037+0000] {processor.py:161} INFO - Started process (PID=1217) to work on /home/airflow/.local/lib/python3.8/site-packages/airflow/example_dags/example_bash_operator.py
[2026-05-29T19:26:39.039+0000] {processor.py:830} INFO - Processing file /home/airflow/.local/lib/python3.8/site-packages/airflow/example_dags/example_bash_operator.py for tasks to queue
[2026-05-29T19:26:39.042+0000] {logging_mixin.py:188} INFO - [2026-05-29T19:26:39.042+0000] {dagbag.py:540} INFO - Filling up the DagBag from /home/airflow/.local/lib/python3.8/site-packages/airflow/example_dags/example_bash_operator.py
[2026-05-29T19:26:39.054+0000] {processor.py:840} INFO - DAG(s) 'example_bash_operator' retrieved from /home/airflow/.local/lib/python3.8/site-packages/airflow/example_dags/example_bash_operator.py
[2026-05-29T19:26:39.080+0000] {logging_mixin.py:188} INFO - [2026-05-29T19:26:39.080+0000] {dag.py:3047} INFO - Sync 1 DAGs
[2026-05-29T19:26:39.105+0000] {logging_mixin.py:188} INFO - [2026-05-29T19:26:39.105+0000] {dag.py:3834} INFO - Setting next_dagrun for example_bash_operator to 2026-05-28 00:00:00+00:00, run_after=2026-05-29 00:00:00+00:00
[2026-05-29T19:26:39.124+0000] {processor.py:183} INFO - Processing /home/airflow/.local/lib/python3.8/site-packages/airflow/example_dags/example_bash_operator.py took 0.089 seconds
[2026-05-29T19:27:09.204+0000] {processor.py:161} INFO - Started process (PID=1272) to work on /home/airflow/.local/lib/python3.8/site-packages/airflow/example_dags/example_bash_operator.py
[2026-05-29T19:27:09.206+0000] {processor.py:830} INFO - Processing file /home/airflow/.local/lib/python3.8/site-packages/airflow/example_dags/example_bash_operator.py for tasks to queue
[2026-05-29T19:27:09.208+0000] {logging_mixin.py:188} INFO - [2026-05-29T19:27:09.207+0000] {dagbag.py:540} INFO - Filling up the DagBag from /home/airflow/.local/lib/python3.8/site-packages/airflow/example_dags/example_bash_operator.py
[2026-05-29T19:27:09.214+0000] {processor.py:840} INFO - DAG(s) 'example_bash_operator' retrieved from /home/airflow/.local/lib/python3.8/site-packages/airflow/example_dags/example_bash_operator.py
[2026-05-29T19:27:09.239+0000] {logging_mixin.py:188} INFO - [2026-05-29T19:27:09.238+0000] {dag.py:3047} INFO - Sync 1 DAGs
[2026-05-29T19:27:09.257+0000] {logging_mixin.py:188} INFO - [2026-05-29T19:27:09.257+0000] {dag.py:3834} INFO - Setting next_dagrun for example_bash_operator to 2026-05-28 00:00:00+00:00, run_after=2026-05-29 00:00:00+00:00
[2026-05-29T19:27:09.278+0000] {processor.py:183} INFO - Processing /home/airflow/.local/lib/python3.8/site-packages/airflow/example_dags/example_bash_operator.py took 0.079 seconds
[2026-05-29T19:27:39.853+0000] {processor.py:161} INFO - Started process (PID=1327) to work on /home/airflow/.local/lib/python3.8/site-packages/airflow/example_dags/example_bash_operator.py
[2026-05-29T19:27:39.855+0000] {processor.py:830} INFO - Processing file /home/airflow/.local/lib/python3.8/site-packages/airflow/example_dags/example_bash_operator.py for tasks to queue
[2026-05-29T19:27:39.857+0000] {logging_mixin.py:188} INFO - [2026-05-29T19:27:39.857+0000] {dagbag.py:540} INFO - Filling up the DagBag from /home/airflow/.local/lib/python3.8/site-packages/airflow/example_dags/example_bash_operator.py
[2026-05-29T19:27:39.868+0000] {processor.py:840} INFO - DAG(s) 'example_bash_operator' retrieved from /home/airflow/.local/lib/python3.8/site-packages/airflow/example_dags/example_bash_operator.py
[2026-05-29T19:27:39.896+0000] {logging_mixin.py:188} INFO - [2026-05-29T19:27:39.895+0000] {dag.py:3047} INFO - Sync 1 DAGs
[2026-05-29T19:27:39.923+0000] {logging_mixin.py:188} INFO - [2026-05-29T19:27:39.923+0000] {dag.py:3834} INFO - Setting next_dagrun for example_bash_operator to 2026-05-28 00:00:00+00:00, run_after=2026-05-29 00:00:00+00:00
[2026-05-29T19:27:39.944+0000] {processor.py:183} INFO - Processing /home/airflow/.local/lib/python3.8/site-packages/airflow/example_dags/example_bash_operator.py took 0.097 seconds
[2026-05-29T19:28:10.049+0000] {processor.py:161} INFO - Started process (PID=1382) to work on /home/airflow/.local/lib/python3.8/site-packages/airflow/example_dags/example_bash_operator.py
[2026-05-29T19:28:10.051+0000] {processor.py:830} INFO - Processing file /home/airflow/.local/lib/python3.8/site-packages/airflow/example_dags/example_bash_operator.py for tasks to queue
[2026-05-29T19:28:10.054+0000] {logging_mixin.py:188} INFO - [2026-05-29T19:28:10.053+0000] {dagbag.py:540} INFO - Filling up the DagBag from /home/airflow/.local/lib/python3.8/site-packages/airflow/example_dags/example_bash_operator.py
[2026-05-29T19:28:10.063+0000] {processor.py:840} INFO - DAG(s) 'example_bash_operator' retrieved from /home/airflow/.local/lib/python3.8/site-packages/airflow/example_dags/example_bash_operator.py
[2026-05-29T19:28:10.087+0000] {logging_mixin.py:188} INFO - [2026-05-29T19:28:10.087+0000] {dag.py:3047} INFO - Sync 1 DAGs
[2026-05-29T19:28:10.107+0000] {logging_mixin.py:188} INFO - [2026-05-29T19:28:10.107+0000] {dag.py:3834} INFO - Setting next_dagrun for example_bash_operator to 2026-05-28 00:00:00+00:00, run_after=2026-05-29 00:00:00+00:00
[2026-05-29T19:28:10.128+0000] {processor.py:183} INFO - Processing /home/airflow/.local/lib/python3.8/site-packages/airflow/example_dags/example_bash_operator.py took 0.082 seconds
[2026-05-29T19:28:40.535+0000] {processor.py:161} INFO - Started process (PID=1436) to work on /home/airflow/.local/lib/python3.8/site-packages/airflow/example_dags/example_bash_operator.py
[2026-05-29T19:28:40.537+0000] {processor.py:830} INFO - Processing file /home/airflow/.local/lib/python3.8/site-packages/airflow/example_dags/example_bash_operator.py for tasks to queue
[2026-05-29T19:28:40.539+0000] {logging_mixin.py:188} INFO - [2026-05-29T19:28:40.539+0000] {dagbag.py:540} INFO - Filling up the DagBag from /home/airflow/.local/lib/python3.8/site-packages/airflow/example_dags/example_bash_operator.py
[2026-05-29T19:28:40.550+0000] {processor.py:840} INFO - DAG(s) 'example_bash_operator' retrieved from /home/airflow/.local/lib/python3.8/site-packages/airflow/example_dags/example_bash_operator.py
[2026-05-29T19:28:40.575+0000] {logging_mixin.py:188} INFO - [2026-05-29T19:28:40.575+0000] {dag.py:3047} INFO - Sync 1 DAGs
[2026-05-29T19:28:40.594+0000] {logging_mixin.py:188} INFO - [2026-05-29T19:28:40.593+0000] {dag.py:3834} INFO - Setting next_dagrun for example_bash_operator to 2026-05-28 00:00:00+00:00, run_after=2026-05-29 00:00:00+00:00
[2026-05-29T19:28:40.615+0000] {processor.py:183} INFO - Processing /home/airflow/.local/lib/python3.8/site-packages/airflow/example_dags/example_bash_operator.py took 0.083 seconds
[2026-05-29T19:29:11.083+0000] {processor.py:161} INFO - Started process (PID=1491) to work on /home/airflow/.local/lib/python3.8/site-packages/airflow/example_dags/example_bash_operator.py
[2026-05-29T19:29:11.085+0000] {processor.py:830} INFO - Processing file /home/airflow/.local/lib/python3.8/site-packages/airflow/example_dags/example_bash_operator.py for tasks to queue
[2026-05-29T19:29:11.087+0000] {logging_mixin.py:188} INFO - [2026-05-29T19:29:11.087+0000] {dagbag.py:540} INFO - Filling up the DagBag from /home/airflow/.local/lib/python3.8/site-packages/airflow/example_dags/example_bash_operator.py
[2026-05-29T19:29:11.096+0000] {processor.py:840} INFO - DAG(s) 'example_bash_operator' retrieved from /home/airflow/.local/lib/python3.8/site-packages/airflow/example_dags/example_bash_operator.py
[2026-05-29T19:29:11.124+0000] {logging_mixin.py:188} INFO - [2026-05-29T19:29:11.124+0000] {dag.py:3047} INFO - Sync 1 DAGs
[2026-05-29T19:29:11.142+0000] {logging_mixin.py:188} INFO - [2026-05-29T19:29:11.142+0000] {dag.py:3834} INFO - Setting next_dagrun for example_bash_operator to 2026-05-28 00:00:00+00:00, run_after=2026-05-29 00:00:00+00:00
[2026-05-29T19:29:11.163+0000] {processor.py:183} INFO - Processing /home/airflow/.local/lib/python3.8/site-packages/airflow/example_dags/example_bash_operator.py took 0.083 seconds
[2026-05-29T19:29:41.315+0000] {processor.py:161} INFO - Started process (PID=1546) to work on /home/airflow/.local/lib/python3.8/site-packages/airflow/example_dags/example_bash_operator.py
[2026-05-29T19:29:41.317+0000] {processor.py:830} INFO - Processing file /home/airflow/.local/lib/python3.8/site-packages/airflow/example_dags/example_bash_operator.py for tasks to queue
[2026-05-29T19:29:41.325+0000] {logging_mixin.py:188} INFO - [2026-05-29T19:29:41.324+0000] {dagbag.py:540} INFO - Filling up the DagBag from /home/airflow/.local/lib/python3.8/site-packages/airflow/example_dags/example_bash_operator.py
[2026-05-29T19:29:41.341+0000] {processor.py:840} INFO - DAG(s) 'example_bash_operator' retrieved from /home/airflow/.local/lib/python3.8/site-packages/airflow/example_dags/example_bash_operator.py
[2026-05-29T19:29:41.416+0000] {logging_mixin.py:188} INFO - [2026-05-29T19:29:41.414+0000] {dag.py:3047} INFO - Sync 1 DAGs
[2026-05-29T19:29:41.472+0000] {logging_mixin.py:188} INFO - [2026-05-29T19:29:41.471+0000] {dag.py:3834} INFO - Setting next_dagrun for example_bash_operator to 2026-05-28 00:00:00+00:00, run_after=2026-05-29 00:00:00+00:00
[2026-05-29T19:29:41.506+0000] {processor.py:183} INFO - Processing /home/airflow/.local/lib/python3.8/site-packages/airflow/example_dags/example_bash_operator.py took 0.195 seconds
[2026-05-29T19:30:11.888+0000] {processor.py:161} INFO - Started process (PID=1601) to work on /home/airflow/.local/lib/python3.8/site-packages/airflow/example_dags/example_bash_operator.py
[2026-05-29T19:30:11.889+0000] {processor.py:830} INFO - Processing file /home/airflow/.local/lib/python3.8/site-packages/airflow/example_dags/example_bash_operator.py for tasks to queue
[2026-05-29T19:30:11.892+0000] {logging_mixin.py:188} INFO - [2026-05-29T19:30:11.892+0000] {dagbag.py:540} INFO - Filling up the DagBag from /home/airflow/.local/lib/python3.8/site-packages/airflow/example_dags/example_bash_operator.py
[2026-05-29T19:30:11.902+0000] {processor.py:840} INFO - DAG(s) 'example_bash_operator' retrieved from /home/airflow/.local/lib/python3.8/site-packages/airflow/example_dags/example_bash_operator.py
[2026-05-29T19:30:11.930+0000] {logging_mixin.py:188} INFO - [2026-05-29T19:30:11.929+0000] {dag.py:3047} INFO - Sync 1 DAGs
[2026-05-29T19:30:11.950+0000] {logging_mixin.py:188} INFO - [2026-05-29T19:30:11.950+0000] {dag.py:3834} INFO - Setting next_dagrun for example_bash_operator to 2026-05-28 00:00:00+00:00, run_after=2026-05-29 00:00:00+00:00
[2026-05-29T19:30:11.973+0000] {processor.py:183} INFO - Processing /home/airflow/.local/lib/python3.8/site-packages/airflow/example_dags/example_bash_operator.py took 0.089 seconds
[2026-05-29T19:30:42.089+0000] {processor.py:161} INFO - Started process (PID=1656) to work on /home/airflow/.local/lib/python3.8/site-packages/airflow/example_dags/example_bash_operator.py
[2026-05-29T19:30:42.091+0000] {processor.py:830} INFO - Processing file /home/airflow/.local/lib/python3.8/site-packages/airflow/example_dags/example_bash_operator.py for tasks to queue
[2026-05-29T19:30:42.093+0000] {logging_mixin.py:188} INFO - [2026-05-29T19:30:42.093+0000] {dagbag.py:540} INFO - Filling up the DagBag from /home/airflow/.local/lib/python3.8/site-packages/airflow/example_dags/example_bash_operator.py
[2026-05-29T19:30:42.102+0000] {processor.py:840} INFO - DAG(s) 'example_bash_operator' retrieved from /home/airflow/.local/lib/python3.8/site-packages/airflow/example_dags/example_bash_operator.py
[2026-05-29T19:30:42.127+0000] {logging_mixin.py:188} INFO - [2026-05-29T19:30:42.127+0000] {dag.py:3047} INFO - Sync 1 DAGs
[2026-05-29T19:30:42.147+0000] {logging_mixin.py:188} INFO - [2026-05-29T19:30:42.147+0000] {dag.py:3834} INFO - Setting next_dagrun for example_bash_operator to 2026-05-28 00:00:00+00:00, run_after=2026-05-29 00:00:00+00:00
[2026-05-29T19:30:42.167+0000] {processor.py:183} INFO - Processing /home/airflow/.local/lib/python3.8/site-packages/airflow/example_dags/example_bash_operator.py took 0.080 seconds
[2026-05-29T19:31:12.320+0000] {processor.py:161} INFO - Started process (PID=1711) to work on /home/airflow/.local/lib/python3.8/site-packages/airflow/example_dags/example_bash_operator.py
[2026-05-29T19:31:12.322+0000] {processor.py:830} INFO - Processing file /home/airflow/.local/lib/python3.8/site-packages/airflow/example_dags/example_bash_operator.py for tasks to queue
[2026-05-29T19:31:12.324+0000] {logging_mixin.py:188} INFO - [2026-05-29T19:31:12.323+0000] {dagbag.py:540} INFO - Filling up the DagBag from /home/airflow/.local/lib/python3.8/site-packages/airflow/example_dags/example_bash_operator.py
[2026-05-29T19:31:12.334+0000] {processor.py:840} INFO - DAG(s) 'example_bash_operator' retrieved from /home/airflow/.local/lib/python3.8/site-packages/airflow/example_dags/example_bash_operator.py
[2026-05-29T19:31:12.360+0000] {logging_mixin.py:188} INFO - [2026-05-29T19:31:12.359+0000] {dag.py:3047} INFO - Sync 1 DAGs
[2026-05-29T19:31:12.380+0000] {logging_mixin.py:188} INFO - [2026-05-29T19:31:12.380+0000] {dag.py:3834} INFO - Setting next_dagrun for example_bash_operator to 2026-05-28 00:00:00+00:00, run_after=2026-05-29 00:00:00+00:00
[2026-05-29T19:31:12.403+0000] {processor.py:183} INFO - Processing /home/airflow/.local/lib/python3.8/site-packages/airflow/example_dags/example_bash_operator.py took 0.087 seconds
[2026-05-29T19:31:42.773+0000] {processor.py:161} INFO - Started process (PID=1766) to work on /home/airflow/.local/lib/python3.8/site-packages/airflow/example_dags/example_bash_operator.py
[2026-05-29T19:31:42.775+0000] {processor.py:830} INFO - Processing file /home/airflow/.local/lib/python3.8/site-packages/airflow/example_dags/example_bash_operator.py for tasks to queue
[2026-05-29T19:31:42.778+0000] {logging_mixin.py:188} INFO - [2026-05-29T19:31:42.777+0000] {dagbag.py:540} INFO - Filling up the DagBag from /home/airflow/.local/lib/python3.8/site-packages/airflow/example_dags/example_bash_operator.py
[2026-05-29T19:31:42.794+0000] {processor.py:840} INFO - DAG(s) 'example_bash_operator' retrieved from /home/airflow/.local/lib/python3.8/site-packages/airflow/example_dags/example_bash_operator.py
[2026-05-29T19:31:42.838+0000] {logging_mixin.py:188} INFO - [2026-05-29T19:31:42.837+0000] {dag.py:3047} INFO - Sync 1 DAGs
[2026-05-29T19:31:42.863+0000] {logging_mixin.py:188} INFO - [2026-05-29T19:31:42.863+0000] {dag.py:3834} INFO - Setting next_dagrun for example_bash_operator to 2026-05-28 00:00:00+00:00, run_after=2026-05-29 00:00:00+00:00
[2026-05-29T19:31:42.891+0000] {processor.py:183} INFO - Processing /home/airflow/.local/lib/python3.8/site-packages/airflow/example_dags/example_bash_operator.py took 0.121 seconds
[2026-05-29T19:32:13.024+0000] {processor.py:161} INFO - Started process (PID=1821) to work on /home/airflow/.local/lib/python3.8/site-packages/airflow/example_dags/example_bash_operator.py
[2026-05-29T19:32:13.027+0000] {processor.py:830} INFO - Processing file /home/airflow/.local/lib/python3.8/site-packages/airflow/example_dags/example_bash_operator.py for tasks to queue
[2026-05-29T19:32:13.030+0000] {logging_mixin.py:188} INFO - [2026-05-29T19:32:13.029+0000] {dagbag.py:540} INFO - Filling up the DagBag from /home/airflow/.local/lib/python3.8/site-packages/airflow/example_dags/example_bash_operator.py
[2026-05-29T19:32:13.041+0000] {processor.py:840} INFO - DAG(s) 'example_bash_operator' retrieved from /home/airflow/.local/lib/python3.8/site-packages/airflow/example_dags/example_bash_operator.py
[2026-05-29T19:32:13.069+0000] {logging_mixin.py:188} INFO - [2026-05-29T19:32:13.069+0000] {dag.py:3047} INFO - Sync 1 DAGs
[2026-05-29T19:32:13.089+0000] {logging_mixin.py:188} INFO - [2026-05-29T19:32:13.089+0000] {dag.py:3834} INFO - Setting next_dagrun for example_bash_operator to 2026-05-28 00:00:00+00:00, run_after=2026-05-29 00:00:00+00:00
[2026-05-29T19:32:13.110+0000] {processor.py:183} INFO - Processing /home/airflow/.local/lib/python3.8/site-packages/airflow/example_dags/example_bash_operator.py took 0.089 seconds
[2026-05-29T19:32:43.324+0000] {processor.py:161} INFO - Started process (PID=1877) to work on /home/airflow/.local/lib/python3.8/site-packages/airflow/example_dags/example_bash_operator.py
[2026-05-29T19:32:43.326+0000] {processor.py:830} INFO - Processing file /home/airflow/.local/lib/python3.8/site-packages/airflow/example_dags/example_bash_operator.py for tasks to queue
[2026-05-29T19:32:43.327+0000] {logging_mixin.py:188} INFO - [2026-05-29T19:32:43.327+0000] {dagbag.py:540} INFO - Filling up the DagBag from /home/airflow/.local/lib/python3.8/site-packages/airflow/example_dags/example_bash_operator.py
[2026-05-29T19:32:43.337+0000] {processor.py:840} INFO - DAG(s) 'example_bash_operator' retrieved from /home/airflow/.local/lib/python3.8/site-packages/airflow/example_dags/example_bash_operator.py
[2026-05-29T19:32:43.364+0000] {logging_mixin.py:188} INFO - [2026-05-29T19:32:43.364+0000] {dag.py:3047} INFO - Sync 1 DAGs
[2026-05-29T19:32:43.388+0000] {logging_mixin.py:188} INFO - [2026-05-29T19:32:43.387+0000] {dag.py:3834} INFO - Setting next_dagrun for example_bash_operator to 2026-05-28 00:00:00+00:00, run_after=2026-05-29 00:00:00+00:00
[2026-05-29T19:32:43.412+0000] {processor.py:183} INFO - Processing /home/airflow/.local/lib/python3.8/site-packages/airflow/example_dags/example_bash_operator.py took 0.091 seconds
[2026-05-29T19:33:13.519+0000] {processor.py:161} INFO - Started process (PID=1932) to work on /home/airflow/.local/lib/python3.8/site-packages/airflow/example_dags/example_bash_operator.py
[2026-05-29T19:33:13.520+0000] {processor.py:830} INFO - Processing file /home/airflow/.local/lib/python3.8/site-packages/airflow/example_dags/example_bash_operator.py for tasks to queue
[2026-05-29T19:33:13.522+0000] {logging_mixin.py:188} INFO - [2026-05-29T19:33:13.522+0000] {dagbag.py:540} INFO - Filling up the DagBag from /home/airflow/.local/lib/python3.8/site-packages/airflow/example_dags/example_bash_operator.py
[2026-05-29T19:33:13.531+0000] {processor.py:840} INFO - DAG(s) 'example_bash_operator' retrieved from /home/airflow/.local/lib/python3.8/site-packages/airflow/example_dags/example_bash_operator.py
[2026-05-29T19:33:13.554+0000] {logging_mixin.py:188} INFO - [2026-05-29T19:33:13.554+0000] {dag.py:3047} INFO - Sync 1 DAGs
[2026-05-29T19:33:13.575+0000] {logging_mixin.py:188} INFO - [2026-05-29T19:33:13.575+0000] {dag.py:3834} INFO - Setting next_dagrun for example_bash_operator to 2026-05-28 00:00:00+00:00, run_after=2026-05-29 00:00:00+00:00
[2026-05-29T19:33:13.597+0000] {processor.py:183} INFO - Processing /home/airflow/.local/lib/python3.8/site-packages/airflow/example_dags/example_bash_operator.py took 0.081 seconds
[2026-05-29T19:33:43.966+0000] {processor.py:161} INFO - Started process (PID=1987) to work on /home/airflow/.local/lib/python3.8/site-packages/airflow/example_dags/example_bash_operator.py
[2026-05-29T19:33:43.969+0000] {processor.py:830} INFO - Processing file /home/airflow/.local/lib/python3.8/site-packages/airflow/example_dags/example_bash_operator.py for tasks to queue
[2026-05-29T19:33:43.976+0000] {logging_mixin.py:188} INFO - [2026-05-29T19:33:43.974+0000] {dagbag.py:540} INFO - Filling up the DagBag from /home/airflow/.local/lib/python3.8/site-packages/airflow/example_dags/example_bash_operator.py
[2026-05-29T19:33:44.010+0000] {processor.py:840} INFO - DAG(s) 'example_bash_operator' retrieved from /home/airflow/.local/lib/python3.8/site-packages/airflow/example_dags/example_bash_operator.py
[2026-05-29T19:33:44.132+0000] {logging_mixin.py:188} INFO - [2026-05-29T19:33:44.131+0000] {dag.py:3047} INFO - Sync 1 DAGs
[2026-05-29T19:33:44.225+0000] {logging_mixin.py:188} INFO - [2026-05-29T19:33:44.224+0000] {dag.py:3834} INFO - Setting next_dagrun for example_bash_operator to 2026-05-28 00:00:00+00:00, run_after=2026-05-29 00:00:00+00:00
[2026-05-29T19:33:44.298+0000] {processor.py:183} INFO - Processing /home/airflow/.local/lib/python3.8/site-packages/airflow/example_dags/example_bash_operator.py took 0.345 seconds
