[2026-05-29T19:16:05.915+0000] {processor.py:161} INFO - Started process (PID=83) to work on /home/airflow/.local/lib/python3.8/site-packages/airflow/example_dags/example_python_operator.py
[2026-05-29T19:16:05.920+0000] {processor.py:830} INFO - Processing file /home/airflow/.local/lib/python3.8/site-packages/airflow/example_dags/example_python_operator.py for tasks to queue
[2026-05-29T19:16:05.926+0000] {logging_mixin.py:188} INFO - [2026-05-29T19:16:05.925+0000] {dagbag.py:540} INFO - Filling up the DagBag from /home/airflow/.local/lib/python3.8/site-packages/airflow/example_dags/example_python_operator.py
[2026-05-29T19:16:05.972+0000] {processor.py:840} INFO - DAG(s) 'example_python_operator' retrieved from /home/airflow/.local/lib/python3.8/site-packages/airflow/example_dags/example_python_operator.py
[2026-05-29T19:16:06.410+0000] {logging_mixin.py:188} INFO - [2026-05-29T19:16:06.410+0000] {dag.py:3047} INFO - Sync 1 DAGs
[2026-05-29T19:16:06.450+0000] {logging_mixin.py:188} INFO - [2026-05-29T19:16:06.449+0000] {dag.py:3834} INFO - Setting next_dagrun for example_python_operator to None, run_after=None
[2026-05-29T19:16:06.512+0000] {processor.py:183} INFO - Processing /home/airflow/.local/lib/python3.8/site-packages/airflow/example_dags/example_python_operator.py took 0.609 seconds
[2026-05-29T19:16:36.958+0000] {processor.py:161} INFO - Started process (PID=138) to work on /home/airflow/.local/lib/python3.8/site-packages/airflow/example_dags/example_python_operator.py
[2026-05-29T19:16:36.959+0000] {processor.py:830} INFO - Processing file /home/airflow/.local/lib/python3.8/site-packages/airflow/example_dags/example_python_operator.py for tasks to queue
[2026-05-29T19:16:36.961+0000] {logging_mixin.py:188} INFO - [2026-05-29T19:16:36.961+0000] {dagbag.py:540} INFO - Filling up the DagBag from /home/airflow/.local/lib/python3.8/site-packages/airflow/example_dags/example_python_operator.py
[2026-05-29T19:16:36.970+0000] {processor.py:840} INFO - DAG(s) 'example_python_operator' retrieved from /home/airflow/.local/lib/python3.8/site-packages/airflow/example_dags/example_python_operator.py
[2026-05-29T19:16:36.991+0000] {logging_mixin.py:188} INFO - [2026-05-29T19:16:36.991+0000] {dag.py:3047} INFO - Sync 1 DAGs
[2026-05-29T19:16:37.002+0000] {logging_mixin.py:188} INFO - [2026-05-29T19:16:37.002+0000] {dag.py:3834} INFO - Setting next_dagrun for example_python_operator to None, run_after=None
[2026-05-29T19:16:37.023+0000] {processor.py:183} INFO - Processing /home/airflow/.local/lib/python3.8/site-packages/airflow/example_dags/example_python_operator.py took 0.068 seconds
[2026-05-29T19:17:07.270+0000] {processor.py:161} INFO - Started process (PID=193) to work on /home/airflow/.local/lib/python3.8/site-packages/airflow/example_dags/example_python_operator.py
[2026-05-29T19:17:07.271+0000] {processor.py:830} INFO - Processing file /home/airflow/.local/lib/python3.8/site-packages/airflow/example_dags/example_python_operator.py for tasks to queue
[2026-05-29T19:17:07.273+0000] {logging_mixin.py:188} INFO - [2026-05-29T19:17:07.273+0000] {dagbag.py:540} INFO - Filling up the DagBag from /home/airflow/.local/lib/python3.8/site-packages/airflow/example_dags/example_python_operator.py
[2026-05-29T19:17:07.282+0000] {processor.py:840} INFO - DAG(s) 'example_python_operator' retrieved from /home/airflow/.local/lib/python3.8/site-packages/airflow/example_dags/example_python_operator.py
[2026-05-29T19:17:07.304+0000] {logging_mixin.py:188} INFO - [2026-05-29T19:17:07.304+0000] {dag.py:3047} INFO - Sync 1 DAGs
[2026-05-29T19:17:07.314+0000] {logging_mixin.py:188} INFO - [2026-05-29T19:17:07.314+0000] {dag.py:3834} INFO - Setting next_dagrun for example_python_operator to None, run_after=None
[2026-05-29T19:17:07.334+0000] {processor.py:183} INFO - Processing /home/airflow/.local/lib/python3.8/site-packages/airflow/example_dags/example_python_operator.py took 0.067 seconds
[2026-05-29T19:17:37.809+0000] {processor.py:161} INFO - Started process (PID=248) to work on /home/airflow/.local/lib/python3.8/site-packages/airflow/example_dags/example_python_operator.py
[2026-05-29T19:17:37.811+0000] {processor.py:830} INFO - Processing file /home/airflow/.local/lib/python3.8/site-packages/airflow/example_dags/example_python_operator.py for tasks to queue
[2026-05-29T19:17:37.813+0000] {logging_mixin.py:188} INFO - [2026-05-29T19:17:37.812+0000] {dagbag.py:540} INFO - Filling up the DagBag from /home/airflow/.local/lib/python3.8/site-packages/airflow/example_dags/example_python_operator.py
[2026-05-29T19:17:37.822+0000] {processor.py:840} INFO - DAG(s) 'example_python_operator' retrieved from /home/airflow/.local/lib/python3.8/site-packages/airflow/example_dags/example_python_operator.py
[2026-05-29T19:17:37.842+0000] {logging_mixin.py:188} INFO - [2026-05-29T19:17:37.841+0000] {dag.py:3047} INFO - Sync 1 DAGs
[2026-05-29T19:17:37.854+0000] {logging_mixin.py:188} INFO - [2026-05-29T19:17:37.853+0000] {dag.py:3834} INFO - Setting next_dagrun for example_python_operator to None, run_after=None
[2026-05-29T19:17:37.880+0000] {processor.py:183} INFO - Processing /home/airflow/.local/lib/python3.8/site-packages/airflow/example_dags/example_python_operator.py took 0.073 seconds
[2026-05-29T19:18:08.760+0000] {processor.py:161} INFO - Started process (PID=303) to work on /home/airflow/.local/lib/python3.8/site-packages/airflow/example_dags/example_python_operator.py
[2026-05-29T19:18:08.762+0000] {processor.py:830} INFO - Processing file /home/airflow/.local/lib/python3.8/site-packages/airflow/example_dags/example_python_operator.py for tasks to queue
[2026-05-29T19:18:08.764+0000] {logging_mixin.py:188} INFO - [2026-05-29T19:18:08.764+0000] {dagbag.py:540} INFO - Filling up the DagBag from /home/airflow/.local/lib/python3.8/site-packages/airflow/example_dags/example_python_operator.py
[2026-05-29T19:18:08.783+0000] {processor.py:840} INFO - DAG(s) 'example_python_operator' retrieved from /home/airflow/.local/lib/python3.8/site-packages/airflow/example_dags/example_python_operator.py
[2026-05-29T19:18:08.829+0000] {logging_mixin.py:188} INFO - [2026-05-29T19:18:08.829+0000] {dag.py:3047} INFO - Sync 1 DAGs
[2026-05-29T19:18:08.857+0000] {logging_mixin.py:188} INFO - [2026-05-29T19:18:08.857+0000] {dag.py:3834} INFO - Setting next_dagrun for example_python_operator to None, run_after=None
[2026-05-29T19:18:08.890+0000] {processor.py:183} INFO - Processing /home/airflow/.local/lib/python3.8/site-packages/airflow/example_dags/example_python_operator.py took 0.138 seconds
[2026-05-29T19:18:39.022+0000] {processor.py:161} INFO - Started process (PID=358) to work on /home/airflow/.local/lib/python3.8/site-packages/airflow/example_dags/example_python_operator.py
[2026-05-29T19:18:39.024+0000] {processor.py:830} INFO - Processing file /home/airflow/.local/lib/python3.8/site-packages/airflow/example_dags/example_python_operator.py for tasks to queue
[2026-05-29T19:18:39.026+0000] {logging_mixin.py:188} INFO - [2026-05-29T19:18:39.025+0000] {dagbag.py:540} INFO - Filling up the DagBag from /home/airflow/.local/lib/python3.8/site-packages/airflow/example_dags/example_python_operator.py
[2026-05-29T19:18:39.034+0000] {processor.py:840} INFO - DAG(s) 'example_python_operator' retrieved from /home/airflow/.local/lib/python3.8/site-packages/airflow/example_dags/example_python_operator.py
[2026-05-29T19:18:39.059+0000] {logging_mixin.py:188} INFO - [2026-05-29T19:18:39.058+0000] {dag.py:3047} INFO - Sync 1 DAGs
[2026-05-29T19:18:39.076+0000] {logging_mixin.py:188} INFO - [2026-05-29T19:18:39.076+0000] {dag.py:3834} INFO - Setting next_dagrun for example_python_operator to None, run_after=None
[2026-05-29T19:18:39.098+0000] {processor.py:183} INFO - Processing /home/airflow/.local/lib/python3.8/site-packages/airflow/example_dags/example_python_operator.py took 0.079 seconds
[2026-05-29T19:19:09.629+0000] {processor.py:161} INFO - Started process (PID=413) to work on /home/airflow/.local/lib/python3.8/site-packages/airflow/example_dags/example_python_operator.py
[2026-05-29T19:19:09.630+0000] {processor.py:830} INFO - Processing file /home/airflow/.local/lib/python3.8/site-packages/airflow/example_dags/example_python_operator.py for tasks to queue
[2026-05-29T19:19:09.633+0000] {logging_mixin.py:188} INFO - [2026-05-29T19:19:09.632+0000] {dagbag.py:540} INFO - Filling up the DagBag from /home/airflow/.local/lib/python3.8/site-packages/airflow/example_dags/example_python_operator.py
[2026-05-29T19:19:09.641+0000] {processor.py:840} INFO - DAG(s) 'example_python_operator' retrieved from /home/airflow/.local/lib/python3.8/site-packages/airflow/example_dags/example_python_operator.py
[2026-05-29T19:19:09.663+0000] {logging_mixin.py:188} INFO - [2026-05-29T19:19:09.662+0000] {dag.py:3047} INFO - Sync 1 DAGs
[2026-05-29T19:19:09.673+0000] {logging_mixin.py:188} INFO - [2026-05-29T19:19:09.673+0000] {dag.py:3834} INFO - Setting next_dagrun for example_python_operator to None, run_after=None
[2026-05-29T19:19:09.694+0000] {processor.py:183} INFO - Processing /home/airflow/.local/lib/python3.8/site-packages/airflow/example_dags/example_python_operator.py took 0.068 seconds
[2026-05-29T19:19:39.897+0000] {processor.py:161} INFO - Started process (PID=468) to work on /home/airflow/.local/lib/python3.8/site-packages/airflow/example_dags/example_python_operator.py
[2026-05-29T19:19:39.898+0000] {processor.py:830} INFO - Processing file /home/airflow/.local/lib/python3.8/site-packages/airflow/example_dags/example_python_operator.py for tasks to queue
[2026-05-29T19:19:39.901+0000] {logging_mixin.py:188} INFO - [2026-05-29T19:19:39.901+0000] {dagbag.py:540} INFO - Filling up the DagBag from /home/airflow/.local/lib/python3.8/site-packages/airflow/example_dags/example_python_operator.py
[2026-05-29T19:19:39.910+0000] {processor.py:840} INFO - DAG(s) 'example_python_operator' retrieved from /home/airflow/.local/lib/python3.8/site-packages/airflow/example_dags/example_python_operator.py
[2026-05-29T19:19:39.930+0000] {logging_mixin.py:188} INFO - [2026-05-29T19:19:39.929+0000] {dag.py:3047} INFO - Sync 1 DAGs
[2026-05-29T19:19:39.943+0000] {logging_mixin.py:188} INFO - [2026-05-29T19:19:39.943+0000] {dag.py:3834} INFO - Setting next_dagrun for example_python_operator to None, run_after=None
[2026-05-29T19:19:39.965+0000] {processor.py:183} INFO - Processing /home/airflow/.local/lib/python3.8/site-packages/airflow/example_dags/example_python_operator.py took 0.072 seconds
[2026-05-29T19:20:10.436+0000] {processor.py:161} INFO - Started process (PID=523) to work on /home/airflow/.local/lib/python3.8/site-packages/airflow/example_dags/example_python_operator.py
[2026-05-29T19:20:10.437+0000] {processor.py:830} INFO - Processing file /home/airflow/.local/lib/python3.8/site-packages/airflow/example_dags/example_python_operator.py for tasks to queue
[2026-05-29T19:20:10.439+0000] {logging_mixin.py:188} INFO - [2026-05-29T19:20:10.438+0000] {dagbag.py:540} INFO - Filling up the DagBag from /home/airflow/.local/lib/python3.8/site-packages/airflow/example_dags/example_python_operator.py
[2026-05-29T19:20:10.447+0000] {processor.py:840} INFO - DAG(s) 'example_python_operator' retrieved from /home/airflow/.local/lib/python3.8/site-packages/airflow/example_dags/example_python_operator.py
[2026-05-29T19:20:10.468+0000] {logging_mixin.py:188} INFO - [2026-05-29T19:20:10.468+0000] {dag.py:3047} INFO - Sync 1 DAGs
[2026-05-29T19:20:10.480+0000] {logging_mixin.py:188} INFO - [2026-05-29T19:20:10.479+0000] {dag.py:3834} INFO - Setting next_dagrun for example_python_operator to None, run_after=None
[2026-05-29T19:20:10.501+0000] {processor.py:183} INFO - Processing /home/airflow/.local/lib/python3.8/site-packages/airflow/example_dags/example_python_operator.py took 0.068 seconds
[2026-05-29T19:20:40.664+0000] {processor.py:161} INFO - Started process (PID=578) to work on /home/airflow/.local/lib/python3.8/site-packages/airflow/example_dags/example_python_operator.py
[2026-05-29T19:20:40.665+0000] {processor.py:830} INFO - Processing file /home/airflow/.local/lib/python3.8/site-packages/airflow/example_dags/example_python_operator.py for tasks to queue
[2026-05-29T19:20:40.666+0000] {logging_mixin.py:188} INFO - [2026-05-29T19:20:40.666+0000] {dagbag.py:540} INFO - Filling up the DagBag from /home/airflow/.local/lib/python3.8/site-packages/airflow/example_dags/example_python_operator.py
[2026-05-29T19:20:40.675+0000] {processor.py:840} INFO - DAG(s) 'example_python_operator' retrieved from /home/airflow/.local/lib/python3.8/site-packages/airflow/example_dags/example_python_operator.py
[2026-05-29T19:20:40.696+0000] {logging_mixin.py:188} INFO - [2026-05-29T19:20:40.696+0000] {dag.py:3047} INFO - Sync 1 DAGs
[2026-05-29T19:20:40.709+0000] {logging_mixin.py:188} INFO - [2026-05-29T19:20:40.709+0000] {dag.py:3834} INFO - Setting next_dagrun for example_python_operator to None, run_after=None
[2026-05-29T19:20:40.733+0000] {processor.py:183} INFO - Processing /home/airflow/.local/lib/python3.8/site-packages/airflow/example_dags/example_python_operator.py took 0.072 seconds
[2026-05-29T19:21:11.035+0000] {processor.py:161} INFO - Started process (PID=633) to work on /home/airflow/.local/lib/python3.8/site-packages/airflow/example_dags/example_python_operator.py
[2026-05-29T19:21:11.037+0000] {processor.py:830} INFO - Processing file /home/airflow/.local/lib/python3.8/site-packages/airflow/example_dags/example_python_operator.py for tasks to queue
[2026-05-29T19:21:11.040+0000] {logging_mixin.py:188} INFO - [2026-05-29T19:21:11.040+0000] {dagbag.py:540} INFO - Filling up the DagBag from /home/airflow/.local/lib/python3.8/site-packages/airflow/example_dags/example_python_operator.py
[2026-05-29T19:21:11.052+0000] {processor.py:840} INFO - DAG(s) 'example_python_operator' retrieved from /home/airflow/.local/lib/python3.8/site-packages/airflow/example_dags/example_python_operator.py
[2026-05-29T19:21:11.087+0000] {logging_mixin.py:188} INFO - [2026-05-29T19:21:11.087+0000] {dag.py:3047} INFO - Sync 1 DAGs
[2026-05-29T19:21:11.106+0000] {logging_mixin.py:188} INFO - [2026-05-29T19:21:11.106+0000] {dag.py:3834} INFO - Setting next_dagrun for example_python_operator to None, run_after=None
[2026-05-29T19:21:11.150+0000] {processor.py:183} INFO - Processing /home/airflow/.local/lib/python3.8/site-packages/airflow/example_dags/example_python_operator.py took 0.121 seconds
[2026-05-29T19:21:41.363+0000] {processor.py:161} INFO - Started process (PID=688) to work on /home/airflow/.local/lib/python3.8/site-packages/airflow/example_dags/example_python_operator.py
[2026-05-29T19:21:41.364+0000] {processor.py:830} INFO - Processing file /home/airflow/.local/lib/python3.8/site-packages/airflow/example_dags/example_python_operator.py for tasks to queue
[2026-05-29T19:21:41.366+0000] {logging_mixin.py:188} INFO - [2026-05-29T19:21:41.366+0000] {dagbag.py:540} INFO - Filling up the DagBag from /home/airflow/.local/lib/python3.8/site-packages/airflow/example_dags/example_python_operator.py
[2026-05-29T19:21:41.374+0000] {processor.py:840} INFO - DAG(s) 'example_python_operator' retrieved from /home/airflow/.local/lib/python3.8/site-packages/airflow/example_dags/example_python_operator.py
[2026-05-29T19:21:41.393+0000] {logging_mixin.py:188} INFO - [2026-05-29T19:21:41.393+0000] {dag.py:3047} INFO - Sync 1 DAGs
[2026-05-29T19:21:41.408+0000] {logging_mixin.py:188} INFO - [2026-05-29T19:21:41.408+0000] {dag.py:3834} INFO - Setting next_dagrun for example_python_operator to None, run_after=None
[2026-05-29T19:21:41.437+0000] {processor.py:183} INFO - Processing /home/airflow/.local/lib/python3.8/site-packages/airflow/example_dags/example_python_operator.py took 0.077 seconds
[2026-05-29T19:22:11.494+0000] {processor.py:161} INFO - Started process (PID=742) to work on /home/airflow/.local/lib/python3.8/site-packages/airflow/example_dags/example_python_operator.py
[2026-05-29T19:22:11.495+0000] {processor.py:830} INFO - Processing file /home/airflow/.local/lib/python3.8/site-packages/airflow/example_dags/example_python_operator.py for tasks to queue
[2026-05-29T19:22:11.497+0000] {logging_mixin.py:188} INFO - [2026-05-29T19:22:11.497+0000] {dagbag.py:540} INFO - Filling up the DagBag from /home/airflow/.local/lib/python3.8/site-packages/airflow/example_dags/example_python_operator.py
[2026-05-29T19:22:11.505+0000] {processor.py:840} INFO - DAG(s) 'example_python_operator' retrieved from /home/airflow/.local/lib/python3.8/site-packages/airflow/example_dags/example_python_operator.py
[2026-05-29T19:22:11.525+0000] {logging_mixin.py:188} INFO - [2026-05-29T19:22:11.525+0000] {dag.py:3047} INFO - Sync 1 DAGs
[2026-05-29T19:22:11.535+0000] {logging_mixin.py:188} INFO - [2026-05-29T19:22:11.535+0000] {dag.py:3834} INFO - Setting next_dagrun for example_python_operator to None, run_after=None
[2026-05-29T19:22:11.555+0000] {processor.py:183} INFO - Processing /home/airflow/.local/lib/python3.8/site-packages/airflow/example_dags/example_python_operator.py took 0.064 seconds
[2026-05-29T19:22:41.873+0000] {processor.py:161} INFO - Started process (PID=798) to work on /home/airflow/.local/lib/python3.8/site-packages/airflow/example_dags/example_python_operator.py
[2026-05-29T19:22:41.874+0000] {processor.py:830} INFO - Processing file /home/airflow/.local/lib/python3.8/site-packages/airflow/example_dags/example_python_operator.py for tasks to queue
[2026-05-29T19:22:41.876+0000] {logging_mixin.py:188} INFO - [2026-05-29T19:22:41.876+0000] {dagbag.py:540} INFO - Filling up the DagBag from /home/airflow/.local/lib/python3.8/site-packages/airflow/example_dags/example_python_operator.py
[2026-05-29T19:22:41.885+0000] {processor.py:840} INFO - DAG(s) 'example_python_operator' retrieved from /home/airflow/.local/lib/python3.8/site-packages/airflow/example_dags/example_python_operator.py
[2026-05-29T19:22:41.903+0000] {logging_mixin.py:188} INFO - [2026-05-29T19:22:41.903+0000] {dag.py:3047} INFO - Sync 1 DAGs
[2026-05-29T19:22:41.913+0000] {logging_mixin.py:188} INFO - [2026-05-29T19:22:41.913+0000] {dag.py:3834} INFO - Setting next_dagrun for example_python_operator to None, run_after=None
[2026-05-29T19:22:41.937+0000] {processor.py:183} INFO - Processing /home/airflow/.local/lib/python3.8/site-packages/airflow/example_dags/example_python_operator.py took 0.067 seconds
[2026-05-29T19:23:12.001+0000] {processor.py:161} INFO - Started process (PID=852) to work on /home/airflow/.local/lib/python3.8/site-packages/airflow/example_dags/example_python_operator.py
[2026-05-29T19:23:12.002+0000] {processor.py:830} INFO - Processing file /home/airflow/.local/lib/python3.8/site-packages/airflow/example_dags/example_python_operator.py for tasks to queue
[2026-05-29T19:23:12.004+0000] {logging_mixin.py:188} INFO - [2026-05-29T19:23:12.003+0000] {dagbag.py:540} INFO - Filling up the DagBag from /home/airflow/.local/lib/python3.8/site-packages/airflow/example_dags/example_python_operator.py
[2026-05-29T19:23:12.011+0000] {processor.py:840} INFO - DAG(s) 'example_python_operator' retrieved from /home/airflow/.local/lib/python3.8/site-packages/airflow/example_dags/example_python_operator.py
[2026-05-29T19:23:12.030+0000] {logging_mixin.py:188} INFO - [2026-05-29T19:23:12.030+0000] {dag.py:3047} INFO - Sync 1 DAGs
[2026-05-29T19:23:12.041+0000] {logging_mixin.py:188} INFO - [2026-05-29T19:23:12.040+0000] {dag.py:3834} INFO - Setting next_dagrun for example_python_operator to None, run_after=None
[2026-05-29T19:23:12.061+0000] {processor.py:183} INFO - Processing /home/airflow/.local/lib/python3.8/site-packages/airflow/example_dags/example_python_operator.py took 0.064 seconds
[2026-05-29T19:23:42.206+0000] {processor.py:161} INFO - Started process (PID=907) to work on /home/airflow/.local/lib/python3.8/site-packages/airflow/example_dags/example_python_operator.py
[2026-05-29T19:23:42.207+0000] {processor.py:830} INFO - Processing file /home/airflow/.local/lib/python3.8/site-packages/airflow/example_dags/example_python_operator.py for tasks to queue
[2026-05-29T19:23:42.209+0000] {logging_mixin.py:188} INFO - [2026-05-29T19:23:42.209+0000] {dagbag.py:540} INFO - Filling up the DagBag from /home/airflow/.local/lib/python3.8/site-packages/airflow/example_dags/example_python_operator.py
[2026-05-29T19:23:42.217+0000] {processor.py:840} INFO - DAG(s) 'example_python_operator' retrieved from /home/airflow/.local/lib/python3.8/site-packages/airflow/example_dags/example_python_operator.py
[2026-05-29T19:23:42.236+0000] {logging_mixin.py:188} INFO - [2026-05-29T19:23:42.236+0000] {dag.py:3047} INFO - Sync 1 DAGs
[2026-05-29T19:23:42.246+0000] {logging_mixin.py:188} INFO - [2026-05-29T19:23:42.246+0000] {dag.py:3834} INFO - Setting next_dagrun for example_python_operator to None, run_after=None
[2026-05-29T19:23:42.267+0000] {processor.py:183} INFO - Processing /home/airflow/.local/lib/python3.8/site-packages/airflow/example_dags/example_python_operator.py took 0.064 seconds
[2026-05-29T19:24:12.405+0000] {processor.py:161} INFO - Started process (PID=962) to work on /home/airflow/.local/lib/python3.8/site-packages/airflow/example_dags/example_python_operator.py
[2026-05-29T19:24:12.407+0000] {processor.py:830} INFO - Processing file /home/airflow/.local/lib/python3.8/site-packages/airflow/example_dags/example_python_operator.py for tasks to queue
[2026-05-29T19:24:12.410+0000] {logging_mixin.py:188} INFO - [2026-05-29T19:24:12.410+0000] {dagbag.py:540} INFO - Filling up the DagBag from /home/airflow/.local/lib/python3.8/site-packages/airflow/example_dags/example_python_operator.py
[2026-05-29T19:24:12.421+0000] {processor.py:840} INFO - DAG(s) 'example_python_operator' retrieved from /home/airflow/.local/lib/python3.8/site-packages/airflow/example_dags/example_python_operator.py
[2026-05-29T19:24:12.443+0000] {logging_mixin.py:188} INFO - [2026-05-29T19:24:12.443+0000] {dag.py:3047} INFO - Sync 1 DAGs
[2026-05-29T19:24:12.455+0000] {logging_mixin.py:188} INFO - [2026-05-29T19:24:12.455+0000] {dag.py:3834} INFO - Setting next_dagrun for example_python_operator to None, run_after=None
[2026-05-29T19:24:12.481+0000] {processor.py:183} INFO - Processing /home/airflow/.local/lib/python3.8/site-packages/airflow/example_dags/example_python_operator.py took 0.079 seconds
[2026-05-29T19:24:42.685+0000] {processor.py:161} INFO - Started process (PID=1018) to work on /home/airflow/.local/lib/python3.8/site-packages/airflow/example_dags/example_python_operator.py
[2026-05-29T19:24:42.686+0000] {processor.py:830} INFO - Processing file /home/airflow/.local/lib/python3.8/site-packages/airflow/example_dags/example_python_operator.py for tasks to queue
[2026-05-29T19:24:42.688+0000] {logging_mixin.py:188} INFO - [2026-05-29T19:24:42.688+0000] {dagbag.py:540} INFO - Filling up the DagBag from /home/airflow/.local/lib/python3.8/site-packages/airflow/example_dags/example_python_operator.py
[2026-05-29T19:24:42.699+0000] {processor.py:840} INFO - DAG(s) 'example_python_operator' retrieved from /home/airflow/.local/lib/python3.8/site-packages/airflow/example_dags/example_python_operator.py
[2026-05-29T19:24:42.721+0000] {logging_mixin.py:188} INFO - [2026-05-29T19:24:42.720+0000] {dag.py:3047} INFO - Sync 1 DAGs
[2026-05-29T19:24:42.733+0000] {logging_mixin.py:188} INFO - [2026-05-29T19:24:42.733+0000] {dag.py:3834} INFO - Setting next_dagrun for example_python_operator to None, run_after=None
[2026-05-29T19:24:42.759+0000] {processor.py:183} INFO - Processing /home/airflow/.local/lib/python3.8/site-packages/airflow/example_dags/example_python_operator.py took 0.078 seconds
[2026-05-29T19:25:13.064+0000] {processor.py:161} INFO - Started process (PID=1073) to work on /home/airflow/.local/lib/python3.8/site-packages/airflow/example_dags/example_python_operator.py
[2026-05-29T19:25:13.065+0000] {processor.py:830} INFO - Processing file /home/airflow/.local/lib/python3.8/site-packages/airflow/example_dags/example_python_operator.py for tasks to queue
[2026-05-29T19:25:13.066+0000] {logging_mixin.py:188} INFO - [2026-05-29T19:25:13.066+0000] {dagbag.py:540} INFO - Filling up the DagBag from /home/airflow/.local/lib/python3.8/site-packages/airflow/example_dags/example_python_operator.py
[2026-05-29T19:25:13.075+0000] {processor.py:840} INFO - DAG(s) 'example_python_operator' retrieved from /home/airflow/.local/lib/python3.8/site-packages/airflow/example_dags/example_python_operator.py
[2026-05-29T19:25:13.094+0000] {logging_mixin.py:188} INFO - [2026-05-29T19:25:13.094+0000] {dag.py:3047} INFO - Sync 1 DAGs
[2026-05-29T19:25:13.103+0000] {logging_mixin.py:188} INFO - [2026-05-29T19:25:13.103+0000] {dag.py:3834} INFO - Setting next_dagrun for example_python_operator to None, run_after=None
[2026-05-29T19:25:13.125+0000] {processor.py:183} INFO - Processing /home/airflow/.local/lib/python3.8/site-packages/airflow/example_dags/example_python_operator.py took 0.064 seconds
[2026-05-29T19:25:43.956+0000] {processor.py:161} INFO - Started process (PID=1128) to work on /home/airflow/.local/lib/python3.8/site-packages/airflow/example_dags/example_python_operator.py
[2026-05-29T19:25:43.957+0000] {processor.py:830} INFO - Processing file /home/airflow/.local/lib/python3.8/site-packages/airflow/example_dags/example_python_operator.py for tasks to queue
[2026-05-29T19:25:43.958+0000] {logging_mixin.py:188} INFO - [2026-05-29T19:25:43.958+0000] {dagbag.py:540} INFO - Filling up the DagBag from /home/airflow/.local/lib/python3.8/site-packages/airflow/example_dags/example_python_operator.py
[2026-05-29T19:25:43.968+0000] {processor.py:840} INFO - DAG(s) 'example_python_operator' retrieved from /home/airflow/.local/lib/python3.8/site-packages/airflow/example_dags/example_python_operator.py
[2026-05-29T19:25:43.988+0000] {logging_mixin.py:188} INFO - [2026-05-29T19:25:43.988+0000] {dag.py:3047} INFO - Sync 1 DAGs
[2026-05-29T19:25:43.999+0000] {logging_mixin.py:188} INFO - [2026-05-29T19:25:43.999+0000] {dag.py:3834} INFO - Setting next_dagrun for example_python_operator to None, run_after=None
[2026-05-29T19:25:44.020+0000] {processor.py:183} INFO - Processing /home/airflow/.local/lib/python3.8/site-packages/airflow/example_dags/example_python_operator.py took 0.068 seconds
[2026-05-29T19:26:14.169+0000] {processor.py:161} INFO - Started process (PID=1183) to work on /home/airflow/.local/lib/python3.8/site-packages/airflow/example_dags/example_python_operator.py
[2026-05-29T19:26:14.170+0000] {processor.py:830} INFO - Processing file /home/airflow/.local/lib/python3.8/site-packages/airflow/example_dags/example_python_operator.py for tasks to queue
[2026-05-29T19:26:14.174+0000] {logging_mixin.py:188} INFO - [2026-05-29T19:26:14.173+0000] {dagbag.py:540} INFO - Filling up the DagBag from /home/airflow/.local/lib/python3.8/site-packages/airflow/example_dags/example_python_operator.py
[2026-05-29T19:26:14.188+0000] {processor.py:840} INFO - DAG(s) 'example_python_operator' retrieved from /home/airflow/.local/lib/python3.8/site-packages/airflow/example_dags/example_python_operator.py
[2026-05-29T19:26:14.218+0000] {logging_mixin.py:188} INFO - [2026-05-29T19:26:14.217+0000] {dag.py:3047} INFO - Sync 1 DAGs
[2026-05-29T19:26:14.233+0000] {logging_mixin.py:188} INFO - [2026-05-29T19:26:14.232+0000] {dag.py:3834} INFO - Setting next_dagrun for example_python_operator to None, run_after=None
[2026-05-29T19:26:14.266+0000] {processor.py:183} INFO - Processing /home/airflow/.local/lib/python3.8/site-packages/airflow/example_dags/example_python_operator.py took 0.101 seconds
[2026-05-29T19:26:44.488+0000] {processor.py:161} INFO - Started process (PID=1238) to work on /home/airflow/.local/lib/python3.8/site-packages/airflow/example_dags/example_python_operator.py
[2026-05-29T19:26:44.489+0000] {processor.py:830} INFO - Processing file /home/airflow/.local/lib/python3.8/site-packages/airflow/example_dags/example_python_operator.py for tasks to queue
[2026-05-29T19:26:44.492+0000] {logging_mixin.py:188} INFO - [2026-05-29T19:26:44.492+0000] {dagbag.py:540} INFO - Filling up the DagBag from /home/airflow/.local/lib/python3.8/site-packages/airflow/example_dags/example_python_operator.py
[2026-05-29T19:26:44.503+0000] {processor.py:840} INFO - DAG(s) 'example_python_operator' retrieved from /home/airflow/.local/lib/python3.8/site-packages/airflow/example_dags/example_python_operator.py
[2026-05-29T19:26:44.523+0000] {logging_mixin.py:188} INFO - [2026-05-29T19:26:44.523+0000] {dag.py:3047} INFO - Sync 1 DAGs
[2026-05-29T19:26:44.535+0000] {logging_mixin.py:188} INFO - [2026-05-29T19:26:44.535+0000] {dag.py:3834} INFO - Setting next_dagrun for example_python_operator to None, run_after=None
[2026-05-29T19:26:44.560+0000] {processor.py:183} INFO - Processing /home/airflow/.local/lib/python3.8/site-packages/airflow/example_dags/example_python_operator.py took 0.075 seconds
[2026-05-29T19:27:14.753+0000] {processor.py:161} INFO - Started process (PID=1293) to work on /home/airflow/.local/lib/python3.8/site-packages/airflow/example_dags/example_python_operator.py
[2026-05-29T19:27:14.755+0000] {processor.py:830} INFO - Processing file /home/airflow/.local/lib/python3.8/site-packages/airflow/example_dags/example_python_operator.py for tasks to queue
[2026-05-29T19:27:14.757+0000] {logging_mixin.py:188} INFO - [2026-05-29T19:27:14.757+0000] {dagbag.py:540} INFO - Filling up the DagBag from /home/airflow/.local/lib/python3.8/site-packages/airflow/example_dags/example_python_operator.py
[2026-05-29T19:27:14.765+0000] {processor.py:840} INFO - DAG(s) 'example_python_operator' retrieved from /home/airflow/.local/lib/python3.8/site-packages/airflow/example_dags/example_python_operator.py
[2026-05-29T19:27:14.783+0000] {logging_mixin.py:188} INFO - [2026-05-29T19:27:14.783+0000] {dag.py:3047} INFO - Sync 1 DAGs
[2026-05-29T19:27:14.793+0000] {logging_mixin.py:188} INFO - [2026-05-29T19:27:14.793+0000] {dag.py:3834} INFO - Setting next_dagrun for example_python_operator to None, run_after=None
[2026-05-29T19:27:14.814+0000] {processor.py:183} INFO - Processing /home/airflow/.local/lib/python3.8/site-packages/airflow/example_dags/example_python_operator.py took 0.063 seconds
[2026-05-29T19:27:46.159+0000] {processor.py:161} INFO - Started process (PID=1348) to work on /home/airflow/.local/lib/python3.8/site-packages/airflow/example_dags/example_python_operator.py
[2026-05-29T19:27:46.162+0000] {processor.py:830} INFO - Processing file /home/airflow/.local/lib/python3.8/site-packages/airflow/example_dags/example_python_operator.py for tasks to queue
[2026-05-29T19:27:46.167+0000] {logging_mixin.py:188} INFO - [2026-05-29T19:27:46.165+0000] {dagbag.py:540} INFO - Filling up the DagBag from /home/airflow/.local/lib/python3.8/site-packages/airflow/example_dags/example_python_operator.py
[2026-05-29T19:27:46.194+0000] {processor.py:840} INFO - DAG(s) 'example_python_operator' retrieved from /home/airflow/.local/lib/python3.8/site-packages/airflow/example_dags/example_python_operator.py
[2026-05-29T19:27:46.241+0000] {logging_mixin.py:188} INFO - [2026-05-29T19:27:46.240+0000] {dag.py:3047} INFO - Sync 1 DAGs
[2026-05-29T19:27:46.273+0000] {logging_mixin.py:188} INFO - [2026-05-29T19:27:46.272+0000] {dag.py:3834} INFO - Setting next_dagrun for example_python_operator to None, run_after=None
[2026-05-29T19:27:46.315+0000] {processor.py:183} INFO - Processing /home/airflow/.local/lib/python3.8/site-packages/airflow/example_dags/example_python_operator.py took 0.165 seconds
[2026-05-29T19:28:16.844+0000] {processor.py:161} INFO - Started process (PID=1403) to work on /home/airflow/.local/lib/python3.8/site-packages/airflow/example_dags/example_python_operator.py
[2026-05-29T19:28:16.845+0000] {processor.py:830} INFO - Processing file /home/airflow/.local/lib/python3.8/site-packages/airflow/example_dags/example_python_operator.py for tasks to queue
[2026-05-29T19:28:16.847+0000] {logging_mixin.py:188} INFO - [2026-05-29T19:28:16.847+0000] {dagbag.py:540} INFO - Filling up the DagBag from /home/airflow/.local/lib/python3.8/site-packages/airflow/example_dags/example_python_operator.py
[2026-05-29T19:28:16.855+0000] {processor.py:840} INFO - DAG(s) 'example_python_operator' retrieved from /home/airflow/.local/lib/python3.8/site-packages/airflow/example_dags/example_python_operator.py
[2026-05-29T19:28:16.875+0000] {logging_mixin.py:188} INFO - [2026-05-29T19:28:16.874+0000] {dag.py:3047} INFO - Sync 1 DAGs
[2026-05-29T19:28:16.884+0000] {logging_mixin.py:188} INFO - [2026-05-29T19:28:16.884+0000] {dag.py:3834} INFO - Setting next_dagrun for example_python_operator to None, run_after=None
[2026-05-29T19:28:16.902+0000] {processor.py:183} INFO - Processing /home/airflow/.local/lib/python3.8/site-packages/airflow/example_dags/example_python_operator.py took 0.060 seconds
[2026-05-29T19:28:46.933+0000] {processor.py:161} INFO - Started process (PID=1457) to work on /home/airflow/.local/lib/python3.8/site-packages/airflow/example_dags/example_python_operator.py
[2026-05-29T19:28:46.934+0000] {processor.py:830} INFO - Processing file /home/airflow/.local/lib/python3.8/site-packages/airflow/example_dags/example_python_operator.py for tasks to queue
[2026-05-29T19:28:46.936+0000] {logging_mixin.py:188} INFO - [2026-05-29T19:28:46.936+0000] {dagbag.py:540} INFO - Filling up the DagBag from /home/airflow/.local/lib/python3.8/site-packages/airflow/example_dags/example_python_operator.py
[2026-05-29T19:28:46.945+0000] {processor.py:840} INFO - DAG(s) 'example_python_operator' retrieved from /home/airflow/.local/lib/python3.8/site-packages/airflow/example_dags/example_python_operator.py
[2026-05-29T19:28:46.964+0000] {logging_mixin.py:188} INFO - [2026-05-29T19:28:46.964+0000] {dag.py:3047} INFO - Sync 1 DAGs
[2026-05-29T19:28:46.975+0000] {logging_mixin.py:188} INFO - [2026-05-29T19:28:46.974+0000] {dag.py:3834} INFO - Setting next_dagrun for example_python_operator to None, run_after=None
[2026-05-29T19:28:46.996+0000] {processor.py:183} INFO - Processing /home/airflow/.local/lib/python3.8/site-packages/airflow/example_dags/example_python_operator.py took 0.065 seconds
[2026-05-29T19:29:17.381+0000] {processor.py:161} INFO - Started process (PID=1512) to work on /home/airflow/.local/lib/python3.8/site-packages/airflow/example_dags/example_python_operator.py
[2026-05-29T19:29:17.382+0000] {processor.py:830} INFO - Processing file /home/airflow/.local/lib/python3.8/site-packages/airflow/example_dags/example_python_operator.py for tasks to queue
[2026-05-29T19:29:17.384+0000] {logging_mixin.py:188} INFO - [2026-05-29T19:29:17.384+0000] {dagbag.py:540} INFO - Filling up the DagBag from /home/airflow/.local/lib/python3.8/site-packages/airflow/example_dags/example_python_operator.py
[2026-05-29T19:29:17.393+0000] {processor.py:840} INFO - DAG(s) 'example_python_operator' retrieved from /home/airflow/.local/lib/python3.8/site-packages/airflow/example_dags/example_python_operator.py
[2026-05-29T19:29:17.414+0000] {logging_mixin.py:188} INFO - [2026-05-29T19:29:17.414+0000] {dag.py:3047} INFO - Sync 1 DAGs
[2026-05-29T19:29:17.424+0000] {logging_mixin.py:188} INFO - [2026-05-29T19:29:17.424+0000] {dag.py:3834} INFO - Setting next_dagrun for example_python_operator to None, run_after=None
[2026-05-29T19:29:17.443+0000] {processor.py:183} INFO - Processing /home/airflow/.local/lib/python3.8/site-packages/airflow/example_dags/example_python_operator.py took 0.065 seconds
[2026-05-29T19:29:47.943+0000] {processor.py:161} INFO - Started process (PID=1567) to work on /home/airflow/.local/lib/python3.8/site-packages/airflow/example_dags/example_python_operator.py
[2026-05-29T19:29:47.945+0000] {processor.py:830} INFO - Processing file /home/airflow/.local/lib/python3.8/site-packages/airflow/example_dags/example_python_operator.py for tasks to queue
[2026-05-29T19:29:47.946+0000] {logging_mixin.py:188} INFO - [2026-05-29T19:29:47.946+0000] {dagbag.py:540} INFO - Filling up the DagBag from /home/airflow/.local/lib/python3.8/site-packages/airflow/example_dags/example_python_operator.py
[2026-05-29T19:29:47.957+0000] {processor.py:840} INFO - DAG(s) 'example_python_operator' retrieved from /home/airflow/.local/lib/python3.8/site-packages/airflow/example_dags/example_python_operator.py
[2026-05-29T19:29:47.976+0000] {logging_mixin.py:188} INFO - [2026-05-29T19:29:47.975+0000] {dag.py:3047} INFO - Sync 1 DAGs
[2026-05-29T19:29:47.985+0000] {logging_mixin.py:188} INFO - [2026-05-29T19:29:47.985+0000] {dag.py:3834} INFO - Setting next_dagrun for example_python_operator to None, run_after=None
[2026-05-29T19:29:48.009+0000] {processor.py:183} INFO - Processing /home/airflow/.local/lib/python3.8/site-packages/airflow/example_dags/example_python_operator.py took 0.068 seconds
[2026-05-29T19:30:18.227+0000] {processor.py:161} INFO - Started process (PID=1622) to work on /home/airflow/.local/lib/python3.8/site-packages/airflow/example_dags/example_python_operator.py
[2026-05-29T19:30:18.228+0000] {processor.py:830} INFO - Processing file /home/airflow/.local/lib/python3.8/site-packages/airflow/example_dags/example_python_operator.py for tasks to queue
[2026-05-29T19:30:18.230+0000] {logging_mixin.py:188} INFO - [2026-05-29T19:30:18.230+0000] {dagbag.py:540} INFO - Filling up the DagBag from /home/airflow/.local/lib/python3.8/site-packages/airflow/example_dags/example_python_operator.py
[2026-05-29T19:30:18.238+0000] {processor.py:840} INFO - DAG(s) 'example_python_operator' retrieved from /home/airflow/.local/lib/python3.8/site-packages/airflow/example_dags/example_python_operator.py
[2026-05-29T19:30:18.258+0000] {logging_mixin.py:188} INFO - [2026-05-29T19:30:18.258+0000] {dag.py:3047} INFO - Sync 1 DAGs
[2026-05-29T19:30:18.268+0000] {logging_mixin.py:188} INFO - [2026-05-29T19:30:18.268+0000] {dag.py:3834} INFO - Setting next_dagrun for example_python_operator to None, run_after=None
[2026-05-29T19:30:18.287+0000] {processor.py:183} INFO - Processing /home/airflow/.local/lib/python3.8/site-packages/airflow/example_dags/example_python_operator.py took 0.063 seconds
[2026-05-29T19:30:48.466+0000] {processor.py:161} INFO - Started process (PID=1677) to work on /home/airflow/.local/lib/python3.8/site-packages/airflow/example_dags/example_python_operator.py
[2026-05-29T19:30:48.467+0000] {processor.py:830} INFO - Processing file /home/airflow/.local/lib/python3.8/site-packages/airflow/example_dags/example_python_operator.py for tasks to queue
[2026-05-29T19:30:48.469+0000] {logging_mixin.py:188} INFO - [2026-05-29T19:30:48.469+0000] {dagbag.py:540} INFO - Filling up the DagBag from /home/airflow/.local/lib/python3.8/site-packages/airflow/example_dags/example_python_operator.py
[2026-05-29T19:30:48.478+0000] {processor.py:840} INFO - DAG(s) 'example_python_operator' retrieved from /home/airflow/.local/lib/python3.8/site-packages/airflow/example_dags/example_python_operator.py
[2026-05-29T19:30:48.499+0000] {logging_mixin.py:188} INFO - [2026-05-29T19:30:48.499+0000] {dag.py:3047} INFO - Sync 1 DAGs
[2026-05-29T19:30:48.510+0000] {logging_mixin.py:188} INFO - [2026-05-29T19:30:48.509+0000] {dag.py:3834} INFO - Setting next_dagrun for example_python_operator to None, run_after=None
[2026-05-29T19:30:48.527+0000] {processor.py:183} INFO - Processing /home/airflow/.local/lib/python3.8/site-packages/airflow/example_dags/example_python_operator.py took 0.064 seconds
[2026-05-29T19:31:19.477+0000] {processor.py:161} INFO - Started process (PID=1732) to work on /home/airflow/.local/lib/python3.8/site-packages/airflow/example_dags/example_python_operator.py
[2026-05-29T19:31:19.479+0000] {processor.py:830} INFO - Processing file /home/airflow/.local/lib/python3.8/site-packages/airflow/example_dags/example_python_operator.py for tasks to queue
[2026-05-29T19:31:19.481+0000] {logging_mixin.py:188} INFO - [2026-05-29T19:31:19.480+0000] {dagbag.py:540} INFO - Filling up the DagBag from /home/airflow/.local/lib/python3.8/site-packages/airflow/example_dags/example_python_operator.py
[2026-05-29T19:31:19.490+0000] {processor.py:840} INFO - DAG(s) 'example_python_operator' retrieved from /home/airflow/.local/lib/python3.8/site-packages/airflow/example_dags/example_python_operator.py
[2026-05-29T19:31:19.512+0000] {logging_mixin.py:188} INFO - [2026-05-29T19:31:19.511+0000] {dag.py:3047} INFO - Sync 1 DAGs
[2026-05-29T19:31:19.522+0000] {logging_mixin.py:188} INFO - [2026-05-29T19:31:19.522+0000] {dag.py:3834} INFO - Setting next_dagrun for example_python_operator to None, run_after=None
[2026-05-29T19:31:19.540+0000] {processor.py:183} INFO - Processing /home/airflow/.local/lib/python3.8/site-packages/airflow/example_dags/example_python_operator.py took 0.065 seconds
[2026-05-29T19:31:50.108+0000] {processor.py:161} INFO - Started process (PID=1787) to work on /home/airflow/.local/lib/python3.8/site-packages/airflow/example_dags/example_python_operator.py
[2026-05-29T19:31:50.109+0000] {processor.py:830} INFO - Processing file /home/airflow/.local/lib/python3.8/site-packages/airflow/example_dags/example_python_operator.py for tasks to queue
[2026-05-29T19:31:50.111+0000] {logging_mixin.py:188} INFO - [2026-05-29T19:31:50.111+0000] {dagbag.py:540} INFO - Filling up the DagBag from /home/airflow/.local/lib/python3.8/site-packages/airflow/example_dags/example_python_operator.py
[2026-05-29T19:31:50.120+0000] {processor.py:840} INFO - DAG(s) 'example_python_operator' retrieved from /home/airflow/.local/lib/python3.8/site-packages/airflow/example_dags/example_python_operator.py
[2026-05-29T19:31:50.141+0000] {logging_mixin.py:188} INFO - [2026-05-29T19:31:50.140+0000] {dag.py:3047} INFO - Sync 1 DAGs
[2026-05-29T19:31:50.151+0000] {logging_mixin.py:188} INFO - [2026-05-29T19:31:50.150+0000] {dag.py:3834} INFO - Setting next_dagrun for example_python_operator to None, run_after=None
[2026-05-29T19:31:50.169+0000] {processor.py:183} INFO - Processing /home/airflow/.local/lib/python3.8/site-packages/airflow/example_dags/example_python_operator.py took 0.064 seconds
[2026-05-29T19:32:20.213+0000] {processor.py:161} INFO - Started process (PID=1842) to work on /home/airflow/.local/lib/python3.8/site-packages/airflow/example_dags/example_python_operator.py
[2026-05-29T19:32:20.215+0000] {processor.py:830} INFO - Processing file /home/airflow/.local/lib/python3.8/site-packages/airflow/example_dags/example_python_operator.py for tasks to queue
[2026-05-29T19:32:20.217+0000] {logging_mixin.py:188} INFO - [2026-05-29T19:32:20.217+0000] {dagbag.py:540} INFO - Filling up the DagBag from /home/airflow/.local/lib/python3.8/site-packages/airflow/example_dags/example_python_operator.py
[2026-05-29T19:32:20.228+0000] {processor.py:840} INFO - DAG(s) 'example_python_operator' retrieved from /home/airflow/.local/lib/python3.8/site-packages/airflow/example_dags/example_python_operator.py
[2026-05-29T19:32:20.248+0000] {logging_mixin.py:188} INFO - [2026-05-29T19:32:20.248+0000] {dag.py:3047} INFO - Sync 1 DAGs
[2026-05-29T19:32:20.259+0000] {logging_mixin.py:188} INFO - [2026-05-29T19:32:20.259+0000] {dag.py:3834} INFO - Setting next_dagrun for example_python_operator to None, run_after=None
[2026-05-29T19:32:20.280+0000] {processor.py:183} INFO - Processing /home/airflow/.local/lib/python3.8/site-packages/airflow/example_dags/example_python_operator.py took 0.071 seconds
[2026-05-29T19:32:50.618+0000] {processor.py:161} INFO - Started process (PID=1898) to work on /home/airflow/.local/lib/python3.8/site-packages/airflow/example_dags/example_python_operator.py
[2026-05-29T19:32:50.619+0000] {processor.py:830} INFO - Processing file /home/airflow/.local/lib/python3.8/site-packages/airflow/example_dags/example_python_operator.py for tasks to queue
[2026-05-29T19:32:50.621+0000] {logging_mixin.py:188} INFO - [2026-05-29T19:32:50.621+0000] {dagbag.py:540} INFO - Filling up the DagBag from /home/airflow/.local/lib/python3.8/site-packages/airflow/example_dags/example_python_operator.py
[2026-05-29T19:32:50.630+0000] {processor.py:840} INFO - DAG(s) 'example_python_operator' retrieved from /home/airflow/.local/lib/python3.8/site-packages/airflow/example_dags/example_python_operator.py
[2026-05-29T19:32:50.650+0000] {logging_mixin.py:188} INFO - [2026-05-29T19:32:50.650+0000] {dag.py:3047} INFO - Sync 1 DAGs
[2026-05-29T19:32:50.661+0000] {logging_mixin.py:188} INFO - [2026-05-29T19:32:50.661+0000] {dag.py:3834} INFO - Setting next_dagrun for example_python_operator to None, run_after=None
[2026-05-29T19:32:50.680+0000] {processor.py:183} INFO - Processing /home/airflow/.local/lib/python3.8/site-packages/airflow/example_dags/example_python_operator.py took 0.065 seconds
[2026-05-29T19:33:21.077+0000] {processor.py:161} INFO - Started process (PID=1953) to work on /home/airflow/.local/lib/python3.8/site-packages/airflow/example_dags/example_python_operator.py
[2026-05-29T19:33:21.079+0000] {processor.py:830} INFO - Processing file /home/airflow/.local/lib/python3.8/site-packages/airflow/example_dags/example_python_operator.py for tasks to queue
[2026-05-29T19:33:21.083+0000] {logging_mixin.py:188} INFO - [2026-05-29T19:33:21.082+0000] {dagbag.py:540} INFO - Filling up the DagBag from /home/airflow/.local/lib/python3.8/site-packages/airflow/example_dags/example_python_operator.py
[2026-05-29T19:33:21.094+0000] {processor.py:840} INFO - DAG(s) 'example_python_operator' retrieved from /home/airflow/.local/lib/python3.8/site-packages/airflow/example_dags/example_python_operator.py
[2026-05-29T19:33:21.119+0000] {logging_mixin.py:188} INFO - [2026-05-29T19:33:21.118+0000] {dag.py:3047} INFO - Sync 1 DAGs
[2026-05-29T19:33:21.132+0000] {logging_mixin.py:188} INFO - [2026-05-29T19:33:21.132+0000] {dag.py:3834} INFO - Setting next_dagrun for example_python_operator to None, run_after=None
[2026-05-29T19:33:21.160+0000] {processor.py:183} INFO - Processing /home/airflow/.local/lib/python3.8/site-packages/airflow/example_dags/example_python_operator.py took 0.085 seconds
[2026-05-29T19:33:51.631+0000] {processor.py:161} INFO - Started process (PID=2008) to work on /home/airflow/.local/lib/python3.8/site-packages/airflow/example_dags/example_python_operator.py
[2026-05-29T19:33:51.633+0000] {processor.py:830} INFO - Processing file /home/airflow/.local/lib/python3.8/site-packages/airflow/example_dags/example_python_operator.py for tasks to queue
[2026-05-29T19:33:51.635+0000] {logging_mixin.py:188} INFO - [2026-05-29T19:33:51.635+0000] {dagbag.py:540} INFO - Filling up the DagBag from /home/airflow/.local/lib/python3.8/site-packages/airflow/example_dags/example_python_operator.py
[2026-05-29T19:33:51.646+0000] {processor.py:840} INFO - DAG(s) 'example_python_operator' retrieved from /home/airflow/.local/lib/python3.8/site-packages/airflow/example_dags/example_python_operator.py
[2026-05-29T19:33:51.672+0000] {logging_mixin.py:188} INFO - [2026-05-29T19:33:51.672+0000] {dag.py:3047} INFO - Sync 1 DAGs
[2026-05-29T19:33:51.686+0000] {logging_mixin.py:188} INFO - [2026-05-29T19:33:51.686+0000] {dag.py:3834} INFO - Setting next_dagrun for example_python_operator to None, run_after=None
[2026-05-29T19:33:51.713+0000] {processor.py:183} INFO - Processing /home/airflow/.local/lib/python3.8/site-packages/airflow/example_dags/example_python_operator.py took 0.084 seconds
