[2026-05-29T19:16:08.632+0000] {processor.py:161} INFO - Started process (PID=104) to work on /home/airflow/.local/lib/python3.8/site-packages/airflow/example_dags/example_xcom.py
[2026-05-29T19:16:08.633+0000] {processor.py:830} INFO - Processing file /home/airflow/.local/lib/python3.8/site-packages/airflow/example_dags/example_xcom.py for tasks to queue
[2026-05-29T19:16:08.636+0000] {logging_mixin.py:188} INFO - [2026-05-29T19:16:08.636+0000] {dagbag.py:540} INFO - Filling up the DagBag from /home/airflow/.local/lib/python3.8/site-packages/airflow/example_dags/example_xcom.py
[2026-05-29T19:16:08.646+0000] {processor.py:840} INFO - DAG(s) 'example_xcom' retrieved from /home/airflow/.local/lib/python3.8/site-packages/airflow/example_dags/example_xcom.py
[2026-05-29T19:16:08.675+0000] {logging_mixin.py:188} INFO - [2026-05-29T19:16:08.675+0000] {dag.py:3047} INFO - Sync 1 DAGs
[2026-05-29T19:16:08.699+0000] {logging_mixin.py:188} INFO - [2026-05-29T19:16:08.699+0000] {dag.py:3834} INFO - Setting next_dagrun for example_xcom to 2021-01-01 00:00:00+00:00, run_after=2021-01-01 00:00:00+00:00
[2026-05-29T19:16:08.727+0000] {processor.py:183} INFO - Processing /home/airflow/.local/lib/python3.8/site-packages/airflow/example_dags/example_xcom.py took 0.100 seconds
[2026-05-29T19:16:39.427+0000] {processor.py:161} INFO - Started process (PID=159) to work on /home/airflow/.local/lib/python3.8/site-packages/airflow/example_dags/example_xcom.py
[2026-05-29T19:16:39.429+0000] {processor.py:830} INFO - Processing file /home/airflow/.local/lib/python3.8/site-packages/airflow/example_dags/example_xcom.py for tasks to queue
[2026-05-29T19:16:39.430+0000] {logging_mixin.py:188} INFO - [2026-05-29T19:16:39.430+0000] {dagbag.py:540} INFO - Filling up the DagBag from /home/airflow/.local/lib/python3.8/site-packages/airflow/example_dags/example_xcom.py
[2026-05-29T19:16:39.437+0000] {processor.py:840} INFO - DAG(s) 'example_xcom' retrieved from /home/airflow/.local/lib/python3.8/site-packages/airflow/example_dags/example_xcom.py
[2026-05-29T19:16:39.455+0000] {logging_mixin.py:188} INFO - [2026-05-29T19:16:39.455+0000] {dag.py:3047} INFO - Sync 1 DAGs
[2026-05-29T19:16:39.471+0000] {logging_mixin.py:188} INFO - [2026-05-29T19:16:39.471+0000] {dag.py:3834} INFO - Setting next_dagrun for example_xcom to 2021-01-01 00:00:00+00:00, run_after=2021-01-01 00:00:00+00:00
[2026-05-29T19:16:39.491+0000] {processor.py:183} INFO - Processing /home/airflow/.local/lib/python3.8/site-packages/airflow/example_dags/example_xcom.py took 0.066 seconds
[2026-05-29T19:17:09.549+0000] {processor.py:161} INFO - Started process (PID=214) to work on /home/airflow/.local/lib/python3.8/site-packages/airflow/example_dags/example_xcom.py
[2026-05-29T19:17:09.550+0000] {processor.py:830} INFO - Processing file /home/airflow/.local/lib/python3.8/site-packages/airflow/example_dags/example_xcom.py for tasks to queue
[2026-05-29T19:17:09.552+0000] {logging_mixin.py:188} INFO - [2026-05-29T19:17:09.552+0000] {dagbag.py:540} INFO - Filling up the DagBag from /home/airflow/.local/lib/python3.8/site-packages/airflow/example_dags/example_xcom.py
[2026-05-29T19:17:09.558+0000] {processor.py:840} INFO - DAG(s) 'example_xcom' retrieved from /home/airflow/.local/lib/python3.8/site-packages/airflow/example_dags/example_xcom.py
[2026-05-29T19:17:09.575+0000] {logging_mixin.py:188} INFO - [2026-05-29T19:17:09.575+0000] {dag.py:3047} INFO - Sync 1 DAGs
[2026-05-29T19:17:09.591+0000] {logging_mixin.py:188} INFO - [2026-05-29T19:17:09.591+0000] {dag.py:3834} INFO - Setting next_dagrun for example_xcom to 2021-01-01 00:00:00+00:00, run_after=2021-01-01 00:00:00+00:00
[2026-05-29T19:17:09.611+0000] {processor.py:183} INFO - Processing /home/airflow/.local/lib/python3.8/site-packages/airflow/example_dags/example_xcom.py took 0.065 seconds
[2026-05-29T19:17:40.177+0000] {processor.py:161} INFO - Started process (PID=269) to work on /home/airflow/.local/lib/python3.8/site-packages/airflow/example_dags/example_xcom.py
[2026-05-29T19:17:40.178+0000] {processor.py:830} INFO - Processing file /home/airflow/.local/lib/python3.8/site-packages/airflow/example_dags/example_xcom.py for tasks to queue
[2026-05-29T19:17:40.181+0000] {logging_mixin.py:188} INFO - [2026-05-29T19:17:40.181+0000] {dagbag.py:540} INFO - Filling up the DagBag from /home/airflow/.local/lib/python3.8/site-packages/airflow/example_dags/example_xcom.py
[2026-05-29T19:17:40.187+0000] {processor.py:840} INFO - DAG(s) 'example_xcom' retrieved from /home/airflow/.local/lib/python3.8/site-packages/airflow/example_dags/example_xcom.py
[2026-05-29T19:17:40.207+0000] {logging_mixin.py:188} INFO - [2026-05-29T19:17:40.207+0000] {dag.py:3047} INFO - Sync 1 DAGs
[2026-05-29T19:17:40.232+0000] {logging_mixin.py:188} INFO - [2026-05-29T19:17:40.231+0000] {dag.py:3834} INFO - Setting next_dagrun for example_xcom to 2021-01-01 00:00:00+00:00, run_after=2021-01-01 00:00:00+00:00
[2026-05-29T19:17:40.258+0000] {processor.py:183} INFO - Processing /home/airflow/.local/lib/python3.8/site-packages/airflow/example_dags/example_xcom.py took 0.084 seconds
[2026-05-29T19:18:10.998+0000] {processor.py:161} INFO - Started process (PID=324) to work on /home/airflow/.local/lib/python3.8/site-packages/airflow/example_dags/example_xcom.py
[2026-05-29T19:18:11.000+0000] {processor.py:830} INFO - Processing file /home/airflow/.local/lib/python3.8/site-packages/airflow/example_dags/example_xcom.py for tasks to queue
[2026-05-29T19:18:11.001+0000] {logging_mixin.py:188} INFO - [2026-05-29T19:18:11.001+0000] {dagbag.py:540} INFO - Filling up the DagBag from /home/airflow/.local/lib/python3.8/site-packages/airflow/example_dags/example_xcom.py
[2026-05-29T19:18:11.007+0000] {processor.py:840} INFO - DAG(s) 'example_xcom' retrieved from /home/airflow/.local/lib/python3.8/site-packages/airflow/example_dags/example_xcom.py
[2026-05-29T19:18:11.026+0000] {logging_mixin.py:188} INFO - [2026-05-29T19:18:11.026+0000] {dag.py:3047} INFO - Sync 1 DAGs
[2026-05-29T19:18:11.044+0000] {logging_mixin.py:188} INFO - [2026-05-29T19:18:11.044+0000] {dag.py:3834} INFO - Setting next_dagrun for example_xcom to 2021-01-01 00:00:00+00:00, run_after=2021-01-01 00:00:00+00:00
[2026-05-29T19:18:11.061+0000] {processor.py:183} INFO - Processing /home/airflow/.local/lib/python3.8/site-packages/airflow/example_dags/example_xcom.py took 0.066 seconds
[2026-05-29T19:18:41.791+0000] {processor.py:161} INFO - Started process (PID=379) to work on /home/airflow/.local/lib/python3.8/site-packages/airflow/example_dags/example_xcom.py
[2026-05-29T19:18:41.793+0000] {processor.py:830} INFO - Processing file /home/airflow/.local/lib/python3.8/site-packages/airflow/example_dags/example_xcom.py for tasks to queue
[2026-05-29T19:18:41.795+0000] {logging_mixin.py:188} INFO - [2026-05-29T19:18:41.795+0000] {dagbag.py:540} INFO - Filling up the DagBag from /home/airflow/.local/lib/python3.8/site-packages/airflow/example_dags/example_xcom.py
[2026-05-29T19:18:41.802+0000] {processor.py:840} INFO - DAG(s) 'example_xcom' retrieved from /home/airflow/.local/lib/python3.8/site-packages/airflow/example_dags/example_xcom.py
[2026-05-29T19:18:41.821+0000] {logging_mixin.py:188} INFO - [2026-05-29T19:18:41.820+0000] {dag.py:3047} INFO - Sync 1 DAGs
[2026-05-29T19:18:41.839+0000] {logging_mixin.py:188} INFO - [2026-05-29T19:18:41.839+0000] {dag.py:3834} INFO - Setting next_dagrun for example_xcom to 2021-01-01 00:00:00+00:00, run_after=2021-01-01 00:00:00+00:00
[2026-05-29T19:18:41.855+0000] {processor.py:183} INFO - Processing /home/airflow/.local/lib/python3.8/site-packages/airflow/example_dags/example_xcom.py took 0.066 seconds
[2026-05-29T19:19:12.049+0000] {processor.py:161} INFO - Started process (PID=434) to work on /home/airflow/.local/lib/python3.8/site-packages/airflow/example_dags/example_xcom.py
[2026-05-29T19:19:12.051+0000] {processor.py:830} INFO - Processing file /home/airflow/.local/lib/python3.8/site-packages/airflow/example_dags/example_xcom.py for tasks to queue
[2026-05-29T19:19:12.053+0000] {logging_mixin.py:188} INFO - [2026-05-29T19:19:12.052+0000] {dagbag.py:540} INFO - Filling up the DagBag from /home/airflow/.local/lib/python3.8/site-packages/airflow/example_dags/example_xcom.py
[2026-05-29T19:19:12.060+0000] {processor.py:840} INFO - DAG(s) 'example_xcom' retrieved from /home/airflow/.local/lib/python3.8/site-packages/airflow/example_dags/example_xcom.py
[2026-05-29T19:19:12.080+0000] {logging_mixin.py:188} INFO - [2026-05-29T19:19:12.080+0000] {dag.py:3047} INFO - Sync 1 DAGs
[2026-05-29T19:19:12.103+0000] {logging_mixin.py:188} INFO - [2026-05-29T19:19:12.103+0000] {dag.py:3834} INFO - Setting next_dagrun for example_xcom to 2021-01-01 00:00:00+00:00, run_after=2021-01-01 00:00:00+00:00
[2026-05-29T19:19:12.125+0000] {processor.py:183} INFO - Processing /home/airflow/.local/lib/python3.8/site-packages/airflow/example_dags/example_xcom.py took 0.080 seconds
[2026-05-29T19:19:42.325+0000] {processor.py:161} INFO - Started process (PID=489) to work on /home/airflow/.local/lib/python3.8/site-packages/airflow/example_dags/example_xcom.py
[2026-05-29T19:19:42.326+0000] {processor.py:830} INFO - Processing file /home/airflow/.local/lib/python3.8/site-packages/airflow/example_dags/example_xcom.py for tasks to queue
[2026-05-29T19:19:42.329+0000] {logging_mixin.py:188} INFO - [2026-05-29T19:19:42.329+0000] {dagbag.py:540} INFO - Filling up the DagBag from /home/airflow/.local/lib/python3.8/site-packages/airflow/example_dags/example_xcom.py
[2026-05-29T19:19:42.336+0000] {processor.py:840} INFO - DAG(s) 'example_xcom' retrieved from /home/airflow/.local/lib/python3.8/site-packages/airflow/example_dags/example_xcom.py
[2026-05-29T19:19:42.354+0000] {logging_mixin.py:188} INFO - [2026-05-29T19:19:42.354+0000] {dag.py:3047} INFO - Sync 1 DAGs
[2026-05-29T19:19:42.371+0000] {logging_mixin.py:188} INFO - [2026-05-29T19:19:42.371+0000] {dag.py:3834} INFO - Setting next_dagrun for example_xcom to 2021-01-01 00:00:00+00:00, run_after=2021-01-01 00:00:00+00:00
[2026-05-29T19:19:42.394+0000] {processor.py:183} INFO - Processing /home/airflow/.local/lib/python3.8/site-packages/airflow/example_dags/example_xcom.py took 0.072 seconds
[2026-05-29T19:20:12.837+0000] {processor.py:161} INFO - Started process (PID=544) to work on /home/airflow/.local/lib/python3.8/site-packages/airflow/example_dags/example_xcom.py
[2026-05-29T19:20:12.839+0000] {processor.py:830} INFO - Processing file /home/airflow/.local/lib/python3.8/site-packages/airflow/example_dags/example_xcom.py for tasks to queue
[2026-05-29T19:20:12.842+0000] {logging_mixin.py:188} INFO - [2026-05-29T19:20:12.842+0000] {dagbag.py:540} INFO - Filling up the DagBag from /home/airflow/.local/lib/python3.8/site-packages/airflow/example_dags/example_xcom.py
[2026-05-29T19:20:12.849+0000] {processor.py:840} INFO - DAG(s) 'example_xcom' retrieved from /home/airflow/.local/lib/python3.8/site-packages/airflow/example_dags/example_xcom.py
[2026-05-29T19:20:12.872+0000] {logging_mixin.py:188} INFO - [2026-05-29T19:20:12.871+0000] {dag.py:3047} INFO - Sync 1 DAGs
[2026-05-29T19:20:12.891+0000] {logging_mixin.py:188} INFO - [2026-05-29T19:20:12.890+0000] {dag.py:3834} INFO - Setting next_dagrun for example_xcom to 2021-01-01 00:00:00+00:00, run_after=2021-01-01 00:00:00+00:00
[2026-05-29T19:20:12.907+0000] {processor.py:183} INFO - Processing /home/airflow/.local/lib/python3.8/site-packages/airflow/example_dags/example_xcom.py took 0.073 seconds
[2026-05-29T19:20:43.063+0000] {processor.py:161} INFO - Started process (PID=599) to work on /home/airflow/.local/lib/python3.8/site-packages/airflow/example_dags/example_xcom.py
[2026-05-29T19:20:43.064+0000] {processor.py:830} INFO - Processing file /home/airflow/.local/lib/python3.8/site-packages/airflow/example_dags/example_xcom.py for tasks to queue
[2026-05-29T19:20:43.067+0000] {logging_mixin.py:188} INFO - [2026-05-29T19:20:43.067+0000] {dagbag.py:540} INFO - Filling up the DagBag from /home/airflow/.local/lib/python3.8/site-packages/airflow/example_dags/example_xcom.py
[2026-05-29T19:20:43.076+0000] {processor.py:840} INFO - DAG(s) 'example_xcom' retrieved from /home/airflow/.local/lib/python3.8/site-packages/airflow/example_dags/example_xcom.py
[2026-05-29T19:20:43.101+0000] {logging_mixin.py:188} INFO - [2026-05-29T19:20:43.100+0000] {dag.py:3047} INFO - Sync 1 DAGs
[2026-05-29T19:20:43.140+0000] {logging_mixin.py:188} INFO - [2026-05-29T19:20:43.139+0000] {dag.py:3834} INFO - Setting next_dagrun for example_xcom to 2021-01-01 00:00:00+00:00, run_after=2021-01-01 00:00:00+00:00
[2026-05-29T19:20:43.181+0000] {processor.py:183} INFO - Processing /home/airflow/.local/lib/python3.8/site-packages/airflow/example_dags/example_xcom.py took 0.120 seconds
[2026-05-29T19:21:13.590+0000] {processor.py:161} INFO - Started process (PID=654) to work on /home/airflow/.local/lib/python3.8/site-packages/airflow/example_dags/example_xcom.py
[2026-05-29T19:21:13.592+0000] {processor.py:830} INFO - Processing file /home/airflow/.local/lib/python3.8/site-packages/airflow/example_dags/example_xcom.py for tasks to queue
[2026-05-29T19:21:13.594+0000] {logging_mixin.py:188} INFO - [2026-05-29T19:21:13.594+0000] {dagbag.py:540} INFO - Filling up the DagBag from /home/airflow/.local/lib/python3.8/site-packages/airflow/example_dags/example_xcom.py
[2026-05-29T19:21:13.600+0000] {processor.py:840} INFO - DAG(s) 'example_xcom' retrieved from /home/airflow/.local/lib/python3.8/site-packages/airflow/example_dags/example_xcom.py
[2026-05-29T19:21:13.617+0000] {logging_mixin.py:188} INFO - [2026-05-29T19:21:13.617+0000] {dag.py:3047} INFO - Sync 1 DAGs
[2026-05-29T19:21:13.632+0000] {logging_mixin.py:188} INFO - [2026-05-29T19:21:13.632+0000] {dag.py:3834} INFO - Setting next_dagrun for example_xcom to 2021-01-01 00:00:00+00:00, run_after=2021-01-01 00:00:00+00:00
[2026-05-29T19:21:13.659+0000] {processor.py:183} INFO - Processing /home/airflow/.local/lib/python3.8/site-packages/airflow/example_dags/example_xcom.py took 0.074 seconds
[2026-05-29T19:21:43.766+0000] {processor.py:161} INFO - Started process (PID=709) to work on /home/airflow/.local/lib/python3.8/site-packages/airflow/example_dags/example_xcom.py
[2026-05-29T19:21:43.770+0000] {processor.py:830} INFO - Processing file /home/airflow/.local/lib/python3.8/site-packages/airflow/example_dags/example_xcom.py for tasks to queue
[2026-05-29T19:21:43.773+0000] {logging_mixin.py:188} INFO - [2026-05-29T19:21:43.772+0000] {dagbag.py:540} INFO - Filling up the DagBag from /home/airflow/.local/lib/python3.8/site-packages/airflow/example_dags/example_xcom.py
[2026-05-29T19:21:43.780+0000] {processor.py:840} INFO - DAG(s) 'example_xcom' retrieved from /home/airflow/.local/lib/python3.8/site-packages/airflow/example_dags/example_xcom.py
[2026-05-29T19:21:43.800+0000] {logging_mixin.py:188} INFO - [2026-05-29T19:21:43.800+0000] {dag.py:3047} INFO - Sync 1 DAGs
[2026-05-29T19:21:43.820+0000] {logging_mixin.py:188} INFO - [2026-05-29T19:21:43.819+0000] {dag.py:3834} INFO - Setting next_dagrun for example_xcom to 2021-01-01 00:00:00+00:00, run_after=2021-01-01 00:00:00+00:00
[2026-05-29T19:21:43.843+0000] {processor.py:183} INFO - Processing /home/airflow/.local/lib/python3.8/site-packages/airflow/example_dags/example_xcom.py took 0.080 seconds
[2026-05-29T19:22:14.141+0000] {processor.py:161} INFO - Started process (PID=764) to work on /home/airflow/.local/lib/python3.8/site-packages/airflow/example_dags/example_xcom.py
[2026-05-29T19:22:14.143+0000] {processor.py:830} INFO - Processing file /home/airflow/.local/lib/python3.8/site-packages/airflow/example_dags/example_xcom.py for tasks to queue
[2026-05-29T19:22:14.146+0000] {logging_mixin.py:188} INFO - [2026-05-29T19:22:14.145+0000] {dagbag.py:540} INFO - Filling up the DagBag from /home/airflow/.local/lib/python3.8/site-packages/airflow/example_dags/example_xcom.py
[2026-05-29T19:22:14.156+0000] {processor.py:840} INFO - DAG(s) 'example_xcom' retrieved from /home/airflow/.local/lib/python3.8/site-packages/airflow/example_dags/example_xcom.py
[2026-05-29T19:22:14.179+0000] {logging_mixin.py:188} INFO - [2026-05-29T19:22:14.179+0000] {dag.py:3047} INFO - Sync 1 DAGs
[2026-05-29T19:22:14.198+0000] {logging_mixin.py:188} INFO - [2026-05-29T19:22:14.197+0000] {dag.py:3834} INFO - Setting next_dagrun for example_xcom to 2021-01-01 00:00:00+00:00, run_after=2021-01-01 00:00:00+00:00
[2026-05-29T19:22:14.227+0000] {processor.py:183} INFO - Processing /home/airflow/.local/lib/python3.8/site-packages/airflow/example_dags/example_xcom.py took 0.089 seconds
[2026-05-29T19:22:44.423+0000] {processor.py:161} INFO - Started process (PID=819) to work on /home/airflow/.local/lib/python3.8/site-packages/airflow/example_dags/example_xcom.py
[2026-05-29T19:22:44.424+0000] {processor.py:830} INFO - Processing file /home/airflow/.local/lib/python3.8/site-packages/airflow/example_dags/example_xcom.py for tasks to queue
[2026-05-29T19:22:44.426+0000] {logging_mixin.py:188} INFO - [2026-05-29T19:22:44.426+0000] {dagbag.py:540} INFO - Filling up the DagBag from /home/airflow/.local/lib/python3.8/site-packages/airflow/example_dags/example_xcom.py
[2026-05-29T19:22:44.432+0000] {processor.py:840} INFO - DAG(s) 'example_xcom' retrieved from /home/airflow/.local/lib/python3.8/site-packages/airflow/example_dags/example_xcom.py
[2026-05-29T19:22:44.449+0000] {logging_mixin.py:188} INFO - [2026-05-29T19:22:44.449+0000] {dag.py:3047} INFO - Sync 1 DAGs
[2026-05-29T19:22:44.466+0000] {logging_mixin.py:188} INFO - [2026-05-29T19:22:44.466+0000] {dag.py:3834} INFO - Setting next_dagrun for example_xcom to 2021-01-01 00:00:00+00:00, run_after=2021-01-01 00:00:00+00:00
[2026-05-29T19:22:44.480+0000] {processor.py:183} INFO - Processing /home/airflow/.local/lib/python3.8/site-packages/airflow/example_dags/example_xcom.py took 0.061 seconds
[2026-05-29T19:23:14.597+0000] {processor.py:161} INFO - Started process (PID=874) to work on /home/airflow/.local/lib/python3.8/site-packages/airflow/example_dags/example_xcom.py
[2026-05-29T19:23:14.598+0000] {processor.py:830} INFO - Processing file /home/airflow/.local/lib/python3.8/site-packages/airflow/example_dags/example_xcom.py for tasks to queue
[2026-05-29T19:23:14.600+0000] {logging_mixin.py:188} INFO - [2026-05-29T19:23:14.599+0000] {dagbag.py:540} INFO - Filling up the DagBag from /home/airflow/.local/lib/python3.8/site-packages/airflow/example_dags/example_xcom.py
[2026-05-29T19:23:14.606+0000] {processor.py:840} INFO - DAG(s) 'example_xcom' retrieved from /home/airflow/.local/lib/python3.8/site-packages/airflow/example_dags/example_xcom.py
[2026-05-29T19:23:14.622+0000] {logging_mixin.py:188} INFO - [2026-05-29T19:23:14.621+0000] {dag.py:3047} INFO - Sync 1 DAGs
[2026-05-29T19:23:14.637+0000] {logging_mixin.py:188} INFO - [2026-05-29T19:23:14.637+0000] {dag.py:3834} INFO - Setting next_dagrun for example_xcom to 2021-01-01 00:00:00+00:00, run_after=2021-01-01 00:00:00+00:00
[2026-05-29T19:23:14.655+0000] {processor.py:183} INFO - Processing /home/airflow/.local/lib/python3.8/site-packages/airflow/example_dags/example_xcom.py took 0.061 seconds
[2026-05-29T19:23:45.387+0000] {processor.py:161} INFO - Started process (PID=929) to work on /home/airflow/.local/lib/python3.8/site-packages/airflow/example_dags/example_xcom.py
[2026-05-29T19:23:45.389+0000] {processor.py:830} INFO - Processing file /home/airflow/.local/lib/python3.8/site-packages/airflow/example_dags/example_xcom.py for tasks to queue
[2026-05-29T19:23:45.390+0000] {logging_mixin.py:188} INFO - [2026-05-29T19:23:45.390+0000] {dagbag.py:540} INFO - Filling up the DagBag from /home/airflow/.local/lib/python3.8/site-packages/airflow/example_dags/example_xcom.py
[2026-05-29T19:23:45.396+0000] {processor.py:840} INFO - DAG(s) 'example_xcom' retrieved from /home/airflow/.local/lib/python3.8/site-packages/airflow/example_dags/example_xcom.py
[2026-05-29T19:23:45.416+0000] {logging_mixin.py:188} INFO - [2026-05-29T19:23:45.416+0000] {dag.py:3047} INFO - Sync 1 DAGs
[2026-05-29T19:23:45.458+0000] {logging_mixin.py:188} INFO - [2026-05-29T19:23:45.457+0000] {dag.py:3834} INFO - Setting next_dagrun for example_xcom to 2021-01-01 00:00:00+00:00, run_after=2021-01-01 00:00:00+00:00
[2026-05-29T19:23:45.486+0000] {processor.py:183} INFO - Processing /home/airflow/.local/lib/python3.8/site-packages/airflow/example_dags/example_xcom.py took 0.102 seconds
[2026-05-29T19:24:15.797+0000] {processor.py:161} INFO - Started process (PID=984) to work on /home/airflow/.local/lib/python3.8/site-packages/airflow/example_dags/example_xcom.py
[2026-05-29T19:24:15.799+0000] {processor.py:830} INFO - Processing file /home/airflow/.local/lib/python3.8/site-packages/airflow/example_dags/example_xcom.py for tasks to queue
[2026-05-29T19:24:15.801+0000] {logging_mixin.py:188} INFO - [2026-05-29T19:24:15.800+0000] {dagbag.py:540} INFO - Filling up the DagBag from /home/airflow/.local/lib/python3.8/site-packages/airflow/example_dags/example_xcom.py
[2026-05-29T19:24:15.808+0000] {processor.py:840} INFO - DAG(s) 'example_xcom' retrieved from /home/airflow/.local/lib/python3.8/site-packages/airflow/example_dags/example_xcom.py
[2026-05-29T19:24:15.828+0000] {logging_mixin.py:188} INFO - [2026-05-29T19:24:15.828+0000] {dag.py:3047} INFO - Sync 1 DAGs
[2026-05-29T19:24:15.846+0000] {logging_mixin.py:188} INFO - [2026-05-29T19:24:15.846+0000] {dag.py:3834} INFO - Setting next_dagrun for example_xcom to 2021-01-01 00:00:00+00:00, run_after=2021-01-01 00:00:00+00:00
[2026-05-29T19:24:15.867+0000] {processor.py:183} INFO - Processing /home/airflow/.local/lib/python3.8/site-packages/airflow/example_dags/example_xcom.py took 0.072 seconds
[2026-05-29T19:24:46.220+0000] {processor.py:161} INFO - Started process (PID=1039) to work on /home/airflow/.local/lib/python3.8/site-packages/airflow/example_dags/example_xcom.py
[2026-05-29T19:24:46.222+0000] {processor.py:830} INFO - Processing file /home/airflow/.local/lib/python3.8/site-packages/airflow/example_dags/example_xcom.py for tasks to queue
[2026-05-29T19:24:46.225+0000] {logging_mixin.py:188} INFO - [2026-05-29T19:24:46.225+0000] {dagbag.py:540} INFO - Filling up the DagBag from /home/airflow/.local/lib/python3.8/site-packages/airflow/example_dags/example_xcom.py
[2026-05-29T19:24:46.236+0000] {processor.py:840} INFO - DAG(s) 'example_xcom' retrieved from /home/airflow/.local/lib/python3.8/site-packages/airflow/example_dags/example_xcom.py
[2026-05-29T19:24:46.274+0000] {logging_mixin.py:188} INFO - [2026-05-29T19:24:46.274+0000] {dag.py:3047} INFO - Sync 1 DAGs
[2026-05-29T19:24:46.311+0000] {logging_mixin.py:188} INFO - [2026-05-29T19:24:46.310+0000] {dag.py:3834} INFO - Setting next_dagrun for example_xcom to 2021-01-01 00:00:00+00:00, run_after=2021-01-01 00:00:00+00:00
[2026-05-29T19:24:46.336+0000] {processor.py:183} INFO - Processing /home/airflow/.local/lib/python3.8/site-packages/airflow/example_dags/example_xcom.py took 0.119 seconds
[2026-05-29T19:25:16.652+0000] {processor.py:161} INFO - Started process (PID=1094) to work on /home/airflow/.local/lib/python3.8/site-packages/airflow/example_dags/example_xcom.py
[2026-05-29T19:25:16.653+0000] {processor.py:830} INFO - Processing file /home/airflow/.local/lib/python3.8/site-packages/airflow/example_dags/example_xcom.py for tasks to queue
[2026-05-29T19:25:16.655+0000] {logging_mixin.py:188} INFO - [2026-05-29T19:25:16.654+0000] {dagbag.py:540} INFO - Filling up the DagBag from /home/airflow/.local/lib/python3.8/site-packages/airflow/example_dags/example_xcom.py
[2026-05-29T19:25:16.661+0000] {processor.py:840} INFO - DAG(s) 'example_xcom' retrieved from /home/airflow/.local/lib/python3.8/site-packages/airflow/example_dags/example_xcom.py
[2026-05-29T19:25:16.679+0000] {logging_mixin.py:188} INFO - [2026-05-29T19:25:16.678+0000] {dag.py:3047} INFO - Sync 1 DAGs
[2026-05-29T19:25:16.695+0000] {logging_mixin.py:188} INFO - [2026-05-29T19:25:16.695+0000] {dag.py:3834} INFO - Setting next_dagrun for example_xcom to 2021-01-01 00:00:00+00:00, run_after=2021-01-01 00:00:00+00:00
[2026-05-29T19:25:16.715+0000] {processor.py:183} INFO - Processing /home/airflow/.local/lib/python3.8/site-packages/airflow/example_dags/example_xcom.py took 0.067 seconds
[2026-05-29T19:25:47.307+0000] {processor.py:161} INFO - Started process (PID=1149) to work on /home/airflow/.local/lib/python3.8/site-packages/airflow/example_dags/example_xcom.py
[2026-05-29T19:25:47.308+0000] {processor.py:830} INFO - Processing file /home/airflow/.local/lib/python3.8/site-packages/airflow/example_dags/example_xcom.py for tasks to queue
[2026-05-29T19:25:47.311+0000] {logging_mixin.py:188} INFO - [2026-05-29T19:25:47.310+0000] {dagbag.py:540} INFO - Filling up the DagBag from /home/airflow/.local/lib/python3.8/site-packages/airflow/example_dags/example_xcom.py
[2026-05-29T19:25:47.317+0000] {processor.py:840} INFO - DAG(s) 'example_xcom' retrieved from /home/airflow/.local/lib/python3.8/site-packages/airflow/example_dags/example_xcom.py
[2026-05-29T19:25:47.337+0000] {logging_mixin.py:188} INFO - [2026-05-29T19:25:47.337+0000] {dag.py:3047} INFO - Sync 1 DAGs
[2026-05-29T19:25:47.357+0000] {logging_mixin.py:188} INFO - [2026-05-29T19:25:47.356+0000] {dag.py:3834} INFO - Setting next_dagrun for example_xcom to 2021-01-01 00:00:00+00:00, run_after=2021-01-01 00:00:00+00:00
[2026-05-29T19:25:47.383+0000] {processor.py:183} INFO - Processing /home/airflow/.local/lib/python3.8/site-packages/airflow/example_dags/example_xcom.py took 0.079 seconds
[2026-05-29T19:26:17.570+0000] {processor.py:161} INFO - Started process (PID=1204) to work on /home/airflow/.local/lib/python3.8/site-packages/airflow/example_dags/example_xcom.py
[2026-05-29T19:26:17.571+0000] {processor.py:830} INFO - Processing file /home/airflow/.local/lib/python3.8/site-packages/airflow/example_dags/example_xcom.py for tasks to queue
[2026-05-29T19:26:17.573+0000] {logging_mixin.py:188} INFO - [2026-05-29T19:26:17.573+0000] {dagbag.py:540} INFO - Filling up the DagBag from /home/airflow/.local/lib/python3.8/site-packages/airflow/example_dags/example_xcom.py
[2026-05-29T19:26:17.582+0000] {processor.py:840} INFO - DAG(s) 'example_xcom' retrieved from /home/airflow/.local/lib/python3.8/site-packages/airflow/example_dags/example_xcom.py
[2026-05-29T19:26:17.615+0000] {logging_mixin.py:188} INFO - [2026-05-29T19:26:17.613+0000] {dag.py:3047} INFO - Sync 1 DAGs
[2026-05-29T19:26:17.644+0000] {logging_mixin.py:188} INFO - [2026-05-29T19:26:17.644+0000] {dag.py:3834} INFO - Setting next_dagrun for example_xcom to 2021-01-01 00:00:00+00:00, run_after=2021-01-01 00:00:00+00:00
[2026-05-29T19:26:17.671+0000] {processor.py:183} INFO - Processing /home/airflow/.local/lib/python3.8/site-packages/airflow/example_dags/example_xcom.py took 0.104 seconds
[2026-05-29T19:26:47.725+0000] {processor.py:161} INFO - Started process (PID=1259) to work on /home/airflow/.local/lib/python3.8/site-packages/airflow/example_dags/example_xcom.py
[2026-05-29T19:26:47.727+0000] {processor.py:830} INFO - Processing file /home/airflow/.local/lib/python3.8/site-packages/airflow/example_dags/example_xcom.py for tasks to queue
[2026-05-29T19:26:47.729+0000] {logging_mixin.py:188} INFO - [2026-05-29T19:26:47.729+0000] {dagbag.py:540} INFO - Filling up the DagBag from /home/airflow/.local/lib/python3.8/site-packages/airflow/example_dags/example_xcom.py
[2026-05-29T19:26:47.735+0000] {processor.py:840} INFO - DAG(s) 'example_xcom' retrieved from /home/airflow/.local/lib/python3.8/site-packages/airflow/example_dags/example_xcom.py
[2026-05-29T19:26:47.752+0000] {logging_mixin.py:188} INFO - [2026-05-29T19:26:47.751+0000] {dag.py:3047} INFO - Sync 1 DAGs
[2026-05-29T19:26:47.767+0000] {logging_mixin.py:188} INFO - [2026-05-29T19:26:47.767+0000] {dag.py:3834} INFO - Setting next_dagrun for example_xcom to 2021-01-01 00:00:00+00:00, run_after=2021-01-01 00:00:00+00:00
[2026-05-29T19:26:47.785+0000] {processor.py:183} INFO - Processing /home/airflow/.local/lib/python3.8/site-packages/airflow/example_dags/example_xcom.py took 0.063 seconds
[2026-05-29T19:27:18.361+0000] {processor.py:161} INFO - Started process (PID=1314) to work on /home/airflow/.local/lib/python3.8/site-packages/airflow/example_dags/example_xcom.py
[2026-05-29T19:27:18.363+0000] {processor.py:830} INFO - Processing file /home/airflow/.local/lib/python3.8/site-packages/airflow/example_dags/example_xcom.py for tasks to queue
[2026-05-29T19:27:18.367+0000] {logging_mixin.py:188} INFO - [2026-05-29T19:27:18.366+0000] {dagbag.py:540} INFO - Filling up the DagBag from /home/airflow/.local/lib/python3.8/site-packages/airflow/example_dags/example_xcom.py
[2026-05-29T19:27:18.379+0000] {processor.py:840} INFO - DAG(s) 'example_xcom' retrieved from /home/airflow/.local/lib/python3.8/site-packages/airflow/example_dags/example_xcom.py
[2026-05-29T19:27:18.424+0000] {logging_mixin.py:188} INFO - [2026-05-29T19:27:18.423+0000] {dag.py:3047} INFO - Sync 1 DAGs
[2026-05-29T19:27:18.457+0000] {logging_mixin.py:188} INFO - [2026-05-29T19:27:18.457+0000] {dag.py:3834} INFO - Setting next_dagrun for example_xcom to 2021-01-01 00:00:00+00:00, run_after=2021-01-01 00:00:00+00:00
[2026-05-29T19:27:18.483+0000] {processor.py:183} INFO - Processing /home/airflow/.local/lib/python3.8/site-packages/airflow/example_dags/example_xcom.py took 0.127 seconds
[2026-05-29T19:27:48.676+0000] {processor.py:161} INFO - Started process (PID=1369) to work on /home/airflow/.local/lib/python3.8/site-packages/airflow/example_dags/example_xcom.py
[2026-05-29T19:27:48.677+0000] {processor.py:830} INFO - Processing file /home/airflow/.local/lib/python3.8/site-packages/airflow/example_dags/example_xcom.py for tasks to queue
[2026-05-29T19:27:48.680+0000] {logging_mixin.py:188} INFO - [2026-05-29T19:27:48.679+0000] {dagbag.py:540} INFO - Filling up the DagBag from /home/airflow/.local/lib/python3.8/site-packages/airflow/example_dags/example_xcom.py
[2026-05-29T19:27:48.689+0000] {processor.py:840} INFO - DAG(s) 'example_xcom' retrieved from /home/airflow/.local/lib/python3.8/site-packages/airflow/example_dags/example_xcom.py
[2026-05-29T19:27:48.714+0000] {logging_mixin.py:188} INFO - [2026-05-29T19:27:48.713+0000] {dag.py:3047} INFO - Sync 1 DAGs
[2026-05-29T19:27:48.732+0000] {logging_mixin.py:188} INFO - [2026-05-29T19:27:48.731+0000] {dag.py:3834} INFO - Setting next_dagrun for example_xcom to 2021-01-01 00:00:00+00:00, run_after=2021-01-01 00:00:00+00:00
[2026-05-29T19:27:48.753+0000] {processor.py:183} INFO - Processing /home/airflow/.local/lib/python3.8/site-packages/airflow/example_dags/example_xcom.py took 0.080 seconds
[2026-05-29T19:28:20.040+0000] {processor.py:161} INFO - Started process (PID=1424) to work on /home/airflow/.local/lib/python3.8/site-packages/airflow/example_dags/example_xcom.py
[2026-05-29T19:28:20.042+0000] {processor.py:830} INFO - Processing file /home/airflow/.local/lib/python3.8/site-packages/airflow/example_dags/example_xcom.py for tasks to queue
[2026-05-29T19:28:20.048+0000] {logging_mixin.py:188} INFO - [2026-05-29T19:28:20.047+0000] {dagbag.py:540} INFO - Filling up the DagBag from /home/airflow/.local/lib/python3.8/site-packages/airflow/example_dags/example_xcom.py
[2026-05-29T19:28:20.065+0000] {processor.py:840} INFO - DAG(s) 'example_xcom' retrieved from /home/airflow/.local/lib/python3.8/site-packages/airflow/example_dags/example_xcom.py
[2026-05-29T19:28:20.099+0000] {logging_mixin.py:188} INFO - [2026-05-29T19:28:20.099+0000] {dag.py:3047} INFO - Sync 1 DAGs
[2026-05-29T19:28:20.118+0000] {logging_mixin.py:188} INFO - [2026-05-29T19:28:20.117+0000] {dag.py:3834} INFO - Setting next_dagrun for example_xcom to 2021-01-01 00:00:00+00:00, run_after=2021-01-01 00:00:00+00:00
[2026-05-29T19:28:20.155+0000] {processor.py:183} INFO - Processing /home/airflow/.local/lib/python3.8/site-packages/airflow/example_dags/example_xcom.py took 0.120 seconds
[2026-05-29T19:28:50.626+0000] {processor.py:161} INFO - Started process (PID=1478) to work on /home/airflow/.local/lib/python3.8/site-packages/airflow/example_dags/example_xcom.py
[2026-05-29T19:28:50.628+0000] {processor.py:830} INFO - Processing file /home/airflow/.local/lib/python3.8/site-packages/airflow/example_dags/example_xcom.py for tasks to queue
[2026-05-29T19:28:50.631+0000] {logging_mixin.py:188} INFO - [2026-05-29T19:28:50.631+0000] {dagbag.py:540} INFO - Filling up the DagBag from /home/airflow/.local/lib/python3.8/site-packages/airflow/example_dags/example_xcom.py
[2026-05-29T19:28:50.638+0000] {processor.py:840} INFO - DAG(s) 'example_xcom' retrieved from /home/airflow/.local/lib/python3.8/site-packages/airflow/example_dags/example_xcom.py
[2026-05-29T19:28:50.664+0000] {logging_mixin.py:188} INFO - [2026-05-29T19:28:50.664+0000] {dag.py:3047} INFO - Sync 1 DAGs
[2026-05-29T19:28:50.686+0000] {logging_mixin.py:188} INFO - [2026-05-29T19:28:50.686+0000] {dag.py:3834} INFO - Setting next_dagrun for example_xcom to 2021-01-01 00:00:00+00:00, run_after=2021-01-01 00:00:00+00:00
[2026-05-29T19:28:50.716+0000] {processor.py:183} INFO - Processing /home/airflow/.local/lib/python3.8/site-packages/airflow/example_dags/example_xcom.py took 0.094 seconds
[2026-05-29T19:29:21.516+0000] {processor.py:161} INFO - Started process (PID=1533) to work on /home/airflow/.local/lib/python3.8/site-packages/airflow/example_dags/example_xcom.py
[2026-05-29T19:29:21.517+0000] {processor.py:830} INFO - Processing file /home/airflow/.local/lib/python3.8/site-packages/airflow/example_dags/example_xcom.py for tasks to queue
[2026-05-29T19:29:21.520+0000] {logging_mixin.py:188} INFO - [2026-05-29T19:29:21.520+0000] {dagbag.py:540} INFO - Filling up the DagBag from /home/airflow/.local/lib/python3.8/site-packages/airflow/example_dags/example_xcom.py
[2026-05-29T19:29:21.528+0000] {processor.py:840} INFO - DAG(s) 'example_xcom' retrieved from /home/airflow/.local/lib/python3.8/site-packages/airflow/example_dags/example_xcom.py
[2026-05-29T19:29:21.559+0000] {logging_mixin.py:188} INFO - [2026-05-29T19:29:21.559+0000] {dag.py:3047} INFO - Sync 1 DAGs
[2026-05-29T19:29:21.587+0000] {logging_mixin.py:188} INFO - [2026-05-29T19:29:21.586+0000] {dag.py:3834} INFO - Setting next_dagrun for example_xcom to 2021-01-01 00:00:00+00:00, run_after=2021-01-01 00:00:00+00:00
[2026-05-29T19:29:21.613+0000] {processor.py:183} INFO - Processing /home/airflow/.local/lib/python3.8/site-packages/airflow/example_dags/example_xcom.py took 0.102 seconds
[2026-05-29T19:29:52.124+0000] {processor.py:161} INFO - Started process (PID=1588) to work on /home/airflow/.local/lib/python3.8/site-packages/airflow/example_dags/example_xcom.py
[2026-05-29T19:29:52.126+0000] {processor.py:830} INFO - Processing file /home/airflow/.local/lib/python3.8/site-packages/airflow/example_dags/example_xcom.py for tasks to queue
[2026-05-29T19:29:52.128+0000] {logging_mixin.py:188} INFO - [2026-05-29T19:29:52.127+0000] {dagbag.py:540} INFO - Filling up the DagBag from /home/airflow/.local/lib/python3.8/site-packages/airflow/example_dags/example_xcom.py
[2026-05-29T19:29:52.134+0000] {processor.py:840} INFO - DAG(s) 'example_xcom' retrieved from /home/airflow/.local/lib/python3.8/site-packages/airflow/example_dags/example_xcom.py
[2026-05-29T19:29:52.155+0000] {logging_mixin.py:188} INFO - [2026-05-29T19:29:52.155+0000] {dag.py:3047} INFO - Sync 1 DAGs
[2026-05-29T19:29:52.171+0000] {logging_mixin.py:188} INFO - [2026-05-29T19:29:52.171+0000] {dag.py:3834} INFO - Setting next_dagrun for example_xcom to 2021-01-01 00:00:00+00:00, run_after=2021-01-01 00:00:00+00:00
[2026-05-29T19:29:52.192+0000] {processor.py:183} INFO - Processing /home/airflow/.local/lib/python3.8/site-packages/airflow/example_dags/example_xcom.py took 0.071 seconds
[2026-05-29T19:30:22.283+0000] {processor.py:161} INFO - Started process (PID=1643) to work on /home/airflow/.local/lib/python3.8/site-packages/airflow/example_dags/example_xcom.py
[2026-05-29T19:30:22.285+0000] {processor.py:830} INFO - Processing file /home/airflow/.local/lib/python3.8/site-packages/airflow/example_dags/example_xcom.py for tasks to queue
[2026-05-29T19:30:22.286+0000] {logging_mixin.py:188} INFO - [2026-05-29T19:30:22.286+0000] {dagbag.py:540} INFO - Filling up the DagBag from /home/airflow/.local/lib/python3.8/site-packages/airflow/example_dags/example_xcom.py
[2026-05-29T19:30:22.297+0000] {processor.py:840} INFO - DAG(s) 'example_xcom' retrieved from /home/airflow/.local/lib/python3.8/site-packages/airflow/example_dags/example_xcom.py
[2026-05-29T19:30:22.320+0000] {logging_mixin.py:188} INFO - [2026-05-29T19:30:22.319+0000] {dag.py:3047} INFO - Sync 1 DAGs
[2026-05-29T19:30:22.337+0000] {logging_mixin.py:188} INFO - [2026-05-29T19:30:22.337+0000] {dag.py:3834} INFO - Setting next_dagrun for example_xcom to 2021-01-01 00:00:00+00:00, run_after=2021-01-01 00:00:00+00:00
[2026-05-29T19:30:22.356+0000] {processor.py:183} INFO - Processing /home/airflow/.local/lib/python3.8/site-packages/airflow/example_dags/example_xcom.py took 0.075 seconds
[2026-05-29T19:30:52.461+0000] {processor.py:161} INFO - Started process (PID=1698) to work on /home/airflow/.local/lib/python3.8/site-packages/airflow/example_dags/example_xcom.py
[2026-05-29T19:30:52.463+0000] {processor.py:830} INFO - Processing file /home/airflow/.local/lib/python3.8/site-packages/airflow/example_dags/example_xcom.py for tasks to queue
[2026-05-29T19:30:52.465+0000] {logging_mixin.py:188} INFO - [2026-05-29T19:30:52.465+0000] {dagbag.py:540} INFO - Filling up the DagBag from /home/airflow/.local/lib/python3.8/site-packages/airflow/example_dags/example_xcom.py
[2026-05-29T19:30:52.471+0000] {processor.py:840} INFO - DAG(s) 'example_xcom' retrieved from /home/airflow/.local/lib/python3.8/site-packages/airflow/example_dags/example_xcom.py
[2026-05-29T19:30:52.491+0000] {logging_mixin.py:188} INFO - [2026-05-29T19:30:52.491+0000] {dag.py:3047} INFO - Sync 1 DAGs
[2026-05-29T19:30:52.508+0000] {logging_mixin.py:188} INFO - [2026-05-29T19:30:52.507+0000] {dag.py:3834} INFO - Setting next_dagrun for example_xcom to 2021-01-01 00:00:00+00:00, run_after=2021-01-01 00:00:00+00:00
[2026-05-29T19:30:52.525+0000] {processor.py:183} INFO - Processing /home/airflow/.local/lib/python3.8/site-packages/airflow/example_dags/example_xcom.py took 0.067 seconds
[2026-05-29T19:31:23.398+0000] {processor.py:161} INFO - Started process (PID=1753) to work on /home/airflow/.local/lib/python3.8/site-packages/airflow/example_dags/example_xcom.py
[2026-05-29T19:31:23.400+0000] {processor.py:830} INFO - Processing file /home/airflow/.local/lib/python3.8/site-packages/airflow/example_dags/example_xcom.py for tasks to queue
[2026-05-29T19:31:23.402+0000] {logging_mixin.py:188} INFO - [2026-05-29T19:31:23.402+0000] {dagbag.py:540} INFO - Filling up the DagBag from /home/airflow/.local/lib/python3.8/site-packages/airflow/example_dags/example_xcom.py
[2026-05-29T19:31:23.409+0000] {processor.py:840} INFO - DAG(s) 'example_xcom' retrieved from /home/airflow/.local/lib/python3.8/site-packages/airflow/example_dags/example_xcom.py
[2026-05-29T19:31:23.428+0000] {logging_mixin.py:188} INFO - [2026-05-29T19:31:23.428+0000] {dag.py:3047} INFO - Sync 1 DAGs
[2026-05-29T19:31:23.446+0000] {logging_mixin.py:188} INFO - [2026-05-29T19:31:23.446+0000] {dag.py:3834} INFO - Setting next_dagrun for example_xcom to 2021-01-01 00:00:00+00:00, run_after=2021-01-01 00:00:00+00:00
[2026-05-29T19:31:23.463+0000] {processor.py:183} INFO - Processing /home/airflow/.local/lib/python3.8/site-packages/airflow/example_dags/example_xcom.py took 0.067 seconds
[2026-05-29T19:31:54.369+0000] {processor.py:161} INFO - Started process (PID=1808) to work on /home/airflow/.local/lib/python3.8/site-packages/airflow/example_dags/example_xcom.py
[2026-05-29T19:31:54.370+0000] {processor.py:830} INFO - Processing file /home/airflow/.local/lib/python3.8/site-packages/airflow/example_dags/example_xcom.py for tasks to queue
[2026-05-29T19:31:54.373+0000] {logging_mixin.py:188} INFO - [2026-05-29T19:31:54.372+0000] {dagbag.py:540} INFO - Filling up the DagBag from /home/airflow/.local/lib/python3.8/site-packages/airflow/example_dags/example_xcom.py
[2026-05-29T19:31:54.379+0000] {processor.py:840} INFO - DAG(s) 'example_xcom' retrieved from /home/airflow/.local/lib/python3.8/site-packages/airflow/example_dags/example_xcom.py
[2026-05-29T19:31:54.397+0000] {logging_mixin.py:188} INFO - [2026-05-29T19:31:54.397+0000] {dag.py:3047} INFO - Sync 1 DAGs
[2026-05-29T19:31:54.414+0000] {logging_mixin.py:188} INFO - [2026-05-29T19:31:54.414+0000] {dag.py:3834} INFO - Setting next_dagrun for example_xcom to 2021-01-01 00:00:00+00:00, run_after=2021-01-01 00:00:00+00:00
[2026-05-29T19:31:54.434+0000] {processor.py:183} INFO - Processing /home/airflow/.local/lib/python3.8/site-packages/airflow/example_dags/example_xcom.py took 0.067 seconds
[2026-05-29T19:32:24.676+0000] {processor.py:161} INFO - Started process (PID=1863) to work on /home/airflow/.local/lib/python3.8/site-packages/airflow/example_dags/example_xcom.py
[2026-05-29T19:32:24.677+0000] {processor.py:830} INFO - Processing file /home/airflow/.local/lib/python3.8/site-packages/airflow/example_dags/example_xcom.py for tasks to queue
[2026-05-29T19:32:24.679+0000] {logging_mixin.py:188} INFO - [2026-05-29T19:32:24.679+0000] {dagbag.py:540} INFO - Filling up the DagBag from /home/airflow/.local/lib/python3.8/site-packages/airflow/example_dags/example_xcom.py
[2026-05-29T19:32:24.685+0000] {processor.py:840} INFO - DAG(s) 'example_xcom' retrieved from /home/airflow/.local/lib/python3.8/site-packages/airflow/example_dags/example_xcom.py
[2026-05-29T19:32:24.704+0000] {logging_mixin.py:188} INFO - [2026-05-29T19:32:24.704+0000] {dag.py:3047} INFO - Sync 1 DAGs
[2026-05-29T19:32:24.721+0000] {logging_mixin.py:188} INFO - [2026-05-29T19:32:24.721+0000] {dag.py:3834} INFO - Setting next_dagrun for example_xcom to 2021-01-01 00:00:00+00:00, run_after=2021-01-01 00:00:00+00:00
[2026-05-29T19:32:24.739+0000] {processor.py:183} INFO - Processing /home/airflow/.local/lib/python3.8/site-packages/airflow/example_dags/example_xcom.py took 0.066 seconds
[2026-05-29T19:32:55.123+0000] {processor.py:161} INFO - Started process (PID=1919) to work on /home/airflow/.local/lib/python3.8/site-packages/airflow/example_dags/example_xcom.py
[2026-05-29T19:32:55.124+0000] {processor.py:830} INFO - Processing file /home/airflow/.local/lib/python3.8/site-packages/airflow/example_dags/example_xcom.py for tasks to queue
[2026-05-29T19:32:55.127+0000] {logging_mixin.py:188} INFO - [2026-05-29T19:32:55.126+0000] {dagbag.py:540} INFO - Filling up the DagBag from /home/airflow/.local/lib/python3.8/site-packages/airflow/example_dags/example_xcom.py
[2026-05-29T19:32:55.135+0000] {processor.py:840} INFO - DAG(s) 'example_xcom' retrieved from /home/airflow/.local/lib/python3.8/site-packages/airflow/example_dags/example_xcom.py
[2026-05-29T19:32:55.164+0000] {logging_mixin.py:188} INFO - [2026-05-29T19:32:55.163+0000] {dag.py:3047} INFO - Sync 1 DAGs
[2026-05-29T19:32:55.191+0000] {logging_mixin.py:188} INFO - [2026-05-29T19:32:55.190+0000] {dag.py:3834} INFO - Setting next_dagrun for example_xcom to 2021-01-01 00:00:00+00:00, run_after=2021-01-01 00:00:00+00:00
[2026-05-29T19:32:55.224+0000] {processor.py:183} INFO - Processing /home/airflow/.local/lib/python3.8/site-packages/airflow/example_dags/example_xcom.py took 0.105 seconds
[2026-05-29T19:33:25.555+0000] {processor.py:161} INFO - Started process (PID=1974) to work on /home/airflow/.local/lib/python3.8/site-packages/airflow/example_dags/example_xcom.py
[2026-05-29T19:33:25.556+0000] {processor.py:830} INFO - Processing file /home/airflow/.local/lib/python3.8/site-packages/airflow/example_dags/example_xcom.py for tasks to queue
[2026-05-29T19:33:25.558+0000] {logging_mixin.py:188} INFO - [2026-05-29T19:33:25.558+0000] {dagbag.py:540} INFO - Filling up the DagBag from /home/airflow/.local/lib/python3.8/site-packages/airflow/example_dags/example_xcom.py
[2026-05-29T19:33:25.565+0000] {processor.py:840} INFO - DAG(s) 'example_xcom' retrieved from /home/airflow/.local/lib/python3.8/site-packages/airflow/example_dags/example_xcom.py
[2026-05-29T19:33:25.580+0000] {logging_mixin.py:188} INFO - [2026-05-29T19:33:25.580+0000] {dag.py:3047} INFO - Sync 1 DAGs
[2026-05-29T19:33:25.596+0000] {logging_mixin.py:188} INFO - [2026-05-29T19:33:25.596+0000] {dag.py:3834} INFO - Setting next_dagrun for example_xcom to 2021-01-01 00:00:00+00:00, run_after=2021-01-01 00:00:00+00:00
[2026-05-29T19:33:25.614+0000] {processor.py:183} INFO - Processing /home/airflow/.local/lib/python3.8/site-packages/airflow/example_dags/example_xcom.py took 0.062 seconds
[2026-05-29T19:33:55.697+0000] {processor.py:161} INFO - Started process (PID=2029) to work on /home/airflow/.local/lib/python3.8/site-packages/airflow/example_dags/example_xcom.py
[2026-05-29T19:33:55.699+0000] {processor.py:830} INFO - Processing file /home/airflow/.local/lib/python3.8/site-packages/airflow/example_dags/example_xcom.py for tasks to queue
[2026-05-29T19:33:55.701+0000] {logging_mixin.py:188} INFO - [2026-05-29T19:33:55.701+0000] {dagbag.py:540} INFO - Filling up the DagBag from /home/airflow/.local/lib/python3.8/site-packages/airflow/example_dags/example_xcom.py
[2026-05-29T19:33:55.708+0000] {processor.py:840} INFO - DAG(s) 'example_xcom' retrieved from /home/airflow/.local/lib/python3.8/site-packages/airflow/example_dags/example_xcom.py
[2026-05-29T19:33:55.729+0000] {logging_mixin.py:188} INFO - [2026-05-29T19:33:55.728+0000] {dag.py:3047} INFO - Sync 1 DAGs
[2026-05-29T19:33:55.745+0000] {logging_mixin.py:188} INFO - [2026-05-29T19:33:55.745+0000] {dag.py:3834} INFO - Setting next_dagrun for example_xcom to 2021-01-01 00:00:00+00:00, run_after=2021-01-01 00:00:00+00:00
[2026-05-29T19:33:55.763+0000] {processor.py:183} INFO - Processing /home/airflow/.local/lib/python3.8/site-packages/airflow/example_dags/example_xcom.py took 0.069 seconds
