[2026-05-29T19:16:08.596+0000] {processor.py:161} INFO - Started process (PID=103) to work on /home/airflow/.local/lib/python3.8/site-packages/airflow/example_dags/example_task_group.py
[2026-05-29T19:16:08.599+0000] {processor.py:830} INFO - Processing file /home/airflow/.local/lib/python3.8/site-packages/airflow/example_dags/example_task_group.py for tasks to queue
[2026-05-29T19:16:08.603+0000] {logging_mixin.py:188} INFO - [2026-05-29T19:16:08.603+0000] {dagbag.py:540} INFO - Filling up the DagBag from /home/airflow/.local/lib/python3.8/site-packages/airflow/example_dags/example_task_group.py
[2026-05-29T19:16:08.616+0000] {processor.py:840} INFO - DAG(s) 'example_task_group' retrieved from /home/airflow/.local/lib/python3.8/site-packages/airflow/example_dags/example_task_group.py
[2026-05-29T19:16:08.643+0000] {logging_mixin.py:188} INFO - [2026-05-29T19:16:08.642+0000] {dag.py:3047} INFO - Sync 1 DAGs
[2026-05-29T19:16:08.669+0000] {logging_mixin.py:188} INFO - [2026-05-29T19:16:08.669+0000] {dag.py:3834} INFO - Setting next_dagrun for example_task_group to 2026-05-28 00:00:00+00:00, run_after=2026-05-29 00:00:00+00:00
[2026-05-29T19:16:08.696+0000] {processor.py:183} INFO - Processing /home/airflow/.local/lib/python3.8/site-packages/airflow/example_dags/example_task_group.py took 0.105 seconds
[2026-05-29T19:16:39.326+0000] {processor.py:161} INFO - Started process (PID=158) to work on /home/airflow/.local/lib/python3.8/site-packages/airflow/example_dags/example_task_group.py
[2026-05-29T19:16:39.327+0000] {processor.py:830} INFO - Processing file /home/airflow/.local/lib/python3.8/site-packages/airflow/example_dags/example_task_group.py for tasks to queue
[2026-05-29T19:16:39.330+0000] {logging_mixin.py:188} INFO - [2026-05-29T19:16:39.330+0000] {dagbag.py:540} INFO - Filling up the DagBag from /home/airflow/.local/lib/python3.8/site-packages/airflow/example_dags/example_task_group.py
[2026-05-29T19:16:39.336+0000] {processor.py:840} INFO - DAG(s) 'example_task_group' retrieved from /home/airflow/.local/lib/python3.8/site-packages/airflow/example_dags/example_task_group.py
[2026-05-29T19:16:39.357+0000] {logging_mixin.py:188} INFO - [2026-05-29T19:16:39.356+0000] {dag.py:3047} INFO - Sync 1 DAGs
[2026-05-29T19:16:39.375+0000] {logging_mixin.py:188} INFO - [2026-05-29T19:16:39.375+0000] {dag.py:3834} INFO - Setting next_dagrun for example_task_group to 2026-05-28 00:00:00+00:00, run_after=2026-05-29 00:00:00+00:00
[2026-05-29T19:16:39.392+0000] {processor.py:183} INFO - Processing /home/airflow/.local/lib/python3.8/site-packages/airflow/example_dags/example_task_group.py took 0.069 seconds
[2026-05-29T19:17:09.447+0000] {processor.py:161} INFO - Started process (PID=213) to work on /home/airflow/.local/lib/python3.8/site-packages/airflow/example_dags/example_task_group.py
[2026-05-29T19:17:09.449+0000] {processor.py:830} INFO - Processing file /home/airflow/.local/lib/python3.8/site-packages/airflow/example_dags/example_task_group.py for tasks to queue
[2026-05-29T19:17:09.450+0000] {logging_mixin.py:188} INFO - [2026-05-29T19:17:09.450+0000] {dagbag.py:540} INFO - Filling up the DagBag from /home/airflow/.local/lib/python3.8/site-packages/airflow/example_dags/example_task_group.py
[2026-05-29T19:17:09.456+0000] {processor.py:840} INFO - DAG(s) 'example_task_group' retrieved from /home/airflow/.local/lib/python3.8/site-packages/airflow/example_dags/example_task_group.py
[2026-05-29T19:17:09.474+0000] {logging_mixin.py:188} INFO - [2026-05-29T19:17:09.474+0000] {dag.py:3047} INFO - Sync 1 DAGs
[2026-05-29T19:17:09.491+0000] {logging_mixin.py:188} INFO - [2026-05-29T19:17:09.490+0000] {dag.py:3834} INFO - Setting next_dagrun for example_task_group to 2026-05-28 00:00:00+00:00, run_after=2026-05-29 00:00:00+00:00
[2026-05-29T19:17:09.508+0000] {processor.py:183} INFO - Processing /home/airflow/.local/lib/python3.8/site-packages/airflow/example_dags/example_task_group.py took 0.064 seconds
[2026-05-29T19:17:40.070+0000] {processor.py:161} INFO - Started process (PID=268) to work on /home/airflow/.local/lib/python3.8/site-packages/airflow/example_dags/example_task_group.py
[2026-05-29T19:17:40.071+0000] {processor.py:830} INFO - Processing file /home/airflow/.local/lib/python3.8/site-packages/airflow/example_dags/example_task_group.py for tasks to queue
[2026-05-29T19:17:40.073+0000] {logging_mixin.py:188} INFO - [2026-05-29T19:17:40.072+0000] {dagbag.py:540} INFO - Filling up the DagBag from /home/airflow/.local/lib/python3.8/site-packages/airflow/example_dags/example_task_group.py
[2026-05-29T19:17:40.079+0000] {processor.py:840} INFO - DAG(s) 'example_task_group' retrieved from /home/airflow/.local/lib/python3.8/site-packages/airflow/example_dags/example_task_group.py
[2026-05-29T19:17:40.097+0000] {logging_mixin.py:188} INFO - [2026-05-29T19:17:40.097+0000] {dag.py:3047} INFO - Sync 1 DAGs
[2026-05-29T19:17:40.113+0000] {logging_mixin.py:188} INFO - [2026-05-29T19:17:40.113+0000] {dag.py:3834} INFO - Setting next_dagrun for example_task_group to 2026-05-28 00:00:00+00:00, run_after=2026-05-29 00:00:00+00:00
[2026-05-29T19:17:40.129+0000] {processor.py:183} INFO - Processing /home/airflow/.local/lib/python3.8/site-packages/airflow/example_dags/example_task_group.py took 0.062 seconds
[2026-05-29T19:18:10.895+0000] {processor.py:161} INFO - Started process (PID=323) to work on /home/airflow/.local/lib/python3.8/site-packages/airflow/example_dags/example_task_group.py
[2026-05-29T19:18:10.897+0000] {processor.py:830} INFO - Processing file /home/airflow/.local/lib/python3.8/site-packages/airflow/example_dags/example_task_group.py for tasks to queue
[2026-05-29T19:18:10.899+0000] {logging_mixin.py:188} INFO - [2026-05-29T19:18:10.899+0000] {dagbag.py:540} INFO - Filling up the DagBag from /home/airflow/.local/lib/python3.8/site-packages/airflow/example_dags/example_task_group.py
[2026-05-29T19:18:10.907+0000] {processor.py:840} INFO - DAG(s) 'example_task_group' retrieved from /home/airflow/.local/lib/python3.8/site-packages/airflow/example_dags/example_task_group.py
[2026-05-29T19:18:10.936+0000] {logging_mixin.py:188} INFO - [2026-05-29T19:18:10.935+0000] {dag.py:3047} INFO - Sync 1 DAGs
[2026-05-29T19:18:10.955+0000] {logging_mixin.py:188} INFO - [2026-05-29T19:18:10.955+0000] {dag.py:3834} INFO - Setting next_dagrun for example_task_group to 2026-05-28 00:00:00+00:00, run_after=2026-05-29 00:00:00+00:00
[2026-05-29T19:18:10.980+0000] {processor.py:183} INFO - Processing /home/airflow/.local/lib/python3.8/site-packages/airflow/example_dags/example_task_group.py took 0.087 seconds
[2026-05-29T19:18:41.682+0000] {processor.py:161} INFO - Started process (PID=378) to work on /home/airflow/.local/lib/python3.8/site-packages/airflow/example_dags/example_task_group.py
[2026-05-29T19:18:41.684+0000] {processor.py:830} INFO - Processing file /home/airflow/.local/lib/python3.8/site-packages/airflow/example_dags/example_task_group.py for tasks to queue
[2026-05-29T19:18:41.687+0000] {logging_mixin.py:188} INFO - [2026-05-29T19:18:41.687+0000] {dagbag.py:540} INFO - Filling up the DagBag from /home/airflow/.local/lib/python3.8/site-packages/airflow/example_dags/example_task_group.py
[2026-05-29T19:18:41.693+0000] {processor.py:840} INFO - DAG(s) 'example_task_group' retrieved from /home/airflow/.local/lib/python3.8/site-packages/airflow/example_dags/example_task_group.py
[2026-05-29T19:18:41.715+0000] {logging_mixin.py:188} INFO - [2026-05-29T19:18:41.714+0000] {dag.py:3047} INFO - Sync 1 DAGs
[2026-05-29T19:18:41.731+0000] {logging_mixin.py:188} INFO - [2026-05-29T19:18:41.731+0000] {dag.py:3834} INFO - Setting next_dagrun for example_task_group to 2026-05-28 00:00:00+00:00, run_after=2026-05-29 00:00:00+00:00
[2026-05-29T19:18:41.751+0000] {processor.py:183} INFO - Processing /home/airflow/.local/lib/python3.8/site-packages/airflow/example_dags/example_task_group.py took 0.071 seconds
[2026-05-29T19:19:12.047+0000] {processor.py:161} INFO - Started process (PID=433) to work on /home/airflow/.local/lib/python3.8/site-packages/airflow/example_dags/example_task_group.py
[2026-05-29T19:19:12.049+0000] {processor.py:830} INFO - Processing file /home/airflow/.local/lib/python3.8/site-packages/airflow/example_dags/example_task_group.py for tasks to queue
[2026-05-29T19:19:12.052+0000] {logging_mixin.py:188} INFO - [2026-05-29T19:19:12.052+0000] {dagbag.py:540} INFO - Filling up the DagBag from /home/airflow/.local/lib/python3.8/site-packages/airflow/example_dags/example_task_group.py
[2026-05-29T19:19:12.058+0000] {processor.py:840} INFO - DAG(s) 'example_task_group' retrieved from /home/airflow/.local/lib/python3.8/site-packages/airflow/example_dags/example_task_group.py
[2026-05-29T19:19:12.080+0000] {logging_mixin.py:188} INFO - [2026-05-29T19:19:12.080+0000] {dag.py:3047} INFO - Sync 1 DAGs
[2026-05-29T19:19:12.102+0000] {logging_mixin.py:188} INFO - [2026-05-29T19:19:12.102+0000] {dag.py:3834} INFO - Setting next_dagrun for example_task_group to 2026-05-28 00:00:00+00:00, run_after=2026-05-29 00:00:00+00:00
[2026-05-29T19:19:12.123+0000] {processor.py:183} INFO - Processing /home/airflow/.local/lib/python3.8/site-packages/airflow/example_dags/example_task_group.py took 0.079 seconds
[2026-05-29T19:19:42.252+0000] {processor.py:161} INFO - Started process (PID=488) to work on /home/airflow/.local/lib/python3.8/site-packages/airflow/example_dags/example_task_group.py
[2026-05-29T19:19:42.254+0000] {processor.py:830} INFO - Processing file /home/airflow/.local/lib/python3.8/site-packages/airflow/example_dags/example_task_group.py for tasks to queue
[2026-05-29T19:19:42.256+0000] {logging_mixin.py:188} INFO - [2026-05-29T19:19:42.255+0000] {dagbag.py:540} INFO - Filling up the DagBag from /home/airflow/.local/lib/python3.8/site-packages/airflow/example_dags/example_task_group.py
[2026-05-29T19:19:42.263+0000] {processor.py:840} INFO - DAG(s) 'example_task_group' retrieved from /home/airflow/.local/lib/python3.8/site-packages/airflow/example_dags/example_task_group.py
[2026-05-29T19:19:42.283+0000] {logging_mixin.py:188} INFO - [2026-05-29T19:19:42.282+0000] {dag.py:3047} INFO - Sync 1 DAGs
[2026-05-29T19:19:42.301+0000] {logging_mixin.py:188} INFO - [2026-05-29T19:19:42.301+0000] {dag.py:3834} INFO - Setting next_dagrun for example_task_group to 2026-05-28 00:00:00+00:00, run_after=2026-05-29 00:00:00+00:00
[2026-05-29T19:19:42.320+0000] {processor.py:183} INFO - Processing /home/airflow/.local/lib/python3.8/site-packages/airflow/example_dags/example_task_group.py took 0.071 seconds
[2026-05-29T19:20:12.729+0000] {processor.py:161} INFO - Started process (PID=543) to work on /home/airflow/.local/lib/python3.8/site-packages/airflow/example_dags/example_task_group.py
[2026-05-29T19:20:12.730+0000] {processor.py:830} INFO - Processing file /home/airflow/.local/lib/python3.8/site-packages/airflow/example_dags/example_task_group.py for tasks to queue
[2026-05-29T19:20:12.732+0000] {logging_mixin.py:188} INFO - [2026-05-29T19:20:12.732+0000] {dagbag.py:540} INFO - Filling up the DagBag from /home/airflow/.local/lib/python3.8/site-packages/airflow/example_dags/example_task_group.py
[2026-05-29T19:20:12.738+0000] {processor.py:840} INFO - DAG(s) 'example_task_group' retrieved from /home/airflow/.local/lib/python3.8/site-packages/airflow/example_dags/example_task_group.py
[2026-05-29T19:20:12.757+0000] {logging_mixin.py:188} INFO - [2026-05-29T19:20:12.757+0000] {dag.py:3047} INFO - Sync 1 DAGs
[2026-05-29T19:20:12.776+0000] {logging_mixin.py:188} INFO - [2026-05-29T19:20:12.776+0000] {dag.py:3834} INFO - Setting next_dagrun for example_task_group to 2026-05-28 00:00:00+00:00, run_after=2026-05-29 00:00:00+00:00
[2026-05-29T19:20:12.796+0000] {processor.py:183} INFO - Processing /home/airflow/.local/lib/python3.8/site-packages/airflow/example_dags/example_task_group.py took 0.070 seconds
[2026-05-29T19:20:42.962+0000] {processor.py:161} INFO - Started process (PID=598) to work on /home/airflow/.local/lib/python3.8/site-packages/airflow/example_dags/example_task_group.py
[2026-05-29T19:20:42.963+0000] {processor.py:830} INFO - Processing file /home/airflow/.local/lib/python3.8/site-packages/airflow/example_dags/example_task_group.py for tasks to queue
[2026-05-29T19:20:42.965+0000] {logging_mixin.py:188} INFO - [2026-05-29T19:20:42.965+0000] {dagbag.py:540} INFO - Filling up the DagBag from /home/airflow/.local/lib/python3.8/site-packages/airflow/example_dags/example_task_group.py
[2026-05-29T19:20:42.972+0000] {processor.py:840} INFO - DAG(s) 'example_task_group' retrieved from /home/airflow/.local/lib/python3.8/site-packages/airflow/example_dags/example_task_group.py
[2026-05-29T19:20:42.989+0000] {logging_mixin.py:188} INFO - [2026-05-29T19:20:42.989+0000] {dag.py:3047} INFO - Sync 1 DAGs
[2026-05-29T19:20:43.007+0000] {logging_mixin.py:188} INFO - [2026-05-29T19:20:43.007+0000] {dag.py:3834} INFO - Setting next_dagrun for example_task_group to 2026-05-28 00:00:00+00:00, run_after=2026-05-29 00:00:00+00:00
[2026-05-29T19:20:43.026+0000] {processor.py:183} INFO - Processing /home/airflow/.local/lib/python3.8/site-packages/airflow/example_dags/example_task_group.py took 0.067 seconds
[2026-05-29T19:21:13.465+0000] {processor.py:161} INFO - Started process (PID=653) to work on /home/airflow/.local/lib/python3.8/site-packages/airflow/example_dags/example_task_group.py
[2026-05-29T19:21:13.467+0000] {processor.py:830} INFO - Processing file /home/airflow/.local/lib/python3.8/site-packages/airflow/example_dags/example_task_group.py for tasks to queue
[2026-05-29T19:21:13.470+0000] {logging_mixin.py:188} INFO - [2026-05-29T19:21:13.469+0000] {dagbag.py:540} INFO - Filling up the DagBag from /home/airflow/.local/lib/python3.8/site-packages/airflow/example_dags/example_task_group.py
[2026-05-29T19:21:13.480+0000] {processor.py:840} INFO - DAG(s) 'example_task_group' retrieved from /home/airflow/.local/lib/python3.8/site-packages/airflow/example_dags/example_task_group.py
[2026-05-29T19:21:13.505+0000] {logging_mixin.py:188} INFO - [2026-05-29T19:21:13.505+0000] {dag.py:3047} INFO - Sync 1 DAGs
[2026-05-29T19:21:13.529+0000] {logging_mixin.py:188} INFO - [2026-05-29T19:21:13.529+0000] {dag.py:3834} INFO - Setting next_dagrun for example_task_group to 2026-05-28 00:00:00+00:00, run_after=2026-05-29 00:00:00+00:00
[2026-05-29T19:21:13.548+0000] {processor.py:183} INFO - Processing /home/airflow/.local/lib/python3.8/site-packages/airflow/example_dags/example_task_group.py took 0.087 seconds
[2026-05-29T19:21:43.677+0000] {processor.py:161} INFO - Started process (PID=708) to work on /home/airflow/.local/lib/python3.8/site-packages/airflow/example_dags/example_task_group.py
[2026-05-29T19:21:43.678+0000] {processor.py:830} INFO - Processing file /home/airflow/.local/lib/python3.8/site-packages/airflow/example_dags/example_task_group.py for tasks to queue
[2026-05-29T19:21:43.681+0000] {logging_mixin.py:188} INFO - [2026-05-29T19:21:43.680+0000] {dagbag.py:540} INFO - Filling up the DagBag from /home/airflow/.local/lib/python3.8/site-packages/airflow/example_dags/example_task_group.py
[2026-05-29T19:21:43.687+0000] {processor.py:840} INFO - DAG(s) 'example_task_group' retrieved from /home/airflow/.local/lib/python3.8/site-packages/airflow/example_dags/example_task_group.py
[2026-05-29T19:21:43.713+0000] {logging_mixin.py:188} INFO - [2026-05-29T19:21:43.712+0000] {dag.py:3047} INFO - Sync 1 DAGs
[2026-05-29T19:21:43.734+0000] {logging_mixin.py:188} INFO - [2026-05-29T19:21:43.734+0000] {dag.py:3834} INFO - Setting next_dagrun for example_task_group to 2026-05-28 00:00:00+00:00, run_after=2026-05-29 00:00:00+00:00
[2026-05-29T19:21:43.753+0000] {processor.py:183} INFO - Processing /home/airflow/.local/lib/python3.8/site-packages/airflow/example_dags/example_task_group.py took 0.079 seconds
[2026-05-29T19:22:14.034+0000] {processor.py:161} INFO - Started process (PID=763) to work on /home/airflow/.local/lib/python3.8/site-packages/airflow/example_dags/example_task_group.py
[2026-05-29T19:22:14.036+0000] {processor.py:830} INFO - Processing file /home/airflow/.local/lib/python3.8/site-packages/airflow/example_dags/example_task_group.py for tasks to queue
[2026-05-29T19:22:14.038+0000] {logging_mixin.py:188} INFO - [2026-05-29T19:22:14.038+0000] {dagbag.py:540} INFO - Filling up the DagBag from /home/airflow/.local/lib/python3.8/site-packages/airflow/example_dags/example_task_group.py
[2026-05-29T19:22:14.046+0000] {processor.py:840} INFO - DAG(s) 'example_task_group' retrieved from /home/airflow/.local/lib/python3.8/site-packages/airflow/example_dags/example_task_group.py
[2026-05-29T19:22:14.069+0000] {logging_mixin.py:188} INFO - [2026-05-29T19:22:14.068+0000] {dag.py:3047} INFO - Sync 1 DAGs
[2026-05-29T19:22:14.105+0000] {logging_mixin.py:188} INFO - [2026-05-29T19:22:14.104+0000] {dag.py:3834} INFO - Setting next_dagrun for example_task_group to 2026-05-28 00:00:00+00:00, run_after=2026-05-29 00:00:00+00:00
[2026-05-29T19:22:14.125+0000] {processor.py:183} INFO - Processing /home/airflow/.local/lib/python3.8/site-packages/airflow/example_dags/example_task_group.py took 0.096 seconds
[2026-05-29T19:22:44.303+0000] {processor.py:161} INFO - Started process (PID=818) to work on /home/airflow/.local/lib/python3.8/site-packages/airflow/example_dags/example_task_group.py
[2026-05-29T19:22:44.304+0000] {processor.py:830} INFO - Processing file /home/airflow/.local/lib/python3.8/site-packages/airflow/example_dags/example_task_group.py for tasks to queue
[2026-05-29T19:22:44.305+0000] {logging_mixin.py:188} INFO - [2026-05-29T19:22:44.305+0000] {dagbag.py:540} INFO - Filling up the DagBag from /home/airflow/.local/lib/python3.8/site-packages/airflow/example_dags/example_task_group.py
[2026-05-29T19:22:44.311+0000] {processor.py:840} INFO - DAG(s) 'example_task_group' retrieved from /home/airflow/.local/lib/python3.8/site-packages/airflow/example_dags/example_task_group.py
[2026-05-29T19:22:44.330+0000] {logging_mixin.py:188} INFO - [2026-05-29T19:22:44.330+0000] {dag.py:3047} INFO - Sync 1 DAGs
[2026-05-29T19:22:44.350+0000] {logging_mixin.py:188} INFO - [2026-05-29T19:22:44.350+0000] {dag.py:3834} INFO - Setting next_dagrun for example_task_group to 2026-05-28 00:00:00+00:00, run_after=2026-05-29 00:00:00+00:00
[2026-05-29T19:22:44.370+0000] {processor.py:183} INFO - Processing /home/airflow/.local/lib/python3.8/site-packages/airflow/example_dags/example_task_group.py took 0.070 seconds
[2026-05-29T19:23:14.488+0000] {processor.py:161} INFO - Started process (PID=873) to work on /home/airflow/.local/lib/python3.8/site-packages/airflow/example_dags/example_task_group.py
[2026-05-29T19:23:14.490+0000] {processor.py:830} INFO - Processing file /home/airflow/.local/lib/python3.8/site-packages/airflow/example_dags/example_task_group.py for tasks to queue
[2026-05-29T19:23:14.491+0000] {logging_mixin.py:188} INFO - [2026-05-29T19:23:14.491+0000] {dagbag.py:540} INFO - Filling up the DagBag from /home/airflow/.local/lib/python3.8/site-packages/airflow/example_dags/example_task_group.py
[2026-05-29T19:23:14.497+0000] {processor.py:840} INFO - DAG(s) 'example_task_group' retrieved from /home/airflow/.local/lib/python3.8/site-packages/airflow/example_dags/example_task_group.py
[2026-05-29T19:23:14.519+0000] {logging_mixin.py:188} INFO - [2026-05-29T19:23:14.518+0000] {dag.py:3047} INFO - Sync 1 DAGs
[2026-05-29T19:23:14.537+0000] {logging_mixin.py:188} INFO - [2026-05-29T19:23:14.536+0000] {dag.py:3834} INFO - Setting next_dagrun for example_task_group to 2026-05-28 00:00:00+00:00, run_after=2026-05-29 00:00:00+00:00
[2026-05-29T19:23:14.557+0000] {processor.py:183} INFO - Processing /home/airflow/.local/lib/python3.8/site-packages/airflow/example_dags/example_task_group.py took 0.071 seconds
[2026-05-29T19:23:45.368+0000] {processor.py:161} INFO - Started process (PID=928) to work on /home/airflow/.local/lib/python3.8/site-packages/airflow/example_dags/example_task_group.py
[2026-05-29T19:23:45.369+0000] {processor.py:830} INFO - Processing file /home/airflow/.local/lib/python3.8/site-packages/airflow/example_dags/example_task_group.py for tasks to queue
[2026-05-29T19:23:45.371+0000] {logging_mixin.py:188} INFO - [2026-05-29T19:23:45.371+0000] {dagbag.py:540} INFO - Filling up the DagBag from /home/airflow/.local/lib/python3.8/site-packages/airflow/example_dags/example_task_group.py
[2026-05-29T19:23:45.377+0000] {processor.py:840} INFO - DAG(s) 'example_task_group' retrieved from /home/airflow/.local/lib/python3.8/site-packages/airflow/example_dags/example_task_group.py
[2026-05-29T19:23:45.395+0000] {logging_mixin.py:188} INFO - [2026-05-29T19:23:45.395+0000] {dag.py:3047} INFO - Sync 1 DAGs
[2026-05-29T19:23:45.412+0000] {logging_mixin.py:188} INFO - [2026-05-29T19:23:45.412+0000] {dag.py:3834} INFO - Setting next_dagrun for example_task_group to 2026-05-28 00:00:00+00:00, run_after=2026-05-29 00:00:00+00:00
[2026-05-29T19:23:45.452+0000] {processor.py:183} INFO - Processing /home/airflow/.local/lib/python3.8/site-packages/airflow/example_dags/example_task_group.py took 0.087 seconds
[2026-05-29T19:24:15.767+0000] {processor.py:161} INFO - Started process (PID=983) to work on /home/airflow/.local/lib/python3.8/site-packages/airflow/example_dags/example_task_group.py
[2026-05-29T19:24:15.768+0000] {processor.py:830} INFO - Processing file /home/airflow/.local/lib/python3.8/site-packages/airflow/example_dags/example_task_group.py for tasks to queue
[2026-05-29T19:24:15.770+0000] {logging_mixin.py:188} INFO - [2026-05-29T19:24:15.770+0000] {dagbag.py:540} INFO - Filling up the DagBag from /home/airflow/.local/lib/python3.8/site-packages/airflow/example_dags/example_task_group.py
[2026-05-29T19:24:15.777+0000] {processor.py:840} INFO - DAG(s) 'example_task_group' retrieved from /home/airflow/.local/lib/python3.8/site-packages/airflow/example_dags/example_task_group.py
[2026-05-29T19:24:15.798+0000] {logging_mixin.py:188} INFO - [2026-05-29T19:24:15.798+0000] {dag.py:3047} INFO - Sync 1 DAGs
[2026-05-29T19:24:15.818+0000] {logging_mixin.py:188} INFO - [2026-05-29T19:24:15.818+0000] {dag.py:3834} INFO - Setting next_dagrun for example_task_group to 2026-05-28 00:00:00+00:00, run_after=2026-05-29 00:00:00+00:00
[2026-05-29T19:24:15.836+0000] {processor.py:183} INFO - Processing /home/airflow/.local/lib/python3.8/site-packages/airflow/example_dags/example_task_group.py took 0.072 seconds
[2026-05-29T19:24:46.121+0000] {processor.py:161} INFO - Started process (PID=1038) to work on /home/airflow/.local/lib/python3.8/site-packages/airflow/example_dags/example_task_group.py
[2026-05-29T19:24:46.122+0000] {processor.py:830} INFO - Processing file /home/airflow/.local/lib/python3.8/site-packages/airflow/example_dags/example_task_group.py for tasks to queue
[2026-05-29T19:24:46.124+0000] {logging_mixin.py:188} INFO - [2026-05-29T19:24:46.124+0000] {dagbag.py:540} INFO - Filling up the DagBag from /home/airflow/.local/lib/python3.8/site-packages/airflow/example_dags/example_task_group.py
[2026-05-29T19:24:46.131+0000] {processor.py:840} INFO - DAG(s) 'example_task_group' retrieved from /home/airflow/.local/lib/python3.8/site-packages/airflow/example_dags/example_task_group.py
[2026-05-29T19:24:46.150+0000] {logging_mixin.py:188} INFO - [2026-05-29T19:24:46.150+0000] {dag.py:3047} INFO - Sync 1 DAGs
[2026-05-29T19:24:46.168+0000] {logging_mixin.py:188} INFO - [2026-05-29T19:24:46.168+0000] {dag.py:3834} INFO - Setting next_dagrun for example_task_group to 2026-05-28 00:00:00+00:00, run_after=2026-05-29 00:00:00+00:00
[2026-05-29T19:24:46.183+0000] {processor.py:183} INFO - Processing /home/airflow/.local/lib/python3.8/site-packages/airflow/example_dags/example_task_group.py took 0.066 seconds
[2026-05-29T19:25:16.562+0000] {processor.py:161} INFO - Started process (PID=1093) to work on /home/airflow/.local/lib/python3.8/site-packages/airflow/example_dags/example_task_group.py
[2026-05-29T19:25:16.563+0000] {processor.py:830} INFO - Processing file /home/airflow/.local/lib/python3.8/site-packages/airflow/example_dags/example_task_group.py for tasks to queue
[2026-05-29T19:25:16.565+0000] {logging_mixin.py:188} INFO - [2026-05-29T19:25:16.565+0000] {dagbag.py:540} INFO - Filling up the DagBag from /home/airflow/.local/lib/python3.8/site-packages/airflow/example_dags/example_task_group.py
[2026-05-29T19:25:16.571+0000] {processor.py:840} INFO - DAG(s) 'example_task_group' retrieved from /home/airflow/.local/lib/python3.8/site-packages/airflow/example_dags/example_task_group.py
[2026-05-29T19:25:16.591+0000] {logging_mixin.py:188} INFO - [2026-05-29T19:25:16.591+0000] {dag.py:3047} INFO - Sync 1 DAGs
[2026-05-29T19:25:16.606+0000] {logging_mixin.py:188} INFO - [2026-05-29T19:25:16.606+0000] {dag.py:3834} INFO - Setting next_dagrun for example_task_group to 2026-05-28 00:00:00+00:00, run_after=2026-05-29 00:00:00+00:00
[2026-05-29T19:25:16.620+0000] {processor.py:183} INFO - Processing /home/airflow/.local/lib/python3.8/site-packages/airflow/example_dags/example_task_group.py took 0.062 seconds
[2026-05-29T19:25:47.286+0000] {processor.py:161} INFO - Started process (PID=1148) to work on /home/airflow/.local/lib/python3.8/site-packages/airflow/example_dags/example_task_group.py
[2026-05-29T19:25:47.288+0000] {processor.py:830} INFO - Processing file /home/airflow/.local/lib/python3.8/site-packages/airflow/example_dags/example_task_group.py for tasks to queue
[2026-05-29T19:25:47.290+0000] {logging_mixin.py:188} INFO - [2026-05-29T19:25:47.289+0000] {dagbag.py:540} INFO - Filling up the DagBag from /home/airflow/.local/lib/python3.8/site-packages/airflow/example_dags/example_task_group.py
[2026-05-29T19:25:47.296+0000] {processor.py:840} INFO - DAG(s) 'example_task_group' retrieved from /home/airflow/.local/lib/python3.8/site-packages/airflow/example_dags/example_task_group.py
[2026-05-29T19:25:47.315+0000] {logging_mixin.py:188} INFO - [2026-05-29T19:25:47.315+0000] {dag.py:3047} INFO - Sync 1 DAGs
[2026-05-29T19:25:47.336+0000] {logging_mixin.py:188} INFO - [2026-05-29T19:25:47.336+0000] {dag.py:3834} INFO - Setting next_dagrun for example_task_group to 2026-05-28 00:00:00+00:00, run_after=2026-05-29 00:00:00+00:00
[2026-05-29T19:25:47.357+0000] {processor.py:183} INFO - Processing /home/airflow/.local/lib/python3.8/site-packages/airflow/example_dags/example_task_group.py took 0.076 seconds
[2026-05-29T19:26:17.453+0000] {processor.py:161} INFO - Started process (PID=1203) to work on /home/airflow/.local/lib/python3.8/site-packages/airflow/example_dags/example_task_group.py
[2026-05-29T19:26:17.455+0000] {processor.py:830} INFO - Processing file /home/airflow/.local/lib/python3.8/site-packages/airflow/example_dags/example_task_group.py for tasks to queue
[2026-05-29T19:26:17.457+0000] {logging_mixin.py:188} INFO - [2026-05-29T19:26:17.456+0000] {dagbag.py:540} INFO - Filling up the DagBag from /home/airflow/.local/lib/python3.8/site-packages/airflow/example_dags/example_task_group.py
[2026-05-29T19:26:17.465+0000] {processor.py:840} INFO - DAG(s) 'example_task_group' retrieved from /home/airflow/.local/lib/python3.8/site-packages/airflow/example_dags/example_task_group.py
[2026-05-29T19:26:17.484+0000] {logging_mixin.py:188} INFO - [2026-05-29T19:26:17.484+0000] {dag.py:3047} INFO - Sync 1 DAGs
[2026-05-29T19:26:17.504+0000] {logging_mixin.py:188} INFO - [2026-05-29T19:26:17.504+0000] {dag.py:3834} INFO - Setting next_dagrun for example_task_group to 2026-05-28 00:00:00+00:00, run_after=2026-05-29 00:00:00+00:00
[2026-05-29T19:26:17.524+0000] {processor.py:183} INFO - Processing /home/airflow/.local/lib/python3.8/site-packages/airflow/example_dags/example_task_group.py took 0.074 seconds
[2026-05-29T19:26:47.602+0000] {processor.py:161} INFO - Started process (PID=1258) to work on /home/airflow/.local/lib/python3.8/site-packages/airflow/example_dags/example_task_group.py
[2026-05-29T19:26:47.604+0000] {processor.py:830} INFO - Processing file /home/airflow/.local/lib/python3.8/site-packages/airflow/example_dags/example_task_group.py for tasks to queue
[2026-05-29T19:26:47.606+0000] {logging_mixin.py:188} INFO - [2026-05-29T19:26:47.605+0000] {dagbag.py:540} INFO - Filling up the DagBag from /home/airflow/.local/lib/python3.8/site-packages/airflow/example_dags/example_task_group.py
[2026-05-29T19:26:47.612+0000] {processor.py:840} INFO - DAG(s) 'example_task_group' retrieved from /home/airflow/.local/lib/python3.8/site-packages/airflow/example_dags/example_task_group.py
[2026-05-29T19:26:47.640+0000] {logging_mixin.py:188} INFO - [2026-05-29T19:26:47.640+0000] {dag.py:3047} INFO - Sync 1 DAGs
[2026-05-29T19:26:47.662+0000] {logging_mixin.py:188} INFO - [2026-05-29T19:26:47.662+0000] {dag.py:3834} INFO - Setting next_dagrun for example_task_group to 2026-05-28 00:00:00+00:00, run_after=2026-05-29 00:00:00+00:00
[2026-05-29T19:26:47.682+0000] {processor.py:183} INFO - Processing /home/airflow/.local/lib/python3.8/site-packages/airflow/example_dags/example_task_group.py took 0.082 seconds
[2026-05-29T19:27:18.311+0000] {processor.py:161} INFO - Started process (PID=1313) to work on /home/airflow/.local/lib/python3.8/site-packages/airflow/example_dags/example_task_group.py
[2026-05-29T19:27:18.319+0000] {processor.py:830} INFO - Processing file /home/airflow/.local/lib/python3.8/site-packages/airflow/example_dags/example_task_group.py for tasks to queue
[2026-05-29T19:27:18.325+0000] {logging_mixin.py:188} INFO - [2026-05-29T19:27:18.324+0000] {dagbag.py:540} INFO - Filling up the DagBag from /home/airflow/.local/lib/python3.8/site-packages/airflow/example_dags/example_task_group.py
[2026-05-29T19:27:18.344+0000] {processor.py:840} INFO - DAG(s) 'example_task_group' retrieved from /home/airflow/.local/lib/python3.8/site-packages/airflow/example_dags/example_task_group.py
[2026-05-29T19:27:18.394+0000] {logging_mixin.py:188} INFO - [2026-05-29T19:27:18.394+0000] {dag.py:3047} INFO - Sync 1 DAGs
[2026-05-29T19:27:18.443+0000] {logging_mixin.py:188} INFO - [2026-05-29T19:27:18.442+0000] {dag.py:3834} INFO - Setting next_dagrun for example_task_group to 2026-05-28 00:00:00+00:00, run_after=2026-05-29 00:00:00+00:00
[2026-05-29T19:27:18.467+0000] {processor.py:183} INFO - Processing /home/airflow/.local/lib/python3.8/site-packages/airflow/example_dags/example_task_group.py took 0.170 seconds
[2026-05-29T19:27:48.649+0000] {processor.py:161} INFO - Started process (PID=1368) to work on /home/airflow/.local/lib/python3.8/site-packages/airflow/example_dags/example_task_group.py
[2026-05-29T19:27:48.650+0000] {processor.py:830} INFO - Processing file /home/airflow/.local/lib/python3.8/site-packages/airflow/example_dags/example_task_group.py for tasks to queue
[2026-05-29T19:27:48.655+0000] {logging_mixin.py:188} INFO - [2026-05-29T19:27:48.654+0000] {dagbag.py:540} INFO - Filling up the DagBag from /home/airflow/.local/lib/python3.8/site-packages/airflow/example_dags/example_task_group.py
[2026-05-29T19:27:48.661+0000] {processor.py:840} INFO - DAG(s) 'example_task_group' retrieved from /home/airflow/.local/lib/python3.8/site-packages/airflow/example_dags/example_task_group.py
[2026-05-29T19:27:48.680+0000] {logging_mixin.py:188} INFO - [2026-05-29T19:27:48.680+0000] {dag.py:3047} INFO - Sync 1 DAGs
[2026-05-29T19:27:48.702+0000] {logging_mixin.py:188} INFO - [2026-05-29T19:27:48.702+0000] {dag.py:3834} INFO - Setting next_dagrun for example_task_group to 2026-05-28 00:00:00+00:00, run_after=2026-05-29 00:00:00+00:00
[2026-05-29T19:27:48.724+0000] {processor.py:183} INFO - Processing /home/airflow/.local/lib/python3.8/site-packages/airflow/example_dags/example_task_group.py took 0.078 seconds
[2026-05-29T19:28:20.000+0000] {processor.py:161} INFO - Started process (PID=1423) to work on /home/airflow/.local/lib/python3.8/site-packages/airflow/example_dags/example_task_group.py
[2026-05-29T19:28:20.002+0000] {processor.py:830} INFO - Processing file /home/airflow/.local/lib/python3.8/site-packages/airflow/example_dags/example_task_group.py for tasks to queue
[2026-05-29T19:28:20.004+0000] {logging_mixin.py:188} INFO - [2026-05-29T19:28:20.004+0000] {dagbag.py:540} INFO - Filling up the DagBag from /home/airflow/.local/lib/python3.8/site-packages/airflow/example_dags/example_task_group.py
[2026-05-29T19:28:20.015+0000] {processor.py:840} INFO - DAG(s) 'example_task_group' retrieved from /home/airflow/.local/lib/python3.8/site-packages/airflow/example_dags/example_task_group.py
[2026-05-29T19:28:20.063+0000] {logging_mixin.py:188} INFO - [2026-05-29T19:28:20.060+0000] {dag.py:3047} INFO - Sync 1 DAGs
[2026-05-29T19:28:20.096+0000] {logging_mixin.py:188} INFO - [2026-05-29T19:28:20.096+0000] {dag.py:3834} INFO - Setting next_dagrun for example_task_group to 2026-05-28 00:00:00+00:00, run_after=2026-05-29 00:00:00+00:00
[2026-05-29T19:28:20.123+0000] {processor.py:183} INFO - Processing /home/airflow/.local/lib/python3.8/site-packages/airflow/example_dags/example_task_group.py took 0.126 seconds
[2026-05-29T19:28:50.612+0000] {processor.py:161} INFO - Started process (PID=1477) to work on /home/airflow/.local/lib/python3.8/site-packages/airflow/example_dags/example_task_group.py
[2026-05-29T19:28:50.613+0000] {processor.py:830} INFO - Processing file /home/airflow/.local/lib/python3.8/site-packages/airflow/example_dags/example_task_group.py for tasks to queue
[2026-05-29T19:28:50.616+0000] {logging_mixin.py:188} INFO - [2026-05-29T19:28:50.616+0000] {dagbag.py:540} INFO - Filling up the DagBag from /home/airflow/.local/lib/python3.8/site-packages/airflow/example_dags/example_task_group.py
[2026-05-29T19:28:50.622+0000] {processor.py:840} INFO - DAG(s) 'example_task_group' retrieved from /home/airflow/.local/lib/python3.8/site-packages/airflow/example_dags/example_task_group.py
[2026-05-29T19:28:50.649+0000] {logging_mixin.py:188} INFO - [2026-05-29T19:28:50.649+0000] {dag.py:3047} INFO - Sync 1 DAGs
[2026-05-29T19:28:50.673+0000] {logging_mixin.py:188} INFO - [2026-05-29T19:28:50.673+0000] {dag.py:3834} INFO - Setting next_dagrun for example_task_group to 2026-05-28 00:00:00+00:00, run_after=2026-05-29 00:00:00+00:00
[2026-05-29T19:28:50.701+0000] {processor.py:183} INFO - Processing /home/airflow/.local/lib/python3.8/site-packages/airflow/example_dags/example_task_group.py took 0.093 seconds
[2026-05-29T19:29:21.479+0000] {processor.py:161} INFO - Started process (PID=1532) to work on /home/airflow/.local/lib/python3.8/site-packages/airflow/example_dags/example_task_group.py
[2026-05-29T19:29:21.481+0000] {processor.py:830} INFO - Processing file /home/airflow/.local/lib/python3.8/site-packages/airflow/example_dags/example_task_group.py for tasks to queue
[2026-05-29T19:29:21.484+0000] {logging_mixin.py:188} INFO - [2026-05-29T19:29:21.484+0000] {dagbag.py:540} INFO - Filling up the DagBag from /home/airflow/.local/lib/python3.8/site-packages/airflow/example_dags/example_task_group.py
[2026-05-29T19:29:21.492+0000] {processor.py:840} INFO - DAG(s) 'example_task_group' retrieved from /home/airflow/.local/lib/python3.8/site-packages/airflow/example_dags/example_task_group.py
[2026-05-29T19:29:21.520+0000] {logging_mixin.py:188} INFO - [2026-05-29T19:29:21.520+0000] {dag.py:3047} INFO - Sync 1 DAGs
[2026-05-29T19:29:21.551+0000] {logging_mixin.py:188} INFO - [2026-05-29T19:29:21.550+0000] {dag.py:3834} INFO - Setting next_dagrun for example_task_group to 2026-05-28 00:00:00+00:00, run_after=2026-05-29 00:00:00+00:00
[2026-05-29T19:29:21.580+0000] {processor.py:183} INFO - Processing /home/airflow/.local/lib/python3.8/site-packages/airflow/example_dags/example_task_group.py took 0.105 seconds
[2026-05-29T19:29:52.124+0000] {processor.py:161} INFO - Started process (PID=1587) to work on /home/airflow/.local/lib/python3.8/site-packages/airflow/example_dags/example_task_group.py
[2026-05-29T19:29:52.126+0000] {processor.py:830} INFO - Processing file /home/airflow/.local/lib/python3.8/site-packages/airflow/example_dags/example_task_group.py for tasks to queue
[2026-05-29T19:29:52.128+0000] {logging_mixin.py:188} INFO - [2026-05-29T19:29:52.127+0000] {dagbag.py:540} INFO - Filling up the DagBag from /home/airflow/.local/lib/python3.8/site-packages/airflow/example_dags/example_task_group.py
[2026-05-29T19:29:52.134+0000] {processor.py:840} INFO - DAG(s) 'example_task_group' retrieved from /home/airflow/.local/lib/python3.8/site-packages/airflow/example_dags/example_task_group.py
[2026-05-29T19:29:52.155+0000] {logging_mixin.py:188} INFO - [2026-05-29T19:29:52.154+0000] {dag.py:3047} INFO - Sync 1 DAGs
[2026-05-29T19:29:52.172+0000] {logging_mixin.py:188} INFO - [2026-05-29T19:29:52.171+0000] {dag.py:3834} INFO - Setting next_dagrun for example_task_group to 2026-05-28 00:00:00+00:00, run_after=2026-05-29 00:00:00+00:00
[2026-05-29T19:29:52.192+0000] {processor.py:183} INFO - Processing /home/airflow/.local/lib/python3.8/site-packages/airflow/example_dags/example_task_group.py took 0.071 seconds
[2026-05-29T19:30:22.260+0000] {processor.py:161} INFO - Started process (PID=1642) to work on /home/airflow/.local/lib/python3.8/site-packages/airflow/example_dags/example_task_group.py
[2026-05-29T19:30:22.261+0000] {processor.py:830} INFO - Processing file /home/airflow/.local/lib/python3.8/site-packages/airflow/example_dags/example_task_group.py for tasks to queue
[2026-05-29T19:30:22.263+0000] {logging_mixin.py:188} INFO - [2026-05-29T19:30:22.263+0000] {dagbag.py:540} INFO - Filling up the DagBag from /home/airflow/.local/lib/python3.8/site-packages/airflow/example_dags/example_task_group.py
[2026-05-29T19:30:22.269+0000] {processor.py:840} INFO - DAG(s) 'example_task_group' retrieved from /home/airflow/.local/lib/python3.8/site-packages/airflow/example_dags/example_task_group.py
[2026-05-29T19:30:22.288+0000] {logging_mixin.py:188} INFO - [2026-05-29T19:30:22.288+0000] {dag.py:3047} INFO - Sync 1 DAGs
[2026-05-29T19:30:22.312+0000] {logging_mixin.py:188} INFO - [2026-05-29T19:30:22.312+0000] {dag.py:3834} INFO - Setting next_dagrun for example_task_group to 2026-05-28 00:00:00+00:00, run_after=2026-05-29 00:00:00+00:00
[2026-05-29T19:30:22.334+0000] {processor.py:183} INFO - Processing /home/airflow/.local/lib/python3.8/site-packages/airflow/example_dags/example_task_group.py took 0.077 seconds
[2026-05-29T19:30:52.444+0000] {processor.py:161} INFO - Started process (PID=1697) to work on /home/airflow/.local/lib/python3.8/site-packages/airflow/example_dags/example_task_group.py
[2026-05-29T19:30:52.445+0000] {processor.py:830} INFO - Processing file /home/airflow/.local/lib/python3.8/site-packages/airflow/example_dags/example_task_group.py for tasks to queue
[2026-05-29T19:30:52.448+0000] {logging_mixin.py:188} INFO - [2026-05-29T19:30:52.447+0000] {dagbag.py:540} INFO - Filling up the DagBag from /home/airflow/.local/lib/python3.8/site-packages/airflow/example_dags/example_task_group.py
[2026-05-29T19:30:52.455+0000] {processor.py:840} INFO - DAG(s) 'example_task_group' retrieved from /home/airflow/.local/lib/python3.8/site-packages/airflow/example_dags/example_task_group.py
[2026-05-29T19:30:52.475+0000] {logging_mixin.py:188} INFO - [2026-05-29T19:30:52.475+0000] {dag.py:3047} INFO - Sync 1 DAGs
[2026-05-29T19:30:52.495+0000] {logging_mixin.py:188} INFO - [2026-05-29T19:30:52.495+0000] {dag.py:3834} INFO - Setting next_dagrun for example_task_group to 2026-05-28 00:00:00+00:00, run_after=2026-05-29 00:00:00+00:00
[2026-05-29T19:30:52.516+0000] {processor.py:183} INFO - Processing /home/airflow/.local/lib/python3.8/site-packages/airflow/example_dags/example_task_group.py took 0.075 seconds
[2026-05-29T19:31:23.334+0000] {processor.py:161} INFO - Started process (PID=1752) to work on /home/airflow/.local/lib/python3.8/site-packages/airflow/example_dags/example_task_group.py
[2026-05-29T19:31:23.335+0000] {processor.py:830} INFO - Processing file /home/airflow/.local/lib/python3.8/site-packages/airflow/example_dags/example_task_group.py for tasks to queue
[2026-05-29T19:31:23.338+0000] {logging_mixin.py:188} INFO - [2026-05-29T19:31:23.338+0000] {dagbag.py:540} INFO - Filling up the DagBag from /home/airflow/.local/lib/python3.8/site-packages/airflow/example_dags/example_task_group.py
[2026-05-29T19:31:23.344+0000] {processor.py:840} INFO - DAG(s) 'example_task_group' retrieved from /home/airflow/.local/lib/python3.8/site-packages/airflow/example_dags/example_task_group.py
[2026-05-29T19:31:23.364+0000] {logging_mixin.py:188} INFO - [2026-05-29T19:31:23.364+0000] {dag.py:3047} INFO - Sync 1 DAGs
[2026-05-29T19:31:23.382+0000] {logging_mixin.py:188} INFO - [2026-05-29T19:31:23.382+0000] {dag.py:3834} INFO - Setting next_dagrun for example_task_group to 2026-05-28 00:00:00+00:00, run_after=2026-05-29 00:00:00+00:00
[2026-05-29T19:31:23.399+0000] {processor.py:183} INFO - Processing /home/airflow/.local/lib/python3.8/site-packages/airflow/example_dags/example_task_group.py took 0.068 seconds
[2026-05-29T19:31:54.267+0000] {processor.py:161} INFO - Started process (PID=1807) to work on /home/airflow/.local/lib/python3.8/site-packages/airflow/example_dags/example_task_group.py
[2026-05-29T19:31:54.268+0000] {processor.py:830} INFO - Processing file /home/airflow/.local/lib/python3.8/site-packages/airflow/example_dags/example_task_group.py for tasks to queue
[2026-05-29T19:31:54.270+0000] {logging_mixin.py:188} INFO - [2026-05-29T19:31:54.270+0000] {dagbag.py:540} INFO - Filling up the DagBag from /home/airflow/.local/lib/python3.8/site-packages/airflow/example_dags/example_task_group.py
[2026-05-29T19:31:54.276+0000] {processor.py:840} INFO - DAG(s) 'example_task_group' retrieved from /home/airflow/.local/lib/python3.8/site-packages/airflow/example_dags/example_task_group.py
[2026-05-29T19:31:54.294+0000] {logging_mixin.py:188} INFO - [2026-05-29T19:31:54.294+0000] {dag.py:3047} INFO - Sync 1 DAGs
[2026-05-29T19:31:54.310+0000] {logging_mixin.py:188} INFO - [2026-05-29T19:31:54.310+0000] {dag.py:3834} INFO - Setting next_dagrun for example_task_group to 2026-05-28 00:00:00+00:00, run_after=2026-05-29 00:00:00+00:00
[2026-05-29T19:31:54.328+0000] {processor.py:183} INFO - Processing /home/airflow/.local/lib/python3.8/site-packages/airflow/example_dags/example_task_group.py took 0.065 seconds
[2026-05-29T19:32:24.575+0000] {processor.py:161} INFO - Started process (PID=1862) to work on /home/airflow/.local/lib/python3.8/site-packages/airflow/example_dags/example_task_group.py
[2026-05-29T19:32:24.577+0000] {processor.py:830} INFO - Processing file /home/airflow/.local/lib/python3.8/site-packages/airflow/example_dags/example_task_group.py for tasks to queue
[2026-05-29T19:32:24.579+0000] {logging_mixin.py:188} INFO - [2026-05-29T19:32:24.579+0000] {dagbag.py:540} INFO - Filling up the DagBag from /home/airflow/.local/lib/python3.8/site-packages/airflow/example_dags/example_task_group.py
[2026-05-29T19:32:24.585+0000] {processor.py:840} INFO - DAG(s) 'example_task_group' retrieved from /home/airflow/.local/lib/python3.8/site-packages/airflow/example_dags/example_task_group.py
[2026-05-29T19:32:24.603+0000] {logging_mixin.py:188} INFO - [2026-05-29T19:32:24.603+0000] {dag.py:3047} INFO - Sync 1 DAGs
[2026-05-29T19:32:24.621+0000] {logging_mixin.py:188} INFO - [2026-05-29T19:32:24.621+0000] {dag.py:3834} INFO - Setting next_dagrun for example_task_group to 2026-05-28 00:00:00+00:00, run_after=2026-05-29 00:00:00+00:00
[2026-05-29T19:32:24.639+0000] {processor.py:183} INFO - Processing /home/airflow/.local/lib/python3.8/site-packages/airflow/example_dags/example_task_group.py took 0.066 seconds
[2026-05-29T19:32:54.971+0000] {processor.py:161} INFO - Started process (PID=1918) to work on /home/airflow/.local/lib/python3.8/site-packages/airflow/example_dags/example_task_group.py
[2026-05-29T19:32:54.972+0000] {processor.py:830} INFO - Processing file /home/airflow/.local/lib/python3.8/site-packages/airflow/example_dags/example_task_group.py for tasks to queue
[2026-05-29T19:32:54.974+0000] {logging_mixin.py:188} INFO - [2026-05-29T19:32:54.974+0000] {dagbag.py:540} INFO - Filling up the DagBag from /home/airflow/.local/lib/python3.8/site-packages/airflow/example_dags/example_task_group.py
[2026-05-29T19:32:54.990+0000] {processor.py:840} INFO - DAG(s) 'example_task_group' retrieved from /home/airflow/.local/lib/python3.8/site-packages/airflow/example_dags/example_task_group.py
[2026-05-29T19:32:55.040+0000] {logging_mixin.py:188} INFO - [2026-05-29T19:32:55.040+0000] {dag.py:3047} INFO - Sync 1 DAGs
[2026-05-29T19:32:55.056+0000] {logging_mixin.py:188} INFO - [2026-05-29T19:32:55.056+0000] {dag.py:3834} INFO - Setting next_dagrun for example_task_group to 2026-05-28 00:00:00+00:00, run_after=2026-05-29 00:00:00+00:00
[2026-05-29T19:32:55.075+0000] {processor.py:183} INFO - Processing /home/airflow/.local/lib/python3.8/site-packages/airflow/example_dags/example_task_group.py took 0.107 seconds
[2026-05-29T19:33:25.448+0000] {processor.py:161} INFO - Started process (PID=1973) to work on /home/airflow/.local/lib/python3.8/site-packages/airflow/example_dags/example_task_group.py
[2026-05-29T19:33:25.450+0000] {processor.py:830} INFO - Processing file /home/airflow/.local/lib/python3.8/site-packages/airflow/example_dags/example_task_group.py for tasks to queue
[2026-05-29T19:33:25.452+0000] {logging_mixin.py:188} INFO - [2026-05-29T19:33:25.452+0000] {dagbag.py:540} INFO - Filling up the DagBag from /home/airflow/.local/lib/python3.8/site-packages/airflow/example_dags/example_task_group.py
[2026-05-29T19:33:25.458+0000] {processor.py:840} INFO - DAG(s) 'example_task_group' retrieved from /home/airflow/.local/lib/python3.8/site-packages/airflow/example_dags/example_task_group.py
[2026-05-29T19:33:25.478+0000] {logging_mixin.py:188} INFO - [2026-05-29T19:33:25.478+0000] {dag.py:3047} INFO - Sync 1 DAGs
[2026-05-29T19:33:25.495+0000] {logging_mixin.py:188} INFO - [2026-05-29T19:33:25.495+0000] {dag.py:3834} INFO - Setting next_dagrun for example_task_group to 2026-05-28 00:00:00+00:00, run_after=2026-05-29 00:00:00+00:00
[2026-05-29T19:33:25.515+0000] {processor.py:183} INFO - Processing /home/airflow/.local/lib/python3.8/site-packages/airflow/example_dags/example_task_group.py took 0.069 seconds
[2026-05-29T19:33:55.674+0000] {processor.py:161} INFO - Started process (PID=2028) to work on /home/airflow/.local/lib/python3.8/site-packages/airflow/example_dags/example_task_group.py
[2026-05-29T19:33:55.675+0000] {processor.py:830} INFO - Processing file /home/airflow/.local/lib/python3.8/site-packages/airflow/example_dags/example_task_group.py for tasks to queue
[2026-05-29T19:33:55.677+0000] {logging_mixin.py:188} INFO - [2026-05-29T19:33:55.677+0000] {dagbag.py:540} INFO - Filling up the DagBag from /home/airflow/.local/lib/python3.8/site-packages/airflow/example_dags/example_task_group.py
[2026-05-29T19:33:55.684+0000] {processor.py:840} INFO - DAG(s) 'example_task_group' retrieved from /home/airflow/.local/lib/python3.8/site-packages/airflow/example_dags/example_task_group.py
[2026-05-29T19:33:55.702+0000] {logging_mixin.py:188} INFO - [2026-05-29T19:33:55.702+0000] {dag.py:3047} INFO - Sync 1 DAGs
[2026-05-29T19:33:55.720+0000] {logging_mixin.py:188} INFO - [2026-05-29T19:33:55.719+0000] {dag.py:3834} INFO - Setting next_dagrun for example_task_group to 2026-05-28 00:00:00+00:00, run_after=2026-05-29 00:00:00+00:00
[2026-05-29T19:33:55.741+0000] {processor.py:183} INFO - Processing /home/airflow/.local/lib/python3.8/site-packages/airflow/example_dags/example_task_group.py took 0.070 seconds
