[2026-05-29T19:16:04.196+0000] {processor.py:161} INFO - Started process (PID=74) to work on /home/airflow/.local/lib/python3.8/site-packages/airflow/example_dags/example_short_circuit_decorator.py
[2026-05-29T19:16:04.199+0000] {processor.py:830} INFO - Processing file /home/airflow/.local/lib/python3.8/site-packages/airflow/example_dags/example_short_circuit_decorator.py for tasks to queue
[2026-05-29T19:16:04.205+0000] {logging_mixin.py:188} INFO - [2026-05-29T19:16:04.204+0000] {dagbag.py:540} INFO - Filling up the DagBag from /home/airflow/.local/lib/python3.8/site-packages/airflow/example_dags/example_short_circuit_decorator.py
[2026-05-29T19:16:04.226+0000] {processor.py:840} INFO - DAG(s) 'example_short_circuit_decorator' retrieved from /home/airflow/.local/lib/python3.8/site-packages/airflow/example_dags/example_short_circuit_decorator.py
[2026-05-29T19:16:04.311+0000] {logging_mixin.py:188} INFO - [2026-05-29T19:16:04.309+0000] {dag.py:3047} INFO - Sync 1 DAGs
[2026-05-29T19:16:04.385+0000] {logging_mixin.py:188} INFO - [2026-05-29T19:16:04.384+0000] {dag.py:3834} INFO - Setting next_dagrun for example_short_circuit_decorator to 2026-05-28 00:00:00+00:00, run_after=2026-05-29 00:00:00+00:00
[2026-05-29T19:16:04.440+0000] {processor.py:183} INFO - Processing /home/airflow/.local/lib/python3.8/site-packages/airflow/example_dags/example_short_circuit_decorator.py took 0.252 seconds
[2026-05-29T19:16:35.328+0000] {processor.py:161} INFO - Started process (PID=129) to work on /home/airflow/.local/lib/python3.8/site-packages/airflow/example_dags/example_short_circuit_decorator.py
[2026-05-29T19:16:35.330+0000] {processor.py:830} INFO - Processing file /home/airflow/.local/lib/python3.8/site-packages/airflow/example_dags/example_short_circuit_decorator.py for tasks to queue
[2026-05-29T19:16:35.331+0000] {logging_mixin.py:188} INFO - [2026-05-29T19:16:35.331+0000] {dagbag.py:540} INFO - Filling up the DagBag from /home/airflow/.local/lib/python3.8/site-packages/airflow/example_dags/example_short_circuit_decorator.py
[2026-05-29T19:16:35.340+0000] {processor.py:840} INFO - DAG(s) 'example_short_circuit_decorator' retrieved from /home/airflow/.local/lib/python3.8/site-packages/airflow/example_dags/example_short_circuit_decorator.py
[2026-05-29T19:16:35.365+0000] {logging_mixin.py:188} INFO - [2026-05-29T19:16:35.364+0000] {dag.py:3047} INFO - Sync 1 DAGs
[2026-05-29T19:16:35.385+0000] {logging_mixin.py:188} INFO - [2026-05-29T19:16:35.384+0000] {dag.py:3834} INFO - Setting next_dagrun for example_short_circuit_decorator to 2026-05-28 00:00:00+00:00, run_after=2026-05-29 00:00:00+00:00
[2026-05-29T19:16:35.414+0000] {processor.py:183} INFO - Processing /home/airflow/.local/lib/python3.8/site-packages/airflow/example_dags/example_short_circuit_decorator.py took 0.089 seconds
[2026-05-29T19:17:05.819+0000] {processor.py:161} INFO - Started process (PID=184) to work on /home/airflow/.local/lib/python3.8/site-packages/airflow/example_dags/example_short_circuit_decorator.py
[2026-05-29T19:17:05.822+0000] {processor.py:830} INFO - Processing file /home/airflow/.local/lib/python3.8/site-packages/airflow/example_dags/example_short_circuit_decorator.py for tasks to queue
[2026-05-29T19:17:05.824+0000] {logging_mixin.py:188} INFO - [2026-05-29T19:17:05.823+0000] {dagbag.py:540} INFO - Filling up the DagBag from /home/airflow/.local/lib/python3.8/site-packages/airflow/example_dags/example_short_circuit_decorator.py
[2026-05-29T19:17:05.835+0000] {processor.py:840} INFO - DAG(s) 'example_short_circuit_decorator' retrieved from /home/airflow/.local/lib/python3.8/site-packages/airflow/example_dags/example_short_circuit_decorator.py
[2026-05-29T19:17:05.858+0000] {logging_mixin.py:188} INFO - [2026-05-29T19:17:05.858+0000] {dag.py:3047} INFO - Sync 1 DAGs
[2026-05-29T19:17:05.878+0000] {logging_mixin.py:188} INFO - [2026-05-29T19:17:05.877+0000] {dag.py:3834} INFO - Setting next_dagrun for example_short_circuit_decorator to 2026-05-28 00:00:00+00:00, run_after=2026-05-29 00:00:00+00:00
[2026-05-29T19:17:05.902+0000] {processor.py:183} INFO - Processing /home/airflow/.local/lib/python3.8/site-packages/airflow/example_dags/example_short_circuit_decorator.py took 0.087 seconds
[2026-05-29T19:17:36.054+0000] {processor.py:161} INFO - Started process (PID=239) to work on /home/airflow/.local/lib/python3.8/site-packages/airflow/example_dags/example_short_circuit_decorator.py
[2026-05-29T19:17:36.057+0000] {processor.py:830} INFO - Processing file /home/airflow/.local/lib/python3.8/site-packages/airflow/example_dags/example_short_circuit_decorator.py for tasks to queue
[2026-05-29T19:17:36.059+0000] {logging_mixin.py:188} INFO - [2026-05-29T19:17:36.058+0000] {dagbag.py:540} INFO - Filling up the DagBag from /home/airflow/.local/lib/python3.8/site-packages/airflow/example_dags/example_short_circuit_decorator.py
[2026-05-29T19:17:36.068+0000] {processor.py:840} INFO - DAG(s) 'example_short_circuit_decorator' retrieved from /home/airflow/.local/lib/python3.8/site-packages/airflow/example_dags/example_short_circuit_decorator.py
[2026-05-29T19:17:36.099+0000] {logging_mixin.py:188} INFO - [2026-05-29T19:17:36.099+0000] {dag.py:3047} INFO - Sync 1 DAGs
[2026-05-29T19:17:36.140+0000] {logging_mixin.py:188} INFO - [2026-05-29T19:17:36.140+0000] {dag.py:3834} INFO - Setting next_dagrun for example_short_circuit_decorator to 2026-05-28 00:00:00+00:00, run_after=2026-05-29 00:00:00+00:00
[2026-05-29T19:17:36.181+0000] {processor.py:183} INFO - Processing /home/airflow/.local/lib/python3.8/site-packages/airflow/example_dags/example_short_circuit_decorator.py took 0.130 seconds
[2026-05-29T19:18:06.295+0000] {processor.py:161} INFO - Started process (PID=294) to work on /home/airflow/.local/lib/python3.8/site-packages/airflow/example_dags/example_short_circuit_decorator.py
[2026-05-29T19:18:06.296+0000] {processor.py:830} INFO - Processing file /home/airflow/.local/lib/python3.8/site-packages/airflow/example_dags/example_short_circuit_decorator.py for tasks to queue
[2026-05-29T19:18:06.297+0000] {logging_mixin.py:188} INFO - [2026-05-29T19:18:06.297+0000] {dagbag.py:540} INFO - Filling up the DagBag from /home/airflow/.local/lib/python3.8/site-packages/airflow/example_dags/example_short_circuit_decorator.py
[2026-05-29T19:18:06.305+0000] {processor.py:840} INFO - DAG(s) 'example_short_circuit_decorator' retrieved from /home/airflow/.local/lib/python3.8/site-packages/airflow/example_dags/example_short_circuit_decorator.py
[2026-05-29T19:18:06.325+0000] {logging_mixin.py:188} INFO - [2026-05-29T19:18:06.324+0000] {dag.py:3047} INFO - Sync 1 DAGs
[2026-05-29T19:18:06.342+0000] {logging_mixin.py:188} INFO - [2026-05-29T19:18:06.342+0000] {dag.py:3834} INFO - Setting next_dagrun for example_short_circuit_decorator to 2026-05-28 00:00:00+00:00, run_after=2026-05-29 00:00:00+00:00
[2026-05-29T19:18:06.363+0000] {processor.py:183} INFO - Processing /home/airflow/.local/lib/python3.8/site-packages/airflow/example_dags/example_short_circuit_decorator.py took 0.071 seconds
[2026-05-29T19:18:36.548+0000] {processor.py:161} INFO - Started process (PID=349) to work on /home/airflow/.local/lib/python3.8/site-packages/airflow/example_dags/example_short_circuit_decorator.py
[2026-05-29T19:18:36.549+0000] {processor.py:830} INFO - Processing file /home/airflow/.local/lib/python3.8/site-packages/airflow/example_dags/example_short_circuit_decorator.py for tasks to queue
[2026-05-29T19:18:36.551+0000] {logging_mixin.py:188} INFO - [2026-05-29T19:18:36.551+0000] {dagbag.py:540} INFO - Filling up the DagBag from /home/airflow/.local/lib/python3.8/site-packages/airflow/example_dags/example_short_circuit_decorator.py
[2026-05-29T19:18:36.559+0000] {processor.py:840} INFO - DAG(s) 'example_short_circuit_decorator' retrieved from /home/airflow/.local/lib/python3.8/site-packages/airflow/example_dags/example_short_circuit_decorator.py
[2026-05-29T19:18:36.582+0000] {logging_mixin.py:188} INFO - [2026-05-29T19:18:36.582+0000] {dag.py:3047} INFO - Sync 1 DAGs
[2026-05-29T19:18:36.601+0000] {logging_mixin.py:188} INFO - [2026-05-29T19:18:36.600+0000] {dag.py:3834} INFO - Setting next_dagrun for example_short_circuit_decorator to 2026-05-28 00:00:00+00:00, run_after=2026-05-29 00:00:00+00:00
[2026-05-29T19:18:36.624+0000] {processor.py:183} INFO - Processing /home/airflow/.local/lib/python3.8/site-packages/airflow/example_dags/example_short_circuit_decorator.py took 0.079 seconds
[2026-05-29T19:19:07.029+0000] {processor.py:161} INFO - Started process (PID=404) to work on /home/airflow/.local/lib/python3.8/site-packages/airflow/example_dags/example_short_circuit_decorator.py
[2026-05-29T19:19:07.030+0000] {processor.py:830} INFO - Processing file /home/airflow/.local/lib/python3.8/site-packages/airflow/example_dags/example_short_circuit_decorator.py for tasks to queue
[2026-05-29T19:19:07.032+0000] {logging_mixin.py:188} INFO - [2026-05-29T19:19:07.032+0000] {dagbag.py:540} INFO - Filling up the DagBag from /home/airflow/.local/lib/python3.8/site-packages/airflow/example_dags/example_short_circuit_decorator.py
[2026-05-29T19:19:07.042+0000] {processor.py:840} INFO - DAG(s) 'example_short_circuit_decorator' retrieved from /home/airflow/.local/lib/python3.8/site-packages/airflow/example_dags/example_short_circuit_decorator.py
[2026-05-29T19:19:07.067+0000] {logging_mixin.py:188} INFO - [2026-05-29T19:19:07.066+0000] {dag.py:3047} INFO - Sync 1 DAGs
[2026-05-29T19:19:07.090+0000] {logging_mixin.py:188} INFO - [2026-05-29T19:19:07.090+0000] {dag.py:3834} INFO - Setting next_dagrun for example_short_circuit_decorator to 2026-05-28 00:00:00+00:00, run_after=2026-05-29 00:00:00+00:00
[2026-05-29T19:19:07.116+0000] {processor.py:183} INFO - Processing /home/airflow/.local/lib/python3.8/site-packages/airflow/example_dags/example_short_circuit_decorator.py took 0.090 seconds
[2026-05-29T19:19:37.291+0000] {processor.py:161} INFO - Started process (PID=459) to work on /home/airflow/.local/lib/python3.8/site-packages/airflow/example_dags/example_short_circuit_decorator.py
[2026-05-29T19:19:37.293+0000] {processor.py:830} INFO - Processing file /home/airflow/.local/lib/python3.8/site-packages/airflow/example_dags/example_short_circuit_decorator.py for tasks to queue
[2026-05-29T19:19:37.298+0000] {logging_mixin.py:188} INFO - [2026-05-29T19:19:37.298+0000] {dagbag.py:540} INFO - Filling up the DagBag from /home/airflow/.local/lib/python3.8/site-packages/airflow/example_dags/example_short_circuit_decorator.py
[2026-05-29T19:19:37.308+0000] {processor.py:840} INFO - DAG(s) 'example_short_circuit_decorator' retrieved from /home/airflow/.local/lib/python3.8/site-packages/airflow/example_dags/example_short_circuit_decorator.py
[2026-05-29T19:19:37.341+0000] {logging_mixin.py:188} INFO - [2026-05-29T19:19:37.340+0000] {dag.py:3047} INFO - Sync 1 DAGs
[2026-05-29T19:19:37.364+0000] {logging_mixin.py:188} INFO - [2026-05-29T19:19:37.363+0000] {dag.py:3834} INFO - Setting next_dagrun for example_short_circuit_decorator to 2026-05-28 00:00:00+00:00, run_after=2026-05-29 00:00:00+00:00
[2026-05-29T19:19:37.389+0000] {processor.py:183} INFO - Processing /home/airflow/.local/lib/python3.8/site-packages/airflow/example_dags/example_short_circuit_decorator.py took 0.100 seconds
[2026-05-29T19:20:07.820+0000] {processor.py:161} INFO - Started process (PID=514) to work on /home/airflow/.local/lib/python3.8/site-packages/airflow/example_dags/example_short_circuit_decorator.py
[2026-05-29T19:20:07.821+0000] {processor.py:830} INFO - Processing file /home/airflow/.local/lib/python3.8/site-packages/airflow/example_dags/example_short_circuit_decorator.py for tasks to queue
[2026-05-29T19:20:07.823+0000] {logging_mixin.py:188} INFO - [2026-05-29T19:20:07.823+0000] {dagbag.py:540} INFO - Filling up the DagBag from /home/airflow/.local/lib/python3.8/site-packages/airflow/example_dags/example_short_circuit_decorator.py
[2026-05-29T19:20:07.831+0000] {processor.py:840} INFO - DAG(s) 'example_short_circuit_decorator' retrieved from /home/airflow/.local/lib/python3.8/site-packages/airflow/example_dags/example_short_circuit_decorator.py
[2026-05-29T19:20:07.852+0000] {logging_mixin.py:188} INFO - [2026-05-29T19:20:07.852+0000] {dag.py:3047} INFO - Sync 1 DAGs
[2026-05-29T19:20:07.873+0000] {logging_mixin.py:188} INFO - [2026-05-29T19:20:07.872+0000] {dag.py:3834} INFO - Setting next_dagrun for example_short_circuit_decorator to 2026-05-28 00:00:00+00:00, run_after=2026-05-29 00:00:00+00:00
[2026-05-29T19:20:07.898+0000] {processor.py:183} INFO - Processing /home/airflow/.local/lib/python3.8/site-packages/airflow/example_dags/example_short_circuit_decorator.py took 0.080 seconds
[2026-05-29T19:20:38.099+0000] {processor.py:161} INFO - Started process (PID=569) to work on /home/airflow/.local/lib/python3.8/site-packages/airflow/example_dags/example_short_circuit_decorator.py
[2026-05-29T19:20:38.100+0000] {processor.py:830} INFO - Processing file /home/airflow/.local/lib/python3.8/site-packages/airflow/example_dags/example_short_circuit_decorator.py for tasks to queue
[2026-05-29T19:20:38.102+0000] {logging_mixin.py:188} INFO - [2026-05-29T19:20:38.102+0000] {dagbag.py:540} INFO - Filling up the DagBag from /home/airflow/.local/lib/python3.8/site-packages/airflow/example_dags/example_short_circuit_decorator.py
[2026-05-29T19:20:38.111+0000] {processor.py:840} INFO - DAG(s) 'example_short_circuit_decorator' retrieved from /home/airflow/.local/lib/python3.8/site-packages/airflow/example_dags/example_short_circuit_decorator.py
[2026-05-29T19:20:38.132+0000] {logging_mixin.py:188} INFO - [2026-05-29T19:20:38.132+0000] {dag.py:3047} INFO - Sync 1 DAGs
[2026-05-29T19:20:38.151+0000] {logging_mixin.py:188} INFO - [2026-05-29T19:20:38.150+0000] {dag.py:3834} INFO - Setting next_dagrun for example_short_circuit_decorator to 2026-05-28 00:00:00+00:00, run_after=2026-05-29 00:00:00+00:00
[2026-05-29T19:20:38.173+0000] {processor.py:183} INFO - Processing /home/airflow/.local/lib/python3.8/site-packages/airflow/example_dags/example_short_circuit_decorator.py took 0.076 seconds
[2026-05-29T19:21:08.496+0000] {processor.py:161} INFO - Started process (PID=624) to work on /home/airflow/.local/lib/python3.8/site-packages/airflow/example_dags/example_short_circuit_decorator.py
[2026-05-29T19:21:08.497+0000] {processor.py:830} INFO - Processing file /home/airflow/.local/lib/python3.8/site-packages/airflow/example_dags/example_short_circuit_decorator.py for tasks to queue
[2026-05-29T19:21:08.499+0000] {logging_mixin.py:188} INFO - [2026-05-29T19:21:08.499+0000] {dagbag.py:540} INFO - Filling up the DagBag from /home/airflow/.local/lib/python3.8/site-packages/airflow/example_dags/example_short_circuit_decorator.py
[2026-05-29T19:21:08.506+0000] {processor.py:840} INFO - DAG(s) 'example_short_circuit_decorator' retrieved from /home/airflow/.local/lib/python3.8/site-packages/airflow/example_dags/example_short_circuit_decorator.py
[2026-05-29T19:21:08.527+0000] {logging_mixin.py:188} INFO - [2026-05-29T19:21:08.527+0000] {dag.py:3047} INFO - Sync 1 DAGs
[2026-05-29T19:21:08.547+0000] {logging_mixin.py:188} INFO - [2026-05-29T19:21:08.546+0000] {dag.py:3834} INFO - Setting next_dagrun for example_short_circuit_decorator to 2026-05-28 00:00:00+00:00, run_after=2026-05-29 00:00:00+00:00
[2026-05-29T19:21:08.567+0000] {processor.py:183} INFO - Processing /home/airflow/.local/lib/python3.8/site-packages/airflow/example_dags/example_short_circuit_decorator.py took 0.073 seconds
[2026-05-29T19:21:38.731+0000] {processor.py:161} INFO - Started process (PID=679) to work on /home/airflow/.local/lib/python3.8/site-packages/airflow/example_dags/example_short_circuit_decorator.py
[2026-05-29T19:21:38.736+0000] {processor.py:830} INFO - Processing file /home/airflow/.local/lib/python3.8/site-packages/airflow/example_dags/example_short_circuit_decorator.py for tasks to queue
[2026-05-29T19:21:38.741+0000] {logging_mixin.py:188} INFO - [2026-05-29T19:21:38.740+0000] {dagbag.py:540} INFO - Filling up the DagBag from /home/airflow/.local/lib/python3.8/site-packages/airflow/example_dags/example_short_circuit_decorator.py
[2026-05-29T19:21:38.748+0000] {processor.py:840} INFO - DAG(s) 'example_short_circuit_decorator' retrieved from /home/airflow/.local/lib/python3.8/site-packages/airflow/example_dags/example_short_circuit_decorator.py
[2026-05-29T19:21:38.769+0000] {logging_mixin.py:188} INFO - [2026-05-29T19:21:38.768+0000] {dag.py:3047} INFO - Sync 1 DAGs
[2026-05-29T19:21:38.789+0000] {logging_mixin.py:188} INFO - [2026-05-29T19:21:38.789+0000] {dag.py:3834} INFO - Setting next_dagrun for example_short_circuit_decorator to 2026-05-28 00:00:00+00:00, run_after=2026-05-29 00:00:00+00:00
[2026-05-29T19:21:38.814+0000] {processor.py:183} INFO - Processing /home/airflow/.local/lib/python3.8/site-packages/airflow/example_dags/example_short_circuit_decorator.py took 0.086 seconds
[2026-05-29T19:22:09.065+0000] {processor.py:161} INFO - Started process (PID=734) to work on /home/airflow/.local/lib/python3.8/site-packages/airflow/example_dags/example_short_circuit_decorator.py
[2026-05-29T19:22:09.066+0000] {processor.py:830} INFO - Processing file /home/airflow/.local/lib/python3.8/site-packages/airflow/example_dags/example_short_circuit_decorator.py for tasks to queue
[2026-05-29T19:22:09.068+0000] {logging_mixin.py:188} INFO - [2026-05-29T19:22:09.068+0000] {dagbag.py:540} INFO - Filling up the DagBag from /home/airflow/.local/lib/python3.8/site-packages/airflow/example_dags/example_short_circuit_decorator.py
[2026-05-29T19:22:09.076+0000] {processor.py:840} INFO - DAG(s) 'example_short_circuit_decorator' retrieved from /home/airflow/.local/lib/python3.8/site-packages/airflow/example_dags/example_short_circuit_decorator.py
[2026-05-29T19:22:09.096+0000] {logging_mixin.py:188} INFO - [2026-05-29T19:22:09.095+0000] {dag.py:3047} INFO - Sync 1 DAGs
[2026-05-29T19:22:09.112+0000] {logging_mixin.py:188} INFO - [2026-05-29T19:22:09.112+0000] {dag.py:3834} INFO - Setting next_dagrun for example_short_circuit_decorator to 2026-05-28 00:00:00+00:00, run_after=2026-05-29 00:00:00+00:00
[2026-05-29T19:22:09.134+0000] {processor.py:183} INFO - Processing /home/airflow/.local/lib/python3.8/site-packages/airflow/example_dags/example_short_circuit_decorator.py took 0.071 seconds
[2026-05-29T19:22:39.342+0000] {processor.py:161} INFO - Started process (PID=789) to work on /home/airflow/.local/lib/python3.8/site-packages/airflow/example_dags/example_short_circuit_decorator.py
[2026-05-29T19:22:39.343+0000] {processor.py:830} INFO - Processing file /home/airflow/.local/lib/python3.8/site-packages/airflow/example_dags/example_short_circuit_decorator.py for tasks to queue
[2026-05-29T19:22:39.345+0000] {logging_mixin.py:188} INFO - [2026-05-29T19:22:39.345+0000] {dagbag.py:540} INFO - Filling up the DagBag from /home/airflow/.local/lib/python3.8/site-packages/airflow/example_dags/example_short_circuit_decorator.py
[2026-05-29T19:22:39.352+0000] {processor.py:840} INFO - DAG(s) 'example_short_circuit_decorator' retrieved from /home/airflow/.local/lib/python3.8/site-packages/airflow/example_dags/example_short_circuit_decorator.py
[2026-05-29T19:22:39.373+0000] {logging_mixin.py:188} INFO - [2026-05-29T19:22:39.373+0000] {dag.py:3047} INFO - Sync 1 DAGs
[2026-05-29T19:22:39.391+0000] {logging_mixin.py:188} INFO - [2026-05-29T19:22:39.391+0000] {dag.py:3834} INFO - Setting next_dagrun for example_short_circuit_decorator to 2026-05-28 00:00:00+00:00, run_after=2026-05-29 00:00:00+00:00
[2026-05-29T19:22:39.414+0000] {processor.py:183} INFO - Processing /home/airflow/.local/lib/python3.8/site-packages/airflow/example_dags/example_short_circuit_decorator.py took 0.074 seconds
[2026-05-29T19:23:09.520+0000] {processor.py:161} INFO - Started process (PID=844) to work on /home/airflow/.local/lib/python3.8/site-packages/airflow/example_dags/example_short_circuit_decorator.py
[2026-05-29T19:23:09.522+0000] {processor.py:830} INFO - Processing file /home/airflow/.local/lib/python3.8/site-packages/airflow/example_dags/example_short_circuit_decorator.py for tasks to queue
[2026-05-29T19:23:09.524+0000] {logging_mixin.py:188} INFO - [2026-05-29T19:23:09.524+0000] {dagbag.py:540} INFO - Filling up the DagBag from /home/airflow/.local/lib/python3.8/site-packages/airflow/example_dags/example_short_circuit_decorator.py
[2026-05-29T19:23:09.533+0000] {processor.py:840} INFO - DAG(s) 'example_short_circuit_decorator' retrieved from /home/airflow/.local/lib/python3.8/site-packages/airflow/example_dags/example_short_circuit_decorator.py
[2026-05-29T19:23:09.556+0000] {logging_mixin.py:188} INFO - [2026-05-29T19:23:09.555+0000] {dag.py:3047} INFO - Sync 1 DAGs
[2026-05-29T19:23:09.573+0000] {logging_mixin.py:188} INFO - [2026-05-29T19:23:09.573+0000] {dag.py:3834} INFO - Setting next_dagrun for example_short_circuit_decorator to 2026-05-28 00:00:00+00:00, run_after=2026-05-29 00:00:00+00:00
[2026-05-29T19:23:09.598+0000] {processor.py:183} INFO - Processing /home/airflow/.local/lib/python3.8/site-packages/airflow/example_dags/example_short_circuit_decorator.py took 0.081 seconds
[2026-05-29T19:23:39.679+0000] {processor.py:161} INFO - Started process (PID=899) to work on /home/airflow/.local/lib/python3.8/site-packages/airflow/example_dags/example_short_circuit_decorator.py
[2026-05-29T19:23:39.680+0000] {processor.py:830} INFO - Processing file /home/airflow/.local/lib/python3.8/site-packages/airflow/example_dags/example_short_circuit_decorator.py for tasks to queue
[2026-05-29T19:23:39.682+0000] {logging_mixin.py:188} INFO - [2026-05-29T19:23:39.682+0000] {dagbag.py:540} INFO - Filling up the DagBag from /home/airflow/.local/lib/python3.8/site-packages/airflow/example_dags/example_short_circuit_decorator.py
[2026-05-29T19:23:39.689+0000] {processor.py:840} INFO - DAG(s) 'example_short_circuit_decorator' retrieved from /home/airflow/.local/lib/python3.8/site-packages/airflow/example_dags/example_short_circuit_decorator.py
[2026-05-29T19:23:39.711+0000] {logging_mixin.py:188} INFO - [2026-05-29T19:23:39.711+0000] {dag.py:3047} INFO - Sync 1 DAGs
[2026-05-29T19:23:39.731+0000] {logging_mixin.py:188} INFO - [2026-05-29T19:23:39.730+0000] {dag.py:3834} INFO - Setting next_dagrun for example_short_circuit_decorator to 2026-05-28 00:00:00+00:00, run_after=2026-05-29 00:00:00+00:00
[2026-05-29T19:23:39.753+0000] {processor.py:183} INFO - Processing /home/airflow/.local/lib/python3.8/site-packages/airflow/example_dags/example_short_circuit_decorator.py took 0.077 seconds
[2026-05-29T19:24:09.852+0000] {processor.py:161} INFO - Started process (PID=954) to work on /home/airflow/.local/lib/python3.8/site-packages/airflow/example_dags/example_short_circuit_decorator.py
[2026-05-29T19:24:09.853+0000] {processor.py:830} INFO - Processing file /home/airflow/.local/lib/python3.8/site-packages/airflow/example_dags/example_short_circuit_decorator.py for tasks to queue
[2026-05-29T19:24:09.855+0000] {logging_mixin.py:188} INFO - [2026-05-29T19:24:09.854+0000] {dagbag.py:540} INFO - Filling up the DagBag from /home/airflow/.local/lib/python3.8/site-packages/airflow/example_dags/example_short_circuit_decorator.py
[2026-05-29T19:24:09.861+0000] {processor.py:840} INFO - DAG(s) 'example_short_circuit_decorator' retrieved from /home/airflow/.local/lib/python3.8/site-packages/airflow/example_dags/example_short_circuit_decorator.py
[2026-05-29T19:24:09.884+0000] {logging_mixin.py:188} INFO - [2026-05-29T19:24:09.884+0000] {dag.py:3047} INFO - Sync 1 DAGs
[2026-05-29T19:24:09.906+0000] {logging_mixin.py:188} INFO - [2026-05-29T19:24:09.906+0000] {dag.py:3834} INFO - Setting next_dagrun for example_short_circuit_decorator to 2026-05-28 00:00:00+00:00, run_after=2026-05-29 00:00:00+00:00
[2026-05-29T19:24:09.929+0000] {processor.py:183} INFO - Processing /home/airflow/.local/lib/python3.8/site-packages/airflow/example_dags/example_short_circuit_decorator.py took 0.080 seconds
[2026-05-29T19:24:40.184+0000] {processor.py:161} INFO - Started process (PID=1009) to work on /home/airflow/.local/lib/python3.8/site-packages/airflow/example_dags/example_short_circuit_decorator.py
[2026-05-29T19:24:40.185+0000] {processor.py:830} INFO - Processing file /home/airflow/.local/lib/python3.8/site-packages/airflow/example_dags/example_short_circuit_decorator.py for tasks to queue
[2026-05-29T19:24:40.189+0000] {logging_mixin.py:188} INFO - [2026-05-29T19:24:40.188+0000] {dagbag.py:540} INFO - Filling up the DagBag from /home/airflow/.local/lib/python3.8/site-packages/airflow/example_dags/example_short_circuit_decorator.py
[2026-05-29T19:24:40.203+0000] {processor.py:840} INFO - DAG(s) 'example_short_circuit_decorator' retrieved from /home/airflow/.local/lib/python3.8/site-packages/airflow/example_dags/example_short_circuit_decorator.py
[2026-05-29T19:24:40.237+0000] {logging_mixin.py:188} INFO - [2026-05-29T19:24:40.236+0000] {dag.py:3047} INFO - Sync 1 DAGs
[2026-05-29T19:24:40.263+0000] {logging_mixin.py:188} INFO - [2026-05-29T19:24:40.263+0000] {dag.py:3834} INFO - Setting next_dagrun for example_short_circuit_decorator to 2026-05-28 00:00:00+00:00, run_after=2026-05-29 00:00:00+00:00
[2026-05-29T19:24:40.292+0000] {processor.py:183} INFO - Processing /home/airflow/.local/lib/python3.8/site-packages/airflow/example_dags/example_short_circuit_decorator.py took 0.112 seconds
[2026-05-29T19:25:10.526+0000] {processor.py:161} INFO - Started process (PID=1064) to work on /home/airflow/.local/lib/python3.8/site-packages/airflow/example_dags/example_short_circuit_decorator.py
[2026-05-29T19:25:10.527+0000] {processor.py:830} INFO - Processing file /home/airflow/.local/lib/python3.8/site-packages/airflow/example_dags/example_short_circuit_decorator.py for tasks to queue
[2026-05-29T19:25:10.529+0000] {logging_mixin.py:188} INFO - [2026-05-29T19:25:10.529+0000] {dagbag.py:540} INFO - Filling up the DagBag from /home/airflow/.local/lib/python3.8/site-packages/airflow/example_dags/example_short_circuit_decorator.py
[2026-05-29T19:25:10.536+0000] {processor.py:840} INFO - DAG(s) 'example_short_circuit_decorator' retrieved from /home/airflow/.local/lib/python3.8/site-packages/airflow/example_dags/example_short_circuit_decorator.py
[2026-05-29T19:25:10.556+0000] {logging_mixin.py:188} INFO - [2026-05-29T19:25:10.556+0000] {dag.py:3047} INFO - Sync 1 DAGs
[2026-05-29T19:25:10.574+0000] {logging_mixin.py:188} INFO - [2026-05-29T19:25:10.574+0000] {dag.py:3834} INFO - Setting next_dagrun for example_short_circuit_decorator to 2026-05-28 00:00:00+00:00, run_after=2026-05-29 00:00:00+00:00
[2026-05-29T19:25:10.596+0000] {processor.py:183} INFO - Processing /home/airflow/.local/lib/python3.8/site-packages/airflow/example_dags/example_short_circuit_decorator.py took 0.073 seconds
[2026-05-29T19:25:41.414+0000] {processor.py:161} INFO - Started process (PID=1119) to work on /home/airflow/.local/lib/python3.8/site-packages/airflow/example_dags/example_short_circuit_decorator.py
[2026-05-29T19:25:41.417+0000] {processor.py:830} INFO - Processing file /home/airflow/.local/lib/python3.8/site-packages/airflow/example_dags/example_short_circuit_decorator.py for tasks to queue
[2026-05-29T19:25:41.423+0000] {logging_mixin.py:188} INFO - [2026-05-29T19:25:41.421+0000] {dagbag.py:540} INFO - Filling up the DagBag from /home/airflow/.local/lib/python3.8/site-packages/airflow/example_dags/example_short_circuit_decorator.py
[2026-05-29T19:25:41.444+0000] {processor.py:840} INFO - DAG(s) 'example_short_circuit_decorator' retrieved from /home/airflow/.local/lib/python3.8/site-packages/airflow/example_dags/example_short_circuit_decorator.py
[2026-05-29T19:25:41.493+0000] {logging_mixin.py:188} INFO - [2026-05-29T19:25:41.493+0000] {dag.py:3047} INFO - Sync 1 DAGs
[2026-05-29T19:25:41.530+0000] {logging_mixin.py:188} INFO - [2026-05-29T19:25:41.529+0000] {dag.py:3834} INFO - Setting next_dagrun for example_short_circuit_decorator to 2026-05-28 00:00:00+00:00, run_after=2026-05-29 00:00:00+00:00
[2026-05-29T19:25:41.571+0000] {processor.py:183} INFO - Processing /home/airflow/.local/lib/python3.8/site-packages/airflow/example_dags/example_short_circuit_decorator.py took 0.173 seconds
[2026-05-29T19:26:12.472+0000] {processor.py:161} INFO - Started process (PID=1174) to work on /home/airflow/.local/lib/python3.8/site-packages/airflow/example_dags/example_short_circuit_decorator.py
[2026-05-29T19:26:12.473+0000] {processor.py:830} INFO - Processing file /home/airflow/.local/lib/python3.8/site-packages/airflow/example_dags/example_short_circuit_decorator.py for tasks to queue
[2026-05-29T19:26:12.475+0000] {logging_mixin.py:188} INFO - [2026-05-29T19:26:12.475+0000] {dagbag.py:540} INFO - Filling up the DagBag from /home/airflow/.local/lib/python3.8/site-packages/airflow/example_dags/example_short_circuit_decorator.py
[2026-05-29T19:26:12.484+0000] {processor.py:840} INFO - DAG(s) 'example_short_circuit_decorator' retrieved from /home/airflow/.local/lib/python3.8/site-packages/airflow/example_dags/example_short_circuit_decorator.py
[2026-05-29T19:26:12.507+0000] {logging_mixin.py:188} INFO - [2026-05-29T19:26:12.507+0000] {dag.py:3047} INFO - Sync 1 DAGs
[2026-05-29T19:26:12.528+0000] {logging_mixin.py:188} INFO - [2026-05-29T19:26:12.528+0000] {dag.py:3834} INFO - Setting next_dagrun for example_short_circuit_decorator to 2026-05-28 00:00:00+00:00, run_after=2026-05-29 00:00:00+00:00
[2026-05-29T19:26:12.553+0000] {processor.py:183} INFO - Processing /home/airflow/.local/lib/python3.8/site-packages/airflow/example_dags/example_short_circuit_decorator.py took 0.084 seconds
[2026-05-29T19:26:42.918+0000] {processor.py:161} INFO - Started process (PID=1229) to work on /home/airflow/.local/lib/python3.8/site-packages/airflow/example_dags/example_short_circuit_decorator.py
[2026-05-29T19:26:42.919+0000] {processor.py:830} INFO - Processing file /home/airflow/.local/lib/python3.8/site-packages/airflow/example_dags/example_short_circuit_decorator.py for tasks to queue
[2026-05-29T19:26:42.921+0000] {logging_mixin.py:188} INFO - [2026-05-29T19:26:42.921+0000] {dagbag.py:540} INFO - Filling up the DagBag from /home/airflow/.local/lib/python3.8/site-packages/airflow/example_dags/example_short_circuit_decorator.py
[2026-05-29T19:26:42.929+0000] {processor.py:840} INFO - DAG(s) 'example_short_circuit_decorator' retrieved from /home/airflow/.local/lib/python3.8/site-packages/airflow/example_dags/example_short_circuit_decorator.py
[2026-05-29T19:26:42.950+0000] {logging_mixin.py:188} INFO - [2026-05-29T19:26:42.950+0000] {dag.py:3047} INFO - Sync 1 DAGs
[2026-05-29T19:26:42.969+0000] {logging_mixin.py:188} INFO - [2026-05-29T19:26:42.969+0000] {dag.py:3834} INFO - Setting next_dagrun for example_short_circuit_decorator to 2026-05-28 00:00:00+00:00, run_after=2026-05-29 00:00:00+00:00
[2026-05-29T19:26:42.992+0000] {processor.py:183} INFO - Processing /home/airflow/.local/lib/python3.8/site-packages/airflow/example_dags/example_short_circuit_decorator.py took 0.076 seconds
[2026-05-29T19:27:14.020+0000] {processor.py:161} INFO - Started process (PID=1284) to work on /home/airflow/.local/lib/python3.8/site-packages/airflow/example_dags/example_short_circuit_decorator.py
[2026-05-29T19:27:14.021+0000] {processor.py:830} INFO - Processing file /home/airflow/.local/lib/python3.8/site-packages/airflow/example_dags/example_short_circuit_decorator.py for tasks to queue
[2026-05-29T19:27:14.024+0000] {logging_mixin.py:188} INFO - [2026-05-29T19:27:14.024+0000] {dagbag.py:540} INFO - Filling up the DagBag from /home/airflow/.local/lib/python3.8/site-packages/airflow/example_dags/example_short_circuit_decorator.py
[2026-05-29T19:27:14.031+0000] {processor.py:840} INFO - DAG(s) 'example_short_circuit_decorator' retrieved from /home/airflow/.local/lib/python3.8/site-packages/airflow/example_dags/example_short_circuit_decorator.py
[2026-05-29T19:27:14.057+0000] {logging_mixin.py:188} INFO - [2026-05-29T19:27:14.057+0000] {dag.py:3047} INFO - Sync 1 DAGs
[2026-05-29T19:27:14.084+0000] {logging_mixin.py:188} INFO - [2026-05-29T19:27:14.084+0000] {dag.py:3834} INFO - Setting next_dagrun for example_short_circuit_decorator to 2026-05-28 00:00:00+00:00, run_after=2026-05-29 00:00:00+00:00
[2026-05-29T19:27:14.115+0000] {processor.py:183} INFO - Processing /home/airflow/.local/lib/python3.8/site-packages/airflow/example_dags/example_short_circuit_decorator.py took 0.100 seconds
[2026-05-29T19:27:44.996+0000] {processor.py:161} INFO - Started process (PID=1339) to work on /home/airflow/.local/lib/python3.8/site-packages/airflow/example_dags/example_short_circuit_decorator.py
[2026-05-29T19:27:44.999+0000] {processor.py:830} INFO - Processing file /home/airflow/.local/lib/python3.8/site-packages/airflow/example_dags/example_short_circuit_decorator.py for tasks to queue
[2026-05-29T19:27:45.002+0000] {logging_mixin.py:188} INFO - [2026-05-29T19:27:45.002+0000] {dagbag.py:540} INFO - Filling up the DagBag from /home/airflow/.local/lib/python3.8/site-packages/airflow/example_dags/example_short_circuit_decorator.py
[2026-05-29T19:27:45.013+0000] {processor.py:840} INFO - DAG(s) 'example_short_circuit_decorator' retrieved from /home/airflow/.local/lib/python3.8/site-packages/airflow/example_dags/example_short_circuit_decorator.py
[2026-05-29T19:27:45.051+0000] {logging_mixin.py:188} INFO - [2026-05-29T19:27:45.051+0000] {dag.py:3047} INFO - Sync 1 DAGs
[2026-05-29T19:27:45.077+0000] {logging_mixin.py:188} INFO - [2026-05-29T19:27:45.076+0000] {dag.py:3834} INFO - Setting next_dagrun for example_short_circuit_decorator to 2026-05-28 00:00:00+00:00, run_after=2026-05-29 00:00:00+00:00
[2026-05-29T19:27:45.113+0000] {processor.py:183} INFO - Processing /home/airflow/.local/lib/python3.8/site-packages/airflow/example_dags/example_short_circuit_decorator.py took 0.122 seconds
[2026-05-29T19:28:15.852+0000] {processor.py:161} INFO - Started process (PID=1394) to work on /home/airflow/.local/lib/python3.8/site-packages/airflow/example_dags/example_short_circuit_decorator.py
[2026-05-29T19:28:15.854+0000] {processor.py:830} INFO - Processing file /home/airflow/.local/lib/python3.8/site-packages/airflow/example_dags/example_short_circuit_decorator.py for tasks to queue
[2026-05-29T19:28:15.856+0000] {logging_mixin.py:188} INFO - [2026-05-29T19:28:15.856+0000] {dagbag.py:540} INFO - Filling up the DagBag from /home/airflow/.local/lib/python3.8/site-packages/airflow/example_dags/example_short_circuit_decorator.py
[2026-05-29T19:28:15.865+0000] {processor.py:840} INFO - DAG(s) 'example_short_circuit_decorator' retrieved from /home/airflow/.local/lib/python3.8/site-packages/airflow/example_dags/example_short_circuit_decorator.py
[2026-05-29T19:28:15.886+0000] {logging_mixin.py:188} INFO - [2026-05-29T19:28:15.886+0000] {dag.py:3047} INFO - Sync 1 DAGs
[2026-05-29T19:28:15.908+0000] {logging_mixin.py:188} INFO - [2026-05-29T19:28:15.908+0000] {dag.py:3834} INFO - Setting next_dagrun for example_short_circuit_decorator to 2026-05-28 00:00:00+00:00, run_after=2026-05-29 00:00:00+00:00
[2026-05-29T19:28:15.930+0000] {processor.py:183} INFO - Processing /home/airflow/.local/lib/python3.8/site-packages/airflow/example_dags/example_short_circuit_decorator.py took 0.081 seconds
[2026-05-29T19:28:46.268+0000] {processor.py:161} INFO - Started process (PID=1448) to work on /home/airflow/.local/lib/python3.8/site-packages/airflow/example_dags/example_short_circuit_decorator.py
[2026-05-29T19:28:46.270+0000] {processor.py:830} INFO - Processing file /home/airflow/.local/lib/python3.8/site-packages/airflow/example_dags/example_short_circuit_decorator.py for tasks to queue
[2026-05-29T19:28:46.272+0000] {logging_mixin.py:188} INFO - [2026-05-29T19:28:46.272+0000] {dagbag.py:540} INFO - Filling up the DagBag from /home/airflow/.local/lib/python3.8/site-packages/airflow/example_dags/example_short_circuit_decorator.py
[2026-05-29T19:28:46.282+0000] {processor.py:840} INFO - DAG(s) 'example_short_circuit_decorator' retrieved from /home/airflow/.local/lib/python3.8/site-packages/airflow/example_dags/example_short_circuit_decorator.py
[2026-05-29T19:28:46.318+0000] {logging_mixin.py:188} INFO - [2026-05-29T19:28:46.318+0000] {dag.py:3047} INFO - Sync 1 DAGs
[2026-05-29T19:28:46.345+0000] {logging_mixin.py:188} INFO - [2026-05-29T19:28:46.345+0000] {dag.py:3834} INFO - Setting next_dagrun for example_short_circuit_decorator to 2026-05-28 00:00:00+00:00, run_after=2026-05-29 00:00:00+00:00
[2026-05-29T19:28:46.368+0000] {processor.py:183} INFO - Processing /home/airflow/.local/lib/python3.8/site-packages/airflow/example_dags/example_short_circuit_decorator.py took 0.105 seconds
[2026-05-29T19:29:16.800+0000] {processor.py:161} INFO - Started process (PID=1503) to work on /home/airflow/.local/lib/python3.8/site-packages/airflow/example_dags/example_short_circuit_decorator.py
[2026-05-29T19:29:16.802+0000] {processor.py:830} INFO - Processing file /home/airflow/.local/lib/python3.8/site-packages/airflow/example_dags/example_short_circuit_decorator.py for tasks to queue
[2026-05-29T19:29:16.805+0000] {logging_mixin.py:188} INFO - [2026-05-29T19:29:16.804+0000] {dagbag.py:540} INFO - Filling up the DagBag from /home/airflow/.local/lib/python3.8/site-packages/airflow/example_dags/example_short_circuit_decorator.py
[2026-05-29T19:29:16.814+0000] {processor.py:840} INFO - DAG(s) 'example_short_circuit_decorator' retrieved from /home/airflow/.local/lib/python3.8/site-packages/airflow/example_dags/example_short_circuit_decorator.py
[2026-05-29T19:29:16.834+0000] {logging_mixin.py:188} INFO - [2026-05-29T19:29:16.834+0000] {dag.py:3047} INFO - Sync 1 DAGs
[2026-05-29T19:29:16.852+0000] {logging_mixin.py:188} INFO - [2026-05-29T19:29:16.852+0000] {dag.py:3834} INFO - Setting next_dagrun for example_short_circuit_decorator to 2026-05-28 00:00:00+00:00, run_after=2026-05-29 00:00:00+00:00
[2026-05-29T19:29:16.875+0000] {processor.py:183} INFO - Processing /home/airflow/.local/lib/python3.8/site-packages/airflow/example_dags/example_short_circuit_decorator.py took 0.079 seconds
[2026-05-29T19:29:47.205+0000] {processor.py:161} INFO - Started process (PID=1558) to work on /home/airflow/.local/lib/python3.8/site-packages/airflow/example_dags/example_short_circuit_decorator.py
[2026-05-29T19:29:47.208+0000] {processor.py:830} INFO - Processing file /home/airflow/.local/lib/python3.8/site-packages/airflow/example_dags/example_short_circuit_decorator.py for tasks to queue
[2026-05-29T19:29:47.213+0000] {logging_mixin.py:188} INFO - [2026-05-29T19:29:47.213+0000] {dagbag.py:540} INFO - Filling up the DagBag from /home/airflow/.local/lib/python3.8/site-packages/airflow/example_dags/example_short_circuit_decorator.py
[2026-05-29T19:29:47.226+0000] {processor.py:840} INFO - DAG(s) 'example_short_circuit_decorator' retrieved from /home/airflow/.local/lib/python3.8/site-packages/airflow/example_dags/example_short_circuit_decorator.py
[2026-05-29T19:29:47.249+0000] {logging_mixin.py:188} INFO - [2026-05-29T19:29:47.249+0000] {dag.py:3047} INFO - Sync 1 DAGs
[2026-05-29T19:29:47.272+0000] {logging_mixin.py:188} INFO - [2026-05-29T19:29:47.272+0000] {dag.py:3834} INFO - Setting next_dagrun for example_short_circuit_decorator to 2026-05-28 00:00:00+00:00, run_after=2026-05-29 00:00:00+00:00
[2026-05-29T19:29:47.299+0000] {processor.py:183} INFO - Processing /home/airflow/.local/lib/python3.8/site-packages/airflow/example_dags/example_short_circuit_decorator.py took 0.098 seconds
[2026-05-29T19:30:17.579+0000] {processor.py:161} INFO - Started process (PID=1613) to work on /home/airflow/.local/lib/python3.8/site-packages/airflow/example_dags/example_short_circuit_decorator.py
[2026-05-29T19:30:17.580+0000] {processor.py:830} INFO - Processing file /home/airflow/.local/lib/python3.8/site-packages/airflow/example_dags/example_short_circuit_decorator.py for tasks to queue
[2026-05-29T19:30:17.582+0000] {logging_mixin.py:188} INFO - [2026-05-29T19:30:17.582+0000] {dagbag.py:540} INFO - Filling up the DagBag from /home/airflow/.local/lib/python3.8/site-packages/airflow/example_dags/example_short_circuit_decorator.py
[2026-05-29T19:30:17.589+0000] {processor.py:840} INFO - DAG(s) 'example_short_circuit_decorator' retrieved from /home/airflow/.local/lib/python3.8/site-packages/airflow/example_dags/example_short_circuit_decorator.py
[2026-05-29T19:30:17.609+0000] {logging_mixin.py:188} INFO - [2026-05-29T19:30:17.609+0000] {dag.py:3047} INFO - Sync 1 DAGs
[2026-05-29T19:30:17.629+0000] {logging_mixin.py:188} INFO - [2026-05-29T19:30:17.629+0000] {dag.py:3834} INFO - Setting next_dagrun for example_short_circuit_decorator to 2026-05-28 00:00:00+00:00, run_after=2026-05-29 00:00:00+00:00
[2026-05-29T19:30:17.653+0000] {processor.py:183} INFO - Processing /home/airflow/.local/lib/python3.8/site-packages/airflow/example_dags/example_short_circuit_decorator.py took 0.078 seconds
[2026-05-29T19:30:47.697+0000] {processor.py:161} INFO - Started process (PID=1667) to work on /home/airflow/.local/lib/python3.8/site-packages/airflow/example_dags/example_short_circuit_decorator.py
[2026-05-29T19:30:47.699+0000] {processor.py:830} INFO - Processing file /home/airflow/.local/lib/python3.8/site-packages/airflow/example_dags/example_short_circuit_decorator.py for tasks to queue
[2026-05-29T19:30:47.700+0000] {logging_mixin.py:188} INFO - [2026-05-29T19:30:47.700+0000] {dagbag.py:540} INFO - Filling up the DagBag from /home/airflow/.local/lib/python3.8/site-packages/airflow/example_dags/example_short_circuit_decorator.py
[2026-05-29T19:30:47.707+0000] {processor.py:840} INFO - DAG(s) 'example_short_circuit_decorator' retrieved from /home/airflow/.local/lib/python3.8/site-packages/airflow/example_dags/example_short_circuit_decorator.py
[2026-05-29T19:30:47.727+0000] {logging_mixin.py:188} INFO - [2026-05-29T19:30:47.727+0000] {dag.py:3047} INFO - Sync 1 DAGs
[2026-05-29T19:30:47.747+0000] {logging_mixin.py:188} INFO - [2026-05-29T19:30:47.747+0000] {dag.py:3834} INFO - Setting next_dagrun for example_short_circuit_decorator to 2026-05-28 00:00:00+00:00, run_after=2026-05-29 00:00:00+00:00
[2026-05-29T19:30:47.769+0000] {processor.py:183} INFO - Processing /home/airflow/.local/lib/python3.8/site-packages/airflow/example_dags/example_short_circuit_decorator.py took 0.074 seconds
[2026-05-29T19:31:17.955+0000] {processor.py:161} INFO - Started process (PID=1723) to work on /home/airflow/.local/lib/python3.8/site-packages/airflow/example_dags/example_short_circuit_decorator.py
[2026-05-29T19:31:17.956+0000] {processor.py:830} INFO - Processing file /home/airflow/.local/lib/python3.8/site-packages/airflow/example_dags/example_short_circuit_decorator.py for tasks to queue
[2026-05-29T19:31:17.958+0000] {logging_mixin.py:188} INFO - [2026-05-29T19:31:17.958+0000] {dagbag.py:540} INFO - Filling up the DagBag from /home/airflow/.local/lib/python3.8/site-packages/airflow/example_dags/example_short_circuit_decorator.py
[2026-05-29T19:31:17.965+0000] {processor.py:840} INFO - DAG(s) 'example_short_circuit_decorator' retrieved from /home/airflow/.local/lib/python3.8/site-packages/airflow/example_dags/example_short_circuit_decorator.py
[2026-05-29T19:31:17.984+0000] {logging_mixin.py:188} INFO - [2026-05-29T19:31:17.984+0000] {dag.py:3047} INFO - Sync 1 DAGs
[2026-05-29T19:31:18.002+0000] {logging_mixin.py:188} INFO - [2026-05-29T19:31:18.002+0000] {dag.py:3834} INFO - Setting next_dagrun for example_short_circuit_decorator to 2026-05-28 00:00:00+00:00, run_after=2026-05-29 00:00:00+00:00
[2026-05-29T19:31:18.024+0000] {processor.py:183} INFO - Processing /home/airflow/.local/lib/python3.8/site-packages/airflow/example_dags/example_short_circuit_decorator.py took 0.072 seconds
[2026-05-29T19:31:48.528+0000] {processor.py:161} INFO - Started process (PID=1778) to work on /home/airflow/.local/lib/python3.8/site-packages/airflow/example_dags/example_short_circuit_decorator.py
[2026-05-29T19:31:48.530+0000] {processor.py:830} INFO - Processing file /home/airflow/.local/lib/python3.8/site-packages/airflow/example_dags/example_short_circuit_decorator.py for tasks to queue
[2026-05-29T19:31:48.532+0000] {logging_mixin.py:188} INFO - [2026-05-29T19:31:48.532+0000] {dagbag.py:540} INFO - Filling up the DagBag from /home/airflow/.local/lib/python3.8/site-packages/airflow/example_dags/example_short_circuit_decorator.py
[2026-05-29T19:31:48.545+0000] {processor.py:840} INFO - DAG(s) 'example_short_circuit_decorator' retrieved from /home/airflow/.local/lib/python3.8/site-packages/airflow/example_dags/example_short_circuit_decorator.py
[2026-05-29T19:31:48.569+0000] {logging_mixin.py:188} INFO - [2026-05-29T19:31:48.568+0000] {dag.py:3047} INFO - Sync 1 DAGs
[2026-05-29T19:31:48.590+0000] {logging_mixin.py:188} INFO - [2026-05-29T19:31:48.589+0000] {dag.py:3834} INFO - Setting next_dagrun for example_short_circuit_decorator to 2026-05-28 00:00:00+00:00, run_after=2026-05-29 00:00:00+00:00
[2026-05-29T19:31:48.612+0000] {processor.py:183} INFO - Processing /home/airflow/.local/lib/python3.8/site-packages/airflow/example_dags/example_short_circuit_decorator.py took 0.088 seconds
[2026-05-29T19:32:18.708+0000] {processor.py:161} INFO - Started process (PID=1833) to work on /home/airflow/.local/lib/python3.8/site-packages/airflow/example_dags/example_short_circuit_decorator.py
[2026-05-29T19:32:18.709+0000] {processor.py:830} INFO - Processing file /home/airflow/.local/lib/python3.8/site-packages/airflow/example_dags/example_short_circuit_decorator.py for tasks to queue
[2026-05-29T19:32:18.711+0000] {logging_mixin.py:188} INFO - [2026-05-29T19:32:18.711+0000] {dagbag.py:540} INFO - Filling up the DagBag from /home/airflow/.local/lib/python3.8/site-packages/airflow/example_dags/example_short_circuit_decorator.py
[2026-05-29T19:32:18.719+0000] {processor.py:840} INFO - DAG(s) 'example_short_circuit_decorator' retrieved from /home/airflow/.local/lib/python3.8/site-packages/airflow/example_dags/example_short_circuit_decorator.py
[2026-05-29T19:32:18.739+0000] {logging_mixin.py:188} INFO - [2026-05-29T19:32:18.739+0000] {dag.py:3047} INFO - Sync 1 DAGs
[2026-05-29T19:32:18.760+0000] {logging_mixin.py:188} INFO - [2026-05-29T19:32:18.759+0000] {dag.py:3834} INFO - Setting next_dagrun for example_short_circuit_decorator to 2026-05-28 00:00:00+00:00, run_after=2026-05-29 00:00:00+00:00
[2026-05-29T19:32:18.779+0000] {processor.py:183} INFO - Processing /home/airflow/.local/lib/python3.8/site-packages/airflow/example_dags/example_short_circuit_decorator.py took 0.073 seconds
[2026-05-29T19:32:49.084+0000] {processor.py:161} INFO - Started process (PID=1889) to work on /home/airflow/.local/lib/python3.8/site-packages/airflow/example_dags/example_short_circuit_decorator.py
[2026-05-29T19:32:49.086+0000] {processor.py:830} INFO - Processing file /home/airflow/.local/lib/python3.8/site-packages/airflow/example_dags/example_short_circuit_decorator.py for tasks to queue
[2026-05-29T19:32:49.088+0000] {logging_mixin.py:188} INFO - [2026-05-29T19:32:49.088+0000] {dagbag.py:540} INFO - Filling up the DagBag from /home/airflow/.local/lib/python3.8/site-packages/airflow/example_dags/example_short_circuit_decorator.py
[2026-05-29T19:32:49.097+0000] {processor.py:840} INFO - DAG(s) 'example_short_circuit_decorator' retrieved from /home/airflow/.local/lib/python3.8/site-packages/airflow/example_dags/example_short_circuit_decorator.py
[2026-05-29T19:32:49.121+0000] {logging_mixin.py:188} INFO - [2026-05-29T19:32:49.121+0000] {dag.py:3047} INFO - Sync 1 DAGs
[2026-05-29T19:32:49.142+0000] {logging_mixin.py:188} INFO - [2026-05-29T19:32:49.142+0000] {dag.py:3834} INFO - Setting next_dagrun for example_short_circuit_decorator to 2026-05-28 00:00:00+00:00, run_after=2026-05-29 00:00:00+00:00
[2026-05-29T19:32:49.167+0000] {processor.py:183} INFO - Processing /home/airflow/.local/lib/python3.8/site-packages/airflow/example_dags/example_short_circuit_decorator.py took 0.086 seconds
[2026-05-29T19:33:19.198+0000] {processor.py:161} INFO - Started process (PID=1943) to work on /home/airflow/.local/lib/python3.8/site-packages/airflow/example_dags/example_short_circuit_decorator.py
[2026-05-29T19:33:19.199+0000] {processor.py:830} INFO - Processing file /home/airflow/.local/lib/python3.8/site-packages/airflow/example_dags/example_short_circuit_decorator.py for tasks to queue
[2026-05-29T19:33:19.201+0000] {logging_mixin.py:188} INFO - [2026-05-29T19:33:19.201+0000] {dagbag.py:540} INFO - Filling up the DagBag from /home/airflow/.local/lib/python3.8/site-packages/airflow/example_dags/example_short_circuit_decorator.py
[2026-05-29T19:33:19.209+0000] {processor.py:840} INFO - DAG(s) 'example_short_circuit_decorator' retrieved from /home/airflow/.local/lib/python3.8/site-packages/airflow/example_dags/example_short_circuit_decorator.py
[2026-05-29T19:33:19.229+0000] {logging_mixin.py:188} INFO - [2026-05-29T19:33:19.229+0000] {dag.py:3047} INFO - Sync 1 DAGs
[2026-05-29T19:33:19.250+0000] {logging_mixin.py:188} INFO - [2026-05-29T19:33:19.249+0000] {dag.py:3834} INFO - Setting next_dagrun for example_short_circuit_decorator to 2026-05-28 00:00:00+00:00, run_after=2026-05-29 00:00:00+00:00
[2026-05-29T19:33:19.273+0000] {processor.py:183} INFO - Processing /home/airflow/.local/lib/python3.8/site-packages/airflow/example_dags/example_short_circuit_decorator.py took 0.078 seconds
[2026-05-29T19:33:50.003+0000] {processor.py:161} INFO - Started process (PID=1999) to work on /home/airflow/.local/lib/python3.8/site-packages/airflow/example_dags/example_short_circuit_decorator.py
[2026-05-29T19:33:50.005+0000] {processor.py:830} INFO - Processing file /home/airflow/.local/lib/python3.8/site-packages/airflow/example_dags/example_short_circuit_decorator.py for tasks to queue
[2026-05-29T19:33:50.008+0000] {logging_mixin.py:188} INFO - [2026-05-29T19:33:50.007+0000] {dagbag.py:540} INFO - Filling up the DagBag from /home/airflow/.local/lib/python3.8/site-packages/airflow/example_dags/example_short_circuit_decorator.py
[2026-05-29T19:33:50.017+0000] {processor.py:840} INFO - DAG(s) 'example_short_circuit_decorator' retrieved from /home/airflow/.local/lib/python3.8/site-packages/airflow/example_dags/example_short_circuit_decorator.py
[2026-05-29T19:33:50.042+0000] {logging_mixin.py:188} INFO - [2026-05-29T19:33:50.041+0000] {dag.py:3047} INFO - Sync 1 DAGs
[2026-05-29T19:33:50.064+0000] {logging_mixin.py:188} INFO - [2026-05-29T19:33:50.064+0000] {dag.py:3834} INFO - Setting next_dagrun for example_short_circuit_decorator to 2026-05-28 00:00:00+00:00, run_after=2026-05-29 00:00:00+00:00
[2026-05-29T19:33:50.087+0000] {processor.py:183} INFO - Processing /home/airflow/.local/lib/python3.8/site-packages/airflow/example_dags/example_short_circuit_decorator.py took 0.087 seconds
