[2026-05-29T19:16:04.450+0000] {processor.py:161} INFO - Started process (PID=75) to work on /home/airflow/.local/lib/python3.8/site-packages/airflow/example_dags/example_kubernetes_executor.py
[2026-05-29T19:16:04.453+0000] {processor.py:830} INFO - Processing file /home/airflow/.local/lib/python3.8/site-packages/airflow/example_dags/example_kubernetes_executor.py for tasks to queue
[2026-05-29T19:16:04.462+0000] {logging_mixin.py:188} INFO - [2026-05-29T19:16:04.461+0000] {dagbag.py:540} INFO - Filling up the DagBag from /home/airflow/.local/lib/python3.8/site-packages/airflow/example_dags/example_kubernetes_executor.py
[2026-05-29T19:16:04.531+0000] {processor.py:840} INFO - DAG(s) 'example_kubernetes_executor' retrieved from /home/airflow/.local/lib/python3.8/site-packages/airflow/example_dags/example_kubernetes_executor.py
[2026-05-29T19:16:04.724+0000] {logging_mixin.py:188} INFO - [2026-05-29T19:16:04.723+0000] {dag.py:3047} INFO - Sync 1 DAGs
[2026-05-29T19:16:04.769+0000] {logging_mixin.py:188} INFO - [2026-05-29T19:16:04.769+0000] {dag.py:3834} INFO - Setting next_dagrun for example_kubernetes_executor to None, run_after=None
[2026-05-29T19:16:04.832+0000] {processor.py:183} INFO - Processing /home/airflow/.local/lib/python3.8/site-packages/airflow/example_dags/example_kubernetes_executor.py took 0.396 seconds
[2026-05-29T19:16:35.457+0000] {processor.py:161} INFO - Started process (PID=130) to work on /home/airflow/.local/lib/python3.8/site-packages/airflow/example_dags/example_kubernetes_executor.py
[2026-05-29T19:16:35.459+0000] {processor.py:830} INFO - Processing file /home/airflow/.local/lib/python3.8/site-packages/airflow/example_dags/example_kubernetes_executor.py for tasks to queue
[2026-05-29T19:16:35.462+0000] {logging_mixin.py:188} INFO - [2026-05-29T19:16:35.461+0000] {dagbag.py:540} INFO - Filling up the DagBag from /home/airflow/.local/lib/python3.8/site-packages/airflow/example_dags/example_kubernetes_executor.py
[2026-05-29T19:16:35.473+0000] {processor.py:840} INFO - DAG(s) 'example_kubernetes_executor' retrieved from /home/airflow/.local/lib/python3.8/site-packages/airflow/example_dags/example_kubernetes_executor.py
[2026-05-29T19:16:35.505+0000] {logging_mixin.py:188} INFO - [2026-05-29T19:16:35.505+0000] {dag.py:3047} INFO - Sync 1 DAGs
[2026-05-29T19:16:35.516+0000] {logging_mixin.py:188} INFO - [2026-05-29T19:16:35.516+0000] {dag.py:3834} INFO - Setting next_dagrun for example_kubernetes_executor to None, run_after=None
[2026-05-29T19:16:35.534+0000] {processor.py:183} INFO - Processing /home/airflow/.local/lib/python3.8/site-packages/airflow/example_dags/example_kubernetes_executor.py took 0.079 seconds
[2026-05-29T19:17:05.932+0000] {processor.py:161} INFO - Started process (PID=185) to work on /home/airflow/.local/lib/python3.8/site-packages/airflow/example_dags/example_kubernetes_executor.py
[2026-05-29T19:17:05.934+0000] {processor.py:830} INFO - Processing file /home/airflow/.local/lib/python3.8/site-packages/airflow/example_dags/example_kubernetes_executor.py for tasks to queue
[2026-05-29T19:17:05.936+0000] {logging_mixin.py:188} INFO - [2026-05-29T19:17:05.936+0000] {dagbag.py:540} INFO - Filling up the DagBag from /home/airflow/.local/lib/python3.8/site-packages/airflow/example_dags/example_kubernetes_executor.py
[2026-05-29T19:17:05.947+0000] {processor.py:840} INFO - DAG(s) 'example_kubernetes_executor' retrieved from /home/airflow/.local/lib/python3.8/site-packages/airflow/example_dags/example_kubernetes_executor.py
[2026-05-29T19:17:05.980+0000] {logging_mixin.py:188} INFO - [2026-05-29T19:17:05.980+0000] {dag.py:3047} INFO - Sync 1 DAGs
[2026-05-29T19:17:05.993+0000] {logging_mixin.py:188} INFO - [2026-05-29T19:17:05.993+0000] {dag.py:3834} INFO - Setting next_dagrun for example_kubernetes_executor to None, run_after=None
[2026-05-29T19:17:06.012+0000] {processor.py:183} INFO - Processing /home/airflow/.local/lib/python3.8/site-packages/airflow/example_dags/example_kubernetes_executor.py took 0.083 seconds
[2026-05-29T19:17:36.226+0000] {processor.py:161} INFO - Started process (PID=240) to work on /home/airflow/.local/lib/python3.8/site-packages/airflow/example_dags/example_kubernetes_executor.py
[2026-05-29T19:17:36.229+0000] {processor.py:830} INFO - Processing file /home/airflow/.local/lib/python3.8/site-packages/airflow/example_dags/example_kubernetes_executor.py for tasks to queue
[2026-05-29T19:17:36.233+0000] {logging_mixin.py:188} INFO - [2026-05-29T19:17:36.232+0000] {dagbag.py:540} INFO - Filling up the DagBag from /home/airflow/.local/lib/python3.8/site-packages/airflow/example_dags/example_kubernetes_executor.py
[2026-05-29T19:17:36.248+0000] {processor.py:840} INFO - DAG(s) 'example_kubernetes_executor' retrieved from /home/airflow/.local/lib/python3.8/site-packages/airflow/example_dags/example_kubernetes_executor.py
[2026-05-29T19:17:36.322+0000] {logging_mixin.py:188} INFO - [2026-05-29T19:17:36.321+0000] {dag.py:3047} INFO - Sync 1 DAGs
[2026-05-29T19:17:36.339+0000] {logging_mixin.py:188} INFO - [2026-05-29T19:17:36.339+0000] {dag.py:3834} INFO - Setting next_dagrun for example_kubernetes_executor to None, run_after=None
[2026-05-29T19:17:36.370+0000] {processor.py:183} INFO - Processing /home/airflow/.local/lib/python3.8/site-packages/airflow/example_dags/example_kubernetes_executor.py took 0.150 seconds
[2026-05-29T19:18:07.317+0000] {processor.py:161} INFO - Started process (PID=295) to work on /home/airflow/.local/lib/python3.8/site-packages/airflow/example_dags/example_kubernetes_executor.py
[2026-05-29T19:18:07.320+0000] {processor.py:830} INFO - Processing file /home/airflow/.local/lib/python3.8/site-packages/airflow/example_dags/example_kubernetes_executor.py for tasks to queue
[2026-05-29T19:18:07.322+0000] {logging_mixin.py:188} INFO - [2026-05-29T19:18:07.322+0000] {dagbag.py:540} INFO - Filling up the DagBag from /home/airflow/.local/lib/python3.8/site-packages/airflow/example_dags/example_kubernetes_executor.py
[2026-05-29T19:18:07.333+0000] {processor.py:840} INFO - DAG(s) 'example_kubernetes_executor' retrieved from /home/airflow/.local/lib/python3.8/site-packages/airflow/example_dags/example_kubernetes_executor.py
[2026-05-29T19:18:07.374+0000] {logging_mixin.py:188} INFO - [2026-05-29T19:18:07.374+0000] {dag.py:3047} INFO - Sync 1 DAGs
[2026-05-29T19:18:07.389+0000] {logging_mixin.py:188} INFO - [2026-05-29T19:18:07.389+0000] {dag.py:3834} INFO - Setting next_dagrun for example_kubernetes_executor to None, run_after=None
[2026-05-29T19:18:07.411+0000] {processor.py:183} INFO - Processing /home/airflow/.local/lib/python3.8/site-packages/airflow/example_dags/example_kubernetes_executor.py took 0.096 seconds
[2026-05-29T19:18:37.664+0000] {processor.py:161} INFO - Started process (PID=350) to work on /home/airflow/.local/lib/python3.8/site-packages/airflow/example_dags/example_kubernetes_executor.py
[2026-05-29T19:18:37.666+0000] {processor.py:830} INFO - Processing file /home/airflow/.local/lib/python3.8/site-packages/airflow/example_dags/example_kubernetes_executor.py for tasks to queue
[2026-05-29T19:18:37.667+0000] {logging_mixin.py:188} INFO - [2026-05-29T19:18:37.667+0000] {dagbag.py:540} INFO - Filling up the DagBag from /home/airflow/.local/lib/python3.8/site-packages/airflow/example_dags/example_kubernetes_executor.py
[2026-05-29T19:18:37.679+0000] {processor.py:840} INFO - DAG(s) 'example_kubernetes_executor' retrieved from /home/airflow/.local/lib/python3.8/site-packages/airflow/example_dags/example_kubernetes_executor.py
[2026-05-29T19:18:37.714+0000] {logging_mixin.py:188} INFO - [2026-05-29T19:18:37.714+0000] {dag.py:3047} INFO - Sync 1 DAGs
[2026-05-29T19:18:37.726+0000] {logging_mixin.py:188} INFO - [2026-05-29T19:18:37.725+0000] {dag.py:3834} INFO - Setting next_dagrun for example_kubernetes_executor to None, run_after=None
[2026-05-29T19:18:37.744+0000] {processor.py:183} INFO - Processing /home/airflow/.local/lib/python3.8/site-packages/airflow/example_dags/example_kubernetes_executor.py took 0.082 seconds
[2026-05-29T19:19:08.176+0000] {processor.py:161} INFO - Started process (PID=405) to work on /home/airflow/.local/lib/python3.8/site-packages/airflow/example_dags/example_kubernetes_executor.py
[2026-05-29T19:19:08.179+0000] {processor.py:830} INFO - Processing file /home/airflow/.local/lib/python3.8/site-packages/airflow/example_dags/example_kubernetes_executor.py for tasks to queue
[2026-05-29T19:19:08.184+0000] {logging_mixin.py:188} INFO - [2026-05-29T19:19:08.184+0000] {dagbag.py:540} INFO - Filling up the DagBag from /home/airflow/.local/lib/python3.8/site-packages/airflow/example_dags/example_kubernetes_executor.py
[2026-05-29T19:19:08.203+0000] {processor.py:840} INFO - DAG(s) 'example_kubernetes_executor' retrieved from /home/airflow/.local/lib/python3.8/site-packages/airflow/example_dags/example_kubernetes_executor.py
[2026-05-29T19:19:08.248+0000] {logging_mixin.py:188} INFO - [2026-05-29T19:19:08.248+0000] {dag.py:3047} INFO - Sync 1 DAGs
[2026-05-29T19:19:08.270+0000] {logging_mixin.py:188} INFO - [2026-05-29T19:19:08.270+0000] {dag.py:3834} INFO - Setting next_dagrun for example_kubernetes_executor to None, run_after=None
[2026-05-29T19:19:08.307+0000] {processor.py:183} INFO - Processing /home/airflow/.local/lib/python3.8/site-packages/airflow/example_dags/example_kubernetes_executor.py took 0.134 seconds
[2026-05-29T19:19:38.431+0000] {processor.py:161} INFO - Started process (PID=460) to work on /home/airflow/.local/lib/python3.8/site-packages/airflow/example_dags/example_kubernetes_executor.py
[2026-05-29T19:19:38.433+0000] {processor.py:830} INFO - Processing file /home/airflow/.local/lib/python3.8/site-packages/airflow/example_dags/example_kubernetes_executor.py for tasks to queue
[2026-05-29T19:19:38.436+0000] {logging_mixin.py:188} INFO - [2026-05-29T19:19:38.435+0000] {dagbag.py:540} INFO - Filling up the DagBag from /home/airflow/.local/lib/python3.8/site-packages/airflow/example_dags/example_kubernetes_executor.py
[2026-05-29T19:19:38.447+0000] {processor.py:840} INFO - DAG(s) 'example_kubernetes_executor' retrieved from /home/airflow/.local/lib/python3.8/site-packages/airflow/example_dags/example_kubernetes_executor.py
[2026-05-29T19:19:38.481+0000] {logging_mixin.py:188} INFO - [2026-05-29T19:19:38.480+0000] {dag.py:3047} INFO - Sync 1 DAGs
[2026-05-29T19:19:38.491+0000] {logging_mixin.py:188} INFO - [2026-05-29T19:19:38.491+0000] {dag.py:3834} INFO - Setting next_dagrun for example_kubernetes_executor to None, run_after=None
[2026-05-29T19:19:38.511+0000] {processor.py:183} INFO - Processing /home/airflow/.local/lib/python3.8/site-packages/airflow/example_dags/example_kubernetes_executor.py took 0.082 seconds
[2026-05-29T19:20:08.970+0000] {processor.py:161} INFO - Started process (PID=515) to work on /home/airflow/.local/lib/python3.8/site-packages/airflow/example_dags/example_kubernetes_executor.py
[2026-05-29T19:20:08.972+0000] {processor.py:830} INFO - Processing file /home/airflow/.local/lib/python3.8/site-packages/airflow/example_dags/example_kubernetes_executor.py for tasks to queue
[2026-05-29T19:20:08.975+0000] {logging_mixin.py:188} INFO - [2026-05-29T19:20:08.975+0000] {dagbag.py:540} INFO - Filling up the DagBag from /home/airflow/.local/lib/python3.8/site-packages/airflow/example_dags/example_kubernetes_executor.py
[2026-05-29T19:20:08.995+0000] {processor.py:840} INFO - DAG(s) 'example_kubernetes_executor' retrieved from /home/airflow/.local/lib/python3.8/site-packages/airflow/example_dags/example_kubernetes_executor.py
[2026-05-29T19:20:09.055+0000] {logging_mixin.py:188} INFO - [2026-05-29T19:20:09.055+0000] {dag.py:3047} INFO - Sync 1 DAGs
[2026-05-29T19:20:09.072+0000] {logging_mixin.py:188} INFO - [2026-05-29T19:20:09.072+0000] {dag.py:3834} INFO - Setting next_dagrun for example_kubernetes_executor to None, run_after=None
[2026-05-29T19:20:09.094+0000] {processor.py:183} INFO - Processing /home/airflow/.local/lib/python3.8/site-packages/airflow/example_dags/example_kubernetes_executor.py took 0.128 seconds
[2026-05-29T19:20:39.212+0000] {processor.py:161} INFO - Started process (PID=570) to work on /home/airflow/.local/lib/python3.8/site-packages/airflow/example_dags/example_kubernetes_executor.py
[2026-05-29T19:20:39.213+0000] {processor.py:830} INFO - Processing file /home/airflow/.local/lib/python3.8/site-packages/airflow/example_dags/example_kubernetes_executor.py for tasks to queue
[2026-05-29T19:20:39.215+0000] {logging_mixin.py:188} INFO - [2026-05-29T19:20:39.215+0000] {dagbag.py:540} INFO - Filling up the DagBag from /home/airflow/.local/lib/python3.8/site-packages/airflow/example_dags/example_kubernetes_executor.py
[2026-05-29T19:20:39.226+0000] {processor.py:840} INFO - DAG(s) 'example_kubernetes_executor' retrieved from /home/airflow/.local/lib/python3.8/site-packages/airflow/example_dags/example_kubernetes_executor.py
[2026-05-29T19:20:39.261+0000] {logging_mixin.py:188} INFO - [2026-05-29T19:20:39.260+0000] {dag.py:3047} INFO - Sync 1 DAGs
[2026-05-29T19:20:39.273+0000] {logging_mixin.py:188} INFO - [2026-05-29T19:20:39.273+0000] {dag.py:3834} INFO - Setting next_dagrun for example_kubernetes_executor to None, run_after=None
[2026-05-29T19:20:39.291+0000] {processor.py:183} INFO - Processing /home/airflow/.local/lib/python3.8/site-packages/airflow/example_dags/example_kubernetes_executor.py took 0.082 seconds
[2026-05-29T19:21:09.605+0000] {processor.py:161} INFO - Started process (PID=625) to work on /home/airflow/.local/lib/python3.8/site-packages/airflow/example_dags/example_kubernetes_executor.py
[2026-05-29T19:21:09.607+0000] {processor.py:830} INFO - Processing file /home/airflow/.local/lib/python3.8/site-packages/airflow/example_dags/example_kubernetes_executor.py for tasks to queue
[2026-05-29T19:21:09.609+0000] {logging_mixin.py:188} INFO - [2026-05-29T19:21:09.608+0000] {dagbag.py:540} INFO - Filling up the DagBag from /home/airflow/.local/lib/python3.8/site-packages/airflow/example_dags/example_kubernetes_executor.py
[2026-05-29T19:21:09.622+0000] {processor.py:840} INFO - DAG(s) 'example_kubernetes_executor' retrieved from /home/airflow/.local/lib/python3.8/site-packages/airflow/example_dags/example_kubernetes_executor.py
[2026-05-29T19:21:09.653+0000] {logging_mixin.py:188} INFO - [2026-05-29T19:21:09.653+0000] {dag.py:3047} INFO - Sync 1 DAGs
[2026-05-29T19:21:09.662+0000] {logging_mixin.py:188} INFO - [2026-05-29T19:21:09.662+0000] {dag.py:3834} INFO - Setting next_dagrun for example_kubernetes_executor to None, run_after=None
[2026-05-29T19:21:09.684+0000] {processor.py:183} INFO - Processing /home/airflow/.local/lib/python3.8/site-packages/airflow/example_dags/example_kubernetes_executor.py took 0.081 seconds
[2026-05-29T19:21:39.858+0000] {processor.py:161} INFO - Started process (PID=680) to work on /home/airflow/.local/lib/python3.8/site-packages/airflow/example_dags/example_kubernetes_executor.py
[2026-05-29T19:21:39.859+0000] {processor.py:830} INFO - Processing file /home/airflow/.local/lib/python3.8/site-packages/airflow/example_dags/example_kubernetes_executor.py for tasks to queue
[2026-05-29T19:21:39.862+0000] {logging_mixin.py:188} INFO - [2026-05-29T19:21:39.861+0000] {dagbag.py:540} INFO - Filling up the DagBag from /home/airflow/.local/lib/python3.8/site-packages/airflow/example_dags/example_kubernetes_executor.py
[2026-05-29T19:21:39.877+0000] {processor.py:840} INFO - DAG(s) 'example_kubernetes_executor' retrieved from /home/airflow/.local/lib/python3.8/site-packages/airflow/example_dags/example_kubernetes_executor.py
[2026-05-29T19:21:39.923+0000] {logging_mixin.py:188} INFO - [2026-05-29T19:21:39.923+0000] {dag.py:3047} INFO - Sync 1 DAGs
[2026-05-29T19:21:39.936+0000] {logging_mixin.py:188} INFO - [2026-05-29T19:21:39.936+0000] {dag.py:3834} INFO - Setting next_dagrun for example_kubernetes_executor to None, run_after=None
[2026-05-29T19:21:39.960+0000] {processor.py:183} INFO - Processing /home/airflow/.local/lib/python3.8/site-packages/airflow/example_dags/example_kubernetes_executor.py took 0.105 seconds
[2026-05-29T19:22:10.169+0000] {processor.py:161} INFO - Started process (PID=735) to work on /home/airflow/.local/lib/python3.8/site-packages/airflow/example_dags/example_kubernetes_executor.py
[2026-05-29T19:22:10.170+0000] {processor.py:830} INFO - Processing file /home/airflow/.local/lib/python3.8/site-packages/airflow/example_dags/example_kubernetes_executor.py for tasks to queue
[2026-05-29T19:22:10.173+0000] {logging_mixin.py:188} INFO - [2026-05-29T19:22:10.172+0000] {dagbag.py:540} INFO - Filling up the DagBag from /home/airflow/.local/lib/python3.8/site-packages/airflow/example_dags/example_kubernetes_executor.py
[2026-05-29T19:22:10.183+0000] {processor.py:840} INFO - DAG(s) 'example_kubernetes_executor' retrieved from /home/airflow/.local/lib/python3.8/site-packages/airflow/example_dags/example_kubernetes_executor.py
[2026-05-29T19:22:10.214+0000] {logging_mixin.py:188} INFO - [2026-05-29T19:22:10.214+0000] {dag.py:3047} INFO - Sync 1 DAGs
[2026-05-29T19:22:10.223+0000] {logging_mixin.py:188} INFO - [2026-05-29T19:22:10.223+0000] {dag.py:3834} INFO - Setting next_dagrun for example_kubernetes_executor to None, run_after=None
[2026-05-29T19:22:10.241+0000] {processor.py:183} INFO - Processing /home/airflow/.local/lib/python3.8/site-packages/airflow/example_dags/example_kubernetes_executor.py took 0.075 seconds
[2026-05-29T19:22:40.451+0000] {processor.py:161} INFO - Started process (PID=790) to work on /home/airflow/.local/lib/python3.8/site-packages/airflow/example_dags/example_kubernetes_executor.py
[2026-05-29T19:22:40.452+0000] {processor.py:830} INFO - Processing file /home/airflow/.local/lib/python3.8/site-packages/airflow/example_dags/example_kubernetes_executor.py for tasks to queue
[2026-05-29T19:22:40.454+0000] {logging_mixin.py:188} INFO - [2026-05-29T19:22:40.454+0000] {dagbag.py:540} INFO - Filling up the DagBag from /home/airflow/.local/lib/python3.8/site-packages/airflow/example_dags/example_kubernetes_executor.py
[2026-05-29T19:22:40.466+0000] {processor.py:840} INFO - DAG(s) 'example_kubernetes_executor' retrieved from /home/airflow/.local/lib/python3.8/site-packages/airflow/example_dags/example_kubernetes_executor.py
[2026-05-29T19:22:40.500+0000] {logging_mixin.py:188} INFO - [2026-05-29T19:22:40.500+0000] {dag.py:3047} INFO - Sync 1 DAGs
[2026-05-29T19:22:40.518+0000] {logging_mixin.py:188} INFO - [2026-05-29T19:22:40.518+0000] {dag.py:3834} INFO - Setting next_dagrun for example_kubernetes_executor to None, run_after=None
[2026-05-29T19:22:40.537+0000] {processor.py:183} INFO - Processing /home/airflow/.local/lib/python3.8/site-packages/airflow/example_dags/example_kubernetes_executor.py took 0.089 seconds
[2026-05-29T19:23:10.670+0000] {processor.py:161} INFO - Started process (PID=845) to work on /home/airflow/.local/lib/python3.8/site-packages/airflow/example_dags/example_kubernetes_executor.py
[2026-05-29T19:23:10.671+0000] {processor.py:830} INFO - Processing file /home/airflow/.local/lib/python3.8/site-packages/airflow/example_dags/example_kubernetes_executor.py for tasks to queue
[2026-05-29T19:23:10.674+0000] {logging_mixin.py:188} INFO - [2026-05-29T19:23:10.673+0000] {dagbag.py:540} INFO - Filling up the DagBag from /home/airflow/.local/lib/python3.8/site-packages/airflow/example_dags/example_kubernetes_executor.py
[2026-05-29T19:23:10.685+0000] {processor.py:840} INFO - DAG(s) 'example_kubernetes_executor' retrieved from /home/airflow/.local/lib/python3.8/site-packages/airflow/example_dags/example_kubernetes_executor.py
[2026-05-29T19:23:10.718+0000] {logging_mixin.py:188} INFO - [2026-05-29T19:23:10.717+0000] {dag.py:3047} INFO - Sync 1 DAGs
[2026-05-29T19:23:10.734+0000] {logging_mixin.py:188} INFO - [2026-05-29T19:23:10.733+0000] {dag.py:3834} INFO - Setting next_dagrun for example_kubernetes_executor to None, run_after=None
[2026-05-29T19:23:10.753+0000] {processor.py:183} INFO - Processing /home/airflow/.local/lib/python3.8/site-packages/airflow/example_dags/example_kubernetes_executor.py took 0.085 seconds
[2026-05-29T19:23:40.801+0000] {processor.py:161} INFO - Started process (PID=900) to work on /home/airflow/.local/lib/python3.8/site-packages/airflow/example_dags/example_kubernetes_executor.py
[2026-05-29T19:23:40.803+0000] {processor.py:830} INFO - Processing file /home/airflow/.local/lib/python3.8/site-packages/airflow/example_dags/example_kubernetes_executor.py for tasks to queue
[2026-05-29T19:23:40.805+0000] {logging_mixin.py:188} INFO - [2026-05-29T19:23:40.805+0000] {dagbag.py:540} INFO - Filling up the DagBag from /home/airflow/.local/lib/python3.8/site-packages/airflow/example_dags/example_kubernetes_executor.py
[2026-05-29T19:23:40.819+0000] {processor.py:840} INFO - DAG(s) 'example_kubernetes_executor' retrieved from /home/airflow/.local/lib/python3.8/site-packages/airflow/example_dags/example_kubernetes_executor.py
[2026-05-29T19:23:40.856+0000] {logging_mixin.py:188} INFO - [2026-05-29T19:23:40.856+0000] {dag.py:3047} INFO - Sync 1 DAGs
[2026-05-29T19:23:40.867+0000] {logging_mixin.py:188} INFO - [2026-05-29T19:23:40.867+0000] {dag.py:3834} INFO - Setting next_dagrun for example_kubernetes_executor to None, run_after=None
[2026-05-29T19:23:40.885+0000] {processor.py:183} INFO - Processing /home/airflow/.local/lib/python3.8/site-packages/airflow/example_dags/example_kubernetes_executor.py took 0.086 seconds
[2026-05-29T19:24:10.971+0000] {processor.py:161} INFO - Started process (PID=955) to work on /home/airflow/.local/lib/python3.8/site-packages/airflow/example_dags/example_kubernetes_executor.py
[2026-05-29T19:24:10.973+0000] {processor.py:830} INFO - Processing file /home/airflow/.local/lib/python3.8/site-packages/airflow/example_dags/example_kubernetes_executor.py for tasks to queue
[2026-05-29T19:24:10.975+0000] {logging_mixin.py:188} INFO - [2026-05-29T19:24:10.975+0000] {dagbag.py:540} INFO - Filling up the DagBag from /home/airflow/.local/lib/python3.8/site-packages/airflow/example_dags/example_kubernetes_executor.py
[2026-05-29T19:24:10.987+0000] {processor.py:840} INFO - DAG(s) 'example_kubernetes_executor' retrieved from /home/airflow/.local/lib/python3.8/site-packages/airflow/example_dags/example_kubernetes_executor.py
[2026-05-29T19:24:11.024+0000] {logging_mixin.py:188} INFO - [2026-05-29T19:24:11.023+0000] {dag.py:3047} INFO - Sync 1 DAGs
[2026-05-29T19:24:11.034+0000] {logging_mixin.py:188} INFO - [2026-05-29T19:24:11.034+0000] {dag.py:3834} INFO - Setting next_dagrun for example_kubernetes_executor to None, run_after=None
[2026-05-29T19:24:11.053+0000] {processor.py:183} INFO - Processing /home/airflow/.local/lib/python3.8/site-packages/airflow/example_dags/example_kubernetes_executor.py took 0.084 seconds
[2026-05-29T19:24:41.339+0000] {processor.py:161} INFO - Started process (PID=1010) to work on /home/airflow/.local/lib/python3.8/site-packages/airflow/example_dags/example_kubernetes_executor.py
[2026-05-29T19:24:41.341+0000] {processor.py:830} INFO - Processing file /home/airflow/.local/lib/python3.8/site-packages/airflow/example_dags/example_kubernetes_executor.py for tasks to queue
[2026-05-29T19:24:41.343+0000] {logging_mixin.py:188} INFO - [2026-05-29T19:24:41.343+0000] {dagbag.py:540} INFO - Filling up the DagBag from /home/airflow/.local/lib/python3.8/site-packages/airflow/example_dags/example_kubernetes_executor.py
[2026-05-29T19:24:41.354+0000] {processor.py:840} INFO - DAG(s) 'example_kubernetes_executor' retrieved from /home/airflow/.local/lib/python3.8/site-packages/airflow/example_dags/example_kubernetes_executor.py
[2026-05-29T19:24:41.388+0000] {logging_mixin.py:188} INFO - [2026-05-29T19:24:41.387+0000] {dag.py:3047} INFO - Sync 1 DAGs
[2026-05-29T19:24:41.399+0000] {logging_mixin.py:188} INFO - [2026-05-29T19:24:41.399+0000] {dag.py:3834} INFO - Setting next_dagrun for example_kubernetes_executor to None, run_after=None
[2026-05-29T19:24:41.419+0000] {processor.py:183} INFO - Processing /home/airflow/.local/lib/python3.8/site-packages/airflow/example_dags/example_kubernetes_executor.py took 0.083 seconds
[2026-05-29T19:25:11.647+0000] {processor.py:161} INFO - Started process (PID=1065) to work on /home/airflow/.local/lib/python3.8/site-packages/airflow/example_dags/example_kubernetes_executor.py
[2026-05-29T19:25:11.648+0000] {processor.py:830} INFO - Processing file /home/airflow/.local/lib/python3.8/site-packages/airflow/example_dags/example_kubernetes_executor.py for tasks to queue
[2026-05-29T19:25:11.650+0000] {logging_mixin.py:188} INFO - [2026-05-29T19:25:11.650+0000] {dagbag.py:540} INFO - Filling up the DagBag from /home/airflow/.local/lib/python3.8/site-packages/airflow/example_dags/example_kubernetes_executor.py
[2026-05-29T19:25:11.660+0000] {processor.py:840} INFO - DAG(s) 'example_kubernetes_executor' retrieved from /home/airflow/.local/lib/python3.8/site-packages/airflow/example_dags/example_kubernetes_executor.py
[2026-05-29T19:25:11.692+0000] {logging_mixin.py:188} INFO - [2026-05-29T19:25:11.692+0000] {dag.py:3047} INFO - Sync 1 DAGs
[2026-05-29T19:25:11.703+0000] {logging_mixin.py:188} INFO - [2026-05-29T19:25:11.703+0000] {dag.py:3834} INFO - Setting next_dagrun for example_kubernetes_executor to None, run_after=None
[2026-05-29T19:25:11.722+0000] {processor.py:183} INFO - Processing /home/airflow/.local/lib/python3.8/site-packages/airflow/example_dags/example_kubernetes_executor.py took 0.078 seconds
[2026-05-29T19:25:42.627+0000] {processor.py:161} INFO - Started process (PID=1120) to work on /home/airflow/.local/lib/python3.8/site-packages/airflow/example_dags/example_kubernetes_executor.py
[2026-05-29T19:25:42.628+0000] {processor.py:830} INFO - Processing file /home/airflow/.local/lib/python3.8/site-packages/airflow/example_dags/example_kubernetes_executor.py for tasks to queue
[2026-05-29T19:25:42.631+0000] {logging_mixin.py:188} INFO - [2026-05-29T19:25:42.630+0000] {dagbag.py:540} INFO - Filling up the DagBag from /home/airflow/.local/lib/python3.8/site-packages/airflow/example_dags/example_kubernetes_executor.py
[2026-05-29T19:25:42.641+0000] {processor.py:840} INFO - DAG(s) 'example_kubernetes_executor' retrieved from /home/airflow/.local/lib/python3.8/site-packages/airflow/example_dags/example_kubernetes_executor.py
[2026-05-29T19:25:42.673+0000] {logging_mixin.py:188} INFO - [2026-05-29T19:25:42.673+0000] {dag.py:3047} INFO - Sync 1 DAGs
[2026-05-29T19:25:42.683+0000] {logging_mixin.py:188} INFO - [2026-05-29T19:25:42.683+0000] {dag.py:3834} INFO - Setting next_dagrun for example_kubernetes_executor to None, run_after=None
[2026-05-29T19:25:42.705+0000] {processor.py:183} INFO - Processing /home/airflow/.local/lib/python3.8/site-packages/airflow/example_dags/example_kubernetes_executor.py took 0.081 seconds
[2026-05-29T19:26:13.604+0000] {processor.py:161} INFO - Started process (PID=1175) to work on /home/airflow/.local/lib/python3.8/site-packages/airflow/example_dags/example_kubernetes_executor.py
[2026-05-29T19:26:13.605+0000] {processor.py:830} INFO - Processing file /home/airflow/.local/lib/python3.8/site-packages/airflow/example_dags/example_kubernetes_executor.py for tasks to queue
[2026-05-29T19:26:13.607+0000] {logging_mixin.py:188} INFO - [2026-05-29T19:26:13.607+0000] {dagbag.py:540} INFO - Filling up the DagBag from /home/airflow/.local/lib/python3.8/site-packages/airflow/example_dags/example_kubernetes_executor.py
[2026-05-29T19:26:13.624+0000] {processor.py:840} INFO - DAG(s) 'example_kubernetes_executor' retrieved from /home/airflow/.local/lib/python3.8/site-packages/airflow/example_dags/example_kubernetes_executor.py
[2026-05-29T19:26:13.658+0000] {logging_mixin.py:188} INFO - [2026-05-29T19:26:13.657+0000] {dag.py:3047} INFO - Sync 1 DAGs
[2026-05-29T19:26:13.667+0000] {logging_mixin.py:188} INFO - [2026-05-29T19:26:13.667+0000] {dag.py:3834} INFO - Setting next_dagrun for example_kubernetes_executor to None, run_after=None
[2026-05-29T19:26:13.684+0000] {processor.py:183} INFO - Processing /home/airflow/.local/lib/python3.8/site-packages/airflow/example_dags/example_kubernetes_executor.py took 0.084 seconds
[2026-05-29T19:26:44.055+0000] {processor.py:161} INFO - Started process (PID=1230) to work on /home/airflow/.local/lib/python3.8/site-packages/airflow/example_dags/example_kubernetes_executor.py
[2026-05-29T19:26:44.057+0000] {processor.py:830} INFO - Processing file /home/airflow/.local/lib/python3.8/site-packages/airflow/example_dags/example_kubernetes_executor.py for tasks to queue
[2026-05-29T19:26:44.059+0000] {logging_mixin.py:188} INFO - [2026-05-29T19:26:44.059+0000] {dagbag.py:540} INFO - Filling up the DagBag from /home/airflow/.local/lib/python3.8/site-packages/airflow/example_dags/example_kubernetes_executor.py
[2026-05-29T19:26:44.075+0000] {processor.py:840} INFO - DAG(s) 'example_kubernetes_executor' retrieved from /home/airflow/.local/lib/python3.8/site-packages/airflow/example_dags/example_kubernetes_executor.py
[2026-05-29T19:26:44.108+0000] {logging_mixin.py:188} INFO - [2026-05-29T19:26:44.108+0000] {dag.py:3047} INFO - Sync 1 DAGs
[2026-05-29T19:26:44.126+0000] {logging_mixin.py:188} INFO - [2026-05-29T19:26:44.126+0000] {dag.py:3834} INFO - Setting next_dagrun for example_kubernetes_executor to None, run_after=None
[2026-05-29T19:26:44.166+0000] {processor.py:183} INFO - Processing /home/airflow/.local/lib/python3.8/site-packages/airflow/example_dags/example_kubernetes_executor.py took 0.113 seconds
[2026-05-29T19:27:14.282+0000] {processor.py:161} INFO - Started process (PID=1286) to work on /home/airflow/.local/lib/python3.8/site-packages/airflow/example_dags/example_kubernetes_executor.py
[2026-05-29T19:27:14.284+0000] {processor.py:830} INFO - Processing file /home/airflow/.local/lib/python3.8/site-packages/airflow/example_dags/example_kubernetes_executor.py for tasks to queue
[2026-05-29T19:27:14.286+0000] {logging_mixin.py:188} INFO - [2026-05-29T19:27:14.285+0000] {dagbag.py:540} INFO - Filling up the DagBag from /home/airflow/.local/lib/python3.8/site-packages/airflow/example_dags/example_kubernetes_executor.py
[2026-05-29T19:27:14.297+0000] {processor.py:840} INFO - DAG(s) 'example_kubernetes_executor' retrieved from /home/airflow/.local/lib/python3.8/site-packages/airflow/example_dags/example_kubernetes_executor.py
[2026-05-29T19:27:14.332+0000] {logging_mixin.py:188} INFO - [2026-05-29T19:27:14.332+0000] {dag.py:3047} INFO - Sync 1 DAGs
[2026-05-29T19:27:14.344+0000] {logging_mixin.py:188} INFO - [2026-05-29T19:27:14.343+0000] {dag.py:3834} INFO - Setting next_dagrun for example_kubernetes_executor to None, run_after=None
[2026-05-29T19:27:14.363+0000] {processor.py:183} INFO - Processing /home/airflow/.local/lib/python3.8/site-packages/airflow/example_dags/example_kubernetes_executor.py took 0.084 seconds
[2026-05-29T19:27:45.158+0000] {processor.py:161} INFO - Started process (PID=1340) to work on /home/airflow/.local/lib/python3.8/site-packages/airflow/example_dags/example_kubernetes_executor.py
[2026-05-29T19:27:45.160+0000] {processor.py:830} INFO - Processing file /home/airflow/.local/lib/python3.8/site-packages/airflow/example_dags/example_kubernetes_executor.py for tasks to queue
[2026-05-29T19:27:45.166+0000] {logging_mixin.py:188} INFO - [2026-05-29T19:27:45.165+0000] {dagbag.py:540} INFO - Filling up the DagBag from /home/airflow/.local/lib/python3.8/site-packages/airflow/example_dags/example_kubernetes_executor.py
[2026-05-29T19:27:45.188+0000] {processor.py:840} INFO - DAG(s) 'example_kubernetes_executor' retrieved from /home/airflow/.local/lib/python3.8/site-packages/airflow/example_dags/example_kubernetes_executor.py
[2026-05-29T19:27:45.247+0000] {logging_mixin.py:188} INFO - [2026-05-29T19:27:45.246+0000] {dag.py:3047} INFO - Sync 1 DAGs
[2026-05-29T19:27:45.268+0000] {logging_mixin.py:188} INFO - [2026-05-29T19:27:45.267+0000] {dag.py:3834} INFO - Setting next_dagrun for example_kubernetes_executor to None, run_after=None
[2026-05-29T19:27:45.301+0000] {processor.py:183} INFO - Processing /home/airflow/.local/lib/python3.8/site-packages/airflow/example_dags/example_kubernetes_executor.py took 0.147 seconds
[2026-05-29T19:28:15.978+0000] {processor.py:161} INFO - Started process (PID=1395) to work on /home/airflow/.local/lib/python3.8/site-packages/airflow/example_dags/example_kubernetes_executor.py
[2026-05-29T19:28:15.980+0000] {processor.py:830} INFO - Processing file /home/airflow/.local/lib/python3.8/site-packages/airflow/example_dags/example_kubernetes_executor.py for tasks to queue
[2026-05-29T19:28:15.981+0000] {logging_mixin.py:188} INFO - [2026-05-29T19:28:15.981+0000] {dagbag.py:540} INFO - Filling up the DagBag from /home/airflow/.local/lib/python3.8/site-packages/airflow/example_dags/example_kubernetes_executor.py
[2026-05-29T19:28:15.992+0000] {processor.py:840} INFO - DAG(s) 'example_kubernetes_executor' retrieved from /home/airflow/.local/lib/python3.8/site-packages/airflow/example_dags/example_kubernetes_executor.py
[2026-05-29T19:28:16.023+0000] {logging_mixin.py:188} INFO - [2026-05-29T19:28:16.023+0000] {dag.py:3047} INFO - Sync 1 DAGs
[2026-05-29T19:28:16.033+0000] {logging_mixin.py:188} INFO - [2026-05-29T19:28:16.033+0000] {dag.py:3834} INFO - Setting next_dagrun for example_kubernetes_executor to None, run_after=None
[2026-05-29T19:28:16.052+0000] {processor.py:183} INFO - Processing /home/airflow/.local/lib/python3.8/site-packages/airflow/example_dags/example_kubernetes_executor.py took 0.076 seconds
[2026-05-29T19:28:46.409+0000] {processor.py:161} INFO - Started process (PID=1449) to work on /home/airflow/.local/lib/python3.8/site-packages/airflow/example_dags/example_kubernetes_executor.py
[2026-05-29T19:28:46.411+0000] {processor.py:830} INFO - Processing file /home/airflow/.local/lib/python3.8/site-packages/airflow/example_dags/example_kubernetes_executor.py for tasks to queue
[2026-05-29T19:28:46.413+0000] {logging_mixin.py:188} INFO - [2026-05-29T19:28:46.413+0000] {dagbag.py:540} INFO - Filling up the DagBag from /home/airflow/.local/lib/python3.8/site-packages/airflow/example_dags/example_kubernetes_executor.py
[2026-05-29T19:28:46.425+0000] {processor.py:840} INFO - DAG(s) 'example_kubernetes_executor' retrieved from /home/airflow/.local/lib/python3.8/site-packages/airflow/example_dags/example_kubernetes_executor.py
[2026-05-29T19:28:46.457+0000] {logging_mixin.py:188} INFO - [2026-05-29T19:28:46.457+0000] {dag.py:3047} INFO - Sync 1 DAGs
[2026-05-29T19:28:46.468+0000] {logging_mixin.py:188} INFO - [2026-05-29T19:28:46.467+0000] {dag.py:3834} INFO - Setting next_dagrun for example_kubernetes_executor to None, run_after=None
[2026-05-29T19:28:46.490+0000] {processor.py:183} INFO - Processing /home/airflow/.local/lib/python3.8/site-packages/airflow/example_dags/example_kubernetes_executor.py took 0.084 seconds
[2026-05-29T19:29:16.921+0000] {processor.py:161} INFO - Started process (PID=1504) to work on /home/airflow/.local/lib/python3.8/site-packages/airflow/example_dags/example_kubernetes_executor.py
[2026-05-29T19:29:16.922+0000] {processor.py:830} INFO - Processing file /home/airflow/.local/lib/python3.8/site-packages/airflow/example_dags/example_kubernetes_executor.py for tasks to queue
[2026-05-29T19:29:16.924+0000] {logging_mixin.py:188} INFO - [2026-05-29T19:29:16.924+0000] {dagbag.py:540} INFO - Filling up the DagBag from /home/airflow/.local/lib/python3.8/site-packages/airflow/example_dags/example_kubernetes_executor.py
[2026-05-29T19:29:16.934+0000] {processor.py:840} INFO - DAG(s) 'example_kubernetes_executor' retrieved from /home/airflow/.local/lib/python3.8/site-packages/airflow/example_dags/example_kubernetes_executor.py
[2026-05-29T19:29:16.967+0000] {logging_mixin.py:188} INFO - [2026-05-29T19:29:16.967+0000] {dag.py:3047} INFO - Sync 1 DAGs
[2026-05-29T19:29:16.979+0000] {logging_mixin.py:188} INFO - [2026-05-29T19:29:16.979+0000] {dag.py:3834} INFO - Setting next_dagrun for example_kubernetes_executor to None, run_after=None
[2026-05-29T19:29:16.998+0000] {processor.py:183} INFO - Processing /home/airflow/.local/lib/python3.8/site-packages/airflow/example_dags/example_kubernetes_executor.py took 0.079 seconds
[2026-05-29T19:29:47.354+0000] {processor.py:161} INFO - Started process (PID=1559) to work on /home/airflow/.local/lib/python3.8/site-packages/airflow/example_dags/example_kubernetes_executor.py
[2026-05-29T19:29:47.355+0000] {processor.py:830} INFO - Processing file /home/airflow/.local/lib/python3.8/site-packages/airflow/example_dags/example_kubernetes_executor.py for tasks to queue
[2026-05-29T19:29:47.357+0000] {logging_mixin.py:188} INFO - [2026-05-29T19:29:47.357+0000] {dagbag.py:540} INFO - Filling up the DagBag from /home/airflow/.local/lib/python3.8/site-packages/airflow/example_dags/example_kubernetes_executor.py
[2026-05-29T19:29:47.368+0000] {processor.py:840} INFO - DAG(s) 'example_kubernetes_executor' retrieved from /home/airflow/.local/lib/python3.8/site-packages/airflow/example_dags/example_kubernetes_executor.py
[2026-05-29T19:29:47.397+0000] {logging_mixin.py:188} INFO - [2026-05-29T19:29:47.397+0000] {dag.py:3047} INFO - Sync 1 DAGs
[2026-05-29T19:29:47.407+0000] {logging_mixin.py:188} INFO - [2026-05-29T19:29:47.407+0000] {dag.py:3834} INFO - Setting next_dagrun for example_kubernetes_executor to None, run_after=None
[2026-05-29T19:29:47.424+0000] {processor.py:183} INFO - Processing /home/airflow/.local/lib/python3.8/site-packages/airflow/example_dags/example_kubernetes_executor.py took 0.074 seconds
[2026-05-29T19:30:17.703+0000] {processor.py:161} INFO - Started process (PID=1614) to work on /home/airflow/.local/lib/python3.8/site-packages/airflow/example_dags/example_kubernetes_executor.py
[2026-05-29T19:30:17.704+0000] {processor.py:830} INFO - Processing file /home/airflow/.local/lib/python3.8/site-packages/airflow/example_dags/example_kubernetes_executor.py for tasks to queue
[2026-05-29T19:30:17.707+0000] {logging_mixin.py:188} INFO - [2026-05-29T19:30:17.706+0000] {dagbag.py:540} INFO - Filling up the DagBag from /home/airflow/.local/lib/python3.8/site-packages/airflow/example_dags/example_kubernetes_executor.py
[2026-05-29T19:30:17.718+0000] {processor.py:840} INFO - DAG(s) 'example_kubernetes_executor' retrieved from /home/airflow/.local/lib/python3.8/site-packages/airflow/example_dags/example_kubernetes_executor.py
[2026-05-29T19:30:17.762+0000] {logging_mixin.py:188} INFO - [2026-05-29T19:30:17.762+0000] {dag.py:3047} INFO - Sync 1 DAGs
[2026-05-29T19:30:17.774+0000] {logging_mixin.py:188} INFO - [2026-05-29T19:30:17.774+0000] {dag.py:3834} INFO - Setting next_dagrun for example_kubernetes_executor to None, run_after=None
[2026-05-29T19:30:17.794+0000] {processor.py:183} INFO - Processing /home/airflow/.local/lib/python3.8/site-packages/airflow/example_dags/example_kubernetes_executor.py took 0.094 seconds
[2026-05-29T19:30:47.939+0000] {processor.py:161} INFO - Started process (PID=1669) to work on /home/airflow/.local/lib/python3.8/site-packages/airflow/example_dags/example_kubernetes_executor.py
[2026-05-29T19:30:47.941+0000] {processor.py:830} INFO - Processing file /home/airflow/.local/lib/python3.8/site-packages/airflow/example_dags/example_kubernetes_executor.py for tasks to queue
[2026-05-29T19:30:47.943+0000] {logging_mixin.py:188} INFO - [2026-05-29T19:30:47.942+0000] {dagbag.py:540} INFO - Filling up the DagBag from /home/airflow/.local/lib/python3.8/site-packages/airflow/example_dags/example_kubernetes_executor.py
[2026-05-29T19:30:47.953+0000] {processor.py:840} INFO - DAG(s) 'example_kubernetes_executor' retrieved from /home/airflow/.local/lib/python3.8/site-packages/airflow/example_dags/example_kubernetes_executor.py
[2026-05-29T19:30:47.991+0000] {logging_mixin.py:188} INFO - [2026-05-29T19:30:47.990+0000] {dag.py:3047} INFO - Sync 1 DAGs
[2026-05-29T19:30:48.002+0000] {logging_mixin.py:188} INFO - [2026-05-29T19:30:48.002+0000] {dag.py:3834} INFO - Setting next_dagrun for example_kubernetes_executor to None, run_after=None
[2026-05-29T19:30:48.028+0000] {processor.py:183} INFO - Processing /home/airflow/.local/lib/python3.8/site-packages/airflow/example_dags/example_kubernetes_executor.py took 0.091 seconds
[2026-05-29T19:31:18.163+0000] {processor.py:161} INFO - Started process (PID=1725) to work on /home/airflow/.local/lib/python3.8/site-packages/airflow/example_dags/example_kubernetes_executor.py
[2026-05-29T19:31:18.164+0000] {processor.py:830} INFO - Processing file /home/airflow/.local/lib/python3.8/site-packages/airflow/example_dags/example_kubernetes_executor.py for tasks to queue
[2026-05-29T19:31:18.166+0000] {logging_mixin.py:188} INFO - [2026-05-29T19:31:18.166+0000] {dagbag.py:540} INFO - Filling up the DagBag from /home/airflow/.local/lib/python3.8/site-packages/airflow/example_dags/example_kubernetes_executor.py
[2026-05-29T19:31:18.176+0000] {processor.py:840} INFO - DAG(s) 'example_kubernetes_executor' retrieved from /home/airflow/.local/lib/python3.8/site-packages/airflow/example_dags/example_kubernetes_executor.py
[2026-05-29T19:31:18.207+0000] {logging_mixin.py:188} INFO - [2026-05-29T19:31:18.207+0000] {dag.py:3047} INFO - Sync 1 DAGs
[2026-05-29T19:31:18.219+0000] {logging_mixin.py:188} INFO - [2026-05-29T19:31:18.219+0000] {dag.py:3834} INFO - Setting next_dagrun for example_kubernetes_executor to None, run_after=None
[2026-05-29T19:31:18.238+0000] {processor.py:183} INFO - Processing /home/airflow/.local/lib/python3.8/site-packages/airflow/example_dags/example_kubernetes_executor.py took 0.078 seconds
[2026-05-29T19:31:48.658+0000] {processor.py:161} INFO - Started process (PID=1779) to work on /home/airflow/.local/lib/python3.8/site-packages/airflow/example_dags/example_kubernetes_executor.py
[2026-05-29T19:31:48.660+0000] {processor.py:830} INFO - Processing file /home/airflow/.local/lib/python3.8/site-packages/airflow/example_dags/example_kubernetes_executor.py for tasks to queue
[2026-05-29T19:31:48.662+0000] {logging_mixin.py:188} INFO - [2026-05-29T19:31:48.661+0000] {dagbag.py:540} INFO - Filling up the DagBag from /home/airflow/.local/lib/python3.8/site-packages/airflow/example_dags/example_kubernetes_executor.py
[2026-05-29T19:31:48.673+0000] {processor.py:840} INFO - DAG(s) 'example_kubernetes_executor' retrieved from /home/airflow/.local/lib/python3.8/site-packages/airflow/example_dags/example_kubernetes_executor.py
[2026-05-29T19:31:48.707+0000] {logging_mixin.py:188} INFO - [2026-05-29T19:31:48.706+0000] {dag.py:3047} INFO - Sync 1 DAGs
[2026-05-29T19:31:48.718+0000] {logging_mixin.py:188} INFO - [2026-05-29T19:31:48.717+0000] {dag.py:3834} INFO - Setting next_dagrun for example_kubernetes_executor to None, run_after=None
[2026-05-29T19:31:48.736+0000] {processor.py:183} INFO - Processing /home/airflow/.local/lib/python3.8/site-packages/airflow/example_dags/example_kubernetes_executor.py took 0.080 seconds
[2026-05-29T19:32:18.807+0000] {processor.py:161} INFO - Started process (PID=1834) to work on /home/airflow/.local/lib/python3.8/site-packages/airflow/example_dags/example_kubernetes_executor.py
[2026-05-29T19:32:18.808+0000] {processor.py:830} INFO - Processing file /home/airflow/.local/lib/python3.8/site-packages/airflow/example_dags/example_kubernetes_executor.py for tasks to queue
[2026-05-29T19:32:18.810+0000] {logging_mixin.py:188} INFO - [2026-05-29T19:32:18.810+0000] {dagbag.py:540} INFO - Filling up the DagBag from /home/airflow/.local/lib/python3.8/site-packages/airflow/example_dags/example_kubernetes_executor.py
[2026-05-29T19:32:18.821+0000] {processor.py:840} INFO - DAG(s) 'example_kubernetes_executor' retrieved from /home/airflow/.local/lib/python3.8/site-packages/airflow/example_dags/example_kubernetes_executor.py
[2026-05-29T19:32:18.852+0000] {logging_mixin.py:188} INFO - [2026-05-29T19:32:18.852+0000] {dag.py:3047} INFO - Sync 1 DAGs
[2026-05-29T19:32:18.863+0000] {logging_mixin.py:188} INFO - [2026-05-29T19:32:18.863+0000] {dag.py:3834} INFO - Setting next_dagrun for example_kubernetes_executor to None, run_after=None
[2026-05-29T19:32:18.881+0000] {processor.py:183} INFO - Processing /home/airflow/.local/lib/python3.8/site-packages/airflow/example_dags/example_kubernetes_executor.py took 0.077 seconds
[2026-05-29T19:32:49.198+0000] {processor.py:161} INFO - Started process (PID=1890) to work on /home/airflow/.local/lib/python3.8/site-packages/airflow/example_dags/example_kubernetes_executor.py
[2026-05-29T19:32:49.199+0000] {processor.py:830} INFO - Processing file /home/airflow/.local/lib/python3.8/site-packages/airflow/example_dags/example_kubernetes_executor.py for tasks to queue
[2026-05-29T19:32:49.202+0000] {logging_mixin.py:188} INFO - [2026-05-29T19:32:49.202+0000] {dagbag.py:540} INFO - Filling up the DagBag from /home/airflow/.local/lib/python3.8/site-packages/airflow/example_dags/example_kubernetes_executor.py
[2026-05-29T19:32:49.213+0000] {processor.py:840} INFO - DAG(s) 'example_kubernetes_executor' retrieved from /home/airflow/.local/lib/python3.8/site-packages/airflow/example_dags/example_kubernetes_executor.py
[2026-05-29T19:32:49.246+0000] {logging_mixin.py:188} INFO - [2026-05-29T19:32:49.246+0000] {dag.py:3047} INFO - Sync 1 DAGs
[2026-05-29T19:32:49.258+0000] {logging_mixin.py:188} INFO - [2026-05-29T19:32:49.258+0000] {dag.py:3834} INFO - Setting next_dagrun for example_kubernetes_executor to None, run_after=None
[2026-05-29T19:32:49.277+0000] {processor.py:183} INFO - Processing /home/airflow/.local/lib/python3.8/site-packages/airflow/example_dags/example_kubernetes_executor.py took 0.082 seconds
[2026-05-29T19:33:19.660+0000] {processor.py:161} INFO - Started process (PID=1945) to work on /home/airflow/.local/lib/python3.8/site-packages/airflow/example_dags/example_kubernetes_executor.py
[2026-05-29T19:33:19.662+0000] {processor.py:830} INFO - Processing file /home/airflow/.local/lib/python3.8/site-packages/airflow/example_dags/example_kubernetes_executor.py for tasks to queue
[2026-05-29T19:33:19.664+0000] {logging_mixin.py:188} INFO - [2026-05-29T19:33:19.664+0000] {dagbag.py:540} INFO - Filling up the DagBag from /home/airflow/.local/lib/python3.8/site-packages/airflow/example_dags/example_kubernetes_executor.py
[2026-05-29T19:33:19.675+0000] {processor.py:840} INFO - DAG(s) 'example_kubernetes_executor' retrieved from /home/airflow/.local/lib/python3.8/site-packages/airflow/example_dags/example_kubernetes_executor.py
[2026-05-29T19:33:19.707+0000] {logging_mixin.py:188} INFO - [2026-05-29T19:33:19.707+0000] {dag.py:3047} INFO - Sync 1 DAGs
[2026-05-29T19:33:19.719+0000] {logging_mixin.py:188} INFO - [2026-05-29T19:33:19.719+0000] {dag.py:3834} INFO - Setting next_dagrun for example_kubernetes_executor to None, run_after=None
[2026-05-29T19:33:19.737+0000] {processor.py:183} INFO - Processing /home/airflow/.local/lib/python3.8/site-packages/airflow/example_dags/example_kubernetes_executor.py took 0.079 seconds
[2026-05-29T19:33:50.113+0000] {processor.py:161} INFO - Started process (PID=2000) to work on /home/airflow/.local/lib/python3.8/site-packages/airflow/example_dags/example_kubernetes_executor.py
[2026-05-29T19:33:50.114+0000] {processor.py:830} INFO - Processing file /home/airflow/.local/lib/python3.8/site-packages/airflow/example_dags/example_kubernetes_executor.py for tasks to queue
[2026-05-29T19:33:50.115+0000] {logging_mixin.py:188} INFO - [2026-05-29T19:33:50.115+0000] {dagbag.py:540} INFO - Filling up the DagBag from /home/airflow/.local/lib/python3.8/site-packages/airflow/example_dags/example_kubernetes_executor.py
[2026-05-29T19:33:50.125+0000] {processor.py:840} INFO - DAG(s) 'example_kubernetes_executor' retrieved from /home/airflow/.local/lib/python3.8/site-packages/airflow/example_dags/example_kubernetes_executor.py
[2026-05-29T19:33:50.163+0000] {logging_mixin.py:188} INFO - [2026-05-29T19:33:50.163+0000] {dag.py:3047} INFO - Sync 1 DAGs
[2026-05-29T19:33:50.175+0000] {logging_mixin.py:188} INFO - [2026-05-29T19:33:50.174+0000] {dag.py:3834} INFO - Setting next_dagrun for example_kubernetes_executor to None, run_after=None
[2026-05-29T19:33:50.196+0000] {processor.py:183} INFO - Processing /home/airflow/.local/lib/python3.8/site-packages/airflow/example_dags/example_kubernetes_executor.py took 0.086 seconds
