[2026-05-29T19:16:07.212+0000] {processor.py:161} INFO - Started process (PID=92) to work on /home/airflow/.local/lib/python3.8/site-packages/airflow/example_dags/example_xcomargs.py
[2026-05-29T19:16:07.215+0000] {processor.py:830} INFO - Processing file /home/airflow/.local/lib/python3.8/site-packages/airflow/example_dags/example_xcomargs.py for tasks to queue
[2026-05-29T19:16:07.218+0000] {logging_mixin.py:188} INFO - [2026-05-29T19:16:07.217+0000] {dagbag.py:540} INFO - Filling up the DagBag from /home/airflow/.local/lib/python3.8/site-packages/airflow/example_dags/example_xcomargs.py
[2026-05-29T19:16:07.235+0000] {processor.py:840} INFO - DAG(s) 'example_xcom_args', 'example_xcom_args_with_operators' retrieved from /home/airflow/.local/lib/python3.8/site-packages/airflow/example_dags/example_xcomargs.py
[2026-05-29T19:16:07.295+0000] {logging_mixin.py:188} INFO - [2026-05-29T19:16:07.295+0000] {dag.py:3047} INFO - Sync 2 DAGs
[2026-05-29T19:16:07.315+0000] {logging_mixin.py:188} INFO - [2026-05-29T19:16:07.315+0000] {dag.py:3834} INFO - Setting next_dagrun for example_xcom_args to None, run_after=None
[2026-05-29T19:16:07.321+0000] {logging_mixin.py:188} INFO - [2026-05-29T19:16:07.320+0000] {dag.py:3834} INFO - Setting next_dagrun for example_xcom_args_with_operators to None, run_after=None
[2026-05-29T19:16:07.350+0000] {processor.py:183} INFO - Processing /home/airflow/.local/lib/python3.8/site-packages/airflow/example_dags/example_xcomargs.py took 0.142 seconds
[2026-05-29T19:16:37.636+0000] {processor.py:161} INFO - Started process (PID=147) to work on /home/airflow/.local/lib/python3.8/site-packages/airflow/example_dags/example_xcomargs.py
[2026-05-29T19:16:37.637+0000] {processor.py:830} INFO - Processing file /home/airflow/.local/lib/python3.8/site-packages/airflow/example_dags/example_xcomargs.py for tasks to queue
[2026-05-29T19:16:37.639+0000] {logging_mixin.py:188} INFO - [2026-05-29T19:16:37.639+0000] {dagbag.py:540} INFO - Filling up the DagBag from /home/airflow/.local/lib/python3.8/site-packages/airflow/example_dags/example_xcomargs.py
[2026-05-29T19:16:37.646+0000] {processor.py:840} INFO - DAG(s) 'example_xcom_args', 'example_xcom_args_with_operators' retrieved from /home/airflow/.local/lib/python3.8/site-packages/airflow/example_dags/example_xcomargs.py
[2026-05-29T19:16:37.665+0000] {logging_mixin.py:188} INFO - [2026-05-29T19:16:37.665+0000] {dag.py:3047} INFO - Sync 2 DAGs
[2026-05-29T19:16:37.676+0000] {logging_mixin.py:188} INFO - [2026-05-29T19:16:37.676+0000] {dag.py:3834} INFO - Setting next_dagrun for example_xcom_args to None, run_after=None
[2026-05-29T19:16:37.680+0000] {logging_mixin.py:188} INFO - [2026-05-29T19:16:37.680+0000] {dag.py:3834} INFO - Setting next_dagrun for example_xcom_args_with_operators to None, run_after=None
[2026-05-29T19:16:37.694+0000] {processor.py:183} INFO - Processing /home/airflow/.local/lib/python3.8/site-packages/airflow/example_dags/example_xcomargs.py took 0.061 seconds
[2026-05-29T19:17:07.730+0000] {processor.py:161} INFO - Started process (PID=202) to work on /home/airflow/.local/lib/python3.8/site-packages/airflow/example_dags/example_xcomargs.py
[2026-05-29T19:17:07.732+0000] {processor.py:830} INFO - Processing file /home/airflow/.local/lib/python3.8/site-packages/airflow/example_dags/example_xcomargs.py for tasks to queue
[2026-05-29T19:17:07.734+0000] {logging_mixin.py:188} INFO - [2026-05-29T19:17:07.734+0000] {dagbag.py:540} INFO - Filling up the DagBag from /home/airflow/.local/lib/python3.8/site-packages/airflow/example_dags/example_xcomargs.py
[2026-05-29T19:17:07.741+0000] {processor.py:840} INFO - DAG(s) 'example_xcom_args_with_operators', 'example_xcom_args' retrieved from /home/airflow/.local/lib/python3.8/site-packages/airflow/example_dags/example_xcomargs.py
[2026-05-29T19:17:07.763+0000] {logging_mixin.py:188} INFO - [2026-05-29T19:17:07.763+0000] {dag.py:3047} INFO - Sync 2 DAGs
[2026-05-29T19:17:07.775+0000] {logging_mixin.py:188} INFO - [2026-05-29T19:17:07.774+0000] {dag.py:3834} INFO - Setting next_dagrun for example_xcom_args to None, run_after=None
[2026-05-29T19:17:07.778+0000] {logging_mixin.py:188} INFO - [2026-05-29T19:17:07.778+0000] {dag.py:3834} INFO - Setting next_dagrun for example_xcom_args_with_operators to None, run_after=None
[2026-05-29T19:17:07.792+0000] {processor.py:183} INFO - Processing /home/airflow/.local/lib/python3.8/site-packages/airflow/example_dags/example_xcomargs.py took 0.064 seconds
[2026-05-29T19:17:38.338+0000] {processor.py:161} INFO - Started process (PID=257) to work on /home/airflow/.local/lib/python3.8/site-packages/airflow/example_dags/example_xcomargs.py
[2026-05-29T19:17:38.340+0000] {processor.py:830} INFO - Processing file /home/airflow/.local/lib/python3.8/site-packages/airflow/example_dags/example_xcomargs.py for tasks to queue
[2026-05-29T19:17:38.342+0000] {logging_mixin.py:188} INFO - [2026-05-29T19:17:38.342+0000] {dagbag.py:540} INFO - Filling up the DagBag from /home/airflow/.local/lib/python3.8/site-packages/airflow/example_dags/example_xcomargs.py
[2026-05-29T19:17:38.350+0000] {processor.py:840} INFO - DAG(s) 'example_xcom_args_with_operators', 'example_xcom_args' retrieved from /home/airflow/.local/lib/python3.8/site-packages/airflow/example_dags/example_xcomargs.py
[2026-05-29T19:17:38.373+0000] {logging_mixin.py:188} INFO - [2026-05-29T19:17:38.373+0000] {dag.py:3047} INFO - Sync 2 DAGs
[2026-05-29T19:17:38.383+0000] {logging_mixin.py:188} INFO - [2026-05-29T19:17:38.383+0000] {dag.py:3834} INFO - Setting next_dagrun for example_xcom_args to None, run_after=None
[2026-05-29T19:17:38.387+0000] {logging_mixin.py:188} INFO - [2026-05-29T19:17:38.387+0000] {dag.py:3834} INFO - Setting next_dagrun for example_xcom_args_with_operators to None, run_after=None
[2026-05-29T19:17:38.404+0000] {processor.py:183} INFO - Processing /home/airflow/.local/lib/python3.8/site-packages/airflow/example_dags/example_xcomargs.py took 0.068 seconds
[2026-05-29T19:18:09.365+0000] {processor.py:161} INFO - Started process (PID=312) to work on /home/airflow/.local/lib/python3.8/site-packages/airflow/example_dags/example_xcomargs.py
[2026-05-29T19:18:09.367+0000] {processor.py:830} INFO - Processing file /home/airflow/.local/lib/python3.8/site-packages/airflow/example_dags/example_xcomargs.py for tasks to queue
[2026-05-29T19:18:09.369+0000] {logging_mixin.py:188} INFO - [2026-05-29T19:18:09.369+0000] {dagbag.py:540} INFO - Filling up the DagBag from /home/airflow/.local/lib/python3.8/site-packages/airflow/example_dags/example_xcomargs.py
[2026-05-29T19:18:09.377+0000] {processor.py:840} INFO - DAG(s) 'example_xcom_args', 'example_xcom_args_with_operators' retrieved from /home/airflow/.local/lib/python3.8/site-packages/airflow/example_dags/example_xcomargs.py
[2026-05-29T19:18:09.409+0000] {logging_mixin.py:188} INFO - [2026-05-29T19:18:09.408+0000] {dag.py:3047} INFO - Sync 2 DAGs
[2026-05-29T19:18:09.421+0000] {logging_mixin.py:188} INFO - [2026-05-29T19:18:09.421+0000] {dag.py:3834} INFO - Setting next_dagrun for example_xcom_args to None, run_after=None
[2026-05-29T19:18:09.425+0000] {logging_mixin.py:188} INFO - [2026-05-29T19:18:09.425+0000] {dag.py:3834} INFO - Setting next_dagrun for example_xcom_args_with_operators to None, run_after=None
[2026-05-29T19:18:09.442+0000] {processor.py:183} INFO - Processing /home/airflow/.local/lib/python3.8/site-packages/airflow/example_dags/example_xcomargs.py took 0.080 seconds
[2026-05-29T19:18:39.906+0000] {processor.py:161} INFO - Started process (PID=367) to work on /home/airflow/.local/lib/python3.8/site-packages/airflow/example_dags/example_xcomargs.py
[2026-05-29T19:18:39.908+0000] {processor.py:830} INFO - Processing file /home/airflow/.local/lib/python3.8/site-packages/airflow/example_dags/example_xcomargs.py for tasks to queue
[2026-05-29T19:18:39.911+0000] {logging_mixin.py:188} INFO - [2026-05-29T19:18:39.911+0000] {dagbag.py:540} INFO - Filling up the DagBag from /home/airflow/.local/lib/python3.8/site-packages/airflow/example_dags/example_xcomargs.py
[2026-05-29T19:18:39.923+0000] {processor.py:840} INFO - DAG(s) 'example_xcom_args', 'example_xcom_args_with_operators' retrieved from /home/airflow/.local/lib/python3.8/site-packages/airflow/example_dags/example_xcomargs.py
[2026-05-29T19:18:39.959+0000] {logging_mixin.py:188} INFO - [2026-05-29T19:18:39.959+0000] {dag.py:3047} INFO - Sync 2 DAGs
[2026-05-29T19:18:39.980+0000] {logging_mixin.py:188} INFO - [2026-05-29T19:18:39.979+0000] {dag.py:3834} INFO - Setting next_dagrun for example_xcom_args to None, run_after=None
[2026-05-29T19:18:39.987+0000] {logging_mixin.py:188} INFO - [2026-05-29T19:18:39.986+0000] {dag.py:3834} INFO - Setting next_dagrun for example_xcom_args_with_operators to None, run_after=None
[2026-05-29T19:18:40.022+0000] {processor.py:183} INFO - Processing /home/airflow/.local/lib/python3.8/site-packages/airflow/example_dags/example_xcomargs.py took 0.121 seconds
[2026-05-29T19:19:10.163+0000] {processor.py:161} INFO - Started process (PID=422) to work on /home/airflow/.local/lib/python3.8/site-packages/airflow/example_dags/example_xcomargs.py
[2026-05-29T19:19:10.165+0000] {processor.py:830} INFO - Processing file /home/airflow/.local/lib/python3.8/site-packages/airflow/example_dags/example_xcomargs.py for tasks to queue
[2026-05-29T19:19:10.167+0000] {logging_mixin.py:188} INFO - [2026-05-29T19:19:10.167+0000] {dagbag.py:540} INFO - Filling up the DagBag from /home/airflow/.local/lib/python3.8/site-packages/airflow/example_dags/example_xcomargs.py
[2026-05-29T19:19:10.174+0000] {processor.py:840} INFO - DAG(s) 'example_xcom_args_with_operators', 'example_xcom_args' retrieved from /home/airflow/.local/lib/python3.8/site-packages/airflow/example_dags/example_xcomargs.py
[2026-05-29T19:19:10.210+0000] {logging_mixin.py:188} INFO - [2026-05-29T19:19:10.209+0000] {dag.py:3047} INFO - Sync 2 DAGs
[2026-05-29T19:19:10.221+0000] {logging_mixin.py:188} INFO - [2026-05-29T19:19:10.221+0000] {dag.py:3834} INFO - Setting next_dagrun for example_xcom_args to None, run_after=None
[2026-05-29T19:19:10.225+0000] {logging_mixin.py:188} INFO - [2026-05-29T19:19:10.225+0000] {dag.py:3834} INFO - Setting next_dagrun for example_xcom_args_with_operators to None, run_after=None
[2026-05-29T19:19:10.245+0000] {processor.py:183} INFO - Processing /home/airflow/.local/lib/python3.8/site-packages/airflow/example_dags/example_xcomargs.py took 0.085 seconds
[2026-05-29T19:19:40.617+0000] {processor.py:161} INFO - Started process (PID=477) to work on /home/airflow/.local/lib/python3.8/site-packages/airflow/example_dags/example_xcomargs.py
[2026-05-29T19:19:40.619+0000] {processor.py:830} INFO - Processing file /home/airflow/.local/lib/python3.8/site-packages/airflow/example_dags/example_xcomargs.py for tasks to queue
[2026-05-29T19:19:40.621+0000] {logging_mixin.py:188} INFO - [2026-05-29T19:19:40.621+0000] {dagbag.py:540} INFO - Filling up the DagBag from /home/airflow/.local/lib/python3.8/site-packages/airflow/example_dags/example_xcomargs.py
[2026-05-29T19:19:40.629+0000] {processor.py:840} INFO - DAG(s) 'example_xcom_args_with_operators', 'example_xcom_args' retrieved from /home/airflow/.local/lib/python3.8/site-packages/airflow/example_dags/example_xcomargs.py
[2026-05-29T19:19:40.656+0000] {logging_mixin.py:188} INFO - [2026-05-29T19:19:40.656+0000] {dag.py:3047} INFO - Sync 2 DAGs
[2026-05-29T19:19:40.668+0000] {logging_mixin.py:188} INFO - [2026-05-29T19:19:40.668+0000] {dag.py:3834} INFO - Setting next_dagrun for example_xcom_args to None, run_after=None
[2026-05-29T19:19:40.672+0000] {logging_mixin.py:188} INFO - [2026-05-29T19:19:40.672+0000] {dag.py:3834} INFO - Setting next_dagrun for example_xcom_args_with_operators to None, run_after=None
[2026-05-29T19:19:40.693+0000] {processor.py:183} INFO - Processing /home/airflow/.local/lib/python3.8/site-packages/airflow/example_dags/example_xcomargs.py took 0.079 seconds
[2026-05-29T19:20:11.019+0000] {processor.py:161} INFO - Started process (PID=532) to work on /home/airflow/.local/lib/python3.8/site-packages/airflow/example_dags/example_xcomargs.py
[2026-05-29T19:20:11.021+0000] {processor.py:830} INFO - Processing file /home/airflow/.local/lib/python3.8/site-packages/airflow/example_dags/example_xcomargs.py for tasks to queue
[2026-05-29T19:20:11.025+0000] {logging_mixin.py:188} INFO - [2026-05-29T19:20:11.024+0000] {dagbag.py:540} INFO - Filling up the DagBag from /home/airflow/.local/lib/python3.8/site-packages/airflow/example_dags/example_xcomargs.py
[2026-05-29T19:20:11.034+0000] {processor.py:840} INFO - DAG(s) 'example_xcom_args', 'example_xcom_args_with_operators' retrieved from /home/airflow/.local/lib/python3.8/site-packages/airflow/example_dags/example_xcomargs.py
[2026-05-29T19:20:11.056+0000] {logging_mixin.py:188} INFO - [2026-05-29T19:20:11.056+0000] {dag.py:3047} INFO - Sync 2 DAGs
[2026-05-29T19:20:11.068+0000] {logging_mixin.py:188} INFO - [2026-05-29T19:20:11.068+0000] {dag.py:3834} INFO - Setting next_dagrun for example_xcom_args to None, run_after=None
[2026-05-29T19:20:11.074+0000] {logging_mixin.py:188} INFO - [2026-05-29T19:20:11.073+0000] {dag.py:3834} INFO - Setting next_dagrun for example_xcom_args_with_operators to None, run_after=None
[2026-05-29T19:20:11.096+0000] {processor.py:183} INFO - Processing /home/airflow/.local/lib/python3.8/site-packages/airflow/example_dags/example_xcomargs.py took 0.079 seconds
[2026-05-29T19:20:41.202+0000] {processor.py:161} INFO - Started process (PID=587) to work on /home/airflow/.local/lib/python3.8/site-packages/airflow/example_dags/example_xcomargs.py
[2026-05-29T19:20:41.203+0000] {processor.py:830} INFO - Processing file /home/airflow/.local/lib/python3.8/site-packages/airflow/example_dags/example_xcomargs.py for tasks to queue
[2026-05-29T19:20:41.206+0000] {logging_mixin.py:188} INFO - [2026-05-29T19:20:41.205+0000] {dagbag.py:540} INFO - Filling up the DagBag from /home/airflow/.local/lib/python3.8/site-packages/airflow/example_dags/example_xcomargs.py
[2026-05-29T19:20:41.213+0000] {processor.py:840} INFO - DAG(s) 'example_xcom_args', 'example_xcom_args_with_operators' retrieved from /home/airflow/.local/lib/python3.8/site-packages/airflow/example_dags/example_xcomargs.py
[2026-05-29T19:20:41.239+0000] {logging_mixin.py:188} INFO - [2026-05-29T19:20:41.239+0000] {dag.py:3047} INFO - Sync 2 DAGs
[2026-05-29T19:20:41.249+0000] {logging_mixin.py:188} INFO - [2026-05-29T19:20:41.249+0000] {dag.py:3834} INFO - Setting next_dagrun for example_xcom_args to None, run_after=None
[2026-05-29T19:20:41.255+0000] {logging_mixin.py:188} INFO - [2026-05-29T19:20:41.254+0000] {dag.py:3834} INFO - Setting next_dagrun for example_xcom_args_with_operators to None, run_after=None
[2026-05-29T19:20:41.273+0000] {processor.py:183} INFO - Processing /home/airflow/.local/lib/python3.8/site-packages/airflow/example_dags/example_xcomargs.py took 0.074 seconds
[2026-05-29T19:21:11.683+0000] {processor.py:161} INFO - Started process (PID=642) to work on /home/airflow/.local/lib/python3.8/site-packages/airflow/example_dags/example_xcomargs.py
[2026-05-29T19:21:11.685+0000] {processor.py:830} INFO - Processing file /home/airflow/.local/lib/python3.8/site-packages/airflow/example_dags/example_xcomargs.py for tasks to queue
[2026-05-29T19:21:11.688+0000] {logging_mixin.py:188} INFO - [2026-05-29T19:21:11.687+0000] {dagbag.py:540} INFO - Filling up the DagBag from /home/airflow/.local/lib/python3.8/site-packages/airflow/example_dags/example_xcomargs.py
[2026-05-29T19:21:11.708+0000] {processor.py:840} INFO - DAG(s) 'example_xcom_args_with_operators', 'example_xcom_args' retrieved from /home/airflow/.local/lib/python3.8/site-packages/airflow/example_dags/example_xcomargs.py
[2026-05-29T19:21:11.752+0000] {logging_mixin.py:188} INFO - [2026-05-29T19:21:11.751+0000] {dag.py:3047} INFO - Sync 2 DAGs
[2026-05-29T19:21:11.767+0000] {logging_mixin.py:188} INFO - [2026-05-29T19:21:11.767+0000] {dag.py:3834} INFO - Setting next_dagrun for example_xcom_args to None, run_after=None
[2026-05-29T19:21:11.771+0000] {logging_mixin.py:188} INFO - [2026-05-29T19:21:11.771+0000] {dag.py:3834} INFO - Setting next_dagrun for example_xcom_args_with_operators to None, run_after=None
[2026-05-29T19:21:11.793+0000] {processor.py:183} INFO - Processing /home/airflow/.local/lib/python3.8/site-packages/airflow/example_dags/example_xcomargs.py took 0.113 seconds
[2026-05-29T19:21:41.940+0000] {processor.py:161} INFO - Started process (PID=697) to work on /home/airflow/.local/lib/python3.8/site-packages/airflow/example_dags/example_xcomargs.py
[2026-05-29T19:21:41.941+0000] {processor.py:830} INFO - Processing file /home/airflow/.local/lib/python3.8/site-packages/airflow/example_dags/example_xcomargs.py for tasks to queue
[2026-05-29T19:21:41.945+0000] {logging_mixin.py:188} INFO - [2026-05-29T19:21:41.944+0000] {dagbag.py:540} INFO - Filling up the DagBag from /home/airflow/.local/lib/python3.8/site-packages/airflow/example_dags/example_xcomargs.py
[2026-05-29T19:21:41.953+0000] {processor.py:840} INFO - DAG(s) 'example_xcom_args', 'example_xcom_args_with_operators' retrieved from /home/airflow/.local/lib/python3.8/site-packages/airflow/example_dags/example_xcomargs.py
[2026-05-29T19:21:41.997+0000] {logging_mixin.py:188} INFO - [2026-05-29T19:21:41.996+0000] {dag.py:3047} INFO - Sync 2 DAGs
[2026-05-29T19:21:42.008+0000] {logging_mixin.py:188} INFO - [2026-05-29T19:21:42.008+0000] {dag.py:3834} INFO - Setting next_dagrun for example_xcom_args to None, run_after=None
[2026-05-29T19:21:42.012+0000] {logging_mixin.py:188} INFO - [2026-05-29T19:21:42.012+0000] {dag.py:3834} INFO - Setting next_dagrun for example_xcom_args_with_operators to None, run_after=None
[2026-05-29T19:21:42.039+0000] {processor.py:183} INFO - Processing /home/airflow/.local/lib/python3.8/site-packages/airflow/example_dags/example_xcomargs.py took 0.103 seconds
[2026-05-29T19:22:12.415+0000] {processor.py:161} INFO - Started process (PID=752) to work on /home/airflow/.local/lib/python3.8/site-packages/airflow/example_dags/example_xcomargs.py
[2026-05-29T19:22:12.417+0000] {processor.py:830} INFO - Processing file /home/airflow/.local/lib/python3.8/site-packages/airflow/example_dags/example_xcomargs.py for tasks to queue
[2026-05-29T19:22:12.419+0000] {logging_mixin.py:188} INFO - [2026-05-29T19:22:12.419+0000] {dagbag.py:540} INFO - Filling up the DagBag from /home/airflow/.local/lib/python3.8/site-packages/airflow/example_dags/example_xcomargs.py
[2026-05-29T19:22:12.427+0000] {processor.py:840} INFO - DAG(s) 'example_xcom_args_with_operators', 'example_xcom_args' retrieved from /home/airflow/.local/lib/python3.8/site-packages/airflow/example_dags/example_xcomargs.py
[2026-05-29T19:22:12.449+0000] {logging_mixin.py:188} INFO - [2026-05-29T19:22:12.449+0000] {dag.py:3047} INFO - Sync 2 DAGs
[2026-05-29T19:22:12.459+0000] {logging_mixin.py:188} INFO - [2026-05-29T19:22:12.458+0000] {dag.py:3834} INFO - Setting next_dagrun for example_xcom_args to None, run_after=None
[2026-05-29T19:22:12.462+0000] {logging_mixin.py:188} INFO - [2026-05-29T19:22:12.461+0000] {dag.py:3834} INFO - Setting next_dagrun for example_xcom_args_with_operators to None, run_after=None
[2026-05-29T19:22:12.481+0000] {processor.py:183} INFO - Processing /home/airflow/.local/lib/python3.8/site-packages/airflow/example_dags/example_xcomargs.py took 0.071 seconds
[2026-05-29T19:22:43.461+0000] {processor.py:161} INFO - Started process (PID=807) to work on /home/airflow/.local/lib/python3.8/site-packages/airflow/example_dags/example_xcomargs.py
[2026-05-29T19:22:43.462+0000] {processor.py:830} INFO - Processing file /home/airflow/.local/lib/python3.8/site-packages/airflow/example_dags/example_xcomargs.py for tasks to queue
[2026-05-29T19:22:43.465+0000] {logging_mixin.py:188} INFO - [2026-05-29T19:22:43.464+0000] {dagbag.py:540} INFO - Filling up the DagBag from /home/airflow/.local/lib/python3.8/site-packages/airflow/example_dags/example_xcomargs.py
[2026-05-29T19:22:43.473+0000] {processor.py:840} INFO - DAG(s) 'example_xcom_args_with_operators', 'example_xcom_args' retrieved from /home/airflow/.local/lib/python3.8/site-packages/airflow/example_dags/example_xcomargs.py
[2026-05-29T19:22:43.492+0000] {logging_mixin.py:188} INFO - [2026-05-29T19:22:43.492+0000] {dag.py:3047} INFO - Sync 2 DAGs
[2026-05-29T19:22:43.501+0000] {logging_mixin.py:188} INFO - [2026-05-29T19:22:43.501+0000] {dag.py:3834} INFO - Setting next_dagrun for example_xcom_args to None, run_after=None
[2026-05-29T19:22:43.505+0000] {logging_mixin.py:188} INFO - [2026-05-29T19:22:43.504+0000] {dag.py:3834} INFO - Setting next_dagrun for example_xcom_args_with_operators to None, run_after=None
[2026-05-29T19:22:43.523+0000] {processor.py:183} INFO - Processing /home/airflow/.local/lib/python3.8/site-packages/airflow/example_dags/example_xcomargs.py took 0.066 seconds
[2026-05-29T19:23:13.745+0000] {processor.py:161} INFO - Started process (PID=862) to work on /home/airflow/.local/lib/python3.8/site-packages/airflow/example_dags/example_xcomargs.py
[2026-05-29T19:23:13.746+0000] {processor.py:830} INFO - Processing file /home/airflow/.local/lib/python3.8/site-packages/airflow/example_dags/example_xcomargs.py for tasks to queue
[2026-05-29T19:23:13.748+0000] {logging_mixin.py:188} INFO - [2026-05-29T19:23:13.747+0000] {dagbag.py:540} INFO - Filling up the DagBag from /home/airflow/.local/lib/python3.8/site-packages/airflow/example_dags/example_xcomargs.py
[2026-05-29T19:23:13.754+0000] {processor.py:840} INFO - DAG(s) 'example_xcom_args_with_operators', 'example_xcom_args' retrieved from /home/airflow/.local/lib/python3.8/site-packages/airflow/example_dags/example_xcomargs.py
[2026-05-29T19:23:13.773+0000] {logging_mixin.py:188} INFO - [2026-05-29T19:23:13.773+0000] {dag.py:3047} INFO - Sync 2 DAGs
[2026-05-29T19:23:13.782+0000] {logging_mixin.py:188} INFO - [2026-05-29T19:23:13.782+0000] {dag.py:3834} INFO - Setting next_dagrun for example_xcom_args to None, run_after=None
[2026-05-29T19:23:13.786+0000] {logging_mixin.py:188} INFO - [2026-05-29T19:23:13.786+0000] {dag.py:3834} INFO - Setting next_dagrun for example_xcom_args_with_operators to None, run_after=None
[2026-05-29T19:23:13.803+0000] {processor.py:183} INFO - Processing /home/airflow/.local/lib/python3.8/site-packages/airflow/example_dags/example_xcomargs.py took 0.061 seconds
[2026-05-29T19:23:44.758+0000] {processor.py:161} INFO - Started process (PID=917) to work on /home/airflow/.local/lib/python3.8/site-packages/airflow/example_dags/example_xcomargs.py
[2026-05-29T19:23:44.759+0000] {processor.py:830} INFO - Processing file /home/airflow/.local/lib/python3.8/site-packages/airflow/example_dags/example_xcomargs.py for tasks to queue
[2026-05-29T19:23:44.761+0000] {logging_mixin.py:188} INFO - [2026-05-29T19:23:44.761+0000] {dagbag.py:540} INFO - Filling up the DagBag from /home/airflow/.local/lib/python3.8/site-packages/airflow/example_dags/example_xcomargs.py
[2026-05-29T19:23:44.768+0000] {processor.py:840} INFO - DAG(s) 'example_xcom_args_with_operators', 'example_xcom_args' retrieved from /home/airflow/.local/lib/python3.8/site-packages/airflow/example_dags/example_xcomargs.py
[2026-05-29T19:23:44.788+0000] {logging_mixin.py:188} INFO - [2026-05-29T19:23:44.788+0000] {dag.py:3047} INFO - Sync 2 DAGs
[2026-05-29T19:23:44.799+0000] {logging_mixin.py:188} INFO - [2026-05-29T19:23:44.798+0000] {dag.py:3834} INFO - Setting next_dagrun for example_xcom_args to None, run_after=None
[2026-05-29T19:23:44.803+0000] {logging_mixin.py:188} INFO - [2026-05-29T19:23:44.803+0000] {dag.py:3834} INFO - Setting next_dagrun for example_xcom_args_with_operators to None, run_after=None
[2026-05-29T19:23:44.821+0000] {processor.py:183} INFO - Processing /home/airflow/.local/lib/python3.8/site-packages/airflow/example_dags/example_xcomargs.py took 0.066 seconds
[2026-05-29T19:24:15.121+0000] {processor.py:161} INFO - Started process (PID=972) to work on /home/airflow/.local/lib/python3.8/site-packages/airflow/example_dags/example_xcomargs.py
[2026-05-29T19:24:15.123+0000] {processor.py:830} INFO - Processing file /home/airflow/.local/lib/python3.8/site-packages/airflow/example_dags/example_xcomargs.py for tasks to queue
[2026-05-29T19:24:15.125+0000] {logging_mixin.py:188} INFO - [2026-05-29T19:24:15.125+0000] {dagbag.py:540} INFO - Filling up the DagBag from /home/airflow/.local/lib/python3.8/site-packages/airflow/example_dags/example_xcomargs.py
[2026-05-29T19:24:15.132+0000] {processor.py:840} INFO - DAG(s) 'example_xcom_args', 'example_xcom_args_with_operators' retrieved from /home/airflow/.local/lib/python3.8/site-packages/airflow/example_dags/example_xcomargs.py
[2026-05-29T19:24:15.155+0000] {logging_mixin.py:188} INFO - [2026-05-29T19:24:15.155+0000] {dag.py:3047} INFO - Sync 2 DAGs
[2026-05-29T19:24:15.166+0000] {logging_mixin.py:188} INFO - [2026-05-29T19:24:15.166+0000] {dag.py:3834} INFO - Setting next_dagrun for example_xcom_args to None, run_after=None
[2026-05-29T19:24:15.170+0000] {logging_mixin.py:188} INFO - [2026-05-29T19:24:15.170+0000] {dag.py:3834} INFO - Setting next_dagrun for example_xcom_args_with_operators to None, run_after=None
[2026-05-29T19:24:15.187+0000] {processor.py:183} INFO - Processing /home/airflow/.local/lib/python3.8/site-packages/airflow/example_dags/example_xcomargs.py took 0.068 seconds
[2026-05-29T19:24:45.427+0000] {processor.py:161} INFO - Started process (PID=1028) to work on /home/airflow/.local/lib/python3.8/site-packages/airflow/example_dags/example_xcomargs.py
[2026-05-29T19:24:45.428+0000] {processor.py:830} INFO - Processing file /home/airflow/.local/lib/python3.8/site-packages/airflow/example_dags/example_xcomargs.py for tasks to queue
[2026-05-29T19:24:45.430+0000] {logging_mixin.py:188} INFO - [2026-05-29T19:24:45.430+0000] {dagbag.py:540} INFO - Filling up the DagBag from /home/airflow/.local/lib/python3.8/site-packages/airflow/example_dags/example_xcomargs.py
[2026-05-29T19:24:45.436+0000] {processor.py:840} INFO - DAG(s) 'example_xcom_args_with_operators', 'example_xcom_args' retrieved from /home/airflow/.local/lib/python3.8/site-packages/airflow/example_dags/example_xcomargs.py
[2026-05-29T19:24:45.458+0000] {logging_mixin.py:188} INFO - [2026-05-29T19:24:45.457+0000] {dag.py:3047} INFO - Sync 2 DAGs
[2026-05-29T19:24:45.468+0000] {logging_mixin.py:188} INFO - [2026-05-29T19:24:45.468+0000] {dag.py:3834} INFO - Setting next_dagrun for example_xcom_args to None, run_after=None
[2026-05-29T19:24:45.472+0000] {logging_mixin.py:188} INFO - [2026-05-29T19:24:45.472+0000] {dag.py:3834} INFO - Setting next_dagrun for example_xcom_args_with_operators to None, run_after=None
[2026-05-29T19:24:45.495+0000] {processor.py:183} INFO - Processing /home/airflow/.local/lib/python3.8/site-packages/airflow/example_dags/example_xcomargs.py took 0.071 seconds
[2026-05-29T19:25:15.681+0000] {processor.py:161} INFO - Started process (PID=1082) to work on /home/airflow/.local/lib/python3.8/site-packages/airflow/example_dags/example_xcomargs.py
[2026-05-29T19:25:15.683+0000] {processor.py:830} INFO - Processing file /home/airflow/.local/lib/python3.8/site-packages/airflow/example_dags/example_xcomargs.py for tasks to queue
[2026-05-29T19:25:15.685+0000] {logging_mixin.py:188} INFO - [2026-05-29T19:25:15.685+0000] {dagbag.py:540} INFO - Filling up the DagBag from /home/airflow/.local/lib/python3.8/site-packages/airflow/example_dags/example_xcomargs.py
[2026-05-29T19:25:15.692+0000] {processor.py:840} INFO - DAG(s) 'example_xcom_args', 'example_xcom_args_with_operators' retrieved from /home/airflow/.local/lib/python3.8/site-packages/airflow/example_dags/example_xcomargs.py
[2026-05-29T19:25:15.712+0000] {logging_mixin.py:188} INFO - [2026-05-29T19:25:15.712+0000] {dag.py:3047} INFO - Sync 2 DAGs
[2026-05-29T19:25:15.721+0000] {logging_mixin.py:188} INFO - [2026-05-29T19:25:15.721+0000] {dag.py:3834} INFO - Setting next_dagrun for example_xcom_args to None, run_after=None
[2026-05-29T19:25:15.725+0000] {logging_mixin.py:188} INFO - [2026-05-29T19:25:15.724+0000] {dag.py:3834} INFO - Setting next_dagrun for example_xcom_args_with_operators to None, run_after=None
[2026-05-29T19:25:15.742+0000] {processor.py:183} INFO - Processing /home/airflow/.local/lib/python3.8/site-packages/airflow/example_dags/example_xcomargs.py took 0.064 seconds
[2026-05-29T19:25:46.548+0000] {processor.py:161} INFO - Started process (PID=1137) to work on /home/airflow/.local/lib/python3.8/site-packages/airflow/example_dags/example_xcomargs.py
[2026-05-29T19:25:46.550+0000] {processor.py:830} INFO - Processing file /home/airflow/.local/lib/python3.8/site-packages/airflow/example_dags/example_xcomargs.py for tasks to queue
[2026-05-29T19:25:46.554+0000] {logging_mixin.py:188} INFO - [2026-05-29T19:25:46.554+0000] {dagbag.py:540} INFO - Filling up the DagBag from /home/airflow/.local/lib/python3.8/site-packages/airflow/example_dags/example_xcomargs.py
[2026-05-29T19:25:46.563+0000] {processor.py:840} INFO - DAG(s) 'example_xcom_args_with_operators', 'example_xcom_args' retrieved from /home/airflow/.local/lib/python3.8/site-packages/airflow/example_dags/example_xcomargs.py
[2026-05-29T19:25:46.589+0000] {logging_mixin.py:188} INFO - [2026-05-29T19:25:46.589+0000] {dag.py:3047} INFO - Sync 2 DAGs
[2026-05-29T19:25:46.601+0000] {logging_mixin.py:188} INFO - [2026-05-29T19:25:46.601+0000] {dag.py:3834} INFO - Setting next_dagrun for example_xcom_args to None, run_after=None
[2026-05-29T19:25:46.606+0000] {logging_mixin.py:188} INFO - [2026-05-29T19:25:46.606+0000] {dag.py:3834} INFO - Setting next_dagrun for example_xcom_args_with_operators to None, run_after=None
[2026-05-29T19:25:46.627+0000] {processor.py:183} INFO - Processing /home/airflow/.local/lib/python3.8/site-packages/airflow/example_dags/example_xcomargs.py took 0.081 seconds
[2026-05-29T19:26:16.823+0000] {processor.py:161} INFO - Started process (PID=1193) to work on /home/airflow/.local/lib/python3.8/site-packages/airflow/example_dags/example_xcomargs.py
[2026-05-29T19:26:16.825+0000] {processor.py:830} INFO - Processing file /home/airflow/.local/lib/python3.8/site-packages/airflow/example_dags/example_xcomargs.py for tasks to queue
[2026-05-29T19:26:16.826+0000] {logging_mixin.py:188} INFO - [2026-05-29T19:26:16.826+0000] {dagbag.py:540} INFO - Filling up the DagBag from /home/airflow/.local/lib/python3.8/site-packages/airflow/example_dags/example_xcomargs.py
[2026-05-29T19:26:16.833+0000] {processor.py:840} INFO - DAG(s) 'example_xcom_args_with_operators', 'example_xcom_args' retrieved from /home/airflow/.local/lib/python3.8/site-packages/airflow/example_dags/example_xcomargs.py
[2026-05-29T19:26:16.854+0000] {logging_mixin.py:188} INFO - [2026-05-29T19:26:16.854+0000] {dag.py:3047} INFO - Sync 2 DAGs
[2026-05-29T19:26:16.863+0000] {logging_mixin.py:188} INFO - [2026-05-29T19:26:16.863+0000] {dag.py:3834} INFO - Setting next_dagrun for example_xcom_args to None, run_after=None
[2026-05-29T19:26:16.867+0000] {logging_mixin.py:188} INFO - [2026-05-29T19:26:16.866+0000] {dag.py:3834} INFO - Setting next_dagrun for example_xcom_args_with_operators to None, run_after=None
[2026-05-29T19:26:16.883+0000] {processor.py:183} INFO - Processing /home/airflow/.local/lib/python3.8/site-packages/airflow/example_dags/example_xcomargs.py took 0.063 seconds
[2026-05-29T19:26:47.001+0000] {processor.py:161} INFO - Started process (PID=1248) to work on /home/airflow/.local/lib/python3.8/site-packages/airflow/example_dags/example_xcomargs.py
[2026-05-29T19:26:47.002+0000] {processor.py:830} INFO - Processing file /home/airflow/.local/lib/python3.8/site-packages/airflow/example_dags/example_xcomargs.py for tasks to queue
[2026-05-29T19:26:47.004+0000] {logging_mixin.py:188} INFO - [2026-05-29T19:26:47.004+0000] {dagbag.py:540} INFO - Filling up the DagBag from /home/airflow/.local/lib/python3.8/site-packages/airflow/example_dags/example_xcomargs.py
[2026-05-29T19:26:47.013+0000] {processor.py:840} INFO - DAG(s) 'example_xcom_args', 'example_xcom_args_with_operators' retrieved from /home/airflow/.local/lib/python3.8/site-packages/airflow/example_dags/example_xcomargs.py
[2026-05-29T19:26:47.035+0000] {logging_mixin.py:188} INFO - [2026-05-29T19:26:47.034+0000] {dag.py:3047} INFO - Sync 2 DAGs
[2026-05-29T19:26:47.046+0000] {logging_mixin.py:188} INFO - [2026-05-29T19:26:47.046+0000] {dag.py:3834} INFO - Setting next_dagrun for example_xcom_args to None, run_after=None
[2026-05-29T19:26:47.050+0000] {logging_mixin.py:188} INFO - [2026-05-29T19:26:47.050+0000] {dag.py:3834} INFO - Setting next_dagrun for example_xcom_args_with_operators to None, run_after=None
[2026-05-29T19:26:47.067+0000] {processor.py:183} INFO - Processing /home/airflow/.local/lib/python3.8/site-packages/airflow/example_dags/example_xcomargs.py took 0.068 seconds
[2026-05-29T19:27:17.261+0000] {processor.py:161} INFO - Started process (PID=1302) to work on /home/airflow/.local/lib/python3.8/site-packages/airflow/example_dags/example_xcomargs.py
[2026-05-29T19:27:17.263+0000] {processor.py:830} INFO - Processing file /home/airflow/.local/lib/python3.8/site-packages/airflow/example_dags/example_xcomargs.py for tasks to queue
[2026-05-29T19:27:17.265+0000] {logging_mixin.py:188} INFO - [2026-05-29T19:27:17.264+0000] {dagbag.py:540} INFO - Filling up the DagBag from /home/airflow/.local/lib/python3.8/site-packages/airflow/example_dags/example_xcomargs.py
[2026-05-29T19:27:17.272+0000] {processor.py:840} INFO - DAG(s) 'example_xcom_args_with_operators', 'example_xcom_args' retrieved from /home/airflow/.local/lib/python3.8/site-packages/airflow/example_dags/example_xcomargs.py
[2026-05-29T19:27:17.291+0000] {logging_mixin.py:188} INFO - [2026-05-29T19:27:17.291+0000] {dag.py:3047} INFO - Sync 2 DAGs
[2026-05-29T19:27:17.301+0000] {logging_mixin.py:188} INFO - [2026-05-29T19:27:17.301+0000] {dag.py:3834} INFO - Setting next_dagrun for example_xcom_args to None, run_after=None
[2026-05-29T19:27:17.304+0000] {logging_mixin.py:188} INFO - [2026-05-29T19:27:17.304+0000] {dag.py:3834} INFO - Setting next_dagrun for example_xcom_args_with_operators to None, run_after=None
[2026-05-29T19:27:17.318+0000] {processor.py:183} INFO - Processing /home/airflow/.local/lib/python3.8/site-packages/airflow/example_dags/example_xcomargs.py took 0.059 seconds
[2026-05-29T19:27:47.920+0000] {processor.py:161} INFO - Started process (PID=1357) to work on /home/airflow/.local/lib/python3.8/site-packages/airflow/example_dags/example_xcomargs.py
[2026-05-29T19:27:47.922+0000] {processor.py:830} INFO - Processing file /home/airflow/.local/lib/python3.8/site-packages/airflow/example_dags/example_xcomargs.py for tasks to queue
[2026-05-29T19:27:47.924+0000] {logging_mixin.py:188} INFO - [2026-05-29T19:27:47.924+0000] {dagbag.py:540} INFO - Filling up the DagBag from /home/airflow/.local/lib/python3.8/site-packages/airflow/example_dags/example_xcomargs.py
[2026-05-29T19:27:47.931+0000] {processor.py:840} INFO - DAG(s) 'example_xcom_args_with_operators', 'example_xcom_args' retrieved from /home/airflow/.local/lib/python3.8/site-packages/airflow/example_dags/example_xcomargs.py
[2026-05-29T19:27:47.959+0000] {logging_mixin.py:188} INFO - [2026-05-29T19:27:47.958+0000] {dag.py:3047} INFO - Sync 2 DAGs
[2026-05-29T19:27:47.970+0000] {logging_mixin.py:188} INFO - [2026-05-29T19:27:47.970+0000] {dag.py:3834} INFO - Setting next_dagrun for example_xcom_args to None, run_after=None
[2026-05-29T19:27:47.974+0000] {logging_mixin.py:188} INFO - [2026-05-29T19:27:47.974+0000] {dag.py:3834} INFO - Setting next_dagrun for example_xcom_args_with_operators to None, run_after=None
[2026-05-29T19:27:47.990+0000] {processor.py:183} INFO - Processing /home/airflow/.local/lib/python3.8/site-packages/airflow/example_dags/example_xcomargs.py took 0.072 seconds
[2026-05-29T19:28:19.319+0000] {processor.py:161} INFO - Started process (PID=1412) to work on /home/airflow/.local/lib/python3.8/site-packages/airflow/example_dags/example_xcomargs.py
[2026-05-29T19:28:19.321+0000] {processor.py:830} INFO - Processing file /home/airflow/.local/lib/python3.8/site-packages/airflow/example_dags/example_xcomargs.py for tasks to queue
[2026-05-29T19:28:19.323+0000] {logging_mixin.py:188} INFO - [2026-05-29T19:28:19.323+0000] {dagbag.py:540} INFO - Filling up the DagBag from /home/airflow/.local/lib/python3.8/site-packages/airflow/example_dags/example_xcomargs.py
[2026-05-29T19:28:19.330+0000] {processor.py:840} INFO - DAG(s) 'example_xcom_args', 'example_xcom_args_with_operators' retrieved from /home/airflow/.local/lib/python3.8/site-packages/airflow/example_dags/example_xcomargs.py
[2026-05-29T19:28:19.356+0000] {logging_mixin.py:188} INFO - [2026-05-29T19:28:19.356+0000] {dag.py:3047} INFO - Sync 2 DAGs
[2026-05-29T19:28:19.368+0000] {logging_mixin.py:188} INFO - [2026-05-29T19:28:19.367+0000] {dag.py:3834} INFO - Setting next_dagrun for example_xcom_args to None, run_after=None
[2026-05-29T19:28:19.371+0000] {logging_mixin.py:188} INFO - [2026-05-29T19:28:19.371+0000] {dag.py:3834} INFO - Setting next_dagrun for example_xcom_args_with_operators to None, run_after=None
[2026-05-29T19:28:19.388+0000] {processor.py:183} INFO - Processing /home/airflow/.local/lib/python3.8/site-packages/airflow/example_dags/example_xcomargs.py took 0.071 seconds
[2026-05-29T19:28:49.639+0000] {processor.py:161} INFO - Started process (PID=1466) to work on /home/airflow/.local/lib/python3.8/site-packages/airflow/example_dags/example_xcomargs.py
[2026-05-29T19:28:49.641+0000] {processor.py:830} INFO - Processing file /home/airflow/.local/lib/python3.8/site-packages/airflow/example_dags/example_xcomargs.py for tasks to queue
[2026-05-29T19:28:49.644+0000] {logging_mixin.py:188} INFO - [2026-05-29T19:28:49.644+0000] {dagbag.py:540} INFO - Filling up the DagBag from /home/airflow/.local/lib/python3.8/site-packages/airflow/example_dags/example_xcomargs.py
[2026-05-29T19:28:49.653+0000] {processor.py:840} INFO - DAG(s) 'example_xcom_args', 'example_xcom_args_with_operators' retrieved from /home/airflow/.local/lib/python3.8/site-packages/airflow/example_dags/example_xcomargs.py
[2026-05-29T19:28:49.687+0000] {logging_mixin.py:188} INFO - [2026-05-29T19:28:49.686+0000] {dag.py:3047} INFO - Sync 2 DAGs
[2026-05-29T19:28:49.704+0000] {logging_mixin.py:188} INFO - [2026-05-29T19:28:49.704+0000] {dag.py:3834} INFO - Setting next_dagrun for example_xcom_args to None, run_after=None
[2026-05-29T19:28:49.710+0000] {logging_mixin.py:188} INFO - [2026-05-29T19:28:49.709+0000] {dag.py:3834} INFO - Setting next_dagrun for example_xcom_args_with_operators to None, run_after=None
[2026-05-29T19:28:49.734+0000] {processor.py:183} INFO - Processing /home/airflow/.local/lib/python3.8/site-packages/airflow/example_dags/example_xcomargs.py took 0.099 seconds
[2026-05-29T19:29:19.800+0000] {processor.py:161} INFO - Started process (PID=1522) to work on /home/airflow/.local/lib/python3.8/site-packages/airflow/example_dags/example_xcomargs.py
[2026-05-29T19:29:19.801+0000] {processor.py:830} INFO - Processing file /home/airflow/.local/lib/python3.8/site-packages/airflow/example_dags/example_xcomargs.py for tasks to queue
[2026-05-29T19:29:19.803+0000] {logging_mixin.py:188} INFO - [2026-05-29T19:29:19.803+0000] {dagbag.py:540} INFO - Filling up the DagBag from /home/airflow/.local/lib/python3.8/site-packages/airflow/example_dags/example_xcomargs.py
[2026-05-29T19:29:19.810+0000] {processor.py:840} INFO - DAG(s) 'example_xcom_args_with_operators', 'example_xcom_args' retrieved from /home/airflow/.local/lib/python3.8/site-packages/airflow/example_dags/example_xcomargs.py
[2026-05-29T19:29:19.832+0000] {logging_mixin.py:188} INFO - [2026-05-29T19:29:19.832+0000] {dag.py:3047} INFO - Sync 2 DAGs
[2026-05-29T19:29:19.855+0000] {logging_mixin.py:188} INFO - [2026-05-29T19:29:19.855+0000] {dag.py:3834} INFO - Setting next_dagrun for example_xcom_args to None, run_after=None
[2026-05-29T19:29:19.858+0000] {logging_mixin.py:188} INFO - [2026-05-29T19:29:19.858+0000] {dag.py:3834} INFO - Setting next_dagrun for example_xcom_args_with_operators to None, run_after=None
[2026-05-29T19:29:19.872+0000] {processor.py:183} INFO - Processing /home/airflow/.local/lib/python3.8/site-packages/airflow/example_dags/example_xcomargs.py took 0.074 seconds
[2026-05-29T19:29:50.543+0000] {processor.py:161} INFO - Started process (PID=1576) to work on /home/airflow/.local/lib/python3.8/site-packages/airflow/example_dags/example_xcomargs.py
[2026-05-29T19:29:50.545+0000] {processor.py:830} INFO - Processing file /home/airflow/.local/lib/python3.8/site-packages/airflow/example_dags/example_xcomargs.py for tasks to queue
[2026-05-29T19:29:50.547+0000] {logging_mixin.py:188} INFO - [2026-05-29T19:29:50.546+0000] {dagbag.py:540} INFO - Filling up the DagBag from /home/airflow/.local/lib/python3.8/site-packages/airflow/example_dags/example_xcomargs.py
[2026-05-29T19:29:50.554+0000] {processor.py:840} INFO - DAG(s) 'example_xcom_args_with_operators', 'example_xcom_args' retrieved from /home/airflow/.local/lib/python3.8/site-packages/airflow/example_dags/example_xcomargs.py
[2026-05-29T19:29:50.576+0000] {logging_mixin.py:188} INFO - [2026-05-29T19:29:50.576+0000] {dag.py:3047} INFO - Sync 2 DAGs
[2026-05-29T19:29:50.587+0000] {logging_mixin.py:188} INFO - [2026-05-29T19:29:50.587+0000] {dag.py:3834} INFO - Setting next_dagrun for example_xcom_args to None, run_after=None
[2026-05-29T19:29:50.590+0000] {logging_mixin.py:188} INFO - [2026-05-29T19:29:50.590+0000] {dag.py:3834} INFO - Setting next_dagrun for example_xcom_args_with_operators to None, run_after=None
[2026-05-29T19:29:50.608+0000] {processor.py:183} INFO - Processing /home/airflow/.local/lib/python3.8/site-packages/airflow/example_dags/example_xcomargs.py took 0.068 seconds
[2026-05-29T19:30:20.691+0000] {processor.py:161} INFO - Started process (PID=1631) to work on /home/airflow/.local/lib/python3.8/site-packages/airflow/example_dags/example_xcomargs.py
[2026-05-29T19:30:20.693+0000] {processor.py:830} INFO - Processing file /home/airflow/.local/lib/python3.8/site-packages/airflow/example_dags/example_xcomargs.py for tasks to queue
[2026-05-29T19:30:20.695+0000] {logging_mixin.py:188} INFO - [2026-05-29T19:30:20.695+0000] {dagbag.py:540} INFO - Filling up the DagBag from /home/airflow/.local/lib/python3.8/site-packages/airflow/example_dags/example_xcomargs.py
[2026-05-29T19:30:20.702+0000] {processor.py:840} INFO - DAG(s) 'example_xcom_args', 'example_xcom_args_with_operators' retrieved from /home/airflow/.local/lib/python3.8/site-packages/airflow/example_dags/example_xcomargs.py
[2026-05-29T19:30:20.724+0000] {logging_mixin.py:188} INFO - [2026-05-29T19:30:20.724+0000] {dag.py:3047} INFO - Sync 2 DAGs
[2026-05-29T19:30:20.735+0000] {logging_mixin.py:188} INFO - [2026-05-29T19:30:20.735+0000] {dag.py:3834} INFO - Setting next_dagrun for example_xcom_args to None, run_after=None
[2026-05-29T19:30:20.739+0000] {logging_mixin.py:188} INFO - [2026-05-29T19:30:20.739+0000] {dag.py:3834} INFO - Setting next_dagrun for example_xcom_args_with_operators to None, run_after=None
[2026-05-29T19:30:20.757+0000] {processor.py:183} INFO - Processing /home/airflow/.local/lib/python3.8/site-packages/airflow/example_dags/example_xcomargs.py took 0.069 seconds
[2026-05-29T19:30:50.912+0000] {processor.py:161} INFO - Started process (PID=1686) to work on /home/airflow/.local/lib/python3.8/site-packages/airflow/example_dags/example_xcomargs.py
[2026-05-29T19:30:50.914+0000] {processor.py:830} INFO - Processing file /home/airflow/.local/lib/python3.8/site-packages/airflow/example_dags/example_xcomargs.py for tasks to queue
[2026-05-29T19:30:50.916+0000] {logging_mixin.py:188} INFO - [2026-05-29T19:30:50.916+0000] {dagbag.py:540} INFO - Filling up the DagBag from /home/airflow/.local/lib/python3.8/site-packages/airflow/example_dags/example_xcomargs.py
[2026-05-29T19:30:50.922+0000] {processor.py:840} INFO - DAG(s) 'example_xcom_args_with_operators', 'example_xcom_args' retrieved from /home/airflow/.local/lib/python3.8/site-packages/airflow/example_dags/example_xcomargs.py
[2026-05-29T19:30:50.943+0000] {logging_mixin.py:188} INFO - [2026-05-29T19:30:50.942+0000] {dag.py:3047} INFO - Sync 2 DAGs
[2026-05-29T19:30:50.952+0000] {logging_mixin.py:188} INFO - [2026-05-29T19:30:50.952+0000] {dag.py:3834} INFO - Setting next_dagrun for example_xcom_args to None, run_after=None
[2026-05-29T19:30:50.956+0000] {logging_mixin.py:188} INFO - [2026-05-29T19:30:50.956+0000] {dag.py:3834} INFO - Setting next_dagrun for example_xcom_args_with_operators to None, run_after=None
[2026-05-29T19:30:50.971+0000] {processor.py:183} INFO - Processing /home/airflow/.local/lib/python3.8/site-packages/airflow/example_dags/example_xcomargs.py took 0.061 seconds
[2026-05-29T19:31:21.846+0000] {processor.py:161} INFO - Started process (PID=1741) to work on /home/airflow/.local/lib/python3.8/site-packages/airflow/example_dags/example_xcomargs.py
[2026-05-29T19:31:21.848+0000] {processor.py:830} INFO - Processing file /home/airflow/.local/lib/python3.8/site-packages/airflow/example_dags/example_xcomargs.py for tasks to queue
[2026-05-29T19:31:21.849+0000] {logging_mixin.py:188} INFO - [2026-05-29T19:31:21.849+0000] {dagbag.py:540} INFO - Filling up the DagBag from /home/airflow/.local/lib/python3.8/site-packages/airflow/example_dags/example_xcomargs.py
[2026-05-29T19:31:21.856+0000] {processor.py:840} INFO - DAG(s) 'example_xcom_args_with_operators', 'example_xcom_args' retrieved from /home/airflow/.local/lib/python3.8/site-packages/airflow/example_dags/example_xcomargs.py
[2026-05-29T19:31:21.877+0000] {logging_mixin.py:188} INFO - [2026-05-29T19:31:21.877+0000] {dag.py:3047} INFO - Sync 2 DAGs
[2026-05-29T19:31:21.887+0000] {logging_mixin.py:188} INFO - [2026-05-29T19:31:21.887+0000] {dag.py:3834} INFO - Setting next_dagrun for example_xcom_args to None, run_after=None
[2026-05-29T19:31:21.890+0000] {logging_mixin.py:188} INFO - [2026-05-29T19:31:21.890+0000] {dag.py:3834} INFO - Setting next_dagrun for example_xcom_args_with_operators to None, run_after=None
[2026-05-29T19:31:21.911+0000] {processor.py:183} INFO - Processing /home/airflow/.local/lib/python3.8/site-packages/airflow/example_dags/example_xcomargs.py took 0.068 seconds
[2026-05-29T19:31:52.610+0000] {processor.py:161} INFO - Started process (PID=1796) to work on /home/airflow/.local/lib/python3.8/site-packages/airflow/example_dags/example_xcomargs.py
[2026-05-29T19:31:52.611+0000] {processor.py:830} INFO - Processing file /home/airflow/.local/lib/python3.8/site-packages/airflow/example_dags/example_xcomargs.py for tasks to queue
[2026-05-29T19:31:52.613+0000] {logging_mixin.py:188} INFO - [2026-05-29T19:31:52.613+0000] {dagbag.py:540} INFO - Filling up the DagBag from /home/airflow/.local/lib/python3.8/site-packages/airflow/example_dags/example_xcomargs.py
[2026-05-29T19:31:52.619+0000] {processor.py:840} INFO - DAG(s) 'example_xcom_args', 'example_xcom_args_with_operators' retrieved from /home/airflow/.local/lib/python3.8/site-packages/airflow/example_dags/example_xcomargs.py
[2026-05-29T19:31:52.642+0000] {logging_mixin.py:188} INFO - [2026-05-29T19:31:52.642+0000] {dag.py:3047} INFO - Sync 2 DAGs
[2026-05-29T19:31:52.653+0000] {logging_mixin.py:188} INFO - [2026-05-29T19:31:52.653+0000] {dag.py:3834} INFO - Setting next_dagrun for example_xcom_args to None, run_after=None
[2026-05-29T19:31:52.657+0000] {logging_mixin.py:188} INFO - [2026-05-29T19:31:52.657+0000] {dag.py:3834} INFO - Setting next_dagrun for example_xcom_args_with_operators to None, run_after=None
[2026-05-29T19:31:52.673+0000] {processor.py:183} INFO - Processing /home/airflow/.local/lib/python3.8/site-packages/airflow/example_dags/example_xcomargs.py took 0.065 seconds
[2026-05-29T19:32:22.726+0000] {processor.py:161} INFO - Started process (PID=1851) to work on /home/airflow/.local/lib/python3.8/site-packages/airflow/example_dags/example_xcomargs.py
[2026-05-29T19:32:22.731+0000] {processor.py:830} INFO - Processing file /home/airflow/.local/lib/python3.8/site-packages/airflow/example_dags/example_xcomargs.py for tasks to queue
[2026-05-29T19:32:22.733+0000] {logging_mixin.py:188} INFO - [2026-05-29T19:32:22.732+0000] {dagbag.py:540} INFO - Filling up the DagBag from /home/airflow/.local/lib/python3.8/site-packages/airflow/example_dags/example_xcomargs.py
[2026-05-29T19:32:22.739+0000] {processor.py:840} INFO - DAG(s) 'example_xcom_args', 'example_xcom_args_with_operators' retrieved from /home/airflow/.local/lib/python3.8/site-packages/airflow/example_dags/example_xcomargs.py
[2026-05-29T19:32:22.760+0000] {logging_mixin.py:188} INFO - [2026-05-29T19:32:22.760+0000] {dag.py:3047} INFO - Sync 2 DAGs
[2026-05-29T19:32:22.770+0000] {logging_mixin.py:188} INFO - [2026-05-29T19:32:22.770+0000] {dag.py:3834} INFO - Setting next_dagrun for example_xcom_args to None, run_after=None
[2026-05-29T19:32:22.774+0000] {logging_mixin.py:188} INFO - [2026-05-29T19:32:22.774+0000] {dag.py:3834} INFO - Setting next_dagrun for example_xcom_args_with_operators to None, run_after=None
[2026-05-29T19:32:22.791+0000] {processor.py:183} INFO - Processing /home/airflow/.local/lib/python3.8/site-packages/airflow/example_dags/example_xcomargs.py took 0.067 seconds
[2026-05-29T19:32:52.990+0000] {processor.py:161} INFO - Started process (PID=1907) to work on /home/airflow/.local/lib/python3.8/site-packages/airflow/example_dags/example_xcomargs.py
[2026-05-29T19:32:52.991+0000] {processor.py:830} INFO - Processing file /home/airflow/.local/lib/python3.8/site-packages/airflow/example_dags/example_xcomargs.py for tasks to queue
[2026-05-29T19:32:52.994+0000] {logging_mixin.py:188} INFO - [2026-05-29T19:32:52.993+0000] {dagbag.py:540} INFO - Filling up the DagBag from /home/airflow/.local/lib/python3.8/site-packages/airflow/example_dags/example_xcomargs.py
[2026-05-29T19:32:53.000+0000] {processor.py:840} INFO - DAG(s) 'example_xcom_args', 'example_xcom_args_with_operators' retrieved from /home/airflow/.local/lib/python3.8/site-packages/airflow/example_dags/example_xcomargs.py
[2026-05-29T19:32:53.021+0000] {logging_mixin.py:188} INFO - [2026-05-29T19:32:53.021+0000] {dag.py:3047} INFO - Sync 2 DAGs
[2026-05-29T19:32:53.031+0000] {logging_mixin.py:188} INFO - [2026-05-29T19:32:53.031+0000] {dag.py:3834} INFO - Setting next_dagrun for example_xcom_args to None, run_after=None
[2026-05-29T19:32:53.034+0000] {logging_mixin.py:188} INFO - [2026-05-29T19:32:53.034+0000] {dag.py:3834} INFO - Setting next_dagrun for example_xcom_args_with_operators to None, run_after=None
[2026-05-29T19:32:53.051+0000] {processor.py:183} INFO - Processing /home/airflow/.local/lib/python3.8/site-packages/airflow/example_dags/example_xcomargs.py took 0.063 seconds
[2026-05-29T19:33:23.783+0000] {processor.py:161} INFO - Started process (PID=1962) to work on /home/airflow/.local/lib/python3.8/site-packages/airflow/example_dags/example_xcomargs.py
[2026-05-29T19:33:23.785+0000] {processor.py:830} INFO - Processing file /home/airflow/.local/lib/python3.8/site-packages/airflow/example_dags/example_xcomargs.py for tasks to queue
[2026-05-29T19:33:23.788+0000] {logging_mixin.py:188} INFO - [2026-05-29T19:33:23.788+0000] {dagbag.py:540} INFO - Filling up the DagBag from /home/airflow/.local/lib/python3.8/site-packages/airflow/example_dags/example_xcomargs.py
[2026-05-29T19:33:23.799+0000] {processor.py:840} INFO - DAG(s) 'example_xcom_args_with_operators', 'example_xcom_args' retrieved from /home/airflow/.local/lib/python3.8/site-packages/airflow/example_dags/example_xcomargs.py
[2026-05-29T19:33:23.830+0000] {logging_mixin.py:188} INFO - [2026-05-29T19:33:23.830+0000] {dag.py:3047} INFO - Sync 2 DAGs
[2026-05-29T19:33:23.846+0000] {logging_mixin.py:188} INFO - [2026-05-29T19:33:23.846+0000] {dag.py:3834} INFO - Setting next_dagrun for example_xcom_args to None, run_after=None
[2026-05-29T19:33:23.851+0000] {logging_mixin.py:188} INFO - [2026-05-29T19:33:23.851+0000] {dag.py:3834} INFO - Setting next_dagrun for example_xcom_args_with_operators to None, run_after=None
[2026-05-29T19:33:23.885+0000] {processor.py:183} INFO - Processing /home/airflow/.local/lib/python3.8/site-packages/airflow/example_dags/example_xcomargs.py took 0.105 seconds
[2026-05-29T19:33:54.088+0000] {processor.py:161} INFO - Started process (PID=2017) to work on /home/airflow/.local/lib/python3.8/site-packages/airflow/example_dags/example_xcomargs.py
[2026-05-29T19:33:54.089+0000] {processor.py:830} INFO - Processing file /home/airflow/.local/lib/python3.8/site-packages/airflow/example_dags/example_xcomargs.py for tasks to queue
[2026-05-29T19:33:54.091+0000] {logging_mixin.py:188} INFO - [2026-05-29T19:33:54.090+0000] {dagbag.py:540} INFO - Filling up the DagBag from /home/airflow/.local/lib/python3.8/site-packages/airflow/example_dags/example_xcomargs.py
[2026-05-29T19:33:54.097+0000] {processor.py:840} INFO - DAG(s) 'example_xcom_args', 'example_xcom_args_with_operators' retrieved from /home/airflow/.local/lib/python3.8/site-packages/airflow/example_dags/example_xcomargs.py
[2026-05-29T19:33:54.118+0000] {logging_mixin.py:188} INFO - [2026-05-29T19:33:54.118+0000] {dag.py:3047} INFO - Sync 2 DAGs
[2026-05-29T19:33:54.129+0000] {logging_mixin.py:188} INFO - [2026-05-29T19:33:54.129+0000] {dag.py:3834} INFO - Setting next_dagrun for example_xcom_args to None, run_after=None
[2026-05-29T19:33:54.133+0000] {logging_mixin.py:188} INFO - [2026-05-29T19:33:54.133+0000] {dag.py:3834} INFO - Setting next_dagrun for example_xcom_args_with_operators to None, run_after=None
[2026-05-29T19:33:54.147+0000] {processor.py:183} INFO - Processing /home/airflow/.local/lib/python3.8/site-packages/airflow/example_dags/example_xcomargs.py took 0.062 seconds
