[2026-05-29T19:16:05.841+0000] {processor.py:161} INFO - Started process (PID=82) to work on /home/airflow/.local/lib/python3.8/site-packages/airflow/example_dags/example_datasets.py
[2026-05-29T19:16:05.844+0000] {processor.py:830} INFO - Processing file /home/airflow/.local/lib/python3.8/site-packages/airflow/example_dags/example_datasets.py for tasks to queue
[2026-05-29T19:16:05.851+0000] {logging_mixin.py:188} INFO - [2026-05-29T19:16:05.850+0000] {dagbag.py:540} INFO - Filling up the DagBag from /home/airflow/.local/lib/python3.8/site-packages/airflow/example_dags/example_datasets.py
[2026-05-29T19:16:05.887+0000] {processor.py:840} INFO - DAG(s) 'dataset_consumes_1', 'dataset_consumes_1_and_2', 'dataset_consumes_1_never_scheduled', 'dataset_produces_2', 'dataset_produces_1', 'dataset_consumes_unknown_never_scheduled' retrieved from /home/airflow/.local/lib/python3.8/site-packages/airflow/example_dags/example_datasets.py
[2026-05-29T19:16:06.036+0000] {logging_mixin.py:188} INFO - [2026-05-29T19:16:06.035+0000] {dag.py:3047} INFO - Sync 6 DAGs
[2026-05-29T19:16:06.165+0000] {logging_mixin.py:188} INFO - [2026-05-29T19:16:06.165+0000] {dag.py:3834} INFO - Setting next_dagrun for dataset_consumes_1 to None, run_after=None
[2026-05-29T19:16:06.190+0000] {logging_mixin.py:188} INFO - [2026-05-29T19:16:06.189+0000] {dag.py:3834} INFO - Setting next_dagrun for dataset_consumes_1_and_2 to None, run_after=None
[2026-05-29T19:16:06.196+0000] {logging_mixin.py:188} INFO - [2026-05-29T19:16:06.195+0000] {dag.py:3834} INFO - Setting next_dagrun for dataset_consumes_1_never_scheduled to None, run_after=None
[2026-05-29T19:16:06.199+0000] {logging_mixin.py:188} INFO - [2026-05-29T19:16:06.199+0000] {dag.py:3834} INFO - Setting next_dagrun for dataset_consumes_unknown_never_scheduled to None, run_after=None
[2026-05-29T19:16:06.204+0000] {logging_mixin.py:188} INFO - [2026-05-29T19:16:06.204+0000] {dag.py:3834} INFO - Setting next_dagrun for dataset_produces_1 to 2026-05-28 00:00:00+00:00, run_after=2026-05-29 00:00:00+00:00
[2026-05-29T19:16:06.209+0000] {logging_mixin.py:188} INFO - [2026-05-29T19:16:06.209+0000] {dag.py:3834} INFO - Setting next_dagrun for dataset_produces_2 to None, run_after=None
[2026-05-29T19:16:06.302+0000] {processor.py:183} INFO - Processing /home/airflow/.local/lib/python3.8/site-packages/airflow/example_dags/example_datasets.py took 0.490 seconds
[2026-05-29T19:16:36.957+0000] {processor.py:161} INFO - Started process (PID=137) to work on /home/airflow/.local/lib/python3.8/site-packages/airflow/example_dags/example_datasets.py
[2026-05-29T19:16:36.959+0000] {processor.py:830} INFO - Processing file /home/airflow/.local/lib/python3.8/site-packages/airflow/example_dags/example_datasets.py for tasks to queue
[2026-05-29T19:16:36.961+0000] {logging_mixin.py:188} INFO - [2026-05-29T19:16:36.960+0000] {dagbag.py:540} INFO - Filling up the DagBag from /home/airflow/.local/lib/python3.8/site-packages/airflow/example_dags/example_datasets.py
[2026-05-29T19:16:36.968+0000] {processor.py:840} INFO - DAG(s) 'dataset_consumes_1_never_scheduled', 'dataset_produces_1', 'dataset_consumes_1', 'dataset_consumes_unknown_never_scheduled', 'dataset_consumes_1_and_2', 'dataset_produces_2' retrieved from /home/airflow/.local/lib/python3.8/site-packages/airflow/example_dags/example_datasets.py
[2026-05-29T19:16:37.004+0000] {logging_mixin.py:188} INFO - [2026-05-29T19:16:37.004+0000] {dag.py:3047} INFO - Sync 6 DAGs
[2026-05-29T19:16:37.022+0000] {logging_mixin.py:188} INFO - [2026-05-29T19:16:37.022+0000] {dag.py:3834} INFO - Setting next_dagrun for dataset_consumes_1 to None, run_after=None
[2026-05-29T19:16:37.026+0000] {logging_mixin.py:188} INFO - [2026-05-29T19:16:37.026+0000] {dag.py:3834} INFO - Setting next_dagrun for dataset_consumes_1_and_2 to None, run_after=None
[2026-05-29T19:16:37.028+0000] {logging_mixin.py:188} INFO - [2026-05-29T19:16:37.028+0000] {dag.py:3834} INFO - Setting next_dagrun for dataset_consumes_1_never_scheduled to None, run_after=None
[2026-05-29T19:16:37.030+0000] {logging_mixin.py:188} INFO - [2026-05-29T19:16:37.030+0000] {dag.py:3834} INFO - Setting next_dagrun for dataset_consumes_unknown_never_scheduled to None, run_after=None
[2026-05-29T19:16:37.032+0000] {logging_mixin.py:188} INFO - [2026-05-29T19:16:37.032+0000] {dag.py:3834} INFO - Setting next_dagrun for dataset_produces_1 to 2026-05-28 00:00:00+00:00, run_after=2026-05-29 00:00:00+00:00
[2026-05-29T19:16:37.034+0000] {logging_mixin.py:188} INFO - [2026-05-29T19:16:37.034+0000] {dag.py:3834} INFO - Setting next_dagrun for dataset_produces_2 to None, run_after=None
[2026-05-29T19:16:37.062+0000] {processor.py:183} INFO - Processing /home/airflow/.local/lib/python3.8/site-packages/airflow/example_dags/example_datasets.py took 0.108 seconds
[2026-05-29T19:17:07.270+0000] {processor.py:161} INFO - Started process (PID=192) to work on /home/airflow/.local/lib/python3.8/site-packages/airflow/example_dags/example_datasets.py
[2026-05-29T19:17:07.271+0000] {processor.py:830} INFO - Processing file /home/airflow/.local/lib/python3.8/site-packages/airflow/example_dags/example_datasets.py for tasks to queue
[2026-05-29T19:17:07.273+0000] {logging_mixin.py:188} INFO - [2026-05-29T19:17:07.273+0000] {dagbag.py:540} INFO - Filling up the DagBag from /home/airflow/.local/lib/python3.8/site-packages/airflow/example_dags/example_datasets.py
[2026-05-29T19:17:07.281+0000] {processor.py:840} INFO - DAG(s) 'dataset_consumes_unknown_never_scheduled', 'dataset_consumes_1_never_scheduled', 'dataset_consumes_1_and_2', 'dataset_produces_1', 'dataset_produces_2', 'dataset_consumes_1' retrieved from /home/airflow/.local/lib/python3.8/site-packages/airflow/example_dags/example_datasets.py
[2026-05-29T19:17:07.315+0000] {logging_mixin.py:188} INFO - [2026-05-29T19:17:07.315+0000] {dag.py:3047} INFO - Sync 6 DAGs
[2026-05-29T19:17:07.334+0000] {logging_mixin.py:188} INFO - [2026-05-29T19:17:07.333+0000] {dag.py:3834} INFO - Setting next_dagrun for dataset_consumes_1 to None, run_after=None
[2026-05-29T19:17:07.338+0000] {logging_mixin.py:188} INFO - [2026-05-29T19:17:07.337+0000] {dag.py:3834} INFO - Setting next_dagrun for dataset_consumes_1_and_2 to None, run_after=None
[2026-05-29T19:17:07.340+0000] {logging_mixin.py:188} INFO - [2026-05-29T19:17:07.339+0000] {dag.py:3834} INFO - Setting next_dagrun for dataset_consumes_1_never_scheduled to None, run_after=None
[2026-05-29T19:17:07.341+0000] {logging_mixin.py:188} INFO - [2026-05-29T19:17:07.341+0000] {dag.py:3834} INFO - Setting next_dagrun for dataset_consumes_unknown_never_scheduled to None, run_after=None
[2026-05-29T19:17:07.344+0000] {logging_mixin.py:188} INFO - [2026-05-29T19:17:07.344+0000] {dag.py:3834} INFO - Setting next_dagrun for dataset_produces_1 to 2026-05-28 00:00:00+00:00, run_after=2026-05-29 00:00:00+00:00
[2026-05-29T19:17:07.346+0000] {logging_mixin.py:188} INFO - [2026-05-29T19:17:07.345+0000] {dag.py:3834} INFO - Setting next_dagrun for dataset_produces_2 to None, run_after=None
[2026-05-29T19:17:07.375+0000] {processor.py:183} INFO - Processing /home/airflow/.local/lib/python3.8/site-packages/airflow/example_dags/example_datasets.py took 0.108 seconds
[2026-05-29T19:17:37.806+0000] {processor.py:161} INFO - Started process (PID=247) to work on /home/airflow/.local/lib/python3.8/site-packages/airflow/example_dags/example_datasets.py
[2026-05-29T19:17:37.808+0000] {processor.py:830} INFO - Processing file /home/airflow/.local/lib/python3.8/site-packages/airflow/example_dags/example_datasets.py for tasks to queue
[2026-05-29T19:17:37.810+0000] {logging_mixin.py:188} INFO - [2026-05-29T19:17:37.810+0000] {dagbag.py:540} INFO - Filling up the DagBag from /home/airflow/.local/lib/python3.8/site-packages/airflow/example_dags/example_datasets.py
[2026-05-29T19:17:37.819+0000] {processor.py:840} INFO - DAG(s) 'dataset_consumes_1', 'dataset_produces_1', 'dataset_consumes_1_never_scheduled', 'dataset_consumes_1_and_2', 'dataset_consumes_unknown_never_scheduled', 'dataset_produces_2' retrieved from /home/airflow/.local/lib/python3.8/site-packages/airflow/example_dags/example_datasets.py
[2026-05-29T19:17:37.855+0000] {logging_mixin.py:188} INFO - [2026-05-29T19:17:37.855+0000] {dag.py:3047} INFO - Sync 6 DAGs
[2026-05-29T19:17:37.876+0000] {logging_mixin.py:188} INFO - [2026-05-29T19:17:37.876+0000] {dag.py:3834} INFO - Setting next_dagrun for dataset_consumes_1 to None, run_after=None
[2026-05-29T19:17:37.883+0000] {logging_mixin.py:188} INFO - [2026-05-29T19:17:37.883+0000] {dag.py:3834} INFO - Setting next_dagrun for dataset_consumes_1_and_2 to None, run_after=None
[2026-05-29T19:17:37.886+0000] {logging_mixin.py:188} INFO - [2026-05-29T19:17:37.886+0000] {dag.py:3834} INFO - Setting next_dagrun for dataset_consumes_1_never_scheduled to None, run_after=None
[2026-05-29T19:17:37.888+0000] {logging_mixin.py:188} INFO - [2026-05-29T19:17:37.887+0000] {dag.py:3834} INFO - Setting next_dagrun for dataset_consumes_unknown_never_scheduled to None, run_after=None
[2026-05-29T19:17:37.890+0000] {logging_mixin.py:188} INFO - [2026-05-29T19:17:37.890+0000] {dag.py:3834} INFO - Setting next_dagrun for dataset_produces_1 to 2026-05-28 00:00:00+00:00, run_after=2026-05-29 00:00:00+00:00
[2026-05-29T19:17:37.892+0000] {logging_mixin.py:188} INFO - [2026-05-29T19:17:37.892+0000] {dag.py:3834} INFO - Setting next_dagrun for dataset_produces_2 to None, run_after=None
[2026-05-29T19:17:37.924+0000] {processor.py:183} INFO - Processing /home/airflow/.local/lib/python3.8/site-packages/airflow/example_dags/example_datasets.py took 0.121 seconds
[2026-05-29T19:18:08.754+0000] {processor.py:161} INFO - Started process (PID=302) to work on /home/airflow/.local/lib/python3.8/site-packages/airflow/example_dags/example_datasets.py
[2026-05-29T19:18:08.760+0000] {processor.py:830} INFO - Processing file /home/airflow/.local/lib/python3.8/site-packages/airflow/example_dags/example_datasets.py for tasks to queue
[2026-05-29T19:18:08.763+0000] {logging_mixin.py:188} INFO - [2026-05-29T19:18:08.762+0000] {dagbag.py:540} INFO - Filling up the DagBag from /home/airflow/.local/lib/python3.8/site-packages/airflow/example_dags/example_datasets.py
[2026-05-29T19:18:08.782+0000] {processor.py:840} INFO - DAG(s) 'dataset_consumes_1', 'dataset_produces_1', 'dataset_produces_2', 'dataset_consumes_1_and_2', 'dataset_consumes_unknown_never_scheduled', 'dataset_consumes_1_never_scheduled' retrieved from /home/airflow/.local/lib/python3.8/site-packages/airflow/example_dags/example_datasets.py
[2026-05-29T19:18:08.851+0000] {logging_mixin.py:188} INFO - [2026-05-29T19:18:08.850+0000] {dag.py:3047} INFO - Sync 6 DAGs
[2026-05-29T19:18:08.887+0000] {logging_mixin.py:188} INFO - [2026-05-29T19:18:08.887+0000] {dag.py:3834} INFO - Setting next_dagrun for dataset_consumes_1 to None, run_after=None
[2026-05-29T19:18:08.893+0000] {logging_mixin.py:188} INFO - [2026-05-29T19:18:08.892+0000] {dag.py:3834} INFO - Setting next_dagrun for dataset_consumes_1_and_2 to None, run_after=None
[2026-05-29T19:18:08.896+0000] {logging_mixin.py:188} INFO - [2026-05-29T19:18:08.896+0000] {dag.py:3834} INFO - Setting next_dagrun for dataset_consumes_1_never_scheduled to None, run_after=None
[2026-05-29T19:18:08.899+0000] {logging_mixin.py:188} INFO - [2026-05-29T19:18:08.899+0000] {dag.py:3834} INFO - Setting next_dagrun for dataset_consumes_unknown_never_scheduled to None, run_after=None
[2026-05-29T19:18:08.904+0000] {logging_mixin.py:188} INFO - [2026-05-29T19:18:08.904+0000] {dag.py:3834} INFO - Setting next_dagrun for dataset_produces_1 to 2026-05-28 00:00:00+00:00, run_after=2026-05-29 00:00:00+00:00
[2026-05-29T19:18:08.908+0000] {logging_mixin.py:188} INFO - [2026-05-29T19:18:08.907+0000] {dag.py:3834} INFO - Setting next_dagrun for dataset_produces_2 to None, run_after=None
[2026-05-29T19:18:08.948+0000] {processor.py:183} INFO - Processing /home/airflow/.local/lib/python3.8/site-packages/airflow/example_dags/example_datasets.py took 0.199 seconds
[2026-05-29T19:18:39.022+0000] {processor.py:161} INFO - Started process (PID=357) to work on /home/airflow/.local/lib/python3.8/site-packages/airflow/example_dags/example_datasets.py
[2026-05-29T19:18:39.023+0000] {processor.py:830} INFO - Processing file /home/airflow/.local/lib/python3.8/site-packages/airflow/example_dags/example_datasets.py for tasks to queue
[2026-05-29T19:18:39.026+0000] {logging_mixin.py:188} INFO - [2026-05-29T19:18:39.025+0000] {dagbag.py:540} INFO - Filling up the DagBag from /home/airflow/.local/lib/python3.8/site-packages/airflow/example_dags/example_datasets.py
[2026-05-29T19:18:39.033+0000] {processor.py:840} INFO - DAG(s) 'dataset_consumes_1_never_scheduled', 'dataset_consumes_unknown_never_scheduled', 'dataset_consumes_1', 'dataset_produces_2', 'dataset_consumes_1_and_2', 'dataset_produces_1' retrieved from /home/airflow/.local/lib/python3.8/site-packages/airflow/example_dags/example_datasets.py
[2026-05-29T19:18:39.079+0000] {logging_mixin.py:188} INFO - [2026-05-29T19:18:39.078+0000] {dag.py:3047} INFO - Sync 6 DAGs
[2026-05-29T19:18:39.101+0000] {logging_mixin.py:188} INFO - [2026-05-29T19:18:39.100+0000] {dag.py:3834} INFO - Setting next_dagrun for dataset_consumes_1 to None, run_after=None
[2026-05-29T19:18:39.107+0000] {logging_mixin.py:188} INFO - [2026-05-29T19:18:39.106+0000] {dag.py:3834} INFO - Setting next_dagrun for dataset_consumes_1_and_2 to None, run_after=None
[2026-05-29T19:18:39.109+0000] {logging_mixin.py:188} INFO - [2026-05-29T19:18:39.109+0000] {dag.py:3834} INFO - Setting next_dagrun for dataset_consumes_1_never_scheduled to None, run_after=None
[2026-05-29T19:18:39.116+0000] {logging_mixin.py:188} INFO - [2026-05-29T19:18:39.115+0000] {dag.py:3834} INFO - Setting next_dagrun for dataset_consumes_unknown_never_scheduled to None, run_after=None
[2026-05-29T19:18:39.118+0000] {logging_mixin.py:188} INFO - [2026-05-29T19:18:39.118+0000] {dag.py:3834} INFO - Setting next_dagrun for dataset_produces_1 to 2026-05-28 00:00:00+00:00, run_after=2026-05-29 00:00:00+00:00
[2026-05-29T19:18:39.121+0000] {logging_mixin.py:188} INFO - [2026-05-29T19:18:39.121+0000] {dag.py:3834} INFO - Setting next_dagrun for dataset_produces_2 to None, run_after=None
[2026-05-29T19:18:39.166+0000] {processor.py:183} INFO - Processing /home/airflow/.local/lib/python3.8/site-packages/airflow/example_dags/example_datasets.py took 0.148 seconds
[2026-05-29T19:19:09.628+0000] {processor.py:161} INFO - Started process (PID=412) to work on /home/airflow/.local/lib/python3.8/site-packages/airflow/example_dags/example_datasets.py
[2026-05-29T19:19:09.630+0000] {processor.py:830} INFO - Processing file /home/airflow/.local/lib/python3.8/site-packages/airflow/example_dags/example_datasets.py for tasks to queue
[2026-05-29T19:19:09.632+0000] {logging_mixin.py:188} INFO - [2026-05-29T19:19:09.632+0000] {dagbag.py:540} INFO - Filling up the DagBag from /home/airflow/.local/lib/python3.8/site-packages/airflow/example_dags/example_datasets.py
[2026-05-29T19:19:09.640+0000] {processor.py:840} INFO - DAG(s) 'dataset_produces_2', 'dataset_consumes_1_never_scheduled', 'dataset_consumes_unknown_never_scheduled', 'dataset_produces_1', 'dataset_consumes_1_and_2', 'dataset_consumes_1' retrieved from /home/airflow/.local/lib/python3.8/site-packages/airflow/example_dags/example_datasets.py
[2026-05-29T19:19:09.674+0000] {logging_mixin.py:188} INFO - [2026-05-29T19:19:09.674+0000] {dag.py:3047} INFO - Sync 6 DAGs
[2026-05-29T19:19:09.693+0000] {logging_mixin.py:188} INFO - [2026-05-29T19:19:09.692+0000] {dag.py:3834} INFO - Setting next_dagrun for dataset_consumes_1 to None, run_after=None
[2026-05-29T19:19:09.699+0000] {logging_mixin.py:188} INFO - [2026-05-29T19:19:09.698+0000] {dag.py:3834} INFO - Setting next_dagrun for dataset_consumes_1_and_2 to None, run_after=None
[2026-05-29T19:19:09.701+0000] {logging_mixin.py:188} INFO - [2026-05-29T19:19:09.700+0000] {dag.py:3834} INFO - Setting next_dagrun for dataset_consumes_1_never_scheduled to None, run_after=None
[2026-05-29T19:19:09.703+0000] {logging_mixin.py:188} INFO - [2026-05-29T19:19:09.703+0000] {dag.py:3834} INFO - Setting next_dagrun for dataset_consumes_unknown_never_scheduled to None, run_after=None
[2026-05-29T19:19:09.705+0000] {logging_mixin.py:188} INFO - [2026-05-29T19:19:09.705+0000] {dag.py:3834} INFO - Setting next_dagrun for dataset_produces_1 to 2026-05-28 00:00:00+00:00, run_after=2026-05-29 00:00:00+00:00
[2026-05-29T19:19:09.708+0000] {logging_mixin.py:188} INFO - [2026-05-29T19:19:09.707+0000] {dag.py:3834} INFO - Setting next_dagrun for dataset_produces_2 to None, run_after=None
[2026-05-29T19:19:09.738+0000] {processor.py:183} INFO - Processing /home/airflow/.local/lib/python3.8/site-packages/airflow/example_dags/example_datasets.py took 0.112 seconds
[2026-05-29T19:19:39.896+0000] {processor.py:161} INFO - Started process (PID=467) to work on /home/airflow/.local/lib/python3.8/site-packages/airflow/example_dags/example_datasets.py
[2026-05-29T19:19:39.898+0000] {processor.py:830} INFO - Processing file /home/airflow/.local/lib/python3.8/site-packages/airflow/example_dags/example_datasets.py for tasks to queue
[2026-05-29T19:19:39.901+0000] {logging_mixin.py:188} INFO - [2026-05-29T19:19:39.901+0000] {dagbag.py:540} INFO - Filling up the DagBag from /home/airflow/.local/lib/python3.8/site-packages/airflow/example_dags/example_datasets.py
[2026-05-29T19:19:39.909+0000] {processor.py:840} INFO - DAG(s) 'dataset_consumes_unknown_never_scheduled', 'dataset_produces_1', 'dataset_consumes_1', 'dataset_consumes_1_never_scheduled', 'dataset_produces_2', 'dataset_consumes_1_and_2' retrieved from /home/airflow/.local/lib/python3.8/site-packages/airflow/example_dags/example_datasets.py
[2026-05-29T19:19:39.948+0000] {logging_mixin.py:188} INFO - [2026-05-29T19:19:39.948+0000] {dag.py:3047} INFO - Sync 6 DAGs
[2026-05-29T19:19:39.967+0000] {logging_mixin.py:188} INFO - [2026-05-29T19:19:39.967+0000] {dag.py:3834} INFO - Setting next_dagrun for dataset_consumes_1 to None, run_after=None
[2026-05-29T19:19:39.973+0000] {logging_mixin.py:188} INFO - [2026-05-29T19:19:39.972+0000] {dag.py:3834} INFO - Setting next_dagrun for dataset_consumes_1_and_2 to None, run_after=None
[2026-05-29T19:19:39.975+0000] {logging_mixin.py:188} INFO - [2026-05-29T19:19:39.975+0000] {dag.py:3834} INFO - Setting next_dagrun for dataset_consumes_1_never_scheduled to None, run_after=None
[2026-05-29T19:19:39.978+0000] {logging_mixin.py:188} INFO - [2026-05-29T19:19:39.977+0000] {dag.py:3834} INFO - Setting next_dagrun for dataset_consumes_unknown_never_scheduled to None, run_after=None
[2026-05-29T19:19:39.982+0000] {logging_mixin.py:188} INFO - [2026-05-29T19:19:39.981+0000] {dag.py:3834} INFO - Setting next_dagrun for dataset_produces_1 to 2026-05-28 00:00:00+00:00, run_after=2026-05-29 00:00:00+00:00
[2026-05-29T19:19:39.984+0000] {logging_mixin.py:188} INFO - [2026-05-29T19:19:39.984+0000] {dag.py:3834} INFO - Setting next_dagrun for dataset_produces_2 to None, run_after=None
[2026-05-29T19:19:40.015+0000] {processor.py:183} INFO - Processing /home/airflow/.local/lib/python3.8/site-packages/airflow/example_dags/example_datasets.py took 0.123 seconds
[2026-05-29T19:20:10.436+0000] {processor.py:161} INFO - Started process (PID=522) to work on /home/airflow/.local/lib/python3.8/site-packages/airflow/example_dags/example_datasets.py
[2026-05-29T19:20:10.437+0000] {processor.py:830} INFO - Processing file /home/airflow/.local/lib/python3.8/site-packages/airflow/example_dags/example_datasets.py for tasks to queue
[2026-05-29T19:20:10.439+0000] {logging_mixin.py:188} INFO - [2026-05-29T19:20:10.438+0000] {dagbag.py:540} INFO - Filling up the DagBag from /home/airflow/.local/lib/python3.8/site-packages/airflow/example_dags/example_datasets.py
[2026-05-29T19:20:10.447+0000] {processor.py:840} INFO - DAG(s) 'dataset_produces_1', 'dataset_produces_2', 'dataset_consumes_1_and_2', 'dataset_consumes_1', 'dataset_consumes_1_never_scheduled', 'dataset_consumes_unknown_never_scheduled' retrieved from /home/airflow/.local/lib/python3.8/site-packages/airflow/example_dags/example_datasets.py
[2026-05-29T19:20:10.482+0000] {logging_mixin.py:188} INFO - [2026-05-29T19:20:10.482+0000] {dag.py:3047} INFO - Sync 6 DAGs
[2026-05-29T19:20:10.503+0000] {logging_mixin.py:188} INFO - [2026-05-29T19:20:10.502+0000] {dag.py:3834} INFO - Setting next_dagrun for dataset_consumes_1 to None, run_after=None
[2026-05-29T19:20:10.508+0000] {logging_mixin.py:188} INFO - [2026-05-29T19:20:10.508+0000] {dag.py:3834} INFO - Setting next_dagrun for dataset_consumes_1_and_2 to None, run_after=None
[2026-05-29T19:20:10.511+0000] {logging_mixin.py:188} INFO - [2026-05-29T19:20:10.511+0000] {dag.py:3834} INFO - Setting next_dagrun for dataset_consumes_1_never_scheduled to None, run_after=None
[2026-05-29T19:20:10.514+0000] {logging_mixin.py:188} INFO - [2026-05-29T19:20:10.513+0000] {dag.py:3834} INFO - Setting next_dagrun for dataset_consumes_unknown_never_scheduled to None, run_after=None
[2026-05-29T19:20:10.518+0000] {logging_mixin.py:188} INFO - [2026-05-29T19:20:10.517+0000] {dag.py:3834} INFO - Setting next_dagrun for dataset_produces_1 to 2026-05-28 00:00:00+00:00, run_after=2026-05-29 00:00:00+00:00
[2026-05-29T19:20:10.520+0000] {logging_mixin.py:188} INFO - [2026-05-29T19:20:10.519+0000] {dag.py:3834} INFO - Setting next_dagrun for dataset_produces_2 to None, run_after=None
[2026-05-29T19:20:10.551+0000] {processor.py:183} INFO - Processing /home/airflow/.local/lib/python3.8/site-packages/airflow/example_dags/example_datasets.py took 0.119 seconds
[2026-05-29T19:20:40.663+0000] {processor.py:161} INFO - Started process (PID=577) to work on /home/airflow/.local/lib/python3.8/site-packages/airflow/example_dags/example_datasets.py
[2026-05-29T19:20:40.664+0000] {processor.py:830} INFO - Processing file /home/airflow/.local/lib/python3.8/site-packages/airflow/example_dags/example_datasets.py for tasks to queue
[2026-05-29T19:20:40.666+0000] {logging_mixin.py:188} INFO - [2026-05-29T19:20:40.666+0000] {dagbag.py:540} INFO - Filling up the DagBag from /home/airflow/.local/lib/python3.8/site-packages/airflow/example_dags/example_datasets.py
[2026-05-29T19:20:40.674+0000] {processor.py:840} INFO - DAG(s) 'dataset_consumes_1_and_2', 'dataset_consumes_1_never_scheduled', 'dataset_consumes_unknown_never_scheduled', 'dataset_consumes_1', 'dataset_produces_2', 'dataset_produces_1' retrieved from /home/airflow/.local/lib/python3.8/site-packages/airflow/example_dags/example_datasets.py
[2026-05-29T19:20:40.708+0000] {logging_mixin.py:188} INFO - [2026-05-29T19:20:40.707+0000] {dag.py:3047} INFO - Sync 6 DAGs
[2026-05-29T19:20:40.727+0000] {logging_mixin.py:188} INFO - [2026-05-29T19:20:40.727+0000] {dag.py:3834} INFO - Setting next_dagrun for dataset_consumes_1 to None, run_after=None
[2026-05-29T19:20:40.731+0000] {logging_mixin.py:188} INFO - [2026-05-29T19:20:40.730+0000] {dag.py:3834} INFO - Setting next_dagrun for dataset_consumes_1_and_2 to None, run_after=None
[2026-05-29T19:20:40.733+0000] {logging_mixin.py:188} INFO - [2026-05-29T19:20:40.732+0000] {dag.py:3834} INFO - Setting next_dagrun for dataset_consumes_1_never_scheduled to None, run_after=None
[2026-05-29T19:20:40.734+0000] {logging_mixin.py:188} INFO - [2026-05-29T19:20:40.734+0000] {dag.py:3834} INFO - Setting next_dagrun for dataset_consumes_unknown_never_scheduled to None, run_after=None
[2026-05-29T19:20:40.739+0000] {logging_mixin.py:188} INFO - [2026-05-29T19:20:40.738+0000] {dag.py:3834} INFO - Setting next_dagrun for dataset_produces_1 to 2026-05-28 00:00:00+00:00, run_after=2026-05-29 00:00:00+00:00
[2026-05-29T19:20:40.741+0000] {logging_mixin.py:188} INFO - [2026-05-29T19:20:40.740+0000] {dag.py:3834} INFO - Setting next_dagrun for dataset_produces_2 to None, run_after=None
[2026-05-29T19:20:40.771+0000] {processor.py:183} INFO - Processing /home/airflow/.local/lib/python3.8/site-packages/airflow/example_dags/example_datasets.py took 0.111 seconds
[2026-05-29T19:21:11.033+0000] {processor.py:161} INFO - Started process (PID=632) to work on /home/airflow/.local/lib/python3.8/site-packages/airflow/example_dags/example_datasets.py
[2026-05-29T19:21:11.036+0000] {processor.py:830} INFO - Processing file /home/airflow/.local/lib/python3.8/site-packages/airflow/example_dags/example_datasets.py for tasks to queue
[2026-05-29T19:21:11.038+0000] {logging_mixin.py:188} INFO - [2026-05-29T19:21:11.038+0000] {dagbag.py:540} INFO - Filling up the DagBag from /home/airflow/.local/lib/python3.8/site-packages/airflow/example_dags/example_datasets.py
[2026-05-29T19:21:11.049+0000] {processor.py:840} INFO - DAG(s) 'dataset_consumes_1_never_scheduled', 'dataset_consumes_unknown_never_scheduled', 'dataset_produces_1', 'dataset_consumes_1_and_2', 'dataset_produces_2', 'dataset_consumes_1' retrieved from /home/airflow/.local/lib/python3.8/site-packages/airflow/example_dags/example_datasets.py
[2026-05-29T19:21:11.104+0000] {logging_mixin.py:188} INFO - [2026-05-29T19:21:11.103+0000] {dag.py:3047} INFO - Sync 6 DAGs
[2026-05-29T19:21:11.142+0000] {logging_mixin.py:188} INFO - [2026-05-29T19:21:11.141+0000] {dag.py:3834} INFO - Setting next_dagrun for dataset_consumes_1 to None, run_after=None
[2026-05-29T19:21:11.150+0000] {logging_mixin.py:188} INFO - [2026-05-29T19:21:11.149+0000] {dag.py:3834} INFO - Setting next_dagrun for dataset_consumes_1_and_2 to None, run_after=None
[2026-05-29T19:21:11.153+0000] {logging_mixin.py:188} INFO - [2026-05-29T19:21:11.152+0000] {dag.py:3834} INFO - Setting next_dagrun for dataset_consumes_1_never_scheduled to None, run_after=None
[2026-05-29T19:21:11.155+0000] {logging_mixin.py:188} INFO - [2026-05-29T19:21:11.155+0000] {dag.py:3834} INFO - Setting next_dagrun for dataset_consumes_unknown_never_scheduled to None, run_after=None
[2026-05-29T19:21:11.160+0000] {logging_mixin.py:188} INFO - [2026-05-29T19:21:11.159+0000] {dag.py:3834} INFO - Setting next_dagrun for dataset_produces_1 to 2026-05-28 00:00:00+00:00, run_after=2026-05-29 00:00:00+00:00
[2026-05-29T19:21:11.162+0000] {logging_mixin.py:188} INFO - [2026-05-29T19:21:11.162+0000] {dag.py:3834} INFO - Setting next_dagrun for dataset_produces_2 to None, run_after=None
[2026-05-29T19:21:11.232+0000] {processor.py:183} INFO - Processing /home/airflow/.local/lib/python3.8/site-packages/airflow/example_dags/example_datasets.py took 0.202 seconds
[2026-05-29T19:21:41.360+0000] {processor.py:161} INFO - Started process (PID=687) to work on /home/airflow/.local/lib/python3.8/site-packages/airflow/example_dags/example_datasets.py
[2026-05-29T19:21:41.362+0000] {processor.py:830} INFO - Processing file /home/airflow/.local/lib/python3.8/site-packages/airflow/example_dags/example_datasets.py for tasks to queue
[2026-05-29T19:21:41.364+0000] {logging_mixin.py:188} INFO - [2026-05-29T19:21:41.364+0000] {dagbag.py:540} INFO - Filling up the DagBag from /home/airflow/.local/lib/python3.8/site-packages/airflow/example_dags/example_datasets.py
[2026-05-29T19:21:41.371+0000] {processor.py:840} INFO - DAG(s) 'dataset_consumes_1_never_scheduled', 'dataset_consumes_1_and_2', 'dataset_consumes_1', 'dataset_produces_2', 'dataset_produces_1', 'dataset_consumes_unknown_never_scheduled' retrieved from /home/airflow/.local/lib/python3.8/site-packages/airflow/example_dags/example_datasets.py
[2026-05-29T19:21:41.406+0000] {logging_mixin.py:188} INFO - [2026-05-29T19:21:41.406+0000] {dag.py:3047} INFO - Sync 6 DAGs
[2026-05-29T19:21:41.431+0000] {logging_mixin.py:188} INFO - [2026-05-29T19:21:41.430+0000] {dag.py:3834} INFO - Setting next_dagrun for dataset_consumes_1 to None, run_after=None
[2026-05-29T19:21:41.436+0000] {logging_mixin.py:188} INFO - [2026-05-29T19:21:41.436+0000] {dag.py:3834} INFO - Setting next_dagrun for dataset_consumes_1_and_2 to None, run_after=None
[2026-05-29T19:21:41.438+0000] {logging_mixin.py:188} INFO - [2026-05-29T19:21:41.438+0000] {dag.py:3834} INFO - Setting next_dagrun for dataset_consumes_1_never_scheduled to None, run_after=None
[2026-05-29T19:21:41.440+0000] {logging_mixin.py:188} INFO - [2026-05-29T19:21:41.440+0000] {dag.py:3834} INFO - Setting next_dagrun for dataset_consumes_unknown_never_scheduled to None, run_after=None
[2026-05-29T19:21:41.443+0000] {logging_mixin.py:188} INFO - [2026-05-29T19:21:41.443+0000] {dag.py:3834} INFO - Setting next_dagrun for dataset_produces_1 to 2026-05-28 00:00:00+00:00, run_after=2026-05-29 00:00:00+00:00
[2026-05-29T19:21:41.446+0000] {logging_mixin.py:188} INFO - [2026-05-29T19:21:41.446+0000] {dag.py:3834} INFO - Setting next_dagrun for dataset_produces_2 to None, run_after=None
[2026-05-29T19:21:41.492+0000] {processor.py:183} INFO - Processing /home/airflow/.local/lib/python3.8/site-packages/airflow/example_dags/example_datasets.py took 0.135 seconds
[2026-05-29T19:22:11.600+0000] {processor.py:161} INFO - Started process (PID=743) to work on /home/airflow/.local/lib/python3.8/site-packages/airflow/example_dags/example_datasets.py
[2026-05-29T19:22:11.601+0000] {processor.py:830} INFO - Processing file /home/airflow/.local/lib/python3.8/site-packages/airflow/example_dags/example_datasets.py for tasks to queue
[2026-05-29T19:22:11.603+0000] {logging_mixin.py:188} INFO - [2026-05-29T19:22:11.603+0000] {dagbag.py:540} INFO - Filling up the DagBag from /home/airflow/.local/lib/python3.8/site-packages/airflow/example_dags/example_datasets.py
[2026-05-29T19:22:11.612+0000] {processor.py:840} INFO - DAG(s) 'dataset_consumes_1', 'dataset_produces_1', 'dataset_consumes_1_never_scheduled', 'dataset_consumes_unknown_never_scheduled', 'dataset_consumes_1_and_2', 'dataset_produces_2' retrieved from /home/airflow/.local/lib/python3.8/site-packages/airflow/example_dags/example_datasets.py
[2026-05-29T19:22:11.641+0000] {logging_mixin.py:188} INFO - [2026-05-29T19:22:11.641+0000] {dag.py:3047} INFO - Sync 6 DAGs
[2026-05-29T19:22:11.657+0000] {logging_mixin.py:188} INFO - [2026-05-29T19:22:11.656+0000] {dag.py:3834} INFO - Setting next_dagrun for dataset_consumes_1 to None, run_after=None
[2026-05-29T19:22:11.661+0000] {logging_mixin.py:188} INFO - [2026-05-29T19:22:11.660+0000] {dag.py:3834} INFO - Setting next_dagrun for dataset_consumes_1_and_2 to None, run_after=None
[2026-05-29T19:22:11.663+0000] {logging_mixin.py:188} INFO - [2026-05-29T19:22:11.662+0000] {dag.py:3834} INFO - Setting next_dagrun for dataset_consumes_1_never_scheduled to None, run_after=None
[2026-05-29T19:22:11.664+0000] {logging_mixin.py:188} INFO - [2026-05-29T19:22:11.664+0000] {dag.py:3834} INFO - Setting next_dagrun for dataset_consumes_unknown_never_scheduled to None, run_after=None
[2026-05-29T19:22:11.667+0000] {logging_mixin.py:188} INFO - [2026-05-29T19:22:11.667+0000] {dag.py:3834} INFO - Setting next_dagrun for dataset_produces_1 to 2026-05-28 00:00:00+00:00, run_after=2026-05-29 00:00:00+00:00
[2026-05-29T19:22:11.670+0000] {logging_mixin.py:188} INFO - [2026-05-29T19:22:11.669+0000] {dag.py:3834} INFO - Setting next_dagrun for dataset_produces_2 to None, run_after=None
[2026-05-29T19:22:11.698+0000] {processor.py:183} INFO - Processing /home/airflow/.local/lib/python3.8/site-packages/airflow/example_dags/example_datasets.py took 0.102 seconds
[2026-05-29T19:22:41.873+0000] {processor.py:161} INFO - Started process (PID=797) to work on /home/airflow/.local/lib/python3.8/site-packages/airflow/example_dags/example_datasets.py
[2026-05-29T19:22:41.874+0000] {processor.py:830} INFO - Processing file /home/airflow/.local/lib/python3.8/site-packages/airflow/example_dags/example_datasets.py for tasks to queue
[2026-05-29T19:22:41.876+0000] {logging_mixin.py:188} INFO - [2026-05-29T19:22:41.876+0000] {dagbag.py:540} INFO - Filling up the DagBag from /home/airflow/.local/lib/python3.8/site-packages/airflow/example_dags/example_datasets.py
[2026-05-29T19:22:41.883+0000] {processor.py:840} INFO - DAG(s) 'dataset_produces_2', 'dataset_consumes_1_never_scheduled', 'dataset_produces_1', 'dataset_consumes_unknown_never_scheduled', 'dataset_consumes_1', 'dataset_consumes_1_and_2' retrieved from /home/airflow/.local/lib/python3.8/site-packages/airflow/example_dags/example_datasets.py
[2026-05-29T19:22:41.914+0000] {logging_mixin.py:188} INFO - [2026-05-29T19:22:41.914+0000] {dag.py:3047} INFO - Sync 6 DAGs
[2026-05-29T19:22:41.934+0000] {logging_mixin.py:188} INFO - [2026-05-29T19:22:41.934+0000] {dag.py:3834} INFO - Setting next_dagrun for dataset_consumes_1 to None, run_after=None
[2026-05-29T19:22:41.940+0000] {logging_mixin.py:188} INFO - [2026-05-29T19:22:41.939+0000] {dag.py:3834} INFO - Setting next_dagrun for dataset_consumes_1_and_2 to None, run_after=None
[2026-05-29T19:22:41.943+0000] {logging_mixin.py:188} INFO - [2026-05-29T19:22:41.943+0000] {dag.py:3834} INFO - Setting next_dagrun for dataset_consumes_1_never_scheduled to None, run_after=None
[2026-05-29T19:22:41.946+0000] {logging_mixin.py:188} INFO - [2026-05-29T19:22:41.945+0000] {dag.py:3834} INFO - Setting next_dagrun for dataset_consumes_unknown_never_scheduled to None, run_after=None
[2026-05-29T19:22:41.949+0000] {logging_mixin.py:188} INFO - [2026-05-29T19:22:41.949+0000] {dag.py:3834} INFO - Setting next_dagrun for dataset_produces_1 to 2026-05-28 00:00:00+00:00, run_after=2026-05-29 00:00:00+00:00
[2026-05-29T19:22:41.950+0000] {logging_mixin.py:188} INFO - [2026-05-29T19:22:41.950+0000] {dag.py:3834} INFO - Setting next_dagrun for dataset_produces_2 to None, run_after=None
[2026-05-29T19:22:41.983+0000] {processor.py:183} INFO - Processing /home/airflow/.local/lib/python3.8/site-packages/airflow/example_dags/example_datasets.py took 0.113 seconds
[2026-05-29T19:23:12.088+0000] {processor.py:161} INFO - Started process (PID=853) to work on /home/airflow/.local/lib/python3.8/site-packages/airflow/example_dags/example_datasets.py
[2026-05-29T19:23:12.089+0000] {processor.py:830} INFO - Processing file /home/airflow/.local/lib/python3.8/site-packages/airflow/example_dags/example_datasets.py for tasks to queue
[2026-05-29T19:23:12.092+0000] {logging_mixin.py:188} INFO - [2026-05-29T19:23:12.091+0000] {dagbag.py:540} INFO - Filling up the DagBag from /home/airflow/.local/lib/python3.8/site-packages/airflow/example_dags/example_datasets.py
[2026-05-29T19:23:12.101+0000] {processor.py:840} INFO - DAG(s) 'dataset_produces_1', 'dataset_consumes_1_and_2', 'dataset_produces_2', 'dataset_consumes_1', 'dataset_consumes_unknown_never_scheduled', 'dataset_consumes_1_never_scheduled' retrieved from /home/airflow/.local/lib/python3.8/site-packages/airflow/example_dags/example_datasets.py
[2026-05-29T19:23:12.135+0000] {logging_mixin.py:188} INFO - [2026-05-29T19:23:12.135+0000] {dag.py:3047} INFO - Sync 6 DAGs
[2026-05-29T19:23:12.155+0000] {logging_mixin.py:188} INFO - [2026-05-29T19:23:12.154+0000] {dag.py:3834} INFO - Setting next_dagrun for dataset_consumes_1 to None, run_after=None
[2026-05-29T19:23:12.159+0000] {logging_mixin.py:188} INFO - [2026-05-29T19:23:12.158+0000] {dag.py:3834} INFO - Setting next_dagrun for dataset_consumes_1_and_2 to None, run_after=None
[2026-05-29T19:23:12.160+0000] {logging_mixin.py:188} INFO - [2026-05-29T19:23:12.160+0000] {dag.py:3834} INFO - Setting next_dagrun for dataset_consumes_1_never_scheduled to None, run_after=None
[2026-05-29T19:23:12.163+0000] {logging_mixin.py:188} INFO - [2026-05-29T19:23:12.162+0000] {dag.py:3834} INFO - Setting next_dagrun for dataset_consumes_unknown_never_scheduled to None, run_after=None
[2026-05-29T19:23:12.166+0000] {logging_mixin.py:188} INFO - [2026-05-29T19:23:12.166+0000] {dag.py:3834} INFO - Setting next_dagrun for dataset_produces_1 to 2026-05-28 00:00:00+00:00, run_after=2026-05-29 00:00:00+00:00
[2026-05-29T19:23:12.169+0000] {logging_mixin.py:188} INFO - [2026-05-29T19:23:12.169+0000] {dag.py:3834} INFO - Setting next_dagrun for dataset_produces_2 to None, run_after=None
[2026-05-29T19:23:12.200+0000] {processor.py:183} INFO - Processing /home/airflow/.local/lib/python3.8/site-packages/airflow/example_dags/example_datasets.py took 0.116 seconds
[2026-05-29T19:23:42.317+0000] {processor.py:161} INFO - Started process (PID=909) to work on /home/airflow/.local/lib/python3.8/site-packages/airflow/example_dags/example_datasets.py
[2026-05-29T19:23:42.318+0000] {processor.py:830} INFO - Processing file /home/airflow/.local/lib/python3.8/site-packages/airflow/example_dags/example_datasets.py for tasks to queue
[2026-05-29T19:23:42.320+0000] {logging_mixin.py:188} INFO - [2026-05-29T19:23:42.320+0000] {dagbag.py:540} INFO - Filling up the DagBag from /home/airflow/.local/lib/python3.8/site-packages/airflow/example_dags/example_datasets.py
[2026-05-29T19:23:42.328+0000] {processor.py:840} INFO - DAG(s) 'dataset_consumes_1_never_scheduled', 'dataset_produces_1', 'dataset_consumes_1', 'dataset_produces_2', 'dataset_consumes_unknown_never_scheduled', 'dataset_consumes_1_and_2' retrieved from /home/airflow/.local/lib/python3.8/site-packages/airflow/example_dags/example_datasets.py
[2026-05-29T19:23:42.355+0000] {logging_mixin.py:188} INFO - [2026-05-29T19:23:42.355+0000] {dag.py:3047} INFO - Sync 6 DAGs
[2026-05-29T19:23:42.371+0000] {logging_mixin.py:188} INFO - [2026-05-29T19:23:42.371+0000] {dag.py:3834} INFO - Setting next_dagrun for dataset_consumes_1 to None, run_after=None
[2026-05-29T19:23:42.374+0000] {logging_mixin.py:188} INFO - [2026-05-29T19:23:42.374+0000] {dag.py:3834} INFO - Setting next_dagrun for dataset_consumes_1_and_2 to None, run_after=None
[2026-05-29T19:23:42.375+0000] {logging_mixin.py:188} INFO - [2026-05-29T19:23:42.375+0000] {dag.py:3834} INFO - Setting next_dagrun for dataset_consumes_1_never_scheduled to None, run_after=None
[2026-05-29T19:23:42.377+0000] {logging_mixin.py:188} INFO - [2026-05-29T19:23:42.377+0000] {dag.py:3834} INFO - Setting next_dagrun for dataset_consumes_unknown_never_scheduled to None, run_after=None
[2026-05-29T19:23:42.379+0000] {logging_mixin.py:188} INFO - [2026-05-29T19:23:42.379+0000] {dag.py:3834} INFO - Setting next_dagrun for dataset_produces_1 to 2026-05-28 00:00:00+00:00, run_after=2026-05-29 00:00:00+00:00
[2026-05-29T19:23:42.380+0000] {logging_mixin.py:188} INFO - [2026-05-29T19:23:42.380+0000] {dag.py:3834} INFO - Setting next_dagrun for dataset_produces_2 to None, run_after=None
[2026-05-29T19:23:42.401+0000] {processor.py:183} INFO - Processing /home/airflow/.local/lib/python3.8/site-packages/airflow/example_dags/example_datasets.py took 0.087 seconds
[2026-05-29T19:24:12.527+0000] {processor.py:161} INFO - Started process (PID=964) to work on /home/airflow/.local/lib/python3.8/site-packages/airflow/example_dags/example_datasets.py
[2026-05-29T19:24:12.529+0000] {processor.py:830} INFO - Processing file /home/airflow/.local/lib/python3.8/site-packages/airflow/example_dags/example_datasets.py for tasks to queue
[2026-05-29T19:24:12.531+0000] {logging_mixin.py:188} INFO - [2026-05-29T19:24:12.531+0000] {dagbag.py:540} INFO - Filling up the DagBag from /home/airflow/.local/lib/python3.8/site-packages/airflow/example_dags/example_datasets.py
[2026-05-29T19:24:12.540+0000] {processor.py:840} INFO - DAG(s) 'dataset_produces_2', 'dataset_consumes_unknown_never_scheduled', 'dataset_consumes_1_and_2', 'dataset_consumes_1_never_scheduled', 'dataset_consumes_1', 'dataset_produces_1' retrieved from /home/airflow/.local/lib/python3.8/site-packages/airflow/example_dags/example_datasets.py
[2026-05-29T19:24:12.568+0000] {logging_mixin.py:188} INFO - [2026-05-29T19:24:12.568+0000] {dag.py:3047} INFO - Sync 6 DAGs
[2026-05-29T19:24:12.586+0000] {logging_mixin.py:188} INFO - [2026-05-29T19:24:12.586+0000] {dag.py:3834} INFO - Setting next_dagrun for dataset_consumes_1 to None, run_after=None
[2026-05-29T19:24:12.589+0000] {logging_mixin.py:188} INFO - [2026-05-29T19:24:12.589+0000] {dag.py:3834} INFO - Setting next_dagrun for dataset_consumes_1_and_2 to None, run_after=None
[2026-05-29T19:24:12.591+0000] {logging_mixin.py:188} INFO - [2026-05-29T19:24:12.591+0000] {dag.py:3834} INFO - Setting next_dagrun for dataset_consumes_1_never_scheduled to None, run_after=None
[2026-05-29T19:24:12.593+0000] {logging_mixin.py:188} INFO - [2026-05-29T19:24:12.592+0000] {dag.py:3834} INFO - Setting next_dagrun for dataset_consumes_unknown_never_scheduled to None, run_after=None
[2026-05-29T19:24:12.596+0000] {logging_mixin.py:188} INFO - [2026-05-29T19:24:12.596+0000] {dag.py:3834} INFO - Setting next_dagrun for dataset_produces_1 to 2026-05-28 00:00:00+00:00, run_after=2026-05-29 00:00:00+00:00
[2026-05-29T19:24:12.597+0000] {logging_mixin.py:188} INFO - [2026-05-29T19:24:12.597+0000] {dag.py:3834} INFO - Setting next_dagrun for dataset_produces_2 to None, run_after=None
[2026-05-29T19:24:12.626+0000] {processor.py:183} INFO - Processing /home/airflow/.local/lib/python3.8/site-packages/airflow/example_dags/example_datasets.py took 0.103 seconds
[2026-05-29T19:24:42.682+0000] {processor.py:161} INFO - Started process (PID=1017) to work on /home/airflow/.local/lib/python3.8/site-packages/airflow/example_dags/example_datasets.py
[2026-05-29T19:24:42.684+0000] {processor.py:830} INFO - Processing file /home/airflow/.local/lib/python3.8/site-packages/airflow/example_dags/example_datasets.py for tasks to queue
[2026-05-29T19:24:42.686+0000] {logging_mixin.py:188} INFO - [2026-05-29T19:24:42.686+0000] {dagbag.py:540} INFO - Filling up the DagBag from /home/airflow/.local/lib/python3.8/site-packages/airflow/example_dags/example_datasets.py
[2026-05-29T19:24:42.696+0000] {processor.py:840} INFO - DAG(s) 'dataset_consumes_unknown_never_scheduled', 'dataset_produces_2', 'dataset_consumes_1_and_2', 'dataset_produces_1', 'dataset_consumes_1_never_scheduled', 'dataset_consumes_1' retrieved from /home/airflow/.local/lib/python3.8/site-packages/airflow/example_dags/example_datasets.py
[2026-05-29T19:24:42.734+0000] {logging_mixin.py:188} INFO - [2026-05-29T19:24:42.733+0000] {dag.py:3047} INFO - Sync 6 DAGs
[2026-05-29T19:24:42.754+0000] {logging_mixin.py:188} INFO - [2026-05-29T19:24:42.754+0000] {dag.py:3834} INFO - Setting next_dagrun for dataset_consumes_1 to None, run_after=None
[2026-05-29T19:24:42.760+0000] {logging_mixin.py:188} INFO - [2026-05-29T19:24:42.760+0000] {dag.py:3834} INFO - Setting next_dagrun for dataset_consumes_1_and_2 to None, run_after=None
[2026-05-29T19:24:42.763+0000] {logging_mixin.py:188} INFO - [2026-05-29T19:24:42.763+0000] {dag.py:3834} INFO - Setting next_dagrun for dataset_consumes_1_never_scheduled to None, run_after=None
[2026-05-29T19:24:42.766+0000] {logging_mixin.py:188} INFO - [2026-05-29T19:24:42.765+0000] {dag.py:3834} INFO - Setting next_dagrun for dataset_consumes_unknown_never_scheduled to None, run_after=None
[2026-05-29T19:24:42.769+0000] {logging_mixin.py:188} INFO - [2026-05-29T19:24:42.769+0000] {dag.py:3834} INFO - Setting next_dagrun for dataset_produces_1 to 2026-05-28 00:00:00+00:00, run_after=2026-05-29 00:00:00+00:00
[2026-05-29T19:24:42.773+0000] {logging_mixin.py:188} INFO - [2026-05-29T19:24:42.772+0000] {dag.py:3834} INFO - Setting next_dagrun for dataset_produces_2 to None, run_after=None
[2026-05-29T19:24:42.817+0000] {processor.py:183} INFO - Processing /home/airflow/.local/lib/python3.8/site-packages/airflow/example_dags/example_datasets.py took 0.139 seconds
[2026-05-29T19:25:13.059+0000] {processor.py:161} INFO - Started process (PID=1072) to work on /home/airflow/.local/lib/python3.8/site-packages/airflow/example_dags/example_datasets.py
[2026-05-29T19:25:13.060+0000] {processor.py:830} INFO - Processing file /home/airflow/.local/lib/python3.8/site-packages/airflow/example_dags/example_datasets.py for tasks to queue
[2026-05-29T19:25:13.063+0000] {logging_mixin.py:188} INFO - [2026-05-29T19:25:13.062+0000] {dagbag.py:540} INFO - Filling up the DagBag from /home/airflow/.local/lib/python3.8/site-packages/airflow/example_dags/example_datasets.py
[2026-05-29T19:25:13.072+0000] {processor.py:840} INFO - DAG(s) 'dataset_consumes_1', 'dataset_consumes_1_and_2', 'dataset_consumes_1_never_scheduled', 'dataset_produces_1', 'dataset_produces_2', 'dataset_consumes_unknown_never_scheduled' retrieved from /home/airflow/.local/lib/python3.8/site-packages/airflow/example_dags/example_datasets.py
[2026-05-29T19:25:13.103+0000] {logging_mixin.py:188} INFO - [2026-05-29T19:25:13.103+0000] {dag.py:3047} INFO - Sync 6 DAGs
[2026-05-29T19:25:13.120+0000] {logging_mixin.py:188} INFO - [2026-05-29T19:25:13.120+0000] {dag.py:3834} INFO - Setting next_dagrun for dataset_consumes_1 to None, run_after=None
[2026-05-29T19:25:13.124+0000] {logging_mixin.py:188} INFO - [2026-05-29T19:25:13.123+0000] {dag.py:3834} INFO - Setting next_dagrun for dataset_consumes_1_and_2 to None, run_after=None
[2026-05-29T19:25:13.126+0000] {logging_mixin.py:188} INFO - [2026-05-29T19:25:13.126+0000] {dag.py:3834} INFO - Setting next_dagrun for dataset_consumes_1_never_scheduled to None, run_after=None
[2026-05-29T19:25:13.127+0000] {logging_mixin.py:188} INFO - [2026-05-29T19:25:13.127+0000] {dag.py:3834} INFO - Setting next_dagrun for dataset_consumes_unknown_never_scheduled to None, run_after=None
[2026-05-29T19:25:13.130+0000] {logging_mixin.py:188} INFO - [2026-05-29T19:25:13.129+0000] {dag.py:3834} INFO - Setting next_dagrun for dataset_produces_1 to 2026-05-28 00:00:00+00:00, run_after=2026-05-29 00:00:00+00:00
[2026-05-29T19:25:13.132+0000] {logging_mixin.py:188} INFO - [2026-05-29T19:25:13.132+0000] {dag.py:3834} INFO - Setting next_dagrun for dataset_produces_2 to None, run_after=None
[2026-05-29T19:25:13.160+0000] {processor.py:183} INFO - Processing /home/airflow/.local/lib/python3.8/site-packages/airflow/example_dags/example_datasets.py took 0.104 seconds
[2026-05-29T19:25:43.955+0000] {processor.py:161} INFO - Started process (PID=1127) to work on /home/airflow/.local/lib/python3.8/site-packages/airflow/example_dags/example_datasets.py
[2026-05-29T19:25:43.956+0000] {processor.py:830} INFO - Processing file /home/airflow/.local/lib/python3.8/site-packages/airflow/example_dags/example_datasets.py for tasks to queue
[2026-05-29T19:25:43.958+0000] {logging_mixin.py:188} INFO - [2026-05-29T19:25:43.958+0000] {dagbag.py:540} INFO - Filling up the DagBag from /home/airflow/.local/lib/python3.8/site-packages/airflow/example_dags/example_datasets.py
[2026-05-29T19:25:43.967+0000] {processor.py:840} INFO - DAG(s) 'dataset_consumes_1', 'dataset_consumes_1_and_2', 'dataset_produces_2', 'dataset_consumes_unknown_never_scheduled', 'dataset_produces_1', 'dataset_consumes_1_never_scheduled' retrieved from /home/airflow/.local/lib/python3.8/site-packages/airflow/example_dags/example_datasets.py
[2026-05-29T19:25:43.999+0000] {logging_mixin.py:188} INFO - [2026-05-29T19:25:43.998+0000] {dag.py:3047} INFO - Sync 6 DAGs
[2026-05-29T19:25:44.016+0000] {logging_mixin.py:188} INFO - [2026-05-29T19:25:44.016+0000] {dag.py:3834} INFO - Setting next_dagrun for dataset_consumes_1 to None, run_after=None
[2026-05-29T19:25:44.020+0000] {logging_mixin.py:188} INFO - [2026-05-29T19:25:44.020+0000] {dag.py:3834} INFO - Setting next_dagrun for dataset_consumes_1_and_2 to None, run_after=None
[2026-05-29T19:25:44.022+0000] {logging_mixin.py:188} INFO - [2026-05-29T19:25:44.022+0000] {dag.py:3834} INFO - Setting next_dagrun for dataset_consumes_1_never_scheduled to None, run_after=None
[2026-05-29T19:25:44.024+0000] {logging_mixin.py:188} INFO - [2026-05-29T19:25:44.024+0000] {dag.py:3834} INFO - Setting next_dagrun for dataset_consumes_unknown_never_scheduled to None, run_after=None
[2026-05-29T19:25:44.027+0000] {logging_mixin.py:188} INFO - [2026-05-29T19:25:44.027+0000] {dag.py:3834} INFO - Setting next_dagrun for dataset_produces_1 to 2026-05-28 00:00:00+00:00, run_after=2026-05-29 00:00:00+00:00
[2026-05-29T19:25:44.029+0000] {logging_mixin.py:188} INFO - [2026-05-29T19:25:44.029+0000] {dag.py:3834} INFO - Setting next_dagrun for dataset_produces_2 to None, run_after=None
[2026-05-29T19:25:44.052+0000] {processor.py:183} INFO - Processing /home/airflow/.local/lib/python3.8/site-packages/airflow/example_dags/example_datasets.py took 0.099 seconds
[2026-05-29T19:26:14.169+0000] {processor.py:161} INFO - Started process (PID=1182) to work on /home/airflow/.local/lib/python3.8/site-packages/airflow/example_dags/example_datasets.py
[2026-05-29T19:26:14.170+0000] {processor.py:830} INFO - Processing file /home/airflow/.local/lib/python3.8/site-packages/airflow/example_dags/example_datasets.py for tasks to queue
[2026-05-29T19:26:14.173+0000] {logging_mixin.py:188} INFO - [2026-05-29T19:26:14.173+0000] {dagbag.py:540} INFO - Filling up the DagBag from /home/airflow/.local/lib/python3.8/site-packages/airflow/example_dags/example_datasets.py
[2026-05-29T19:26:14.185+0000] {processor.py:840} INFO - DAG(s) 'dataset_consumes_1', 'dataset_produces_2', 'dataset_consumes_1_and_2', 'dataset_produces_1', 'dataset_consumes_1_never_scheduled', 'dataset_consumes_unknown_never_scheduled' retrieved from /home/airflow/.local/lib/python3.8/site-packages/airflow/example_dags/example_datasets.py
[2026-05-29T19:26:14.237+0000] {logging_mixin.py:188} INFO - [2026-05-29T19:26:14.236+0000] {dag.py:3047} INFO - Sync 6 DAGs
[2026-05-29T19:26:14.263+0000] {logging_mixin.py:188} INFO - [2026-05-29T19:26:14.263+0000] {dag.py:3834} INFO - Setting next_dagrun for dataset_consumes_1 to None, run_after=None
[2026-05-29T19:26:14.268+0000] {logging_mixin.py:188} INFO - [2026-05-29T19:26:14.267+0000] {dag.py:3834} INFO - Setting next_dagrun for dataset_consumes_1_and_2 to None, run_after=None
[2026-05-29T19:26:14.272+0000] {logging_mixin.py:188} INFO - [2026-05-29T19:26:14.272+0000] {dag.py:3834} INFO - Setting next_dagrun for dataset_consumes_1_never_scheduled to None, run_after=None
[2026-05-29T19:26:14.278+0000] {logging_mixin.py:188} INFO - [2026-05-29T19:26:14.277+0000] {dag.py:3834} INFO - Setting next_dagrun for dataset_consumes_unknown_never_scheduled to None, run_after=None
[2026-05-29T19:26:14.282+0000] {logging_mixin.py:188} INFO - [2026-05-29T19:26:14.281+0000] {dag.py:3834} INFO - Setting next_dagrun for dataset_produces_1 to 2026-05-28 00:00:00+00:00, run_after=2026-05-29 00:00:00+00:00
[2026-05-29T19:26:14.286+0000] {logging_mixin.py:188} INFO - [2026-05-29T19:26:14.286+0000] {dag.py:3834} INFO - Setting next_dagrun for dataset_produces_2 to None, run_after=None
[2026-05-29T19:26:14.334+0000] {processor.py:183} INFO - Processing /home/airflow/.local/lib/python3.8/site-packages/airflow/example_dags/example_datasets.py took 0.169 seconds
[2026-05-29T19:26:44.405+0000] {processor.py:161} INFO - Started process (PID=1237) to work on /home/airflow/.local/lib/python3.8/site-packages/airflow/example_dags/example_datasets.py
[2026-05-29T19:26:44.407+0000] {processor.py:830} INFO - Processing file /home/airflow/.local/lib/python3.8/site-packages/airflow/example_dags/example_datasets.py for tasks to queue
[2026-05-29T19:26:44.409+0000] {logging_mixin.py:188} INFO - [2026-05-29T19:26:44.409+0000] {dagbag.py:540} INFO - Filling up the DagBag from /home/airflow/.local/lib/python3.8/site-packages/airflow/example_dags/example_datasets.py
[2026-05-29T19:26:44.417+0000] {processor.py:840} INFO - DAG(s) 'dataset_consumes_1_and_2', 'dataset_consumes_1_never_scheduled', 'dataset_consumes_unknown_never_scheduled', 'dataset_consumes_1', 'dataset_produces_1', 'dataset_produces_2' retrieved from /home/airflow/.local/lib/python3.8/site-packages/airflow/example_dags/example_datasets.py
[2026-05-29T19:26:44.450+0000] {logging_mixin.py:188} INFO - [2026-05-29T19:26:44.450+0000] {dag.py:3047} INFO - Sync 6 DAGs
[2026-05-29T19:26:44.469+0000] {logging_mixin.py:188} INFO - [2026-05-29T19:26:44.468+0000] {dag.py:3834} INFO - Setting next_dagrun for dataset_consumes_1 to None, run_after=None
[2026-05-29T19:26:44.473+0000] {logging_mixin.py:188} INFO - [2026-05-29T19:26:44.473+0000] {dag.py:3834} INFO - Setting next_dagrun for dataset_consumes_1_and_2 to None, run_after=None
[2026-05-29T19:26:44.475+0000] {logging_mixin.py:188} INFO - [2026-05-29T19:26:44.474+0000] {dag.py:3834} INFO - Setting next_dagrun for dataset_consumes_1_never_scheduled to None, run_after=None
[2026-05-29T19:26:44.476+0000] {logging_mixin.py:188} INFO - [2026-05-29T19:26:44.476+0000] {dag.py:3834} INFO - Setting next_dagrun for dataset_consumes_unknown_never_scheduled to None, run_after=None
[2026-05-29T19:26:44.478+0000] {logging_mixin.py:188} INFO - [2026-05-29T19:26:44.478+0000] {dag.py:3834} INFO - Setting next_dagrun for dataset_produces_1 to 2026-05-28 00:00:00+00:00, run_after=2026-05-29 00:00:00+00:00
[2026-05-29T19:26:44.479+0000] {logging_mixin.py:188} INFO - [2026-05-29T19:26:44.479+0000] {dag.py:3834} INFO - Setting next_dagrun for dataset_produces_2 to None, run_after=None
[2026-05-29T19:26:44.513+0000] {processor.py:183} INFO - Processing /home/airflow/.local/lib/python3.8/site-packages/airflow/example_dags/example_datasets.py took 0.111 seconds
[2026-05-29T19:27:14.753+0000] {processor.py:161} INFO - Started process (PID=1292) to work on /home/airflow/.local/lib/python3.8/site-packages/airflow/example_dags/example_datasets.py
[2026-05-29T19:27:14.755+0000] {processor.py:830} INFO - Processing file /home/airflow/.local/lib/python3.8/site-packages/airflow/example_dags/example_datasets.py for tasks to queue
[2026-05-29T19:27:14.756+0000] {logging_mixin.py:188} INFO - [2026-05-29T19:27:14.756+0000] {dagbag.py:540} INFO - Filling up the DagBag from /home/airflow/.local/lib/python3.8/site-packages/airflow/example_dags/example_datasets.py
[2026-05-29T19:27:14.764+0000] {processor.py:840} INFO - DAG(s) 'dataset_produces_1', 'dataset_consumes_1_never_scheduled', 'dataset_consumes_unknown_never_scheduled', 'dataset_produces_2', 'dataset_consumes_1', 'dataset_consumes_1_and_2' retrieved from /home/airflow/.local/lib/python3.8/site-packages/airflow/example_dags/example_datasets.py
[2026-05-29T19:27:14.794+0000] {logging_mixin.py:188} INFO - [2026-05-29T19:27:14.794+0000] {dag.py:3047} INFO - Sync 6 DAGs
[2026-05-29T19:27:14.811+0000] {logging_mixin.py:188} INFO - [2026-05-29T19:27:14.811+0000] {dag.py:3834} INFO - Setting next_dagrun for dataset_consumes_1 to None, run_after=None
[2026-05-29T19:27:14.814+0000] {logging_mixin.py:188} INFO - [2026-05-29T19:27:14.814+0000] {dag.py:3834} INFO - Setting next_dagrun for dataset_consumes_1_and_2 to None, run_after=None
[2026-05-29T19:27:14.816+0000] {logging_mixin.py:188} INFO - [2026-05-29T19:27:14.816+0000] {dag.py:3834} INFO - Setting next_dagrun for dataset_consumes_1_never_scheduled to None, run_after=None
[2026-05-29T19:27:14.818+0000] {logging_mixin.py:188} INFO - [2026-05-29T19:27:14.818+0000] {dag.py:3834} INFO - Setting next_dagrun for dataset_consumes_unknown_never_scheduled to None, run_after=None
[2026-05-29T19:27:14.821+0000] {logging_mixin.py:188} INFO - [2026-05-29T19:27:14.821+0000] {dag.py:3834} INFO - Setting next_dagrun for dataset_produces_1 to 2026-05-28 00:00:00+00:00, run_after=2026-05-29 00:00:00+00:00
[2026-05-29T19:27:14.823+0000] {logging_mixin.py:188} INFO - [2026-05-29T19:27:14.823+0000] {dag.py:3834} INFO - Setting next_dagrun for dataset_produces_2 to None, run_after=None
[2026-05-29T19:27:14.852+0000] {processor.py:183} INFO - Processing /home/airflow/.local/lib/python3.8/site-packages/airflow/example_dags/example_datasets.py took 0.101 seconds
[2026-05-29T19:27:46.077+0000] {processor.py:161} INFO - Started process (PID=1347) to work on /home/airflow/.local/lib/python3.8/site-packages/airflow/example_dags/example_datasets.py
[2026-05-29T19:27:46.079+0000] {processor.py:830} INFO - Processing file /home/airflow/.local/lib/python3.8/site-packages/airflow/example_dags/example_datasets.py for tasks to queue
[2026-05-29T19:27:46.086+0000] {logging_mixin.py:188} INFO - [2026-05-29T19:27:46.084+0000] {dagbag.py:540} INFO - Filling up the DagBag from /home/airflow/.local/lib/python3.8/site-packages/airflow/example_dags/example_datasets.py
[2026-05-29T19:27:46.113+0000] {processor.py:840} INFO - DAG(s) 'dataset_produces_1', 'dataset_consumes_unknown_never_scheduled', 'dataset_produces_2', 'dataset_consumes_1_never_scheduled', 'dataset_consumes_1_and_2', 'dataset_consumes_1' retrieved from /home/airflow/.local/lib/python3.8/site-packages/airflow/example_dags/example_datasets.py
[2026-05-29T19:27:46.198+0000] {logging_mixin.py:188} INFO - [2026-05-29T19:27:46.197+0000] {dag.py:3047} INFO - Sync 6 DAGs
[2026-05-29T19:27:46.242+0000] {logging_mixin.py:188} INFO - [2026-05-29T19:27:46.241+0000] {dag.py:3834} INFO - Setting next_dagrun for dataset_consumes_1 to None, run_after=None
[2026-05-29T19:27:46.250+0000] {logging_mixin.py:188} INFO - [2026-05-29T19:27:46.249+0000] {dag.py:3834} INFO - Setting next_dagrun for dataset_consumes_1_and_2 to None, run_after=None
[2026-05-29T19:27:46.256+0000] {logging_mixin.py:188} INFO - [2026-05-29T19:27:46.256+0000] {dag.py:3834} INFO - Setting next_dagrun for dataset_consumes_1_never_scheduled to None, run_after=None
[2026-05-29T19:27:46.260+0000] {logging_mixin.py:188} INFO - [2026-05-29T19:27:46.260+0000] {dag.py:3834} INFO - Setting next_dagrun for dataset_consumes_unknown_never_scheduled to None, run_after=None
[2026-05-29T19:27:46.268+0000] {logging_mixin.py:188} INFO - [2026-05-29T19:27:46.267+0000] {dag.py:3834} INFO - Setting next_dagrun for dataset_produces_1 to 2026-05-28 00:00:00+00:00, run_after=2026-05-29 00:00:00+00:00
[2026-05-29T19:27:46.274+0000] {logging_mixin.py:188} INFO - [2026-05-29T19:27:46.273+0000] {dag.py:3834} INFO - Setting next_dagrun for dataset_produces_2 to None, run_after=None
[2026-05-29T19:27:46.344+0000] {processor.py:183} INFO - Processing /home/airflow/.local/lib/python3.8/site-packages/airflow/example_dags/example_datasets.py took 0.273 seconds
[2026-05-29T19:28:16.672+0000] {processor.py:161} INFO - Started process (PID=1402) to work on /home/airflow/.local/lib/python3.8/site-packages/airflow/example_dags/example_datasets.py
[2026-05-29T19:28:16.674+0000] {processor.py:830} INFO - Processing file /home/airflow/.local/lib/python3.8/site-packages/airflow/example_dags/example_datasets.py for tasks to queue
[2026-05-29T19:28:16.677+0000] {logging_mixin.py:188} INFO - [2026-05-29T19:28:16.676+0000] {dagbag.py:540} INFO - Filling up the DagBag from /home/airflow/.local/lib/python3.8/site-packages/airflow/example_dags/example_datasets.py
[2026-05-29T19:28:16.684+0000] {processor.py:840} INFO - DAG(s) 'dataset_consumes_1_and_2', 'dataset_consumes_1_never_scheduled', 'dataset_produces_1', 'dataset_consumes_unknown_never_scheduled', 'dataset_consumes_1', 'dataset_produces_2' retrieved from /home/airflow/.local/lib/python3.8/site-packages/airflow/example_dags/example_datasets.py
[2026-05-29T19:28:16.721+0000] {logging_mixin.py:188} INFO - [2026-05-29T19:28:16.720+0000] {dag.py:3047} INFO - Sync 6 DAGs
[2026-05-29T19:28:16.745+0000] {logging_mixin.py:188} INFO - [2026-05-29T19:28:16.744+0000] {dag.py:3834} INFO - Setting next_dagrun for dataset_consumes_1 to None, run_after=None
[2026-05-29T19:28:16.750+0000] {logging_mixin.py:188} INFO - [2026-05-29T19:28:16.749+0000] {dag.py:3834} INFO - Setting next_dagrun for dataset_consumes_1_and_2 to None, run_after=None
[2026-05-29T19:28:16.753+0000] {logging_mixin.py:188} INFO - [2026-05-29T19:28:16.752+0000] {dag.py:3834} INFO - Setting next_dagrun for dataset_consumes_1_never_scheduled to None, run_after=None
[2026-05-29T19:28:16.756+0000] {logging_mixin.py:188} INFO - [2026-05-29T19:28:16.756+0000] {dag.py:3834} INFO - Setting next_dagrun for dataset_consumes_unknown_never_scheduled to None, run_after=None
[2026-05-29T19:28:16.759+0000] {logging_mixin.py:188} INFO - [2026-05-29T19:28:16.759+0000] {dag.py:3834} INFO - Setting next_dagrun for dataset_produces_1 to 2026-05-28 00:00:00+00:00, run_after=2026-05-29 00:00:00+00:00
[2026-05-29T19:28:16.764+0000] {logging_mixin.py:188} INFO - [2026-05-29T19:28:16.764+0000] {dag.py:3834} INFO - Setting next_dagrun for dataset_produces_2 to None, run_after=None
[2026-05-29T19:28:16.797+0000] {processor.py:183} INFO - Processing /home/airflow/.local/lib/python3.8/site-packages/airflow/example_dags/example_datasets.py took 0.128 seconds
[2026-05-29T19:28:46.933+0000] {processor.py:161} INFO - Started process (PID=1456) to work on /home/airflow/.local/lib/python3.8/site-packages/airflow/example_dags/example_datasets.py
[2026-05-29T19:28:46.934+0000] {processor.py:830} INFO - Processing file /home/airflow/.local/lib/python3.8/site-packages/airflow/example_dags/example_datasets.py for tasks to queue
[2026-05-29T19:28:46.936+0000] {logging_mixin.py:188} INFO - [2026-05-29T19:28:46.936+0000] {dagbag.py:540} INFO - Filling up the DagBag from /home/airflow/.local/lib/python3.8/site-packages/airflow/example_dags/example_datasets.py
[2026-05-29T19:28:46.945+0000] {processor.py:840} INFO - DAG(s) 'dataset_consumes_1', 'dataset_consumes_unknown_never_scheduled', 'dataset_produces_2', 'dataset_consumes_1_and_2', 'dataset_produces_1', 'dataset_consumes_1_never_scheduled' retrieved from /home/airflow/.local/lib/python3.8/site-packages/airflow/example_dags/example_datasets.py
[2026-05-29T19:28:46.976+0000] {logging_mixin.py:188} INFO - [2026-05-29T19:28:46.976+0000] {dag.py:3047} INFO - Sync 6 DAGs
[2026-05-29T19:28:46.993+0000] {logging_mixin.py:188} INFO - [2026-05-29T19:28:46.993+0000] {dag.py:3834} INFO - Setting next_dagrun for dataset_consumes_1 to None, run_after=None
[2026-05-29T19:28:46.997+0000] {logging_mixin.py:188} INFO - [2026-05-29T19:28:46.997+0000] {dag.py:3834} INFO - Setting next_dagrun for dataset_consumes_1_and_2 to None, run_after=None
[2026-05-29T19:28:47.000+0000] {logging_mixin.py:188} INFO - [2026-05-29T19:28:47.000+0000] {dag.py:3834} INFO - Setting next_dagrun for dataset_consumes_1_never_scheduled to None, run_after=None
[2026-05-29T19:28:47.001+0000] {logging_mixin.py:188} INFO - [2026-05-29T19:28:47.001+0000] {dag.py:3834} INFO - Setting next_dagrun for dataset_consumes_unknown_never_scheduled to None, run_after=None
[2026-05-29T19:28:47.005+0000] {logging_mixin.py:188} INFO - [2026-05-29T19:28:47.005+0000] {dag.py:3834} INFO - Setting next_dagrun for dataset_produces_1 to 2026-05-28 00:00:00+00:00, run_after=2026-05-29 00:00:00+00:00
[2026-05-29T19:28:47.007+0000] {logging_mixin.py:188} INFO - [2026-05-29T19:28:47.007+0000] {dag.py:3834} INFO - Setting next_dagrun for dataset_produces_2 to None, run_after=None
[2026-05-29T19:28:47.031+0000] {processor.py:183} INFO - Processing /home/airflow/.local/lib/python3.8/site-packages/airflow/example_dags/example_datasets.py took 0.101 seconds
[2026-05-29T19:29:17.292+0000] {processor.py:161} INFO - Started process (PID=1511) to work on /home/airflow/.local/lib/python3.8/site-packages/airflow/example_dags/example_datasets.py
[2026-05-29T19:29:17.293+0000] {processor.py:830} INFO - Processing file /home/airflow/.local/lib/python3.8/site-packages/airflow/example_dags/example_datasets.py for tasks to queue
[2026-05-29T19:29:17.295+0000] {logging_mixin.py:188} INFO - [2026-05-29T19:29:17.295+0000] {dagbag.py:540} INFO - Filling up the DagBag from /home/airflow/.local/lib/python3.8/site-packages/airflow/example_dags/example_datasets.py
[2026-05-29T19:29:17.302+0000] {processor.py:840} INFO - DAG(s) 'dataset_consumes_unknown_never_scheduled', 'dataset_consumes_1', 'dataset_produces_2', 'dataset_consumes_1_and_2', 'dataset_produces_1', 'dataset_consumes_1_never_scheduled' retrieved from /home/airflow/.local/lib/python3.8/site-packages/airflow/example_dags/example_datasets.py
[2026-05-29T19:29:17.332+0000] {logging_mixin.py:188} INFO - [2026-05-29T19:29:17.332+0000] {dag.py:3047} INFO - Sync 6 DAGs
[2026-05-29T19:29:17.351+0000] {logging_mixin.py:188} INFO - [2026-05-29T19:29:17.351+0000] {dag.py:3834} INFO - Setting next_dagrun for dataset_consumes_1 to None, run_after=None
[2026-05-29T19:29:17.354+0000] {logging_mixin.py:188} INFO - [2026-05-29T19:29:17.354+0000] {dag.py:3834} INFO - Setting next_dagrun for dataset_consumes_1_and_2 to None, run_after=None
[2026-05-29T19:29:17.356+0000] {logging_mixin.py:188} INFO - [2026-05-29T19:29:17.355+0000] {dag.py:3834} INFO - Setting next_dagrun for dataset_consumes_1_never_scheduled to None, run_after=None
[2026-05-29T19:29:17.358+0000] {logging_mixin.py:188} INFO - [2026-05-29T19:29:17.357+0000] {dag.py:3834} INFO - Setting next_dagrun for dataset_consumes_unknown_never_scheduled to None, run_after=None
[2026-05-29T19:29:17.360+0000] {logging_mixin.py:188} INFO - [2026-05-29T19:29:17.360+0000] {dag.py:3834} INFO - Setting next_dagrun for dataset_produces_1 to 2026-05-28 00:00:00+00:00, run_after=2026-05-29 00:00:00+00:00
[2026-05-29T19:29:17.362+0000] {logging_mixin.py:188} INFO - [2026-05-29T19:29:17.362+0000] {dag.py:3834} INFO - Setting next_dagrun for dataset_produces_2 to None, run_after=None
[2026-05-29T19:29:17.390+0000] {processor.py:183} INFO - Processing /home/airflow/.local/lib/python3.8/site-packages/airflow/example_dags/example_datasets.py took 0.101 seconds
[2026-05-29T19:29:47.943+0000] {processor.py:161} INFO - Started process (PID=1566) to work on /home/airflow/.local/lib/python3.8/site-packages/airflow/example_dags/example_datasets.py
[2026-05-29T19:29:47.944+0000] {processor.py:830} INFO - Processing file /home/airflow/.local/lib/python3.8/site-packages/airflow/example_dags/example_datasets.py for tasks to queue
[2026-05-29T19:29:47.946+0000] {logging_mixin.py:188} INFO - [2026-05-29T19:29:47.946+0000] {dagbag.py:540} INFO - Filling up the DagBag from /home/airflow/.local/lib/python3.8/site-packages/airflow/example_dags/example_datasets.py
[2026-05-29T19:29:47.956+0000] {processor.py:840} INFO - DAG(s) 'dataset_produces_1', 'dataset_consumes_unknown_never_scheduled', 'dataset_consumes_1_and_2', 'dataset_produces_2', 'dataset_consumes_1', 'dataset_consumes_1_never_scheduled' retrieved from /home/airflow/.local/lib/python3.8/site-packages/airflow/example_dags/example_datasets.py
[2026-05-29T19:29:47.987+0000] {logging_mixin.py:188} INFO - [2026-05-29T19:29:47.987+0000] {dag.py:3047} INFO - Sync 6 DAGs
[2026-05-29T19:29:48.005+0000] {logging_mixin.py:188} INFO - [2026-05-29T19:29:48.005+0000] {dag.py:3834} INFO - Setting next_dagrun for dataset_consumes_1 to None, run_after=None
[2026-05-29T19:29:48.009+0000] {logging_mixin.py:188} INFO - [2026-05-29T19:29:48.009+0000] {dag.py:3834} INFO - Setting next_dagrun for dataset_consumes_1_and_2 to None, run_after=None
[2026-05-29T19:29:48.011+0000] {logging_mixin.py:188} INFO - [2026-05-29T19:29:48.011+0000] {dag.py:3834} INFO - Setting next_dagrun for dataset_consumes_1_never_scheduled to None, run_after=None
[2026-05-29T19:29:48.013+0000] {logging_mixin.py:188} INFO - [2026-05-29T19:29:48.013+0000] {dag.py:3834} INFO - Setting next_dagrun for dataset_consumes_unknown_never_scheduled to None, run_after=None
[2026-05-29T19:29:48.019+0000] {logging_mixin.py:188} INFO - [2026-05-29T19:29:48.019+0000] {dag.py:3834} INFO - Setting next_dagrun for dataset_produces_1 to 2026-05-28 00:00:00+00:00, run_after=2026-05-29 00:00:00+00:00
[2026-05-29T19:29:48.022+0000] {logging_mixin.py:188} INFO - [2026-05-29T19:29:48.021+0000] {dag.py:3834} INFO - Setting next_dagrun for dataset_produces_2 to None, run_after=None
[2026-05-29T19:29:48.061+0000] {processor.py:183} INFO - Processing /home/airflow/.local/lib/python3.8/site-packages/airflow/example_dags/example_datasets.py took 0.121 seconds
[2026-05-29T19:30:18.130+0000] {processor.py:161} INFO - Started process (PID=1621) to work on /home/airflow/.local/lib/python3.8/site-packages/airflow/example_dags/example_datasets.py
[2026-05-29T19:30:18.132+0000] {processor.py:830} INFO - Processing file /home/airflow/.local/lib/python3.8/site-packages/airflow/example_dags/example_datasets.py for tasks to queue
[2026-05-29T19:30:18.134+0000] {logging_mixin.py:188} INFO - [2026-05-29T19:30:18.134+0000] {dagbag.py:540} INFO - Filling up the DagBag from /home/airflow/.local/lib/python3.8/site-packages/airflow/example_dags/example_datasets.py
[2026-05-29T19:30:18.143+0000] {processor.py:840} INFO - DAG(s) 'dataset_produces_2', 'dataset_consumes_1_never_scheduled', 'dataset_produces_1', 'dataset_consumes_unknown_never_scheduled', 'dataset_consumes_1', 'dataset_consumes_1_and_2' retrieved from /home/airflow/.local/lib/python3.8/site-packages/airflow/example_dags/example_datasets.py
[2026-05-29T19:30:18.173+0000] {logging_mixin.py:188} INFO - [2026-05-29T19:30:18.173+0000] {dag.py:3047} INFO - Sync 6 DAGs
[2026-05-29T19:30:18.191+0000] {logging_mixin.py:188} INFO - [2026-05-29T19:30:18.191+0000] {dag.py:3834} INFO - Setting next_dagrun for dataset_consumes_1 to None, run_after=None
[2026-05-29T19:30:18.196+0000] {logging_mixin.py:188} INFO - [2026-05-29T19:30:18.196+0000] {dag.py:3834} INFO - Setting next_dagrun for dataset_consumes_1_and_2 to None, run_after=None
[2026-05-29T19:30:18.198+0000] {logging_mixin.py:188} INFO - [2026-05-29T19:30:18.198+0000] {dag.py:3834} INFO - Setting next_dagrun for dataset_consumes_1_never_scheduled to None, run_after=None
[2026-05-29T19:30:18.200+0000] {logging_mixin.py:188} INFO - [2026-05-29T19:30:18.199+0000] {dag.py:3834} INFO - Setting next_dagrun for dataset_consumes_unknown_never_scheduled to None, run_after=None
[2026-05-29T19:30:18.203+0000] {logging_mixin.py:188} INFO - [2026-05-29T19:30:18.203+0000] {dag.py:3834} INFO - Setting next_dagrun for dataset_produces_1 to 2026-05-28 00:00:00+00:00, run_after=2026-05-29 00:00:00+00:00
[2026-05-29T19:30:18.208+0000] {logging_mixin.py:188} INFO - [2026-05-29T19:30:18.208+0000] {dag.py:3834} INFO - Setting next_dagrun for dataset_produces_2 to None, run_after=None
[2026-05-29T19:30:18.240+0000] {processor.py:183} INFO - Processing /home/airflow/.local/lib/python3.8/site-packages/airflow/example_dags/example_datasets.py took 0.113 seconds
[2026-05-29T19:30:48.359+0000] {processor.py:161} INFO - Started process (PID=1676) to work on /home/airflow/.local/lib/python3.8/site-packages/airflow/example_dags/example_datasets.py
[2026-05-29T19:30:48.363+0000] {processor.py:830} INFO - Processing file /home/airflow/.local/lib/python3.8/site-packages/airflow/example_dags/example_datasets.py for tasks to queue
[2026-05-29T19:30:48.367+0000] {logging_mixin.py:188} INFO - [2026-05-29T19:30:48.366+0000] {dagbag.py:540} INFO - Filling up the DagBag from /home/airflow/.local/lib/python3.8/site-packages/airflow/example_dags/example_datasets.py
[2026-05-29T19:30:48.374+0000] {processor.py:840} INFO - DAG(s) 'dataset_produces_2', 'dataset_consumes_1_never_scheduled', 'dataset_consumes_1', 'dataset_consumes_1_and_2', 'dataset_consumes_unknown_never_scheduled', 'dataset_produces_1' retrieved from /home/airflow/.local/lib/python3.8/site-packages/airflow/example_dags/example_datasets.py
[2026-05-29T19:30:48.415+0000] {logging_mixin.py:188} INFO - [2026-05-29T19:30:48.415+0000] {dag.py:3047} INFO - Sync 6 DAGs
[2026-05-29T19:30:48.431+0000] {logging_mixin.py:188} INFO - [2026-05-29T19:30:48.431+0000] {dag.py:3834} INFO - Setting next_dagrun for dataset_consumes_1 to None, run_after=None
[2026-05-29T19:30:48.434+0000] {logging_mixin.py:188} INFO - [2026-05-29T19:30:48.434+0000] {dag.py:3834} INFO - Setting next_dagrun for dataset_consumes_1_and_2 to None, run_after=None
[2026-05-29T19:30:48.437+0000] {logging_mixin.py:188} INFO - [2026-05-29T19:30:48.437+0000] {dag.py:3834} INFO - Setting next_dagrun for dataset_consumes_1_never_scheduled to None, run_after=None
[2026-05-29T19:30:48.439+0000] {logging_mixin.py:188} INFO - [2026-05-29T19:30:48.439+0000] {dag.py:3834} INFO - Setting next_dagrun for dataset_consumes_unknown_never_scheduled to None, run_after=None
[2026-05-29T19:30:48.441+0000] {logging_mixin.py:188} INFO - [2026-05-29T19:30:48.441+0000] {dag.py:3834} INFO - Setting next_dagrun for dataset_produces_1 to 2026-05-28 00:00:00+00:00, run_after=2026-05-29 00:00:00+00:00
[2026-05-29T19:30:48.443+0000] {logging_mixin.py:188} INFO - [2026-05-29T19:30:48.443+0000] {dag.py:3834} INFO - Setting next_dagrun for dataset_produces_2 to None, run_after=None
[2026-05-29T19:30:48.470+0000] {processor.py:183} INFO - Processing /home/airflow/.local/lib/python3.8/site-packages/airflow/example_dags/example_datasets.py took 0.115 seconds
[2026-05-29T19:31:19.382+0000] {processor.py:161} INFO - Started process (PID=1731) to work on /home/airflow/.local/lib/python3.8/site-packages/airflow/example_dags/example_datasets.py
[2026-05-29T19:31:19.383+0000] {processor.py:830} INFO - Processing file /home/airflow/.local/lib/python3.8/site-packages/airflow/example_dags/example_datasets.py for tasks to queue
[2026-05-29T19:31:19.386+0000] {logging_mixin.py:188} INFO - [2026-05-29T19:31:19.385+0000] {dagbag.py:540} INFO - Filling up the DagBag from /home/airflow/.local/lib/python3.8/site-packages/airflow/example_dags/example_datasets.py
[2026-05-29T19:31:19.395+0000] {processor.py:840} INFO - DAG(s) 'dataset_consumes_1', 'dataset_produces_1', 'dataset_consumes_1_never_scheduled', 'dataset_consumes_1_and_2', 'dataset_produces_2', 'dataset_consumes_unknown_never_scheduled' retrieved from /home/airflow/.local/lib/python3.8/site-packages/airflow/example_dags/example_datasets.py
[2026-05-29T19:31:19.428+0000] {logging_mixin.py:188} INFO - [2026-05-29T19:31:19.427+0000] {dag.py:3047} INFO - Sync 6 DAGs
[2026-05-29T19:31:19.445+0000] {logging_mixin.py:188} INFO - [2026-05-29T19:31:19.444+0000] {dag.py:3834} INFO - Setting next_dagrun for dataset_consumes_1 to None, run_after=None
[2026-05-29T19:31:19.449+0000] {logging_mixin.py:188} INFO - [2026-05-29T19:31:19.448+0000] {dag.py:3834} INFO - Setting next_dagrun for dataset_consumes_1_and_2 to None, run_after=None
[2026-05-29T19:31:19.451+0000] {logging_mixin.py:188} INFO - [2026-05-29T19:31:19.451+0000] {dag.py:3834} INFO - Setting next_dagrun for dataset_consumes_1_never_scheduled to None, run_after=None
[2026-05-29T19:31:19.454+0000] {logging_mixin.py:188} INFO - [2026-05-29T19:31:19.454+0000] {dag.py:3834} INFO - Setting next_dagrun for dataset_consumes_unknown_never_scheduled to None, run_after=None
[2026-05-29T19:31:19.457+0000] {logging_mixin.py:188} INFO - [2026-05-29T19:31:19.457+0000] {dag.py:3834} INFO - Setting next_dagrun for dataset_produces_1 to 2026-05-28 00:00:00+00:00, run_after=2026-05-29 00:00:00+00:00
[2026-05-29T19:31:19.460+0000] {logging_mixin.py:188} INFO - [2026-05-29T19:31:19.459+0000] {dag.py:3834} INFO - Setting next_dagrun for dataset_produces_2 to None, run_after=None
[2026-05-29T19:31:19.487+0000] {processor.py:183} INFO - Processing /home/airflow/.local/lib/python3.8/site-packages/airflow/example_dags/example_datasets.py took 0.109 seconds
[2026-05-29T19:31:50.009+0000] {processor.py:161} INFO - Started process (PID=1786) to work on /home/airflow/.local/lib/python3.8/site-packages/airflow/example_dags/example_datasets.py
[2026-05-29T19:31:50.011+0000] {processor.py:830} INFO - Processing file /home/airflow/.local/lib/python3.8/site-packages/airflow/example_dags/example_datasets.py for tasks to queue
[2026-05-29T19:31:50.013+0000] {logging_mixin.py:188} INFO - [2026-05-29T19:31:50.013+0000] {dagbag.py:540} INFO - Filling up the DagBag from /home/airflow/.local/lib/python3.8/site-packages/airflow/example_dags/example_datasets.py
[2026-05-29T19:31:50.022+0000] {processor.py:840} INFO - DAG(s) 'dataset_produces_1', 'dataset_consumes_1', 'dataset_produces_2', 'dataset_consumes_1_and_2', 'dataset_consumes_1_never_scheduled', 'dataset_consumes_unknown_never_scheduled' retrieved from /home/airflow/.local/lib/python3.8/site-packages/airflow/example_dags/example_datasets.py
[2026-05-29T19:31:50.054+0000] {logging_mixin.py:188} INFO - [2026-05-29T19:31:50.054+0000] {dag.py:3047} INFO - Sync 6 DAGs
[2026-05-29T19:31:50.075+0000] {logging_mixin.py:188} INFO - [2026-05-29T19:31:50.075+0000] {dag.py:3834} INFO - Setting next_dagrun for dataset_consumes_1 to None, run_after=None
[2026-05-29T19:31:50.079+0000] {logging_mixin.py:188} INFO - [2026-05-29T19:31:50.079+0000] {dag.py:3834} INFO - Setting next_dagrun for dataset_consumes_1_and_2 to None, run_after=None
[2026-05-29T19:31:50.081+0000] {logging_mixin.py:188} INFO - [2026-05-29T19:31:50.081+0000] {dag.py:3834} INFO - Setting next_dagrun for dataset_consumes_1_never_scheduled to None, run_after=None
[2026-05-29T19:31:50.083+0000] {logging_mixin.py:188} INFO - [2026-05-29T19:31:50.083+0000] {dag.py:3834} INFO - Setting next_dagrun for dataset_consumes_unknown_never_scheduled to None, run_after=None
[2026-05-29T19:31:50.087+0000] {logging_mixin.py:188} INFO - [2026-05-29T19:31:50.087+0000] {dag.py:3834} INFO - Setting next_dagrun for dataset_produces_1 to 2026-05-28 00:00:00+00:00, run_after=2026-05-29 00:00:00+00:00
[2026-05-29T19:31:50.089+0000] {logging_mixin.py:188} INFO - [2026-05-29T19:31:50.089+0000] {dag.py:3834} INFO - Setting next_dagrun for dataset_produces_2 to None, run_after=None
[2026-05-29T19:31:50.116+0000] {processor.py:183} INFO - Processing /home/airflow/.local/lib/python3.8/site-packages/airflow/example_dags/example_datasets.py took 0.110 seconds
[2026-05-29T19:32:20.212+0000] {processor.py:161} INFO - Started process (PID=1841) to work on /home/airflow/.local/lib/python3.8/site-packages/airflow/example_dags/example_datasets.py
[2026-05-29T19:32:20.214+0000] {processor.py:830} INFO - Processing file /home/airflow/.local/lib/python3.8/site-packages/airflow/example_dags/example_datasets.py for tasks to queue
[2026-05-29T19:32:20.216+0000] {logging_mixin.py:188} INFO - [2026-05-29T19:32:20.216+0000] {dagbag.py:540} INFO - Filling up the DagBag from /home/airflow/.local/lib/python3.8/site-packages/airflow/example_dags/example_datasets.py
[2026-05-29T19:32:20.224+0000] {processor.py:840} INFO - DAG(s) 'dataset_consumes_1_never_scheduled', 'dataset_consumes_1', 'dataset_produces_1', 'dataset_produces_2', 'dataset_consumes_unknown_never_scheduled', 'dataset_consumes_1_and_2' retrieved from /home/airflow/.local/lib/python3.8/site-packages/airflow/example_dags/example_datasets.py
[2026-05-29T19:32:20.261+0000] {logging_mixin.py:188} INFO - [2026-05-29T19:32:20.261+0000] {dag.py:3047} INFO - Sync 6 DAGs
[2026-05-29T19:32:20.280+0000] {logging_mixin.py:188} INFO - [2026-05-29T19:32:20.280+0000] {dag.py:3834} INFO - Setting next_dagrun for dataset_consumes_1 to None, run_after=None
[2026-05-29T19:32:20.284+0000] {logging_mixin.py:188} INFO - [2026-05-29T19:32:20.284+0000] {dag.py:3834} INFO - Setting next_dagrun for dataset_consumes_1_and_2 to None, run_after=None
[2026-05-29T19:32:20.287+0000] {logging_mixin.py:188} INFO - [2026-05-29T19:32:20.287+0000] {dag.py:3834} INFO - Setting next_dagrun for dataset_consumes_1_never_scheduled to None, run_after=None
[2026-05-29T19:32:20.289+0000] {logging_mixin.py:188} INFO - [2026-05-29T19:32:20.289+0000] {dag.py:3834} INFO - Setting next_dagrun for dataset_consumes_unknown_never_scheduled to None, run_after=None
[2026-05-29T19:32:20.292+0000] {logging_mixin.py:188} INFO - [2026-05-29T19:32:20.292+0000] {dag.py:3834} INFO - Setting next_dagrun for dataset_produces_1 to 2026-05-28 00:00:00+00:00, run_after=2026-05-29 00:00:00+00:00
[2026-05-29T19:32:20.295+0000] {logging_mixin.py:188} INFO - [2026-05-29T19:32:20.294+0000] {dag.py:3834} INFO - Setting next_dagrun for dataset_produces_2 to None, run_after=None
[2026-05-29T19:32:20.324+0000] {processor.py:183} INFO - Processing /home/airflow/.local/lib/python3.8/site-packages/airflow/example_dags/example_datasets.py took 0.114 seconds
[2026-05-29T19:32:50.523+0000] {processor.py:161} INFO - Started process (PID=1897) to work on /home/airflow/.local/lib/python3.8/site-packages/airflow/example_dags/example_datasets.py
[2026-05-29T19:32:50.525+0000] {processor.py:830} INFO - Processing file /home/airflow/.local/lib/python3.8/site-packages/airflow/example_dags/example_datasets.py for tasks to queue
[2026-05-29T19:32:50.528+0000] {logging_mixin.py:188} INFO - [2026-05-29T19:32:50.527+0000] {dagbag.py:540} INFO - Filling up the DagBag from /home/airflow/.local/lib/python3.8/site-packages/airflow/example_dags/example_datasets.py
[2026-05-29T19:32:50.537+0000] {processor.py:840} INFO - DAG(s) 'dataset_consumes_1_and_2', 'dataset_consumes_1_never_scheduled', 'dataset_consumes_unknown_never_scheduled', 'dataset_produces_2', 'dataset_produces_1', 'dataset_consumes_1' retrieved from /home/airflow/.local/lib/python3.8/site-packages/airflow/example_dags/example_datasets.py
[2026-05-29T19:32:50.570+0000] {logging_mixin.py:188} INFO - [2026-05-29T19:32:50.569+0000] {dag.py:3047} INFO - Sync 6 DAGs
[2026-05-29T19:32:50.591+0000] {logging_mixin.py:188} INFO - [2026-05-29T19:32:50.591+0000] {dag.py:3834} INFO - Setting next_dagrun for dataset_consumes_1 to None, run_after=None
[2026-05-29T19:32:50.595+0000] {logging_mixin.py:188} INFO - [2026-05-29T19:32:50.595+0000] {dag.py:3834} INFO - Setting next_dagrun for dataset_consumes_1_and_2 to None, run_after=None
[2026-05-29T19:32:50.598+0000] {logging_mixin.py:188} INFO - [2026-05-29T19:32:50.597+0000] {dag.py:3834} INFO - Setting next_dagrun for dataset_consumes_1_never_scheduled to None, run_after=None
[2026-05-29T19:32:50.599+0000] {logging_mixin.py:188} INFO - [2026-05-29T19:32:50.599+0000] {dag.py:3834} INFO - Setting next_dagrun for dataset_consumes_unknown_never_scheduled to None, run_after=None
[2026-05-29T19:32:50.602+0000] {logging_mixin.py:188} INFO - [2026-05-29T19:32:50.602+0000] {dag.py:3834} INFO - Setting next_dagrun for dataset_produces_1 to 2026-05-28 00:00:00+00:00, run_after=2026-05-29 00:00:00+00:00
[2026-05-29T19:32:50.606+0000] {logging_mixin.py:188} INFO - [2026-05-29T19:32:50.606+0000] {dag.py:3834} INFO - Setting next_dagrun for dataset_produces_2 to None, run_after=None
[2026-05-29T19:32:50.634+0000] {processor.py:183} INFO - Processing /home/airflow/.local/lib/python3.8/site-packages/airflow/example_dags/example_datasets.py took 0.114 seconds
[2026-05-29T19:33:20.977+0000] {processor.py:161} INFO - Started process (PID=1952) to work on /home/airflow/.local/lib/python3.8/site-packages/airflow/example_dags/example_datasets.py
[2026-05-29T19:33:20.978+0000] {processor.py:830} INFO - Processing file /home/airflow/.local/lib/python3.8/site-packages/airflow/example_dags/example_datasets.py for tasks to queue
[2026-05-29T19:33:20.980+0000] {logging_mixin.py:188} INFO - [2026-05-29T19:33:20.980+0000] {dagbag.py:540} INFO - Filling up the DagBag from /home/airflow/.local/lib/python3.8/site-packages/airflow/example_dags/example_datasets.py
[2026-05-29T19:33:20.990+0000] {processor.py:840} INFO - DAG(s) 'dataset_consumes_unknown_never_scheduled', 'dataset_consumes_1_never_scheduled', 'dataset_produces_2', 'dataset_produces_1', 'dataset_consumes_1_and_2', 'dataset_consumes_1' retrieved from /home/airflow/.local/lib/python3.8/site-packages/airflow/example_dags/example_datasets.py
[2026-05-29T19:33:21.021+0000] {logging_mixin.py:188} INFO - [2026-05-29T19:33:21.020+0000] {dag.py:3047} INFO - Sync 6 DAGs
[2026-05-29T19:33:21.038+0000] {logging_mixin.py:188} INFO - [2026-05-29T19:33:21.037+0000] {dag.py:3834} INFO - Setting next_dagrun for dataset_consumes_1 to None, run_after=None
[2026-05-29T19:33:21.042+0000] {logging_mixin.py:188} INFO - [2026-05-29T19:33:21.042+0000] {dag.py:3834} INFO - Setting next_dagrun for dataset_consumes_1_and_2 to None, run_after=None
[2026-05-29T19:33:21.044+0000] {logging_mixin.py:188} INFO - [2026-05-29T19:33:21.043+0000] {dag.py:3834} INFO - Setting next_dagrun for dataset_consumes_1_never_scheduled to None, run_after=None
[2026-05-29T19:33:21.045+0000] {logging_mixin.py:188} INFO - [2026-05-29T19:33:21.045+0000] {dag.py:3834} INFO - Setting next_dagrun for dataset_consumes_unknown_never_scheduled to None, run_after=None
[2026-05-29T19:33:21.048+0000] {logging_mixin.py:188} INFO - [2026-05-29T19:33:21.048+0000] {dag.py:3834} INFO - Setting next_dagrun for dataset_produces_1 to 2026-05-28 00:00:00+00:00, run_after=2026-05-29 00:00:00+00:00
[2026-05-29T19:33:21.050+0000] {logging_mixin.py:188} INFO - [2026-05-29T19:33:21.050+0000] {dag.py:3834} INFO - Setting next_dagrun for dataset_produces_2 to None, run_after=None
[2026-05-29T19:33:21.198+0000] {processor.py:183} INFO - Processing /home/airflow/.local/lib/python3.8/site-packages/airflow/example_dags/example_datasets.py took 0.224 seconds
[2026-05-29T19:33:51.536+0000] {processor.py:161} INFO - Started process (PID=2007) to work on /home/airflow/.local/lib/python3.8/site-packages/airflow/example_dags/example_datasets.py
[2026-05-29T19:33:51.537+0000] {processor.py:830} INFO - Processing file /home/airflow/.local/lib/python3.8/site-packages/airflow/example_dags/example_datasets.py for tasks to queue
[2026-05-29T19:33:51.539+0000] {logging_mixin.py:188} INFO - [2026-05-29T19:33:51.539+0000] {dagbag.py:540} INFO - Filling up the DagBag from /home/airflow/.local/lib/python3.8/site-packages/airflow/example_dags/example_datasets.py
[2026-05-29T19:33:51.547+0000] {processor.py:840} INFO - DAG(s) 'dataset_consumes_1_and_2', 'dataset_produces_2', 'dataset_consumes_1_never_scheduled', 'dataset_consumes_1', 'dataset_produces_1', 'dataset_consumes_unknown_never_scheduled' retrieved from /home/airflow/.local/lib/python3.8/site-packages/airflow/example_dags/example_datasets.py
[2026-05-29T19:33:51.577+0000] {logging_mixin.py:188} INFO - [2026-05-29T19:33:51.577+0000] {dag.py:3047} INFO - Sync 6 DAGs
[2026-05-29T19:33:51.595+0000] {logging_mixin.py:188} INFO - [2026-05-29T19:33:51.594+0000] {dag.py:3834} INFO - Setting next_dagrun for dataset_consumes_1 to None, run_after=None
[2026-05-29T19:33:51.599+0000] {logging_mixin.py:188} INFO - [2026-05-29T19:33:51.599+0000] {dag.py:3834} INFO - Setting next_dagrun for dataset_consumes_1_and_2 to None, run_after=None
[2026-05-29T19:33:51.601+0000] {logging_mixin.py:188} INFO - [2026-05-29T19:33:51.601+0000] {dag.py:3834} INFO - Setting next_dagrun for dataset_consumes_1_never_scheduled to None, run_after=None
[2026-05-29T19:33:51.603+0000] {logging_mixin.py:188} INFO - [2026-05-29T19:33:51.603+0000] {dag.py:3834} INFO - Setting next_dagrun for dataset_consumes_unknown_never_scheduled to None, run_after=None
[2026-05-29T19:33:51.606+0000] {logging_mixin.py:188} INFO - [2026-05-29T19:33:51.606+0000] {dag.py:3834} INFO - Setting next_dagrun for dataset_produces_1 to 2026-05-28 00:00:00+00:00, run_after=2026-05-29 00:00:00+00:00
[2026-05-29T19:33:51.607+0000] {logging_mixin.py:188} INFO - [2026-05-29T19:33:51.607+0000] {dag.py:3834} INFO - Setting next_dagrun for dataset_produces_2 to None, run_after=None
[2026-05-29T19:33:51.756+0000] {processor.py:183} INFO - Processing /home/airflow/.local/lib/python3.8/site-packages/airflow/example_dags/example_datasets.py took 0.223 seconds
