[2026-05-29T19:16:06.760+0000] {processor.py:161} INFO - Started process (PID=87) to work on /home/airflow/.local/lib/python3.8/site-packages/airflow/example_dags/example_latest_only.py
[2026-05-29T19:16:06.762+0000] {processor.py:830} INFO - Processing file /home/airflow/.local/lib/python3.8/site-packages/airflow/example_dags/example_latest_only.py for tasks to queue
[2026-05-29T19:16:06.765+0000] {logging_mixin.py:188} INFO - [2026-05-29T19:16:06.765+0000] {dagbag.py:540} INFO - Filling up the DagBag from /home/airflow/.local/lib/python3.8/site-packages/airflow/example_dags/example_latest_only.py
[2026-05-29T19:16:06.773+0000] {processor.py:840} INFO - DAG(s) 'latest_only' retrieved from /home/airflow/.local/lib/python3.8/site-packages/airflow/example_dags/example_latest_only.py
[2026-05-29T19:16:06.835+0000] {logging_mixin.py:188} INFO - [2026-05-29T19:16:06.835+0000] {dag.py:3047} INFO - Sync 1 DAGs
[2026-05-29T19:16:06.868+0000] {logging_mixin.py:188} INFO - [2026-05-29T19:16:06.867+0000] {dag.py:3834} INFO - Setting next_dagrun for latest_only to 2026-05-29 12:00:00+00:00, run_after=2026-05-29 16:00:00+00:00
[2026-05-29T19:16:06.903+0000] {processor.py:183} INFO - Processing /home/airflow/.local/lib/python3.8/site-packages/airflow/example_dags/example_latest_only.py took 0.148 seconds
[2026-05-29T19:16:37.344+0000] {processor.py:161} INFO - Started process (PID=142) to work on /home/airflow/.local/lib/python3.8/site-packages/airflow/example_dags/example_latest_only.py
[2026-05-29T19:16:37.345+0000] {processor.py:830} INFO - Processing file /home/airflow/.local/lib/python3.8/site-packages/airflow/example_dags/example_latest_only.py for tasks to queue
[2026-05-29T19:16:37.347+0000] {logging_mixin.py:188} INFO - [2026-05-29T19:16:37.347+0000] {dagbag.py:540} INFO - Filling up the DagBag from /home/airflow/.local/lib/python3.8/site-packages/airflow/example_dags/example_latest_only.py
[2026-05-29T19:16:37.352+0000] {processor.py:840} INFO - DAG(s) 'latest_only' retrieved from /home/airflow/.local/lib/python3.8/site-packages/airflow/example_dags/example_latest_only.py
[2026-05-29T19:16:37.369+0000] {logging_mixin.py:188} INFO - [2026-05-29T19:16:37.368+0000] {dag.py:3047} INFO - Sync 1 DAGs
[2026-05-29T19:16:37.385+0000] {logging_mixin.py:188} INFO - [2026-05-29T19:16:37.385+0000] {dag.py:3834} INFO - Setting next_dagrun for latest_only to 2026-05-29 12:00:00+00:00, run_after=2026-05-29 16:00:00+00:00
[2026-05-29T19:16:37.401+0000] {processor.py:183} INFO - Processing /home/airflow/.local/lib/python3.8/site-packages/airflow/example_dags/example_latest_only.py took 0.061 seconds
[2026-05-29T19:17:07.496+0000] {processor.py:161} INFO - Started process (PID=197) to work on /home/airflow/.local/lib/python3.8/site-packages/airflow/example_dags/example_latest_only.py
[2026-05-29T19:17:07.498+0000] {processor.py:830} INFO - Processing file /home/airflow/.local/lib/python3.8/site-packages/airflow/example_dags/example_latest_only.py for tasks to queue
[2026-05-29T19:17:07.500+0000] {logging_mixin.py:188} INFO - [2026-05-29T19:17:07.500+0000] {dagbag.py:540} INFO - Filling up the DagBag from /home/airflow/.local/lib/python3.8/site-packages/airflow/example_dags/example_latest_only.py
[2026-05-29T19:17:07.505+0000] {processor.py:840} INFO - DAG(s) 'latest_only' retrieved from /home/airflow/.local/lib/python3.8/site-packages/airflow/example_dags/example_latest_only.py
[2026-05-29T19:17:07.524+0000] {logging_mixin.py:188} INFO - [2026-05-29T19:17:07.524+0000] {dag.py:3047} INFO - Sync 1 DAGs
[2026-05-29T19:17:07.544+0000] {logging_mixin.py:188} INFO - [2026-05-29T19:17:07.544+0000] {dag.py:3834} INFO - Setting next_dagrun for latest_only to 2026-05-29 12:00:00+00:00, run_after=2026-05-29 16:00:00+00:00
[2026-05-29T19:17:07.563+0000] {processor.py:183} INFO - Processing /home/airflow/.local/lib/python3.8/site-packages/airflow/example_dags/example_latest_only.py took 0.070 seconds
[2026-05-29T19:17:38.089+0000] {processor.py:161} INFO - Started process (PID=252) to work on /home/airflow/.local/lib/python3.8/site-packages/airflow/example_dags/example_latest_only.py
[2026-05-29T19:17:38.091+0000] {processor.py:830} INFO - Processing file /home/airflow/.local/lib/python3.8/site-packages/airflow/example_dags/example_latest_only.py for tasks to queue
[2026-05-29T19:17:38.093+0000] {logging_mixin.py:188} INFO - [2026-05-29T19:17:38.092+0000] {dagbag.py:540} INFO - Filling up the DagBag from /home/airflow/.local/lib/python3.8/site-packages/airflow/example_dags/example_latest_only.py
[2026-05-29T19:17:38.101+0000] {processor.py:840} INFO - DAG(s) 'latest_only' retrieved from /home/airflow/.local/lib/python3.8/site-packages/airflow/example_dags/example_latest_only.py
[2026-05-29T19:17:38.121+0000] {logging_mixin.py:188} INFO - [2026-05-29T19:17:38.121+0000] {dag.py:3047} INFO - Sync 1 DAGs
[2026-05-29T19:17:38.141+0000] {logging_mixin.py:188} INFO - [2026-05-29T19:17:38.141+0000] {dag.py:3834} INFO - Setting next_dagrun for latest_only to 2026-05-29 12:00:00+00:00, run_after=2026-05-29 16:00:00+00:00
[2026-05-29T19:17:38.163+0000] {processor.py:183} INFO - Processing /home/airflow/.local/lib/python3.8/site-packages/airflow/example_dags/example_latest_only.py took 0.077 seconds
[2026-05-29T19:18:09.105+0000] {processor.py:161} INFO - Started process (PID=307) to work on /home/airflow/.local/lib/python3.8/site-packages/airflow/example_dags/example_latest_only.py
[2026-05-29T19:18:09.107+0000] {processor.py:830} INFO - Processing file /home/airflow/.local/lib/python3.8/site-packages/airflow/example_dags/example_latest_only.py for tasks to queue
[2026-05-29T19:18:09.110+0000] {logging_mixin.py:188} INFO - [2026-05-29T19:18:09.109+0000] {dagbag.py:540} INFO - Filling up the DagBag from /home/airflow/.local/lib/python3.8/site-packages/airflow/example_dags/example_latest_only.py
[2026-05-29T19:18:09.115+0000] {processor.py:840} INFO - DAG(s) 'latest_only' retrieved from /home/airflow/.local/lib/python3.8/site-packages/airflow/example_dags/example_latest_only.py
[2026-05-29T19:18:09.136+0000] {logging_mixin.py:188} INFO - [2026-05-29T19:18:09.135+0000] {dag.py:3047} INFO - Sync 1 DAGs
[2026-05-29T19:18:09.158+0000] {logging_mixin.py:188} INFO - [2026-05-29T19:18:09.158+0000] {dag.py:3834} INFO - Setting next_dagrun for latest_only to 2026-05-29 12:00:00+00:00, run_after=2026-05-29 16:00:00+00:00
[2026-05-29T19:18:09.177+0000] {processor.py:183} INFO - Processing /home/airflow/.local/lib/python3.8/site-packages/airflow/example_dags/example_latest_only.py took 0.075 seconds
[2026-05-29T19:18:39.425+0000] {processor.py:161} INFO - Started process (PID=362) to work on /home/airflow/.local/lib/python3.8/site-packages/airflow/example_dags/example_latest_only.py
[2026-05-29T19:18:39.428+0000] {processor.py:830} INFO - Processing file /home/airflow/.local/lib/python3.8/site-packages/airflow/example_dags/example_latest_only.py for tasks to queue
[2026-05-29T19:18:39.431+0000] {logging_mixin.py:188} INFO - [2026-05-29T19:18:39.430+0000] {dagbag.py:540} INFO - Filling up the DagBag from /home/airflow/.local/lib/python3.8/site-packages/airflow/example_dags/example_latest_only.py
[2026-05-29T19:18:39.441+0000] {processor.py:840} INFO - DAG(s) 'latest_only' retrieved from /home/airflow/.local/lib/python3.8/site-packages/airflow/example_dags/example_latest_only.py
[2026-05-29T19:18:39.493+0000] {logging_mixin.py:188} INFO - [2026-05-29T19:18:39.492+0000] {dag.py:3047} INFO - Sync 1 DAGs
[2026-05-29T19:18:39.545+0000] {logging_mixin.py:188} INFO - [2026-05-29T19:18:39.544+0000] {dag.py:3834} INFO - Setting next_dagrun for latest_only to 2026-05-29 12:00:00+00:00, run_after=2026-05-29 16:00:00+00:00
[2026-05-29T19:18:39.595+0000] {processor.py:183} INFO - Processing /home/airflow/.local/lib/python3.8/site-packages/airflow/example_dags/example_latest_only.py took 0.179 seconds
[2026-05-29T19:19:09.866+0000] {processor.py:161} INFO - Started process (PID=417) to work on /home/airflow/.local/lib/python3.8/site-packages/airflow/example_dags/example_latest_only.py
[2026-05-29T19:19:09.868+0000] {processor.py:830} INFO - Processing file /home/airflow/.local/lib/python3.8/site-packages/airflow/example_dags/example_latest_only.py for tasks to queue
[2026-05-29T19:19:09.870+0000] {logging_mixin.py:188} INFO - [2026-05-29T19:19:09.870+0000] {dagbag.py:540} INFO - Filling up the DagBag from /home/airflow/.local/lib/python3.8/site-packages/airflow/example_dags/example_latest_only.py
[2026-05-29T19:19:09.881+0000] {processor.py:840} INFO - DAG(s) 'latest_only' retrieved from /home/airflow/.local/lib/python3.8/site-packages/airflow/example_dags/example_latest_only.py
[2026-05-29T19:19:09.902+0000] {logging_mixin.py:188} INFO - [2026-05-29T19:19:09.901+0000] {dag.py:3047} INFO - Sync 1 DAGs
[2026-05-29T19:19:09.922+0000] {logging_mixin.py:188} INFO - [2026-05-29T19:19:09.922+0000] {dag.py:3834} INFO - Setting next_dagrun for latest_only to 2026-05-29 12:00:00+00:00, run_after=2026-05-29 16:00:00+00:00
[2026-05-29T19:19:09.954+0000] {processor.py:183} INFO - Processing /home/airflow/.local/lib/python3.8/site-packages/airflow/example_dags/example_latest_only.py took 0.091 seconds
[2026-05-29T19:19:40.305+0000] {processor.py:161} INFO - Started process (PID=472) to work on /home/airflow/.local/lib/python3.8/site-packages/airflow/example_dags/example_latest_only.py
[2026-05-29T19:19:40.307+0000] {processor.py:830} INFO - Processing file /home/airflow/.local/lib/python3.8/site-packages/airflow/example_dags/example_latest_only.py for tasks to queue
[2026-05-29T19:19:40.309+0000] {logging_mixin.py:188} INFO - [2026-05-29T19:19:40.309+0000] {dagbag.py:540} INFO - Filling up the DagBag from /home/airflow/.local/lib/python3.8/site-packages/airflow/example_dags/example_latest_only.py
[2026-05-29T19:19:40.316+0000] {processor.py:840} INFO - DAG(s) 'latest_only' retrieved from /home/airflow/.local/lib/python3.8/site-packages/airflow/example_dags/example_latest_only.py
[2026-05-29T19:19:40.338+0000] {logging_mixin.py:188} INFO - [2026-05-29T19:19:40.338+0000] {dag.py:3047} INFO - Sync 1 DAGs
[2026-05-29T19:19:40.359+0000] {logging_mixin.py:188} INFO - [2026-05-29T19:19:40.359+0000] {dag.py:3834} INFO - Setting next_dagrun for latest_only to 2026-05-29 12:00:00+00:00, run_after=2026-05-29 16:00:00+00:00
[2026-05-29T19:19:40.382+0000] {processor.py:183} INFO - Processing /home/airflow/.local/lib/python3.8/site-packages/airflow/example_dags/example_latest_only.py took 0.081 seconds
[2026-05-29T19:20:10.707+0000] {processor.py:161} INFO - Started process (PID=527) to work on /home/airflow/.local/lib/python3.8/site-packages/airflow/example_dags/example_latest_only.py
[2026-05-29T19:20:10.710+0000] {processor.py:830} INFO - Processing file /home/airflow/.local/lib/python3.8/site-packages/airflow/example_dags/example_latest_only.py for tasks to queue
[2026-05-29T19:20:10.713+0000] {logging_mixin.py:188} INFO - [2026-05-29T19:20:10.713+0000] {dagbag.py:540} INFO - Filling up the DagBag from /home/airflow/.local/lib/python3.8/site-packages/airflow/example_dags/example_latest_only.py
[2026-05-29T19:20:10.718+0000] {processor.py:840} INFO - DAG(s) 'latest_only' retrieved from /home/airflow/.local/lib/python3.8/site-packages/airflow/example_dags/example_latest_only.py
[2026-05-29T19:20:10.741+0000] {logging_mixin.py:188} INFO - [2026-05-29T19:20:10.741+0000] {dag.py:3047} INFO - Sync 1 DAGs
[2026-05-29T19:20:10.762+0000] {logging_mixin.py:188} INFO - [2026-05-29T19:20:10.762+0000] {dag.py:3834} INFO - Setting next_dagrun for latest_only to 2026-05-29 12:00:00+00:00, run_after=2026-05-29 16:00:00+00:00
[2026-05-29T19:20:10.783+0000] {processor.py:183} INFO - Processing /home/airflow/.local/lib/python3.8/site-packages/airflow/example_dags/example_latest_only.py took 0.080 seconds
[2026-05-29T19:20:40.936+0000] {processor.py:161} INFO - Started process (PID=582) to work on /home/airflow/.local/lib/python3.8/site-packages/airflow/example_dags/example_latest_only.py
[2026-05-29T19:20:40.937+0000] {processor.py:830} INFO - Processing file /home/airflow/.local/lib/python3.8/site-packages/airflow/example_dags/example_latest_only.py for tasks to queue
[2026-05-29T19:20:40.940+0000] {logging_mixin.py:188} INFO - [2026-05-29T19:20:40.939+0000] {dagbag.py:540} INFO - Filling up the DagBag from /home/airflow/.local/lib/python3.8/site-packages/airflow/example_dags/example_latest_only.py
[2026-05-29T19:20:40.945+0000] {processor.py:840} INFO - DAG(s) 'latest_only' retrieved from /home/airflow/.local/lib/python3.8/site-packages/airflow/example_dags/example_latest_only.py
[2026-05-29T19:20:40.967+0000] {logging_mixin.py:188} INFO - [2026-05-29T19:20:40.967+0000] {dag.py:3047} INFO - Sync 1 DAGs
[2026-05-29T19:20:40.990+0000] {logging_mixin.py:188} INFO - [2026-05-29T19:20:40.990+0000] {dag.py:3834} INFO - Setting next_dagrun for latest_only to 2026-05-29 12:00:00+00:00, run_after=2026-05-29 16:00:00+00:00
[2026-05-29T19:20:41.010+0000] {processor.py:183} INFO - Processing /home/airflow/.local/lib/python3.8/site-packages/airflow/example_dags/example_latest_only.py took 0.078 seconds
[2026-05-29T19:21:11.398+0000] {processor.py:161} INFO - Started process (PID=637) to work on /home/airflow/.local/lib/python3.8/site-packages/airflow/example_dags/example_latest_only.py
[2026-05-29T19:21:11.400+0000] {processor.py:830} INFO - Processing file /home/airflow/.local/lib/python3.8/site-packages/airflow/example_dags/example_latest_only.py for tasks to queue
[2026-05-29T19:21:11.403+0000] {logging_mixin.py:188} INFO - [2026-05-29T19:21:11.403+0000] {dagbag.py:540} INFO - Filling up the DagBag from /home/airflow/.local/lib/python3.8/site-packages/airflow/example_dags/example_latest_only.py
[2026-05-29T19:21:11.410+0000] {processor.py:840} INFO - DAG(s) 'latest_only' retrieved from /home/airflow/.local/lib/python3.8/site-packages/airflow/example_dags/example_latest_only.py
[2026-05-29T19:21:11.429+0000] {logging_mixin.py:188} INFO - [2026-05-29T19:21:11.429+0000] {dag.py:3047} INFO - Sync 1 DAGs
[2026-05-29T19:21:11.460+0000] {logging_mixin.py:188} INFO - [2026-05-29T19:21:11.460+0000] {dag.py:3834} INFO - Setting next_dagrun for latest_only to 2026-05-29 12:00:00+00:00, run_after=2026-05-29 16:00:00+00:00
[2026-05-29T19:21:11.479+0000] {processor.py:183} INFO - Processing /home/airflow/.local/lib/python3.8/site-packages/airflow/example_dags/example_latest_only.py took 0.085 seconds
[2026-05-29T19:21:41.642+0000] {processor.py:161} INFO - Started process (PID=692) to work on /home/airflow/.local/lib/python3.8/site-packages/airflow/example_dags/example_latest_only.py
[2026-05-29T19:21:41.644+0000] {processor.py:830} INFO - Processing file /home/airflow/.local/lib/python3.8/site-packages/airflow/example_dags/example_latest_only.py for tasks to queue
[2026-05-29T19:21:41.646+0000] {logging_mixin.py:188} INFO - [2026-05-29T19:21:41.646+0000] {dagbag.py:540} INFO - Filling up the DagBag from /home/airflow/.local/lib/python3.8/site-packages/airflow/example_dags/example_latest_only.py
[2026-05-29T19:21:41.651+0000] {processor.py:840} INFO - DAG(s) 'latest_only' retrieved from /home/airflow/.local/lib/python3.8/site-packages/airflow/example_dags/example_latest_only.py
[2026-05-29T19:21:41.676+0000] {logging_mixin.py:188} INFO - [2026-05-29T19:21:41.675+0000] {dag.py:3047} INFO - Sync 1 DAGs
[2026-05-29T19:21:41.699+0000] {logging_mixin.py:188} INFO - [2026-05-29T19:21:41.699+0000] {dag.py:3834} INFO - Setting next_dagrun for latest_only to 2026-05-29 12:00:00+00:00, run_after=2026-05-29 16:00:00+00:00
[2026-05-29T19:21:41.716+0000] {processor.py:183} INFO - Processing /home/airflow/.local/lib/python3.8/site-packages/airflow/example_dags/example_latest_only.py took 0.076 seconds
[2026-05-29T19:22:12.074+0000] {processor.py:161} INFO - Started process (PID=747) to work on /home/airflow/.local/lib/python3.8/site-packages/airflow/example_dags/example_latest_only.py
[2026-05-29T19:22:12.076+0000] {processor.py:830} INFO - Processing file /home/airflow/.local/lib/python3.8/site-packages/airflow/example_dags/example_latest_only.py for tasks to queue
[2026-05-29T19:22:12.079+0000] {logging_mixin.py:188} INFO - [2026-05-29T19:22:12.078+0000] {dagbag.py:540} INFO - Filling up the DagBag from /home/airflow/.local/lib/python3.8/site-packages/airflow/example_dags/example_latest_only.py
[2026-05-29T19:22:12.086+0000] {processor.py:840} INFO - DAG(s) 'latest_only' retrieved from /home/airflow/.local/lib/python3.8/site-packages/airflow/example_dags/example_latest_only.py
[2026-05-29T19:22:12.110+0000] {logging_mixin.py:188} INFO - [2026-05-29T19:22:12.110+0000] {dag.py:3047} INFO - Sync 1 DAGs
[2026-05-29T19:22:12.127+0000] {logging_mixin.py:188} INFO - [2026-05-29T19:22:12.127+0000] {dag.py:3834} INFO - Setting next_dagrun for latest_only to 2026-05-29 12:00:00+00:00, run_after=2026-05-29 16:00:00+00:00
[2026-05-29T19:22:12.144+0000] {processor.py:183} INFO - Processing /home/airflow/.local/lib/python3.8/site-packages/airflow/example_dags/example_latest_only.py took 0.072 seconds
[2026-05-29T19:22:42.286+0000] {processor.py:161} INFO - Started process (PID=803) to work on /home/airflow/.local/lib/python3.8/site-packages/airflow/example_dags/example_latest_only.py
[2026-05-29T19:22:42.287+0000] {processor.py:830} INFO - Processing file /home/airflow/.local/lib/python3.8/site-packages/airflow/example_dags/example_latest_only.py for tasks to queue
[2026-05-29T19:22:42.289+0000] {logging_mixin.py:188} INFO - [2026-05-29T19:22:42.289+0000] {dagbag.py:540} INFO - Filling up the DagBag from /home/airflow/.local/lib/python3.8/site-packages/airflow/example_dags/example_latest_only.py
[2026-05-29T19:22:42.294+0000] {processor.py:840} INFO - DAG(s) 'latest_only' retrieved from /home/airflow/.local/lib/python3.8/site-packages/airflow/example_dags/example_latest_only.py
[2026-05-29T19:22:42.313+0000] {logging_mixin.py:188} INFO - [2026-05-29T19:22:42.312+0000] {dag.py:3047} INFO - Sync 1 DAGs
[2026-05-29T19:22:42.330+0000] {logging_mixin.py:188} INFO - [2026-05-29T19:22:42.330+0000] {dag.py:3834} INFO - Setting next_dagrun for latest_only to 2026-05-29 12:00:00+00:00, run_after=2026-05-29 16:00:00+00:00
[2026-05-29T19:22:42.347+0000] {processor.py:183} INFO - Processing /home/airflow/.local/lib/python3.8/site-packages/airflow/example_dags/example_latest_only.py took 0.064 seconds
[2026-05-29T19:23:12.479+0000] {processor.py:161} INFO - Started process (PID=858) to work on /home/airflow/.local/lib/python3.8/site-packages/airflow/example_dags/example_latest_only.py
[2026-05-29T19:23:12.481+0000] {processor.py:830} INFO - Processing file /home/airflow/.local/lib/python3.8/site-packages/airflow/example_dags/example_latest_only.py for tasks to queue
[2026-05-29T19:23:12.488+0000] {logging_mixin.py:188} INFO - [2026-05-29T19:23:12.484+0000] {dagbag.py:540} INFO - Filling up the DagBag from /home/airflow/.local/lib/python3.8/site-packages/airflow/example_dags/example_latest_only.py
[2026-05-29T19:23:12.496+0000] {processor.py:840} INFO - DAG(s) 'latest_only' retrieved from /home/airflow/.local/lib/python3.8/site-packages/airflow/example_dags/example_latest_only.py
[2026-05-29T19:23:12.542+0000] {logging_mixin.py:188} INFO - [2026-05-29T19:23:12.541+0000] {dag.py:3047} INFO - Sync 1 DAGs
[2026-05-29T19:23:12.573+0000] {logging_mixin.py:188} INFO - [2026-05-29T19:23:12.572+0000] {dag.py:3834} INFO - Setting next_dagrun for latest_only to 2026-05-29 12:00:00+00:00, run_after=2026-05-29 16:00:00+00:00
[2026-05-29T19:23:12.596+0000] {processor.py:183} INFO - Processing /home/airflow/.local/lib/python3.8/site-packages/airflow/example_dags/example_latest_only.py took 0.121 seconds
[2026-05-29T19:23:42.631+0000] {processor.py:161} INFO - Started process (PID=913) to work on /home/airflow/.local/lib/python3.8/site-packages/airflow/example_dags/example_latest_only.py
[2026-05-29T19:23:42.632+0000] {processor.py:830} INFO - Processing file /home/airflow/.local/lib/python3.8/site-packages/airflow/example_dags/example_latest_only.py for tasks to queue
[2026-05-29T19:23:42.634+0000] {logging_mixin.py:188} INFO - [2026-05-29T19:23:42.634+0000] {dagbag.py:540} INFO - Filling up the DagBag from /home/airflow/.local/lib/python3.8/site-packages/airflow/example_dags/example_latest_only.py
[2026-05-29T19:23:42.639+0000] {processor.py:840} INFO - DAG(s) 'latest_only' retrieved from /home/airflow/.local/lib/python3.8/site-packages/airflow/example_dags/example_latest_only.py
[2026-05-29T19:23:42.658+0000] {logging_mixin.py:188} INFO - [2026-05-29T19:23:42.658+0000] {dag.py:3047} INFO - Sync 1 DAGs
[2026-05-29T19:23:42.675+0000] {logging_mixin.py:188} INFO - [2026-05-29T19:23:42.674+0000] {dag.py:3834} INFO - Setting next_dagrun for latest_only to 2026-05-29 12:00:00+00:00, run_after=2026-05-29 16:00:00+00:00
[2026-05-29T19:23:42.692+0000] {processor.py:183} INFO - Processing /home/airflow/.local/lib/python3.8/site-packages/airflow/example_dags/example_latest_only.py took 0.065 seconds
[2026-05-29T19:24:12.887+0000] {processor.py:161} INFO - Started process (PID=968) to work on /home/airflow/.local/lib/python3.8/site-packages/airflow/example_dags/example_latest_only.py
[2026-05-29T19:24:12.888+0000] {processor.py:830} INFO - Processing file /home/airflow/.local/lib/python3.8/site-packages/airflow/example_dags/example_latest_only.py for tasks to queue
[2026-05-29T19:24:12.890+0000] {logging_mixin.py:188} INFO - [2026-05-29T19:24:12.890+0000] {dagbag.py:540} INFO - Filling up the DagBag from /home/airflow/.local/lib/python3.8/site-packages/airflow/example_dags/example_latest_only.py
[2026-05-29T19:24:12.895+0000] {processor.py:840} INFO - DAG(s) 'latest_only' retrieved from /home/airflow/.local/lib/python3.8/site-packages/airflow/example_dags/example_latest_only.py
[2026-05-29T19:24:12.914+0000] {logging_mixin.py:188} INFO - [2026-05-29T19:24:12.914+0000] {dag.py:3047} INFO - Sync 1 DAGs
[2026-05-29T19:24:12.931+0000] {logging_mixin.py:188} INFO - [2026-05-29T19:24:12.931+0000] {dag.py:3834} INFO - Setting next_dagrun for latest_only to 2026-05-29 12:00:00+00:00, run_after=2026-05-29 16:00:00+00:00
[2026-05-29T19:24:12.948+0000] {processor.py:183} INFO - Processing /home/airflow/.local/lib/python3.8/site-packages/airflow/example_dags/example_latest_only.py took 0.064 seconds
[2026-05-29T19:24:43.001+0000] {processor.py:161} INFO - Started process (PID=1022) to work on /home/airflow/.local/lib/python3.8/site-packages/airflow/example_dags/example_latest_only.py
[2026-05-29T19:24:43.003+0000] {processor.py:830} INFO - Processing file /home/airflow/.local/lib/python3.8/site-packages/airflow/example_dags/example_latest_only.py for tasks to queue
[2026-05-29T19:24:43.007+0000] {logging_mixin.py:188} INFO - [2026-05-29T19:24:43.006+0000] {dagbag.py:540} INFO - Filling up the DagBag from /home/airflow/.local/lib/python3.8/site-packages/airflow/example_dags/example_latest_only.py
[2026-05-29T19:24:43.015+0000] {processor.py:840} INFO - DAG(s) 'latest_only' retrieved from /home/airflow/.local/lib/python3.8/site-packages/airflow/example_dags/example_latest_only.py
[2026-05-29T19:24:43.045+0000] {logging_mixin.py:188} INFO - [2026-05-29T19:24:43.045+0000] {dag.py:3047} INFO - Sync 1 DAGs
[2026-05-29T19:24:43.075+0000] {logging_mixin.py:188} INFO - [2026-05-29T19:24:43.075+0000] {dag.py:3834} INFO - Setting next_dagrun for latest_only to 2026-05-29 12:00:00+00:00, run_after=2026-05-29 16:00:00+00:00
[2026-05-29T19:24:43.099+0000] {processor.py:183} INFO - Processing /home/airflow/.local/lib/python3.8/site-packages/airflow/example_dags/example_latest_only.py took 0.101 seconds
[2026-05-29T19:25:13.307+0000] {processor.py:161} INFO - Started process (PID=1077) to work on /home/airflow/.local/lib/python3.8/site-packages/airflow/example_dags/example_latest_only.py
[2026-05-29T19:25:13.308+0000] {processor.py:830} INFO - Processing file /home/airflow/.local/lib/python3.8/site-packages/airflow/example_dags/example_latest_only.py for tasks to queue
[2026-05-29T19:25:13.311+0000] {logging_mixin.py:188} INFO - [2026-05-29T19:25:13.311+0000] {dagbag.py:540} INFO - Filling up the DagBag from /home/airflow/.local/lib/python3.8/site-packages/airflow/example_dags/example_latest_only.py
[2026-05-29T19:25:13.317+0000] {processor.py:840} INFO - DAG(s) 'latest_only' retrieved from /home/airflow/.local/lib/python3.8/site-packages/airflow/example_dags/example_latest_only.py
[2026-05-29T19:25:13.341+0000] {logging_mixin.py:188} INFO - [2026-05-29T19:25:13.341+0000] {dag.py:3047} INFO - Sync 1 DAGs
[2026-05-29T19:25:13.368+0000] {logging_mixin.py:188} INFO - [2026-05-29T19:25:13.368+0000] {dag.py:3834} INFO - Setting next_dagrun for latest_only to 2026-05-29 12:00:00+00:00, run_after=2026-05-29 16:00:00+00:00
[2026-05-29T19:25:13.401+0000] {processor.py:183} INFO - Processing /home/airflow/.local/lib/python3.8/site-packages/airflow/example_dags/example_latest_only.py took 0.098 seconds
[2026-05-29T19:25:44.307+0000] {processor.py:161} INFO - Started process (PID=1132) to work on /home/airflow/.local/lib/python3.8/site-packages/airflow/example_dags/example_latest_only.py
[2026-05-29T19:25:44.309+0000] {processor.py:830} INFO - Processing file /home/airflow/.local/lib/python3.8/site-packages/airflow/example_dags/example_latest_only.py for tasks to queue
[2026-05-29T19:25:44.311+0000] {logging_mixin.py:188} INFO - [2026-05-29T19:25:44.311+0000] {dagbag.py:540} INFO - Filling up the DagBag from /home/airflow/.local/lib/python3.8/site-packages/airflow/example_dags/example_latest_only.py
[2026-05-29T19:25:44.321+0000] {processor.py:840} INFO - DAG(s) 'latest_only' retrieved from /home/airflow/.local/lib/python3.8/site-packages/airflow/example_dags/example_latest_only.py
[2026-05-29T19:25:44.345+0000] {logging_mixin.py:188} INFO - [2026-05-29T19:25:44.344+0000] {dag.py:3047} INFO - Sync 1 DAGs
[2026-05-29T19:25:44.363+0000] {logging_mixin.py:188} INFO - [2026-05-29T19:25:44.363+0000] {dag.py:3834} INFO - Setting next_dagrun for latest_only to 2026-05-29 12:00:00+00:00, run_after=2026-05-29 16:00:00+00:00
[2026-05-29T19:25:44.380+0000] {processor.py:183} INFO - Processing /home/airflow/.local/lib/python3.8/site-packages/airflow/example_dags/example_latest_only.py took 0.076 seconds
[2026-05-29T19:26:14.464+0000] {processor.py:161} INFO - Started process (PID=1187) to work on /home/airflow/.local/lib/python3.8/site-packages/airflow/example_dags/example_latest_only.py
[2026-05-29T19:26:14.465+0000] {processor.py:830} INFO - Processing file /home/airflow/.local/lib/python3.8/site-packages/airflow/example_dags/example_latest_only.py for tasks to queue
[2026-05-29T19:26:14.468+0000] {logging_mixin.py:188} INFO - [2026-05-29T19:26:14.468+0000] {dagbag.py:540} INFO - Filling up the DagBag from /home/airflow/.local/lib/python3.8/site-packages/airflow/example_dags/example_latest_only.py
[2026-05-29T19:26:14.473+0000] {processor.py:840} INFO - DAG(s) 'latest_only' retrieved from /home/airflow/.local/lib/python3.8/site-packages/airflow/example_dags/example_latest_only.py
[2026-05-29T19:26:14.491+0000] {logging_mixin.py:188} INFO - [2026-05-29T19:26:14.491+0000] {dag.py:3047} INFO - Sync 1 DAGs
[2026-05-29T19:26:14.511+0000] {logging_mixin.py:188} INFO - [2026-05-29T19:26:14.510+0000] {dag.py:3834} INFO - Setting next_dagrun for latest_only to 2026-05-29 12:00:00+00:00, run_after=2026-05-29 16:00:00+00:00
[2026-05-29T19:26:14.525+0000] {processor.py:183} INFO - Processing /home/airflow/.local/lib/python3.8/site-packages/airflow/example_dags/example_latest_only.py took 0.065 seconds
[2026-05-29T19:26:44.702+0000] {processor.py:161} INFO - Started process (PID=1242) to work on /home/airflow/.local/lib/python3.8/site-packages/airflow/example_dags/example_latest_only.py
[2026-05-29T19:26:44.703+0000] {processor.py:830} INFO - Processing file /home/airflow/.local/lib/python3.8/site-packages/airflow/example_dags/example_latest_only.py for tasks to queue
[2026-05-29T19:26:44.706+0000] {logging_mixin.py:188} INFO - [2026-05-29T19:26:44.706+0000] {dagbag.py:540} INFO - Filling up the DagBag from /home/airflow/.local/lib/python3.8/site-packages/airflow/example_dags/example_latest_only.py
[2026-05-29T19:26:44.711+0000] {processor.py:840} INFO - DAG(s) 'latest_only' retrieved from /home/airflow/.local/lib/python3.8/site-packages/airflow/example_dags/example_latest_only.py
[2026-05-29T19:26:44.732+0000] {logging_mixin.py:188} INFO - [2026-05-29T19:26:44.732+0000] {dag.py:3047} INFO - Sync 1 DAGs
[2026-05-29T19:26:44.752+0000] {logging_mixin.py:188} INFO - [2026-05-29T19:26:44.752+0000] {dag.py:3834} INFO - Setting next_dagrun for latest_only to 2026-05-29 12:00:00+00:00, run_after=2026-05-29 16:00:00+00:00
[2026-05-29T19:26:44.770+0000] {processor.py:183} INFO - Processing /home/airflow/.local/lib/python3.8/site-packages/airflow/example_dags/example_latest_only.py took 0.071 seconds
[2026-05-29T19:27:14.977+0000] {processor.py:161} INFO - Started process (PID=1297) to work on /home/airflow/.local/lib/python3.8/site-packages/airflow/example_dags/example_latest_only.py
[2026-05-29T19:27:14.978+0000] {processor.py:830} INFO - Processing file /home/airflow/.local/lib/python3.8/site-packages/airflow/example_dags/example_latest_only.py for tasks to queue
[2026-05-29T19:27:14.982+0000] {logging_mixin.py:188} INFO - [2026-05-29T19:27:14.981+0000] {dagbag.py:540} INFO - Filling up the DagBag from /home/airflow/.local/lib/python3.8/site-packages/airflow/example_dags/example_latest_only.py
[2026-05-29T19:27:14.986+0000] {processor.py:840} INFO - DAG(s) 'latest_only' retrieved from /home/airflow/.local/lib/python3.8/site-packages/airflow/example_dags/example_latest_only.py
[2026-05-29T19:27:15.005+0000] {logging_mixin.py:188} INFO - [2026-05-29T19:27:15.005+0000] {dag.py:3047} INFO - Sync 1 DAGs
[2026-05-29T19:27:15.024+0000] {logging_mixin.py:188} INFO - [2026-05-29T19:27:15.024+0000] {dag.py:3834} INFO - Setting next_dagrun for latest_only to 2026-05-29 12:00:00+00:00, run_after=2026-05-29 16:00:00+00:00
[2026-05-29T19:27:15.045+0000] {processor.py:183} INFO - Processing /home/airflow/.local/lib/python3.8/site-packages/airflow/example_dags/example_latest_only.py took 0.071 seconds
[2026-05-29T19:27:46.544+0000] {processor.py:161} INFO - Started process (PID=1352) to work on /home/airflow/.local/lib/python3.8/site-packages/airflow/example_dags/example_latest_only.py
[2026-05-29T19:27:46.545+0000] {processor.py:830} INFO - Processing file /home/airflow/.local/lib/python3.8/site-packages/airflow/example_dags/example_latest_only.py for tasks to queue
[2026-05-29T19:27:46.549+0000] {logging_mixin.py:188} INFO - [2026-05-29T19:27:46.548+0000] {dagbag.py:540} INFO - Filling up the DagBag from /home/airflow/.local/lib/python3.8/site-packages/airflow/example_dags/example_latest_only.py
[2026-05-29T19:27:46.555+0000] {processor.py:840} INFO - DAG(s) 'latest_only' retrieved from /home/airflow/.local/lib/python3.8/site-packages/airflow/example_dags/example_latest_only.py
[2026-05-29T19:27:46.580+0000] {logging_mixin.py:188} INFO - [2026-05-29T19:27:46.580+0000] {dag.py:3047} INFO - Sync 1 DAGs
[2026-05-29T19:27:46.606+0000] {logging_mixin.py:188} INFO - [2026-05-29T19:27:46.605+0000] {dag.py:3834} INFO - Setting next_dagrun for latest_only to 2026-05-29 12:00:00+00:00, run_after=2026-05-29 16:00:00+00:00
[2026-05-29T19:27:46.634+0000] {processor.py:183} INFO - Processing /home/airflow/.local/lib/python3.8/site-packages/airflow/example_dags/example_latest_only.py took 0.093 seconds
[2026-05-29T19:28:17.187+0000] {processor.py:161} INFO - Started process (PID=1407) to work on /home/airflow/.local/lib/python3.8/site-packages/airflow/example_dags/example_latest_only.py
[2026-05-29T19:28:17.188+0000] {processor.py:830} INFO - Processing file /home/airflow/.local/lib/python3.8/site-packages/airflow/example_dags/example_latest_only.py for tasks to queue
[2026-05-29T19:28:17.190+0000] {logging_mixin.py:188} INFO - [2026-05-29T19:28:17.189+0000] {dagbag.py:540} INFO - Filling up the DagBag from /home/airflow/.local/lib/python3.8/site-packages/airflow/example_dags/example_latest_only.py
[2026-05-29T19:28:17.194+0000] {processor.py:840} INFO - DAG(s) 'latest_only' retrieved from /home/airflow/.local/lib/python3.8/site-packages/airflow/example_dags/example_latest_only.py
[2026-05-29T19:28:17.218+0000] {logging_mixin.py:188} INFO - [2026-05-29T19:28:17.218+0000] {dag.py:3047} INFO - Sync 1 DAGs
[2026-05-29T19:28:17.242+0000] {logging_mixin.py:188} INFO - [2026-05-29T19:28:17.242+0000] {dag.py:3834} INFO - Setting next_dagrun for latest_only to 2026-05-29 12:00:00+00:00, run_after=2026-05-29 16:00:00+00:00
[2026-05-29T19:28:17.263+0000] {processor.py:183} INFO - Processing /home/airflow/.local/lib/python3.8/site-packages/airflow/example_dags/example_latest_only.py took 0.079 seconds
[2026-05-29T19:28:47.402+0000] {processor.py:161} INFO - Started process (PID=1461) to work on /home/airflow/.local/lib/python3.8/site-packages/airflow/example_dags/example_latest_only.py
[2026-05-29T19:28:47.403+0000] {processor.py:830} INFO - Processing file /home/airflow/.local/lib/python3.8/site-packages/airflow/example_dags/example_latest_only.py for tasks to queue
[2026-05-29T19:28:47.405+0000] {logging_mixin.py:188} INFO - [2026-05-29T19:28:47.405+0000] {dagbag.py:540} INFO - Filling up the DagBag from /home/airflow/.local/lib/python3.8/site-packages/airflow/example_dags/example_latest_only.py
[2026-05-29T19:28:47.411+0000] {processor.py:840} INFO - DAG(s) 'latest_only' retrieved from /home/airflow/.local/lib/python3.8/site-packages/airflow/example_dags/example_latest_only.py
[2026-05-29T19:28:47.431+0000] {logging_mixin.py:188} INFO - [2026-05-29T19:28:47.431+0000] {dag.py:3047} INFO - Sync 1 DAGs
[2026-05-29T19:28:47.449+0000] {logging_mixin.py:188} INFO - [2026-05-29T19:28:47.449+0000] {dag.py:3834} INFO - Setting next_dagrun for latest_only to 2026-05-29 12:00:00+00:00, run_after=2026-05-29 16:00:00+00:00
[2026-05-29T19:28:47.466+0000] {processor.py:183} INFO - Processing /home/airflow/.local/lib/python3.8/site-packages/airflow/example_dags/example_latest_only.py took 0.067 seconds
[2026-05-29T19:29:17.580+0000] {processor.py:161} INFO - Started process (PID=1516) to work on /home/airflow/.local/lib/python3.8/site-packages/airflow/example_dags/example_latest_only.py
[2026-05-29T19:29:17.581+0000] {processor.py:830} INFO - Processing file /home/airflow/.local/lib/python3.8/site-packages/airflow/example_dags/example_latest_only.py for tasks to queue
[2026-05-29T19:29:17.584+0000] {logging_mixin.py:188} INFO - [2026-05-29T19:29:17.583+0000] {dagbag.py:540} INFO - Filling up the DagBag from /home/airflow/.local/lib/python3.8/site-packages/airflow/example_dags/example_latest_only.py
[2026-05-29T19:29:17.589+0000] {processor.py:840} INFO - DAG(s) 'latest_only' retrieved from /home/airflow/.local/lib/python3.8/site-packages/airflow/example_dags/example_latest_only.py
[2026-05-29T19:29:17.607+0000] {logging_mixin.py:188} INFO - [2026-05-29T19:29:17.606+0000] {dag.py:3047} INFO - Sync 1 DAGs
[2026-05-29T19:29:17.624+0000] {logging_mixin.py:188} INFO - [2026-05-29T19:29:17.623+0000] {dag.py:3834} INFO - Setting next_dagrun for latest_only to 2026-05-29 12:00:00+00:00, run_after=2026-05-29 16:00:00+00:00
[2026-05-29T19:29:17.640+0000] {processor.py:183} INFO - Processing /home/airflow/.local/lib/python3.8/site-packages/airflow/example_dags/example_latest_only.py took 0.063 seconds
[2026-05-29T19:29:48.222+0000] {processor.py:161} INFO - Started process (PID=1571) to work on /home/airflow/.local/lib/python3.8/site-packages/airflow/example_dags/example_latest_only.py
[2026-05-29T19:29:48.224+0000] {processor.py:830} INFO - Processing file /home/airflow/.local/lib/python3.8/site-packages/airflow/example_dags/example_latest_only.py for tasks to queue
[2026-05-29T19:29:48.227+0000] {logging_mixin.py:188} INFO - [2026-05-29T19:29:48.227+0000] {dagbag.py:540} INFO - Filling up the DagBag from /home/airflow/.local/lib/python3.8/site-packages/airflow/example_dags/example_latest_only.py
[2026-05-29T19:29:48.232+0000] {processor.py:840} INFO - DAG(s) 'latest_only' retrieved from /home/airflow/.local/lib/python3.8/site-packages/airflow/example_dags/example_latest_only.py
[2026-05-29T19:29:48.259+0000] {logging_mixin.py:188} INFO - [2026-05-29T19:29:48.258+0000] {dag.py:3047} INFO - Sync 1 DAGs
[2026-05-29T19:29:48.288+0000] {logging_mixin.py:188} INFO - [2026-05-29T19:29:48.288+0000] {dag.py:3834} INFO - Setting next_dagrun for latest_only to 2026-05-29 12:00:00+00:00, run_after=2026-05-29 16:00:00+00:00
[2026-05-29T19:29:48.311+0000] {processor.py:183} INFO - Processing /home/airflow/.local/lib/python3.8/site-packages/airflow/example_dags/example_latest_only.py took 0.092 seconds
[2026-05-29T19:30:18.439+0000] {processor.py:161} INFO - Started process (PID=1626) to work on /home/airflow/.local/lib/python3.8/site-packages/airflow/example_dags/example_latest_only.py
[2026-05-29T19:30:18.440+0000] {processor.py:830} INFO - Processing file /home/airflow/.local/lib/python3.8/site-packages/airflow/example_dags/example_latest_only.py for tasks to queue
[2026-05-29T19:30:18.442+0000] {logging_mixin.py:188} INFO - [2026-05-29T19:30:18.442+0000] {dagbag.py:540} INFO - Filling up the DagBag from /home/airflow/.local/lib/python3.8/site-packages/airflow/example_dags/example_latest_only.py
[2026-05-29T19:30:18.447+0000] {processor.py:840} INFO - DAG(s) 'latest_only' retrieved from /home/airflow/.local/lib/python3.8/site-packages/airflow/example_dags/example_latest_only.py
[2026-05-29T19:30:18.467+0000] {logging_mixin.py:188} INFO - [2026-05-29T19:30:18.467+0000] {dag.py:3047} INFO - Sync 1 DAGs
[2026-05-29T19:30:18.484+0000] {logging_mixin.py:188} INFO - [2026-05-29T19:30:18.484+0000] {dag.py:3834} INFO - Setting next_dagrun for latest_only to 2026-05-29 12:00:00+00:00, run_after=2026-05-29 16:00:00+00:00
[2026-05-29T19:30:18.502+0000] {processor.py:183} INFO - Processing /home/airflow/.local/lib/python3.8/site-packages/airflow/example_dags/example_latest_only.py took 0.066 seconds
[2026-05-29T19:30:48.658+0000] {processor.py:161} INFO - Started process (PID=1681) to work on /home/airflow/.local/lib/python3.8/site-packages/airflow/example_dags/example_latest_only.py
[2026-05-29T19:30:48.659+0000] {processor.py:830} INFO - Processing file /home/airflow/.local/lib/python3.8/site-packages/airflow/example_dags/example_latest_only.py for tasks to queue
[2026-05-29T19:30:48.661+0000] {logging_mixin.py:188} INFO - [2026-05-29T19:30:48.661+0000] {dagbag.py:540} INFO - Filling up the DagBag from /home/airflow/.local/lib/python3.8/site-packages/airflow/example_dags/example_latest_only.py
[2026-05-29T19:30:48.666+0000] {processor.py:840} INFO - DAG(s) 'latest_only' retrieved from /home/airflow/.local/lib/python3.8/site-packages/airflow/example_dags/example_latest_only.py
[2026-05-29T19:30:48.690+0000] {logging_mixin.py:188} INFO - [2026-05-29T19:30:48.690+0000] {dag.py:3047} INFO - Sync 1 DAGs
[2026-05-29T19:30:48.710+0000] {logging_mixin.py:188} INFO - [2026-05-29T19:30:48.710+0000] {dag.py:3834} INFO - Setting next_dagrun for latest_only to 2026-05-29 12:00:00+00:00, run_after=2026-05-29 16:00:00+00:00
[2026-05-29T19:30:48.727+0000] {processor.py:183} INFO - Processing /home/airflow/.local/lib/python3.8/site-packages/airflow/example_dags/example_latest_only.py took 0.073 seconds
[2026-05-29T19:31:19.660+0000] {processor.py:161} INFO - Started process (PID=1736) to work on /home/airflow/.local/lib/python3.8/site-packages/airflow/example_dags/example_latest_only.py
[2026-05-29T19:31:19.662+0000] {processor.py:830} INFO - Processing file /home/airflow/.local/lib/python3.8/site-packages/airflow/example_dags/example_latest_only.py for tasks to queue
[2026-05-29T19:31:19.664+0000] {logging_mixin.py:188} INFO - [2026-05-29T19:31:19.664+0000] {dagbag.py:540} INFO - Filling up the DagBag from /home/airflow/.local/lib/python3.8/site-packages/airflow/example_dags/example_latest_only.py
[2026-05-29T19:31:19.669+0000] {processor.py:840} INFO - DAG(s) 'latest_only' retrieved from /home/airflow/.local/lib/python3.8/site-packages/airflow/example_dags/example_latest_only.py
[2026-05-29T19:31:19.688+0000] {logging_mixin.py:188} INFO - [2026-05-29T19:31:19.687+0000] {dag.py:3047} INFO - Sync 1 DAGs
[2026-05-29T19:31:19.706+0000] {logging_mixin.py:188} INFO - [2026-05-29T19:31:19.706+0000] {dag.py:3834} INFO - Setting next_dagrun for latest_only to 2026-05-29 12:00:00+00:00, run_after=2026-05-29 16:00:00+00:00
[2026-05-29T19:31:19.724+0000] {processor.py:183} INFO - Processing /home/airflow/.local/lib/python3.8/site-packages/airflow/example_dags/example_latest_only.py took 0.066 seconds
[2026-05-29T19:31:50.301+0000] {processor.py:161} INFO - Started process (PID=1791) to work on /home/airflow/.local/lib/python3.8/site-packages/airflow/example_dags/example_latest_only.py
[2026-05-29T19:31:50.302+0000] {processor.py:830} INFO - Processing file /home/airflow/.local/lib/python3.8/site-packages/airflow/example_dags/example_latest_only.py for tasks to queue
[2026-05-29T19:31:50.305+0000] {logging_mixin.py:188} INFO - [2026-05-29T19:31:50.304+0000] {dagbag.py:540} INFO - Filling up the DagBag from /home/airflow/.local/lib/python3.8/site-packages/airflow/example_dags/example_latest_only.py
[2026-05-29T19:31:50.309+0000] {processor.py:840} INFO - DAG(s) 'latest_only' retrieved from /home/airflow/.local/lib/python3.8/site-packages/airflow/example_dags/example_latest_only.py
[2026-05-29T19:31:50.329+0000] {logging_mixin.py:188} INFO - [2026-05-29T19:31:50.328+0000] {dag.py:3047} INFO - Sync 1 DAGs
[2026-05-29T19:31:50.356+0000] {logging_mixin.py:188} INFO - [2026-05-29T19:31:50.356+0000] {dag.py:3834} INFO - Setting next_dagrun for latest_only to 2026-05-29 12:00:00+00:00, run_after=2026-05-29 16:00:00+00:00
[2026-05-29T19:31:50.386+0000] {processor.py:183} INFO - Processing /home/airflow/.local/lib/python3.8/site-packages/airflow/example_dags/example_latest_only.py took 0.088 seconds
[2026-05-29T19:32:20.459+0000] {processor.py:161} INFO - Started process (PID=1846) to work on /home/airflow/.local/lib/python3.8/site-packages/airflow/example_dags/example_latest_only.py
[2026-05-29T19:32:20.460+0000] {processor.py:830} INFO - Processing file /home/airflow/.local/lib/python3.8/site-packages/airflow/example_dags/example_latest_only.py for tasks to queue
[2026-05-29T19:32:20.462+0000] {logging_mixin.py:188} INFO - [2026-05-29T19:32:20.462+0000] {dagbag.py:540} INFO - Filling up the DagBag from /home/airflow/.local/lib/python3.8/site-packages/airflow/example_dags/example_latest_only.py
[2026-05-29T19:32:20.467+0000] {processor.py:840} INFO - DAG(s) 'latest_only' retrieved from /home/airflow/.local/lib/python3.8/site-packages/airflow/example_dags/example_latest_only.py
[2026-05-29T19:32:20.486+0000] {logging_mixin.py:188} INFO - [2026-05-29T19:32:20.485+0000] {dag.py:3047} INFO - Sync 1 DAGs
[2026-05-29T19:32:20.503+0000] {logging_mixin.py:188} INFO - [2026-05-29T19:32:20.503+0000] {dag.py:3834} INFO - Setting next_dagrun for latest_only to 2026-05-29 12:00:00+00:00, run_after=2026-05-29 16:00:00+00:00
[2026-05-29T19:32:20.519+0000] {processor.py:183} INFO - Processing /home/airflow/.local/lib/python3.8/site-packages/airflow/example_dags/example_latest_only.py took 0.063 seconds
[2026-05-29T19:32:50.798+0000] {processor.py:161} INFO - Started process (PID=1902) to work on /home/airflow/.local/lib/python3.8/site-packages/airflow/example_dags/example_latest_only.py
[2026-05-29T19:32:50.799+0000] {processor.py:830} INFO - Processing file /home/airflow/.local/lib/python3.8/site-packages/airflow/example_dags/example_latest_only.py for tasks to queue
[2026-05-29T19:32:50.802+0000] {logging_mixin.py:188} INFO - [2026-05-29T19:32:50.802+0000] {dagbag.py:540} INFO - Filling up the DagBag from /home/airflow/.local/lib/python3.8/site-packages/airflow/example_dags/example_latest_only.py
[2026-05-29T19:32:50.808+0000] {processor.py:840} INFO - DAG(s) 'latest_only' retrieved from /home/airflow/.local/lib/python3.8/site-packages/airflow/example_dags/example_latest_only.py
[2026-05-29T19:32:50.825+0000] {logging_mixin.py:188} INFO - [2026-05-29T19:32:50.825+0000] {dag.py:3047} INFO - Sync 1 DAGs
[2026-05-29T19:32:50.846+0000] {logging_mixin.py:188} INFO - [2026-05-29T19:32:50.845+0000] {dag.py:3834} INFO - Setting next_dagrun for latest_only to 2026-05-29 12:00:00+00:00, run_after=2026-05-29 16:00:00+00:00
[2026-05-29T19:32:50.863+0000] {processor.py:183} INFO - Processing /home/airflow/.local/lib/python3.8/site-packages/airflow/example_dags/example_latest_only.py took 0.068 seconds
[2026-05-29T19:33:21.440+0000] {processor.py:161} INFO - Started process (PID=1957) to work on /home/airflow/.local/lib/python3.8/site-packages/airflow/example_dags/example_latest_only.py
[2026-05-29T19:33:21.441+0000] {processor.py:830} INFO - Processing file /home/airflow/.local/lib/python3.8/site-packages/airflow/example_dags/example_latest_only.py for tasks to queue
[2026-05-29T19:33:21.444+0000] {logging_mixin.py:188} INFO - [2026-05-29T19:33:21.443+0000] {dagbag.py:540} INFO - Filling up the DagBag from /home/airflow/.local/lib/python3.8/site-packages/airflow/example_dags/example_latest_only.py
[2026-05-29T19:33:21.448+0000] {processor.py:840} INFO - DAG(s) 'latest_only' retrieved from /home/airflow/.local/lib/python3.8/site-packages/airflow/example_dags/example_latest_only.py
[2026-05-29T19:33:21.469+0000] {logging_mixin.py:188} INFO - [2026-05-29T19:33:21.469+0000] {dag.py:3047} INFO - Sync 1 DAGs
[2026-05-29T19:33:21.486+0000] {logging_mixin.py:188} INFO - [2026-05-29T19:33:21.486+0000] {dag.py:3834} INFO - Setting next_dagrun for latest_only to 2026-05-29 12:00:00+00:00, run_after=2026-05-29 16:00:00+00:00
[2026-05-29T19:33:21.620+0000] {processor.py:183} INFO - Processing /home/airflow/.local/lib/python3.8/site-packages/airflow/example_dags/example_latest_only.py took 0.183 seconds
[2026-05-29T19:33:51.895+0000] {processor.py:161} INFO - Started process (PID=2012) to work on /home/airflow/.local/lib/python3.8/site-packages/airflow/example_dags/example_latest_only.py
[2026-05-29T19:33:51.898+0000] {processor.py:830} INFO - Processing file /home/airflow/.local/lib/python3.8/site-packages/airflow/example_dags/example_latest_only.py for tasks to queue
[2026-05-29T19:33:51.902+0000] {logging_mixin.py:188} INFO - [2026-05-29T19:33:51.902+0000] {dagbag.py:540} INFO - Filling up the DagBag from /home/airflow/.local/lib/python3.8/site-packages/airflow/example_dags/example_latest_only.py
[2026-05-29T19:33:51.907+0000] {processor.py:840} INFO - DAG(s) 'latest_only' retrieved from /home/airflow/.local/lib/python3.8/site-packages/airflow/example_dags/example_latest_only.py
[2026-05-29T19:33:51.926+0000] {logging_mixin.py:188} INFO - [2026-05-29T19:33:51.926+0000] {dag.py:3047} INFO - Sync 1 DAGs
[2026-05-29T19:33:51.946+0000] {logging_mixin.py:188} INFO - [2026-05-29T19:33:51.945+0000] {dag.py:3834} INFO - Setting next_dagrun for latest_only to 2026-05-29 12:00:00+00:00, run_after=2026-05-29 16:00:00+00:00
[2026-05-29T19:33:51.964+0000] {processor.py:183} INFO - Processing /home/airflow/.local/lib/python3.8/site-packages/airflow/example_dags/example_latest_only.py took 0.072 seconds
