[2026-05-29T19:16:07.127+0000] {processor.py:161} INFO - Started process (PID=91) to work on /home/airflow/.local/lib/python3.8/site-packages/airflow/example_dags/example_branch_python_dop_operator_3.py
[2026-05-29T19:16:07.130+0000] {processor.py:830} INFO - Processing file /home/airflow/.local/lib/python3.8/site-packages/airflow/example_dags/example_branch_python_dop_operator_3.py for tasks to queue
[2026-05-29T19:16:07.133+0000] {logging_mixin.py:188} INFO - [2026-05-29T19:16:07.133+0000] {dagbag.py:540} INFO - Filling up the DagBag from /home/airflow/.local/lib/python3.8/site-packages/airflow/example_dags/example_branch_python_dop_operator_3.py
[2026-05-29T19:16:07.152+0000] {processor.py:840} INFO - DAG(s) 'example_branch_dop_operator_v3' retrieved from /home/airflow/.local/lib/python3.8/site-packages/airflow/example_dags/example_branch_python_dop_operator_3.py
[2026-05-29T19:16:07.194+0000] {logging_mixin.py:188} INFO - [2026-05-29T19:16:07.194+0000] {dag.py:3047} INFO - Sync 1 DAGs
[2026-05-29T19:16:07.243+0000] {logging_mixin.py:188} INFO - [2026-05-29T19:16:07.242+0000] {dag.py:3834} INFO - Setting next_dagrun for example_branch_dop_operator_v3 to 2026-05-29 19:15:00+00:00, run_after=2026-05-29 19:16:00+00:00
[2026-05-29T19:16:07.287+0000] {processor.py:183} INFO - Processing /home/airflow/.local/lib/python3.8/site-packages/airflow/example_dags/example_branch_python_dop_operator_3.py took 0.169 seconds
[2026-05-29T19:16:37.530+0000] {processor.py:161} INFO - Started process (PID=146) to work on /home/airflow/.local/lib/python3.8/site-packages/airflow/example_dags/example_branch_python_dop_operator_3.py
[2026-05-29T19:16:37.531+0000] {processor.py:830} INFO - Processing file /home/airflow/.local/lib/python3.8/site-packages/airflow/example_dags/example_branch_python_dop_operator_3.py for tasks to queue
[2026-05-29T19:16:37.533+0000] {logging_mixin.py:188} INFO - [2026-05-29T19:16:37.533+0000] {dagbag.py:540} INFO - Filling up the DagBag from /home/airflow/.local/lib/python3.8/site-packages/airflow/example_dags/example_branch_python_dop_operator_3.py
[2026-05-29T19:16:37.542+0000] {processor.py:840} INFO - DAG(s) 'example_branch_dop_operator_v3' retrieved from /home/airflow/.local/lib/python3.8/site-packages/airflow/example_dags/example_branch_python_dop_operator_3.py
[2026-05-29T19:16:37.560+0000] {logging_mixin.py:188} INFO - [2026-05-29T19:16:37.560+0000] {dag.py:3047} INFO - Sync 1 DAGs
[2026-05-29T19:16:37.581+0000] {logging_mixin.py:188} INFO - [2026-05-29T19:16:37.581+0000] {dag.py:3834} INFO - Setting next_dagrun for example_branch_dop_operator_v3 to 2026-05-29 19:15:00+00:00, run_after=2026-05-29 19:16:00+00:00
[2026-05-29T19:16:37.600+0000] {processor.py:183} INFO - Processing /home/airflow/.local/lib/python3.8/site-packages/airflow/example_dags/example_branch_python_dop_operator_3.py took 0.073 seconds
[2026-05-29T19:17:07.683+0000] {processor.py:161} INFO - Started process (PID=201) to work on /home/airflow/.local/lib/python3.8/site-packages/airflow/example_dags/example_branch_python_dop_operator_3.py
[2026-05-29T19:17:07.685+0000] {processor.py:830} INFO - Processing file /home/airflow/.local/lib/python3.8/site-packages/airflow/example_dags/example_branch_python_dop_operator_3.py for tasks to queue
[2026-05-29T19:17:07.687+0000] {logging_mixin.py:188} INFO - [2026-05-29T19:17:07.687+0000] {dagbag.py:540} INFO - Filling up the DagBag from /home/airflow/.local/lib/python3.8/site-packages/airflow/example_dags/example_branch_python_dop_operator_3.py
[2026-05-29T19:17:07.694+0000] {processor.py:840} INFO - DAG(s) 'example_branch_dop_operator_v3' retrieved from /home/airflow/.local/lib/python3.8/site-packages/airflow/example_dags/example_branch_python_dop_operator_3.py
[2026-05-29T19:17:07.715+0000] {logging_mixin.py:188} INFO - [2026-05-29T19:17:07.715+0000] {dag.py:3047} INFO - Sync 1 DAGs
[2026-05-29T19:17:07.736+0000] {logging_mixin.py:188} INFO - [2026-05-29T19:17:07.735+0000] {dag.py:3834} INFO - Setting next_dagrun for example_branch_dop_operator_v3 to 2026-05-29 19:16:00+00:00, run_after=2026-05-29 19:17:00+00:00
[2026-05-29T19:17:07.754+0000] {processor.py:183} INFO - Processing /home/airflow/.local/lib/python3.8/site-packages/airflow/example_dags/example_branch_python_dop_operator_3.py took 0.074 seconds
[2026-05-29T19:17:38.286+0000] {processor.py:161} INFO - Started process (PID=256) to work on /home/airflow/.local/lib/python3.8/site-packages/airflow/example_dags/example_branch_python_dop_operator_3.py
[2026-05-29T19:17:38.288+0000] {processor.py:830} INFO - Processing file /home/airflow/.local/lib/python3.8/site-packages/airflow/example_dags/example_branch_python_dop_operator_3.py for tasks to queue
[2026-05-29T19:17:38.290+0000] {logging_mixin.py:188} INFO - [2026-05-29T19:17:38.290+0000] {dagbag.py:540} INFO - Filling up the DagBag from /home/airflow/.local/lib/python3.8/site-packages/airflow/example_dags/example_branch_python_dop_operator_3.py
[2026-05-29T19:17:38.297+0000] {processor.py:840} INFO - DAG(s) 'example_branch_dop_operator_v3' retrieved from /home/airflow/.local/lib/python3.8/site-packages/airflow/example_dags/example_branch_python_dop_operator_3.py
[2026-05-29T19:17:38.317+0000] {logging_mixin.py:188} INFO - [2026-05-29T19:17:38.317+0000] {dag.py:3047} INFO - Sync 1 DAGs
[2026-05-29T19:17:38.340+0000] {logging_mixin.py:188} INFO - [2026-05-29T19:17:38.339+0000] {dag.py:3834} INFO - Setting next_dagrun for example_branch_dop_operator_v3 to 2026-05-29 19:16:00+00:00, run_after=2026-05-29 19:17:00+00:00
[2026-05-29T19:17:38.361+0000] {processor.py:183} INFO - Processing /home/airflow/.local/lib/python3.8/site-packages/airflow/example_dags/example_branch_python_dop_operator_3.py took 0.077 seconds
[2026-05-29T19:18:09.302+0000] {processor.py:161} INFO - Started process (PID=311) to work on /home/airflow/.local/lib/python3.8/site-packages/airflow/example_dags/example_branch_python_dop_operator_3.py
[2026-05-29T19:18:09.304+0000] {processor.py:830} INFO - Processing file /home/airflow/.local/lib/python3.8/site-packages/airflow/example_dags/example_branch_python_dop_operator_3.py for tasks to queue
[2026-05-29T19:18:09.307+0000] {logging_mixin.py:188} INFO - [2026-05-29T19:18:09.306+0000] {dagbag.py:540} INFO - Filling up the DagBag from /home/airflow/.local/lib/python3.8/site-packages/airflow/example_dags/example_branch_python_dop_operator_3.py
[2026-05-29T19:18:09.314+0000] {processor.py:840} INFO - DAG(s) 'example_branch_dop_operator_v3' retrieved from /home/airflow/.local/lib/python3.8/site-packages/airflow/example_dags/example_branch_python_dop_operator_3.py
[2026-05-29T19:18:09.336+0000] {logging_mixin.py:188} INFO - [2026-05-29T19:18:09.336+0000] {dag.py:3047} INFO - Sync 1 DAGs
[2026-05-29T19:18:09.365+0000] {logging_mixin.py:188} INFO - [2026-05-29T19:18:09.364+0000] {dag.py:3834} INFO - Setting next_dagrun for example_branch_dop_operator_v3 to 2026-05-29 19:17:00+00:00, run_after=2026-05-29 19:18:00+00:00
[2026-05-29T19:18:09.388+0000] {processor.py:183} INFO - Processing /home/airflow/.local/lib/python3.8/site-packages/airflow/example_dags/example_branch_python_dop_operator_3.py took 0.090 seconds
[2026-05-29T19:18:39.836+0000] {processor.py:161} INFO - Started process (PID=366) to work on /home/airflow/.local/lib/python3.8/site-packages/airflow/example_dags/example_branch_python_dop_operator_3.py
[2026-05-29T19:18:39.838+0000] {processor.py:830} INFO - Processing file /home/airflow/.local/lib/python3.8/site-packages/airflow/example_dags/example_branch_python_dop_operator_3.py for tasks to queue
[2026-05-29T19:18:39.841+0000] {logging_mixin.py:188} INFO - [2026-05-29T19:18:39.840+0000] {dagbag.py:540} INFO - Filling up the DagBag from /home/airflow/.local/lib/python3.8/site-packages/airflow/example_dags/example_branch_python_dop_operator_3.py
[2026-05-29T19:18:39.855+0000] {processor.py:840} INFO - DAG(s) 'example_branch_dop_operator_v3' retrieved from /home/airflow/.local/lib/python3.8/site-packages/airflow/example_dags/example_branch_python_dop_operator_3.py
[2026-05-29T19:18:39.892+0000] {logging_mixin.py:188} INFO - [2026-05-29T19:18:39.892+0000] {dag.py:3047} INFO - Sync 1 DAGs
[2026-05-29T19:18:39.932+0000] {logging_mixin.py:188} INFO - [2026-05-29T19:18:39.932+0000] {dag.py:3834} INFO - Setting next_dagrun for example_branch_dop_operator_v3 to 2026-05-29 19:17:00+00:00, run_after=2026-05-29 19:18:00+00:00
[2026-05-29T19:18:39.962+0000] {processor.py:183} INFO - Processing /home/airflow/.local/lib/python3.8/site-packages/airflow/example_dags/example_branch_python_dop_operator_3.py took 0.132 seconds
[2026-05-29T19:19:10.097+0000] {processor.py:161} INFO - Started process (PID=421) to work on /home/airflow/.local/lib/python3.8/site-packages/airflow/example_dags/example_branch_python_dop_operator_3.py
[2026-05-29T19:19:10.100+0000] {processor.py:830} INFO - Processing file /home/airflow/.local/lib/python3.8/site-packages/airflow/example_dags/example_branch_python_dop_operator_3.py for tasks to queue
[2026-05-29T19:19:10.102+0000] {logging_mixin.py:188} INFO - [2026-05-29T19:19:10.102+0000] {dagbag.py:540} INFO - Filling up the DagBag from /home/airflow/.local/lib/python3.8/site-packages/airflow/example_dags/example_branch_python_dop_operator_3.py
[2026-05-29T19:19:10.110+0000] {processor.py:840} INFO - DAG(s) 'example_branch_dop_operator_v3' retrieved from /home/airflow/.local/lib/python3.8/site-packages/airflow/example_dags/example_branch_python_dop_operator_3.py
[2026-05-29T19:19:10.133+0000] {logging_mixin.py:188} INFO - [2026-05-29T19:19:10.132+0000] {dag.py:3047} INFO - Sync 1 DAGs
[2026-05-29T19:19:10.157+0000] {logging_mixin.py:188} INFO - [2026-05-29T19:19:10.156+0000] {dag.py:3834} INFO - Setting next_dagrun for example_branch_dop_operator_v3 to 2026-05-29 19:18:00+00:00, run_after=2026-05-29 19:19:00+00:00
[2026-05-29T19:19:10.176+0000] {processor.py:183} INFO - Processing /home/airflow/.local/lib/python3.8/site-packages/airflow/example_dags/example_branch_python_dop_operator_3.py took 0.082 seconds
[2026-05-29T19:19:40.617+0000] {processor.py:161} INFO - Started process (PID=476) to work on /home/airflow/.local/lib/python3.8/site-packages/airflow/example_dags/example_branch_python_dop_operator_3.py
[2026-05-29T19:19:40.619+0000] {processor.py:830} INFO - Processing file /home/airflow/.local/lib/python3.8/site-packages/airflow/example_dags/example_branch_python_dop_operator_3.py for tasks to queue
[2026-05-29T19:19:40.621+0000] {logging_mixin.py:188} INFO - [2026-05-29T19:19:40.620+0000] {dagbag.py:540} INFO - Filling up the DagBag from /home/airflow/.local/lib/python3.8/site-packages/airflow/example_dags/example_branch_python_dop_operator_3.py
[2026-05-29T19:19:40.631+0000] {processor.py:840} INFO - DAG(s) 'example_branch_dop_operator_v3' retrieved from /home/airflow/.local/lib/python3.8/site-packages/airflow/example_dags/example_branch_python_dop_operator_3.py
[2026-05-29T19:19:40.652+0000] {logging_mixin.py:188} INFO - [2026-05-29T19:19:40.652+0000] {dag.py:3047} INFO - Sync 1 DAGs
[2026-05-29T19:19:40.675+0000] {logging_mixin.py:188} INFO - [2026-05-29T19:19:40.675+0000] {dag.py:3834} INFO - Setting next_dagrun for example_branch_dop_operator_v3 to 2026-05-29 19:18:00+00:00, run_after=2026-05-29 19:19:00+00:00
[2026-05-29T19:19:40.694+0000] {processor.py:183} INFO - Processing /home/airflow/.local/lib/python3.8/site-packages/airflow/example_dags/example_branch_python_dop_operator_3.py took 0.080 seconds
[2026-05-29T19:20:10.921+0000] {processor.py:161} INFO - Started process (PID=531) to work on /home/airflow/.local/lib/python3.8/site-packages/airflow/example_dags/example_branch_python_dop_operator_3.py
[2026-05-29T19:20:10.923+0000] {processor.py:830} INFO - Processing file /home/airflow/.local/lib/python3.8/site-packages/airflow/example_dags/example_branch_python_dop_operator_3.py for tasks to queue
[2026-05-29T19:20:10.926+0000] {logging_mixin.py:188} INFO - [2026-05-29T19:20:10.926+0000] {dagbag.py:540} INFO - Filling up the DagBag from /home/airflow/.local/lib/python3.8/site-packages/airflow/example_dags/example_branch_python_dop_operator_3.py
[2026-05-29T19:20:10.934+0000] {processor.py:840} INFO - DAG(s) 'example_branch_dop_operator_v3' retrieved from /home/airflow/.local/lib/python3.8/site-packages/airflow/example_dags/example_branch_python_dop_operator_3.py
[2026-05-29T19:20:10.963+0000] {logging_mixin.py:188} INFO - [2026-05-29T19:20:10.962+0000] {dag.py:3047} INFO - Sync 1 DAGs
[2026-05-29T19:20:10.987+0000] {logging_mixin.py:188} INFO - [2026-05-29T19:20:10.987+0000] {dag.py:3834} INFO - Setting next_dagrun for example_branch_dop_operator_v3 to 2026-05-29 19:19:00+00:00, run_after=2026-05-29 19:20:00+00:00
[2026-05-29T19:20:11.010+0000] {processor.py:183} INFO - Processing /home/airflow/.local/lib/python3.8/site-packages/airflow/example_dags/example_branch_python_dop_operator_3.py took 0.091 seconds
[2026-05-29T19:20:41.144+0000] {processor.py:161} INFO - Started process (PID=586) to work on /home/airflow/.local/lib/python3.8/site-packages/airflow/example_dags/example_branch_python_dop_operator_3.py
[2026-05-29T19:20:41.145+0000] {processor.py:830} INFO - Processing file /home/airflow/.local/lib/python3.8/site-packages/airflow/example_dags/example_branch_python_dop_operator_3.py for tasks to queue
[2026-05-29T19:20:41.148+0000] {logging_mixin.py:188} INFO - [2026-05-29T19:20:41.147+0000] {dagbag.py:540} INFO - Filling up the DagBag from /home/airflow/.local/lib/python3.8/site-packages/airflow/example_dags/example_branch_python_dop_operator_3.py
[2026-05-29T19:20:41.156+0000] {processor.py:840} INFO - DAG(s) 'example_branch_dop_operator_v3' retrieved from /home/airflow/.local/lib/python3.8/site-packages/airflow/example_dags/example_branch_python_dop_operator_3.py
[2026-05-29T19:20:41.178+0000] {logging_mixin.py:188} INFO - [2026-05-29T19:20:41.178+0000] {dag.py:3047} INFO - Sync 1 DAGs
[2026-05-29T19:20:41.201+0000] {logging_mixin.py:188} INFO - [2026-05-29T19:20:41.201+0000] {dag.py:3834} INFO - Setting next_dagrun for example_branch_dop_operator_v3 to 2026-05-29 19:19:00+00:00, run_after=2026-05-29 19:20:00+00:00
[2026-05-29T19:20:41.220+0000] {processor.py:183} INFO - Processing /home/airflow/.local/lib/python3.8/site-packages/airflow/example_dags/example_branch_python_dop_operator_3.py took 0.078 seconds
[2026-05-29T19:21:11.617+0000] {processor.py:161} INFO - Started process (PID=641) to work on /home/airflow/.local/lib/python3.8/site-packages/airflow/example_dags/example_branch_python_dop_operator_3.py
[2026-05-29T19:21:11.618+0000] {processor.py:830} INFO - Processing file /home/airflow/.local/lib/python3.8/site-packages/airflow/example_dags/example_branch_python_dop_operator_3.py for tasks to queue
[2026-05-29T19:21:11.620+0000] {logging_mixin.py:188} INFO - [2026-05-29T19:21:11.620+0000] {dagbag.py:540} INFO - Filling up the DagBag from /home/airflow/.local/lib/python3.8/site-packages/airflow/example_dags/example_branch_python_dop_operator_3.py
[2026-05-29T19:21:11.628+0000] {processor.py:840} INFO - DAG(s) 'example_branch_dop_operator_v3' retrieved from /home/airflow/.local/lib/python3.8/site-packages/airflow/example_dags/example_branch_python_dop_operator_3.py
[2026-05-29T19:21:11.653+0000] {logging_mixin.py:188} INFO - [2026-05-29T19:21:11.652+0000] {dag.py:3047} INFO - Sync 1 DAGs
[2026-05-29T19:21:11.678+0000] {logging_mixin.py:188} INFO - [2026-05-29T19:21:11.677+0000] {dag.py:3834} INFO - Setting next_dagrun for example_branch_dop_operator_v3 to 2026-05-29 19:20:00+00:00, run_after=2026-05-29 19:21:00+00:00
[2026-05-29T19:21:11.713+0000] {processor.py:183} INFO - Processing /home/airflow/.local/lib/python3.8/site-packages/airflow/example_dags/example_branch_python_dop_operator_3.py took 0.099 seconds
[2026-05-29T19:21:41.851+0000] {processor.py:161} INFO - Started process (PID=696) to work on /home/airflow/.local/lib/python3.8/site-packages/airflow/example_dags/example_branch_python_dop_operator_3.py
[2026-05-29T19:21:41.853+0000] {processor.py:830} INFO - Processing file /home/airflow/.local/lib/python3.8/site-packages/airflow/example_dags/example_branch_python_dop_operator_3.py for tasks to queue
[2026-05-29T19:21:41.855+0000] {logging_mixin.py:188} INFO - [2026-05-29T19:21:41.855+0000] {dagbag.py:540} INFO - Filling up the DagBag from /home/airflow/.local/lib/python3.8/site-packages/airflow/example_dags/example_branch_python_dop_operator_3.py
[2026-05-29T19:21:41.863+0000] {processor.py:840} INFO - DAG(s) 'example_branch_dop_operator_v3' retrieved from /home/airflow/.local/lib/python3.8/site-packages/airflow/example_dags/example_branch_python_dop_operator_3.py
[2026-05-29T19:21:41.889+0000] {logging_mixin.py:188} INFO - [2026-05-29T19:21:41.888+0000] {dag.py:3047} INFO - Sync 1 DAGs
[2026-05-29T19:21:41.924+0000] {logging_mixin.py:188} INFO - [2026-05-29T19:21:41.924+0000] {dag.py:3834} INFO - Setting next_dagrun for example_branch_dop_operator_v3 to 2026-05-29 19:20:00+00:00, run_after=2026-05-29 19:21:00+00:00
[2026-05-29T19:21:41.951+0000] {processor.py:183} INFO - Processing /home/airflow/.local/lib/python3.8/site-packages/airflow/example_dags/example_branch_python_dop_operator_3.py took 0.103 seconds
[2026-05-29T19:22:12.292+0000] {processor.py:161} INFO - Started process (PID=751) to work on /home/airflow/.local/lib/python3.8/site-packages/airflow/example_dags/example_branch_python_dop_operator_3.py
[2026-05-29T19:22:12.293+0000] {processor.py:830} INFO - Processing file /home/airflow/.local/lib/python3.8/site-packages/airflow/example_dags/example_branch_python_dop_operator_3.py for tasks to queue
[2026-05-29T19:22:12.296+0000] {logging_mixin.py:188} INFO - [2026-05-29T19:22:12.296+0000] {dagbag.py:540} INFO - Filling up the DagBag from /home/airflow/.local/lib/python3.8/site-packages/airflow/example_dags/example_branch_python_dop_operator_3.py
[2026-05-29T19:22:12.306+0000] {processor.py:840} INFO - DAG(s) 'example_branch_dop_operator_v3' retrieved from /home/airflow/.local/lib/python3.8/site-packages/airflow/example_dags/example_branch_python_dop_operator_3.py
[2026-05-29T19:22:12.323+0000] {logging_mixin.py:188} INFO - [2026-05-29T19:22:12.323+0000] {dag.py:3047} INFO - Sync 1 DAGs
[2026-05-29T19:22:12.345+0000] {logging_mixin.py:188} INFO - [2026-05-29T19:22:12.344+0000] {dag.py:3834} INFO - Setting next_dagrun for example_branch_dop_operator_v3 to 2026-05-29 19:21:00+00:00, run_after=2026-05-29 19:22:00+00:00
[2026-05-29T19:22:12.371+0000] {processor.py:183} INFO - Processing /home/airflow/.local/lib/python3.8/site-packages/airflow/example_dags/example_branch_python_dop_operator_3.py took 0.082 seconds
[2026-05-29T19:22:43.318+0000] {processor.py:161} INFO - Started process (PID=806) to work on /home/airflow/.local/lib/python3.8/site-packages/airflow/example_dags/example_branch_python_dop_operator_3.py
[2026-05-29T19:22:43.320+0000] {processor.py:830} INFO - Processing file /home/airflow/.local/lib/python3.8/site-packages/airflow/example_dags/example_branch_python_dop_operator_3.py for tasks to queue
[2026-05-29T19:22:43.323+0000] {logging_mixin.py:188} INFO - [2026-05-29T19:22:43.322+0000] {dagbag.py:540} INFO - Filling up the DagBag from /home/airflow/.local/lib/python3.8/site-packages/airflow/example_dags/example_branch_python_dop_operator_3.py
[2026-05-29T19:22:43.334+0000] {processor.py:840} INFO - DAG(s) 'example_branch_dop_operator_v3' retrieved from /home/airflow/.local/lib/python3.8/site-packages/airflow/example_dags/example_branch_python_dop_operator_3.py
[2026-05-29T19:22:43.369+0000] {logging_mixin.py:188} INFO - [2026-05-29T19:22:43.368+0000] {dag.py:3047} INFO - Sync 1 DAGs
[2026-05-29T19:22:43.403+0000] {logging_mixin.py:188} INFO - [2026-05-29T19:22:43.403+0000] {dag.py:3834} INFO - Setting next_dagrun for example_branch_dop_operator_v3 to 2026-05-29 19:21:00+00:00, run_after=2026-05-29 19:22:00+00:00
[2026-05-29T19:22:43.424+0000] {processor.py:183} INFO - Processing /home/airflow/.local/lib/python3.8/site-packages/airflow/example_dags/example_branch_python_dop_operator_3.py took 0.110 seconds
[2026-05-29T19:23:13.633+0000] {processor.py:161} INFO - Started process (PID=861) to work on /home/airflow/.local/lib/python3.8/site-packages/airflow/example_dags/example_branch_python_dop_operator_3.py
[2026-05-29T19:23:13.635+0000] {processor.py:830} INFO - Processing file /home/airflow/.local/lib/python3.8/site-packages/airflow/example_dags/example_branch_python_dop_operator_3.py for tasks to queue
[2026-05-29T19:23:13.638+0000] {logging_mixin.py:188} INFO - [2026-05-29T19:23:13.637+0000] {dagbag.py:540} INFO - Filling up the DagBag from /home/airflow/.local/lib/python3.8/site-packages/airflow/example_dags/example_branch_python_dop_operator_3.py
[2026-05-29T19:23:13.645+0000] {processor.py:840} INFO - DAG(s) 'example_branch_dop_operator_v3' retrieved from /home/airflow/.local/lib/python3.8/site-packages/airflow/example_dags/example_branch_python_dop_operator_3.py
[2026-05-29T19:23:13.664+0000] {logging_mixin.py:188} INFO - [2026-05-29T19:23:13.663+0000] {dag.py:3047} INFO - Sync 1 DAGs
[2026-05-29T19:23:13.687+0000] {logging_mixin.py:188} INFO - [2026-05-29T19:23:13.686+0000] {dag.py:3834} INFO - Setting next_dagrun for example_branch_dop_operator_v3 to 2026-05-29 19:22:00+00:00, run_after=2026-05-29 19:23:00+00:00
[2026-05-29T19:23:13.707+0000] {processor.py:183} INFO - Processing /home/airflow/.local/lib/python3.8/site-packages/airflow/example_dags/example_branch_python_dop_operator_3.py took 0.076 seconds
[2026-05-29T19:23:44.660+0000] {processor.py:161} INFO - Started process (PID=916) to work on /home/airflow/.local/lib/python3.8/site-packages/airflow/example_dags/example_branch_python_dop_operator_3.py
[2026-05-29T19:23:44.662+0000] {processor.py:830} INFO - Processing file /home/airflow/.local/lib/python3.8/site-packages/airflow/example_dags/example_branch_python_dop_operator_3.py for tasks to queue
[2026-05-29T19:23:44.665+0000] {logging_mixin.py:188} INFO - [2026-05-29T19:23:44.665+0000] {dagbag.py:540} INFO - Filling up the DagBag from /home/airflow/.local/lib/python3.8/site-packages/airflow/example_dags/example_branch_python_dop_operator_3.py
[2026-05-29T19:23:44.673+0000] {processor.py:840} INFO - DAG(s) 'example_branch_dop_operator_v3' retrieved from /home/airflow/.local/lib/python3.8/site-packages/airflow/example_dags/example_branch_python_dop_operator_3.py
[2026-05-29T19:23:44.694+0000] {logging_mixin.py:188} INFO - [2026-05-29T19:23:44.694+0000] {dag.py:3047} INFO - Sync 1 DAGs
[2026-05-29T19:23:44.716+0000] {logging_mixin.py:188} INFO - [2026-05-29T19:23:44.716+0000] {dag.py:3834} INFO - Setting next_dagrun for example_branch_dop_operator_v3 to 2026-05-29 19:22:00+00:00, run_after=2026-05-29 19:23:00+00:00
[2026-05-29T19:23:44.737+0000] {processor.py:183} INFO - Processing /home/airflow/.local/lib/python3.8/site-packages/airflow/example_dags/example_branch_python_dop_operator_3.py took 0.080 seconds
[2026-05-29T19:24:15.003+0000] {processor.py:161} INFO - Started process (PID=971) to work on /home/airflow/.local/lib/python3.8/site-packages/airflow/example_dags/example_branch_python_dop_operator_3.py
[2026-05-29T19:24:15.004+0000] {processor.py:830} INFO - Processing file /home/airflow/.local/lib/python3.8/site-packages/airflow/example_dags/example_branch_python_dop_operator_3.py for tasks to queue
[2026-05-29T19:24:15.006+0000] {logging_mixin.py:188} INFO - [2026-05-29T19:24:15.006+0000] {dagbag.py:540} INFO - Filling up the DagBag from /home/airflow/.local/lib/python3.8/site-packages/airflow/example_dags/example_branch_python_dop_operator_3.py
[2026-05-29T19:24:15.014+0000] {processor.py:840} INFO - DAG(s) 'example_branch_dop_operator_v3' retrieved from /home/airflow/.local/lib/python3.8/site-packages/airflow/example_dags/example_branch_python_dop_operator_3.py
[2026-05-29T19:24:15.034+0000] {logging_mixin.py:188} INFO - [2026-05-29T19:24:15.033+0000] {dag.py:3047} INFO - Sync 1 DAGs
[2026-05-29T19:24:15.056+0000] {logging_mixin.py:188} INFO - [2026-05-29T19:24:15.056+0000] {dag.py:3834} INFO - Setting next_dagrun for example_branch_dop_operator_v3 to 2026-05-29 19:23:00+00:00, run_after=2026-05-29 19:24:00+00:00
[2026-05-29T19:24:15.080+0000] {processor.py:183} INFO - Processing /home/airflow/.local/lib/python3.8/site-packages/airflow/example_dags/example_branch_python_dop_operator_3.py took 0.080 seconds
[2026-05-29T19:24:45.224+0000] {processor.py:161} INFO - Started process (PID=1026) to work on /home/airflow/.local/lib/python3.8/site-packages/airflow/example_dags/example_branch_python_dop_operator_3.py
[2026-05-29T19:24:45.225+0000] {processor.py:830} INFO - Processing file /home/airflow/.local/lib/python3.8/site-packages/airflow/example_dags/example_branch_python_dop_operator_3.py for tasks to queue
[2026-05-29T19:24:45.228+0000] {logging_mixin.py:188} INFO - [2026-05-29T19:24:45.228+0000] {dagbag.py:540} INFO - Filling up the DagBag from /home/airflow/.local/lib/python3.8/site-packages/airflow/example_dags/example_branch_python_dop_operator_3.py
[2026-05-29T19:24:45.239+0000] {processor.py:840} INFO - DAG(s) 'example_branch_dop_operator_v3' retrieved from /home/airflow/.local/lib/python3.8/site-packages/airflow/example_dags/example_branch_python_dop_operator_3.py
[2026-05-29T19:24:45.258+0000] {logging_mixin.py:188} INFO - [2026-05-29T19:24:45.258+0000] {dag.py:3047} INFO - Sync 1 DAGs
[2026-05-29T19:24:45.278+0000] {logging_mixin.py:188} INFO - [2026-05-29T19:24:45.278+0000] {dag.py:3834} INFO - Setting next_dagrun for example_branch_dop_operator_v3 to 2026-05-29 19:23:00+00:00, run_after=2026-05-29 19:24:00+00:00
[2026-05-29T19:24:45.299+0000] {processor.py:183} INFO - Processing /home/airflow/.local/lib/python3.8/site-packages/airflow/example_dags/example_branch_python_dop_operator_3.py took 0.078 seconds
[2026-05-29T19:25:15.547+0000] {processor.py:161} INFO - Started process (PID=1081) to work on /home/airflow/.local/lib/python3.8/site-packages/airflow/example_dags/example_branch_python_dop_operator_3.py
[2026-05-29T19:25:15.548+0000] {processor.py:830} INFO - Processing file /home/airflow/.local/lib/python3.8/site-packages/airflow/example_dags/example_branch_python_dop_operator_3.py for tasks to queue
[2026-05-29T19:25:15.550+0000] {logging_mixin.py:188} INFO - [2026-05-29T19:25:15.550+0000] {dagbag.py:540} INFO - Filling up the DagBag from /home/airflow/.local/lib/python3.8/site-packages/airflow/example_dags/example_branch_python_dop_operator_3.py
[2026-05-29T19:25:15.564+0000] {processor.py:840} INFO - DAG(s) 'example_branch_dop_operator_v3' retrieved from /home/airflow/.local/lib/python3.8/site-packages/airflow/example_dags/example_branch_python_dop_operator_3.py
[2026-05-29T19:25:15.593+0000] {logging_mixin.py:188} INFO - [2026-05-29T19:25:15.592+0000] {dag.py:3047} INFO - Sync 1 DAGs
[2026-05-29T19:25:15.615+0000] {logging_mixin.py:188} INFO - [2026-05-29T19:25:15.615+0000] {dag.py:3834} INFO - Setting next_dagrun for example_branch_dop_operator_v3 to 2026-05-29 19:24:00+00:00, run_after=2026-05-29 19:25:00+00:00
[2026-05-29T19:25:15.636+0000] {processor.py:183} INFO - Processing /home/airflow/.local/lib/python3.8/site-packages/airflow/example_dags/example_branch_python_dop_operator_3.py took 0.092 seconds
[2026-05-29T19:25:46.429+0000] {processor.py:161} INFO - Started process (PID=1136) to work on /home/airflow/.local/lib/python3.8/site-packages/airflow/example_dags/example_branch_python_dop_operator_3.py
[2026-05-29T19:25:46.431+0000] {processor.py:830} INFO - Processing file /home/airflow/.local/lib/python3.8/site-packages/airflow/example_dags/example_branch_python_dop_operator_3.py for tasks to queue
[2026-05-29T19:25:46.434+0000] {logging_mixin.py:188} INFO - [2026-05-29T19:25:46.433+0000] {dagbag.py:540} INFO - Filling up the DagBag from /home/airflow/.local/lib/python3.8/site-packages/airflow/example_dags/example_branch_python_dop_operator_3.py
[2026-05-29T19:25:46.443+0000] {processor.py:840} INFO - DAG(s) 'example_branch_dop_operator_v3' retrieved from /home/airflow/.local/lib/python3.8/site-packages/airflow/example_dags/example_branch_python_dop_operator_3.py
[2026-05-29T19:25:46.462+0000] {logging_mixin.py:188} INFO - [2026-05-29T19:25:46.462+0000] {dag.py:3047} INFO - Sync 1 DAGs
[2026-05-29T19:25:46.485+0000] {logging_mixin.py:188} INFO - [2026-05-29T19:25:46.485+0000] {dag.py:3834} INFO - Setting next_dagrun for example_branch_dop_operator_v3 to 2026-05-29 19:24:00+00:00, run_after=2026-05-29 19:25:00+00:00
[2026-05-29T19:25:46.504+0000] {processor.py:183} INFO - Processing /home/airflow/.local/lib/python3.8/site-packages/airflow/example_dags/example_branch_python_dop_operator_3.py took 0.078 seconds
[2026-05-29T19:26:16.625+0000] {processor.py:161} INFO - Started process (PID=1191) to work on /home/airflow/.local/lib/python3.8/site-packages/airflow/example_dags/example_branch_python_dop_operator_3.py
[2026-05-29T19:26:16.627+0000] {processor.py:830} INFO - Processing file /home/airflow/.local/lib/python3.8/site-packages/airflow/example_dags/example_branch_python_dop_operator_3.py for tasks to queue
[2026-05-29T19:26:16.628+0000] {logging_mixin.py:188} INFO - [2026-05-29T19:26:16.628+0000] {dagbag.py:540} INFO - Filling up the DagBag from /home/airflow/.local/lib/python3.8/site-packages/airflow/example_dags/example_branch_python_dop_operator_3.py
[2026-05-29T19:26:16.637+0000] {processor.py:840} INFO - DAG(s) 'example_branch_dop_operator_v3' retrieved from /home/airflow/.local/lib/python3.8/site-packages/airflow/example_dags/example_branch_python_dop_operator_3.py
[2026-05-29T19:26:16.653+0000] {logging_mixin.py:188} INFO - [2026-05-29T19:26:16.653+0000] {dag.py:3047} INFO - Sync 1 DAGs
[2026-05-29T19:26:16.672+0000] {logging_mixin.py:188} INFO - [2026-05-29T19:26:16.672+0000] {dag.py:3834} INFO - Setting next_dagrun for example_branch_dop_operator_v3 to 2026-05-29 19:25:00+00:00, run_after=2026-05-29 19:26:00+00:00
[2026-05-29T19:26:16.692+0000] {processor.py:183} INFO - Processing /home/airflow/.local/lib/python3.8/site-packages/airflow/example_dags/example_branch_python_dop_operator_3.py took 0.069 seconds
[2026-05-29T19:26:46.885+0000] {processor.py:161} INFO - Started process (PID=1246) to work on /home/airflow/.local/lib/python3.8/site-packages/airflow/example_dags/example_branch_python_dop_operator_3.py
[2026-05-29T19:26:46.886+0000] {processor.py:830} INFO - Processing file /home/airflow/.local/lib/python3.8/site-packages/airflow/example_dags/example_branch_python_dop_operator_3.py for tasks to queue
[2026-05-29T19:26:46.888+0000] {logging_mixin.py:188} INFO - [2026-05-29T19:26:46.888+0000] {dagbag.py:540} INFO - Filling up the DagBag from /home/airflow/.local/lib/python3.8/site-packages/airflow/example_dags/example_branch_python_dop_operator_3.py
[2026-05-29T19:26:46.897+0000] {processor.py:840} INFO - DAG(s) 'example_branch_dop_operator_v3' retrieved from /home/airflow/.local/lib/python3.8/site-packages/airflow/example_dags/example_branch_python_dop_operator_3.py
[2026-05-29T19:26:46.919+0000] {logging_mixin.py:188} INFO - [2026-05-29T19:26:46.919+0000] {dag.py:3047} INFO - Sync 1 DAGs
[2026-05-29T19:26:46.944+0000] {logging_mixin.py:188} INFO - [2026-05-29T19:26:46.944+0000] {dag.py:3834} INFO - Setting next_dagrun for example_branch_dop_operator_v3 to 2026-05-29 19:25:00+00:00, run_after=2026-05-29 19:26:00+00:00
[2026-05-29T19:26:46.965+0000] {processor.py:183} INFO - Processing /home/airflow/.local/lib/python3.8/site-packages/airflow/example_dags/example_branch_python_dop_operator_3.py took 0.083 seconds
[2026-05-29T19:27:17.145+0000] {processor.py:161} INFO - Started process (PID=1301) to work on /home/airflow/.local/lib/python3.8/site-packages/airflow/example_dags/example_branch_python_dop_operator_3.py
[2026-05-29T19:27:17.147+0000] {processor.py:830} INFO - Processing file /home/airflow/.local/lib/python3.8/site-packages/airflow/example_dags/example_branch_python_dop_operator_3.py for tasks to queue
[2026-05-29T19:27:17.149+0000] {logging_mixin.py:188} INFO - [2026-05-29T19:27:17.149+0000] {dagbag.py:540} INFO - Filling up the DagBag from /home/airflow/.local/lib/python3.8/site-packages/airflow/example_dags/example_branch_python_dop_operator_3.py
[2026-05-29T19:27:17.157+0000] {processor.py:840} INFO - DAG(s) 'example_branch_dop_operator_v3' retrieved from /home/airflow/.local/lib/python3.8/site-packages/airflow/example_dags/example_branch_python_dop_operator_3.py
[2026-05-29T19:27:17.175+0000] {logging_mixin.py:188} INFO - [2026-05-29T19:27:17.174+0000] {dag.py:3047} INFO - Sync 1 DAGs
[2026-05-29T19:27:17.196+0000] {logging_mixin.py:188} INFO - [2026-05-29T19:27:17.196+0000] {dag.py:3834} INFO - Setting next_dagrun for example_branch_dop_operator_v3 to 2026-05-29 19:26:00+00:00, run_after=2026-05-29 19:27:00+00:00
[2026-05-29T19:27:17.218+0000] {processor.py:183} INFO - Processing /home/airflow/.local/lib/python3.8/site-packages/airflow/example_dags/example_branch_python_dop_operator_3.py took 0.076 seconds
[2026-05-29T19:27:47.770+0000] {processor.py:161} INFO - Started process (PID=1356) to work on /home/airflow/.local/lib/python3.8/site-packages/airflow/example_dags/example_branch_python_dop_operator_3.py
[2026-05-29T19:27:47.771+0000] {processor.py:830} INFO - Processing file /home/airflow/.local/lib/python3.8/site-packages/airflow/example_dags/example_branch_python_dop_operator_3.py for tasks to queue
[2026-05-29T19:27:47.774+0000] {logging_mixin.py:188} INFO - [2026-05-29T19:27:47.774+0000] {dagbag.py:540} INFO - Filling up the DagBag from /home/airflow/.local/lib/python3.8/site-packages/airflow/example_dags/example_branch_python_dop_operator_3.py
[2026-05-29T19:27:47.783+0000] {processor.py:840} INFO - DAG(s) 'example_branch_dop_operator_v3' retrieved from /home/airflow/.local/lib/python3.8/site-packages/airflow/example_dags/example_branch_python_dop_operator_3.py
[2026-05-29T19:27:47.806+0000] {logging_mixin.py:188} INFO - [2026-05-29T19:27:47.806+0000] {dag.py:3047} INFO - Sync 1 DAGs
[2026-05-29T19:27:47.843+0000] {logging_mixin.py:188} INFO - [2026-05-29T19:27:47.842+0000] {dag.py:3834} INFO - Setting next_dagrun for example_branch_dop_operator_v3 to 2026-05-29 19:26:00+00:00, run_after=2026-05-29 19:27:00+00:00
[2026-05-29T19:27:47.874+0000] {processor.py:183} INFO - Processing /home/airflow/.local/lib/python3.8/site-packages/airflow/example_dags/example_branch_python_dop_operator_3.py took 0.107 seconds
[2026-05-29T19:28:18.310+0000] {processor.py:161} INFO - Started process (PID=1411) to work on /home/airflow/.local/lib/python3.8/site-packages/airflow/example_dags/example_branch_python_dop_operator_3.py
[2026-05-29T19:28:18.312+0000] {processor.py:830} INFO - Processing file /home/airflow/.local/lib/python3.8/site-packages/airflow/example_dags/example_branch_python_dop_operator_3.py for tasks to queue
[2026-05-29T19:28:18.314+0000] {logging_mixin.py:188} INFO - [2026-05-29T19:28:18.314+0000] {dagbag.py:540} INFO - Filling up the DagBag from /home/airflow/.local/lib/python3.8/site-packages/airflow/example_dags/example_branch_python_dop_operator_3.py
[2026-05-29T19:28:18.321+0000] {processor.py:840} INFO - DAG(s) 'example_branch_dop_operator_v3' retrieved from /home/airflow/.local/lib/python3.8/site-packages/airflow/example_dags/example_branch_python_dop_operator_3.py
[2026-05-29T19:28:18.341+0000] {logging_mixin.py:188} INFO - [2026-05-29T19:28:18.341+0000] {dag.py:3047} INFO - Sync 1 DAGs
[2026-05-29T19:28:18.364+0000] {logging_mixin.py:188} INFO - [2026-05-29T19:28:18.364+0000] {dag.py:3834} INFO - Setting next_dagrun for example_branch_dop_operator_v3 to 2026-05-29 19:27:00+00:00, run_after=2026-05-29 19:28:00+00:00
[2026-05-29T19:28:18.385+0000] {processor.py:183} INFO - Processing /home/airflow/.local/lib/python3.8/site-packages/airflow/example_dags/example_branch_python_dop_operator_3.py took 0.078 seconds
[2026-05-29T19:28:48.507+0000] {processor.py:161} INFO - Started process (PID=1465) to work on /home/airflow/.local/lib/python3.8/site-packages/airflow/example_dags/example_branch_python_dop_operator_3.py
[2026-05-29T19:28:48.509+0000] {processor.py:830} INFO - Processing file /home/airflow/.local/lib/python3.8/site-packages/airflow/example_dags/example_branch_python_dop_operator_3.py for tasks to queue
[2026-05-29T19:28:48.513+0000] {logging_mixin.py:188} INFO - [2026-05-29T19:28:48.512+0000] {dagbag.py:540} INFO - Filling up the DagBag from /home/airflow/.local/lib/python3.8/site-packages/airflow/example_dags/example_branch_python_dop_operator_3.py
[2026-05-29T19:28:48.521+0000] {processor.py:840} INFO - DAG(s) 'example_branch_dop_operator_v3' retrieved from /home/airflow/.local/lib/python3.8/site-packages/airflow/example_dags/example_branch_python_dop_operator_3.py
[2026-05-29T19:28:48.546+0000] {logging_mixin.py:188} INFO - [2026-05-29T19:28:48.546+0000] {dag.py:3047} INFO - Sync 1 DAGs
[2026-05-29T19:28:48.572+0000] {logging_mixin.py:188} INFO - [2026-05-29T19:28:48.572+0000] {dag.py:3834} INFO - Setting next_dagrun for example_branch_dop_operator_v3 to 2026-05-29 19:27:00+00:00, run_after=2026-05-29 19:28:00+00:00
[2026-05-29T19:28:48.595+0000] {processor.py:183} INFO - Processing /home/airflow/.local/lib/python3.8/site-packages/airflow/example_dags/example_branch_python_dop_operator_3.py took 0.091 seconds
[2026-05-29T19:29:18.709+0000] {processor.py:161} INFO - Started process (PID=1520) to work on /home/airflow/.local/lib/python3.8/site-packages/airflow/example_dags/example_branch_python_dop_operator_3.py
[2026-05-29T19:29:18.710+0000] {processor.py:830} INFO - Processing file /home/airflow/.local/lib/python3.8/site-packages/airflow/example_dags/example_branch_python_dop_operator_3.py for tasks to queue
[2026-05-29T19:29:18.712+0000] {logging_mixin.py:188} INFO - [2026-05-29T19:29:18.712+0000] {dagbag.py:540} INFO - Filling up the DagBag from /home/airflow/.local/lib/python3.8/site-packages/airflow/example_dags/example_branch_python_dop_operator_3.py
[2026-05-29T19:29:18.720+0000] {processor.py:840} INFO - DAG(s) 'example_branch_dop_operator_v3' retrieved from /home/airflow/.local/lib/python3.8/site-packages/airflow/example_dags/example_branch_python_dop_operator_3.py
[2026-05-29T19:29:18.736+0000] {logging_mixin.py:188} INFO - [2026-05-29T19:29:18.736+0000] {dag.py:3047} INFO - Sync 1 DAGs
[2026-05-29T19:29:18.756+0000] {logging_mixin.py:188} INFO - [2026-05-29T19:29:18.756+0000] {dag.py:3834} INFO - Setting next_dagrun for example_branch_dop_operator_v3 to 2026-05-29 19:28:00+00:00, run_after=2026-05-29 19:29:00+00:00
[2026-05-29T19:29:18.775+0000] {processor.py:183} INFO - Processing /home/airflow/.local/lib/python3.8/site-packages/airflow/example_dags/example_branch_python_dop_operator_3.py took 0.068 seconds
[2026-05-29T19:29:49.413+0000] {processor.py:161} INFO - Started process (PID=1575) to work on /home/airflow/.local/lib/python3.8/site-packages/airflow/example_dags/example_branch_python_dop_operator_3.py
[2026-05-29T19:29:49.415+0000] {processor.py:830} INFO - Processing file /home/airflow/.local/lib/python3.8/site-packages/airflow/example_dags/example_branch_python_dop_operator_3.py for tasks to queue
[2026-05-29T19:29:49.418+0000] {logging_mixin.py:188} INFO - [2026-05-29T19:29:49.417+0000] {dagbag.py:540} INFO - Filling up the DagBag from /home/airflow/.local/lib/python3.8/site-packages/airflow/example_dags/example_branch_python_dop_operator_3.py
[2026-05-29T19:29:49.428+0000] {processor.py:840} INFO - DAG(s) 'example_branch_dop_operator_v3' retrieved from /home/airflow/.local/lib/python3.8/site-packages/airflow/example_dags/example_branch_python_dop_operator_3.py
[2026-05-29T19:29:49.455+0000] {logging_mixin.py:188} INFO - [2026-05-29T19:29:49.455+0000] {dag.py:3047} INFO - Sync 1 DAGs
[2026-05-29T19:29:49.481+0000] {logging_mixin.py:188} INFO - [2026-05-29T19:29:49.481+0000] {dag.py:3834} INFO - Setting next_dagrun for example_branch_dop_operator_v3 to 2026-05-29 19:28:00+00:00, run_after=2026-05-29 19:29:00+00:00
[2026-05-29T19:29:49.504+0000] {processor.py:183} INFO - Processing /home/airflow/.local/lib/python3.8/site-packages/airflow/example_dags/example_branch_python_dop_operator_3.py took 0.094 seconds
[2026-05-29T19:30:19.582+0000] {processor.py:161} INFO - Started process (PID=1630) to work on /home/airflow/.local/lib/python3.8/site-packages/airflow/example_dags/example_branch_python_dop_operator_3.py
[2026-05-29T19:30:19.583+0000] {processor.py:830} INFO - Processing file /home/airflow/.local/lib/python3.8/site-packages/airflow/example_dags/example_branch_python_dop_operator_3.py for tasks to queue
[2026-05-29T19:30:19.586+0000] {logging_mixin.py:188} INFO - [2026-05-29T19:30:19.585+0000] {dagbag.py:540} INFO - Filling up the DagBag from /home/airflow/.local/lib/python3.8/site-packages/airflow/example_dags/example_branch_python_dop_operator_3.py
[2026-05-29T19:30:19.593+0000] {processor.py:840} INFO - DAG(s) 'example_branch_dop_operator_v3' retrieved from /home/airflow/.local/lib/python3.8/site-packages/airflow/example_dags/example_branch_python_dop_operator_3.py
[2026-05-29T19:30:19.609+0000] {logging_mixin.py:188} INFO - [2026-05-29T19:30:19.609+0000] {dag.py:3047} INFO - Sync 1 DAGs
[2026-05-29T19:30:19.628+0000] {logging_mixin.py:188} INFO - [2026-05-29T19:30:19.628+0000] {dag.py:3834} INFO - Setting next_dagrun for example_branch_dop_operator_v3 to 2026-05-29 19:29:00+00:00, run_after=2026-05-29 19:30:00+00:00
[2026-05-29T19:30:19.649+0000] {processor.py:183} INFO - Processing /home/airflow/.local/lib/python3.8/site-packages/airflow/example_dags/example_branch_python_dop_operator_3.py took 0.070 seconds
[2026-05-29T19:30:49.798+0000] {processor.py:161} INFO - Started process (PID=1685) to work on /home/airflow/.local/lib/python3.8/site-packages/airflow/example_dags/example_branch_python_dop_operator_3.py
[2026-05-29T19:30:49.800+0000] {processor.py:830} INFO - Processing file /home/airflow/.local/lib/python3.8/site-packages/airflow/example_dags/example_branch_python_dop_operator_3.py for tasks to queue
[2026-05-29T19:30:49.804+0000] {logging_mixin.py:188} INFO - [2026-05-29T19:30:49.804+0000] {dagbag.py:540} INFO - Filling up the DagBag from /home/airflow/.local/lib/python3.8/site-packages/airflow/example_dags/example_branch_python_dop_operator_3.py
[2026-05-29T19:30:49.812+0000] {processor.py:840} INFO - DAG(s) 'example_branch_dop_operator_v3' retrieved from /home/airflow/.local/lib/python3.8/site-packages/airflow/example_dags/example_branch_python_dop_operator_3.py
[2026-05-29T19:30:49.832+0000] {logging_mixin.py:188} INFO - [2026-05-29T19:30:49.832+0000] {dag.py:3047} INFO - Sync 1 DAGs
[2026-05-29T19:30:49.854+0000] {logging_mixin.py:188} INFO - [2026-05-29T19:30:49.854+0000] {dag.py:3834} INFO - Setting next_dagrun for example_branch_dop_operator_v3 to 2026-05-29 19:29:00+00:00, run_after=2026-05-29 19:30:00+00:00
[2026-05-29T19:30:49.872+0000] {processor.py:183} INFO - Processing /home/airflow/.local/lib/python3.8/site-packages/airflow/example_dags/example_branch_python_dop_operator_3.py took 0.076 seconds
[2026-05-29T19:31:20.808+0000] {processor.py:161} INFO - Started process (PID=1740) to work on /home/airflow/.local/lib/python3.8/site-packages/airflow/example_dags/example_branch_python_dop_operator_3.py
[2026-05-29T19:31:20.809+0000] {processor.py:830} INFO - Processing file /home/airflow/.local/lib/python3.8/site-packages/airflow/example_dags/example_branch_python_dop_operator_3.py for tasks to queue
[2026-05-29T19:31:20.811+0000] {logging_mixin.py:188} INFO - [2026-05-29T19:31:20.810+0000] {dagbag.py:540} INFO - Filling up the DagBag from /home/airflow/.local/lib/python3.8/site-packages/airflow/example_dags/example_branch_python_dop_operator_3.py
[2026-05-29T19:31:20.818+0000] {processor.py:840} INFO - DAG(s) 'example_branch_dop_operator_v3' retrieved from /home/airflow/.local/lib/python3.8/site-packages/airflow/example_dags/example_branch_python_dop_operator_3.py
[2026-05-29T19:31:20.835+0000] {logging_mixin.py:188} INFO - [2026-05-29T19:31:20.834+0000] {dag.py:3047} INFO - Sync 1 DAGs
[2026-05-29T19:31:20.853+0000] {logging_mixin.py:188} INFO - [2026-05-29T19:31:20.853+0000] {dag.py:3834} INFO - Setting next_dagrun for example_branch_dop_operator_v3 to 2026-05-29 19:30:00+00:00, run_after=2026-05-29 19:31:00+00:00
[2026-05-29T19:31:20.875+0000] {processor.py:183} INFO - Processing /home/airflow/.local/lib/python3.8/site-packages/airflow/example_dags/example_branch_python_dop_operator_3.py took 0.070 seconds
[2026-05-29T19:31:51.484+0000] {processor.py:161} INFO - Started process (PID=1795) to work on /home/airflow/.local/lib/python3.8/site-packages/airflow/example_dags/example_branch_python_dop_operator_3.py
[2026-05-29T19:31:51.486+0000] {processor.py:830} INFO - Processing file /home/airflow/.local/lib/python3.8/site-packages/airflow/example_dags/example_branch_python_dop_operator_3.py for tasks to queue
[2026-05-29T19:31:51.489+0000] {logging_mixin.py:188} INFO - [2026-05-29T19:31:51.488+0000] {dagbag.py:540} INFO - Filling up the DagBag from /home/airflow/.local/lib/python3.8/site-packages/airflow/example_dags/example_branch_python_dop_operator_3.py
[2026-05-29T19:31:51.503+0000] {processor.py:840} INFO - DAG(s) 'example_branch_dop_operator_v3' retrieved from /home/airflow/.local/lib/python3.8/site-packages/airflow/example_dags/example_branch_python_dop_operator_3.py
[2026-05-29T19:31:51.521+0000] {logging_mixin.py:188} INFO - [2026-05-29T19:31:51.521+0000] {dag.py:3047} INFO - Sync 1 DAGs
[2026-05-29T19:31:51.543+0000] {logging_mixin.py:188} INFO - [2026-05-29T19:31:51.543+0000] {dag.py:3834} INFO - Setting next_dagrun for example_branch_dop_operator_v3 to 2026-05-29 19:30:00+00:00, run_after=2026-05-29 19:31:00+00:00
[2026-05-29T19:31:51.567+0000] {processor.py:183} INFO - Processing /home/airflow/.local/lib/python3.8/site-packages/airflow/example_dags/example_branch_python_dop_operator_3.py took 0.086 seconds
[2026-05-29T19:32:21.623+0000] {processor.py:161} INFO - Started process (PID=1850) to work on /home/airflow/.local/lib/python3.8/site-packages/airflow/example_dags/example_branch_python_dop_operator_3.py
[2026-05-29T19:32:21.624+0000] {processor.py:830} INFO - Processing file /home/airflow/.local/lib/python3.8/site-packages/airflow/example_dags/example_branch_python_dop_operator_3.py for tasks to queue
[2026-05-29T19:32:21.626+0000] {logging_mixin.py:188} INFO - [2026-05-29T19:32:21.626+0000] {dagbag.py:540} INFO - Filling up the DagBag from /home/airflow/.local/lib/python3.8/site-packages/airflow/example_dags/example_branch_python_dop_operator_3.py
[2026-05-29T19:32:21.633+0000] {processor.py:840} INFO - DAG(s) 'example_branch_dop_operator_v3' retrieved from /home/airflow/.local/lib/python3.8/site-packages/airflow/example_dags/example_branch_python_dop_operator_3.py
[2026-05-29T19:32:21.651+0000] {logging_mixin.py:188} INFO - [2026-05-29T19:32:21.650+0000] {dag.py:3047} INFO - Sync 1 DAGs
[2026-05-29T19:32:21.672+0000] {logging_mixin.py:188} INFO - [2026-05-29T19:32:21.672+0000] {dag.py:3834} INFO - Setting next_dagrun for example_branch_dop_operator_v3 to 2026-05-29 19:31:00+00:00, run_after=2026-05-29 19:32:00+00:00
[2026-05-29T19:32:21.690+0000] {processor.py:183} INFO - Processing /home/airflow/.local/lib/python3.8/site-packages/airflow/example_dags/example_branch_python_dop_operator_3.py took 0.070 seconds
[2026-05-29T19:32:51.948+0000] {processor.py:161} INFO - Started process (PID=1906) to work on /home/airflow/.local/lib/python3.8/site-packages/airflow/example_dags/example_branch_python_dop_operator_3.py
[2026-05-29T19:32:51.950+0000] {processor.py:830} INFO - Processing file /home/airflow/.local/lib/python3.8/site-packages/airflow/example_dags/example_branch_python_dop_operator_3.py for tasks to queue
[2026-05-29T19:32:51.952+0000] {logging_mixin.py:188} INFO - [2026-05-29T19:32:51.952+0000] {dagbag.py:540} INFO - Filling up the DagBag from /home/airflow/.local/lib/python3.8/site-packages/airflow/example_dags/example_branch_python_dop_operator_3.py
[2026-05-29T19:32:51.960+0000] {processor.py:840} INFO - DAG(s) 'example_branch_dop_operator_v3' retrieved from /home/airflow/.local/lib/python3.8/site-packages/airflow/example_dags/example_branch_python_dop_operator_3.py
[2026-05-29T19:32:51.978+0000] {logging_mixin.py:188} INFO - [2026-05-29T19:32:51.977+0000] {dag.py:3047} INFO - Sync 1 DAGs
[2026-05-29T19:32:52.000+0000] {logging_mixin.py:188} INFO - [2026-05-29T19:32:52.000+0000] {dag.py:3834} INFO - Setting next_dagrun for example_branch_dop_operator_v3 to 2026-05-29 19:31:00+00:00, run_after=2026-05-29 19:32:00+00:00
[2026-05-29T19:32:52.022+0000] {processor.py:183} INFO - Processing /home/airflow/.local/lib/python3.8/site-packages/airflow/example_dags/example_branch_python_dop_operator_3.py took 0.077 seconds
[2026-05-29T19:33:22.661+0000] {processor.py:161} INFO - Started process (PID=1961) to work on /home/airflow/.local/lib/python3.8/site-packages/airflow/example_dags/example_branch_python_dop_operator_3.py
[2026-05-29T19:33:22.662+0000] {processor.py:830} INFO - Processing file /home/airflow/.local/lib/python3.8/site-packages/airflow/example_dags/example_branch_python_dop_operator_3.py for tasks to queue
[2026-05-29T19:33:22.664+0000] {logging_mixin.py:188} INFO - [2026-05-29T19:33:22.664+0000] {dagbag.py:540} INFO - Filling up the DagBag from /home/airflow/.local/lib/python3.8/site-packages/airflow/example_dags/example_branch_python_dop_operator_3.py
[2026-05-29T19:33:22.671+0000] {processor.py:840} INFO - DAG(s) 'example_branch_dop_operator_v3' retrieved from /home/airflow/.local/lib/python3.8/site-packages/airflow/example_dags/example_branch_python_dop_operator_3.py
[2026-05-29T19:33:22.691+0000] {logging_mixin.py:188} INFO - [2026-05-29T19:33:22.690+0000] {dag.py:3047} INFO - Sync 1 DAGs
[2026-05-29T19:33:22.709+0000] {logging_mixin.py:188} INFO - [2026-05-29T19:33:22.709+0000] {dag.py:3834} INFO - Setting next_dagrun for example_branch_dop_operator_v3 to 2026-05-29 19:32:00+00:00, run_after=2026-05-29 19:33:00+00:00
[2026-05-29T19:33:22.728+0000] {processor.py:183} INFO - Processing /home/airflow/.local/lib/python3.8/site-packages/airflow/example_dags/example_branch_python_dop_operator_3.py took 0.070 seconds
[2026-05-29T19:33:53.034+0000] {processor.py:161} INFO - Started process (PID=2016) to work on /home/airflow/.local/lib/python3.8/site-packages/airflow/example_dags/example_branch_python_dop_operator_3.py
[2026-05-29T19:33:53.036+0000] {processor.py:830} INFO - Processing file /home/airflow/.local/lib/python3.8/site-packages/airflow/example_dags/example_branch_python_dop_operator_3.py for tasks to queue
[2026-05-29T19:33:53.038+0000] {logging_mixin.py:188} INFO - [2026-05-29T19:33:53.037+0000] {dagbag.py:540} INFO - Filling up the DagBag from /home/airflow/.local/lib/python3.8/site-packages/airflow/example_dags/example_branch_python_dop_operator_3.py
[2026-05-29T19:33:53.046+0000] {processor.py:840} INFO - DAG(s) 'example_branch_dop_operator_v3' retrieved from /home/airflow/.local/lib/python3.8/site-packages/airflow/example_dags/example_branch_python_dop_operator_3.py
[2026-05-29T19:33:53.063+0000] {logging_mixin.py:188} INFO - [2026-05-29T19:33:53.063+0000] {dag.py:3047} INFO - Sync 1 DAGs
[2026-05-29T19:33:53.082+0000] {logging_mixin.py:188} INFO - [2026-05-29T19:33:53.081+0000] {dag.py:3834} INFO - Setting next_dagrun for example_branch_dop_operator_v3 to 2026-05-29 19:32:00+00:00, run_after=2026-05-29 19:33:00+00:00
[2026-05-29T19:33:53.102+0000] {processor.py:183} INFO - Processing /home/airflow/.local/lib/python3.8/site-packages/airflow/example_dags/example_branch_python_dop_operator_3.py took 0.072 seconds
