[2026-05-29T19:16:08.106+0000] {processor.py:161} INFO - Started process (PID=98) to work on /home/airflow/.local/lib/python3.8/site-packages/airflow/example_dags/example_params_trigger_ui.py
[2026-05-29T19:16:08.108+0000] {processor.py:830} INFO - Processing file /home/airflow/.local/lib/python3.8/site-packages/airflow/example_dags/example_params_trigger_ui.py for tasks to queue
[2026-05-29T19:16:08.112+0000] {logging_mixin.py:188} INFO - [2026-05-29T19:16:08.111+0000] {dagbag.py:540} INFO - Filling up the DagBag from /home/airflow/.local/lib/python3.8/site-packages/airflow/example_dags/example_params_trigger_ui.py
[2026-05-29T19:16:08.134+0000] {processor.py:840} INFO - DAG(s) 'example_params_trigger_ui' retrieved from /home/airflow/.local/lib/python3.8/site-packages/airflow/example_dags/example_params_trigger_ui.py
[2026-05-29T19:16:08.191+0000] {logging_mixin.py:188} INFO - [2026-05-29T19:16:08.191+0000] {dag.py:3047} INFO - Sync 1 DAGs
[2026-05-29T19:16:08.209+0000] {logging_mixin.py:188} INFO - [2026-05-29T19:16:08.208+0000] {dag.py:3834} INFO - Setting next_dagrun for example_params_trigger_ui to None, run_after=None
[2026-05-29T19:16:08.242+0000] {processor.py:183} INFO - Processing /home/airflow/.local/lib/python3.8/site-packages/airflow/example_dags/example_params_trigger_ui.py took 0.142 seconds
[2026-05-29T19:16:38.956+0000] {processor.py:161} INFO - Started process (PID=153) to work on /home/airflow/.local/lib/python3.8/site-packages/airflow/example_dags/example_params_trigger_ui.py
[2026-05-29T19:16:38.957+0000] {processor.py:830} INFO - Processing file /home/airflow/.local/lib/python3.8/site-packages/airflow/example_dags/example_params_trigger_ui.py for tasks to queue
[2026-05-29T19:16:38.958+0000] {logging_mixin.py:188} INFO - [2026-05-29T19:16:38.958+0000] {dagbag.py:540} INFO - Filling up the DagBag from /home/airflow/.local/lib/python3.8/site-packages/airflow/example_dags/example_params_trigger_ui.py
[2026-05-29T19:16:38.970+0000] {processor.py:840} INFO - DAG(s) 'example_params_trigger_ui' retrieved from /home/airflow/.local/lib/python3.8/site-packages/airflow/example_dags/example_params_trigger_ui.py
[2026-05-29T19:16:39.012+0000] {logging_mixin.py:188} INFO - [2026-05-29T19:16:39.011+0000] {dag.py:3047} INFO - Sync 1 DAGs
[2026-05-29T19:16:39.028+0000] {logging_mixin.py:188} INFO - [2026-05-29T19:16:39.027+0000] {dag.py:3834} INFO - Setting next_dagrun for example_params_trigger_ui to None, run_after=None
[2026-05-29T19:16:39.051+0000] {processor.py:183} INFO - Processing /home/airflow/.local/lib/python3.8/site-packages/airflow/example_dags/example_params_trigger_ui.py took 0.098 seconds
[2026-05-29T19:17:09.131+0000] {processor.py:161} INFO - Started process (PID=208) to work on /home/airflow/.local/lib/python3.8/site-packages/airflow/example_dags/example_params_trigger_ui.py
[2026-05-29T19:17:09.132+0000] {processor.py:830} INFO - Processing file /home/airflow/.local/lib/python3.8/site-packages/airflow/example_dags/example_params_trigger_ui.py for tasks to queue
[2026-05-29T19:17:09.135+0000] {logging_mixin.py:188} INFO - [2026-05-29T19:17:09.134+0000] {dagbag.py:540} INFO - Filling up the DagBag from /home/airflow/.local/lib/python3.8/site-packages/airflow/example_dags/example_params_trigger_ui.py
[2026-05-29T19:17:09.146+0000] {processor.py:840} INFO - DAG(s) 'example_params_trigger_ui' retrieved from /home/airflow/.local/lib/python3.8/site-packages/airflow/example_dags/example_params_trigger_ui.py
[2026-05-29T19:17:09.186+0000] {logging_mixin.py:188} INFO - [2026-05-29T19:17:09.186+0000] {dag.py:3047} INFO - Sync 1 DAGs
[2026-05-29T19:17:09.194+0000] {logging_mixin.py:188} INFO - [2026-05-29T19:17:09.197+0000] {dag.py:3834} INFO - Setting next_dagrun for example_params_trigger_ui to None, run_after=None
[2026-05-29T19:17:09.216+0000] {processor.py:183} INFO - Processing /home/airflow/.local/lib/python3.8/site-packages/airflow/example_dags/example_params_trigger_ui.py took 0.091 seconds
[2026-05-29T19:17:39.660+0000] {processor.py:161} INFO - Started process (PID=263) to work on /home/airflow/.local/lib/python3.8/site-packages/airflow/example_dags/example_params_trigger_ui.py
[2026-05-29T19:17:39.663+0000] {processor.py:830} INFO - Processing file /home/airflow/.local/lib/python3.8/site-packages/airflow/example_dags/example_params_trigger_ui.py for tasks to queue
[2026-05-29T19:17:39.666+0000] {logging_mixin.py:188} INFO - [2026-05-29T19:17:39.665+0000] {dagbag.py:540} INFO - Filling up the DagBag from /home/airflow/.local/lib/python3.8/site-packages/airflow/example_dags/example_params_trigger_ui.py
[2026-05-29T19:17:39.683+0000] {processor.py:840} INFO - DAG(s) 'example_params_trigger_ui' retrieved from /home/airflow/.local/lib/python3.8/site-packages/airflow/example_dags/example_params_trigger_ui.py
[2026-05-29T19:17:39.740+0000] {logging_mixin.py:188} INFO - [2026-05-29T19:17:39.740+0000] {dag.py:3047} INFO - Sync 1 DAGs
[2026-05-29T19:17:39.756+0000] {logging_mixin.py:188} INFO - [2026-05-29T19:17:39.756+0000] {dag.py:3834} INFO - Setting next_dagrun for example_params_trigger_ui to None, run_after=None
[2026-05-29T19:17:39.784+0000] {processor.py:183} INFO - Processing /home/airflow/.local/lib/python3.8/site-packages/airflow/example_dags/example_params_trigger_ui.py took 0.128 seconds
[2026-05-29T19:18:10.669+0000] {processor.py:161} INFO - Started process (PID=318) to work on /home/airflow/.local/lib/python3.8/site-packages/airflow/example_dags/example_params_trigger_ui.py
[2026-05-29T19:18:10.670+0000] {processor.py:830} INFO - Processing file /home/airflow/.local/lib/python3.8/site-packages/airflow/example_dags/example_params_trigger_ui.py for tasks to queue
[2026-05-29T19:18:10.673+0000] {logging_mixin.py:188} INFO - [2026-05-29T19:18:10.672+0000] {dagbag.py:540} INFO - Filling up the DagBag from /home/airflow/.local/lib/python3.8/site-packages/airflow/example_dags/example_params_trigger_ui.py
[2026-05-29T19:18:10.684+0000] {processor.py:840} INFO - DAG(s) 'example_params_trigger_ui' retrieved from /home/airflow/.local/lib/python3.8/site-packages/airflow/example_dags/example_params_trigger_ui.py
[2026-05-29T19:18:10.720+0000] {logging_mixin.py:188} INFO - [2026-05-29T19:18:10.720+0000] {dag.py:3047} INFO - Sync 1 DAGs
[2026-05-29T19:18:10.731+0000] {logging_mixin.py:188} INFO - [2026-05-29T19:18:10.731+0000] {dag.py:3834} INFO - Setting next_dagrun for example_params_trigger_ui to None, run_after=None
[2026-05-29T19:18:10.751+0000] {processor.py:183} INFO - Processing /home/airflow/.local/lib/python3.8/site-packages/airflow/example_dags/example_params_trigger_ui.py took 0.084 seconds
[2026-05-29T19:18:41.347+0000] {processor.py:161} INFO - Started process (PID=373) to work on /home/airflow/.local/lib/python3.8/site-packages/airflow/example_dags/example_params_trigger_ui.py
[2026-05-29T19:18:41.349+0000] {processor.py:830} INFO - Processing file /home/airflow/.local/lib/python3.8/site-packages/airflow/example_dags/example_params_trigger_ui.py for tasks to queue
[2026-05-29T19:18:41.354+0000] {logging_mixin.py:188} INFO - [2026-05-29T19:18:41.353+0000] {dagbag.py:540} INFO - Filling up the DagBag from /home/airflow/.local/lib/python3.8/site-packages/airflow/example_dags/example_params_trigger_ui.py
[2026-05-29T19:18:41.371+0000] {processor.py:840} INFO - DAG(s) 'example_params_trigger_ui' retrieved from /home/airflow/.local/lib/python3.8/site-packages/airflow/example_dags/example_params_trigger_ui.py
[2026-05-29T19:18:41.416+0000] {logging_mixin.py:188} INFO - [2026-05-29T19:18:41.416+0000] {dag.py:3047} INFO - Sync 1 DAGs
[2026-05-29T19:18:41.435+0000] {logging_mixin.py:188} INFO - [2026-05-29T19:18:41.434+0000] {dag.py:3834} INFO - Setting next_dagrun for example_params_trigger_ui to None, run_after=None
[2026-05-29T19:18:41.473+0000] {processor.py:183} INFO - Processing /home/airflow/.local/lib/python3.8/site-packages/airflow/example_dags/example_params_trigger_ui.py took 0.131 seconds
[2026-05-29T19:19:11.512+0000] {processor.py:161} INFO - Started process (PID=428) to work on /home/airflow/.local/lib/python3.8/site-packages/airflow/example_dags/example_params_trigger_ui.py
[2026-05-29T19:19:11.514+0000] {processor.py:830} INFO - Processing file /home/airflow/.local/lib/python3.8/site-packages/airflow/example_dags/example_params_trigger_ui.py for tasks to queue
[2026-05-29T19:19:11.517+0000] {logging_mixin.py:188} INFO - [2026-05-29T19:19:11.516+0000] {dagbag.py:540} INFO - Filling up the DagBag from /home/airflow/.local/lib/python3.8/site-packages/airflow/example_dags/example_params_trigger_ui.py
[2026-05-29T19:19:11.529+0000] {processor.py:840} INFO - DAG(s) 'example_params_trigger_ui' retrieved from /home/airflow/.local/lib/python3.8/site-packages/airflow/example_dags/example_params_trigger_ui.py
[2026-05-29T19:19:11.565+0000] {logging_mixin.py:188} INFO - [2026-05-29T19:19:11.565+0000] {dag.py:3047} INFO - Sync 1 DAGs
[2026-05-29T19:19:11.575+0000] {logging_mixin.py:188} INFO - [2026-05-29T19:19:11.575+0000] {dag.py:3834} INFO - Setting next_dagrun for example_params_trigger_ui to None, run_after=None
[2026-05-29T19:19:11.594+0000] {processor.py:183} INFO - Processing /home/airflow/.local/lib/python3.8/site-packages/airflow/example_dags/example_params_trigger_ui.py took 0.085 seconds
[2026-05-29T19:19:42.005+0000] {processor.py:161} INFO - Started process (PID=483) to work on /home/airflow/.local/lib/python3.8/site-packages/airflow/example_dags/example_params_trigger_ui.py
[2026-05-29T19:19:42.007+0000] {processor.py:830} INFO - Processing file /home/airflow/.local/lib/python3.8/site-packages/airflow/example_dags/example_params_trigger_ui.py for tasks to queue
[2026-05-29T19:19:42.009+0000] {logging_mixin.py:188} INFO - [2026-05-29T19:19:42.009+0000] {dagbag.py:540} INFO - Filling up the DagBag from /home/airflow/.local/lib/python3.8/site-packages/airflow/example_dags/example_params_trigger_ui.py
[2026-05-29T19:19:42.033+0000] {processor.py:840} INFO - DAG(s) 'example_params_trigger_ui' retrieved from /home/airflow/.local/lib/python3.8/site-packages/airflow/example_dags/example_params_trigger_ui.py
[2026-05-29T19:19:42.078+0000] {logging_mixin.py:188} INFO - [2026-05-29T19:19:42.077+0000] {dag.py:3047} INFO - Sync 1 DAGs
[2026-05-29T19:19:42.089+0000] {logging_mixin.py:188} INFO - [2026-05-29T19:19:42.089+0000] {dag.py:3834} INFO - Setting next_dagrun for example_params_trigger_ui to None, run_after=None
[2026-05-29T19:19:42.109+0000] {processor.py:183} INFO - Processing /home/airflow/.local/lib/python3.8/site-packages/airflow/example_dags/example_params_trigger_ui.py took 0.107 seconds
[2026-05-29T19:20:12.386+0000] {processor.py:161} INFO - Started process (PID=538) to work on /home/airflow/.local/lib/python3.8/site-packages/airflow/example_dags/example_params_trigger_ui.py
[2026-05-29T19:20:12.387+0000] {processor.py:830} INFO - Processing file /home/airflow/.local/lib/python3.8/site-packages/airflow/example_dags/example_params_trigger_ui.py for tasks to queue
[2026-05-29T19:20:12.390+0000] {logging_mixin.py:188} INFO - [2026-05-29T19:20:12.389+0000] {dagbag.py:540} INFO - Filling up the DagBag from /home/airflow/.local/lib/python3.8/site-packages/airflow/example_dags/example_params_trigger_ui.py
[2026-05-29T19:20:12.400+0000] {processor.py:840} INFO - DAG(s) 'example_params_trigger_ui' retrieved from /home/airflow/.local/lib/python3.8/site-packages/airflow/example_dags/example_params_trigger_ui.py
[2026-05-29T19:20:12.434+0000] {logging_mixin.py:188} INFO - [2026-05-29T19:20:12.434+0000] {dag.py:3047} INFO - Sync 1 DAGs
[2026-05-29T19:20:12.445+0000] {logging_mixin.py:188} INFO - [2026-05-29T19:20:12.445+0000] {dag.py:3834} INFO - Setting next_dagrun for example_params_trigger_ui to None, run_after=None
[2026-05-29T19:20:12.467+0000] {processor.py:183} INFO - Processing /home/airflow/.local/lib/python3.8/site-packages/airflow/example_dags/example_params_trigger_ui.py took 0.084 seconds
[2026-05-29T19:20:42.514+0000] {processor.py:161} INFO - Started process (PID=593) to work on /home/airflow/.local/lib/python3.8/site-packages/airflow/example_dags/example_params_trigger_ui.py
[2026-05-29T19:20:42.515+0000] {processor.py:830} INFO - Processing file /home/airflow/.local/lib/python3.8/site-packages/airflow/example_dags/example_params_trigger_ui.py for tasks to queue
[2026-05-29T19:20:42.517+0000] {logging_mixin.py:188} INFO - [2026-05-29T19:20:42.517+0000] {dagbag.py:540} INFO - Filling up the DagBag from /home/airflow/.local/lib/python3.8/site-packages/airflow/example_dags/example_params_trigger_ui.py
[2026-05-29T19:20:42.529+0000] {processor.py:840} INFO - DAG(s) 'example_params_trigger_ui' retrieved from /home/airflow/.local/lib/python3.8/site-packages/airflow/example_dags/example_params_trigger_ui.py
[2026-05-29T19:20:42.564+0000] {logging_mixin.py:188} INFO - [2026-05-29T19:20:42.564+0000] {dag.py:3047} INFO - Sync 1 DAGs
[2026-05-29T19:20:42.574+0000] {logging_mixin.py:188} INFO - [2026-05-29T19:20:42.574+0000] {dag.py:3834} INFO - Setting next_dagrun for example_params_trigger_ui to None, run_after=None
[2026-05-29T19:20:42.592+0000] {processor.py:183} INFO - Processing /home/airflow/.local/lib/python3.8/site-packages/airflow/example_dags/example_params_trigger_ui.py took 0.081 seconds
[2026-05-29T19:21:13.073+0000] {processor.py:161} INFO - Started process (PID=648) to work on /home/airflow/.local/lib/python3.8/site-packages/airflow/example_dags/example_params_trigger_ui.py
[2026-05-29T19:21:13.076+0000] {processor.py:830} INFO - Processing file /home/airflow/.local/lib/python3.8/site-packages/airflow/example_dags/example_params_trigger_ui.py for tasks to queue
[2026-05-29T19:21:13.079+0000] {logging_mixin.py:188} INFO - [2026-05-29T19:21:13.079+0000] {dagbag.py:540} INFO - Filling up the DagBag from /home/airflow/.local/lib/python3.8/site-packages/airflow/example_dags/example_params_trigger_ui.py
[2026-05-29T19:21:13.094+0000] {processor.py:840} INFO - DAG(s) 'example_params_trigger_ui' retrieved from /home/airflow/.local/lib/python3.8/site-packages/airflow/example_dags/example_params_trigger_ui.py
[2026-05-29T19:21:13.148+0000] {logging_mixin.py:188} INFO - [2026-05-29T19:21:13.147+0000] {dag.py:3047} INFO - Sync 1 DAGs
[2026-05-29T19:21:13.171+0000] {logging_mixin.py:188} INFO - [2026-05-29T19:21:13.171+0000] {dag.py:3834} INFO - Setting next_dagrun for example_params_trigger_ui to None, run_after=None
[2026-05-29T19:21:13.210+0000] {processor.py:183} INFO - Processing /home/airflow/.local/lib/python3.8/site-packages/airflow/example_dags/example_params_trigger_ui.py took 0.143 seconds
[2026-05-29T19:21:43.360+0000] {processor.py:161} INFO - Started process (PID=703) to work on /home/airflow/.local/lib/python3.8/site-packages/airflow/example_dags/example_params_trigger_ui.py
[2026-05-29T19:21:43.362+0000] {processor.py:830} INFO - Processing file /home/airflow/.local/lib/python3.8/site-packages/airflow/example_dags/example_params_trigger_ui.py for tasks to queue
[2026-05-29T19:21:43.366+0000] {logging_mixin.py:188} INFO - [2026-05-29T19:21:43.364+0000] {dagbag.py:540} INFO - Filling up the DagBag from /home/airflow/.local/lib/python3.8/site-packages/airflow/example_dags/example_params_trigger_ui.py
[2026-05-29T19:21:43.399+0000] {processor.py:840} INFO - DAG(s) 'example_params_trigger_ui' retrieved from /home/airflow/.local/lib/python3.8/site-packages/airflow/example_dags/example_params_trigger_ui.py
[2026-05-29T19:21:43.464+0000] {logging_mixin.py:188} INFO - [2026-05-29T19:21:43.464+0000] {dag.py:3047} INFO - Sync 1 DAGs
[2026-05-29T19:21:43.475+0000] {logging_mixin.py:188} INFO - [2026-05-29T19:21:43.475+0000] {dag.py:3834} INFO - Setting next_dagrun for example_params_trigger_ui to None, run_after=None
[2026-05-29T19:21:43.499+0000] {processor.py:183} INFO - Processing /home/airflow/.local/lib/python3.8/site-packages/airflow/example_dags/example_params_trigger_ui.py took 0.143 seconds
[2026-05-29T19:22:13.762+0000] {processor.py:161} INFO - Started process (PID=758) to work on /home/airflow/.local/lib/python3.8/site-packages/airflow/example_dags/example_params_trigger_ui.py
[2026-05-29T19:22:13.764+0000] {processor.py:830} INFO - Processing file /home/airflow/.local/lib/python3.8/site-packages/airflow/example_dags/example_params_trigger_ui.py for tasks to queue
[2026-05-29T19:22:13.769+0000] {logging_mixin.py:188} INFO - [2026-05-29T19:22:13.769+0000] {dagbag.py:540} INFO - Filling up the DagBag from /home/airflow/.local/lib/python3.8/site-packages/airflow/example_dags/example_params_trigger_ui.py
[2026-05-29T19:22:13.784+0000] {processor.py:840} INFO - DAG(s) 'example_params_trigger_ui' retrieved from /home/airflow/.local/lib/python3.8/site-packages/airflow/example_dags/example_params_trigger_ui.py
[2026-05-29T19:22:13.821+0000] {logging_mixin.py:188} INFO - [2026-05-29T19:22:13.821+0000] {dag.py:3047} INFO - Sync 1 DAGs
[2026-05-29T19:22:13.836+0000] {logging_mixin.py:188} INFO - [2026-05-29T19:22:13.836+0000] {dag.py:3834} INFO - Setting next_dagrun for example_params_trigger_ui to None, run_after=None
[2026-05-29T19:22:13.860+0000] {processor.py:183} INFO - Processing /home/airflow/.local/lib/python3.8/site-packages/airflow/example_dags/example_params_trigger_ui.py took 0.101 seconds
[2026-05-29T19:22:43.977+0000] {processor.py:161} INFO - Started process (PID=813) to work on /home/airflow/.local/lib/python3.8/site-packages/airflow/example_dags/example_params_trigger_ui.py
[2026-05-29T19:22:43.979+0000] {processor.py:830} INFO - Processing file /home/airflow/.local/lib/python3.8/site-packages/airflow/example_dags/example_params_trigger_ui.py for tasks to queue
[2026-05-29T19:22:43.981+0000] {logging_mixin.py:188} INFO - [2026-05-29T19:22:43.981+0000] {dagbag.py:540} INFO - Filling up the DagBag from /home/airflow/.local/lib/python3.8/site-packages/airflow/example_dags/example_params_trigger_ui.py
[2026-05-29T19:22:43.992+0000] {processor.py:840} INFO - DAG(s) 'example_params_trigger_ui' retrieved from /home/airflow/.local/lib/python3.8/site-packages/airflow/example_dags/example_params_trigger_ui.py
[2026-05-29T19:22:44.025+0000] {logging_mixin.py:188} INFO - [2026-05-29T19:22:44.025+0000] {dag.py:3047} INFO - Sync 1 DAGs
[2026-05-29T19:22:44.035+0000] {logging_mixin.py:188} INFO - [2026-05-29T19:22:44.035+0000] {dag.py:3834} INFO - Setting next_dagrun for example_params_trigger_ui to None, run_after=None
[2026-05-29T19:22:44.056+0000] {processor.py:183} INFO - Processing /home/airflow/.local/lib/python3.8/site-packages/airflow/example_dags/example_params_trigger_ui.py took 0.082 seconds
[2026-05-29T19:23:14.140+0000] {processor.py:161} INFO - Started process (PID=868) to work on /home/airflow/.local/lib/python3.8/site-packages/airflow/example_dags/example_params_trigger_ui.py
[2026-05-29T19:23:14.141+0000] {processor.py:830} INFO - Processing file /home/airflow/.local/lib/python3.8/site-packages/airflow/example_dags/example_params_trigger_ui.py for tasks to queue
[2026-05-29T19:23:14.143+0000] {logging_mixin.py:188} INFO - [2026-05-29T19:23:14.143+0000] {dagbag.py:540} INFO - Filling up the DagBag from /home/airflow/.local/lib/python3.8/site-packages/airflow/example_dags/example_params_trigger_ui.py
[2026-05-29T19:23:14.155+0000] {processor.py:840} INFO - DAG(s) 'example_params_trigger_ui' retrieved from /home/airflow/.local/lib/python3.8/site-packages/airflow/example_dags/example_params_trigger_ui.py
[2026-05-29T19:23:14.192+0000] {logging_mixin.py:188} INFO - [2026-05-29T19:23:14.192+0000] {dag.py:3047} INFO - Sync 1 DAGs
[2026-05-29T19:23:14.203+0000] {logging_mixin.py:188} INFO - [2026-05-29T19:23:14.203+0000] {dag.py:3834} INFO - Setting next_dagrun for example_params_trigger_ui to None, run_after=None
[2026-05-29T19:23:14.225+0000] {processor.py:183} INFO - Processing /home/airflow/.local/lib/python3.8/site-packages/airflow/example_dags/example_params_trigger_ui.py took 0.088 seconds
[2026-05-29T19:23:45.077+0000] {processor.py:161} INFO - Started process (PID=923) to work on /home/airflow/.local/lib/python3.8/site-packages/airflow/example_dags/example_params_trigger_ui.py
[2026-05-29T19:23:45.079+0000] {processor.py:830} INFO - Processing file /home/airflow/.local/lib/python3.8/site-packages/airflow/example_dags/example_params_trigger_ui.py for tasks to queue
[2026-05-29T19:23:45.081+0000] {logging_mixin.py:188} INFO - [2026-05-29T19:23:45.081+0000] {dagbag.py:540} INFO - Filling up the DagBag from /home/airflow/.local/lib/python3.8/site-packages/airflow/example_dags/example_params_trigger_ui.py
[2026-05-29T19:23:45.092+0000] {processor.py:840} INFO - DAG(s) 'example_params_trigger_ui' retrieved from /home/airflow/.local/lib/python3.8/site-packages/airflow/example_dags/example_params_trigger_ui.py
[2026-05-29T19:23:45.125+0000] {logging_mixin.py:188} INFO - [2026-05-29T19:23:45.125+0000] {dag.py:3047} INFO - Sync 1 DAGs
[2026-05-29T19:23:45.135+0000] {logging_mixin.py:188} INFO - [2026-05-29T19:23:45.135+0000] {dag.py:3834} INFO - Setting next_dagrun for example_params_trigger_ui to None, run_after=None
[2026-05-29T19:23:45.154+0000] {processor.py:183} INFO - Processing /home/airflow/.local/lib/python3.8/site-packages/airflow/example_dags/example_params_trigger_ui.py took 0.079 seconds
[2026-05-29T19:24:15.440+0000] {processor.py:161} INFO - Started process (PID=978) to work on /home/airflow/.local/lib/python3.8/site-packages/airflow/example_dags/example_params_trigger_ui.py
[2026-05-29T19:24:15.441+0000] {processor.py:830} INFO - Processing file /home/airflow/.local/lib/python3.8/site-packages/airflow/example_dags/example_params_trigger_ui.py for tasks to queue
[2026-05-29T19:24:15.443+0000] {logging_mixin.py:188} INFO - [2026-05-29T19:24:15.443+0000] {dagbag.py:540} INFO - Filling up the DagBag from /home/airflow/.local/lib/python3.8/site-packages/airflow/example_dags/example_params_trigger_ui.py
[2026-05-29T19:24:15.453+0000] {processor.py:840} INFO - DAG(s) 'example_params_trigger_ui' retrieved from /home/airflow/.local/lib/python3.8/site-packages/airflow/example_dags/example_params_trigger_ui.py
[2026-05-29T19:24:15.515+0000] {logging_mixin.py:188} INFO - [2026-05-29T19:24:15.515+0000] {dag.py:3047} INFO - Sync 1 DAGs
[2026-05-29T19:24:15.530+0000] {logging_mixin.py:188} INFO - [2026-05-29T19:24:15.530+0000] {dag.py:3834} INFO - Setting next_dagrun for example_params_trigger_ui to None, run_after=None
[2026-05-29T19:24:15.549+0000] {processor.py:183} INFO - Processing /home/airflow/.local/lib/python3.8/site-packages/airflow/example_dags/example_params_trigger_ui.py took 0.113 seconds
[2026-05-29T19:24:45.767+0000] {processor.py:161} INFO - Started process (PID=1033) to work on /home/airflow/.local/lib/python3.8/site-packages/airflow/example_dags/example_params_trigger_ui.py
[2026-05-29T19:24:45.768+0000] {processor.py:830} INFO - Processing file /home/airflow/.local/lib/python3.8/site-packages/airflow/example_dags/example_params_trigger_ui.py for tasks to queue
[2026-05-29T19:24:45.771+0000] {logging_mixin.py:188} INFO - [2026-05-29T19:24:45.770+0000] {dagbag.py:540} INFO - Filling up the DagBag from /home/airflow/.local/lib/python3.8/site-packages/airflow/example_dags/example_params_trigger_ui.py
[2026-05-29T19:24:45.782+0000] {processor.py:840} INFO - DAG(s) 'example_params_trigger_ui' retrieved from /home/airflow/.local/lib/python3.8/site-packages/airflow/example_dags/example_params_trigger_ui.py
[2026-05-29T19:24:45.816+0000] {logging_mixin.py:188} INFO - [2026-05-29T19:24:45.815+0000] {dag.py:3047} INFO - Sync 1 DAGs
[2026-05-29T19:24:45.827+0000] {logging_mixin.py:188} INFO - [2026-05-29T19:24:45.827+0000] {dag.py:3834} INFO - Setting next_dagrun for example_params_trigger_ui to None, run_after=None
[2026-05-29T19:24:45.850+0000] {processor.py:183} INFO - Processing /home/airflow/.local/lib/python3.8/site-packages/airflow/example_dags/example_params_trigger_ui.py took 0.086 seconds
[2026-05-29T19:25:16.227+0000] {processor.py:161} INFO - Started process (PID=1088) to work on /home/airflow/.local/lib/python3.8/site-packages/airflow/example_dags/example_params_trigger_ui.py
[2026-05-29T19:25:16.229+0000] {processor.py:830} INFO - Processing file /home/airflow/.local/lib/python3.8/site-packages/airflow/example_dags/example_params_trigger_ui.py for tasks to queue
[2026-05-29T19:25:16.230+0000] {logging_mixin.py:188} INFO - [2026-05-29T19:25:16.230+0000] {dagbag.py:540} INFO - Filling up the DagBag from /home/airflow/.local/lib/python3.8/site-packages/airflow/example_dags/example_params_trigger_ui.py
[2026-05-29T19:25:16.241+0000] {processor.py:840} INFO - DAG(s) 'example_params_trigger_ui' retrieved from /home/airflow/.local/lib/python3.8/site-packages/airflow/example_dags/example_params_trigger_ui.py
[2026-05-29T19:25:16.276+0000] {logging_mixin.py:188} INFO - [2026-05-29T19:25:16.276+0000] {dag.py:3047} INFO - Sync 1 DAGs
[2026-05-29T19:25:16.286+0000] {logging_mixin.py:188} INFO - [2026-05-29T19:25:16.286+0000] {dag.py:3834} INFO - Setting next_dagrun for example_params_trigger_ui to None, run_after=None
[2026-05-29T19:25:16.309+0000] {processor.py:183} INFO - Processing /home/airflow/.local/lib/python3.8/site-packages/airflow/example_dags/example_params_trigger_ui.py took 0.085 seconds
[2026-05-29T19:25:46.929+0000] {processor.py:161} INFO - Started process (PID=1143) to work on /home/airflow/.local/lib/python3.8/site-packages/airflow/example_dags/example_params_trigger_ui.py
[2026-05-29T19:25:46.931+0000] {processor.py:830} INFO - Processing file /home/airflow/.local/lib/python3.8/site-packages/airflow/example_dags/example_params_trigger_ui.py for tasks to queue
[2026-05-29T19:25:46.934+0000] {logging_mixin.py:188} INFO - [2026-05-29T19:25:46.934+0000] {dagbag.py:540} INFO - Filling up the DagBag from /home/airflow/.local/lib/python3.8/site-packages/airflow/example_dags/example_params_trigger_ui.py
[2026-05-29T19:25:46.949+0000] {processor.py:840} INFO - DAG(s) 'example_params_trigger_ui' retrieved from /home/airflow/.local/lib/python3.8/site-packages/airflow/example_dags/example_params_trigger_ui.py
[2026-05-29T19:25:47.008+0000] {logging_mixin.py:188} INFO - [2026-05-29T19:25:47.008+0000] {dag.py:3047} INFO - Sync 1 DAGs
[2026-05-29T19:25:47.025+0000] {logging_mixin.py:188} INFO - [2026-05-29T19:25:47.025+0000] {dag.py:3834} INFO - Setting next_dagrun for example_params_trigger_ui to None, run_after=None
[2026-05-29T19:25:47.048+0000] {processor.py:183} INFO - Processing /home/airflow/.local/lib/python3.8/site-packages/airflow/example_dags/example_params_trigger_ui.py took 0.122 seconds
[2026-05-29T19:26:17.128+0000] {processor.py:161} INFO - Started process (PID=1198) to work on /home/airflow/.local/lib/python3.8/site-packages/airflow/example_dags/example_params_trigger_ui.py
[2026-05-29T19:26:17.129+0000] {processor.py:830} INFO - Processing file /home/airflow/.local/lib/python3.8/site-packages/airflow/example_dags/example_params_trigger_ui.py for tasks to queue
[2026-05-29T19:26:17.132+0000] {logging_mixin.py:188} INFO - [2026-05-29T19:26:17.131+0000] {dagbag.py:540} INFO - Filling up the DagBag from /home/airflow/.local/lib/python3.8/site-packages/airflow/example_dags/example_params_trigger_ui.py
[2026-05-29T19:26:17.142+0000] {processor.py:840} INFO - DAG(s) 'example_params_trigger_ui' retrieved from /home/airflow/.local/lib/python3.8/site-packages/airflow/example_dags/example_params_trigger_ui.py
[2026-05-29T19:26:17.175+0000] {logging_mixin.py:188} INFO - [2026-05-29T19:26:17.175+0000] {dag.py:3047} INFO - Sync 1 DAGs
[2026-05-29T19:26:17.185+0000] {logging_mixin.py:188} INFO - [2026-05-29T19:26:17.185+0000] {dag.py:3834} INFO - Setting next_dagrun for example_params_trigger_ui to None, run_after=None
[2026-05-29T19:26:17.206+0000] {processor.py:183} INFO - Processing /home/airflow/.local/lib/python3.8/site-packages/airflow/example_dags/example_params_trigger_ui.py took 0.081 seconds
[2026-05-29T19:26:47.312+0000] {processor.py:161} INFO - Started process (PID=1253) to work on /home/airflow/.local/lib/python3.8/site-packages/airflow/example_dags/example_params_trigger_ui.py
[2026-05-29T19:26:47.313+0000] {processor.py:830} INFO - Processing file /home/airflow/.local/lib/python3.8/site-packages/airflow/example_dags/example_params_trigger_ui.py for tasks to queue
[2026-05-29T19:26:47.314+0000] {logging_mixin.py:188} INFO - [2026-05-29T19:26:47.314+0000] {dagbag.py:540} INFO - Filling up the DagBag from /home/airflow/.local/lib/python3.8/site-packages/airflow/example_dags/example_params_trigger_ui.py
[2026-05-29T19:26:47.327+0000] {processor.py:840} INFO - DAG(s) 'example_params_trigger_ui' retrieved from /home/airflow/.local/lib/python3.8/site-packages/airflow/example_dags/example_params_trigger_ui.py
[2026-05-29T19:26:47.361+0000] {logging_mixin.py:188} INFO - [2026-05-29T19:26:47.360+0000] {dag.py:3047} INFO - Sync 1 DAGs
[2026-05-29T19:26:47.370+0000] {logging_mixin.py:188} INFO - [2026-05-29T19:26:47.370+0000] {dag.py:3834} INFO - Setting next_dagrun for example_params_trigger_ui to None, run_after=None
[2026-05-29T19:26:47.392+0000] {processor.py:183} INFO - Processing /home/airflow/.local/lib/python3.8/site-packages/airflow/example_dags/example_params_trigger_ui.py took 0.083 seconds
[2026-05-29T19:27:17.676+0000] {processor.py:161} INFO - Started process (PID=1308) to work on /home/airflow/.local/lib/python3.8/site-packages/airflow/example_dags/example_params_trigger_ui.py
[2026-05-29T19:27:17.678+0000] {processor.py:830} INFO - Processing file /home/airflow/.local/lib/python3.8/site-packages/airflow/example_dags/example_params_trigger_ui.py for tasks to queue
[2026-05-29T19:27:17.681+0000] {logging_mixin.py:188} INFO - [2026-05-29T19:27:17.681+0000] {dagbag.py:540} INFO - Filling up the DagBag from /home/airflow/.local/lib/python3.8/site-packages/airflow/example_dags/example_params_trigger_ui.py
[2026-05-29T19:27:17.694+0000] {processor.py:840} INFO - DAG(s) 'example_params_trigger_ui' retrieved from /home/airflow/.local/lib/python3.8/site-packages/airflow/example_dags/example_params_trigger_ui.py
[2026-05-29T19:27:17.731+0000] {logging_mixin.py:188} INFO - [2026-05-29T19:27:17.731+0000] {dag.py:3047} INFO - Sync 1 DAGs
[2026-05-29T19:27:17.743+0000] {logging_mixin.py:188} INFO - [2026-05-29T19:27:17.743+0000] {dag.py:3834} INFO - Setting next_dagrun for example_params_trigger_ui to None, run_after=None
[2026-05-29T19:27:17.776+0000] {processor.py:183} INFO - Processing /home/airflow/.local/lib/python3.8/site-packages/airflow/example_dags/example_params_trigger_ui.py took 0.105 seconds
[2026-05-29T19:27:48.267+0000] {processor.py:161} INFO - Started process (PID=1363) to work on /home/airflow/.local/lib/python3.8/site-packages/airflow/example_dags/example_params_trigger_ui.py
[2026-05-29T19:27:48.269+0000] {processor.py:830} INFO - Processing file /home/airflow/.local/lib/python3.8/site-packages/airflow/example_dags/example_params_trigger_ui.py for tasks to queue
[2026-05-29T19:27:48.272+0000] {logging_mixin.py:188} INFO - [2026-05-29T19:27:48.271+0000] {dagbag.py:540} INFO - Filling up the DagBag from /home/airflow/.local/lib/python3.8/site-packages/airflow/example_dags/example_params_trigger_ui.py
[2026-05-29T19:27:48.285+0000] {processor.py:840} INFO - DAG(s) 'example_params_trigger_ui' retrieved from /home/airflow/.local/lib/python3.8/site-packages/airflow/example_dags/example_params_trigger_ui.py
[2026-05-29T19:27:48.323+0000] {logging_mixin.py:188} INFO - [2026-05-29T19:27:48.323+0000] {dag.py:3047} INFO - Sync 1 DAGs
[2026-05-29T19:27:48.335+0000] {logging_mixin.py:188} INFO - [2026-05-29T19:27:48.335+0000] {dag.py:3834} INFO - Setting next_dagrun for example_params_trigger_ui to None, run_after=None
[2026-05-29T19:27:48.354+0000] {processor.py:183} INFO - Processing /home/airflow/.local/lib/python3.8/site-packages/airflow/example_dags/example_params_trigger_ui.py took 0.091 seconds
[2026-05-29T19:28:19.662+0000] {processor.py:161} INFO - Started process (PID=1418) to work on /home/airflow/.local/lib/python3.8/site-packages/airflow/example_dags/example_params_trigger_ui.py
[2026-05-29T19:28:19.664+0000] {processor.py:830} INFO - Processing file /home/airflow/.local/lib/python3.8/site-packages/airflow/example_dags/example_params_trigger_ui.py for tasks to queue
[2026-05-29T19:28:19.666+0000] {logging_mixin.py:188} INFO - [2026-05-29T19:28:19.665+0000] {dagbag.py:540} INFO - Filling up the DagBag from /home/airflow/.local/lib/python3.8/site-packages/airflow/example_dags/example_params_trigger_ui.py
[2026-05-29T19:28:19.683+0000] {processor.py:840} INFO - DAG(s) 'example_params_trigger_ui' retrieved from /home/airflow/.local/lib/python3.8/site-packages/airflow/example_dags/example_params_trigger_ui.py
[2026-05-29T19:28:19.725+0000] {logging_mixin.py:188} INFO - [2026-05-29T19:28:19.725+0000] {dag.py:3047} INFO - Sync 1 DAGs
[2026-05-29T19:28:19.737+0000] {logging_mixin.py:188} INFO - [2026-05-29T19:28:19.737+0000] {dag.py:3834} INFO - Setting next_dagrun for example_params_trigger_ui to None, run_after=None
[2026-05-29T19:28:19.768+0000] {processor.py:183} INFO - Processing /home/airflow/.local/lib/python3.8/site-packages/airflow/example_dags/example_params_trigger_ui.py took 0.109 seconds
[2026-05-29T19:28:50.095+0000] {processor.py:161} INFO - Started process (PID=1472) to work on /home/airflow/.local/lib/python3.8/site-packages/airflow/example_dags/example_params_trigger_ui.py
[2026-05-29T19:28:50.097+0000] {processor.py:830} INFO - Processing file /home/airflow/.local/lib/python3.8/site-packages/airflow/example_dags/example_params_trigger_ui.py for tasks to queue
[2026-05-29T19:28:50.100+0000] {logging_mixin.py:188} INFO - [2026-05-29T19:28:50.099+0000] {dagbag.py:540} INFO - Filling up the DagBag from /home/airflow/.local/lib/python3.8/site-packages/airflow/example_dags/example_params_trigger_ui.py
[2026-05-29T19:28:50.113+0000] {processor.py:840} INFO - DAG(s) 'example_params_trigger_ui' retrieved from /home/airflow/.local/lib/python3.8/site-packages/airflow/example_dags/example_params_trigger_ui.py
[2026-05-29T19:28:50.154+0000] {logging_mixin.py:188} INFO - [2026-05-29T19:28:50.154+0000] {dag.py:3047} INFO - Sync 1 DAGs
[2026-05-29T19:28:50.170+0000] {logging_mixin.py:188} INFO - [2026-05-29T19:28:50.169+0000] {dag.py:3834} INFO - Setting next_dagrun for example_params_trigger_ui to None, run_after=None
[2026-05-29T19:28:50.200+0000] {processor.py:183} INFO - Processing /home/airflow/.local/lib/python3.8/site-packages/airflow/example_dags/example_params_trigger_ui.py took 0.109 seconds
[2026-05-29T19:29:21.111+0000] {processor.py:161} INFO - Started process (PID=1527) to work on /home/airflow/.local/lib/python3.8/site-packages/airflow/example_dags/example_params_trigger_ui.py
[2026-05-29T19:29:21.113+0000] {processor.py:830} INFO - Processing file /home/airflow/.local/lib/python3.8/site-packages/airflow/example_dags/example_params_trigger_ui.py for tasks to queue
[2026-05-29T19:29:21.116+0000] {logging_mixin.py:188} INFO - [2026-05-29T19:29:21.115+0000] {dagbag.py:540} INFO - Filling up the DagBag from /home/airflow/.local/lib/python3.8/site-packages/airflow/example_dags/example_params_trigger_ui.py
[2026-05-29T19:29:21.130+0000] {processor.py:840} INFO - DAG(s) 'example_params_trigger_ui' retrieved from /home/airflow/.local/lib/python3.8/site-packages/airflow/example_dags/example_params_trigger_ui.py
[2026-05-29T19:29:21.178+0000] {logging_mixin.py:188} INFO - [2026-05-29T19:29:21.177+0000] {dag.py:3047} INFO - Sync 1 DAGs
[2026-05-29T19:29:21.193+0000] {logging_mixin.py:188} INFO - [2026-05-29T19:29:21.192+0000] {dag.py:3834} INFO - Setting next_dagrun for example_params_trigger_ui to None, run_after=None
[2026-05-29T19:29:21.221+0000] {processor.py:183} INFO - Processing /home/airflow/.local/lib/python3.8/site-packages/airflow/example_dags/example_params_trigger_ui.py took 0.114 seconds
[2026-05-29T19:29:51.796+0000] {processor.py:161} INFO - Started process (PID=1582) to work on /home/airflow/.local/lib/python3.8/site-packages/airflow/example_dags/example_params_trigger_ui.py
[2026-05-29T19:29:51.797+0000] {processor.py:830} INFO - Processing file /home/airflow/.local/lib/python3.8/site-packages/airflow/example_dags/example_params_trigger_ui.py for tasks to queue
[2026-05-29T19:29:51.800+0000] {logging_mixin.py:188} INFO - [2026-05-29T19:29:51.799+0000] {dagbag.py:540} INFO - Filling up the DagBag from /home/airflow/.local/lib/python3.8/site-packages/airflow/example_dags/example_params_trigger_ui.py
[2026-05-29T19:29:51.814+0000] {processor.py:840} INFO - DAG(s) 'example_params_trigger_ui' retrieved from /home/airflow/.local/lib/python3.8/site-packages/airflow/example_dags/example_params_trigger_ui.py
[2026-05-29T19:29:51.858+0000] {logging_mixin.py:188} INFO - [2026-05-29T19:29:51.858+0000] {dag.py:3047} INFO - Sync 1 DAGs
[2026-05-29T19:29:51.871+0000] {logging_mixin.py:188} INFO - [2026-05-29T19:29:51.870+0000] {dag.py:3834} INFO - Setting next_dagrun for example_params_trigger_ui to None, run_after=None
[2026-05-29T19:29:51.889+0000] {processor.py:183} INFO - Processing /home/airflow/.local/lib/python3.8/site-packages/airflow/example_dags/example_params_trigger_ui.py took 0.097 seconds
[2026-05-29T19:30:21.954+0000] {processor.py:161} INFO - Started process (PID=1637) to work on /home/airflow/.local/lib/python3.8/site-packages/airflow/example_dags/example_params_trigger_ui.py
[2026-05-29T19:30:21.955+0000] {processor.py:830} INFO - Processing file /home/airflow/.local/lib/python3.8/site-packages/airflow/example_dags/example_params_trigger_ui.py for tasks to queue
[2026-05-29T19:30:21.957+0000] {logging_mixin.py:188} INFO - [2026-05-29T19:30:21.956+0000] {dagbag.py:540} INFO - Filling up the DagBag from /home/airflow/.local/lib/python3.8/site-packages/airflow/example_dags/example_params_trigger_ui.py
[2026-05-29T19:30:21.967+0000] {processor.py:840} INFO - DAG(s) 'example_params_trigger_ui' retrieved from /home/airflow/.local/lib/python3.8/site-packages/airflow/example_dags/example_params_trigger_ui.py
[2026-05-29T19:30:22.003+0000] {logging_mixin.py:188} INFO - [2026-05-29T19:30:22.003+0000] {dag.py:3047} INFO - Sync 1 DAGs
[2026-05-29T19:30:22.013+0000] {logging_mixin.py:188} INFO - [2026-05-29T19:30:22.013+0000] {dag.py:3834} INFO - Setting next_dagrun for example_params_trigger_ui to None, run_after=None
[2026-05-29T19:30:22.037+0000] {processor.py:183} INFO - Processing /home/airflow/.local/lib/python3.8/site-packages/airflow/example_dags/example_params_trigger_ui.py took 0.086 seconds
[2026-05-29T19:30:52.155+0000] {processor.py:161} INFO - Started process (PID=1692) to work on /home/airflow/.local/lib/python3.8/site-packages/airflow/example_dags/example_params_trigger_ui.py
[2026-05-29T19:30:52.156+0000] {processor.py:830} INFO - Processing file /home/airflow/.local/lib/python3.8/site-packages/airflow/example_dags/example_params_trigger_ui.py for tasks to queue
[2026-05-29T19:30:52.158+0000] {logging_mixin.py:188} INFO - [2026-05-29T19:30:52.158+0000] {dagbag.py:540} INFO - Filling up the DagBag from /home/airflow/.local/lib/python3.8/site-packages/airflow/example_dags/example_params_trigger_ui.py
[2026-05-29T19:30:52.169+0000] {processor.py:840} INFO - DAG(s) 'example_params_trigger_ui' retrieved from /home/airflow/.local/lib/python3.8/site-packages/airflow/example_dags/example_params_trigger_ui.py
[2026-05-29T19:30:52.202+0000] {logging_mixin.py:188} INFO - [2026-05-29T19:30:52.202+0000] {dag.py:3047} INFO - Sync 1 DAGs
[2026-05-29T19:30:52.212+0000] {logging_mixin.py:188} INFO - [2026-05-29T19:30:52.211+0000] {dag.py:3834} INFO - Setting next_dagrun for example_params_trigger_ui to None, run_after=None
[2026-05-29T19:30:52.231+0000] {processor.py:183} INFO - Processing /home/airflow/.local/lib/python3.8/site-packages/airflow/example_dags/example_params_trigger_ui.py took 0.078 seconds
[2026-05-29T19:31:23.105+0000] {processor.py:161} INFO - Started process (PID=1747) to work on /home/airflow/.local/lib/python3.8/site-packages/airflow/example_dags/example_params_trigger_ui.py
[2026-05-29T19:31:23.106+0000] {processor.py:830} INFO - Processing file /home/airflow/.local/lib/python3.8/site-packages/airflow/example_dags/example_params_trigger_ui.py for tasks to queue
[2026-05-29T19:31:23.109+0000] {logging_mixin.py:188} INFO - [2026-05-29T19:31:23.109+0000] {dagbag.py:540} INFO - Filling up the DagBag from /home/airflow/.local/lib/python3.8/site-packages/airflow/example_dags/example_params_trigger_ui.py
[2026-05-29T19:31:23.121+0000] {processor.py:840} INFO - DAG(s) 'example_params_trigger_ui' retrieved from /home/airflow/.local/lib/python3.8/site-packages/airflow/example_dags/example_params_trigger_ui.py
[2026-05-29T19:31:23.154+0000] {logging_mixin.py:188} INFO - [2026-05-29T19:31:23.154+0000] {dag.py:3047} INFO - Sync 1 DAGs
[2026-05-29T19:31:23.164+0000] {logging_mixin.py:188} INFO - [2026-05-29T19:31:23.163+0000] {dag.py:3834} INFO - Setting next_dagrun for example_params_trigger_ui to None, run_after=None
[2026-05-29T19:31:23.183+0000] {processor.py:183} INFO - Processing /home/airflow/.local/lib/python3.8/site-packages/airflow/example_dags/example_params_trigger_ui.py took 0.082 seconds
[2026-05-29T19:31:53.910+0000] {processor.py:161} INFO - Started process (PID=1802) to work on /home/airflow/.local/lib/python3.8/site-packages/airflow/example_dags/example_params_trigger_ui.py
[2026-05-29T19:31:53.912+0000] {processor.py:830} INFO - Processing file /home/airflow/.local/lib/python3.8/site-packages/airflow/example_dags/example_params_trigger_ui.py for tasks to queue
[2026-05-29T19:31:53.914+0000] {logging_mixin.py:188} INFO - [2026-05-29T19:31:53.914+0000] {dagbag.py:540} INFO - Filling up the DagBag from /home/airflow/.local/lib/python3.8/site-packages/airflow/example_dags/example_params_trigger_ui.py
[2026-05-29T19:31:53.928+0000] {processor.py:840} INFO - DAG(s) 'example_params_trigger_ui' retrieved from /home/airflow/.local/lib/python3.8/site-packages/airflow/example_dags/example_params_trigger_ui.py
[2026-05-29T19:31:53.968+0000] {logging_mixin.py:188} INFO - [2026-05-29T19:31:53.968+0000] {dag.py:3047} INFO - Sync 1 DAGs
[2026-05-29T19:31:53.979+0000] {logging_mixin.py:188} INFO - [2026-05-29T19:31:53.979+0000] {dag.py:3834} INFO - Setting next_dagrun for example_params_trigger_ui to None, run_after=None
[2026-05-29T19:31:53.999+0000] {processor.py:183} INFO - Processing /home/airflow/.local/lib/python3.8/site-packages/airflow/example_dags/example_params_trigger_ui.py took 0.093 seconds
[2026-05-29T19:32:24.248+0000] {processor.py:161} INFO - Started process (PID=1857) to work on /home/airflow/.local/lib/python3.8/site-packages/airflow/example_dags/example_params_trigger_ui.py
[2026-05-29T19:32:24.250+0000] {processor.py:830} INFO - Processing file /home/airflow/.local/lib/python3.8/site-packages/airflow/example_dags/example_params_trigger_ui.py for tasks to queue
[2026-05-29T19:32:24.252+0000] {logging_mixin.py:188} INFO - [2026-05-29T19:32:24.252+0000] {dagbag.py:540} INFO - Filling up the DagBag from /home/airflow/.local/lib/python3.8/site-packages/airflow/example_dags/example_params_trigger_ui.py
[2026-05-29T19:32:24.262+0000] {processor.py:840} INFO - DAG(s) 'example_params_trigger_ui' retrieved from /home/airflow/.local/lib/python3.8/site-packages/airflow/example_dags/example_params_trigger_ui.py
[2026-05-29T19:32:24.297+0000] {logging_mixin.py:188} INFO - [2026-05-29T19:32:24.296+0000] {dag.py:3047} INFO - Sync 1 DAGs
[2026-05-29T19:32:24.310+0000] {logging_mixin.py:188} INFO - [2026-05-29T19:32:24.309+0000] {dag.py:3834} INFO - Setting next_dagrun for example_params_trigger_ui to None, run_after=None
[2026-05-29T19:32:24.342+0000] {processor.py:183} INFO - Processing /home/airflow/.local/lib/python3.8/site-packages/airflow/example_dags/example_params_trigger_ui.py took 0.096 seconds
[2026-05-29T19:32:54.526+0000] {processor.py:161} INFO - Started process (PID=1913) to work on /home/airflow/.local/lib/python3.8/site-packages/airflow/example_dags/example_params_trigger_ui.py
[2026-05-29T19:32:54.527+0000] {processor.py:830} INFO - Processing file /home/airflow/.local/lib/python3.8/site-packages/airflow/example_dags/example_params_trigger_ui.py for tasks to queue
[2026-05-29T19:32:54.531+0000] {logging_mixin.py:188} INFO - [2026-05-29T19:32:54.531+0000] {dagbag.py:540} INFO - Filling up the DagBag from /home/airflow/.local/lib/python3.8/site-packages/airflow/example_dags/example_params_trigger_ui.py
[2026-05-29T19:32:54.547+0000] {processor.py:840} INFO - DAG(s) 'example_params_trigger_ui' retrieved from /home/airflow/.local/lib/python3.8/site-packages/airflow/example_dags/example_params_trigger_ui.py
[2026-05-29T19:32:54.609+0000] {logging_mixin.py:188} INFO - [2026-05-29T19:32:54.608+0000] {dag.py:3047} INFO - Sync 1 DAGs
[2026-05-29T19:32:54.625+0000] {logging_mixin.py:188} INFO - [2026-05-29T19:32:54.625+0000] {dag.py:3834} INFO - Setting next_dagrun for example_params_trigger_ui to None, run_after=None
[2026-05-29T19:32:54.656+0000] {processor.py:183} INFO - Processing /home/airflow/.local/lib/python3.8/site-packages/airflow/example_dags/example_params_trigger_ui.py took 0.135 seconds
[2026-05-29T19:33:25.123+0000] {processor.py:161} INFO - Started process (PID=1968) to work on /home/airflow/.local/lib/python3.8/site-packages/airflow/example_dags/example_params_trigger_ui.py
[2026-05-29T19:33:25.124+0000] {processor.py:830} INFO - Processing file /home/airflow/.local/lib/python3.8/site-packages/airflow/example_dags/example_params_trigger_ui.py for tasks to queue
[2026-05-29T19:33:25.126+0000] {logging_mixin.py:188} INFO - [2026-05-29T19:33:25.126+0000] {dagbag.py:540} INFO - Filling up the DagBag from /home/airflow/.local/lib/python3.8/site-packages/airflow/example_dags/example_params_trigger_ui.py
[2026-05-29T19:33:25.137+0000] {processor.py:840} INFO - DAG(s) 'example_params_trigger_ui' retrieved from /home/airflow/.local/lib/python3.8/site-packages/airflow/example_dags/example_params_trigger_ui.py
[2026-05-29T19:33:25.174+0000] {logging_mixin.py:188} INFO - [2026-05-29T19:33:25.174+0000] {dag.py:3047} INFO - Sync 1 DAGs
[2026-05-29T19:33:25.186+0000] {logging_mixin.py:188} INFO - [2026-05-29T19:33:25.186+0000] {dag.py:3834} INFO - Setting next_dagrun for example_params_trigger_ui to None, run_after=None
[2026-05-29T19:33:25.207+0000] {processor.py:183} INFO - Processing /home/airflow/.local/lib/python3.8/site-packages/airflow/example_dags/example_params_trigger_ui.py took 0.087 seconds
[2026-05-29T19:33:55.399+0000] {processor.py:161} INFO - Started process (PID=2023) to work on /home/airflow/.local/lib/python3.8/site-packages/airflow/example_dags/example_params_trigger_ui.py
[2026-05-29T19:33:55.400+0000] {processor.py:830} INFO - Processing file /home/airflow/.local/lib/python3.8/site-packages/airflow/example_dags/example_params_trigger_ui.py for tasks to queue
[2026-05-29T19:33:55.403+0000] {logging_mixin.py:188} INFO - [2026-05-29T19:33:55.402+0000] {dagbag.py:540} INFO - Filling up the DagBag from /home/airflow/.local/lib/python3.8/site-packages/airflow/example_dags/example_params_trigger_ui.py
[2026-05-29T19:33:55.414+0000] {processor.py:840} INFO - DAG(s) 'example_params_trigger_ui' retrieved from /home/airflow/.local/lib/python3.8/site-packages/airflow/example_dags/example_params_trigger_ui.py
[2026-05-29T19:33:55.448+0000] {logging_mixin.py:188} INFO - [2026-05-29T19:33:55.447+0000] {dag.py:3047} INFO - Sync 1 DAGs
[2026-05-29T19:33:55.459+0000] {logging_mixin.py:188} INFO - [2026-05-29T19:33:55.459+0000] {dag.py:3834} INFO - Setting next_dagrun for example_params_trigger_ui to None, run_after=None
[2026-05-29T19:33:55.476+0000] {processor.py:183} INFO - Processing /home/airflow/.local/lib/python3.8/site-packages/airflow/example_dags/example_params_trigger_ui.py took 0.080 seconds
