[2026-05-29T19:16:08.293+0000] {processor.py:161} INFO - Started process (PID=100) to work on /home/airflow/.local/lib/python3.8/site-packages/airflow/example_dags/example_complex.py
[2026-05-29T19:16:08.296+0000] {processor.py:830} INFO - Processing file /home/airflow/.local/lib/python3.8/site-packages/airflow/example_dags/example_complex.py for tasks to queue
[2026-05-29T19:16:08.299+0000] {logging_mixin.py:188} INFO - [2026-05-29T19:16:08.299+0000] {dagbag.py:540} INFO - Filling up the DagBag from /home/airflow/.local/lib/python3.8/site-packages/airflow/example_dags/example_complex.py
[2026-05-29T19:16:08.315+0000] {processor.py:840} INFO - DAG(s) 'example_complex' retrieved from /home/airflow/.local/lib/python3.8/site-packages/airflow/example_dags/example_complex.py
[2026-05-29T19:16:08.364+0000] {logging_mixin.py:188} INFO - [2026-05-29T19:16:08.364+0000] {dag.py:3047} INFO - Sync 1 DAGs
[2026-05-29T19:16:08.384+0000] {logging_mixin.py:188} INFO - [2026-05-29T19:16:08.384+0000] {dag.py:3834} INFO - Setting next_dagrun for example_complex to None, run_after=None
[2026-05-29T19:16:08.423+0000] {processor.py:183} INFO - Processing /home/airflow/.local/lib/python3.8/site-packages/airflow/example_dags/example_complex.py took 0.135 seconds
[2026-05-29T19:16:39.095+0000] {processor.py:161} INFO - Started process (PID=155) to work on /home/airflow/.local/lib/python3.8/site-packages/airflow/example_dags/example_complex.py
[2026-05-29T19:16:39.097+0000] {processor.py:830} INFO - Processing file /home/airflow/.local/lib/python3.8/site-packages/airflow/example_dags/example_complex.py for tasks to queue
[2026-05-29T19:16:39.099+0000] {logging_mixin.py:188} INFO - [2026-05-29T19:16:39.099+0000] {dagbag.py:540} INFO - Filling up the DagBag from /home/airflow/.local/lib/python3.8/site-packages/airflow/example_dags/example_complex.py
[2026-05-29T19:16:39.108+0000] {processor.py:840} INFO - DAG(s) 'example_complex' retrieved from /home/airflow/.local/lib/python3.8/site-packages/airflow/example_dags/example_complex.py
[2026-05-29T19:16:39.136+0000] {logging_mixin.py:188} INFO - [2026-05-29T19:16:39.136+0000] {dag.py:3047} INFO - Sync 1 DAGs
[2026-05-29T19:16:39.147+0000] {logging_mixin.py:188} INFO - [2026-05-29T19:16:39.147+0000] {dag.py:3834} INFO - Setting next_dagrun for example_complex to None, run_after=None
[2026-05-29T19:16:39.165+0000] {processor.py:183} INFO - Processing /home/airflow/.local/lib/python3.8/site-packages/airflow/example_dags/example_complex.py took 0.072 seconds
[2026-05-29T19:17:09.246+0000] {processor.py:161} INFO - Started process (PID=210) to work on /home/airflow/.local/lib/python3.8/site-packages/airflow/example_dags/example_complex.py
[2026-05-29T19:17:09.247+0000] {processor.py:830} INFO - Processing file /home/airflow/.local/lib/python3.8/site-packages/airflow/example_dags/example_complex.py for tasks to queue
[2026-05-29T19:17:09.249+0000] {logging_mixin.py:188} INFO - [2026-05-29T19:17:09.249+0000] {dagbag.py:540} INFO - Filling up the DagBag from /home/airflow/.local/lib/python3.8/site-packages/airflow/example_dags/example_complex.py
[2026-05-29T19:17:09.257+0000] {processor.py:840} INFO - DAG(s) 'example_complex' retrieved from /home/airflow/.local/lib/python3.8/site-packages/airflow/example_dags/example_complex.py
[2026-05-29T19:17:09.280+0000] {logging_mixin.py:188} INFO - [2026-05-29T19:17:09.279+0000] {dag.py:3047} INFO - Sync 1 DAGs
[2026-05-29T19:17:09.289+0000] {logging_mixin.py:188} INFO - [2026-05-29T19:17:09.289+0000] {dag.py:3834} INFO - Setting next_dagrun for example_complex to None, run_after=None
[2026-05-29T19:17:09.308+0000] {processor.py:183} INFO - Processing /home/airflow/.local/lib/python3.8/site-packages/airflow/example_dags/example_complex.py took 0.065 seconds
[2026-05-29T19:17:39.833+0000] {processor.py:161} INFO - Started process (PID=265) to work on /home/airflow/.local/lib/python3.8/site-packages/airflow/example_dags/example_complex.py
[2026-05-29T19:17:39.834+0000] {processor.py:830} INFO - Processing file /home/airflow/.local/lib/python3.8/site-packages/airflow/example_dags/example_complex.py for tasks to queue
[2026-05-29T19:17:39.837+0000] {logging_mixin.py:188} INFO - [2026-05-29T19:17:39.837+0000] {dagbag.py:540} INFO - Filling up the DagBag from /home/airflow/.local/lib/python3.8/site-packages/airflow/example_dags/example_complex.py
[2026-05-29T19:17:39.847+0000] {processor.py:840} INFO - DAG(s) 'example_complex' retrieved from /home/airflow/.local/lib/python3.8/site-packages/airflow/example_dags/example_complex.py
[2026-05-29T19:17:39.882+0000] {logging_mixin.py:188} INFO - [2026-05-29T19:17:39.882+0000] {dag.py:3047} INFO - Sync 1 DAGs
[2026-05-29T19:17:39.899+0000] {logging_mixin.py:188} INFO - [2026-05-29T19:17:39.898+0000] {dag.py:3834} INFO - Setting next_dagrun for example_complex to None, run_after=None
[2026-05-29T19:17:39.924+0000] {processor.py:183} INFO - Processing /home/airflow/.local/lib/python3.8/site-packages/airflow/example_dags/example_complex.py took 0.095 seconds
[2026-05-29T19:18:10.784+0000] {processor.py:161} INFO - Started process (PID=320) to work on /home/airflow/.local/lib/python3.8/site-packages/airflow/example_dags/example_complex.py
[2026-05-29T19:18:10.785+0000] {processor.py:830} INFO - Processing file /home/airflow/.local/lib/python3.8/site-packages/airflow/example_dags/example_complex.py for tasks to queue
[2026-05-29T19:18:10.787+0000] {logging_mixin.py:188} INFO - [2026-05-29T19:18:10.786+0000] {dagbag.py:540} INFO - Filling up the DagBag from /home/airflow/.local/lib/python3.8/site-packages/airflow/example_dags/example_complex.py
[2026-05-29T19:18:10.794+0000] {processor.py:840} INFO - DAG(s) 'example_complex' retrieved from /home/airflow/.local/lib/python3.8/site-packages/airflow/example_dags/example_complex.py
[2026-05-29T19:18:10.817+0000] {logging_mixin.py:188} INFO - [2026-05-29T19:18:10.817+0000] {dag.py:3047} INFO - Sync 1 DAGs
[2026-05-29T19:18:10.828+0000] {logging_mixin.py:188} INFO - [2026-05-29T19:18:10.828+0000] {dag.py:3834} INFO - Setting next_dagrun for example_complex to None, run_after=None
[2026-05-29T19:18:10.846+0000] {processor.py:183} INFO - Processing /home/airflow/.local/lib/python3.8/site-packages/airflow/example_dags/example_complex.py took 0.065 seconds
[2026-05-29T19:18:41.523+0000] {processor.py:161} INFO - Started process (PID=375) to work on /home/airflow/.local/lib/python3.8/site-packages/airflow/example_dags/example_complex.py
[2026-05-29T19:18:41.525+0000] {processor.py:830} INFO - Processing file /home/airflow/.local/lib/python3.8/site-packages/airflow/example_dags/example_complex.py for tasks to queue
[2026-05-29T19:18:41.527+0000] {logging_mixin.py:188} INFO - [2026-05-29T19:18:41.527+0000] {dagbag.py:540} INFO - Filling up the DagBag from /home/airflow/.local/lib/python3.8/site-packages/airflow/example_dags/example_complex.py
[2026-05-29T19:18:41.542+0000] {processor.py:840} INFO - DAG(s) 'example_complex' retrieved from /home/airflow/.local/lib/python3.8/site-packages/airflow/example_dags/example_complex.py
[2026-05-29T19:18:41.577+0000] {logging_mixin.py:188} INFO - [2026-05-29T19:18:41.577+0000] {dag.py:3047} INFO - Sync 1 DAGs
[2026-05-29T19:18:41.592+0000] {logging_mixin.py:188} INFO - [2026-05-29T19:18:41.591+0000] {dag.py:3834} INFO - Setting next_dagrun for example_complex to None, run_after=None
[2026-05-29T19:18:41.623+0000] {processor.py:183} INFO - Processing /home/airflow/.local/lib/python3.8/site-packages/airflow/example_dags/example_complex.py took 0.109 seconds
[2026-05-29T19:19:11.785+0000] {processor.py:161} INFO - Started process (PID=430) to work on /home/airflow/.local/lib/python3.8/site-packages/airflow/example_dags/example_complex.py
[2026-05-29T19:19:11.787+0000] {processor.py:830} INFO - Processing file /home/airflow/.local/lib/python3.8/site-packages/airflow/example_dags/example_complex.py for tasks to queue
[2026-05-29T19:19:11.791+0000] {logging_mixin.py:188} INFO - [2026-05-29T19:19:11.790+0000] {dagbag.py:540} INFO - Filling up the DagBag from /home/airflow/.local/lib/python3.8/site-packages/airflow/example_dags/example_complex.py
[2026-05-29T19:19:11.804+0000] {processor.py:840} INFO - DAG(s) 'example_complex' retrieved from /home/airflow/.local/lib/python3.8/site-packages/airflow/example_dags/example_complex.py
[2026-05-29T19:19:11.838+0000] {logging_mixin.py:188} INFO - [2026-05-29T19:19:11.838+0000] {dag.py:3047} INFO - Sync 1 DAGs
[2026-05-29T19:19:11.853+0000] {logging_mixin.py:188} INFO - [2026-05-29T19:19:11.852+0000] {dag.py:3834} INFO - Setting next_dagrun for example_complex to None, run_after=None
[2026-05-29T19:19:11.886+0000] {processor.py:183} INFO - Processing /home/airflow/.local/lib/python3.8/site-packages/airflow/example_dags/example_complex.py took 0.107 seconds
[2026-05-29T19:19:42.139+0000] {processor.py:161} INFO - Started process (PID=485) to work on /home/airflow/.local/lib/python3.8/site-packages/airflow/example_dags/example_complex.py
[2026-05-29T19:19:42.140+0000] {processor.py:830} INFO - Processing file /home/airflow/.local/lib/python3.8/site-packages/airflow/example_dags/example_complex.py for tasks to queue
[2026-05-29T19:19:42.143+0000] {logging_mixin.py:188} INFO - [2026-05-29T19:19:42.142+0000] {dagbag.py:540} INFO - Filling up the DagBag from /home/airflow/.local/lib/python3.8/site-packages/airflow/example_dags/example_complex.py
[2026-05-29T19:19:42.151+0000] {processor.py:840} INFO - DAG(s) 'example_complex' retrieved from /home/airflow/.local/lib/python3.8/site-packages/airflow/example_dags/example_complex.py
[2026-05-29T19:19:42.175+0000] {logging_mixin.py:188} INFO - [2026-05-29T19:19:42.174+0000] {dag.py:3047} INFO - Sync 1 DAGs
[2026-05-29T19:19:42.184+0000] {logging_mixin.py:188} INFO - [2026-05-29T19:19:42.184+0000] {dag.py:3834} INFO - Setting next_dagrun for example_complex to None, run_after=None
[2026-05-29T19:19:42.202+0000] {processor.py:183} INFO - Processing /home/airflow/.local/lib/python3.8/site-packages/airflow/example_dags/example_complex.py took 0.066 seconds
[2026-05-29T19:20:12.508+0000] {processor.py:161} INFO - Started process (PID=540) to work on /home/airflow/.local/lib/python3.8/site-packages/airflow/example_dags/example_complex.py
[2026-05-29T19:20:12.510+0000] {processor.py:830} INFO - Processing file /home/airflow/.local/lib/python3.8/site-packages/airflow/example_dags/example_complex.py for tasks to queue
[2026-05-29T19:20:12.512+0000] {logging_mixin.py:188} INFO - [2026-05-29T19:20:12.512+0000] {dagbag.py:540} INFO - Filling up the DagBag from /home/airflow/.local/lib/python3.8/site-packages/airflow/example_dags/example_complex.py
[2026-05-29T19:20:12.521+0000] {processor.py:840} INFO - DAG(s) 'example_complex' retrieved from /home/airflow/.local/lib/python3.8/site-packages/airflow/example_dags/example_complex.py
[2026-05-29T19:20:12.550+0000] {logging_mixin.py:188} INFO - [2026-05-29T19:20:12.550+0000] {dag.py:3047} INFO - Sync 1 DAGs
[2026-05-29T19:20:12.561+0000] {logging_mixin.py:188} INFO - [2026-05-29T19:20:12.561+0000] {dag.py:3834} INFO - Setting next_dagrun for example_complex to None, run_after=None
[2026-05-29T19:20:12.583+0000] {processor.py:183} INFO - Processing /home/airflow/.local/lib/python3.8/site-packages/airflow/example_dags/example_complex.py took 0.077 seconds
[2026-05-29T19:20:42.629+0000] {processor.py:161} INFO - Started process (PID=594) to work on /home/airflow/.local/lib/python3.8/site-packages/airflow/example_dags/example_complex.py
[2026-05-29T19:20:42.631+0000] {processor.py:830} INFO - Processing file /home/airflow/.local/lib/python3.8/site-packages/airflow/example_dags/example_complex.py for tasks to queue
[2026-05-29T19:20:42.633+0000] {logging_mixin.py:188} INFO - [2026-05-29T19:20:42.632+0000] {dagbag.py:540} INFO - Filling up the DagBag from /home/airflow/.local/lib/python3.8/site-packages/airflow/example_dags/example_complex.py
[2026-05-29T19:20:42.641+0000] {processor.py:840} INFO - DAG(s) 'example_complex' retrieved from /home/airflow/.local/lib/python3.8/site-packages/airflow/example_dags/example_complex.py
[2026-05-29T19:20:42.663+0000] {logging_mixin.py:188} INFO - [2026-05-29T19:20:42.663+0000] {dag.py:3047} INFO - Sync 1 DAGs
[2026-05-29T19:20:42.673+0000] {logging_mixin.py:188} INFO - [2026-05-29T19:20:42.673+0000] {dag.py:3834} INFO - Setting next_dagrun for example_complex to None, run_after=None
[2026-05-29T19:20:42.690+0000] {processor.py:183} INFO - Processing /home/airflow/.local/lib/python3.8/site-packages/airflow/example_dags/example_complex.py took 0.064 seconds
[2026-05-29T19:21:13.280+0000] {processor.py:161} INFO - Started process (PID=650) to work on /home/airflow/.local/lib/python3.8/site-packages/airflow/example_dags/example_complex.py
[2026-05-29T19:21:13.283+0000] {processor.py:830} INFO - Processing file /home/airflow/.local/lib/python3.8/site-packages/airflow/example_dags/example_complex.py for tasks to queue
[2026-05-29T19:21:13.288+0000] {logging_mixin.py:188} INFO - [2026-05-29T19:21:13.287+0000] {dagbag.py:540} INFO - Filling up the DagBag from /home/airflow/.local/lib/python3.8/site-packages/airflow/example_dags/example_complex.py
[2026-05-29T19:21:13.303+0000] {processor.py:840} INFO - DAG(s) 'example_complex' retrieved from /home/airflow/.local/lib/python3.8/site-packages/airflow/example_dags/example_complex.py
[2026-05-29T19:21:13.346+0000] {logging_mixin.py:188} INFO - [2026-05-29T19:21:13.346+0000] {dag.py:3047} INFO - Sync 1 DAGs
[2026-05-29T19:21:13.368+0000] {logging_mixin.py:188} INFO - [2026-05-29T19:21:13.368+0000] {dag.py:3834} INFO - Setting next_dagrun for example_complex to None, run_after=None
[2026-05-29T19:21:13.410+0000] {processor.py:183} INFO - Processing /home/airflow/.local/lib/python3.8/site-packages/airflow/example_dags/example_complex.py took 0.141 seconds
[2026-05-29T19:21:43.539+0000] {processor.py:161} INFO - Started process (PID=705) to work on /home/airflow/.local/lib/python3.8/site-packages/airflow/example_dags/example_complex.py
[2026-05-29T19:21:43.541+0000] {processor.py:830} INFO - Processing file /home/airflow/.local/lib/python3.8/site-packages/airflow/example_dags/example_complex.py for tasks to queue
[2026-05-29T19:21:43.543+0000] {logging_mixin.py:188} INFO - [2026-05-29T19:21:43.542+0000] {dagbag.py:540} INFO - Filling up the DagBag from /home/airflow/.local/lib/python3.8/site-packages/airflow/example_dags/example_complex.py
[2026-05-29T19:21:43.551+0000] {processor.py:840} INFO - DAG(s) 'example_complex' retrieved from /home/airflow/.local/lib/python3.8/site-packages/airflow/example_dags/example_complex.py
[2026-05-29T19:21:43.577+0000] {logging_mixin.py:188} INFO - [2026-05-29T19:21:43.576+0000] {dag.py:3047} INFO - Sync 1 DAGs
[2026-05-29T19:21:43.591+0000] {logging_mixin.py:188} INFO - [2026-05-29T19:21:43.591+0000] {dag.py:3834} INFO - Setting next_dagrun for example_complex to None, run_after=None
[2026-05-29T19:21:43.612+0000] {processor.py:183} INFO - Processing /home/airflow/.local/lib/python3.8/site-packages/airflow/example_dags/example_complex.py took 0.076 seconds
[2026-05-29T19:22:13.895+0000] {processor.py:161} INFO - Started process (PID=760) to work on /home/airflow/.local/lib/python3.8/site-packages/airflow/example_dags/example_complex.py
[2026-05-29T19:22:13.897+0000] {processor.py:830} INFO - Processing file /home/airflow/.local/lib/python3.8/site-packages/airflow/example_dags/example_complex.py for tasks to queue
[2026-05-29T19:22:13.902+0000] {logging_mixin.py:188} INFO - [2026-05-29T19:22:13.902+0000] {dagbag.py:540} INFO - Filling up the DagBag from /home/airflow/.local/lib/python3.8/site-packages/airflow/example_dags/example_complex.py
[2026-05-29T19:22:13.911+0000] {processor.py:840} INFO - DAG(s) 'example_complex' retrieved from /home/airflow/.local/lib/python3.8/site-packages/airflow/example_dags/example_complex.py
[2026-05-29T19:22:13.938+0000] {logging_mixin.py:188} INFO - [2026-05-29T19:22:13.937+0000] {dag.py:3047} INFO - Sync 1 DAGs
[2026-05-29T19:22:13.953+0000] {logging_mixin.py:188} INFO - [2026-05-29T19:22:13.953+0000] {dag.py:3834} INFO - Setting next_dagrun for example_complex to None, run_after=None
[2026-05-29T19:22:13.978+0000] {processor.py:183} INFO - Processing /home/airflow/.local/lib/python3.8/site-packages/airflow/example_dags/example_complex.py took 0.087 seconds
[2026-05-29T19:22:44.099+0000] {processor.py:161} INFO - Started process (PID=815) to work on /home/airflow/.local/lib/python3.8/site-packages/airflow/example_dags/example_complex.py
[2026-05-29T19:22:44.100+0000] {processor.py:830} INFO - Processing file /home/airflow/.local/lib/python3.8/site-packages/airflow/example_dags/example_complex.py for tasks to queue
[2026-05-29T19:22:44.108+0000] {logging_mixin.py:188} INFO - [2026-05-29T19:22:44.106+0000] {dagbag.py:540} INFO - Filling up the DagBag from /home/airflow/.local/lib/python3.8/site-packages/airflow/example_dags/example_complex.py
[2026-05-29T19:22:44.120+0000] {processor.py:840} INFO - DAG(s) 'example_complex' retrieved from /home/airflow/.local/lib/python3.8/site-packages/airflow/example_dags/example_complex.py
[2026-05-29T19:22:44.143+0000] {logging_mixin.py:188} INFO - [2026-05-29T19:22:44.143+0000] {dag.py:3047} INFO - Sync 1 DAGs
[2026-05-29T19:22:44.153+0000] {logging_mixin.py:188} INFO - [2026-05-29T19:22:44.153+0000] {dag.py:3834} INFO - Setting next_dagrun for example_complex to None, run_after=None
[2026-05-29T19:22:44.172+0000] {processor.py:183} INFO - Processing /home/airflow/.local/lib/python3.8/site-packages/airflow/example_dags/example_complex.py took 0.077 seconds
[2026-05-29T19:23:14.276+0000] {processor.py:161} INFO - Started process (PID=870) to work on /home/airflow/.local/lib/python3.8/site-packages/airflow/example_dags/example_complex.py
[2026-05-29T19:23:14.278+0000] {processor.py:830} INFO - Processing file /home/airflow/.local/lib/python3.8/site-packages/airflow/example_dags/example_complex.py for tasks to queue
[2026-05-29T19:23:14.280+0000] {logging_mixin.py:188} INFO - [2026-05-29T19:23:14.280+0000] {dagbag.py:540} INFO - Filling up the DagBag from /home/airflow/.local/lib/python3.8/site-packages/airflow/example_dags/example_complex.py
[2026-05-29T19:23:14.290+0000] {processor.py:840} INFO - DAG(s) 'example_complex' retrieved from /home/airflow/.local/lib/python3.8/site-packages/airflow/example_dags/example_complex.py
[2026-05-29T19:23:14.313+0000] {logging_mixin.py:188} INFO - [2026-05-29T19:23:14.313+0000] {dag.py:3047} INFO - Sync 1 DAGs
[2026-05-29T19:23:14.323+0000] {logging_mixin.py:188} INFO - [2026-05-29T19:23:14.323+0000] {dag.py:3834} INFO - Setting next_dagrun for example_complex to None, run_after=None
[2026-05-29T19:23:14.342+0000] {processor.py:183} INFO - Processing /home/airflow/.local/lib/python3.8/site-packages/airflow/example_dags/example_complex.py took 0.069 seconds
[2026-05-29T19:23:45.186+0000] {processor.py:161} INFO - Started process (PID=925) to work on /home/airflow/.local/lib/python3.8/site-packages/airflow/example_dags/example_complex.py
[2026-05-29T19:23:45.187+0000] {processor.py:830} INFO - Processing file /home/airflow/.local/lib/python3.8/site-packages/airflow/example_dags/example_complex.py for tasks to queue
[2026-05-29T19:23:45.189+0000] {logging_mixin.py:188} INFO - [2026-05-29T19:23:45.189+0000] {dagbag.py:540} INFO - Filling up the DagBag from /home/airflow/.local/lib/python3.8/site-packages/airflow/example_dags/example_complex.py
[2026-05-29T19:23:45.197+0000] {processor.py:840} INFO - DAG(s) 'example_complex' retrieved from /home/airflow/.local/lib/python3.8/site-packages/airflow/example_dags/example_complex.py
[2026-05-29T19:23:45.223+0000] {logging_mixin.py:188} INFO - [2026-05-29T19:23:45.222+0000] {dag.py:3047} INFO - Sync 1 DAGs
[2026-05-29T19:23:45.235+0000] {logging_mixin.py:188} INFO - [2026-05-29T19:23:45.234+0000] {dag.py:3834} INFO - Setting next_dagrun for example_complex to None, run_after=None
[2026-05-29T19:23:45.255+0000] {processor.py:183} INFO - Processing /home/airflow/.local/lib/python3.8/site-packages/airflow/example_dags/example_complex.py took 0.072 seconds
[2026-05-29T19:24:15.590+0000] {processor.py:161} INFO - Started process (PID=980) to work on /home/airflow/.local/lib/python3.8/site-packages/airflow/example_dags/example_complex.py
[2026-05-29T19:24:15.593+0000] {processor.py:830} INFO - Processing file /home/airflow/.local/lib/python3.8/site-packages/airflow/example_dags/example_complex.py for tasks to queue
[2026-05-29T19:24:15.596+0000] {logging_mixin.py:188} INFO - [2026-05-29T19:24:15.596+0000] {dagbag.py:540} INFO - Filling up the DagBag from /home/airflow/.local/lib/python3.8/site-packages/airflow/example_dags/example_complex.py
[2026-05-29T19:24:15.605+0000] {processor.py:840} INFO - DAG(s) 'example_complex' retrieved from /home/airflow/.local/lib/python3.8/site-packages/airflow/example_dags/example_complex.py
[2026-05-29T19:24:15.634+0000] {logging_mixin.py:188} INFO - [2026-05-29T19:24:15.634+0000] {dag.py:3047} INFO - Sync 1 DAGs
[2026-05-29T19:24:15.647+0000] {logging_mixin.py:188} INFO - [2026-05-29T19:24:15.646+0000] {dag.py:3834} INFO - Setting next_dagrun for example_complex to None, run_after=None
[2026-05-29T19:24:15.665+0000] {processor.py:183} INFO - Processing /home/airflow/.local/lib/python3.8/site-packages/airflow/example_dags/example_complex.py took 0.079 seconds
[2026-05-29T19:24:45.889+0000] {processor.py:161} INFO - Started process (PID=1035) to work on /home/airflow/.local/lib/python3.8/site-packages/airflow/example_dags/example_complex.py
[2026-05-29T19:24:45.890+0000] {processor.py:830} INFO - Processing file /home/airflow/.local/lib/python3.8/site-packages/airflow/example_dags/example_complex.py for tasks to queue
[2026-05-29T19:24:45.892+0000] {logging_mixin.py:188} INFO - [2026-05-29T19:24:45.892+0000] {dagbag.py:540} INFO - Filling up the DagBag from /home/airflow/.local/lib/python3.8/site-packages/airflow/example_dags/example_complex.py
[2026-05-29T19:24:45.900+0000] {processor.py:840} INFO - DAG(s) 'example_complex' retrieved from /home/airflow/.local/lib/python3.8/site-packages/airflow/example_dags/example_complex.py
[2026-05-29T19:24:45.921+0000] {logging_mixin.py:188} INFO - [2026-05-29T19:24:45.921+0000] {dag.py:3047} INFO - Sync 1 DAGs
[2026-05-29T19:24:45.931+0000] {logging_mixin.py:188} INFO - [2026-05-29T19:24:45.930+0000] {dag.py:3834} INFO - Setting next_dagrun for example_complex to None, run_after=None
[2026-05-29T19:24:45.946+0000] {processor.py:183} INFO - Processing /home/airflow/.local/lib/python3.8/site-packages/airflow/example_dags/example_complex.py took 0.060 seconds
[2026-05-29T19:25:16.338+0000] {processor.py:161} INFO - Started process (PID=1090) to work on /home/airflow/.local/lib/python3.8/site-packages/airflow/example_dags/example_complex.py
[2026-05-29T19:25:16.340+0000] {processor.py:830} INFO - Processing file /home/airflow/.local/lib/python3.8/site-packages/airflow/example_dags/example_complex.py for tasks to queue
[2026-05-29T19:25:16.342+0000] {logging_mixin.py:188} INFO - [2026-05-29T19:25:16.342+0000] {dagbag.py:540} INFO - Filling up the DagBag from /home/airflow/.local/lib/python3.8/site-packages/airflow/example_dags/example_complex.py
[2026-05-29T19:25:16.350+0000] {processor.py:840} INFO - DAG(s) 'example_complex' retrieved from /home/airflow/.local/lib/python3.8/site-packages/airflow/example_dags/example_complex.py
[2026-05-29T19:25:16.371+0000] {logging_mixin.py:188} INFO - [2026-05-29T19:25:16.371+0000] {dag.py:3047} INFO - Sync 1 DAGs
[2026-05-29T19:25:16.382+0000] {logging_mixin.py:188} INFO - [2026-05-29T19:25:16.381+0000] {dag.py:3834} INFO - Setting next_dagrun for example_complex to None, run_after=None
[2026-05-29T19:25:16.399+0000] {processor.py:183} INFO - Processing /home/airflow/.local/lib/python3.8/site-packages/airflow/example_dags/example_complex.py took 0.063 seconds
[2026-05-29T19:25:47.095+0000] {processor.py:161} INFO - Started process (PID=1145) to work on /home/airflow/.local/lib/python3.8/site-packages/airflow/example_dags/example_complex.py
[2026-05-29T19:25:47.097+0000] {processor.py:830} INFO - Processing file /home/airflow/.local/lib/python3.8/site-packages/airflow/example_dags/example_complex.py for tasks to queue
[2026-05-29T19:25:47.101+0000] {logging_mixin.py:188} INFO - [2026-05-29T19:25:47.101+0000] {dagbag.py:540} INFO - Filling up the DagBag from /home/airflow/.local/lib/python3.8/site-packages/airflow/example_dags/example_complex.py
[2026-05-29T19:25:47.110+0000] {processor.py:840} INFO - DAG(s) 'example_complex' retrieved from /home/airflow/.local/lib/python3.8/site-packages/airflow/example_dags/example_complex.py
[2026-05-29T19:25:47.140+0000] {logging_mixin.py:188} INFO - [2026-05-29T19:25:47.139+0000] {dag.py:3047} INFO - Sync 1 DAGs
[2026-05-29T19:25:47.154+0000] {logging_mixin.py:188} INFO - [2026-05-29T19:25:47.154+0000] {dag.py:3834} INFO - Setting next_dagrun for example_complex to None, run_after=None
[2026-05-29T19:25:47.173+0000] {processor.py:183} INFO - Processing /home/airflow/.local/lib/python3.8/site-packages/airflow/example_dags/example_complex.py took 0.081 seconds
[2026-05-29T19:26:17.238+0000] {processor.py:161} INFO - Started process (PID=1200) to work on /home/airflow/.local/lib/python3.8/site-packages/airflow/example_dags/example_complex.py
[2026-05-29T19:26:17.239+0000] {processor.py:830} INFO - Processing file /home/airflow/.local/lib/python3.8/site-packages/airflow/example_dags/example_complex.py for tasks to queue
[2026-05-29T19:26:17.241+0000] {logging_mixin.py:188} INFO - [2026-05-29T19:26:17.241+0000] {dagbag.py:540} INFO - Filling up the DagBag from /home/airflow/.local/lib/python3.8/site-packages/airflow/example_dags/example_complex.py
[2026-05-29T19:26:17.249+0000] {processor.py:840} INFO - DAG(s) 'example_complex' retrieved from /home/airflow/.local/lib/python3.8/site-packages/airflow/example_dags/example_complex.py
[2026-05-29T19:26:17.275+0000] {logging_mixin.py:188} INFO - [2026-05-29T19:26:17.275+0000] {dag.py:3047} INFO - Sync 1 DAGs
[2026-05-29T19:26:17.286+0000] {logging_mixin.py:188} INFO - [2026-05-29T19:26:17.286+0000] {dag.py:3834} INFO - Setting next_dagrun for example_complex to None, run_after=None
[2026-05-29T19:26:17.304+0000] {processor.py:183} INFO - Processing /home/airflow/.local/lib/python3.8/site-packages/airflow/example_dags/example_complex.py took 0.069 seconds
[2026-05-29T19:26:47.424+0000] {processor.py:161} INFO - Started process (PID=1255) to work on /home/airflow/.local/lib/python3.8/site-packages/airflow/example_dags/example_complex.py
[2026-05-29T19:26:47.426+0000] {processor.py:830} INFO - Processing file /home/airflow/.local/lib/python3.8/site-packages/airflow/example_dags/example_complex.py for tasks to queue
[2026-05-29T19:26:47.428+0000] {logging_mixin.py:188} INFO - [2026-05-29T19:26:47.428+0000] {dagbag.py:540} INFO - Filling up the DagBag from /home/airflow/.local/lib/python3.8/site-packages/airflow/example_dags/example_complex.py
[2026-05-29T19:26:47.436+0000] {processor.py:840} INFO - DAG(s) 'example_complex' retrieved from /home/airflow/.local/lib/python3.8/site-packages/airflow/example_dags/example_complex.py
[2026-05-29T19:26:47.462+0000] {logging_mixin.py:188} INFO - [2026-05-29T19:26:47.462+0000] {dag.py:3047} INFO - Sync 1 DAGs
[2026-05-29T19:26:47.472+0000] {logging_mixin.py:188} INFO - [2026-05-29T19:26:47.472+0000] {dag.py:3834} INFO - Setting next_dagrun for example_complex to None, run_after=None
[2026-05-29T19:26:47.494+0000] {processor.py:183} INFO - Processing /home/airflow/.local/lib/python3.8/site-packages/airflow/example_dags/example_complex.py took 0.073 seconds
[2026-05-29T19:27:17.815+0000] {processor.py:161} INFO - Started process (PID=1310) to work on /home/airflow/.local/lib/python3.8/site-packages/airflow/example_dags/example_complex.py
[2026-05-29T19:27:17.817+0000] {processor.py:830} INFO - Processing file /home/airflow/.local/lib/python3.8/site-packages/airflow/example_dags/example_complex.py for tasks to queue
[2026-05-29T19:27:17.821+0000] {logging_mixin.py:188} INFO - [2026-05-29T19:27:17.821+0000] {dagbag.py:540} INFO - Filling up the DagBag from /home/airflow/.local/lib/python3.8/site-packages/airflow/example_dags/example_complex.py
[2026-05-29T19:27:17.835+0000] {processor.py:840} INFO - DAG(s) 'example_complex' retrieved from /home/airflow/.local/lib/python3.8/site-packages/airflow/example_dags/example_complex.py
[2026-05-29T19:27:17.896+0000] {logging_mixin.py:188} INFO - [2026-05-29T19:27:17.895+0000] {dag.py:3047} INFO - Sync 1 DAGs
[2026-05-29T19:27:17.932+0000] {logging_mixin.py:188} INFO - [2026-05-29T19:27:17.931+0000] {dag.py:3834} INFO - Setting next_dagrun for example_complex to None, run_after=None
[2026-05-29T19:27:17.995+0000] {processor.py:183} INFO - Processing /home/airflow/.local/lib/python3.8/site-packages/airflow/example_dags/example_complex.py took 0.184 seconds
[2026-05-29T19:27:48.398+0000] {processor.py:161} INFO - Started process (PID=1365) to work on /home/airflow/.local/lib/python3.8/site-packages/airflow/example_dags/example_complex.py
[2026-05-29T19:27:48.400+0000] {processor.py:830} INFO - Processing file /home/airflow/.local/lib/python3.8/site-packages/airflow/example_dags/example_complex.py for tasks to queue
[2026-05-29T19:27:48.405+0000] {logging_mixin.py:188} INFO - [2026-05-29T19:27:48.403+0000] {dagbag.py:540} INFO - Filling up the DagBag from /home/airflow/.local/lib/python3.8/site-packages/airflow/example_dags/example_complex.py
[2026-05-29T19:27:48.414+0000] {processor.py:840} INFO - DAG(s) 'example_complex' retrieved from /home/airflow/.local/lib/python3.8/site-packages/airflow/example_dags/example_complex.py
[2026-05-29T19:27:48.444+0000] {logging_mixin.py:188} INFO - [2026-05-29T19:27:48.444+0000] {dag.py:3047} INFO - Sync 1 DAGs
[2026-05-29T19:27:48.458+0000] {logging_mixin.py:188} INFO - [2026-05-29T19:27:48.457+0000] {dag.py:3834} INFO - Setting next_dagrun for example_complex to None, run_after=None
[2026-05-29T19:27:48.495+0000] {processor.py:183} INFO - Processing /home/airflow/.local/lib/python3.8/site-packages/airflow/example_dags/example_complex.py took 0.100 seconds
[2026-05-29T19:28:19.824+0000] {processor.py:161} INFO - Started process (PID=1420) to work on /home/airflow/.local/lib/python3.8/site-packages/airflow/example_dags/example_complex.py
[2026-05-29T19:28:19.825+0000] {processor.py:830} INFO - Processing file /home/airflow/.local/lib/python3.8/site-packages/airflow/example_dags/example_complex.py for tasks to queue
[2026-05-29T19:28:19.827+0000] {logging_mixin.py:188} INFO - [2026-05-29T19:28:19.827+0000] {dagbag.py:540} INFO - Filling up the DagBag from /home/airflow/.local/lib/python3.8/site-packages/airflow/example_dags/example_complex.py
[2026-05-29T19:28:19.838+0000] {processor.py:840} INFO - DAG(s) 'example_complex' retrieved from /home/airflow/.local/lib/python3.8/site-packages/airflow/example_dags/example_complex.py
[2026-05-29T19:28:19.871+0000] {logging_mixin.py:188} INFO - [2026-05-29T19:28:19.870+0000] {dag.py:3047} INFO - Sync 1 DAGs
[2026-05-29T19:28:19.883+0000] {logging_mixin.py:188} INFO - [2026-05-29T19:28:19.883+0000] {dag.py:3834} INFO - Setting next_dagrun for example_complex to None, run_after=None
[2026-05-29T19:28:19.899+0000] {processor.py:183} INFO - Processing /home/airflow/.local/lib/python3.8/site-packages/airflow/example_dags/example_complex.py took 0.078 seconds
[2026-05-29T19:28:50.258+0000] {processor.py:161} INFO - Started process (PID=1474) to work on /home/airflow/.local/lib/python3.8/site-packages/airflow/example_dags/example_complex.py
[2026-05-29T19:28:50.260+0000] {processor.py:830} INFO - Processing file /home/airflow/.local/lib/python3.8/site-packages/airflow/example_dags/example_complex.py for tasks to queue
[2026-05-29T19:28:50.263+0000] {logging_mixin.py:188} INFO - [2026-05-29T19:28:50.262+0000] {dagbag.py:540} INFO - Filling up the DagBag from /home/airflow/.local/lib/python3.8/site-packages/airflow/example_dags/example_complex.py
[2026-05-29T19:28:50.275+0000] {processor.py:840} INFO - DAG(s) 'example_complex' retrieved from /home/airflow/.local/lib/python3.8/site-packages/airflow/example_dags/example_complex.py
[2026-05-29T19:28:50.335+0000] {logging_mixin.py:188} INFO - [2026-05-29T19:28:50.335+0000] {dag.py:3047} INFO - Sync 1 DAGs
[2026-05-29T19:28:50.370+0000] {logging_mixin.py:188} INFO - [2026-05-29T19:28:50.370+0000] {dag.py:3834} INFO - Setting next_dagrun for example_complex to None, run_after=None
[2026-05-29T19:28:50.415+0000] {processor.py:183} INFO - Processing /home/airflow/.local/lib/python3.8/site-packages/airflow/example_dags/example_complex.py took 0.162 seconds
[2026-05-29T19:29:21.261+0000] {processor.py:161} INFO - Started process (PID=1529) to work on /home/airflow/.local/lib/python3.8/site-packages/airflow/example_dags/example_complex.py
[2026-05-29T19:29:21.262+0000] {processor.py:830} INFO - Processing file /home/airflow/.local/lib/python3.8/site-packages/airflow/example_dags/example_complex.py for tasks to queue
[2026-05-29T19:29:21.265+0000] {logging_mixin.py:188} INFO - [2026-05-29T19:29:21.265+0000] {dagbag.py:540} INFO - Filling up the DagBag from /home/airflow/.local/lib/python3.8/site-packages/airflow/example_dags/example_complex.py
[2026-05-29T19:29:21.274+0000] {processor.py:840} INFO - DAG(s) 'example_complex' retrieved from /home/airflow/.local/lib/python3.8/site-packages/airflow/example_dags/example_complex.py
[2026-05-29T19:29:21.308+0000] {logging_mixin.py:188} INFO - [2026-05-29T19:29:21.308+0000] {dag.py:3047} INFO - Sync 1 DAGs
[2026-05-29T19:29:21.323+0000] {logging_mixin.py:188} INFO - [2026-05-29T19:29:21.322+0000] {dag.py:3834} INFO - Setting next_dagrun for example_complex to None, run_after=None
[2026-05-29T19:29:21.351+0000] {processor.py:183} INFO - Processing /home/airflow/.local/lib/python3.8/site-packages/airflow/example_dags/example_complex.py took 0.093 seconds
[2026-05-29T19:29:51.919+0000] {processor.py:161} INFO - Started process (PID=1584) to work on /home/airflow/.local/lib/python3.8/site-packages/airflow/example_dags/example_complex.py
[2026-05-29T19:29:51.920+0000] {processor.py:830} INFO - Processing file /home/airflow/.local/lib/python3.8/site-packages/airflow/example_dags/example_complex.py for tasks to queue
[2026-05-29T19:29:51.922+0000] {logging_mixin.py:188} INFO - [2026-05-29T19:29:51.922+0000] {dagbag.py:540} INFO - Filling up the DagBag from /home/airflow/.local/lib/python3.8/site-packages/airflow/example_dags/example_complex.py
[2026-05-29T19:29:51.931+0000] {processor.py:840} INFO - DAG(s) 'example_complex' retrieved from /home/airflow/.local/lib/python3.8/site-packages/airflow/example_dags/example_complex.py
[2026-05-29T19:29:51.956+0000] {logging_mixin.py:188} INFO - [2026-05-29T19:29:51.956+0000] {dag.py:3047} INFO - Sync 1 DAGs
[2026-05-29T19:29:51.967+0000] {logging_mixin.py:188} INFO - [2026-05-29T19:29:51.967+0000] {dag.py:3834} INFO - Setting next_dagrun for example_complex to None, run_after=None
[2026-05-29T19:29:51.986+0000] {processor.py:183} INFO - Processing /home/airflow/.local/lib/python3.8/site-packages/airflow/example_dags/example_complex.py took 0.071 seconds
[2026-05-29T19:30:22.074+0000] {processor.py:161} INFO - Started process (PID=1639) to work on /home/airflow/.local/lib/python3.8/site-packages/airflow/example_dags/example_complex.py
[2026-05-29T19:30:22.075+0000] {processor.py:830} INFO - Processing file /home/airflow/.local/lib/python3.8/site-packages/airflow/example_dags/example_complex.py for tasks to queue
[2026-05-29T19:30:22.078+0000] {logging_mixin.py:188} INFO - [2026-05-29T19:30:22.077+0000] {dagbag.py:540} INFO - Filling up the DagBag from /home/airflow/.local/lib/python3.8/site-packages/airflow/example_dags/example_complex.py
[2026-05-29T19:30:22.089+0000] {processor.py:840} INFO - DAG(s) 'example_complex' retrieved from /home/airflow/.local/lib/python3.8/site-packages/airflow/example_dags/example_complex.py
[2026-05-29T19:30:22.117+0000] {logging_mixin.py:188} INFO - [2026-05-29T19:30:22.117+0000] {dag.py:3047} INFO - Sync 1 DAGs
[2026-05-29T19:30:22.128+0000] {logging_mixin.py:188} INFO - [2026-05-29T19:30:22.128+0000] {dag.py:3834} INFO - Setting next_dagrun for example_complex to None, run_after=None
[2026-05-29T19:30:22.151+0000] {processor.py:183} INFO - Processing /home/airflow/.local/lib/python3.8/site-packages/airflow/example_dags/example_complex.py took 0.080 seconds
[2026-05-29T19:30:52.259+0000] {processor.py:161} INFO - Started process (PID=1694) to work on /home/airflow/.local/lib/python3.8/site-packages/airflow/example_dags/example_complex.py
[2026-05-29T19:30:52.261+0000] {processor.py:830} INFO - Processing file /home/airflow/.local/lib/python3.8/site-packages/airflow/example_dags/example_complex.py for tasks to queue
[2026-05-29T19:30:52.263+0000] {logging_mixin.py:188} INFO - [2026-05-29T19:30:52.263+0000] {dagbag.py:540} INFO - Filling up the DagBag from /home/airflow/.local/lib/python3.8/site-packages/airflow/example_dags/example_complex.py
[2026-05-29T19:30:52.271+0000] {processor.py:840} INFO - DAG(s) 'example_complex' retrieved from /home/airflow/.local/lib/python3.8/site-packages/airflow/example_dags/example_complex.py
[2026-05-29T19:30:52.296+0000] {logging_mixin.py:188} INFO - [2026-05-29T19:30:52.296+0000] {dag.py:3047} INFO - Sync 1 DAGs
[2026-05-29T19:30:52.306+0000] {logging_mixin.py:188} INFO - [2026-05-29T19:30:52.306+0000] {dag.py:3834} INFO - Setting next_dagrun for example_complex to None, run_after=None
[2026-05-29T19:30:52.325+0000] {processor.py:183} INFO - Processing /home/airflow/.local/lib/python3.8/site-packages/airflow/example_dags/example_complex.py took 0.068 seconds
[2026-05-29T19:31:23.214+0000] {processor.py:161} INFO - Started process (PID=1749) to work on /home/airflow/.local/lib/python3.8/site-packages/airflow/example_dags/example_complex.py
[2026-05-29T19:31:23.215+0000] {processor.py:830} INFO - Processing file /home/airflow/.local/lib/python3.8/site-packages/airflow/example_dags/example_complex.py for tasks to queue
[2026-05-29T19:31:23.217+0000] {logging_mixin.py:188} INFO - [2026-05-29T19:31:23.217+0000] {dagbag.py:540} INFO - Filling up the DagBag from /home/airflow/.local/lib/python3.8/site-packages/airflow/example_dags/example_complex.py
[2026-05-29T19:31:23.226+0000] {processor.py:840} INFO - DAG(s) 'example_complex' retrieved from /home/airflow/.local/lib/python3.8/site-packages/airflow/example_dags/example_complex.py
[2026-05-29T19:31:23.248+0000] {logging_mixin.py:188} INFO - [2026-05-29T19:31:23.248+0000] {dag.py:3047} INFO - Sync 1 DAGs
[2026-05-29T19:31:23.260+0000] {logging_mixin.py:188} INFO - [2026-05-29T19:31:23.259+0000] {dag.py:3834} INFO - Setting next_dagrun for example_complex to None, run_after=None
[2026-05-29T19:31:23.279+0000] {processor.py:183} INFO - Processing /home/airflow/.local/lib/python3.8/site-packages/airflow/example_dags/example_complex.py took 0.069 seconds
[2026-05-29T19:31:54.039+0000] {processor.py:161} INFO - Started process (PID=1804) to work on /home/airflow/.local/lib/python3.8/site-packages/airflow/example_dags/example_complex.py
[2026-05-29T19:31:54.040+0000] {processor.py:830} INFO - Processing file /home/airflow/.local/lib/python3.8/site-packages/airflow/example_dags/example_complex.py for tasks to queue
[2026-05-29T19:31:54.043+0000] {logging_mixin.py:188} INFO - [2026-05-29T19:31:54.042+0000] {dagbag.py:540} INFO - Filling up the DagBag from /home/airflow/.local/lib/python3.8/site-packages/airflow/example_dags/example_complex.py
[2026-05-29T19:31:54.053+0000] {processor.py:840} INFO - DAG(s) 'example_complex' retrieved from /home/airflow/.local/lib/python3.8/site-packages/airflow/example_dags/example_complex.py
[2026-05-29T19:31:54.075+0000] {logging_mixin.py:188} INFO - [2026-05-29T19:31:54.075+0000] {dag.py:3047} INFO - Sync 1 DAGs
[2026-05-29T19:31:54.084+0000] {logging_mixin.py:188} INFO - [2026-05-29T19:31:54.084+0000] {dag.py:3834} INFO - Setting next_dagrun for example_complex to None, run_after=None
[2026-05-29T19:31:54.102+0000] {processor.py:183} INFO - Processing /home/airflow/.local/lib/python3.8/site-packages/airflow/example_dags/example_complex.py took 0.067 seconds
[2026-05-29T19:32:24.389+0000] {processor.py:161} INFO - Started process (PID=1859) to work on /home/airflow/.local/lib/python3.8/site-packages/airflow/example_dags/example_complex.py
[2026-05-29T19:32:24.390+0000] {processor.py:830} INFO - Processing file /home/airflow/.local/lib/python3.8/site-packages/airflow/example_dags/example_complex.py for tasks to queue
[2026-05-29T19:32:24.392+0000] {logging_mixin.py:188} INFO - [2026-05-29T19:32:24.392+0000] {dagbag.py:540} INFO - Filling up the DagBag from /home/airflow/.local/lib/python3.8/site-packages/airflow/example_dags/example_complex.py
[2026-05-29T19:32:24.400+0000] {processor.py:840} INFO - DAG(s) 'example_complex' retrieved from /home/airflow/.local/lib/python3.8/site-packages/airflow/example_dags/example_complex.py
[2026-05-29T19:32:24.422+0000] {logging_mixin.py:188} INFO - [2026-05-29T19:32:24.422+0000] {dag.py:3047} INFO - Sync 1 DAGs
[2026-05-29T19:32:24.432+0000] {logging_mixin.py:188} INFO - [2026-05-29T19:32:24.432+0000] {dag.py:3834} INFO - Setting next_dagrun for example_complex to None, run_after=None
[2026-05-29T19:32:24.449+0000] {processor.py:183} INFO - Processing /home/airflow/.local/lib/python3.8/site-packages/airflow/example_dags/example_complex.py took 0.064 seconds
[2026-05-29T19:32:54.695+0000] {processor.py:161} INFO - Started process (PID=1915) to work on /home/airflow/.local/lib/python3.8/site-packages/airflow/example_dags/example_complex.py
[2026-05-29T19:32:54.696+0000] {processor.py:830} INFO - Processing file /home/airflow/.local/lib/python3.8/site-packages/airflow/example_dags/example_complex.py for tasks to queue
[2026-05-29T19:32:54.699+0000] {logging_mixin.py:188} INFO - [2026-05-29T19:32:54.698+0000] {dagbag.py:540} INFO - Filling up the DagBag from /home/airflow/.local/lib/python3.8/site-packages/airflow/example_dags/example_complex.py
[2026-05-29T19:32:54.708+0000] {processor.py:840} INFO - DAG(s) 'example_complex' retrieved from /home/airflow/.local/lib/python3.8/site-packages/airflow/example_dags/example_complex.py
[2026-05-29T19:32:54.744+0000] {logging_mixin.py:188} INFO - [2026-05-29T19:32:54.743+0000] {dag.py:3047} INFO - Sync 1 DAGs
[2026-05-29T19:32:54.757+0000] {logging_mixin.py:188} INFO - [2026-05-29T19:32:54.757+0000] {dag.py:3834} INFO - Setting next_dagrun for example_complex to None, run_after=None
[2026-05-29T19:32:54.787+0000] {processor.py:183} INFO - Processing /home/airflow/.local/lib/python3.8/site-packages/airflow/example_dags/example_complex.py took 0.095 seconds
[2026-05-29T19:33:25.255+0000] {processor.py:161} INFO - Started process (PID=1970) to work on /home/airflow/.local/lib/python3.8/site-packages/airflow/example_dags/example_complex.py
[2026-05-29T19:33:25.256+0000] {processor.py:830} INFO - Processing file /home/airflow/.local/lib/python3.8/site-packages/airflow/example_dags/example_complex.py for tasks to queue
[2026-05-29T19:33:25.258+0000] {logging_mixin.py:188} INFO - [2026-05-29T19:33:25.258+0000] {dagbag.py:540} INFO - Filling up the DagBag from /home/airflow/.local/lib/python3.8/site-packages/airflow/example_dags/example_complex.py
[2026-05-29T19:33:25.267+0000] {processor.py:840} INFO - DAG(s) 'example_complex' retrieved from /home/airflow/.local/lib/python3.8/site-packages/airflow/example_dags/example_complex.py
[2026-05-29T19:33:25.289+0000] {logging_mixin.py:188} INFO - [2026-05-29T19:33:25.289+0000] {dag.py:3047} INFO - Sync 1 DAGs
[2026-05-29T19:33:25.297+0000] {logging_mixin.py:188} INFO - [2026-05-29T19:33:25.297+0000] {dag.py:3834} INFO - Setting next_dagrun for example_complex to None, run_after=None
[2026-05-29T19:33:25.312+0000] {processor.py:183} INFO - Processing /home/airflow/.local/lib/python3.8/site-packages/airflow/example_dags/example_complex.py took 0.060 seconds
[2026-05-29T19:33:55.511+0000] {processor.py:161} INFO - Started process (PID=2025) to work on /home/airflow/.local/lib/python3.8/site-packages/airflow/example_dags/example_complex.py
[2026-05-29T19:33:55.512+0000] {processor.py:830} INFO - Processing file /home/airflow/.local/lib/python3.8/site-packages/airflow/example_dags/example_complex.py for tasks to queue
[2026-05-29T19:33:55.514+0000] {logging_mixin.py:188} INFO - [2026-05-29T19:33:55.514+0000] {dagbag.py:540} INFO - Filling up the DagBag from /home/airflow/.local/lib/python3.8/site-packages/airflow/example_dags/example_complex.py
[2026-05-29T19:33:55.522+0000] {processor.py:840} INFO - DAG(s) 'example_complex' retrieved from /home/airflow/.local/lib/python3.8/site-packages/airflow/example_dags/example_complex.py
[2026-05-29T19:33:55.545+0000] {logging_mixin.py:188} INFO - [2026-05-29T19:33:55.544+0000] {dag.py:3047} INFO - Sync 1 DAGs
[2026-05-29T19:33:55.555+0000] {logging_mixin.py:188} INFO - [2026-05-29T19:33:55.555+0000] {dag.py:3834} INFO - Setting next_dagrun for example_complex to None, run_after=None
[2026-05-29T19:33:55.572+0000] {processor.py:183} INFO - Processing /home/airflow/.local/lib/python3.8/site-packages/airflow/example_dags/example_complex.py took 0.064 seconds
