[2026-05-29T19:16:03.816+0000] {processor.py:161} INFO - Started process (PID=73) to work on /home/airflow/.local/lib/python3.8/site-packages/airflow/example_dags/example_params_ui_tutorial.py
[2026-05-29T19:16:03.819+0000] {processor.py:830} INFO - Processing file /home/airflow/.local/lib/python3.8/site-packages/airflow/example_dags/example_params_ui_tutorial.py for tasks to queue
[2026-05-29T19:16:03.826+0000] {logging_mixin.py:188} INFO - [2026-05-29T19:16:03.825+0000] {dagbag.py:540} INFO - Filling up the DagBag from /home/airflow/.local/lib/python3.8/site-packages/airflow/example_dags/example_params_ui_tutorial.py
[2026-05-29T19:16:03.865+0000] {processor.py:840} INFO - DAG(s) 'example_params_ui_tutorial' retrieved from /home/airflow/.local/lib/python3.8/site-packages/airflow/example_dags/example_params_ui_tutorial.py
[2026-05-29T19:16:04.244+0000] {logging_mixin.py:188} INFO - [2026-05-29T19:16:04.244+0000] {dag.py:3047} INFO - Sync 1 DAGs
[2026-05-29T19:16:04.266+0000] {logging_mixin.py:188} INFO - [2026-05-29T19:16:04.265+0000] {dag.py:3834} INFO - Setting next_dagrun for example_params_ui_tutorial to None, run_after=None
[2026-05-29T19:16:04.335+0000] {processor.py:183} INFO - Processing /home/airflow/.local/lib/python3.8/site-packages/airflow/example_dags/example_params_ui_tutorial.py took 0.540 seconds
[2026-05-29T19:16:35.328+0000] {processor.py:161} INFO - Started process (PID=128) to work on /home/airflow/.local/lib/python3.8/site-packages/airflow/example_dags/example_params_ui_tutorial.py
[2026-05-29T19:16:35.330+0000] {processor.py:830} INFO - Processing file /home/airflow/.local/lib/python3.8/site-packages/airflow/example_dags/example_params_ui_tutorial.py for tasks to queue
[2026-05-29T19:16:35.332+0000] {logging_mixin.py:188} INFO - [2026-05-29T19:16:35.332+0000] {dagbag.py:540} INFO - Filling up the DagBag from /home/airflow/.local/lib/python3.8/site-packages/airflow/example_dags/example_params_ui_tutorial.py
[2026-05-29T19:16:35.345+0000] {processor.py:840} INFO - DAG(s) 'example_params_ui_tutorial' retrieved from /home/airflow/.local/lib/python3.8/site-packages/airflow/example_dags/example_params_ui_tutorial.py
[2026-05-29T19:16:35.390+0000] {logging_mixin.py:188} INFO - [2026-05-29T19:16:35.389+0000] {dag.py:3047} INFO - Sync 1 DAGs
[2026-05-29T19:16:35.402+0000] {logging_mixin.py:188} INFO - [2026-05-29T19:16:35.402+0000] {dag.py:3834} INFO - Setting next_dagrun for example_params_ui_tutorial to None, run_after=None
[2026-05-29T19:16:35.440+0000] {processor.py:183} INFO - Processing /home/airflow/.local/lib/python3.8/site-packages/airflow/example_dags/example_params_ui_tutorial.py took 0.116 seconds
[2026-05-29T19:17:05.819+0000] {processor.py:161} INFO - Started process (PID=183) to work on /home/airflow/.local/lib/python3.8/site-packages/airflow/example_dags/example_params_ui_tutorial.py
[2026-05-29T19:17:05.822+0000] {processor.py:830} INFO - Processing file /home/airflow/.local/lib/python3.8/site-packages/airflow/example_dags/example_params_ui_tutorial.py for tasks to queue
[2026-05-29T19:17:05.824+0000] {logging_mixin.py:188} INFO - [2026-05-29T19:17:05.824+0000] {dagbag.py:540} INFO - Filling up the DagBag from /home/airflow/.local/lib/python3.8/site-packages/airflow/example_dags/example_params_ui_tutorial.py
[2026-05-29T19:17:05.837+0000] {processor.py:840} INFO - DAG(s) 'example_params_ui_tutorial' retrieved from /home/airflow/.local/lib/python3.8/site-packages/airflow/example_dags/example_params_ui_tutorial.py
[2026-05-29T19:17:05.881+0000] {logging_mixin.py:188} INFO - [2026-05-29T19:17:05.881+0000] {dag.py:3047} INFO - Sync 1 DAGs
[2026-05-29T19:17:05.893+0000] {logging_mixin.py:188} INFO - [2026-05-29T19:17:05.893+0000] {dag.py:3834} INFO - Setting next_dagrun for example_params_ui_tutorial to None, run_after=None
[2026-05-29T19:17:05.915+0000] {processor.py:183} INFO - Processing /home/airflow/.local/lib/python3.8/site-packages/airflow/example_dags/example_params_ui_tutorial.py took 0.102 seconds
[2026-05-29T19:17:36.056+0000] {processor.py:161} INFO - Started process (PID=238) to work on /home/airflow/.local/lib/python3.8/site-packages/airflow/example_dags/example_params_ui_tutorial.py
[2026-05-29T19:17:36.058+0000] {processor.py:830} INFO - Processing file /home/airflow/.local/lib/python3.8/site-packages/airflow/example_dags/example_params_ui_tutorial.py for tasks to queue
[2026-05-29T19:17:36.060+0000] {logging_mixin.py:188} INFO - [2026-05-29T19:17:36.060+0000] {dagbag.py:540} INFO - Filling up the DagBag from /home/airflow/.local/lib/python3.8/site-packages/airflow/example_dags/example_params_ui_tutorial.py
[2026-05-29T19:17:36.075+0000] {processor.py:840} INFO - DAG(s) 'example_params_ui_tutorial' retrieved from /home/airflow/.local/lib/python3.8/site-packages/airflow/example_dags/example_params_ui_tutorial.py
[2026-05-29T19:17:36.148+0000] {logging_mixin.py:188} INFO - [2026-05-29T19:17:36.148+0000] {dag.py:3047} INFO - Sync 1 DAGs
[2026-05-29T19:17:36.173+0000] {logging_mixin.py:188} INFO - [2026-05-29T19:17:36.173+0000] {dag.py:3834} INFO - Setting next_dagrun for example_params_ui_tutorial to None, run_after=None
[2026-05-29T19:17:36.211+0000] {processor.py:183} INFO - Processing /home/airflow/.local/lib/python3.8/site-packages/airflow/example_dags/example_params_ui_tutorial.py took 0.160 seconds
[2026-05-29T19:18:06.286+0000] {processor.py:161} INFO - Started process (PID=293) to work on /home/airflow/.local/lib/python3.8/site-packages/airflow/example_dags/example_params_ui_tutorial.py
[2026-05-29T19:18:06.288+0000] {processor.py:830} INFO - Processing file /home/airflow/.local/lib/python3.8/site-packages/airflow/example_dags/example_params_ui_tutorial.py for tasks to queue
[2026-05-29T19:18:06.290+0000] {logging_mixin.py:188} INFO - [2026-05-29T19:18:06.290+0000] {dagbag.py:540} INFO - Filling up the DagBag from /home/airflow/.local/lib/python3.8/site-packages/airflow/example_dags/example_params_ui_tutorial.py
[2026-05-29T19:18:06.300+0000] {processor.py:840} INFO - DAG(s) 'example_params_ui_tutorial' retrieved from /home/airflow/.local/lib/python3.8/site-packages/airflow/example_dags/example_params_ui_tutorial.py
[2026-05-29T19:18:06.341+0000] {logging_mixin.py:188} INFO - [2026-05-29T19:18:06.340+0000] {dag.py:3047} INFO - Sync 1 DAGs
[2026-05-29T19:18:06.350+0000] {logging_mixin.py:188} INFO - [2026-05-29T19:18:06.350+0000] {dag.py:3834} INFO - Setting next_dagrun for example_params_ui_tutorial to None, run_after=None
[2026-05-29T19:18:06.365+0000] {processor.py:183} INFO - Processing /home/airflow/.local/lib/python3.8/site-packages/airflow/example_dags/example_params_ui_tutorial.py took 0.082 seconds
[2026-05-29T19:18:36.548+0000] {processor.py:161} INFO - Started process (PID=348) to work on /home/airflow/.local/lib/python3.8/site-packages/airflow/example_dags/example_params_ui_tutorial.py
[2026-05-29T19:18:36.549+0000] {processor.py:830} INFO - Processing file /home/airflow/.local/lib/python3.8/site-packages/airflow/example_dags/example_params_ui_tutorial.py for tasks to queue
[2026-05-29T19:18:36.551+0000] {logging_mixin.py:188} INFO - [2026-05-29T19:18:36.551+0000] {dagbag.py:540} INFO - Filling up the DagBag from /home/airflow/.local/lib/python3.8/site-packages/airflow/example_dags/example_params_ui_tutorial.py
[2026-05-29T19:18:36.562+0000] {processor.py:840} INFO - DAG(s) 'example_params_ui_tutorial' retrieved from /home/airflow/.local/lib/python3.8/site-packages/airflow/example_dags/example_params_ui_tutorial.py
[2026-05-29T19:18:36.602+0000] {logging_mixin.py:188} INFO - [2026-05-29T19:18:36.602+0000] {dag.py:3047} INFO - Sync 1 DAGs
[2026-05-29T19:18:36.612+0000] {logging_mixin.py:188} INFO - [2026-05-29T19:18:36.612+0000] {dag.py:3834} INFO - Setting next_dagrun for example_params_ui_tutorial to None, run_after=None
[2026-05-29T19:18:36.631+0000] {processor.py:183} INFO - Processing /home/airflow/.local/lib/python3.8/site-packages/airflow/example_dags/example_params_ui_tutorial.py took 0.086 seconds
[2026-05-29T19:19:07.029+0000] {processor.py:161} INFO - Started process (PID=403) to work on /home/airflow/.local/lib/python3.8/site-packages/airflow/example_dags/example_params_ui_tutorial.py
[2026-05-29T19:19:07.031+0000] {processor.py:830} INFO - Processing file /home/airflow/.local/lib/python3.8/site-packages/airflow/example_dags/example_params_ui_tutorial.py for tasks to queue
[2026-05-29T19:19:07.033+0000] {logging_mixin.py:188} INFO - [2026-05-29T19:19:07.032+0000] {dagbag.py:540} INFO - Filling up the DagBag from /home/airflow/.local/lib/python3.8/site-packages/airflow/example_dags/example_params_ui_tutorial.py
[2026-05-29T19:19:07.049+0000] {processor.py:840} INFO - DAG(s) 'example_params_ui_tutorial' retrieved from /home/airflow/.local/lib/python3.8/site-packages/airflow/example_dags/example_params_ui_tutorial.py
[2026-05-29T19:19:07.098+0000] {logging_mixin.py:188} INFO - [2026-05-29T19:19:07.098+0000] {dag.py:3047} INFO - Sync 1 DAGs
[2026-05-29T19:19:07.111+0000] {logging_mixin.py:188} INFO - [2026-05-29T19:19:07.111+0000] {dag.py:3834} INFO - Setting next_dagrun for example_params_ui_tutorial to None, run_after=None
[2026-05-29T19:19:07.131+0000] {processor.py:183} INFO - Processing /home/airflow/.local/lib/python3.8/site-packages/airflow/example_dags/example_params_ui_tutorial.py took 0.105 seconds
[2026-05-29T19:19:37.288+0000] {processor.py:161} INFO - Started process (PID=458) to work on /home/airflow/.local/lib/python3.8/site-packages/airflow/example_dags/example_params_ui_tutorial.py
[2026-05-29T19:19:37.289+0000] {processor.py:830} INFO - Processing file /home/airflow/.local/lib/python3.8/site-packages/airflow/example_dags/example_params_ui_tutorial.py for tasks to queue
[2026-05-29T19:19:37.292+0000] {logging_mixin.py:188} INFO - [2026-05-29T19:19:37.291+0000] {dagbag.py:540} INFO - Filling up the DagBag from /home/airflow/.local/lib/python3.8/site-packages/airflow/example_dags/example_params_ui_tutorial.py
[2026-05-29T19:19:37.305+0000] {processor.py:840} INFO - DAG(s) 'example_params_ui_tutorial' retrieved from /home/airflow/.local/lib/python3.8/site-packages/airflow/example_dags/example_params_ui_tutorial.py
[2026-05-29T19:19:37.365+0000] {logging_mixin.py:188} INFO - [2026-05-29T19:19:37.364+0000] {dag.py:3047} INFO - Sync 1 DAGs
[2026-05-29T19:19:37.376+0000] {logging_mixin.py:188} INFO - [2026-05-29T19:19:37.376+0000] {dag.py:3834} INFO - Setting next_dagrun for example_params_ui_tutorial to None, run_after=None
[2026-05-29T19:19:37.405+0000] {processor.py:183} INFO - Processing /home/airflow/.local/lib/python3.8/site-packages/airflow/example_dags/example_params_ui_tutorial.py took 0.121 seconds
[2026-05-29T19:20:07.820+0000] {processor.py:161} INFO - Started process (PID=513) to work on /home/airflow/.local/lib/python3.8/site-packages/airflow/example_dags/example_params_ui_tutorial.py
[2026-05-29T19:20:07.821+0000] {processor.py:830} INFO - Processing file /home/airflow/.local/lib/python3.8/site-packages/airflow/example_dags/example_params_ui_tutorial.py for tasks to queue
[2026-05-29T19:20:07.823+0000] {logging_mixin.py:188} INFO - [2026-05-29T19:20:07.823+0000] {dagbag.py:540} INFO - Filling up the DagBag from /home/airflow/.local/lib/python3.8/site-packages/airflow/example_dags/example_params_ui_tutorial.py
[2026-05-29T19:20:07.834+0000] {processor.py:840} INFO - DAG(s) 'example_params_ui_tutorial' retrieved from /home/airflow/.local/lib/python3.8/site-packages/airflow/example_dags/example_params_ui_tutorial.py
[2026-05-29T19:20:07.875+0000] {logging_mixin.py:188} INFO - [2026-05-29T19:20:07.875+0000] {dag.py:3047} INFO - Sync 1 DAGs
[2026-05-29T19:20:07.887+0000] {logging_mixin.py:188} INFO - [2026-05-29T19:20:07.886+0000] {dag.py:3834} INFO - Setting next_dagrun for example_params_ui_tutorial to None, run_after=None
[2026-05-29T19:20:07.915+0000] {processor.py:183} INFO - Processing /home/airflow/.local/lib/python3.8/site-packages/airflow/example_dags/example_params_ui_tutorial.py took 0.097 seconds
[2026-05-29T19:20:38.099+0000] {processor.py:161} INFO - Started process (PID=568) to work on /home/airflow/.local/lib/python3.8/site-packages/airflow/example_dags/example_params_ui_tutorial.py
[2026-05-29T19:20:38.100+0000] {processor.py:830} INFO - Processing file /home/airflow/.local/lib/python3.8/site-packages/airflow/example_dags/example_params_ui_tutorial.py for tasks to queue
[2026-05-29T19:20:38.102+0000] {logging_mixin.py:188} INFO - [2026-05-29T19:20:38.102+0000] {dagbag.py:540} INFO - Filling up the DagBag from /home/airflow/.local/lib/python3.8/site-packages/airflow/example_dags/example_params_ui_tutorial.py
[2026-05-29T19:20:38.113+0000] {processor.py:840} INFO - DAG(s) 'example_params_ui_tutorial' retrieved from /home/airflow/.local/lib/python3.8/site-packages/airflow/example_dags/example_params_ui_tutorial.py
[2026-05-29T19:20:38.153+0000] {logging_mixin.py:188} INFO - [2026-05-29T19:20:38.152+0000] {dag.py:3047} INFO - Sync 1 DAGs
[2026-05-29T19:20:38.162+0000] {logging_mixin.py:188} INFO - [2026-05-29T19:20:38.162+0000] {dag.py:3834} INFO - Setting next_dagrun for example_params_ui_tutorial to None, run_after=None
[2026-05-29T19:20:38.182+0000] {processor.py:183} INFO - Processing /home/airflow/.local/lib/python3.8/site-packages/airflow/example_dags/example_params_ui_tutorial.py took 0.086 seconds
[2026-05-29T19:21:08.496+0000] {processor.py:161} INFO - Started process (PID=623) to work on /home/airflow/.local/lib/python3.8/site-packages/airflow/example_dags/example_params_ui_tutorial.py
[2026-05-29T19:21:08.497+0000] {processor.py:830} INFO - Processing file /home/airflow/.local/lib/python3.8/site-packages/airflow/example_dags/example_params_ui_tutorial.py for tasks to queue
[2026-05-29T19:21:08.499+0000] {logging_mixin.py:188} INFO - [2026-05-29T19:21:08.499+0000] {dagbag.py:540} INFO - Filling up the DagBag from /home/airflow/.local/lib/python3.8/site-packages/airflow/example_dags/example_params_ui_tutorial.py
[2026-05-29T19:21:08.508+0000] {processor.py:840} INFO - DAG(s) 'example_params_ui_tutorial' retrieved from /home/airflow/.local/lib/python3.8/site-packages/airflow/example_dags/example_params_ui_tutorial.py
[2026-05-29T19:21:08.553+0000] {logging_mixin.py:188} INFO - [2026-05-29T19:21:08.552+0000] {dag.py:3047} INFO - Sync 1 DAGs
[2026-05-29T19:21:08.562+0000] {logging_mixin.py:188} INFO - [2026-05-29T19:21:08.562+0000] {dag.py:3834} INFO - Setting next_dagrun for example_params_ui_tutorial to None, run_after=None
[2026-05-29T19:21:08.580+0000] {processor.py:183} INFO - Processing /home/airflow/.local/lib/python3.8/site-packages/airflow/example_dags/example_params_ui_tutorial.py took 0.087 seconds
[2026-05-29T19:21:38.734+0000] {processor.py:161} INFO - Started process (PID=678) to work on /home/airflow/.local/lib/python3.8/site-packages/airflow/example_dags/example_params_ui_tutorial.py
[2026-05-29T19:21:38.736+0000] {processor.py:830} INFO - Processing file /home/airflow/.local/lib/python3.8/site-packages/airflow/example_dags/example_params_ui_tutorial.py for tasks to queue
[2026-05-29T19:21:38.741+0000] {logging_mixin.py:188} INFO - [2026-05-29T19:21:38.740+0000] {dagbag.py:540} INFO - Filling up the DagBag from /home/airflow/.local/lib/python3.8/site-packages/airflow/example_dags/example_params_ui_tutorial.py
[2026-05-29T19:21:38.752+0000] {processor.py:840} INFO - DAG(s) 'example_params_ui_tutorial' retrieved from /home/airflow/.local/lib/python3.8/site-packages/airflow/example_dags/example_params_ui_tutorial.py
[2026-05-29T19:21:38.795+0000] {logging_mixin.py:188} INFO - [2026-05-29T19:21:38.794+0000] {dag.py:3047} INFO - Sync 1 DAGs
[2026-05-29T19:21:38.809+0000] {logging_mixin.py:188} INFO - [2026-05-29T19:21:38.808+0000] {dag.py:3834} INFO - Setting next_dagrun for example_params_ui_tutorial to None, run_after=None
[2026-05-29T19:21:38.826+0000] {processor.py:183} INFO - Processing /home/airflow/.local/lib/python3.8/site-packages/airflow/example_dags/example_params_ui_tutorial.py took 0.094 seconds
[2026-05-29T19:22:09.059+0000] {processor.py:161} INFO - Started process (PID=733) to work on /home/airflow/.local/lib/python3.8/site-packages/airflow/example_dags/example_params_ui_tutorial.py
[2026-05-29T19:22:09.061+0000] {processor.py:830} INFO - Processing file /home/airflow/.local/lib/python3.8/site-packages/airflow/example_dags/example_params_ui_tutorial.py for tasks to queue
[2026-05-29T19:22:09.063+0000] {logging_mixin.py:188} INFO - [2026-05-29T19:22:09.062+0000] {dagbag.py:540} INFO - Filling up the DagBag from /home/airflow/.local/lib/python3.8/site-packages/airflow/example_dags/example_params_ui_tutorial.py
[2026-05-29T19:22:09.072+0000] {processor.py:840} INFO - DAG(s) 'example_params_ui_tutorial' retrieved from /home/airflow/.local/lib/python3.8/site-packages/airflow/example_dags/example_params_ui_tutorial.py
[2026-05-29T19:22:09.114+0000] {logging_mixin.py:188} INFO - [2026-05-29T19:22:09.114+0000] {dag.py:3047} INFO - Sync 1 DAGs
[2026-05-29T19:22:09.123+0000] {logging_mixin.py:188} INFO - [2026-05-29T19:22:09.123+0000] {dag.py:3834} INFO - Setting next_dagrun for example_params_ui_tutorial to None, run_after=None
[2026-05-29T19:22:09.141+0000] {processor.py:183} INFO - Processing /home/airflow/.local/lib/python3.8/site-packages/airflow/example_dags/example_params_ui_tutorial.py took 0.085 seconds
[2026-05-29T19:22:39.342+0000] {processor.py:161} INFO - Started process (PID=788) to work on /home/airflow/.local/lib/python3.8/site-packages/airflow/example_dags/example_params_ui_tutorial.py
[2026-05-29T19:22:39.343+0000] {processor.py:830} INFO - Processing file /home/airflow/.local/lib/python3.8/site-packages/airflow/example_dags/example_params_ui_tutorial.py for tasks to queue
[2026-05-29T19:22:39.345+0000] {logging_mixin.py:188} INFO - [2026-05-29T19:22:39.345+0000] {dagbag.py:540} INFO - Filling up the DagBag from /home/airflow/.local/lib/python3.8/site-packages/airflow/example_dags/example_params_ui_tutorial.py
[2026-05-29T19:22:39.357+0000] {processor.py:840} INFO - DAG(s) 'example_params_ui_tutorial' retrieved from /home/airflow/.local/lib/python3.8/site-packages/airflow/example_dags/example_params_ui_tutorial.py
[2026-05-29T19:22:39.395+0000] {logging_mixin.py:188} INFO - [2026-05-29T19:22:39.394+0000] {dag.py:3047} INFO - Sync 1 DAGs
[2026-05-29T19:22:39.404+0000] {logging_mixin.py:188} INFO - [2026-05-29T19:22:39.404+0000] {dag.py:3834} INFO - Setting next_dagrun for example_params_ui_tutorial to None, run_after=None
[2026-05-29T19:22:39.422+0000] {processor.py:183} INFO - Processing /home/airflow/.local/lib/python3.8/site-packages/airflow/example_dags/example_params_ui_tutorial.py took 0.082 seconds
[2026-05-29T19:23:09.520+0000] {processor.py:161} INFO - Started process (PID=843) to work on /home/airflow/.local/lib/python3.8/site-packages/airflow/example_dags/example_params_ui_tutorial.py
[2026-05-29T19:23:09.522+0000] {processor.py:830} INFO - Processing file /home/airflow/.local/lib/python3.8/site-packages/airflow/example_dags/example_params_ui_tutorial.py for tasks to queue
[2026-05-29T19:23:09.524+0000] {logging_mixin.py:188} INFO - [2026-05-29T19:23:09.523+0000] {dagbag.py:540} INFO - Filling up the DagBag from /home/airflow/.local/lib/python3.8/site-packages/airflow/example_dags/example_params_ui_tutorial.py
[2026-05-29T19:23:09.534+0000] {processor.py:840} INFO - DAG(s) 'example_params_ui_tutorial' retrieved from /home/airflow/.local/lib/python3.8/site-packages/airflow/example_dags/example_params_ui_tutorial.py
[2026-05-29T19:23:09.576+0000] {logging_mixin.py:188} INFO - [2026-05-29T19:23:09.576+0000] {dag.py:3047} INFO - Sync 1 DAGs
[2026-05-29T19:23:09.586+0000] {logging_mixin.py:188} INFO - [2026-05-29T19:23:09.585+0000] {dag.py:3834} INFO - Setting next_dagrun for example_params_ui_tutorial to None, run_after=None
[2026-05-29T19:23:09.605+0000] {processor.py:183} INFO - Processing /home/airflow/.local/lib/python3.8/site-packages/airflow/example_dags/example_params_ui_tutorial.py took 0.088 seconds
[2026-05-29T19:23:39.679+0000] {processor.py:161} INFO - Started process (PID=898) to work on /home/airflow/.local/lib/python3.8/site-packages/airflow/example_dags/example_params_ui_tutorial.py
[2026-05-29T19:23:39.680+0000] {processor.py:830} INFO - Processing file /home/airflow/.local/lib/python3.8/site-packages/airflow/example_dags/example_params_ui_tutorial.py for tasks to queue
[2026-05-29T19:23:39.682+0000] {logging_mixin.py:188} INFO - [2026-05-29T19:23:39.682+0000] {dagbag.py:540} INFO - Filling up the DagBag from /home/airflow/.local/lib/python3.8/site-packages/airflow/example_dags/example_params_ui_tutorial.py
[2026-05-29T19:23:39.691+0000] {processor.py:840} INFO - DAG(s) 'example_params_ui_tutorial' retrieved from /home/airflow/.local/lib/python3.8/site-packages/airflow/example_dags/example_params_ui_tutorial.py
[2026-05-29T19:23:39.735+0000] {logging_mixin.py:188} INFO - [2026-05-29T19:23:39.735+0000] {dag.py:3047} INFO - Sync 1 DAGs
[2026-05-29T19:23:39.747+0000] {logging_mixin.py:188} INFO - [2026-05-29T19:23:39.746+0000] {dag.py:3834} INFO - Setting next_dagrun for example_params_ui_tutorial to None, run_after=None
[2026-05-29T19:23:39.766+0000] {processor.py:183} INFO - Processing /home/airflow/.local/lib/python3.8/site-packages/airflow/example_dags/example_params_ui_tutorial.py took 0.090 seconds
[2026-05-29T19:24:09.851+0000] {processor.py:161} INFO - Started process (PID=953) to work on /home/airflow/.local/lib/python3.8/site-packages/airflow/example_dags/example_params_ui_tutorial.py
[2026-05-29T19:24:09.853+0000] {processor.py:830} INFO - Processing file /home/airflow/.local/lib/python3.8/site-packages/airflow/example_dags/example_params_ui_tutorial.py for tasks to queue
[2026-05-29T19:24:09.854+0000] {logging_mixin.py:188} INFO - [2026-05-29T19:24:09.854+0000] {dagbag.py:540} INFO - Filling up the DagBag from /home/airflow/.local/lib/python3.8/site-packages/airflow/example_dags/example_params_ui_tutorial.py
[2026-05-29T19:24:09.863+0000] {processor.py:840} INFO - DAG(s) 'example_params_ui_tutorial' retrieved from /home/airflow/.local/lib/python3.8/site-packages/airflow/example_dags/example_params_ui_tutorial.py
[2026-05-29T19:24:09.905+0000] {logging_mixin.py:188} INFO - [2026-05-29T19:24:09.905+0000] {dag.py:3047} INFO - Sync 1 DAGs
[2026-05-29T19:24:09.915+0000] {logging_mixin.py:188} INFO - [2026-05-29T19:24:09.915+0000] {dag.py:3834} INFO - Setting next_dagrun for example_params_ui_tutorial to None, run_after=None
[2026-05-29T19:24:09.934+0000] {processor.py:183} INFO - Processing /home/airflow/.local/lib/python3.8/site-packages/airflow/example_dags/example_params_ui_tutorial.py took 0.085 seconds
[2026-05-29T19:24:40.181+0000] {processor.py:161} INFO - Started process (PID=1008) to work on /home/airflow/.local/lib/python3.8/site-packages/airflow/example_dags/example_params_ui_tutorial.py
[2026-05-29T19:24:40.183+0000] {processor.py:830} INFO - Processing file /home/airflow/.local/lib/python3.8/site-packages/airflow/example_dags/example_params_ui_tutorial.py for tasks to queue
[2026-05-29T19:24:40.186+0000] {logging_mixin.py:188} INFO - [2026-05-29T19:24:40.186+0000] {dagbag.py:540} INFO - Filling up the DagBag from /home/airflow/.local/lib/python3.8/site-packages/airflow/example_dags/example_params_ui_tutorial.py
[2026-05-29T19:24:40.212+0000] {processor.py:840} INFO - DAG(s) 'example_params_ui_tutorial' retrieved from /home/airflow/.local/lib/python3.8/site-packages/airflow/example_dags/example_params_ui_tutorial.py
[2026-05-29T19:24:40.266+0000] {logging_mixin.py:188} INFO - [2026-05-29T19:24:40.265+0000] {dag.py:3047} INFO - Sync 1 DAGs
[2026-05-29T19:24:40.278+0000] {logging_mixin.py:188} INFO - [2026-05-29T19:24:40.278+0000] {dag.py:3834} INFO - Setting next_dagrun for example_params_ui_tutorial to None, run_after=None
[2026-05-29T19:24:40.305+0000] {processor.py:183} INFO - Processing /home/airflow/.local/lib/python3.8/site-packages/airflow/example_dags/example_params_ui_tutorial.py took 0.132 seconds
[2026-05-29T19:25:10.526+0000] {processor.py:161} INFO - Started process (PID=1063) to work on /home/airflow/.local/lib/python3.8/site-packages/airflow/example_dags/example_params_ui_tutorial.py
[2026-05-29T19:25:10.528+0000] {processor.py:830} INFO - Processing file /home/airflow/.local/lib/python3.8/site-packages/airflow/example_dags/example_params_ui_tutorial.py for tasks to queue
[2026-05-29T19:25:10.529+0000] {logging_mixin.py:188} INFO - [2026-05-29T19:25:10.529+0000] {dagbag.py:540} INFO - Filling up the DagBag from /home/airflow/.local/lib/python3.8/site-packages/airflow/example_dags/example_params_ui_tutorial.py
[2026-05-29T19:25:10.539+0000] {processor.py:840} INFO - DAG(s) 'example_params_ui_tutorial' retrieved from /home/airflow/.local/lib/python3.8/site-packages/airflow/example_dags/example_params_ui_tutorial.py
[2026-05-29T19:25:10.576+0000] {logging_mixin.py:188} INFO - [2026-05-29T19:25:10.576+0000] {dag.py:3047} INFO - Sync 1 DAGs
[2026-05-29T19:25:10.586+0000] {logging_mixin.py:188} INFO - [2026-05-29T19:25:10.585+0000] {dag.py:3834} INFO - Setting next_dagrun for example_params_ui_tutorial to None, run_after=None
[2026-05-29T19:25:10.607+0000] {processor.py:183} INFO - Processing /home/airflow/.local/lib/python3.8/site-packages/airflow/example_dags/example_params_ui_tutorial.py took 0.084 seconds
[2026-05-29T19:25:41.411+0000] {processor.py:161} INFO - Started process (PID=1118) to work on /home/airflow/.local/lib/python3.8/site-packages/airflow/example_dags/example_params_ui_tutorial.py
[2026-05-29T19:25:41.414+0000] {processor.py:830} INFO - Processing file /home/airflow/.local/lib/python3.8/site-packages/airflow/example_dags/example_params_ui_tutorial.py for tasks to queue
[2026-05-29T19:25:41.420+0000] {logging_mixin.py:188} INFO - [2026-05-29T19:25:41.419+0000] {dagbag.py:540} INFO - Filling up the DagBag from /home/airflow/.local/lib/python3.8/site-packages/airflow/example_dags/example_params_ui_tutorial.py
[2026-05-29T19:25:41.443+0000] {processor.py:840} INFO - DAG(s) 'example_params_ui_tutorial' retrieved from /home/airflow/.local/lib/python3.8/site-packages/airflow/example_dags/example_params_ui_tutorial.py
[2026-05-29T19:25:41.527+0000] {logging_mixin.py:188} INFO - [2026-05-29T19:25:41.523+0000] {dag.py:3047} INFO - Sync 1 DAGs
[2026-05-29T19:25:41.549+0000] {logging_mixin.py:188} INFO - [2026-05-29T19:25:41.549+0000] {dag.py:3834} INFO - Setting next_dagrun for example_params_ui_tutorial to None, run_after=None
[2026-05-29T19:25:41.593+0000] {processor.py:183} INFO - Processing /home/airflow/.local/lib/python3.8/site-packages/airflow/example_dags/example_params_ui_tutorial.py took 0.198 seconds
[2026-05-29T19:26:12.472+0000] {processor.py:161} INFO - Started process (PID=1173) to work on /home/airflow/.local/lib/python3.8/site-packages/airflow/example_dags/example_params_ui_tutorial.py
[2026-05-29T19:26:12.473+0000] {processor.py:830} INFO - Processing file /home/airflow/.local/lib/python3.8/site-packages/airflow/example_dags/example_params_ui_tutorial.py for tasks to queue
[2026-05-29T19:26:12.476+0000] {logging_mixin.py:188} INFO - [2026-05-29T19:26:12.475+0000] {dagbag.py:540} INFO - Filling up the DagBag from /home/airflow/.local/lib/python3.8/site-packages/airflow/example_dags/example_params_ui_tutorial.py
[2026-05-29T19:26:12.487+0000] {processor.py:840} INFO - DAG(s) 'example_params_ui_tutorial' retrieved from /home/airflow/.local/lib/python3.8/site-packages/airflow/example_dags/example_params_ui_tutorial.py
[2026-05-29T19:26:12.537+0000] {logging_mixin.py:188} INFO - [2026-05-29T19:26:12.536+0000] {dag.py:3047} INFO - Sync 1 DAGs
[2026-05-29T19:26:12.547+0000] {logging_mixin.py:188} INFO - [2026-05-29T19:26:12.547+0000] {dag.py:3834} INFO - Setting next_dagrun for example_params_ui_tutorial to None, run_after=None
[2026-05-29T19:26:12.572+0000] {processor.py:183} INFO - Processing /home/airflow/.local/lib/python3.8/site-packages/airflow/example_dags/example_params_ui_tutorial.py took 0.103 seconds
[2026-05-29T19:26:42.918+0000] {processor.py:161} INFO - Started process (PID=1228) to work on /home/airflow/.local/lib/python3.8/site-packages/airflow/example_dags/example_params_ui_tutorial.py
[2026-05-29T19:26:42.919+0000] {processor.py:830} INFO - Processing file /home/airflow/.local/lib/python3.8/site-packages/airflow/example_dags/example_params_ui_tutorial.py for tasks to queue
[2026-05-29T19:26:42.921+0000] {logging_mixin.py:188} INFO - [2026-05-29T19:26:42.921+0000] {dagbag.py:540} INFO - Filling up the DagBag from /home/airflow/.local/lib/python3.8/site-packages/airflow/example_dags/example_params_ui_tutorial.py
[2026-05-29T19:26:42.930+0000] {processor.py:840} INFO - DAG(s) 'example_params_ui_tutorial' retrieved from /home/airflow/.local/lib/python3.8/site-packages/airflow/example_dags/example_params_ui_tutorial.py
[2026-05-29T19:26:42.972+0000] {logging_mixin.py:188} INFO - [2026-05-29T19:26:42.972+0000] {dag.py:3047} INFO - Sync 1 DAGs
[2026-05-29T19:26:42.982+0000] {logging_mixin.py:188} INFO - [2026-05-29T19:26:42.982+0000] {dag.py:3834} INFO - Setting next_dagrun for example_params_ui_tutorial to None, run_after=None
[2026-05-29T19:26:43.002+0000] {processor.py:183} INFO - Processing /home/airflow/.local/lib/python3.8/site-packages/airflow/example_dags/example_params_ui_tutorial.py took 0.087 seconds
[2026-05-29T19:27:14.020+0000] {processor.py:161} INFO - Started process (PID=1283) to work on /home/airflow/.local/lib/python3.8/site-packages/airflow/example_dags/example_params_ui_tutorial.py
[2026-05-29T19:27:14.021+0000] {processor.py:830} INFO - Processing file /home/airflow/.local/lib/python3.8/site-packages/airflow/example_dags/example_params_ui_tutorial.py for tasks to queue
[2026-05-29T19:27:14.024+0000] {logging_mixin.py:188} INFO - [2026-05-29T19:27:14.023+0000] {dagbag.py:540} INFO - Filling up the DagBag from /home/airflow/.local/lib/python3.8/site-packages/airflow/example_dags/example_params_ui_tutorial.py
[2026-05-29T19:27:14.037+0000] {processor.py:840} INFO - DAG(s) 'example_params_ui_tutorial' retrieved from /home/airflow/.local/lib/python3.8/site-packages/airflow/example_dags/example_params_ui_tutorial.py
[2026-05-29T19:27:14.083+0000] {logging_mixin.py:188} INFO - [2026-05-29T19:27:14.083+0000] {dag.py:3047} INFO - Sync 1 DAGs
[2026-05-29T19:27:14.095+0000] {logging_mixin.py:188} INFO - [2026-05-29T19:27:14.095+0000] {dag.py:3834} INFO - Setting next_dagrun for example_params_ui_tutorial to None, run_after=None
[2026-05-29T19:27:14.122+0000] {processor.py:183} INFO - Processing /home/airflow/.local/lib/python3.8/site-packages/airflow/example_dags/example_params_ui_tutorial.py took 0.107 seconds
[2026-05-29T19:27:44.996+0000] {processor.py:161} INFO - Started process (PID=1338) to work on /home/airflow/.local/lib/python3.8/site-packages/airflow/example_dags/example_params_ui_tutorial.py
[2026-05-29T19:27:44.999+0000] {processor.py:830} INFO - Processing file /home/airflow/.local/lib/python3.8/site-packages/airflow/example_dags/example_params_ui_tutorial.py for tasks to queue
[2026-05-29T19:27:45.002+0000] {logging_mixin.py:188} INFO - [2026-05-29T19:27:45.002+0000] {dagbag.py:540} INFO - Filling up the DagBag from /home/airflow/.local/lib/python3.8/site-packages/airflow/example_dags/example_params_ui_tutorial.py
[2026-05-29T19:27:45.019+0000] {processor.py:840} INFO - DAG(s) 'example_params_ui_tutorial' retrieved from /home/airflow/.local/lib/python3.8/site-packages/airflow/example_dags/example_params_ui_tutorial.py
[2026-05-29T19:27:45.076+0000] {logging_mixin.py:188} INFO - [2026-05-29T19:27:45.076+0000] {dag.py:3047} INFO - Sync 1 DAGs
[2026-05-29T19:27:45.094+0000] {logging_mixin.py:188} INFO - [2026-05-29T19:27:45.093+0000] {dag.py:3834} INFO - Setting next_dagrun for example_params_ui_tutorial to None, run_after=None
[2026-05-29T19:27:45.126+0000] {processor.py:183} INFO - Processing /home/airflow/.local/lib/python3.8/site-packages/airflow/example_dags/example_params_ui_tutorial.py took 0.135 seconds
[2026-05-29T19:28:15.852+0000] {processor.py:161} INFO - Started process (PID=1393) to work on /home/airflow/.local/lib/python3.8/site-packages/airflow/example_dags/example_params_ui_tutorial.py
[2026-05-29T19:28:15.854+0000] {processor.py:830} INFO - Processing file /home/airflow/.local/lib/python3.8/site-packages/airflow/example_dags/example_params_ui_tutorial.py for tasks to queue
[2026-05-29T19:28:15.856+0000] {logging_mixin.py:188} INFO - [2026-05-29T19:28:15.856+0000] {dagbag.py:540} INFO - Filling up the DagBag from /home/airflow/.local/lib/python3.8/site-packages/airflow/example_dags/example_params_ui_tutorial.py
[2026-05-29T19:28:15.865+0000] {processor.py:840} INFO - DAG(s) 'example_params_ui_tutorial' retrieved from /home/airflow/.local/lib/python3.8/site-packages/airflow/example_dags/example_params_ui_tutorial.py
[2026-05-29T19:28:15.906+0000] {logging_mixin.py:188} INFO - [2026-05-29T19:28:15.906+0000] {dag.py:3047} INFO - Sync 1 DAGs
[2026-05-29T19:28:15.916+0000] {logging_mixin.py:188} INFO - [2026-05-29T19:28:15.916+0000] {dag.py:3834} INFO - Setting next_dagrun for example_params_ui_tutorial to None, run_after=None
[2026-05-29T19:28:15.934+0000] {processor.py:183} INFO - Processing /home/airflow/.local/lib/python3.8/site-packages/airflow/example_dags/example_params_ui_tutorial.py took 0.085 seconds
[2026-05-29T19:28:46.268+0000] {processor.py:161} INFO - Started process (PID=1447) to work on /home/airflow/.local/lib/python3.8/site-packages/airflow/example_dags/example_params_ui_tutorial.py
[2026-05-29T19:28:46.270+0000] {processor.py:830} INFO - Processing file /home/airflow/.local/lib/python3.8/site-packages/airflow/example_dags/example_params_ui_tutorial.py for tasks to queue
[2026-05-29T19:28:46.272+0000] {logging_mixin.py:188} INFO - [2026-05-29T19:28:46.271+0000] {dagbag.py:540} INFO - Filling up the DagBag from /home/airflow/.local/lib/python3.8/site-packages/airflow/example_dags/example_params_ui_tutorial.py
[2026-05-29T19:28:46.287+0000] {processor.py:840} INFO - DAG(s) 'example_params_ui_tutorial' retrieved from /home/airflow/.local/lib/python3.8/site-packages/airflow/example_dags/example_params_ui_tutorial.py
[2026-05-29T19:28:46.350+0000] {logging_mixin.py:188} INFO - [2026-05-29T19:28:46.349+0000] {dag.py:3047} INFO - Sync 1 DAGs
[2026-05-29T19:28:46.360+0000] {logging_mixin.py:188} INFO - [2026-05-29T19:28:46.360+0000] {dag.py:3834} INFO - Setting next_dagrun for example_params_ui_tutorial to None, run_after=None
[2026-05-29T19:28:46.379+0000] {processor.py:183} INFO - Processing /home/airflow/.local/lib/python3.8/site-packages/airflow/example_dags/example_params_ui_tutorial.py took 0.116 seconds
[2026-05-29T19:29:16.798+0000] {processor.py:161} INFO - Started process (PID=1502) to work on /home/airflow/.local/lib/python3.8/site-packages/airflow/example_dags/example_params_ui_tutorial.py
[2026-05-29T19:29:16.800+0000] {processor.py:830} INFO - Processing file /home/airflow/.local/lib/python3.8/site-packages/airflow/example_dags/example_params_ui_tutorial.py for tasks to queue
[2026-05-29T19:29:16.804+0000] {logging_mixin.py:188} INFO - [2026-05-29T19:29:16.804+0000] {dagbag.py:540} INFO - Filling up the DagBag from /home/airflow/.local/lib/python3.8/site-packages/airflow/example_dags/example_params_ui_tutorial.py
[2026-05-29T19:29:16.813+0000] {processor.py:840} INFO - DAG(s) 'example_params_ui_tutorial' retrieved from /home/airflow/.local/lib/python3.8/site-packages/airflow/example_dags/example_params_ui_tutorial.py
[2026-05-29T19:29:16.854+0000] {logging_mixin.py:188} INFO - [2026-05-29T19:29:16.853+0000] {dag.py:3047} INFO - Sync 1 DAGs
[2026-05-29T19:29:16.865+0000] {logging_mixin.py:188} INFO - [2026-05-29T19:29:16.865+0000] {dag.py:3834} INFO - Setting next_dagrun for example_params_ui_tutorial to None, run_after=None
[2026-05-29T19:29:16.884+0000] {processor.py:183} INFO - Processing /home/airflow/.local/lib/python3.8/site-packages/airflow/example_dags/example_params_ui_tutorial.py took 0.088 seconds
[2026-05-29T19:29:47.205+0000] {processor.py:161} INFO - Started process (PID=1557) to work on /home/airflow/.local/lib/python3.8/site-packages/airflow/example_dags/example_params_ui_tutorial.py
[2026-05-29T19:29:47.207+0000] {processor.py:830} INFO - Processing file /home/airflow/.local/lib/python3.8/site-packages/airflow/example_dags/example_params_ui_tutorial.py for tasks to queue
[2026-05-29T19:29:47.211+0000] {logging_mixin.py:188} INFO - [2026-05-29T19:29:47.210+0000] {dagbag.py:540} INFO - Filling up the DagBag from /home/airflow/.local/lib/python3.8/site-packages/airflow/example_dags/example_params_ui_tutorial.py
[2026-05-29T19:29:47.222+0000] {processor.py:840} INFO - DAG(s) 'example_params_ui_tutorial' retrieved from /home/airflow/.local/lib/python3.8/site-packages/airflow/example_dags/example_params_ui_tutorial.py
[2026-05-29T19:29:47.270+0000] {logging_mixin.py:188} INFO - [2026-05-29T19:29:47.270+0000] {dag.py:3047} INFO - Sync 1 DAGs
[2026-05-29T19:29:47.282+0000] {logging_mixin.py:188} INFO - [2026-05-29T19:29:47.281+0000] {dag.py:3834} INFO - Setting next_dagrun for example_params_ui_tutorial to None, run_after=None
[2026-05-29T19:29:47.307+0000] {processor.py:183} INFO - Processing /home/airflow/.local/lib/python3.8/site-packages/airflow/example_dags/example_params_ui_tutorial.py took 0.107 seconds
[2026-05-29T19:30:17.579+0000] {processor.py:161} INFO - Started process (PID=1612) to work on /home/airflow/.local/lib/python3.8/site-packages/airflow/example_dags/example_params_ui_tutorial.py
[2026-05-29T19:30:17.580+0000] {processor.py:830} INFO - Processing file /home/airflow/.local/lib/python3.8/site-packages/airflow/example_dags/example_params_ui_tutorial.py for tasks to queue
[2026-05-29T19:30:17.582+0000] {logging_mixin.py:188} INFO - [2026-05-29T19:30:17.582+0000] {dagbag.py:540} INFO - Filling up the DagBag from /home/airflow/.local/lib/python3.8/site-packages/airflow/example_dags/example_params_ui_tutorial.py
[2026-05-29T19:30:17.591+0000] {processor.py:840} INFO - DAG(s) 'example_params_ui_tutorial' retrieved from /home/airflow/.local/lib/python3.8/site-packages/airflow/example_dags/example_params_ui_tutorial.py
[2026-05-29T19:30:17.634+0000] {logging_mixin.py:188} INFO - [2026-05-29T19:30:17.633+0000] {dag.py:3047} INFO - Sync 1 DAGs
[2026-05-29T19:30:17.645+0000] {logging_mixin.py:188} INFO - [2026-05-29T19:30:17.644+0000] {dag.py:3834} INFO - Setting next_dagrun for example_params_ui_tutorial to None, run_after=None
[2026-05-29T19:30:17.664+0000] {processor.py:183} INFO - Processing /home/airflow/.local/lib/python3.8/site-packages/airflow/example_dags/example_params_ui_tutorial.py took 0.088 seconds
[2026-05-29T19:30:47.826+0000] {processor.py:161} INFO - Started process (PID=1668) to work on /home/airflow/.local/lib/python3.8/site-packages/airflow/example_dags/example_params_ui_tutorial.py
[2026-05-29T19:30:47.827+0000] {processor.py:830} INFO - Processing file /home/airflow/.local/lib/python3.8/site-packages/airflow/example_dags/example_params_ui_tutorial.py for tasks to queue
[2026-05-29T19:30:47.829+0000] {logging_mixin.py:188} INFO - [2026-05-29T19:30:47.829+0000] {dagbag.py:540} INFO - Filling up the DagBag from /home/airflow/.local/lib/python3.8/site-packages/airflow/example_dags/example_params_ui_tutorial.py
[2026-05-29T19:30:47.838+0000] {processor.py:840} INFO - DAG(s) 'example_params_ui_tutorial' retrieved from /home/airflow/.local/lib/python3.8/site-packages/airflow/example_dags/example_params_ui_tutorial.py
[2026-05-29T19:30:47.876+0000] {logging_mixin.py:188} INFO - [2026-05-29T19:30:47.876+0000] {dag.py:3047} INFO - Sync 1 DAGs
[2026-05-29T19:30:47.886+0000] {logging_mixin.py:188} INFO - [2026-05-29T19:30:47.886+0000] {dag.py:3834} INFO - Setting next_dagrun for example_params_ui_tutorial to None, run_after=None
[2026-05-29T19:30:47.902+0000] {processor.py:183} INFO - Processing /home/airflow/.local/lib/python3.8/site-packages/airflow/example_dags/example_params_ui_tutorial.py took 0.079 seconds
[2026-05-29T19:31:17.950+0000] {processor.py:161} INFO - Started process (PID=1722) to work on /home/airflow/.local/lib/python3.8/site-packages/airflow/example_dags/example_params_ui_tutorial.py
[2026-05-29T19:31:17.952+0000] {processor.py:830} INFO - Processing file /home/airflow/.local/lib/python3.8/site-packages/airflow/example_dags/example_params_ui_tutorial.py for tasks to queue
[2026-05-29T19:31:17.953+0000] {logging_mixin.py:188} INFO - [2026-05-29T19:31:17.953+0000] {dagbag.py:540} INFO - Filling up the DagBag from /home/airflow/.local/lib/python3.8/site-packages/airflow/example_dags/example_params_ui_tutorial.py
[2026-05-29T19:31:17.962+0000] {processor.py:840} INFO - DAG(s) 'example_params_ui_tutorial' retrieved from /home/airflow/.local/lib/python3.8/site-packages/airflow/example_dags/example_params_ui_tutorial.py
[2026-05-29T19:31:18.002+0000] {logging_mixin.py:188} INFO - [2026-05-29T19:31:18.002+0000] {dag.py:3047} INFO - Sync 1 DAGs
[2026-05-29T19:31:18.012+0000] {logging_mixin.py:188} INFO - [2026-05-29T19:31:18.012+0000] {dag.py:3834} INFO - Setting next_dagrun for example_params_ui_tutorial to None, run_after=None
[2026-05-29T19:31:18.030+0000] {processor.py:183} INFO - Processing /home/airflow/.local/lib/python3.8/site-packages/airflow/example_dags/example_params_ui_tutorial.py took 0.082 seconds
[2026-05-29T19:31:48.527+0000] {processor.py:161} INFO - Started process (PID=1777) to work on /home/airflow/.local/lib/python3.8/site-packages/airflow/example_dags/example_params_ui_tutorial.py
[2026-05-29T19:31:48.528+0000] {processor.py:830} INFO - Processing file /home/airflow/.local/lib/python3.8/site-packages/airflow/example_dags/example_params_ui_tutorial.py for tasks to queue
[2026-05-29T19:31:48.531+0000] {logging_mixin.py:188} INFO - [2026-05-29T19:31:48.530+0000] {dagbag.py:540} INFO - Filling up the DagBag from /home/airflow/.local/lib/python3.8/site-packages/airflow/example_dags/example_params_ui_tutorial.py
[2026-05-29T19:31:48.543+0000] {processor.py:840} INFO - DAG(s) 'example_params_ui_tutorial' retrieved from /home/airflow/.local/lib/python3.8/site-packages/airflow/example_dags/example_params_ui_tutorial.py
[2026-05-29T19:31:48.589+0000] {logging_mixin.py:188} INFO - [2026-05-29T19:31:48.588+0000] {dag.py:3047} INFO - Sync 1 DAGs
[2026-05-29T19:31:48.599+0000] {logging_mixin.py:188} INFO - [2026-05-29T19:31:48.599+0000] {dag.py:3834} INFO - Setting next_dagrun for example_params_ui_tutorial to None, run_after=None
[2026-05-29T19:31:48.621+0000] {processor.py:183} INFO - Processing /home/airflow/.local/lib/python3.8/site-packages/airflow/example_dags/example_params_ui_tutorial.py took 0.098 seconds
[2026-05-29T19:32:18.707+0000] {processor.py:161} INFO - Started process (PID=1832) to work on /home/airflow/.local/lib/python3.8/site-packages/airflow/example_dags/example_params_ui_tutorial.py
[2026-05-29T19:32:18.709+0000] {processor.py:830} INFO - Processing file /home/airflow/.local/lib/python3.8/site-packages/airflow/example_dags/example_params_ui_tutorial.py for tasks to queue
[2026-05-29T19:32:18.711+0000] {logging_mixin.py:188} INFO - [2026-05-29T19:32:18.710+0000] {dagbag.py:540} INFO - Filling up the DagBag from /home/airflow/.local/lib/python3.8/site-packages/airflow/example_dags/example_params_ui_tutorial.py
[2026-05-29T19:32:18.720+0000] {processor.py:840} INFO - DAG(s) 'example_params_ui_tutorial' retrieved from /home/airflow/.local/lib/python3.8/site-packages/airflow/example_dags/example_params_ui_tutorial.py
[2026-05-29T19:32:18.760+0000] {logging_mixin.py:188} INFO - [2026-05-29T19:32:18.759+0000] {dag.py:3047} INFO - Sync 1 DAGs
[2026-05-29T19:32:18.771+0000] {logging_mixin.py:188} INFO - [2026-05-29T19:32:18.771+0000] {dag.py:3834} INFO - Setting next_dagrun for example_params_ui_tutorial to None, run_after=None
[2026-05-29T19:32:18.790+0000] {processor.py:183} INFO - Processing /home/airflow/.local/lib/python3.8/site-packages/airflow/example_dags/example_params_ui_tutorial.py took 0.086 seconds
[2026-05-29T19:32:48.962+0000] {processor.py:161} INFO - Started process (PID=1888) to work on /home/airflow/.local/lib/python3.8/site-packages/airflow/example_dags/example_params_ui_tutorial.py
[2026-05-29T19:32:48.964+0000] {processor.py:830} INFO - Processing file /home/airflow/.local/lib/python3.8/site-packages/airflow/example_dags/example_params_ui_tutorial.py for tasks to queue
[2026-05-29T19:32:48.966+0000] {logging_mixin.py:188} INFO - [2026-05-29T19:32:48.966+0000] {dagbag.py:540} INFO - Filling up the DagBag from /home/airflow/.local/lib/python3.8/site-packages/airflow/example_dags/example_params_ui_tutorial.py
[2026-05-29T19:32:48.977+0000] {processor.py:840} INFO - DAG(s) 'example_params_ui_tutorial' retrieved from /home/airflow/.local/lib/python3.8/site-packages/airflow/example_dags/example_params_ui_tutorial.py
[2026-05-29T19:32:49.021+0000] {logging_mixin.py:188} INFO - [2026-05-29T19:32:49.021+0000] {dag.py:3047} INFO - Sync 1 DAGs
[2026-05-29T19:32:49.035+0000] {logging_mixin.py:188} INFO - [2026-05-29T19:32:49.034+0000] {dag.py:3834} INFO - Setting next_dagrun for example_params_ui_tutorial to None, run_after=None
[2026-05-29T19:32:49.056+0000] {processor.py:183} INFO - Processing /home/airflow/.local/lib/python3.8/site-packages/airflow/example_dags/example_params_ui_tutorial.py took 0.098 seconds
[2026-05-29T19:33:19.197+0000] {processor.py:161} INFO - Started process (PID=1942) to work on /home/airflow/.local/lib/python3.8/site-packages/airflow/example_dags/example_params_ui_tutorial.py
[2026-05-29T19:33:19.198+0000] {processor.py:830} INFO - Processing file /home/airflow/.local/lib/python3.8/site-packages/airflow/example_dags/example_params_ui_tutorial.py for tasks to queue
[2026-05-29T19:33:19.200+0000] {logging_mixin.py:188} INFO - [2026-05-29T19:33:19.200+0000] {dagbag.py:540} INFO - Filling up the DagBag from /home/airflow/.local/lib/python3.8/site-packages/airflow/example_dags/example_params_ui_tutorial.py
[2026-05-29T19:33:19.209+0000] {processor.py:840} INFO - DAG(s) 'example_params_ui_tutorial' retrieved from /home/airflow/.local/lib/python3.8/site-packages/airflow/example_dags/example_params_ui_tutorial.py
[2026-05-29T19:33:19.249+0000] {logging_mixin.py:188} INFO - [2026-05-29T19:33:19.248+0000] {dag.py:3047} INFO - Sync 1 DAGs
[2026-05-29T19:33:19.259+0000] {logging_mixin.py:188} INFO - [2026-05-29T19:33:19.259+0000] {dag.py:3834} INFO - Setting next_dagrun for example_params_ui_tutorial to None, run_after=None
[2026-05-29T19:33:19.277+0000] {processor.py:183} INFO - Processing /home/airflow/.local/lib/python3.8/site-packages/airflow/example_dags/example_params_ui_tutorial.py took 0.083 seconds
[2026-05-29T19:33:49.885+0000] {processor.py:161} INFO - Started process (PID=1998) to work on /home/airflow/.local/lib/python3.8/site-packages/airflow/example_dags/example_params_ui_tutorial.py
[2026-05-29T19:33:49.887+0000] {processor.py:830} INFO - Processing file /home/airflow/.local/lib/python3.8/site-packages/airflow/example_dags/example_params_ui_tutorial.py for tasks to queue
[2026-05-29T19:33:49.889+0000] {logging_mixin.py:188} INFO - [2026-05-29T19:33:49.889+0000] {dagbag.py:540} INFO - Filling up the DagBag from /home/airflow/.local/lib/python3.8/site-packages/airflow/example_dags/example_params_ui_tutorial.py
[2026-05-29T19:33:49.899+0000] {processor.py:840} INFO - DAG(s) 'example_params_ui_tutorial' retrieved from /home/airflow/.local/lib/python3.8/site-packages/airflow/example_dags/example_params_ui_tutorial.py
[2026-05-29T19:33:49.938+0000] {logging_mixin.py:188} INFO - [2026-05-29T19:33:49.938+0000] {dag.py:3047} INFO - Sync 1 DAGs
[2026-05-29T19:33:49.950+0000] {logging_mixin.py:188} INFO - [2026-05-29T19:33:49.950+0000] {dag.py:3834} INFO - Setting next_dagrun for example_params_ui_tutorial to None, run_after=None
[2026-05-29T19:33:49.974+0000] {processor.py:183} INFO - Processing /home/airflow/.local/lib/python3.8/site-packages/airflow/example_dags/example_params_ui_tutorial.py took 0.091 seconds
