[2026-05-29T19:16:02.364+0000] {processor.py:161} INFO - Started process (PID=61) to work on /home/airflow/.local/lib/python3.8/site-packages/airflow/example_dags/example_time_delta_sensor_async.py
[2026-05-29T19:16:02.371+0000] {processor.py:830} INFO - Processing file /home/airflow/.local/lib/python3.8/site-packages/airflow/example_dags/example_time_delta_sensor_async.py for tasks to queue
[2026-05-29T19:16:02.379+0000] {logging_mixin.py:188} INFO - [2026-05-29T19:16:02.378+0000] {dagbag.py:540} INFO - Filling up the DagBag from /home/airflow/.local/lib/python3.8/site-packages/airflow/example_dags/example_time_delta_sensor_async.py
[2026-05-29T19:16:02.396+0000] {processor.py:840} INFO - DAG(s) 'example_time_delta_sensor_async' retrieved from /home/airflow/.local/lib/python3.8/site-packages/airflow/example_dags/example_time_delta_sensor_async.py
[2026-05-29T19:16:02.466+0000] {logging_mixin.py:188} INFO - [2026-05-29T19:16:02.465+0000] {dag.py:3047} INFO - Sync 1 DAGs
[2026-05-29T19:16:02.496+0000] {logging_mixin.py:188} INFO - [2026-05-29T19:16:02.496+0000] {dag.py:3834} INFO - Setting next_dagrun for example_time_delta_sensor_async to None, run_after=None
[2026-05-29T19:16:02.552+0000] {processor.py:183} INFO - Processing /home/airflow/.local/lib/python3.8/site-packages/airflow/example_dags/example_time_delta_sensor_async.py took 0.199 seconds
[2026-05-29T19:16:32.680+0000] {processor.py:161} INFO - Started process (PID=116) to work on /home/airflow/.local/lib/python3.8/site-packages/airflow/example_dags/example_time_delta_sensor_async.py
[2026-05-29T19:16:32.681+0000] {processor.py:830} INFO - Processing file /home/airflow/.local/lib/python3.8/site-packages/airflow/example_dags/example_time_delta_sensor_async.py for tasks to queue
[2026-05-29T19:16:32.683+0000] {logging_mixin.py:188} INFO - [2026-05-29T19:16:32.683+0000] {dagbag.py:540} INFO - Filling up the DagBag from /home/airflow/.local/lib/python3.8/site-packages/airflow/example_dags/example_time_delta_sensor_async.py
[2026-05-29T19:16:32.688+0000] {processor.py:840} INFO - DAG(s) 'example_time_delta_sensor_async' retrieved from /home/airflow/.local/lib/python3.8/site-packages/airflow/example_dags/example_time_delta_sensor_async.py
[2026-05-29T19:16:32.709+0000] {logging_mixin.py:188} INFO - [2026-05-29T19:16:32.709+0000] {dag.py:3047} INFO - Sync 1 DAGs
[2026-05-29T19:16:32.727+0000] {logging_mixin.py:188} INFO - [2026-05-29T19:16:32.727+0000] {dag.py:3834} INFO - Setting next_dagrun for example_time_delta_sensor_async to None, run_after=None
[2026-05-29T19:16:32.751+0000] {processor.py:183} INFO - Processing /home/airflow/.local/lib/python3.8/site-packages/airflow/example_dags/example_time_delta_sensor_async.py took 0.074 seconds
[2026-05-29T19:17:03.353+0000] {processor.py:161} INFO - Started process (PID=171) to work on /home/airflow/.local/lib/python3.8/site-packages/airflow/example_dags/example_time_delta_sensor_async.py
[2026-05-29T19:17:03.354+0000] {processor.py:830} INFO - Processing file /home/airflow/.local/lib/python3.8/site-packages/airflow/example_dags/example_time_delta_sensor_async.py for tasks to queue
[2026-05-29T19:17:03.356+0000] {logging_mixin.py:188} INFO - [2026-05-29T19:17:03.355+0000] {dagbag.py:540} INFO - Filling up the DagBag from /home/airflow/.local/lib/python3.8/site-packages/airflow/example_dags/example_time_delta_sensor_async.py
[2026-05-29T19:17:03.359+0000] {processor.py:840} INFO - DAG(s) 'example_time_delta_sensor_async' retrieved from /home/airflow/.local/lib/python3.8/site-packages/airflow/example_dags/example_time_delta_sensor_async.py
[2026-05-29T19:17:03.378+0000] {logging_mixin.py:188} INFO - [2026-05-29T19:17:03.378+0000] {dag.py:3047} INFO - Sync 1 DAGs
[2026-05-29T19:17:03.388+0000] {logging_mixin.py:188} INFO - [2026-05-29T19:17:03.388+0000] {dag.py:3834} INFO - Setting next_dagrun for example_time_delta_sensor_async to None, run_after=None
[2026-05-29T19:17:03.406+0000] {processor.py:183} INFO - Processing /home/airflow/.local/lib/python3.8/site-packages/airflow/example_dags/example_time_delta_sensor_async.py took 0.056 seconds
[2026-05-29T19:17:33.643+0000] {processor.py:161} INFO - Started process (PID=226) to work on /home/airflow/.local/lib/python3.8/site-packages/airflow/example_dags/example_time_delta_sensor_async.py
[2026-05-29T19:17:33.645+0000] {processor.py:830} INFO - Processing file /home/airflow/.local/lib/python3.8/site-packages/airflow/example_dags/example_time_delta_sensor_async.py for tasks to queue
[2026-05-29T19:17:33.647+0000] {logging_mixin.py:188} INFO - [2026-05-29T19:17:33.647+0000] {dagbag.py:540} INFO - Filling up the DagBag from /home/airflow/.local/lib/python3.8/site-packages/airflow/example_dags/example_time_delta_sensor_async.py
[2026-05-29T19:17:33.651+0000] {processor.py:840} INFO - DAG(s) 'example_time_delta_sensor_async' retrieved from /home/airflow/.local/lib/python3.8/site-packages/airflow/example_dags/example_time_delta_sensor_async.py
[2026-05-29T19:17:33.668+0000] {logging_mixin.py:188} INFO - [2026-05-29T19:17:33.668+0000] {dag.py:3047} INFO - Sync 1 DAGs
[2026-05-29T19:17:33.677+0000] {logging_mixin.py:188} INFO - [2026-05-29T19:17:33.677+0000] {dag.py:3834} INFO - Setting next_dagrun for example_time_delta_sensor_async to None, run_after=None
[2026-05-29T19:17:33.695+0000] {processor.py:183} INFO - Processing /home/airflow/.local/lib/python3.8/site-packages/airflow/example_dags/example_time_delta_sensor_async.py took 0.054 seconds
[2026-05-29T19:18:03.882+0000] {processor.py:161} INFO - Started process (PID=281) to work on /home/airflow/.local/lib/python3.8/site-packages/airflow/example_dags/example_time_delta_sensor_async.py
[2026-05-29T19:18:03.883+0000] {processor.py:830} INFO - Processing file /home/airflow/.local/lib/python3.8/site-packages/airflow/example_dags/example_time_delta_sensor_async.py for tasks to queue
[2026-05-29T19:18:03.885+0000] {logging_mixin.py:188} INFO - [2026-05-29T19:18:03.885+0000] {dagbag.py:540} INFO - Filling up the DagBag from /home/airflow/.local/lib/python3.8/site-packages/airflow/example_dags/example_time_delta_sensor_async.py
[2026-05-29T19:18:03.889+0000] {processor.py:840} INFO - DAG(s) 'example_time_delta_sensor_async' retrieved from /home/airflow/.local/lib/python3.8/site-packages/airflow/example_dags/example_time_delta_sensor_async.py
[2026-05-29T19:18:03.908+0000] {logging_mixin.py:188} INFO - [2026-05-29T19:18:03.908+0000] {dag.py:3047} INFO - Sync 1 DAGs
[2026-05-29T19:18:03.925+0000] {logging_mixin.py:188} INFO - [2026-05-29T19:18:03.924+0000] {dag.py:3834} INFO - Setting next_dagrun for example_time_delta_sensor_async to None, run_after=None
[2026-05-29T19:18:03.942+0000] {processor.py:183} INFO - Processing /home/airflow/.local/lib/python3.8/site-packages/airflow/example_dags/example_time_delta_sensor_async.py took 0.063 seconds
[2026-05-29T19:18:34.144+0000] {processor.py:161} INFO - Started process (PID=342) to work on /home/airflow/.local/lib/python3.8/site-packages/airflow/example_dags/example_time_delta_sensor_async.py
[2026-05-29T19:18:34.146+0000] {processor.py:830} INFO - Processing file /home/airflow/.local/lib/python3.8/site-packages/airflow/example_dags/example_time_delta_sensor_async.py for tasks to queue
[2026-05-29T19:18:34.147+0000] {logging_mixin.py:188} INFO - [2026-05-29T19:18:34.147+0000] {dagbag.py:540} INFO - Filling up the DagBag from /home/airflow/.local/lib/python3.8/site-packages/airflow/example_dags/example_time_delta_sensor_async.py
[2026-05-29T19:18:34.152+0000] {processor.py:840} INFO - DAG(s) 'example_time_delta_sensor_async' retrieved from /home/airflow/.local/lib/python3.8/site-packages/airflow/example_dags/example_time_delta_sensor_async.py
[2026-05-29T19:18:34.169+0000] {logging_mixin.py:188} INFO - [2026-05-29T19:18:34.168+0000] {dag.py:3047} INFO - Sync 1 DAGs
[2026-05-29T19:18:34.182+0000] {logging_mixin.py:188} INFO - [2026-05-29T19:18:34.182+0000] {dag.py:3834} INFO - Setting next_dagrun for example_time_delta_sensor_async to None, run_after=None
[2026-05-29T19:18:34.199+0000] {processor.py:183} INFO - Processing /home/airflow/.local/lib/python3.8/site-packages/airflow/example_dags/example_time_delta_sensor_async.py took 0.058 seconds
[2026-05-29T19:19:04.603+0000] {processor.py:161} INFO - Started process (PID=397) to work on /home/airflow/.local/lib/python3.8/site-packages/airflow/example_dags/example_time_delta_sensor_async.py
[2026-05-29T19:19:04.604+0000] {processor.py:830} INFO - Processing file /home/airflow/.local/lib/python3.8/site-packages/airflow/example_dags/example_time_delta_sensor_async.py for tasks to queue
[2026-05-29T19:19:04.606+0000] {logging_mixin.py:188} INFO - [2026-05-29T19:19:04.606+0000] {dagbag.py:540} INFO - Filling up the DagBag from /home/airflow/.local/lib/python3.8/site-packages/airflow/example_dags/example_time_delta_sensor_async.py
[2026-05-29T19:19:04.610+0000] {processor.py:840} INFO - DAG(s) 'example_time_delta_sensor_async' retrieved from /home/airflow/.local/lib/python3.8/site-packages/airflow/example_dags/example_time_delta_sensor_async.py
[2026-05-29T19:19:04.627+0000] {logging_mixin.py:188} INFO - [2026-05-29T19:19:04.627+0000] {dag.py:3047} INFO - Sync 1 DAGs
[2026-05-29T19:19:04.638+0000] {logging_mixin.py:188} INFO - [2026-05-29T19:19:04.638+0000] {dag.py:3834} INFO - Setting next_dagrun for example_time_delta_sensor_async to None, run_after=None
[2026-05-29T19:19:04.654+0000] {processor.py:183} INFO - Processing /home/airflow/.local/lib/python3.8/site-packages/airflow/example_dags/example_time_delta_sensor_async.py took 0.054 seconds
[2026-05-29T19:19:34.891+0000] {processor.py:161} INFO - Started process (PID=452) to work on /home/airflow/.local/lib/python3.8/site-packages/airflow/example_dags/example_time_delta_sensor_async.py
[2026-05-29T19:19:34.893+0000] {processor.py:830} INFO - Processing file /home/airflow/.local/lib/python3.8/site-packages/airflow/example_dags/example_time_delta_sensor_async.py for tasks to queue
[2026-05-29T19:19:34.895+0000] {logging_mixin.py:188} INFO - [2026-05-29T19:19:34.895+0000] {dagbag.py:540} INFO - Filling up the DagBag from /home/airflow/.local/lib/python3.8/site-packages/airflow/example_dags/example_time_delta_sensor_async.py
[2026-05-29T19:19:34.899+0000] {processor.py:840} INFO - DAG(s) 'example_time_delta_sensor_async' retrieved from /home/airflow/.local/lib/python3.8/site-packages/airflow/example_dags/example_time_delta_sensor_async.py
[2026-05-29T19:19:34.917+0000] {logging_mixin.py:188} INFO - [2026-05-29T19:19:34.916+0000] {dag.py:3047} INFO - Sync 1 DAGs
[2026-05-29T19:19:34.926+0000] {logging_mixin.py:188} INFO - [2026-05-29T19:19:34.926+0000] {dag.py:3834} INFO - Setting next_dagrun for example_time_delta_sensor_async to None, run_after=None
[2026-05-29T19:19:34.945+0000] {processor.py:183} INFO - Processing /home/airflow/.local/lib/python3.8/site-packages/airflow/example_dags/example_time_delta_sensor_async.py took 0.056 seconds
[2026-05-29T19:20:05.445+0000] {processor.py:161} INFO - Started process (PID=507) to work on /home/airflow/.local/lib/python3.8/site-packages/airflow/example_dags/example_time_delta_sensor_async.py
[2026-05-29T19:20:05.447+0000] {processor.py:830} INFO - Processing file /home/airflow/.local/lib/python3.8/site-packages/airflow/example_dags/example_time_delta_sensor_async.py for tasks to queue
[2026-05-29T19:20:05.449+0000] {logging_mixin.py:188} INFO - [2026-05-29T19:20:05.448+0000] {dagbag.py:540} INFO - Filling up the DagBag from /home/airflow/.local/lib/python3.8/site-packages/airflow/example_dags/example_time_delta_sensor_async.py
[2026-05-29T19:20:05.453+0000] {processor.py:840} INFO - DAG(s) 'example_time_delta_sensor_async' retrieved from /home/airflow/.local/lib/python3.8/site-packages/airflow/example_dags/example_time_delta_sensor_async.py
[2026-05-29T19:20:05.472+0000] {logging_mixin.py:188} INFO - [2026-05-29T19:20:05.471+0000] {dag.py:3047} INFO - Sync 1 DAGs
[2026-05-29T19:20:05.484+0000] {logging_mixin.py:188} INFO - [2026-05-29T19:20:05.484+0000] {dag.py:3834} INFO - Setting next_dagrun for example_time_delta_sensor_async to None, run_after=None
[2026-05-29T19:20:05.503+0000] {processor.py:183} INFO - Processing /home/airflow/.local/lib/python3.8/site-packages/airflow/example_dags/example_time_delta_sensor_async.py took 0.061 seconds
[2026-05-29T19:20:35.659+0000] {processor.py:161} INFO - Started process (PID=562) to work on /home/airflow/.local/lib/python3.8/site-packages/airflow/example_dags/example_time_delta_sensor_async.py
[2026-05-29T19:20:35.661+0000] {processor.py:830} INFO - Processing file /home/airflow/.local/lib/python3.8/site-packages/airflow/example_dags/example_time_delta_sensor_async.py for tasks to queue
[2026-05-29T19:20:35.663+0000] {logging_mixin.py:188} INFO - [2026-05-29T19:20:35.663+0000] {dagbag.py:540} INFO - Filling up the DagBag from /home/airflow/.local/lib/python3.8/site-packages/airflow/example_dags/example_time_delta_sensor_async.py
[2026-05-29T19:20:35.668+0000] {processor.py:840} INFO - DAG(s) 'example_time_delta_sensor_async' retrieved from /home/airflow/.local/lib/python3.8/site-packages/airflow/example_dags/example_time_delta_sensor_async.py
[2026-05-29T19:20:35.693+0000] {logging_mixin.py:188} INFO - [2026-05-29T19:20:35.692+0000] {dag.py:3047} INFO - Sync 1 DAGs
[2026-05-29T19:20:35.704+0000] {logging_mixin.py:188} INFO - [2026-05-29T19:20:35.704+0000] {dag.py:3834} INFO - Setting next_dagrun for example_time_delta_sensor_async to None, run_after=None
[2026-05-29T19:20:35.725+0000] {processor.py:183} INFO - Processing /home/airflow/.local/lib/python3.8/site-packages/airflow/example_dags/example_time_delta_sensor_async.py took 0.069 seconds
[2026-05-29T19:21:06.059+0000] {processor.py:161} INFO - Started process (PID=617) to work on /home/airflow/.local/lib/python3.8/site-packages/airflow/example_dags/example_time_delta_sensor_async.py
[2026-05-29T19:21:06.060+0000] {processor.py:830} INFO - Processing file /home/airflow/.local/lib/python3.8/site-packages/airflow/example_dags/example_time_delta_sensor_async.py for tasks to queue
[2026-05-29T19:21:06.062+0000] {logging_mixin.py:188} INFO - [2026-05-29T19:21:06.062+0000] {dagbag.py:540} INFO - Filling up the DagBag from /home/airflow/.local/lib/python3.8/site-packages/airflow/example_dags/example_time_delta_sensor_async.py
[2026-05-29T19:21:06.066+0000] {processor.py:840} INFO - DAG(s) 'example_time_delta_sensor_async' retrieved from /home/airflow/.local/lib/python3.8/site-packages/airflow/example_dags/example_time_delta_sensor_async.py
[2026-05-29T19:21:06.095+0000] {logging_mixin.py:188} INFO - [2026-05-29T19:21:06.094+0000] {dag.py:3047} INFO - Sync 1 DAGs
[2026-05-29T19:21:06.105+0000] {logging_mixin.py:188} INFO - [2026-05-29T19:21:06.105+0000] {dag.py:3834} INFO - Setting next_dagrun for example_time_delta_sensor_async to None, run_after=None
[2026-05-29T19:21:06.126+0000] {processor.py:183} INFO - Processing /home/airflow/.local/lib/python3.8/site-packages/airflow/example_dags/example_time_delta_sensor_async.py took 0.070 seconds
[2026-05-29T19:21:36.388+0000] {processor.py:161} INFO - Started process (PID=672) to work on /home/airflow/.local/lib/python3.8/site-packages/airflow/example_dags/example_time_delta_sensor_async.py
[2026-05-29T19:21:36.389+0000] {processor.py:830} INFO - Processing file /home/airflow/.local/lib/python3.8/site-packages/airflow/example_dags/example_time_delta_sensor_async.py for tasks to queue
[2026-05-29T19:21:36.391+0000] {logging_mixin.py:188} INFO - [2026-05-29T19:21:36.390+0000] {dagbag.py:540} INFO - Filling up the DagBag from /home/airflow/.local/lib/python3.8/site-packages/airflow/example_dags/example_time_delta_sensor_async.py
[2026-05-29T19:21:36.395+0000] {processor.py:840} INFO - DAG(s) 'example_time_delta_sensor_async' retrieved from /home/airflow/.local/lib/python3.8/site-packages/airflow/example_dags/example_time_delta_sensor_async.py
[2026-05-29T19:21:36.416+0000] {logging_mixin.py:188} INFO - [2026-05-29T19:21:36.416+0000] {dag.py:3047} INFO - Sync 1 DAGs
[2026-05-29T19:21:36.428+0000] {logging_mixin.py:188} INFO - [2026-05-29T19:21:36.428+0000] {dag.py:3834} INFO - Setting next_dagrun for example_time_delta_sensor_async to None, run_after=None
[2026-05-29T19:21:36.446+0000] {processor.py:183} INFO - Processing /home/airflow/.local/lib/python3.8/site-packages/airflow/example_dags/example_time_delta_sensor_async.py took 0.061 seconds
[2026-05-29T19:22:06.645+0000] {processor.py:161} INFO - Started process (PID=727) to work on /home/airflow/.local/lib/python3.8/site-packages/airflow/example_dags/example_time_delta_sensor_async.py
[2026-05-29T19:22:06.646+0000] {processor.py:830} INFO - Processing file /home/airflow/.local/lib/python3.8/site-packages/airflow/example_dags/example_time_delta_sensor_async.py for tasks to queue
[2026-05-29T19:22:06.648+0000] {logging_mixin.py:188} INFO - [2026-05-29T19:22:06.648+0000] {dagbag.py:540} INFO - Filling up the DagBag from /home/airflow/.local/lib/python3.8/site-packages/airflow/example_dags/example_time_delta_sensor_async.py
[2026-05-29T19:22:06.652+0000] {processor.py:840} INFO - DAG(s) 'example_time_delta_sensor_async' retrieved from /home/airflow/.local/lib/python3.8/site-packages/airflow/example_dags/example_time_delta_sensor_async.py
[2026-05-29T19:22:06.672+0000] {logging_mixin.py:188} INFO - [2026-05-29T19:22:06.671+0000] {dag.py:3047} INFO - Sync 1 DAGs
[2026-05-29T19:22:06.684+0000] {logging_mixin.py:188} INFO - [2026-05-29T19:22:06.684+0000] {dag.py:3834} INFO - Setting next_dagrun for example_time_delta_sensor_async to None, run_after=None
[2026-05-29T19:22:06.704+0000] {processor.py:183} INFO - Processing /home/airflow/.local/lib/python3.8/site-packages/airflow/example_dags/example_time_delta_sensor_async.py took 0.062 seconds
[2026-05-29T19:22:36.891+0000] {processor.py:161} INFO - Started process (PID=782) to work on /home/airflow/.local/lib/python3.8/site-packages/airflow/example_dags/example_time_delta_sensor_async.py
[2026-05-29T19:22:36.892+0000] {processor.py:830} INFO - Processing file /home/airflow/.local/lib/python3.8/site-packages/airflow/example_dags/example_time_delta_sensor_async.py for tasks to queue
[2026-05-29T19:22:36.894+0000] {logging_mixin.py:188} INFO - [2026-05-29T19:22:36.894+0000] {dagbag.py:540} INFO - Filling up the DagBag from /home/airflow/.local/lib/python3.8/site-packages/airflow/example_dags/example_time_delta_sensor_async.py
[2026-05-29T19:22:36.898+0000] {processor.py:840} INFO - DAG(s) 'example_time_delta_sensor_async' retrieved from /home/airflow/.local/lib/python3.8/site-packages/airflow/example_dags/example_time_delta_sensor_async.py
[2026-05-29T19:22:36.917+0000] {logging_mixin.py:188} INFO - [2026-05-29T19:22:36.917+0000] {dag.py:3047} INFO - Sync 1 DAGs
[2026-05-29T19:22:36.927+0000] {logging_mixin.py:188} INFO - [2026-05-29T19:22:36.927+0000] {dag.py:3834} INFO - Setting next_dagrun for example_time_delta_sensor_async to None, run_after=None
[2026-05-29T19:22:36.945+0000] {processor.py:183} INFO - Processing /home/airflow/.local/lib/python3.8/site-packages/airflow/example_dags/example_time_delta_sensor_async.py took 0.057 seconds
[2026-05-29T19:23:07.164+0000] {processor.py:161} INFO - Started process (PID=837) to work on /home/airflow/.local/lib/python3.8/site-packages/airflow/example_dags/example_time_delta_sensor_async.py
[2026-05-29T19:23:07.165+0000] {processor.py:830} INFO - Processing file /home/airflow/.local/lib/python3.8/site-packages/airflow/example_dags/example_time_delta_sensor_async.py for tasks to queue
[2026-05-29T19:23:07.167+0000] {logging_mixin.py:188} INFO - [2026-05-29T19:23:07.167+0000] {dagbag.py:540} INFO - Filling up the DagBag from /home/airflow/.local/lib/python3.8/site-packages/airflow/example_dags/example_time_delta_sensor_async.py
[2026-05-29T19:23:07.172+0000] {processor.py:840} INFO - DAG(s) 'example_time_delta_sensor_async' retrieved from /home/airflow/.local/lib/python3.8/site-packages/airflow/example_dags/example_time_delta_sensor_async.py
[2026-05-29T19:23:07.188+0000] {logging_mixin.py:188} INFO - [2026-05-29T19:23:07.188+0000] {dag.py:3047} INFO - Sync 1 DAGs
[2026-05-29T19:23:07.197+0000] {logging_mixin.py:188} INFO - [2026-05-29T19:23:07.196+0000] {dag.py:3834} INFO - Setting next_dagrun for example_time_delta_sensor_async to None, run_after=None
[2026-05-29T19:23:07.210+0000] {processor.py:183} INFO - Processing /home/airflow/.local/lib/python3.8/site-packages/airflow/example_dags/example_time_delta_sensor_async.py took 0.048 seconds
[2026-05-29T19:23:37.352+0000] {processor.py:161} INFO - Started process (PID=892) to work on /home/airflow/.local/lib/python3.8/site-packages/airflow/example_dags/example_time_delta_sensor_async.py
[2026-05-29T19:23:37.353+0000] {processor.py:830} INFO - Processing file /home/airflow/.local/lib/python3.8/site-packages/airflow/example_dags/example_time_delta_sensor_async.py for tasks to queue
[2026-05-29T19:23:37.355+0000] {logging_mixin.py:188} INFO - [2026-05-29T19:23:37.355+0000] {dagbag.py:540} INFO - Filling up the DagBag from /home/airflow/.local/lib/python3.8/site-packages/airflow/example_dags/example_time_delta_sensor_async.py
[2026-05-29T19:23:37.359+0000] {processor.py:840} INFO - DAG(s) 'example_time_delta_sensor_async' retrieved from /home/airflow/.local/lib/python3.8/site-packages/airflow/example_dags/example_time_delta_sensor_async.py
[2026-05-29T19:23:37.377+0000] {logging_mixin.py:188} INFO - [2026-05-29T19:23:37.377+0000] {dag.py:3047} INFO - Sync 1 DAGs
[2026-05-29T19:23:37.388+0000] {logging_mixin.py:188} INFO - [2026-05-29T19:23:37.388+0000] {dag.py:3834} INFO - Setting next_dagrun for example_time_delta_sensor_async to None, run_after=None
[2026-05-29T19:23:37.408+0000] {processor.py:183} INFO - Processing /home/airflow/.local/lib/python3.8/site-packages/airflow/example_dags/example_time_delta_sensor_async.py took 0.059 seconds
[2026-05-29T19:24:07.517+0000] {processor.py:161} INFO - Started process (PID=947) to work on /home/airflow/.local/lib/python3.8/site-packages/airflow/example_dags/example_time_delta_sensor_async.py
[2026-05-29T19:24:07.518+0000] {processor.py:830} INFO - Processing file /home/airflow/.local/lib/python3.8/site-packages/airflow/example_dags/example_time_delta_sensor_async.py for tasks to queue
[2026-05-29T19:24:07.520+0000] {logging_mixin.py:188} INFO - [2026-05-29T19:24:07.519+0000] {dagbag.py:540} INFO - Filling up the DagBag from /home/airflow/.local/lib/python3.8/site-packages/airflow/example_dags/example_time_delta_sensor_async.py
[2026-05-29T19:24:07.524+0000] {processor.py:840} INFO - DAG(s) 'example_time_delta_sensor_async' retrieved from /home/airflow/.local/lib/python3.8/site-packages/airflow/example_dags/example_time_delta_sensor_async.py
[2026-05-29T19:24:07.541+0000] {logging_mixin.py:188} INFO - [2026-05-29T19:24:07.541+0000] {dag.py:3047} INFO - Sync 1 DAGs
[2026-05-29T19:24:07.550+0000] {logging_mixin.py:188} INFO - [2026-05-29T19:24:07.549+0000] {dag.py:3834} INFO - Setting next_dagrun for example_time_delta_sensor_async to None, run_after=None
[2026-05-29T19:24:07.562+0000] {processor.py:183} INFO - Processing /home/airflow/.local/lib/python3.8/site-packages/airflow/example_dags/example_time_delta_sensor_async.py took 0.049 seconds
[2026-05-29T19:24:37.852+0000] {processor.py:161} INFO - Started process (PID=1002) to work on /home/airflow/.local/lib/python3.8/site-packages/airflow/example_dags/example_time_delta_sensor_async.py
[2026-05-29T19:24:37.853+0000] {processor.py:830} INFO - Processing file /home/airflow/.local/lib/python3.8/site-packages/airflow/example_dags/example_time_delta_sensor_async.py for tasks to queue
[2026-05-29T19:24:37.855+0000] {logging_mixin.py:188} INFO - [2026-05-29T19:24:37.855+0000] {dagbag.py:540} INFO - Filling up the DagBag from /home/airflow/.local/lib/python3.8/site-packages/airflow/example_dags/example_time_delta_sensor_async.py
[2026-05-29T19:24:37.860+0000] {processor.py:840} INFO - DAG(s) 'example_time_delta_sensor_async' retrieved from /home/airflow/.local/lib/python3.8/site-packages/airflow/example_dags/example_time_delta_sensor_async.py
[2026-05-29T19:24:37.882+0000] {logging_mixin.py:188} INFO - [2026-05-29T19:24:37.882+0000] {dag.py:3047} INFO - Sync 1 DAGs
[2026-05-29T19:24:37.894+0000] {logging_mixin.py:188} INFO - [2026-05-29T19:24:37.894+0000] {dag.py:3834} INFO - Setting next_dagrun for example_time_delta_sensor_async to None, run_after=None
[2026-05-29T19:24:37.914+0000] {processor.py:183} INFO - Processing /home/airflow/.local/lib/python3.8/site-packages/airflow/example_dags/example_time_delta_sensor_async.py took 0.065 seconds
[2026-05-29T19:25:08.201+0000] {processor.py:161} INFO - Started process (PID=1056) to work on /home/airflow/.local/lib/python3.8/site-packages/airflow/example_dags/example_time_delta_sensor_async.py
[2026-05-29T19:25:08.202+0000] {processor.py:830} INFO - Processing file /home/airflow/.local/lib/python3.8/site-packages/airflow/example_dags/example_time_delta_sensor_async.py for tasks to queue
[2026-05-29T19:25:08.204+0000] {logging_mixin.py:188} INFO - [2026-05-29T19:25:08.204+0000] {dagbag.py:540} INFO - Filling up the DagBag from /home/airflow/.local/lib/python3.8/site-packages/airflow/example_dags/example_time_delta_sensor_async.py
[2026-05-29T19:25:08.208+0000] {processor.py:840} INFO - DAG(s) 'example_time_delta_sensor_async' retrieved from /home/airflow/.local/lib/python3.8/site-packages/airflow/example_dags/example_time_delta_sensor_async.py
[2026-05-29T19:25:08.227+0000] {logging_mixin.py:188} INFO - [2026-05-29T19:25:08.227+0000] {dag.py:3047} INFO - Sync 1 DAGs
[2026-05-29T19:25:08.237+0000] {logging_mixin.py:188} INFO - [2026-05-29T19:25:08.237+0000] {dag.py:3834} INFO - Setting next_dagrun for example_time_delta_sensor_async to None, run_after=None
[2026-05-29T19:25:08.255+0000] {processor.py:183} INFO - Processing /home/airflow/.local/lib/python3.8/site-packages/airflow/example_dags/example_time_delta_sensor_async.py took 0.057 seconds
[2026-05-29T19:25:38.884+0000] {processor.py:161} INFO - Started process (PID=1112) to work on /home/airflow/.local/lib/python3.8/site-packages/airflow/example_dags/example_time_delta_sensor_async.py
[2026-05-29T19:25:38.886+0000] {processor.py:830} INFO - Processing file /home/airflow/.local/lib/python3.8/site-packages/airflow/example_dags/example_time_delta_sensor_async.py for tasks to queue
[2026-05-29T19:25:38.888+0000] {logging_mixin.py:188} INFO - [2026-05-29T19:25:38.887+0000] {dagbag.py:540} INFO - Filling up the DagBag from /home/airflow/.local/lib/python3.8/site-packages/airflow/example_dags/example_time_delta_sensor_async.py
[2026-05-29T19:25:38.892+0000] {processor.py:840} INFO - DAG(s) 'example_time_delta_sensor_async' retrieved from /home/airflow/.local/lib/python3.8/site-packages/airflow/example_dags/example_time_delta_sensor_async.py
[2026-05-29T19:25:38.911+0000] {logging_mixin.py:188} INFO - [2026-05-29T19:25:38.911+0000] {dag.py:3047} INFO - Sync 1 DAGs
[2026-05-29T19:25:38.926+0000] {logging_mixin.py:188} INFO - [2026-05-29T19:25:38.925+0000] {dag.py:3834} INFO - Setting next_dagrun for example_time_delta_sensor_async to None, run_after=None
[2026-05-29T19:25:38.948+0000] {processor.py:183} INFO - Processing /home/airflow/.local/lib/python3.8/site-packages/airflow/example_dags/example_time_delta_sensor_async.py took 0.066 seconds
[2026-05-29T19:26:09.097+0000] {processor.py:161} INFO - Started process (PID=1167) to work on /home/airflow/.local/lib/python3.8/site-packages/airflow/example_dags/example_time_delta_sensor_async.py
[2026-05-29T19:26:09.098+0000] {processor.py:830} INFO - Processing file /home/airflow/.local/lib/python3.8/site-packages/airflow/example_dags/example_time_delta_sensor_async.py for tasks to queue
[2026-05-29T19:26:09.100+0000] {logging_mixin.py:188} INFO - [2026-05-29T19:26:09.100+0000] {dagbag.py:540} INFO - Filling up the DagBag from /home/airflow/.local/lib/python3.8/site-packages/airflow/example_dags/example_time_delta_sensor_async.py
[2026-05-29T19:26:09.104+0000] {processor.py:840} INFO - DAG(s) 'example_time_delta_sensor_async' retrieved from /home/airflow/.local/lib/python3.8/site-packages/airflow/example_dags/example_time_delta_sensor_async.py
[2026-05-29T19:26:09.120+0000] {logging_mixin.py:188} INFO - [2026-05-29T19:26:09.120+0000] {dag.py:3047} INFO - Sync 1 DAGs
[2026-05-29T19:26:09.128+0000] {logging_mixin.py:188} INFO - [2026-05-29T19:26:09.128+0000] {dag.py:3834} INFO - Setting next_dagrun for example_time_delta_sensor_async to None, run_after=None
[2026-05-29T19:26:09.144+0000] {processor.py:183} INFO - Processing /home/airflow/.local/lib/python3.8/site-packages/airflow/example_dags/example_time_delta_sensor_async.py took 0.050 seconds
[2026-05-29T19:26:39.417+0000] {processor.py:161} INFO - Started process (PID=1222) to work on /home/airflow/.local/lib/python3.8/site-packages/airflow/example_dags/example_time_delta_sensor_async.py
[2026-05-29T19:26:39.419+0000] {processor.py:830} INFO - Processing file /home/airflow/.local/lib/python3.8/site-packages/airflow/example_dags/example_time_delta_sensor_async.py for tasks to queue
[2026-05-29T19:26:39.421+0000] {logging_mixin.py:188} INFO - [2026-05-29T19:26:39.421+0000] {dagbag.py:540} INFO - Filling up the DagBag from /home/airflow/.local/lib/python3.8/site-packages/airflow/example_dags/example_time_delta_sensor_async.py
[2026-05-29T19:26:39.426+0000] {processor.py:840} INFO - DAG(s) 'example_time_delta_sensor_async' retrieved from /home/airflow/.local/lib/python3.8/site-packages/airflow/example_dags/example_time_delta_sensor_async.py
[2026-05-29T19:26:39.447+0000] {logging_mixin.py:188} INFO - [2026-05-29T19:26:39.447+0000] {dag.py:3047} INFO - Sync 1 DAGs
[2026-05-29T19:26:39.458+0000] {logging_mixin.py:188} INFO - [2026-05-29T19:26:39.458+0000] {dag.py:3834} INFO - Setting next_dagrun for example_time_delta_sensor_async to None, run_after=None
[2026-05-29T19:26:39.477+0000] {processor.py:183} INFO - Processing /home/airflow/.local/lib/python3.8/site-packages/airflow/example_dags/example_time_delta_sensor_async.py took 0.062 seconds
[2026-05-29T19:27:09.528+0000] {processor.py:161} INFO - Started process (PID=1277) to work on /home/airflow/.local/lib/python3.8/site-packages/airflow/example_dags/example_time_delta_sensor_async.py
[2026-05-29T19:27:09.530+0000] {processor.py:830} INFO - Processing file /home/airflow/.local/lib/python3.8/site-packages/airflow/example_dags/example_time_delta_sensor_async.py for tasks to queue
[2026-05-29T19:27:09.531+0000] {logging_mixin.py:188} INFO - [2026-05-29T19:27:09.531+0000] {dagbag.py:540} INFO - Filling up the DagBag from /home/airflow/.local/lib/python3.8/site-packages/airflow/example_dags/example_time_delta_sensor_async.py
[2026-05-29T19:27:09.535+0000] {processor.py:840} INFO - DAG(s) 'example_time_delta_sensor_async' retrieved from /home/airflow/.local/lib/python3.8/site-packages/airflow/example_dags/example_time_delta_sensor_async.py
[2026-05-29T19:27:09.551+0000] {logging_mixin.py:188} INFO - [2026-05-29T19:27:09.551+0000] {dag.py:3047} INFO - Sync 1 DAGs
[2026-05-29T19:27:09.561+0000] {logging_mixin.py:188} INFO - [2026-05-29T19:27:09.561+0000] {dag.py:3834} INFO - Setting next_dagrun for example_time_delta_sensor_async to None, run_after=None
[2026-05-29T19:27:09.578+0000] {processor.py:183} INFO - Processing /home/airflow/.local/lib/python3.8/site-packages/airflow/example_dags/example_time_delta_sensor_async.py took 0.052 seconds
[2026-05-29T19:27:40.233+0000] {processor.py:161} INFO - Started process (PID=1332) to work on /home/airflow/.local/lib/python3.8/site-packages/airflow/example_dags/example_time_delta_sensor_async.py
[2026-05-29T19:27:40.234+0000] {processor.py:830} INFO - Processing file /home/airflow/.local/lib/python3.8/site-packages/airflow/example_dags/example_time_delta_sensor_async.py for tasks to queue
[2026-05-29T19:27:40.237+0000] {logging_mixin.py:188} INFO - [2026-05-29T19:27:40.237+0000] {dagbag.py:540} INFO - Filling up the DagBag from /home/airflow/.local/lib/python3.8/site-packages/airflow/example_dags/example_time_delta_sensor_async.py
[2026-05-29T19:27:40.243+0000] {processor.py:840} INFO - DAG(s) 'example_time_delta_sensor_async' retrieved from /home/airflow/.local/lib/python3.8/site-packages/airflow/example_dags/example_time_delta_sensor_async.py
[2026-05-29T19:27:40.265+0000] {logging_mixin.py:188} INFO - [2026-05-29T19:27:40.264+0000] {dag.py:3047} INFO - Sync 1 DAGs
[2026-05-29T19:27:40.276+0000] {logging_mixin.py:188} INFO - [2026-05-29T19:27:40.276+0000] {dag.py:3834} INFO - Setting next_dagrun for example_time_delta_sensor_async to None, run_after=None
[2026-05-29T19:27:40.294+0000] {processor.py:183} INFO - Processing /home/airflow/.local/lib/python3.8/site-packages/airflow/example_dags/example_time_delta_sensor_async.py took 0.065 seconds
[2026-05-29T19:28:10.436+0000] {processor.py:161} INFO - Started process (PID=1387) to work on /home/airflow/.local/lib/python3.8/site-packages/airflow/example_dags/example_time_delta_sensor_async.py
[2026-05-29T19:28:10.438+0000] {processor.py:830} INFO - Processing file /home/airflow/.local/lib/python3.8/site-packages/airflow/example_dags/example_time_delta_sensor_async.py for tasks to queue
[2026-05-29T19:28:10.440+0000] {logging_mixin.py:188} INFO - [2026-05-29T19:28:10.439+0000] {dagbag.py:540} INFO - Filling up the DagBag from /home/airflow/.local/lib/python3.8/site-packages/airflow/example_dags/example_time_delta_sensor_async.py
[2026-05-29T19:28:10.445+0000] {processor.py:840} INFO - DAG(s) 'example_time_delta_sensor_async' retrieved from /home/airflow/.local/lib/python3.8/site-packages/airflow/example_dags/example_time_delta_sensor_async.py
[2026-05-29T19:28:10.468+0000] {logging_mixin.py:188} INFO - [2026-05-29T19:28:10.467+0000] {dag.py:3047} INFO - Sync 1 DAGs
[2026-05-29T19:28:10.481+0000] {logging_mixin.py:188} INFO - [2026-05-29T19:28:10.480+0000] {dag.py:3834} INFO - Setting next_dagrun for example_time_delta_sensor_async to None, run_after=None
[2026-05-29T19:28:10.509+0000] {processor.py:183} INFO - Processing /home/airflow/.local/lib/python3.8/site-packages/airflow/example_dags/example_time_delta_sensor_async.py took 0.075 seconds
[2026-05-29T19:28:40.856+0000] {processor.py:161} INFO - Started process (PID=1441) to work on /home/airflow/.local/lib/python3.8/site-packages/airflow/example_dags/example_time_delta_sensor_async.py
[2026-05-29T19:28:40.858+0000] {processor.py:830} INFO - Processing file /home/airflow/.local/lib/python3.8/site-packages/airflow/example_dags/example_time_delta_sensor_async.py for tasks to queue
[2026-05-29T19:28:40.860+0000] {logging_mixin.py:188} INFO - [2026-05-29T19:28:40.860+0000] {dagbag.py:540} INFO - Filling up the DagBag from /home/airflow/.local/lib/python3.8/site-packages/airflow/example_dags/example_time_delta_sensor_async.py
[2026-05-29T19:28:40.864+0000] {processor.py:840} INFO - DAG(s) 'example_time_delta_sensor_async' retrieved from /home/airflow/.local/lib/python3.8/site-packages/airflow/example_dags/example_time_delta_sensor_async.py
[2026-05-29T19:28:40.881+0000] {logging_mixin.py:188} INFO - [2026-05-29T19:28:40.880+0000] {dag.py:3047} INFO - Sync 1 DAGs
[2026-05-29T19:28:40.889+0000] {logging_mixin.py:188} INFO - [2026-05-29T19:28:40.889+0000] {dag.py:3834} INFO - Setting next_dagrun for example_time_delta_sensor_async to None, run_after=None
[2026-05-29T19:28:40.903+0000] {processor.py:183} INFO - Processing /home/airflow/.local/lib/python3.8/site-packages/airflow/example_dags/example_time_delta_sensor_async.py took 0.050 seconds
[2026-05-29T19:29:11.457+0000] {processor.py:161} INFO - Started process (PID=1496) to work on /home/airflow/.local/lib/python3.8/site-packages/airflow/example_dags/example_time_delta_sensor_async.py
[2026-05-29T19:29:11.459+0000] {processor.py:830} INFO - Processing file /home/airflow/.local/lib/python3.8/site-packages/airflow/example_dags/example_time_delta_sensor_async.py for tasks to queue
[2026-05-29T19:29:11.461+0000] {logging_mixin.py:188} INFO - [2026-05-29T19:29:11.460+0000] {dagbag.py:540} INFO - Filling up the DagBag from /home/airflow/.local/lib/python3.8/site-packages/airflow/example_dags/example_time_delta_sensor_async.py
[2026-05-29T19:29:11.465+0000] {processor.py:840} INFO - DAG(s) 'example_time_delta_sensor_async' retrieved from /home/airflow/.local/lib/python3.8/site-packages/airflow/example_dags/example_time_delta_sensor_async.py
[2026-05-29T19:29:11.482+0000] {logging_mixin.py:188} INFO - [2026-05-29T19:29:11.482+0000] {dag.py:3047} INFO - Sync 1 DAGs
[2026-05-29T19:29:11.492+0000] {logging_mixin.py:188} INFO - [2026-05-29T19:29:11.491+0000] {dag.py:3834} INFO - Setting next_dagrun for example_time_delta_sensor_async to None, run_after=None
[2026-05-29T19:29:11.508+0000] {processor.py:183} INFO - Processing /home/airflow/.local/lib/python3.8/site-packages/airflow/example_dags/example_time_delta_sensor_async.py took 0.054 seconds
[2026-05-29T19:29:41.812+0000] {processor.py:161} INFO - Started process (PID=1551) to work on /home/airflow/.local/lib/python3.8/site-packages/airflow/example_dags/example_time_delta_sensor_async.py
[2026-05-29T19:29:41.813+0000] {processor.py:830} INFO - Processing file /home/airflow/.local/lib/python3.8/site-packages/airflow/example_dags/example_time_delta_sensor_async.py for tasks to queue
[2026-05-29T19:29:41.815+0000] {logging_mixin.py:188} INFO - [2026-05-29T19:29:41.815+0000] {dagbag.py:540} INFO - Filling up the DagBag from /home/airflow/.local/lib/python3.8/site-packages/airflow/example_dags/example_time_delta_sensor_async.py
[2026-05-29T19:29:41.819+0000] {processor.py:840} INFO - DAG(s) 'example_time_delta_sensor_async' retrieved from /home/airflow/.local/lib/python3.8/site-packages/airflow/example_dags/example_time_delta_sensor_async.py
[2026-05-29T19:29:41.836+0000] {logging_mixin.py:188} INFO - [2026-05-29T19:29:41.836+0000] {dag.py:3047} INFO - Sync 1 DAGs
[2026-05-29T19:29:41.847+0000] {logging_mixin.py:188} INFO - [2026-05-29T19:29:41.847+0000] {dag.py:3834} INFO - Setting next_dagrun for example_time_delta_sensor_async to None, run_after=None
[2026-05-29T19:29:41.864+0000] {processor.py:183} INFO - Processing /home/airflow/.local/lib/python3.8/site-packages/airflow/example_dags/example_time_delta_sensor_async.py took 0.055 seconds
[2026-05-29T19:30:12.235+0000] {processor.py:161} INFO - Started process (PID=1606) to work on /home/airflow/.local/lib/python3.8/site-packages/airflow/example_dags/example_time_delta_sensor_async.py
[2026-05-29T19:30:12.236+0000] {processor.py:830} INFO - Processing file /home/airflow/.local/lib/python3.8/site-packages/airflow/example_dags/example_time_delta_sensor_async.py for tasks to queue
[2026-05-29T19:30:12.238+0000] {logging_mixin.py:188} INFO - [2026-05-29T19:30:12.238+0000] {dagbag.py:540} INFO - Filling up the DagBag from /home/airflow/.local/lib/python3.8/site-packages/airflow/example_dags/example_time_delta_sensor_async.py
[2026-05-29T19:30:12.242+0000] {processor.py:840} INFO - DAG(s) 'example_time_delta_sensor_async' retrieved from /home/airflow/.local/lib/python3.8/site-packages/airflow/example_dags/example_time_delta_sensor_async.py
[2026-05-29T19:30:12.257+0000] {logging_mixin.py:188} INFO - [2026-05-29T19:30:12.257+0000] {dag.py:3047} INFO - Sync 1 DAGs
[2026-05-29T19:30:12.271+0000] {logging_mixin.py:188} INFO - [2026-05-29T19:30:12.270+0000] {dag.py:3834} INFO - Setting next_dagrun for example_time_delta_sensor_async to None, run_after=None
[2026-05-29T19:30:12.292+0000] {processor.py:183} INFO - Processing /home/airflow/.local/lib/python3.8/site-packages/airflow/example_dags/example_time_delta_sensor_async.py took 0.059 seconds
[2026-05-29T19:30:42.440+0000] {processor.py:161} INFO - Started process (PID=1661) to work on /home/airflow/.local/lib/python3.8/site-packages/airflow/example_dags/example_time_delta_sensor_async.py
[2026-05-29T19:30:42.442+0000] {processor.py:830} INFO - Processing file /home/airflow/.local/lib/python3.8/site-packages/airflow/example_dags/example_time_delta_sensor_async.py for tasks to queue
[2026-05-29T19:30:42.444+0000] {logging_mixin.py:188} INFO - [2026-05-29T19:30:42.444+0000] {dagbag.py:540} INFO - Filling up the DagBag from /home/airflow/.local/lib/python3.8/site-packages/airflow/example_dags/example_time_delta_sensor_async.py
[2026-05-29T19:30:42.448+0000] {processor.py:840} INFO - DAG(s) 'example_time_delta_sensor_async' retrieved from /home/airflow/.local/lib/python3.8/site-packages/airflow/example_dags/example_time_delta_sensor_async.py
[2026-05-29T19:30:42.465+0000] {logging_mixin.py:188} INFO - [2026-05-29T19:30:42.464+0000] {dag.py:3047} INFO - Sync 1 DAGs
[2026-05-29T19:30:42.474+0000] {logging_mixin.py:188} INFO - [2026-05-29T19:30:42.473+0000] {dag.py:3834} INFO - Setting next_dagrun for example_time_delta_sensor_async to None, run_after=None
[2026-05-29T19:30:42.488+0000] {processor.py:183} INFO - Processing /home/airflow/.local/lib/python3.8/site-packages/airflow/example_dags/example_time_delta_sensor_async.py took 0.050 seconds
[2026-05-29T19:31:12.654+0000] {processor.py:161} INFO - Started process (PID=1716) to work on /home/airflow/.local/lib/python3.8/site-packages/airflow/example_dags/example_time_delta_sensor_async.py
[2026-05-29T19:31:12.655+0000] {processor.py:830} INFO - Processing file /home/airflow/.local/lib/python3.8/site-packages/airflow/example_dags/example_time_delta_sensor_async.py for tasks to queue
[2026-05-29T19:31:12.657+0000] {logging_mixin.py:188} INFO - [2026-05-29T19:31:12.657+0000] {dagbag.py:540} INFO - Filling up the DagBag from /home/airflow/.local/lib/python3.8/site-packages/airflow/example_dags/example_time_delta_sensor_async.py
[2026-05-29T19:31:12.661+0000] {processor.py:840} INFO - DAG(s) 'example_time_delta_sensor_async' retrieved from /home/airflow/.local/lib/python3.8/site-packages/airflow/example_dags/example_time_delta_sensor_async.py
[2026-05-29T19:31:12.676+0000] {logging_mixin.py:188} INFO - [2026-05-29T19:31:12.676+0000] {dag.py:3047} INFO - Sync 1 DAGs
[2026-05-29T19:31:12.684+0000] {logging_mixin.py:188} INFO - [2026-05-29T19:31:12.684+0000] {dag.py:3834} INFO - Setting next_dagrun for example_time_delta_sensor_async to None, run_after=None
[2026-05-29T19:31:12.699+0000] {processor.py:183} INFO - Processing /home/airflow/.local/lib/python3.8/site-packages/airflow/example_dags/example_time_delta_sensor_async.py took 0.048 seconds
[2026-05-29T19:31:43.078+0000] {processor.py:161} INFO - Started process (PID=1771) to work on /home/airflow/.local/lib/python3.8/site-packages/airflow/example_dags/example_time_delta_sensor_async.py
[2026-05-29T19:31:43.080+0000] {processor.py:830} INFO - Processing file /home/airflow/.local/lib/python3.8/site-packages/airflow/example_dags/example_time_delta_sensor_async.py for tasks to queue
[2026-05-29T19:31:43.083+0000] {logging_mixin.py:188} INFO - [2026-05-29T19:31:43.083+0000] {dagbag.py:540} INFO - Filling up the DagBag from /home/airflow/.local/lib/python3.8/site-packages/airflow/example_dags/example_time_delta_sensor_async.py
[2026-05-29T19:31:43.089+0000] {processor.py:840} INFO - DAG(s) 'example_time_delta_sensor_async' retrieved from /home/airflow/.local/lib/python3.8/site-packages/airflow/example_dags/example_time_delta_sensor_async.py
[2026-05-29T19:31:43.119+0000] {logging_mixin.py:188} INFO - [2026-05-29T19:31:43.119+0000] {dag.py:3047} INFO - Sync 1 DAGs
[2026-05-29T19:31:43.134+0000] {logging_mixin.py:188} INFO - [2026-05-29T19:31:43.134+0000] {dag.py:3834} INFO - Setting next_dagrun for example_time_delta_sensor_async to None, run_after=None
[2026-05-29T19:31:43.164+0000] {processor.py:183} INFO - Processing /home/airflow/.local/lib/python3.8/site-packages/airflow/example_dags/example_time_delta_sensor_async.py took 0.091 seconds
[2026-05-29T19:32:13.390+0000] {processor.py:161} INFO - Started process (PID=1826) to work on /home/airflow/.local/lib/python3.8/site-packages/airflow/example_dags/example_time_delta_sensor_async.py
[2026-05-29T19:32:13.391+0000] {processor.py:830} INFO - Processing file /home/airflow/.local/lib/python3.8/site-packages/airflow/example_dags/example_time_delta_sensor_async.py for tasks to queue
[2026-05-29T19:32:13.393+0000] {logging_mixin.py:188} INFO - [2026-05-29T19:32:13.393+0000] {dagbag.py:540} INFO - Filling up the DagBag from /home/airflow/.local/lib/python3.8/site-packages/airflow/example_dags/example_time_delta_sensor_async.py
[2026-05-29T19:32:13.397+0000] {processor.py:840} INFO - DAG(s) 'example_time_delta_sensor_async' retrieved from /home/airflow/.local/lib/python3.8/site-packages/airflow/example_dags/example_time_delta_sensor_async.py
[2026-05-29T19:32:13.415+0000] {logging_mixin.py:188} INFO - [2026-05-29T19:32:13.415+0000] {dag.py:3047} INFO - Sync 1 DAGs
[2026-05-29T19:32:13.424+0000] {logging_mixin.py:188} INFO - [2026-05-29T19:32:13.424+0000] {dag.py:3834} INFO - Setting next_dagrun for example_time_delta_sensor_async to None, run_after=None
[2026-05-29T19:32:13.443+0000] {processor.py:183} INFO - Processing /home/airflow/.local/lib/python3.8/site-packages/airflow/example_dags/example_time_delta_sensor_async.py took 0.056 seconds
[2026-05-29T19:32:43.662+0000] {processor.py:161} INFO - Started process (PID=1882) to work on /home/airflow/.local/lib/python3.8/site-packages/airflow/example_dags/example_time_delta_sensor_async.py
[2026-05-29T19:32:43.663+0000] {processor.py:830} INFO - Processing file /home/airflow/.local/lib/python3.8/site-packages/airflow/example_dags/example_time_delta_sensor_async.py for tasks to queue
[2026-05-29T19:32:43.665+0000] {logging_mixin.py:188} INFO - [2026-05-29T19:32:43.665+0000] {dagbag.py:540} INFO - Filling up the DagBag from /home/airflow/.local/lib/python3.8/site-packages/airflow/example_dags/example_time_delta_sensor_async.py
[2026-05-29T19:32:43.669+0000] {processor.py:840} INFO - DAG(s) 'example_time_delta_sensor_async' retrieved from /home/airflow/.local/lib/python3.8/site-packages/airflow/example_dags/example_time_delta_sensor_async.py
[2026-05-29T19:32:43.687+0000] {logging_mixin.py:188} INFO - [2026-05-29T19:32:43.687+0000] {dag.py:3047} INFO - Sync 1 DAGs
[2026-05-29T19:32:43.704+0000] {logging_mixin.py:188} INFO - [2026-05-29T19:32:43.704+0000] {dag.py:3834} INFO - Setting next_dagrun for example_time_delta_sensor_async to None, run_after=None
[2026-05-29T19:32:43.736+0000] {processor.py:183} INFO - Processing /home/airflow/.local/lib/python3.8/site-packages/airflow/example_dags/example_time_delta_sensor_async.py took 0.078 seconds
[2026-05-29T19:33:13.932+0000] {processor.py:161} INFO - Started process (PID=1937) to work on /home/airflow/.local/lib/python3.8/site-packages/airflow/example_dags/example_time_delta_sensor_async.py
[2026-05-29T19:33:13.934+0000] {processor.py:830} INFO - Processing file /home/airflow/.local/lib/python3.8/site-packages/airflow/example_dags/example_time_delta_sensor_async.py for tasks to queue
[2026-05-29T19:33:13.937+0000] {logging_mixin.py:188} INFO - [2026-05-29T19:33:13.936+0000] {dagbag.py:540} INFO - Filling up the DagBag from /home/airflow/.local/lib/python3.8/site-packages/airflow/example_dags/example_time_delta_sensor_async.py
[2026-05-29T19:33:13.941+0000] {processor.py:840} INFO - DAG(s) 'example_time_delta_sensor_async' retrieved from /home/airflow/.local/lib/python3.8/site-packages/airflow/example_dags/example_time_delta_sensor_async.py
[2026-05-29T19:33:13.962+0000] {logging_mixin.py:188} INFO - [2026-05-29T19:33:13.962+0000] {dag.py:3047} INFO - Sync 1 DAGs
[2026-05-29T19:33:13.975+0000] {logging_mixin.py:188} INFO - [2026-05-29T19:33:13.975+0000] {dag.py:3834} INFO - Setting next_dagrun for example_time_delta_sensor_async to None, run_after=None
[2026-05-29T19:33:13.997+0000] {processor.py:183} INFO - Processing /home/airflow/.local/lib/python3.8/site-packages/airflow/example_dags/example_time_delta_sensor_async.py took 0.069 seconds
[2026-05-29T19:33:44.648+0000] {processor.py:161} INFO - Started process (PID=1992) to work on /home/airflow/.local/lib/python3.8/site-packages/airflow/example_dags/example_time_delta_sensor_async.py
[2026-05-29T19:33:44.650+0000] {processor.py:830} INFO - Processing file /home/airflow/.local/lib/python3.8/site-packages/airflow/example_dags/example_time_delta_sensor_async.py for tasks to queue
[2026-05-29T19:33:44.652+0000] {logging_mixin.py:188} INFO - [2026-05-29T19:33:44.651+0000] {dagbag.py:540} INFO - Filling up the DagBag from /home/airflow/.local/lib/python3.8/site-packages/airflow/example_dags/example_time_delta_sensor_async.py
[2026-05-29T19:33:44.656+0000] {processor.py:840} INFO - DAG(s) 'example_time_delta_sensor_async' retrieved from /home/airflow/.local/lib/python3.8/site-packages/airflow/example_dags/example_time_delta_sensor_async.py
[2026-05-29T19:33:44.674+0000] {logging_mixin.py:188} INFO - [2026-05-29T19:33:44.674+0000] {dag.py:3047} INFO - Sync 1 DAGs
[2026-05-29T19:33:44.683+0000] {logging_mixin.py:188} INFO - [2026-05-29T19:33:44.683+0000] {dag.py:3834} INFO - Setting next_dagrun for example_time_delta_sensor_async to None, run_after=None
[2026-05-29T19:33:44.698+0000] {processor.py:183} INFO - Processing /home/airflow/.local/lib/python3.8/site-packages/airflow/example_dags/example_time_delta_sensor_async.py took 0.053 seconds
