[2026-05-29T19:16:04.978+0000] {processor.py:161} INFO - Started process (PID=77) to work on /home/airflow/.local/lib/python3.8/site-packages/airflow/example_dags/example_external_task_marker_dag.py
[2026-05-29T19:16:04.983+0000] {processor.py:830} INFO - Processing file /home/airflow/.local/lib/python3.8/site-packages/airflow/example_dags/example_external_task_marker_dag.py for tasks to queue
[2026-05-29T19:16:04.997+0000] {logging_mixin.py:188} INFO - [2026-05-29T19:16:04.996+0000] {dagbag.py:540} INFO - Filling up the DagBag from /home/airflow/.local/lib/python3.8/site-packages/airflow/example_dags/example_external_task_marker_dag.py
[2026-05-29T19:16:05.019+0000] {processor.py:840} INFO - DAG(s) 'example_external_task_marker_child', 'example_external_task_marker_parent' retrieved from /home/airflow/.local/lib/python3.8/site-packages/airflow/example_dags/example_external_task_marker_dag.py
[2026-05-29T19:16:05.095+0000] {logging_mixin.py:188} INFO - [2026-05-29T19:16:05.094+0000] {dag.py:3047} INFO - Sync 2 DAGs
[2026-05-29T19:16:05.129+0000] {logging_mixin.py:188} INFO - [2026-05-29T19:16:05.128+0000] {dag.py:3834} INFO - Setting next_dagrun for example_external_task_marker_child to None, run_after=None
[2026-05-29T19:16:05.138+0000] {logging_mixin.py:188} INFO - [2026-05-29T19:16:05.137+0000] {dag.py:3834} INFO - Setting next_dagrun for example_external_task_marker_parent to None, run_after=None
[2026-05-29T19:16:05.190+0000] {processor.py:183} INFO - Processing /home/airflow/.local/lib/python3.8/site-packages/airflow/example_dags/example_external_task_marker_dag.py took 0.223 seconds
[2026-05-29T19:16:35.568+0000] {processor.py:161} INFO - Started process (PID=132) to work on /home/airflow/.local/lib/python3.8/site-packages/airflow/example_dags/example_external_task_marker_dag.py
[2026-05-29T19:16:35.571+0000] {processor.py:830} INFO - Processing file /home/airflow/.local/lib/python3.8/site-packages/airflow/example_dags/example_external_task_marker_dag.py for tasks to queue
[2026-05-29T19:16:35.574+0000] {logging_mixin.py:188} INFO - [2026-05-29T19:16:35.573+0000] {dagbag.py:540} INFO - Filling up the DagBag from /home/airflow/.local/lib/python3.8/site-packages/airflow/example_dags/example_external_task_marker_dag.py
[2026-05-29T19:16:35.580+0000] {processor.py:840} INFO - DAG(s) 'example_external_task_marker_child', 'example_external_task_marker_parent' retrieved from /home/airflow/.local/lib/python3.8/site-packages/airflow/example_dags/example_external_task_marker_dag.py
[2026-05-29T19:16:35.608+0000] {logging_mixin.py:188} INFO - [2026-05-29T19:16:35.608+0000] {dag.py:3047} INFO - Sync 2 DAGs
[2026-05-29T19:16:35.624+0000] {logging_mixin.py:188} INFO - [2026-05-29T19:16:35.624+0000] {dag.py:3834} INFO - Setting next_dagrun for example_external_task_marker_child to None, run_after=None
[2026-05-29T19:16:35.630+0000] {logging_mixin.py:188} INFO - [2026-05-29T19:16:35.630+0000] {dag.py:3834} INFO - Setting next_dagrun for example_external_task_marker_parent to None, run_after=None
[2026-05-29T19:16:35.656+0000] {processor.py:183} INFO - Processing /home/airflow/.local/lib/python3.8/site-packages/airflow/example_dags/example_external_task_marker_dag.py took 0.092 seconds
[2026-05-29T19:17:06.047+0000] {processor.py:161} INFO - Started process (PID=187) to work on /home/airflow/.local/lib/python3.8/site-packages/airflow/example_dags/example_external_task_marker_dag.py
[2026-05-29T19:17:06.048+0000] {processor.py:830} INFO - Processing file /home/airflow/.local/lib/python3.8/site-packages/airflow/example_dags/example_external_task_marker_dag.py for tasks to queue
[2026-05-29T19:17:06.051+0000] {logging_mixin.py:188} INFO - [2026-05-29T19:17:06.050+0000] {dagbag.py:540} INFO - Filling up the DagBag from /home/airflow/.local/lib/python3.8/site-packages/airflow/example_dags/example_external_task_marker_dag.py
[2026-05-29T19:17:06.056+0000] {processor.py:840} INFO - DAG(s) 'example_external_task_marker_parent', 'example_external_task_marker_child' retrieved from /home/airflow/.local/lib/python3.8/site-packages/airflow/example_dags/example_external_task_marker_dag.py
[2026-05-29T19:17:06.077+0000] {logging_mixin.py:188} INFO - [2026-05-29T19:17:06.077+0000] {dag.py:3047} INFO - Sync 2 DAGs
[2026-05-29T19:17:06.088+0000] {logging_mixin.py:188} INFO - [2026-05-29T19:17:06.088+0000] {dag.py:3834} INFO - Setting next_dagrun for example_external_task_marker_child to None, run_after=None
[2026-05-29T19:17:06.091+0000] {logging_mixin.py:188} INFO - [2026-05-29T19:17:06.091+0000] {dag.py:3834} INFO - Setting next_dagrun for example_external_task_marker_parent to None, run_after=None
[2026-05-29T19:17:06.113+0000] {processor.py:183} INFO - Processing /home/airflow/.local/lib/python3.8/site-packages/airflow/example_dags/example_external_task_marker_dag.py took 0.068 seconds
[2026-05-29T19:17:36.411+0000] {processor.py:161} INFO - Started process (PID=242) to work on /home/airflow/.local/lib/python3.8/site-packages/airflow/example_dags/example_external_task_marker_dag.py
[2026-05-29T19:17:36.413+0000] {processor.py:830} INFO - Processing file /home/airflow/.local/lib/python3.8/site-packages/airflow/example_dags/example_external_task_marker_dag.py for tasks to queue
[2026-05-29T19:17:36.417+0000] {logging_mixin.py:188} INFO - [2026-05-29T19:17:36.416+0000] {dagbag.py:540} INFO - Filling up the DagBag from /home/airflow/.local/lib/python3.8/site-packages/airflow/example_dags/example_external_task_marker_dag.py
[2026-05-29T19:17:36.423+0000] {processor.py:840} INFO - DAG(s) 'example_external_task_marker_parent', 'example_external_task_marker_child' retrieved from /home/airflow/.local/lib/python3.8/site-packages/airflow/example_dags/example_external_task_marker_dag.py
[2026-05-29T19:17:36.459+0000] {logging_mixin.py:188} INFO - [2026-05-29T19:17:36.459+0000] {dag.py:3047} INFO - Sync 2 DAGs
[2026-05-29T19:17:36.472+0000] {logging_mixin.py:188} INFO - [2026-05-29T19:17:36.472+0000] {dag.py:3834} INFO - Setting next_dagrun for example_external_task_marker_child to None, run_after=None
[2026-05-29T19:17:36.477+0000] {logging_mixin.py:188} INFO - [2026-05-29T19:17:36.477+0000] {dag.py:3834} INFO - Setting next_dagrun for example_external_task_marker_parent to None, run_after=None
[2026-05-29T19:17:36.504+0000] {processor.py:183} INFO - Processing /home/airflow/.local/lib/python3.8/site-packages/airflow/example_dags/example_external_task_marker_dag.py took 0.097 seconds
[2026-05-29T19:18:07.448+0000] {processor.py:161} INFO - Started process (PID=297) to work on /home/airflow/.local/lib/python3.8/site-packages/airflow/example_dags/example_external_task_marker_dag.py
[2026-05-29T19:18:07.450+0000] {processor.py:830} INFO - Processing file /home/airflow/.local/lib/python3.8/site-packages/airflow/example_dags/example_external_task_marker_dag.py for tasks to queue
[2026-05-29T19:18:07.452+0000] {logging_mixin.py:188} INFO - [2026-05-29T19:18:07.451+0000] {dagbag.py:540} INFO - Filling up the DagBag from /home/airflow/.local/lib/python3.8/site-packages/airflow/example_dags/example_external_task_marker_dag.py
[2026-05-29T19:18:07.457+0000] {processor.py:840} INFO - DAG(s) 'example_external_task_marker_child', 'example_external_task_marker_parent' retrieved from /home/airflow/.local/lib/python3.8/site-packages/airflow/example_dags/example_external_task_marker_dag.py
[2026-05-29T19:18:07.481+0000] {logging_mixin.py:188} INFO - [2026-05-29T19:18:07.481+0000] {dag.py:3047} INFO - Sync 2 DAGs
[2026-05-29T19:18:07.492+0000] {logging_mixin.py:188} INFO - [2026-05-29T19:18:07.492+0000] {dag.py:3834} INFO - Setting next_dagrun for example_external_task_marker_child to None, run_after=None
[2026-05-29T19:18:07.496+0000] {logging_mixin.py:188} INFO - [2026-05-29T19:18:07.495+0000] {dag.py:3834} INFO - Setting next_dagrun for example_external_task_marker_parent to None, run_after=None
[2026-05-29T19:18:07.511+0000] {processor.py:183} INFO - Processing /home/airflow/.local/lib/python3.8/site-packages/airflow/example_dags/example_external_task_marker_dag.py took 0.066 seconds
[2026-05-29T19:18:37.786+0000] {processor.py:161} INFO - Started process (PID=352) to work on /home/airflow/.local/lib/python3.8/site-packages/airflow/example_dags/example_external_task_marker_dag.py
[2026-05-29T19:18:37.788+0000] {processor.py:830} INFO - Processing file /home/airflow/.local/lib/python3.8/site-packages/airflow/example_dags/example_external_task_marker_dag.py for tasks to queue
[2026-05-29T19:18:37.791+0000] {logging_mixin.py:188} INFO - [2026-05-29T19:18:37.791+0000] {dagbag.py:540} INFO - Filling up the DagBag from /home/airflow/.local/lib/python3.8/site-packages/airflow/example_dags/example_external_task_marker_dag.py
[2026-05-29T19:18:37.798+0000] {processor.py:840} INFO - DAG(s) 'example_external_task_marker_child', 'example_external_task_marker_parent' retrieved from /home/airflow/.local/lib/python3.8/site-packages/airflow/example_dags/example_external_task_marker_dag.py
[2026-05-29T19:18:37.823+0000] {logging_mixin.py:188} INFO - [2026-05-29T19:18:37.823+0000] {dag.py:3047} INFO - Sync 2 DAGs
[2026-05-29T19:18:37.835+0000] {logging_mixin.py:188} INFO - [2026-05-29T19:18:37.834+0000] {dag.py:3834} INFO - Setting next_dagrun for example_external_task_marker_child to None, run_after=None
[2026-05-29T19:18:37.840+0000] {logging_mixin.py:188} INFO - [2026-05-29T19:18:37.840+0000] {dag.py:3834} INFO - Setting next_dagrun for example_external_task_marker_parent to None, run_after=None
[2026-05-29T19:18:37.857+0000] {processor.py:183} INFO - Processing /home/airflow/.local/lib/python3.8/site-packages/airflow/example_dags/example_external_task_marker_dag.py took 0.074 seconds
[2026-05-29T19:19:08.367+0000] {processor.py:161} INFO - Started process (PID=407) to work on /home/airflow/.local/lib/python3.8/site-packages/airflow/example_dags/example_external_task_marker_dag.py
[2026-05-29T19:19:08.373+0000] {processor.py:830} INFO - Processing file /home/airflow/.local/lib/python3.8/site-packages/airflow/example_dags/example_external_task_marker_dag.py for tasks to queue
[2026-05-29T19:19:08.379+0000] {logging_mixin.py:188} INFO - [2026-05-29T19:19:08.379+0000] {dagbag.py:540} INFO - Filling up the DagBag from /home/airflow/.local/lib/python3.8/site-packages/airflow/example_dags/example_external_task_marker_dag.py
[2026-05-29T19:19:08.395+0000] {processor.py:840} INFO - DAG(s) 'example_external_task_marker_child', 'example_external_task_marker_parent' retrieved from /home/airflow/.local/lib/python3.8/site-packages/airflow/example_dags/example_external_task_marker_dag.py
[2026-05-29T19:19:08.431+0000] {logging_mixin.py:188} INFO - [2026-05-29T19:19:08.431+0000] {dag.py:3047} INFO - Sync 2 DAGs
[2026-05-29T19:19:08.445+0000] {logging_mixin.py:188} INFO - [2026-05-29T19:19:08.445+0000] {dag.py:3834} INFO - Setting next_dagrun for example_external_task_marker_child to None, run_after=None
[2026-05-29T19:19:08.451+0000] {logging_mixin.py:188} INFO - [2026-05-29T19:19:08.451+0000] {dag.py:3834} INFO - Setting next_dagrun for example_external_task_marker_parent to None, run_after=None
[2026-05-29T19:19:08.473+0000] {processor.py:183} INFO - Processing /home/airflow/.local/lib/python3.8/site-packages/airflow/example_dags/example_external_task_marker_dag.py took 0.110 seconds
[2026-05-29T19:19:38.559+0000] {processor.py:161} INFO - Started process (PID=462) to work on /home/airflow/.local/lib/python3.8/site-packages/airflow/example_dags/example_external_task_marker_dag.py
[2026-05-29T19:19:38.561+0000] {processor.py:830} INFO - Processing file /home/airflow/.local/lib/python3.8/site-packages/airflow/example_dags/example_external_task_marker_dag.py for tasks to queue
[2026-05-29T19:19:38.564+0000] {logging_mixin.py:188} INFO - [2026-05-29T19:19:38.563+0000] {dagbag.py:540} INFO - Filling up the DagBag from /home/airflow/.local/lib/python3.8/site-packages/airflow/example_dags/example_external_task_marker_dag.py
[2026-05-29T19:19:38.570+0000] {processor.py:840} INFO - DAG(s) 'example_external_task_marker_parent', 'example_external_task_marker_child' retrieved from /home/airflow/.local/lib/python3.8/site-packages/airflow/example_dags/example_external_task_marker_dag.py
[2026-05-29T19:19:38.593+0000] {logging_mixin.py:188} INFO - [2026-05-29T19:19:38.593+0000] {dag.py:3047} INFO - Sync 2 DAGs
[2026-05-29T19:19:38.604+0000] {logging_mixin.py:188} INFO - [2026-05-29T19:19:38.604+0000] {dag.py:3834} INFO - Setting next_dagrun for example_external_task_marker_child to None, run_after=None
[2026-05-29T19:19:38.608+0000] {logging_mixin.py:188} INFO - [2026-05-29T19:19:38.608+0000] {dag.py:3834} INFO - Setting next_dagrun for example_external_task_marker_parent to None, run_after=None
[2026-05-29T19:19:38.625+0000] {processor.py:183} INFO - Processing /home/airflow/.local/lib/python3.8/site-packages/airflow/example_dags/example_external_task_marker_dag.py took 0.069 seconds
[2026-05-29T19:20:09.137+0000] {processor.py:161} INFO - Started process (PID=517) to work on /home/airflow/.local/lib/python3.8/site-packages/airflow/example_dags/example_external_task_marker_dag.py
[2026-05-29T19:20:09.138+0000] {processor.py:830} INFO - Processing file /home/airflow/.local/lib/python3.8/site-packages/airflow/example_dags/example_external_task_marker_dag.py for tasks to queue
[2026-05-29T19:20:09.140+0000] {logging_mixin.py:188} INFO - [2026-05-29T19:20:09.140+0000] {dagbag.py:540} INFO - Filling up the DagBag from /home/airflow/.local/lib/python3.8/site-packages/airflow/example_dags/example_external_task_marker_dag.py
[2026-05-29T19:20:09.149+0000] {processor.py:840} INFO - DAG(s) 'example_external_task_marker_parent', 'example_external_task_marker_child' retrieved from /home/airflow/.local/lib/python3.8/site-packages/airflow/example_dags/example_external_task_marker_dag.py
[2026-05-29T19:20:09.170+0000] {logging_mixin.py:188} INFO - [2026-05-29T19:20:09.170+0000] {dag.py:3047} INFO - Sync 2 DAGs
[2026-05-29T19:20:09.180+0000] {logging_mixin.py:188} INFO - [2026-05-29T19:20:09.180+0000] {dag.py:3834} INFO - Setting next_dagrun for example_external_task_marker_child to None, run_after=None
[2026-05-29T19:20:09.184+0000] {logging_mixin.py:188} INFO - [2026-05-29T19:20:09.184+0000] {dag.py:3834} INFO - Setting next_dagrun for example_external_task_marker_parent to None, run_after=None
[2026-05-29T19:20:09.199+0000] {processor.py:183} INFO - Processing /home/airflow/.local/lib/python3.8/site-packages/airflow/example_dags/example_external_task_marker_dag.py took 0.068 seconds
[2026-05-29T19:20:39.336+0000] {processor.py:161} INFO - Started process (PID=572) to work on /home/airflow/.local/lib/python3.8/site-packages/airflow/example_dags/example_external_task_marker_dag.py
[2026-05-29T19:20:39.337+0000] {processor.py:830} INFO - Processing file /home/airflow/.local/lib/python3.8/site-packages/airflow/example_dags/example_external_task_marker_dag.py for tasks to queue
[2026-05-29T19:20:39.339+0000] {logging_mixin.py:188} INFO - [2026-05-29T19:20:39.339+0000] {dagbag.py:540} INFO - Filling up the DagBag from /home/airflow/.local/lib/python3.8/site-packages/airflow/example_dags/example_external_task_marker_dag.py
[2026-05-29T19:20:39.346+0000] {processor.py:840} INFO - DAG(s) 'example_external_task_marker_parent', 'example_external_task_marker_child' retrieved from /home/airflow/.local/lib/python3.8/site-packages/airflow/example_dags/example_external_task_marker_dag.py
[2026-05-29T19:20:39.366+0000] {logging_mixin.py:188} INFO - [2026-05-29T19:20:39.366+0000] {dag.py:3047} INFO - Sync 2 DAGs
[2026-05-29T19:20:39.377+0000] {logging_mixin.py:188} INFO - [2026-05-29T19:20:39.377+0000] {dag.py:3834} INFO - Setting next_dagrun for example_external_task_marker_child to None, run_after=None
[2026-05-29T19:20:39.381+0000] {logging_mixin.py:188} INFO - [2026-05-29T19:20:39.381+0000] {dag.py:3834} INFO - Setting next_dagrun for example_external_task_marker_parent to None, run_after=None
[2026-05-29T19:20:39.399+0000] {processor.py:183} INFO - Processing /home/airflow/.local/lib/python3.8/site-packages/airflow/example_dags/example_external_task_marker_dag.py took 0.068 seconds
[2026-05-29T19:21:09.721+0000] {processor.py:161} INFO - Started process (PID=627) to work on /home/airflow/.local/lib/python3.8/site-packages/airflow/example_dags/example_external_task_marker_dag.py
[2026-05-29T19:21:09.723+0000] {processor.py:830} INFO - Processing file /home/airflow/.local/lib/python3.8/site-packages/airflow/example_dags/example_external_task_marker_dag.py for tasks to queue
[2026-05-29T19:21:09.725+0000] {logging_mixin.py:188} INFO - [2026-05-29T19:21:09.725+0000] {dagbag.py:540} INFO - Filling up the DagBag from /home/airflow/.local/lib/python3.8/site-packages/airflow/example_dags/example_external_task_marker_dag.py
[2026-05-29T19:21:09.732+0000] {processor.py:840} INFO - DAG(s) 'example_external_task_marker_child', 'example_external_task_marker_parent' retrieved from /home/airflow/.local/lib/python3.8/site-packages/airflow/example_dags/example_external_task_marker_dag.py
[2026-05-29T19:21:09.754+0000] {logging_mixin.py:188} INFO - [2026-05-29T19:21:09.754+0000] {dag.py:3047} INFO - Sync 2 DAGs
[2026-05-29T19:21:09.764+0000] {logging_mixin.py:188} INFO - [2026-05-29T19:21:09.764+0000] {dag.py:3834} INFO - Setting next_dagrun for example_external_task_marker_child to None, run_after=None
[2026-05-29T19:21:09.771+0000] {logging_mixin.py:188} INFO - [2026-05-29T19:21:09.771+0000] {dag.py:3834} INFO - Setting next_dagrun for example_external_task_marker_parent to None, run_after=None
[2026-05-29T19:21:09.788+0000] {processor.py:183} INFO - Processing /home/airflow/.local/lib/python3.8/site-packages/airflow/example_dags/example_external_task_marker_dag.py took 0.071 seconds
[2026-05-29T19:21:40.010+0000] {processor.py:161} INFO - Started process (PID=682) to work on /home/airflow/.local/lib/python3.8/site-packages/airflow/example_dags/example_external_task_marker_dag.py
[2026-05-29T19:21:40.012+0000] {processor.py:830} INFO - Processing file /home/airflow/.local/lib/python3.8/site-packages/airflow/example_dags/example_external_task_marker_dag.py for tasks to queue
[2026-05-29T19:21:40.013+0000] {logging_mixin.py:188} INFO - [2026-05-29T19:21:40.013+0000] {dagbag.py:540} INFO - Filling up the DagBag from /home/airflow/.local/lib/python3.8/site-packages/airflow/example_dags/example_external_task_marker_dag.py
[2026-05-29T19:21:40.018+0000] {processor.py:840} INFO - DAG(s) 'example_external_task_marker_child', 'example_external_task_marker_parent' retrieved from /home/airflow/.local/lib/python3.8/site-packages/airflow/example_dags/example_external_task_marker_dag.py
[2026-05-29T19:21:40.041+0000] {logging_mixin.py:188} INFO - [2026-05-29T19:21:40.041+0000] {dag.py:3047} INFO - Sync 2 DAGs
[2026-05-29T19:21:40.054+0000] {logging_mixin.py:188} INFO - [2026-05-29T19:21:40.054+0000] {dag.py:3834} INFO - Setting next_dagrun for example_external_task_marker_child to None, run_after=None
[2026-05-29T19:21:40.058+0000] {logging_mixin.py:188} INFO - [2026-05-29T19:21:40.058+0000] {dag.py:3834} INFO - Setting next_dagrun for example_external_task_marker_parent to None, run_after=None
[2026-05-29T19:21:40.074+0000] {processor.py:183} INFO - Processing /home/airflow/.local/lib/python3.8/site-packages/airflow/example_dags/example_external_task_marker_dag.py took 0.066 seconds
[2026-05-29T19:22:10.284+0000] {processor.py:161} INFO - Started process (PID=737) to work on /home/airflow/.local/lib/python3.8/site-packages/airflow/example_dags/example_external_task_marker_dag.py
[2026-05-29T19:22:10.285+0000] {processor.py:830} INFO - Processing file /home/airflow/.local/lib/python3.8/site-packages/airflow/example_dags/example_external_task_marker_dag.py for tasks to queue
[2026-05-29T19:22:10.287+0000] {logging_mixin.py:188} INFO - [2026-05-29T19:22:10.287+0000] {dagbag.py:540} INFO - Filling up the DagBag from /home/airflow/.local/lib/python3.8/site-packages/airflow/example_dags/example_external_task_marker_dag.py
[2026-05-29T19:22:10.292+0000] {processor.py:840} INFO - DAG(s) 'example_external_task_marker_child', 'example_external_task_marker_parent' retrieved from /home/airflow/.local/lib/python3.8/site-packages/airflow/example_dags/example_external_task_marker_dag.py
[2026-05-29T19:22:10.310+0000] {logging_mixin.py:188} INFO - [2026-05-29T19:22:10.310+0000] {dag.py:3047} INFO - Sync 2 DAGs
[2026-05-29T19:22:10.319+0000] {logging_mixin.py:188} INFO - [2026-05-29T19:22:10.319+0000] {dag.py:3834} INFO - Setting next_dagrun for example_external_task_marker_child to None, run_after=None
[2026-05-29T19:22:10.323+0000] {logging_mixin.py:188} INFO - [2026-05-29T19:22:10.322+0000] {dag.py:3834} INFO - Setting next_dagrun for example_external_task_marker_parent to None, run_after=None
[2026-05-29T19:22:10.343+0000] {processor.py:183} INFO - Processing /home/airflow/.local/lib/python3.8/site-packages/airflow/example_dags/example_external_task_marker_dag.py took 0.062 seconds
[2026-05-29T19:22:40.568+0000] {processor.py:161} INFO - Started process (PID=792) to work on /home/airflow/.local/lib/python3.8/site-packages/airflow/example_dags/example_external_task_marker_dag.py
[2026-05-29T19:22:40.569+0000] {processor.py:830} INFO - Processing file /home/airflow/.local/lib/python3.8/site-packages/airflow/example_dags/example_external_task_marker_dag.py for tasks to queue
[2026-05-29T19:22:40.572+0000] {logging_mixin.py:188} INFO - [2026-05-29T19:22:40.572+0000] {dagbag.py:540} INFO - Filling up the DagBag from /home/airflow/.local/lib/python3.8/site-packages/airflow/example_dags/example_external_task_marker_dag.py
[2026-05-29T19:22:40.578+0000] {processor.py:840} INFO - DAG(s) 'example_external_task_marker_child', 'example_external_task_marker_parent' retrieved from /home/airflow/.local/lib/python3.8/site-packages/airflow/example_dags/example_external_task_marker_dag.py
[2026-05-29T19:22:40.598+0000] {logging_mixin.py:188} INFO - [2026-05-29T19:22:40.598+0000] {dag.py:3047} INFO - Sync 2 DAGs
[2026-05-29T19:22:40.608+0000] {logging_mixin.py:188} INFO - [2026-05-29T19:22:40.608+0000] {dag.py:3834} INFO - Setting next_dagrun for example_external_task_marker_child to None, run_after=None
[2026-05-29T19:22:40.611+0000] {logging_mixin.py:188} INFO - [2026-05-29T19:22:40.611+0000] {dag.py:3834} INFO - Setting next_dagrun for example_external_task_marker_parent to None, run_after=None
[2026-05-29T19:22:40.625+0000] {processor.py:183} INFO - Processing /home/airflow/.local/lib/python3.8/site-packages/airflow/example_dags/example_external_task_marker_dag.py took 0.060 seconds
[2026-05-29T19:23:10.796+0000] {processor.py:161} INFO - Started process (PID=847) to work on /home/airflow/.local/lib/python3.8/site-packages/airflow/example_dags/example_external_task_marker_dag.py
[2026-05-29T19:23:10.797+0000] {processor.py:830} INFO - Processing file /home/airflow/.local/lib/python3.8/site-packages/airflow/example_dags/example_external_task_marker_dag.py for tasks to queue
[2026-05-29T19:23:10.799+0000] {logging_mixin.py:188} INFO - [2026-05-29T19:23:10.799+0000] {dagbag.py:540} INFO - Filling up the DagBag from /home/airflow/.local/lib/python3.8/site-packages/airflow/example_dags/example_external_task_marker_dag.py
[2026-05-29T19:23:10.804+0000] {processor.py:840} INFO - DAG(s) 'example_external_task_marker_child', 'example_external_task_marker_parent' retrieved from /home/airflow/.local/lib/python3.8/site-packages/airflow/example_dags/example_external_task_marker_dag.py
[2026-05-29T19:23:10.824+0000] {logging_mixin.py:188} INFO - [2026-05-29T19:23:10.824+0000] {dag.py:3047} INFO - Sync 2 DAGs
[2026-05-29T19:23:10.834+0000] {logging_mixin.py:188} INFO - [2026-05-29T19:23:10.834+0000] {dag.py:3834} INFO - Setting next_dagrun for example_external_task_marker_child to None, run_after=None
[2026-05-29T19:23:10.838+0000] {logging_mixin.py:188} INFO - [2026-05-29T19:23:10.837+0000] {dag.py:3834} INFO - Setting next_dagrun for example_external_task_marker_parent to None, run_after=None
[2026-05-29T19:23:10.851+0000] {processor.py:183} INFO - Processing /home/airflow/.local/lib/python3.8/site-packages/airflow/example_dags/example_external_task_marker_dag.py took 0.059 seconds
[2026-05-29T19:23:40.918+0000] {processor.py:161} INFO - Started process (PID=902) to work on /home/airflow/.local/lib/python3.8/site-packages/airflow/example_dags/example_external_task_marker_dag.py
[2026-05-29T19:23:40.919+0000] {processor.py:830} INFO - Processing file /home/airflow/.local/lib/python3.8/site-packages/airflow/example_dags/example_external_task_marker_dag.py for tasks to queue
[2026-05-29T19:23:40.924+0000] {logging_mixin.py:188} INFO - [2026-05-29T19:23:40.924+0000] {dagbag.py:540} INFO - Filling up the DagBag from /home/airflow/.local/lib/python3.8/site-packages/airflow/example_dags/example_external_task_marker_dag.py
[2026-05-29T19:23:40.932+0000] {processor.py:840} INFO - DAG(s) 'example_external_task_marker_child', 'example_external_task_marker_parent' retrieved from /home/airflow/.local/lib/python3.8/site-packages/airflow/example_dags/example_external_task_marker_dag.py
[2026-05-29T19:23:40.950+0000] {logging_mixin.py:188} INFO - [2026-05-29T19:23:40.950+0000] {dag.py:3047} INFO - Sync 2 DAGs
[2026-05-29T19:23:40.960+0000] {logging_mixin.py:188} INFO - [2026-05-29T19:23:40.960+0000] {dag.py:3834} INFO - Setting next_dagrun for example_external_task_marker_child to None, run_after=None
[2026-05-29T19:23:40.966+0000] {logging_mixin.py:188} INFO - [2026-05-29T19:23:40.966+0000] {dag.py:3834} INFO - Setting next_dagrun for example_external_task_marker_parent to None, run_after=None
[2026-05-29T19:23:40.979+0000] {processor.py:183} INFO - Processing /home/airflow/.local/lib/python3.8/site-packages/airflow/example_dags/example_external_task_marker_dag.py took 0.065 seconds
[2026-05-29T19:24:11.099+0000] {processor.py:161} INFO - Started process (PID=957) to work on /home/airflow/.local/lib/python3.8/site-packages/airflow/example_dags/example_external_task_marker_dag.py
[2026-05-29T19:24:11.100+0000] {processor.py:830} INFO - Processing file /home/airflow/.local/lib/python3.8/site-packages/airflow/example_dags/example_external_task_marker_dag.py for tasks to queue
[2026-05-29T19:24:11.102+0000] {logging_mixin.py:188} INFO - [2026-05-29T19:24:11.102+0000] {dagbag.py:540} INFO - Filling up the DagBag from /home/airflow/.local/lib/python3.8/site-packages/airflow/example_dags/example_external_task_marker_dag.py
[2026-05-29T19:24:11.107+0000] {processor.py:840} INFO - DAG(s) 'example_external_task_marker_child', 'example_external_task_marker_parent' retrieved from /home/airflow/.local/lib/python3.8/site-packages/airflow/example_dags/example_external_task_marker_dag.py
[2026-05-29T19:24:11.124+0000] {logging_mixin.py:188} INFO - [2026-05-29T19:24:11.124+0000] {dag.py:3047} INFO - Sync 2 DAGs
[2026-05-29T19:24:11.135+0000] {logging_mixin.py:188} INFO - [2026-05-29T19:24:11.135+0000] {dag.py:3834} INFO - Setting next_dagrun for example_external_task_marker_child to None, run_after=None
[2026-05-29T19:24:11.138+0000] {logging_mixin.py:188} INFO - [2026-05-29T19:24:11.138+0000] {dag.py:3834} INFO - Setting next_dagrun for example_external_task_marker_parent to None, run_after=None
[2026-05-29T19:24:11.159+0000] {processor.py:183} INFO - Processing /home/airflow/.local/lib/python3.8/site-packages/airflow/example_dags/example_external_task_marker_dag.py took 0.063 seconds
[2026-05-29T19:24:41.457+0000] {processor.py:161} INFO - Started process (PID=1012) to work on /home/airflow/.local/lib/python3.8/site-packages/airflow/example_dags/example_external_task_marker_dag.py
[2026-05-29T19:24:41.459+0000] {processor.py:830} INFO - Processing file /home/airflow/.local/lib/python3.8/site-packages/airflow/example_dags/example_external_task_marker_dag.py for tasks to queue
[2026-05-29T19:24:41.461+0000] {logging_mixin.py:188} INFO - [2026-05-29T19:24:41.461+0000] {dagbag.py:540} INFO - Filling up the DagBag from /home/airflow/.local/lib/python3.8/site-packages/airflow/example_dags/example_external_task_marker_dag.py
[2026-05-29T19:24:41.468+0000] {processor.py:840} INFO - DAG(s) 'example_external_task_marker_parent', 'example_external_task_marker_child' retrieved from /home/airflow/.local/lib/python3.8/site-packages/airflow/example_dags/example_external_task_marker_dag.py
[2026-05-29T19:24:41.487+0000] {logging_mixin.py:188} INFO - [2026-05-29T19:24:41.487+0000] {dag.py:3047} INFO - Sync 2 DAGs
[2026-05-29T19:24:41.497+0000] {logging_mixin.py:188} INFO - [2026-05-29T19:24:41.497+0000] {dag.py:3834} INFO - Setting next_dagrun for example_external_task_marker_child to None, run_after=None
[2026-05-29T19:24:41.500+0000] {logging_mixin.py:188} INFO - [2026-05-29T19:24:41.500+0000] {dag.py:3834} INFO - Setting next_dagrun for example_external_task_marker_parent to None, run_after=None
[2026-05-29T19:24:41.517+0000] {processor.py:183} INFO - Processing /home/airflow/.local/lib/python3.8/site-packages/airflow/example_dags/example_external_task_marker_dag.py took 0.062 seconds
[2026-05-29T19:25:11.760+0000] {processor.py:161} INFO - Started process (PID=1067) to work on /home/airflow/.local/lib/python3.8/site-packages/airflow/example_dags/example_external_task_marker_dag.py
[2026-05-29T19:25:11.762+0000] {processor.py:830} INFO - Processing file /home/airflow/.local/lib/python3.8/site-packages/airflow/example_dags/example_external_task_marker_dag.py for tasks to queue
[2026-05-29T19:25:11.764+0000] {logging_mixin.py:188} INFO - [2026-05-29T19:25:11.763+0000] {dagbag.py:540} INFO - Filling up the DagBag from /home/airflow/.local/lib/python3.8/site-packages/airflow/example_dags/example_external_task_marker_dag.py
[2026-05-29T19:25:11.769+0000] {processor.py:840} INFO - DAG(s) 'example_external_task_marker_parent', 'example_external_task_marker_child' retrieved from /home/airflow/.local/lib/python3.8/site-packages/airflow/example_dags/example_external_task_marker_dag.py
[2026-05-29T19:25:11.787+0000] {logging_mixin.py:188} INFO - [2026-05-29T19:25:11.787+0000] {dag.py:3047} INFO - Sync 2 DAGs
[2026-05-29T19:25:11.797+0000] {logging_mixin.py:188} INFO - [2026-05-29T19:25:11.796+0000] {dag.py:3834} INFO - Setting next_dagrun for example_external_task_marker_child to None, run_after=None
[2026-05-29T19:25:11.800+0000] {logging_mixin.py:188} INFO - [2026-05-29T19:25:11.799+0000] {dag.py:3834} INFO - Setting next_dagrun for example_external_task_marker_parent to None, run_after=None
[2026-05-29T19:25:11.814+0000] {processor.py:183} INFO - Processing /home/airflow/.local/lib/python3.8/site-packages/airflow/example_dags/example_external_task_marker_dag.py took 0.057 seconds
[2026-05-29T19:25:42.742+0000] {processor.py:161} INFO - Started process (PID=1122) to work on /home/airflow/.local/lib/python3.8/site-packages/airflow/example_dags/example_external_task_marker_dag.py
[2026-05-29T19:25:42.744+0000] {processor.py:830} INFO - Processing file /home/airflow/.local/lib/python3.8/site-packages/airflow/example_dags/example_external_task_marker_dag.py for tasks to queue
[2026-05-29T19:25:42.746+0000] {logging_mixin.py:188} INFO - [2026-05-29T19:25:42.745+0000] {dagbag.py:540} INFO - Filling up the DagBag from /home/airflow/.local/lib/python3.8/site-packages/airflow/example_dags/example_external_task_marker_dag.py
[2026-05-29T19:25:42.751+0000] {processor.py:840} INFO - DAG(s) 'example_external_task_marker_child', 'example_external_task_marker_parent' retrieved from /home/airflow/.local/lib/python3.8/site-packages/airflow/example_dags/example_external_task_marker_dag.py
[2026-05-29T19:25:42.774+0000] {logging_mixin.py:188} INFO - [2026-05-29T19:25:42.773+0000] {dag.py:3047} INFO - Sync 2 DAGs
[2026-05-29T19:25:42.783+0000] {logging_mixin.py:188} INFO - [2026-05-29T19:25:42.783+0000] {dag.py:3834} INFO - Setting next_dagrun for example_external_task_marker_child to None, run_after=None
[2026-05-29T19:25:42.787+0000] {logging_mixin.py:188} INFO - [2026-05-29T19:25:42.787+0000] {dag.py:3834} INFO - Setting next_dagrun for example_external_task_marker_parent to None, run_after=None
[2026-05-29T19:25:42.804+0000] {processor.py:183} INFO - Processing /home/airflow/.local/lib/python3.8/site-packages/airflow/example_dags/example_external_task_marker_dag.py took 0.064 seconds
[2026-05-29T19:26:13.723+0000] {processor.py:161} INFO - Started process (PID=1177) to work on /home/airflow/.local/lib/python3.8/site-packages/airflow/example_dags/example_external_task_marker_dag.py
[2026-05-29T19:26:13.725+0000] {processor.py:830} INFO - Processing file /home/airflow/.local/lib/python3.8/site-packages/airflow/example_dags/example_external_task_marker_dag.py for tasks to queue
[2026-05-29T19:26:13.727+0000] {logging_mixin.py:188} INFO - [2026-05-29T19:26:13.726+0000] {dagbag.py:540} INFO - Filling up the DagBag from /home/airflow/.local/lib/python3.8/site-packages/airflow/example_dags/example_external_task_marker_dag.py
[2026-05-29T19:26:13.732+0000] {processor.py:840} INFO - DAG(s) 'example_external_task_marker_child', 'example_external_task_marker_parent' retrieved from /home/airflow/.local/lib/python3.8/site-packages/airflow/example_dags/example_external_task_marker_dag.py
[2026-05-29T19:26:13.751+0000] {logging_mixin.py:188} INFO - [2026-05-29T19:26:13.750+0000] {dag.py:3047} INFO - Sync 2 DAGs
[2026-05-29T19:26:13.760+0000] {logging_mixin.py:188} INFO - [2026-05-29T19:26:13.760+0000] {dag.py:3834} INFO - Setting next_dagrun for example_external_task_marker_child to None, run_after=None
[2026-05-29T19:26:13.763+0000] {logging_mixin.py:188} INFO - [2026-05-29T19:26:13.763+0000] {dag.py:3834} INFO - Setting next_dagrun for example_external_task_marker_parent to None, run_after=None
[2026-05-29T19:26:13.777+0000] {processor.py:183} INFO - Processing /home/airflow/.local/lib/python3.8/site-packages/airflow/example_dags/example_external_task_marker_dag.py took 0.057 seconds
[2026-05-29T19:26:44.175+0000] {processor.py:161} INFO - Started process (PID=1232) to work on /home/airflow/.local/lib/python3.8/site-packages/airflow/example_dags/example_external_task_marker_dag.py
[2026-05-29T19:26:44.178+0000] {processor.py:830} INFO - Processing file /home/airflow/.local/lib/python3.8/site-packages/airflow/example_dags/example_external_task_marker_dag.py for tasks to queue
[2026-05-29T19:26:44.182+0000] {logging_mixin.py:188} INFO - [2026-05-29T19:26:44.181+0000] {dagbag.py:540} INFO - Filling up the DagBag from /home/airflow/.local/lib/python3.8/site-packages/airflow/example_dags/example_external_task_marker_dag.py
[2026-05-29T19:26:44.192+0000] {processor.py:840} INFO - DAG(s) 'example_external_task_marker_parent', 'example_external_task_marker_child' retrieved from /home/airflow/.local/lib/python3.8/site-packages/airflow/example_dags/example_external_task_marker_dag.py
[2026-05-29T19:26:44.220+0000] {logging_mixin.py:188} INFO - [2026-05-29T19:26:44.220+0000] {dag.py:3047} INFO - Sync 2 DAGs
[2026-05-29T19:26:44.233+0000] {logging_mixin.py:188} INFO - [2026-05-29T19:26:44.233+0000] {dag.py:3834} INFO - Setting next_dagrun for example_external_task_marker_child to None, run_after=None
[2026-05-29T19:26:44.237+0000] {logging_mixin.py:188} INFO - [2026-05-29T19:26:44.237+0000] {dag.py:3834} INFO - Setting next_dagrun for example_external_task_marker_parent to None, run_after=None
[2026-05-29T19:26:44.254+0000] {processor.py:183} INFO - Processing /home/airflow/.local/lib/python3.8/site-packages/airflow/example_dags/example_external_task_marker_dag.py took 0.085 seconds
[2026-05-29T19:27:14.407+0000] {processor.py:161} INFO - Started process (PID=1287) to work on /home/airflow/.local/lib/python3.8/site-packages/airflow/example_dags/example_external_task_marker_dag.py
[2026-05-29T19:27:14.409+0000] {processor.py:830} INFO - Processing file /home/airflow/.local/lib/python3.8/site-packages/airflow/example_dags/example_external_task_marker_dag.py for tasks to queue
[2026-05-29T19:27:14.411+0000] {logging_mixin.py:188} INFO - [2026-05-29T19:27:14.411+0000] {dagbag.py:540} INFO - Filling up the DagBag from /home/airflow/.local/lib/python3.8/site-packages/airflow/example_dags/example_external_task_marker_dag.py
[2026-05-29T19:27:14.419+0000] {processor.py:840} INFO - DAG(s) 'example_external_task_marker_child', 'example_external_task_marker_parent' retrieved from /home/airflow/.local/lib/python3.8/site-packages/airflow/example_dags/example_external_task_marker_dag.py
[2026-05-29T19:27:14.449+0000] {logging_mixin.py:188} INFO - [2026-05-29T19:27:14.448+0000] {dag.py:3047} INFO - Sync 2 DAGs
[2026-05-29T19:27:14.463+0000] {logging_mixin.py:188} INFO - [2026-05-29T19:27:14.463+0000] {dag.py:3834} INFO - Setting next_dagrun for example_external_task_marker_child to None, run_after=None
[2026-05-29T19:27:14.469+0000] {logging_mixin.py:188} INFO - [2026-05-29T19:27:14.468+0000] {dag.py:3834} INFO - Setting next_dagrun for example_external_task_marker_parent to None, run_after=None
[2026-05-29T19:27:14.494+0000] {processor.py:183} INFO - Processing /home/airflow/.local/lib/python3.8/site-packages/airflow/example_dags/example_external_task_marker_dag.py took 0.091 seconds
[2026-05-29T19:27:45.365+0000] {processor.py:161} INFO - Started process (PID=1342) to work on /home/airflow/.local/lib/python3.8/site-packages/airflow/example_dags/example_external_task_marker_dag.py
[2026-05-29T19:27:45.367+0000] {processor.py:830} INFO - Processing file /home/airflow/.local/lib/python3.8/site-packages/airflow/example_dags/example_external_task_marker_dag.py for tasks to queue
[2026-05-29T19:27:45.371+0000] {logging_mixin.py:188} INFO - [2026-05-29T19:27:45.370+0000] {dagbag.py:540} INFO - Filling up the DagBag from /home/airflow/.local/lib/python3.8/site-packages/airflow/example_dags/example_external_task_marker_dag.py
[2026-05-29T19:27:45.378+0000] {processor.py:840} INFO - DAG(s) 'example_external_task_marker_parent', 'example_external_task_marker_child' retrieved from /home/airflow/.local/lib/python3.8/site-packages/airflow/example_dags/example_external_task_marker_dag.py
[2026-05-29T19:27:45.412+0000] {logging_mixin.py:188} INFO - [2026-05-29T19:27:45.411+0000] {dag.py:3047} INFO - Sync 2 DAGs
[2026-05-29T19:27:45.429+0000] {logging_mixin.py:188} INFO - [2026-05-29T19:27:45.429+0000] {dag.py:3834} INFO - Setting next_dagrun for example_external_task_marker_child to None, run_after=None
[2026-05-29T19:27:45.438+0000] {logging_mixin.py:188} INFO - [2026-05-29T19:27:45.436+0000] {dag.py:3834} INFO - Setting next_dagrun for example_external_task_marker_parent to None, run_after=None
[2026-05-29T19:27:45.468+0000] {processor.py:183} INFO - Processing /home/airflow/.local/lib/python3.8/site-packages/airflow/example_dags/example_external_task_marker_dag.py took 0.108 seconds
[2026-05-29T19:28:16.093+0000] {processor.py:161} INFO - Started process (PID=1397) to work on /home/airflow/.local/lib/python3.8/site-packages/airflow/example_dags/example_external_task_marker_dag.py
[2026-05-29T19:28:16.094+0000] {processor.py:830} INFO - Processing file /home/airflow/.local/lib/python3.8/site-packages/airflow/example_dags/example_external_task_marker_dag.py for tasks to queue
[2026-05-29T19:28:16.097+0000] {logging_mixin.py:188} INFO - [2026-05-29T19:28:16.096+0000] {dagbag.py:540} INFO - Filling up the DagBag from /home/airflow/.local/lib/python3.8/site-packages/airflow/example_dags/example_external_task_marker_dag.py
[2026-05-29T19:28:16.102+0000] {processor.py:840} INFO - DAG(s) 'example_external_task_marker_child', 'example_external_task_marker_parent' retrieved from /home/airflow/.local/lib/python3.8/site-packages/airflow/example_dags/example_external_task_marker_dag.py
[2026-05-29T19:28:16.142+0000] {logging_mixin.py:188} INFO - [2026-05-29T19:28:16.141+0000] {dag.py:3047} INFO - Sync 2 DAGs
[2026-05-29T19:28:16.155+0000] {logging_mixin.py:188} INFO - [2026-05-29T19:28:16.155+0000] {dag.py:3834} INFO - Setting next_dagrun for example_external_task_marker_child to None, run_after=None
[2026-05-29T19:28:16.163+0000] {logging_mixin.py:188} INFO - [2026-05-29T19:28:16.162+0000] {dag.py:3834} INFO - Setting next_dagrun for example_external_task_marker_parent to None, run_after=None
[2026-05-29T19:28:16.193+0000] {processor.py:183} INFO - Processing /home/airflow/.local/lib/python3.8/site-packages/airflow/example_dags/example_external_task_marker_dag.py took 0.103 seconds
[2026-05-29T19:28:46.530+0000] {processor.py:161} INFO - Started process (PID=1451) to work on /home/airflow/.local/lib/python3.8/site-packages/airflow/example_dags/example_external_task_marker_dag.py
[2026-05-29T19:28:46.532+0000] {processor.py:830} INFO - Processing file /home/airflow/.local/lib/python3.8/site-packages/airflow/example_dags/example_external_task_marker_dag.py for tasks to queue
[2026-05-29T19:28:46.533+0000] {logging_mixin.py:188} INFO - [2026-05-29T19:28:46.533+0000] {dagbag.py:540} INFO - Filling up the DagBag from /home/airflow/.local/lib/python3.8/site-packages/airflow/example_dags/example_external_task_marker_dag.py
[2026-05-29T19:28:46.539+0000] {processor.py:840} INFO - DAG(s) 'example_external_task_marker_child', 'example_external_task_marker_parent' retrieved from /home/airflow/.local/lib/python3.8/site-packages/airflow/example_dags/example_external_task_marker_dag.py
[2026-05-29T19:28:46.559+0000] {logging_mixin.py:188} INFO - [2026-05-29T19:28:46.558+0000] {dag.py:3047} INFO - Sync 2 DAGs
[2026-05-29T19:28:46.569+0000] {logging_mixin.py:188} INFO - [2026-05-29T19:28:46.568+0000] {dag.py:3834} INFO - Setting next_dagrun for example_external_task_marker_child to None, run_after=None
[2026-05-29T19:28:46.572+0000] {logging_mixin.py:188} INFO - [2026-05-29T19:28:46.571+0000] {dag.py:3834} INFO - Setting next_dagrun for example_external_task_marker_parent to None, run_after=None
[2026-05-29T19:28:46.586+0000] {processor.py:183} INFO - Processing /home/airflow/.local/lib/python3.8/site-packages/airflow/example_dags/example_external_task_marker_dag.py took 0.059 seconds
[2026-05-29T19:29:17.029+0000] {processor.py:161} INFO - Started process (PID=1506) to work on /home/airflow/.local/lib/python3.8/site-packages/airflow/example_dags/example_external_task_marker_dag.py
[2026-05-29T19:29:17.031+0000] {processor.py:830} INFO - Processing file /home/airflow/.local/lib/python3.8/site-packages/airflow/example_dags/example_external_task_marker_dag.py for tasks to queue
[2026-05-29T19:29:17.033+0000] {logging_mixin.py:188} INFO - [2026-05-29T19:29:17.032+0000] {dagbag.py:540} INFO - Filling up the DagBag from /home/airflow/.local/lib/python3.8/site-packages/airflow/example_dags/example_external_task_marker_dag.py
[2026-05-29T19:29:17.038+0000] {processor.py:840} INFO - DAG(s) 'example_external_task_marker_child', 'example_external_task_marker_parent' retrieved from /home/airflow/.local/lib/python3.8/site-packages/airflow/example_dags/example_external_task_marker_dag.py
[2026-05-29T19:29:17.056+0000] {logging_mixin.py:188} INFO - [2026-05-29T19:29:17.055+0000] {dag.py:3047} INFO - Sync 2 DAGs
[2026-05-29T19:29:17.065+0000] {logging_mixin.py:188} INFO - [2026-05-29T19:29:17.065+0000] {dag.py:3834} INFO - Setting next_dagrun for example_external_task_marker_child to None, run_after=None
[2026-05-29T19:29:17.067+0000] {logging_mixin.py:188} INFO - [2026-05-29T19:29:17.067+0000] {dag.py:3834} INFO - Setting next_dagrun for example_external_task_marker_parent to None, run_after=None
[2026-05-29T19:29:17.084+0000] {processor.py:183} INFO - Processing /home/airflow/.local/lib/python3.8/site-packages/airflow/example_dags/example_external_task_marker_dag.py took 0.058 seconds
[2026-05-29T19:29:47.459+0000] {processor.py:161} INFO - Started process (PID=1561) to work on /home/airflow/.local/lib/python3.8/site-packages/airflow/example_dags/example_external_task_marker_dag.py
[2026-05-29T19:29:47.460+0000] {processor.py:830} INFO - Processing file /home/airflow/.local/lib/python3.8/site-packages/airflow/example_dags/example_external_task_marker_dag.py for tasks to queue
[2026-05-29T19:29:47.462+0000] {logging_mixin.py:188} INFO - [2026-05-29T19:29:47.462+0000] {dagbag.py:540} INFO - Filling up the DagBag from /home/airflow/.local/lib/python3.8/site-packages/airflow/example_dags/example_external_task_marker_dag.py
[2026-05-29T19:29:47.468+0000] {processor.py:840} INFO - DAG(s) 'example_external_task_marker_parent', 'example_external_task_marker_child' retrieved from /home/airflow/.local/lib/python3.8/site-packages/airflow/example_dags/example_external_task_marker_dag.py
[2026-05-29T19:29:47.491+0000] {logging_mixin.py:188} INFO - [2026-05-29T19:29:47.491+0000] {dag.py:3047} INFO - Sync 2 DAGs
[2026-05-29T19:29:47.501+0000] {logging_mixin.py:188} INFO - [2026-05-29T19:29:47.501+0000] {dag.py:3834} INFO - Setting next_dagrun for example_external_task_marker_child to None, run_after=None
[2026-05-29T19:29:47.505+0000] {logging_mixin.py:188} INFO - [2026-05-29T19:29:47.505+0000] {dag.py:3834} INFO - Setting next_dagrun for example_external_task_marker_parent to None, run_after=None
[2026-05-29T19:29:47.526+0000] {processor.py:183} INFO - Processing /home/airflow/.local/lib/python3.8/site-packages/airflow/example_dags/example_external_task_marker_dag.py took 0.071 seconds
[2026-05-29T19:30:17.831+0000] {processor.py:161} INFO - Started process (PID=1616) to work on /home/airflow/.local/lib/python3.8/site-packages/airflow/example_dags/example_external_task_marker_dag.py
[2026-05-29T19:30:17.832+0000] {processor.py:830} INFO - Processing file /home/airflow/.local/lib/python3.8/site-packages/airflow/example_dags/example_external_task_marker_dag.py for tasks to queue
[2026-05-29T19:30:17.834+0000] {logging_mixin.py:188} INFO - [2026-05-29T19:30:17.834+0000] {dagbag.py:540} INFO - Filling up the DagBag from /home/airflow/.local/lib/python3.8/site-packages/airflow/example_dags/example_external_task_marker_dag.py
[2026-05-29T19:30:17.840+0000] {processor.py:840} INFO - DAG(s) 'example_external_task_marker_child', 'example_external_task_marker_parent' retrieved from /home/airflow/.local/lib/python3.8/site-packages/airflow/example_dags/example_external_task_marker_dag.py
[2026-05-29T19:30:17.862+0000] {logging_mixin.py:188} INFO - [2026-05-29T19:30:17.862+0000] {dag.py:3047} INFO - Sync 2 DAGs
[2026-05-29T19:30:17.873+0000] {logging_mixin.py:188} INFO - [2026-05-29T19:30:17.873+0000] {dag.py:3834} INFO - Setting next_dagrun for example_external_task_marker_child to None, run_after=None
[2026-05-29T19:30:17.878+0000] {logging_mixin.py:188} INFO - [2026-05-29T19:30:17.877+0000] {dag.py:3834} INFO - Setting next_dagrun for example_external_task_marker_parent to None, run_after=None
[2026-05-29T19:30:17.893+0000] {processor.py:183} INFO - Processing /home/airflow/.local/lib/python3.8/site-packages/airflow/example_dags/example_external_task_marker_dag.py took 0.064 seconds
[2026-05-29T19:30:48.055+0000] {processor.py:161} INFO - Started process (PID=1671) to work on /home/airflow/.local/lib/python3.8/site-packages/airflow/example_dags/example_external_task_marker_dag.py
[2026-05-29T19:30:48.056+0000] {processor.py:830} INFO - Processing file /home/airflow/.local/lib/python3.8/site-packages/airflow/example_dags/example_external_task_marker_dag.py for tasks to queue
[2026-05-29T19:30:48.058+0000] {logging_mixin.py:188} INFO - [2026-05-29T19:30:48.058+0000] {dagbag.py:540} INFO - Filling up the DagBag from /home/airflow/.local/lib/python3.8/site-packages/airflow/example_dags/example_external_task_marker_dag.py
[2026-05-29T19:30:48.064+0000] {processor.py:840} INFO - DAG(s) 'example_external_task_marker_child', 'example_external_task_marker_parent' retrieved from /home/airflow/.local/lib/python3.8/site-packages/airflow/example_dags/example_external_task_marker_dag.py
[2026-05-29T19:30:48.089+0000] {logging_mixin.py:188} INFO - [2026-05-29T19:30:48.089+0000] {dag.py:3047} INFO - Sync 2 DAGs
[2026-05-29T19:30:48.101+0000] {logging_mixin.py:188} INFO - [2026-05-29T19:30:48.101+0000] {dag.py:3834} INFO - Setting next_dagrun for example_external_task_marker_child to None, run_after=None
[2026-05-29T19:30:48.106+0000] {logging_mixin.py:188} INFO - [2026-05-29T19:30:48.106+0000] {dag.py:3834} INFO - Setting next_dagrun for example_external_task_marker_parent to None, run_after=None
[2026-05-29T19:30:48.128+0000] {processor.py:183} INFO - Processing /home/airflow/.local/lib/python3.8/site-packages/airflow/example_dags/example_external_task_marker_dag.py took 0.076 seconds
[2026-05-29T19:31:18.163+0000] {processor.py:161} INFO - Started process (PID=1726) to work on /home/airflow/.local/lib/python3.8/site-packages/airflow/example_dags/example_external_task_marker_dag.py
[2026-05-29T19:31:18.164+0000] {processor.py:830} INFO - Processing file /home/airflow/.local/lib/python3.8/site-packages/airflow/example_dags/example_external_task_marker_dag.py for tasks to queue
[2026-05-29T19:31:18.166+0000] {logging_mixin.py:188} INFO - [2026-05-29T19:31:18.166+0000] {dagbag.py:540} INFO - Filling up the DagBag from /home/airflow/.local/lib/python3.8/site-packages/airflow/example_dags/example_external_task_marker_dag.py
[2026-05-29T19:31:18.171+0000] {processor.py:840} INFO - DAG(s) 'example_external_task_marker_child', 'example_external_task_marker_parent' retrieved from /home/airflow/.local/lib/python3.8/site-packages/airflow/example_dags/example_external_task_marker_dag.py
[2026-05-29T19:31:18.194+0000] {logging_mixin.py:188} INFO - [2026-05-29T19:31:18.194+0000] {dag.py:3047} INFO - Sync 2 DAGs
[2026-05-29T19:31:18.206+0000] {logging_mixin.py:188} INFO - [2026-05-29T19:31:18.205+0000] {dag.py:3834} INFO - Setting next_dagrun for example_external_task_marker_child to None, run_after=None
[2026-05-29T19:31:18.209+0000] {logging_mixin.py:188} INFO - [2026-05-29T19:31:18.209+0000] {dag.py:3834} INFO - Setting next_dagrun for example_external_task_marker_parent to None, run_after=None
[2026-05-29T19:31:18.228+0000] {processor.py:183} INFO - Processing /home/airflow/.local/lib/python3.8/site-packages/airflow/example_dags/example_external_task_marker_dag.py took 0.067 seconds
[2026-05-29T19:31:48.777+0000] {processor.py:161} INFO - Started process (PID=1781) to work on /home/airflow/.local/lib/python3.8/site-packages/airflow/example_dags/example_external_task_marker_dag.py
[2026-05-29T19:31:48.778+0000] {processor.py:830} INFO - Processing file /home/airflow/.local/lib/python3.8/site-packages/airflow/example_dags/example_external_task_marker_dag.py for tasks to queue
[2026-05-29T19:31:48.781+0000] {logging_mixin.py:188} INFO - [2026-05-29T19:31:48.780+0000] {dagbag.py:540} INFO - Filling up the DagBag from /home/airflow/.local/lib/python3.8/site-packages/airflow/example_dags/example_external_task_marker_dag.py
[2026-05-29T19:31:48.787+0000] {processor.py:840} INFO - DAG(s) 'example_external_task_marker_parent', 'example_external_task_marker_child' retrieved from /home/airflow/.local/lib/python3.8/site-packages/airflow/example_dags/example_external_task_marker_dag.py
[2026-05-29T19:31:48.807+0000] {logging_mixin.py:188} INFO - [2026-05-29T19:31:48.807+0000] {dag.py:3047} INFO - Sync 2 DAGs
[2026-05-29T19:31:48.818+0000] {logging_mixin.py:188} INFO - [2026-05-29T19:31:48.817+0000] {dag.py:3834} INFO - Setting next_dagrun for example_external_task_marker_child to None, run_after=None
[2026-05-29T19:31:48.821+0000] {logging_mixin.py:188} INFO - [2026-05-29T19:31:48.821+0000] {dag.py:3834} INFO - Setting next_dagrun for example_external_task_marker_parent to None, run_after=None
[2026-05-29T19:31:48.836+0000] {processor.py:183} INFO - Processing /home/airflow/.local/lib/python3.8/site-packages/airflow/example_dags/example_external_task_marker_dag.py took 0.063 seconds
[2026-05-29T19:32:18.915+0000] {processor.py:161} INFO - Started process (PID=1836) to work on /home/airflow/.local/lib/python3.8/site-packages/airflow/example_dags/example_external_task_marker_dag.py
[2026-05-29T19:32:18.916+0000] {processor.py:830} INFO - Processing file /home/airflow/.local/lib/python3.8/site-packages/airflow/example_dags/example_external_task_marker_dag.py for tasks to queue
[2026-05-29T19:32:18.918+0000] {logging_mixin.py:188} INFO - [2026-05-29T19:32:18.918+0000] {dagbag.py:540} INFO - Filling up the DagBag from /home/airflow/.local/lib/python3.8/site-packages/airflow/example_dags/example_external_task_marker_dag.py
[2026-05-29T19:32:18.924+0000] {processor.py:840} INFO - DAG(s) 'example_external_task_marker_parent', 'example_external_task_marker_child' retrieved from /home/airflow/.local/lib/python3.8/site-packages/airflow/example_dags/example_external_task_marker_dag.py
[2026-05-29T19:32:18.941+0000] {logging_mixin.py:188} INFO - [2026-05-29T19:32:18.941+0000] {dag.py:3047} INFO - Sync 2 DAGs
[2026-05-29T19:32:18.950+0000] {logging_mixin.py:188} INFO - [2026-05-29T19:32:18.950+0000] {dag.py:3834} INFO - Setting next_dagrun for example_external_task_marker_child to None, run_after=None
[2026-05-29T19:32:18.953+0000] {logging_mixin.py:188} INFO - [2026-05-29T19:32:18.953+0000] {dag.py:3834} INFO - Setting next_dagrun for example_external_task_marker_parent to None, run_after=None
[2026-05-29T19:32:18.965+0000] {processor.py:183} INFO - Processing /home/airflow/.local/lib/python3.8/site-packages/airflow/example_dags/example_external_task_marker_dag.py took 0.053 seconds
[2026-05-29T19:32:49.314+0000] {processor.py:161} INFO - Started process (PID=1892) to work on /home/airflow/.local/lib/python3.8/site-packages/airflow/example_dags/example_external_task_marker_dag.py
[2026-05-29T19:32:49.316+0000] {processor.py:830} INFO - Processing file /home/airflow/.local/lib/python3.8/site-packages/airflow/example_dags/example_external_task_marker_dag.py for tasks to queue
[2026-05-29T19:32:49.318+0000] {logging_mixin.py:188} INFO - [2026-05-29T19:32:49.317+0000] {dagbag.py:540} INFO - Filling up the DagBag from /home/airflow/.local/lib/python3.8/site-packages/airflow/example_dags/example_external_task_marker_dag.py
[2026-05-29T19:32:49.323+0000] {processor.py:840} INFO - DAG(s) 'example_external_task_marker_child', 'example_external_task_marker_parent' retrieved from /home/airflow/.local/lib/python3.8/site-packages/airflow/example_dags/example_external_task_marker_dag.py
[2026-05-29T19:32:49.343+0000] {logging_mixin.py:188} INFO - [2026-05-29T19:32:49.343+0000] {dag.py:3047} INFO - Sync 2 DAGs
[2026-05-29T19:32:49.352+0000] {logging_mixin.py:188} INFO - [2026-05-29T19:32:49.352+0000] {dag.py:3834} INFO - Setting next_dagrun for example_external_task_marker_child to None, run_after=None
[2026-05-29T19:32:49.356+0000] {logging_mixin.py:188} INFO - [2026-05-29T19:32:49.355+0000] {dag.py:3834} INFO - Setting next_dagrun for example_external_task_marker_parent to None, run_after=None
[2026-05-29T19:32:49.373+0000] {processor.py:183} INFO - Processing /home/airflow/.local/lib/python3.8/site-packages/airflow/example_dags/example_external_task_marker_dag.py took 0.061 seconds
[2026-05-29T19:33:19.779+0000] {processor.py:161} INFO - Started process (PID=1947) to work on /home/airflow/.local/lib/python3.8/site-packages/airflow/example_dags/example_external_task_marker_dag.py
[2026-05-29T19:33:19.780+0000] {processor.py:830} INFO - Processing file /home/airflow/.local/lib/python3.8/site-packages/airflow/example_dags/example_external_task_marker_dag.py for tasks to queue
[2026-05-29T19:33:19.782+0000] {logging_mixin.py:188} INFO - [2026-05-29T19:33:19.782+0000] {dagbag.py:540} INFO - Filling up the DagBag from /home/airflow/.local/lib/python3.8/site-packages/airflow/example_dags/example_external_task_marker_dag.py
[2026-05-29T19:33:19.787+0000] {processor.py:840} INFO - DAG(s) 'example_external_task_marker_parent', 'example_external_task_marker_child' retrieved from /home/airflow/.local/lib/python3.8/site-packages/airflow/example_dags/example_external_task_marker_dag.py
[2026-05-29T19:33:19.806+0000] {logging_mixin.py:188} INFO - [2026-05-29T19:33:19.806+0000] {dag.py:3047} INFO - Sync 2 DAGs
[2026-05-29T19:33:19.815+0000] {logging_mixin.py:188} INFO - [2026-05-29T19:33:19.815+0000] {dag.py:3834} INFO - Setting next_dagrun for example_external_task_marker_child to None, run_after=None
[2026-05-29T19:33:19.819+0000] {logging_mixin.py:188} INFO - [2026-05-29T19:33:19.819+0000] {dag.py:3834} INFO - Setting next_dagrun for example_external_task_marker_parent to None, run_after=None
[2026-05-29T19:33:19.837+0000] {processor.py:183} INFO - Processing /home/airflow/.local/lib/python3.8/site-packages/airflow/example_dags/example_external_task_marker_dag.py took 0.062 seconds
[2026-05-29T19:33:50.326+0000] {processor.py:161} INFO - Started process (PID=2002) to work on /home/airflow/.local/lib/python3.8/site-packages/airflow/example_dags/example_external_task_marker_dag.py
[2026-05-29T19:33:50.327+0000] {processor.py:830} INFO - Processing file /home/airflow/.local/lib/python3.8/site-packages/airflow/example_dags/example_external_task_marker_dag.py for tasks to queue
[2026-05-29T19:33:50.329+0000] {logging_mixin.py:188} INFO - [2026-05-29T19:33:50.329+0000] {dagbag.py:540} INFO - Filling up the DagBag from /home/airflow/.local/lib/python3.8/site-packages/airflow/example_dags/example_external_task_marker_dag.py
[2026-05-29T19:33:50.334+0000] {processor.py:840} INFO - DAG(s) 'example_external_task_marker_child', 'example_external_task_marker_parent' retrieved from /home/airflow/.local/lib/python3.8/site-packages/airflow/example_dags/example_external_task_marker_dag.py
[2026-05-29T19:33:50.354+0000] {logging_mixin.py:188} INFO - [2026-05-29T19:33:50.354+0000] {dag.py:3047} INFO - Sync 2 DAGs
[2026-05-29T19:33:50.363+0000] {logging_mixin.py:188} INFO - [2026-05-29T19:33:50.363+0000] {dag.py:3834} INFO - Setting next_dagrun for example_external_task_marker_child to None, run_after=None
[2026-05-29T19:33:50.367+0000] {logging_mixin.py:188} INFO - [2026-05-29T19:33:50.366+0000] {dag.py:3834} INFO - Setting next_dagrun for example_external_task_marker_parent to None, run_after=None
[2026-05-29T19:33:50.384+0000] {processor.py:183} INFO - Processing /home/airflow/.local/lib/python3.8/site-packages/airflow/example_dags/example_external_task_marker_dag.py took 0.060 seconds
