[2026-05-29T19:16:02.078+0000] {processor.py:161} INFO - Started process (PID=60) to work on /home/airflow/.local/lib/python3.8/site-packages/airflow/example_dags/example_subdag_operator.py
[2026-05-29T19:16:02.080+0000] {processor.py:830} INFO - Processing file /home/airflow/.local/lib/python3.8/site-packages/airflow/example_dags/example_subdag_operator.py for tasks to queue
[2026-05-29T19:16:02.085+0000] {logging_mixin.py:188} INFO - [2026-05-29T19:16:02.084+0000] {dagbag.py:540} INFO - Filling up the DagBag from /home/airflow/.local/lib/python3.8/site-packages/airflow/example_dags/example_subdag_operator.py
[2026-05-29T19:16:02.138+0000] {processor.py:840} INFO - DAG(s) 'example_subdag_operator.section-1', 'example_subdag_operator.section-2', 'example_subdag_operator' retrieved from /home/airflow/.local/lib/python3.8/site-packages/airflow/example_dags/example_subdag_operator.py
[2026-05-29T19:16:02.176+0000] {logging_mixin.py:188} INFO - [2026-05-29T19:16:02.176+0000] {dag.py:3047} INFO - Sync 3 DAGs
[2026-05-29T19:16:02.217+0000] {logging_mixin.py:188} INFO - [2026-05-29T19:16:02.216+0000] {dag.py:3834} INFO - Setting next_dagrun for example_subdag_operator to 2022-01-01 00:00:00+00:00, run_after=2022-01-01 00:00:00+00:00
[2026-05-29T19:16:02.223+0000] {logging_mixin.py:188} INFO - [2026-05-29T19:16:02.223+0000] {dag.py:3834} INFO - Setting next_dagrun for example_subdag_operator.section-1 to None, run_after=None
[2026-05-29T19:16:02.229+0000] {logging_mixin.py:188} INFO - [2026-05-29T19:16:02.228+0000] {dag.py:3834} INFO - Setting next_dagrun for example_subdag_operator.section-2 to None, run_after=None
[2026-05-29T19:16:02.247+0000] {logging_mixin.py:188} INFO - [2026-05-29T19:16:02.246+0000] {dag.py:3047} INFO - Sync 2 DAGs
[2026-05-29T19:16:02.258+0000] {logging_mixin.py:188} INFO - [2026-05-29T19:16:02.257+0000] {dag.py:3834} INFO - Setting next_dagrun for example_subdag_operator.section-1 to None, run_after=None
[2026-05-29T19:16:02.259+0000] {logging_mixin.py:188} INFO - [2026-05-29T19:16:02.259+0000] {dag.py:3834} INFO - Setting next_dagrun for example_subdag_operator.section-2 to None, run_after=None
[2026-05-29T19:16:02.288+0000] {processor.py:183} INFO - Processing /home/airflow/.local/lib/python3.8/site-packages/airflow/example_dags/example_subdag_operator.py took 0.217 seconds
[2026-05-29T19:16:32.529+0000] {processor.py:161} INFO - Started process (PID=114) to work on /home/airflow/.local/lib/python3.8/site-packages/airflow/example_dags/example_subdag_operator.py
[2026-05-29T19:16:32.531+0000] {processor.py:830} INFO - Processing file /home/airflow/.local/lib/python3.8/site-packages/airflow/example_dags/example_subdag_operator.py for tasks to queue
[2026-05-29T19:16:32.533+0000] {logging_mixin.py:188} INFO - [2026-05-29T19:16:32.533+0000] {dagbag.py:540} INFO - Filling up the DagBag from /home/airflow/.local/lib/python3.8/site-packages/airflow/example_dags/example_subdag_operator.py
[2026-05-29T19:16:32.562+0000] {processor.py:840} INFO - DAG(s) 'example_subdag_operator.section-1', 'example_subdag_operator.section-2', 'example_subdag_operator' retrieved from /home/airflow/.local/lib/python3.8/site-packages/airflow/example_dags/example_subdag_operator.py
[2026-05-29T19:16:32.577+0000] {logging_mixin.py:188} INFO - [2026-05-29T19:16:32.576+0000] {dag.py:3047} INFO - Sync 3 DAGs
[2026-05-29T19:16:32.599+0000] {logging_mixin.py:188} INFO - [2026-05-29T19:16:32.598+0000] {dag.py:3834} INFO - Setting next_dagrun for example_subdag_operator to 2022-01-01 00:00:00+00:00, run_after=2022-01-01 00:00:00+00:00
[2026-05-29T19:16:32.605+0000] {logging_mixin.py:188} INFO - [2026-05-29T19:16:32.605+0000] {dag.py:3834} INFO - Setting next_dagrun for example_subdag_operator.section-1 to None, run_after=None
[2026-05-29T19:16:32.608+0000] {logging_mixin.py:188} INFO - [2026-05-29T19:16:32.608+0000] {dag.py:3834} INFO - Setting next_dagrun for example_subdag_operator.section-2 to None, run_after=None
[2026-05-29T19:16:32.615+0000] {logging_mixin.py:188} INFO - [2026-05-29T19:16:32.615+0000] {dag.py:3047} INFO - Sync 2 DAGs
[2026-05-29T19:16:32.622+0000] {logging_mixin.py:188} INFO - [2026-05-29T19:16:32.622+0000] {dag.py:3834} INFO - Setting next_dagrun for example_subdag_operator.section-1 to None, run_after=None
[2026-05-29T19:16:32.623+0000] {logging_mixin.py:188} INFO - [2026-05-29T19:16:32.623+0000] {dag.py:3834} INFO - Setting next_dagrun for example_subdag_operator.section-2 to None, run_after=None
[2026-05-29T19:16:32.639+0000] {processor.py:183} INFO - Processing /home/airflow/.local/lib/python3.8/site-packages/airflow/example_dags/example_subdag_operator.py took 0.113 seconds
[2026-05-29T19:17:03.209+0000] {processor.py:161} INFO - Started process (PID=170) to work on /home/airflow/.local/lib/python3.8/site-packages/airflow/example_dags/example_subdag_operator.py
[2026-05-29T19:17:03.211+0000] {processor.py:830} INFO - Processing file /home/airflow/.local/lib/python3.8/site-packages/airflow/example_dags/example_subdag_operator.py for tasks to queue
[2026-05-29T19:17:03.213+0000] {logging_mixin.py:188} INFO - [2026-05-29T19:17:03.212+0000] {dagbag.py:540} INFO - Filling up the DagBag from /home/airflow/.local/lib/python3.8/site-packages/airflow/example_dags/example_subdag_operator.py
[2026-05-29T19:17:03.242+0000] {processor.py:840} INFO - DAG(s) 'example_subdag_operator.section-1', 'example_subdag_operator.section-2', 'example_subdag_operator' retrieved from /home/airflow/.local/lib/python3.8/site-packages/airflow/example_dags/example_subdag_operator.py
[2026-05-29T19:17:03.257+0000] {logging_mixin.py:188} INFO - [2026-05-29T19:17:03.257+0000] {dag.py:3047} INFO - Sync 3 DAGs
[2026-05-29T19:17:03.277+0000] {logging_mixin.py:188} INFO - [2026-05-29T19:17:03.277+0000] {dag.py:3834} INFO - Setting next_dagrun for example_subdag_operator to 2022-01-01 00:00:00+00:00, run_after=2022-01-01 00:00:00+00:00
[2026-05-29T19:17:03.281+0000] {logging_mixin.py:188} INFO - [2026-05-29T19:17:03.281+0000] {dag.py:3834} INFO - Setting next_dagrun for example_subdag_operator.section-1 to None, run_after=None
[2026-05-29T19:17:03.284+0000] {logging_mixin.py:188} INFO - [2026-05-29T19:17:03.283+0000] {dag.py:3834} INFO - Setting next_dagrun for example_subdag_operator.section-2 to None, run_after=None
[2026-05-29T19:17:03.291+0000] {logging_mixin.py:188} INFO - [2026-05-29T19:17:03.291+0000] {dag.py:3047} INFO - Sync 2 DAGs
[2026-05-29T19:17:03.297+0000] {logging_mixin.py:188} INFO - [2026-05-29T19:17:03.297+0000] {dag.py:3834} INFO - Setting next_dagrun for example_subdag_operator.section-1 to None, run_after=None
[2026-05-29T19:17:03.299+0000] {logging_mixin.py:188} INFO - [2026-05-29T19:17:03.298+0000] {dag.py:3834} INFO - Setting next_dagrun for example_subdag_operator.section-2 to None, run_after=None
[2026-05-29T19:17:03.315+0000] {processor.py:183} INFO - Processing /home/airflow/.local/lib/python3.8/site-packages/airflow/example_dags/example_subdag_operator.py took 0.110 seconds
[2026-05-29T19:17:33.533+0000] {processor.py:161} INFO - Started process (PID=225) to work on /home/airflow/.local/lib/python3.8/site-packages/airflow/example_dags/example_subdag_operator.py
[2026-05-29T19:17:33.535+0000] {processor.py:830} INFO - Processing file /home/airflow/.local/lib/python3.8/site-packages/airflow/example_dags/example_subdag_operator.py for tasks to queue
[2026-05-29T19:17:33.537+0000] {logging_mixin.py:188} INFO - [2026-05-29T19:17:33.537+0000] {dagbag.py:540} INFO - Filling up the DagBag from /home/airflow/.local/lib/python3.8/site-packages/airflow/example_dags/example_subdag_operator.py
[2026-05-29T19:17:33.563+0000] {processor.py:840} INFO - DAG(s) 'example_subdag_operator.section-1', 'example_subdag_operator.section-2', 'example_subdag_operator' retrieved from /home/airflow/.local/lib/python3.8/site-packages/airflow/example_dags/example_subdag_operator.py
[2026-05-29T19:17:33.575+0000] {logging_mixin.py:188} INFO - [2026-05-29T19:17:33.575+0000] {dag.py:3047} INFO - Sync 3 DAGs
[2026-05-29T19:17:33.593+0000] {logging_mixin.py:188} INFO - [2026-05-29T19:17:33.593+0000] {dag.py:3834} INFO - Setting next_dagrun for example_subdag_operator to 2022-01-01 00:00:00+00:00, run_after=2022-01-01 00:00:00+00:00
[2026-05-29T19:17:33.596+0000] {logging_mixin.py:188} INFO - [2026-05-29T19:17:33.596+0000] {dag.py:3834} INFO - Setting next_dagrun for example_subdag_operator.section-1 to None, run_after=None
[2026-05-29T19:17:33.599+0000] {logging_mixin.py:188} INFO - [2026-05-29T19:17:33.599+0000] {dag.py:3834} INFO - Setting next_dagrun for example_subdag_operator.section-2 to None, run_after=None
[2026-05-29T19:17:33.605+0000] {logging_mixin.py:188} INFO - [2026-05-29T19:17:33.605+0000] {dag.py:3047} INFO - Sync 2 DAGs
[2026-05-29T19:17:33.610+0000] {logging_mixin.py:188} INFO - [2026-05-29T19:17:33.610+0000] {dag.py:3834} INFO - Setting next_dagrun for example_subdag_operator.section-1 to None, run_after=None
[2026-05-29T19:17:33.611+0000] {logging_mixin.py:188} INFO - [2026-05-29T19:17:33.611+0000] {dag.py:3834} INFO - Setting next_dagrun for example_subdag_operator.section-2 to None, run_after=None
[2026-05-29T19:17:33.625+0000] {processor.py:183} INFO - Processing /home/airflow/.local/lib/python3.8/site-packages/airflow/example_dags/example_subdag_operator.py took 0.097 seconds
[2026-05-29T19:18:03.743+0000] {processor.py:161} INFO - Started process (PID=280) to work on /home/airflow/.local/lib/python3.8/site-packages/airflow/example_dags/example_subdag_operator.py
[2026-05-29T19:18:03.744+0000] {processor.py:830} INFO - Processing file /home/airflow/.local/lib/python3.8/site-packages/airflow/example_dags/example_subdag_operator.py for tasks to queue
[2026-05-29T19:18:03.746+0000] {logging_mixin.py:188} INFO - [2026-05-29T19:18:03.746+0000] {dagbag.py:540} INFO - Filling up the DagBag from /home/airflow/.local/lib/python3.8/site-packages/airflow/example_dags/example_subdag_operator.py
[2026-05-29T19:18:03.769+0000] {processor.py:840} INFO - DAG(s) 'example_subdag_operator.section-1', 'example_subdag_operator.section-2', 'example_subdag_operator' retrieved from /home/airflow/.local/lib/python3.8/site-packages/airflow/example_dags/example_subdag_operator.py
[2026-05-29T19:18:03.781+0000] {logging_mixin.py:188} INFO - [2026-05-29T19:18:03.781+0000] {dag.py:3047} INFO - Sync 3 DAGs
[2026-05-29T19:18:03.798+0000] {logging_mixin.py:188} INFO - [2026-05-29T19:18:03.798+0000] {dag.py:3834} INFO - Setting next_dagrun for example_subdag_operator to 2022-01-01 00:00:00+00:00, run_after=2022-01-01 00:00:00+00:00
[2026-05-29T19:18:03.802+0000] {logging_mixin.py:188} INFO - [2026-05-29T19:18:03.801+0000] {dag.py:3834} INFO - Setting next_dagrun for example_subdag_operator.section-1 to None, run_after=None
[2026-05-29T19:18:03.803+0000] {logging_mixin.py:188} INFO - [2026-05-29T19:18:03.803+0000] {dag.py:3834} INFO - Setting next_dagrun for example_subdag_operator.section-2 to None, run_after=None
[2026-05-29T19:18:03.809+0000] {logging_mixin.py:188} INFO - [2026-05-29T19:18:03.809+0000] {dag.py:3047} INFO - Sync 2 DAGs
[2026-05-29T19:18:03.814+0000] {logging_mixin.py:188} INFO - [2026-05-29T19:18:03.813+0000] {dag.py:3834} INFO - Setting next_dagrun for example_subdag_operator.section-1 to None, run_after=None
[2026-05-29T19:18:03.814+0000] {logging_mixin.py:188} INFO - [2026-05-29T19:18:03.814+0000] {dag.py:3834} INFO - Setting next_dagrun for example_subdag_operator.section-2 to None, run_after=None
[2026-05-29T19:18:03.827+0000] {processor.py:183} INFO - Processing /home/airflow/.local/lib/python3.8/site-packages/airflow/example_dags/example_subdag_operator.py took 0.087 seconds
[2026-05-29T19:18:34.032+0000] {processor.py:161} INFO - Started process (PID=341) to work on /home/airflow/.local/lib/python3.8/site-packages/airflow/example_dags/example_subdag_operator.py
[2026-05-29T19:18:34.034+0000] {processor.py:830} INFO - Processing file /home/airflow/.local/lib/python3.8/site-packages/airflow/example_dags/example_subdag_operator.py for tasks to queue
[2026-05-29T19:18:34.036+0000] {logging_mixin.py:188} INFO - [2026-05-29T19:18:34.036+0000] {dagbag.py:540} INFO - Filling up the DagBag from /home/airflow/.local/lib/python3.8/site-packages/airflow/example_dags/example_subdag_operator.py
[2026-05-29T19:18:34.065+0000] {processor.py:840} INFO - DAG(s) 'example_subdag_operator.section-1', 'example_subdag_operator.section-2', 'example_subdag_operator' retrieved from /home/airflow/.local/lib/python3.8/site-packages/airflow/example_dags/example_subdag_operator.py
[2026-05-29T19:18:34.077+0000] {logging_mixin.py:188} INFO - [2026-05-29T19:18:34.077+0000] {dag.py:3047} INFO - Sync 3 DAGs
[2026-05-29T19:18:34.094+0000] {logging_mixin.py:188} INFO - [2026-05-29T19:18:34.094+0000] {dag.py:3834} INFO - Setting next_dagrun for example_subdag_operator to 2022-01-01 00:00:00+00:00, run_after=2022-01-01 00:00:00+00:00
[2026-05-29T19:18:34.097+0000] {logging_mixin.py:188} INFO - [2026-05-29T19:18:34.097+0000] {dag.py:3834} INFO - Setting next_dagrun for example_subdag_operator.section-1 to None, run_after=None
[2026-05-29T19:18:34.099+0000] {logging_mixin.py:188} INFO - [2026-05-29T19:18:34.099+0000] {dag.py:3834} INFO - Setting next_dagrun for example_subdag_operator.section-2 to None, run_after=None
[2026-05-29T19:18:34.106+0000] {logging_mixin.py:188} INFO - [2026-05-29T19:18:34.106+0000] {dag.py:3047} INFO - Sync 2 DAGs
[2026-05-29T19:18:34.111+0000] {logging_mixin.py:188} INFO - [2026-05-29T19:18:34.111+0000] {dag.py:3834} INFO - Setting next_dagrun for example_subdag_operator.section-1 to None, run_after=None
[2026-05-29T19:18:34.112+0000] {logging_mixin.py:188} INFO - [2026-05-29T19:18:34.112+0000] {dag.py:3834} INFO - Setting next_dagrun for example_subdag_operator.section-2 to None, run_after=None
[2026-05-29T19:18:34.127+0000] {processor.py:183} INFO - Processing /home/airflow/.local/lib/python3.8/site-packages/airflow/example_dags/example_subdag_operator.py took 0.098 seconds
[2026-05-29T19:19:04.486+0000] {processor.py:161} INFO - Started process (PID=396) to work on /home/airflow/.local/lib/python3.8/site-packages/airflow/example_dags/example_subdag_operator.py
[2026-05-29T19:19:04.488+0000] {processor.py:830} INFO - Processing file /home/airflow/.local/lib/python3.8/site-packages/airflow/example_dags/example_subdag_operator.py for tasks to queue
[2026-05-29T19:19:04.489+0000] {logging_mixin.py:188} INFO - [2026-05-29T19:19:04.489+0000] {dagbag.py:540} INFO - Filling up the DagBag from /home/airflow/.local/lib/python3.8/site-packages/airflow/example_dags/example_subdag_operator.py
[2026-05-29T19:19:04.514+0000] {processor.py:840} INFO - DAG(s) 'example_subdag_operator.section-1', 'example_subdag_operator.section-2', 'example_subdag_operator' retrieved from /home/airflow/.local/lib/python3.8/site-packages/airflow/example_dags/example_subdag_operator.py
[2026-05-29T19:19:04.528+0000] {logging_mixin.py:188} INFO - [2026-05-29T19:19:04.528+0000] {dag.py:3047} INFO - Sync 3 DAGs
[2026-05-29T19:19:04.546+0000] {logging_mixin.py:188} INFO - [2026-05-29T19:19:04.546+0000] {dag.py:3834} INFO - Setting next_dagrun for example_subdag_operator to 2022-01-01 00:00:00+00:00, run_after=2022-01-01 00:00:00+00:00
[2026-05-29T19:19:04.550+0000] {logging_mixin.py:188} INFO - [2026-05-29T19:19:04.550+0000] {dag.py:3834} INFO - Setting next_dagrun for example_subdag_operator.section-1 to None, run_after=None
[2026-05-29T19:19:04.553+0000] {logging_mixin.py:188} INFO - [2026-05-29T19:19:04.552+0000] {dag.py:3834} INFO - Setting next_dagrun for example_subdag_operator.section-2 to None, run_after=None
[2026-05-29T19:19:04.560+0000] {logging_mixin.py:188} INFO - [2026-05-29T19:19:04.559+0000] {dag.py:3047} INFO - Sync 2 DAGs
[2026-05-29T19:19:04.564+0000] {logging_mixin.py:188} INFO - [2026-05-29T19:19:04.564+0000] {dag.py:3834} INFO - Setting next_dagrun for example_subdag_operator.section-1 to None, run_after=None
[2026-05-29T19:19:04.565+0000] {logging_mixin.py:188} INFO - [2026-05-29T19:19:04.565+0000] {dag.py:3834} INFO - Setting next_dagrun for example_subdag_operator.section-2 to None, run_after=None
[2026-05-29T19:19:04.579+0000] {processor.py:183} INFO - Processing /home/airflow/.local/lib/python3.8/site-packages/airflow/example_dags/example_subdag_operator.py took 0.095 seconds
[2026-05-29T19:19:34.786+0000] {processor.py:161} INFO - Started process (PID=451) to work on /home/airflow/.local/lib/python3.8/site-packages/airflow/example_dags/example_subdag_operator.py
[2026-05-29T19:19:34.787+0000] {processor.py:830} INFO - Processing file /home/airflow/.local/lib/python3.8/site-packages/airflow/example_dags/example_subdag_operator.py for tasks to queue
[2026-05-29T19:19:34.789+0000] {logging_mixin.py:188} INFO - [2026-05-29T19:19:34.788+0000] {dagbag.py:540} INFO - Filling up the DagBag from /home/airflow/.local/lib/python3.8/site-packages/airflow/example_dags/example_subdag_operator.py
[2026-05-29T19:19:34.810+0000] {processor.py:840} INFO - DAG(s) 'example_subdag_operator.section-1', 'example_subdag_operator.section-2', 'example_subdag_operator' retrieved from /home/airflow/.local/lib/python3.8/site-packages/airflow/example_dags/example_subdag_operator.py
[2026-05-29T19:19:34.823+0000] {logging_mixin.py:188} INFO - [2026-05-29T19:19:34.822+0000] {dag.py:3047} INFO - Sync 3 DAGs
[2026-05-29T19:19:34.841+0000] {logging_mixin.py:188} INFO - [2026-05-29T19:19:34.840+0000] {dag.py:3834} INFO - Setting next_dagrun for example_subdag_operator to 2022-01-01 00:00:00+00:00, run_after=2022-01-01 00:00:00+00:00
[2026-05-29T19:19:34.845+0000] {logging_mixin.py:188} INFO - [2026-05-29T19:19:34.845+0000] {dag.py:3834} INFO - Setting next_dagrun for example_subdag_operator.section-1 to None, run_after=None
[2026-05-29T19:19:34.847+0000] {logging_mixin.py:188} INFO - [2026-05-29T19:19:34.847+0000] {dag.py:3834} INFO - Setting next_dagrun for example_subdag_operator.section-2 to None, run_after=None
[2026-05-29T19:19:34.854+0000] {logging_mixin.py:188} INFO - [2026-05-29T19:19:34.854+0000] {dag.py:3047} INFO - Sync 2 DAGs
[2026-05-29T19:19:34.859+0000] {logging_mixin.py:188} INFO - [2026-05-29T19:19:34.858+0000] {dag.py:3834} INFO - Setting next_dagrun for example_subdag_operator.section-1 to None, run_after=None
[2026-05-29T19:19:34.859+0000] {logging_mixin.py:188} INFO - [2026-05-29T19:19:34.859+0000] {dag.py:3834} INFO - Setting next_dagrun for example_subdag_operator.section-2 to None, run_after=None
[2026-05-29T19:19:34.874+0000] {processor.py:183} INFO - Processing /home/airflow/.local/lib/python3.8/site-packages/airflow/example_dags/example_subdag_operator.py took 0.091 seconds
[2026-05-29T19:20:05.320+0000] {processor.py:161} INFO - Started process (PID=506) to work on /home/airflow/.local/lib/python3.8/site-packages/airflow/example_dags/example_subdag_operator.py
[2026-05-29T19:20:05.321+0000] {processor.py:830} INFO - Processing file /home/airflow/.local/lib/python3.8/site-packages/airflow/example_dags/example_subdag_operator.py for tasks to queue
[2026-05-29T19:20:05.323+0000] {logging_mixin.py:188} INFO - [2026-05-29T19:20:05.323+0000] {dagbag.py:540} INFO - Filling up the DagBag from /home/airflow/.local/lib/python3.8/site-packages/airflow/example_dags/example_subdag_operator.py
[2026-05-29T19:20:05.344+0000] {processor.py:840} INFO - DAG(s) 'example_subdag_operator.section-1', 'example_subdag_operator.section-2', 'example_subdag_operator' retrieved from /home/airflow/.local/lib/python3.8/site-packages/airflow/example_dags/example_subdag_operator.py
[2026-05-29T19:20:05.357+0000] {logging_mixin.py:188} INFO - [2026-05-29T19:20:05.357+0000] {dag.py:3047} INFO - Sync 3 DAGs
[2026-05-29T19:20:05.374+0000] {logging_mixin.py:188} INFO - [2026-05-29T19:20:05.374+0000] {dag.py:3834} INFO - Setting next_dagrun for example_subdag_operator to 2022-01-01 00:00:00+00:00, run_after=2022-01-01 00:00:00+00:00
[2026-05-29T19:20:05.378+0000] {logging_mixin.py:188} INFO - [2026-05-29T19:20:05.378+0000] {dag.py:3834} INFO - Setting next_dagrun for example_subdag_operator.section-1 to None, run_after=None
[2026-05-29T19:20:05.379+0000] {logging_mixin.py:188} INFO - [2026-05-29T19:20:05.379+0000] {dag.py:3834} INFO - Setting next_dagrun for example_subdag_operator.section-2 to None, run_after=None
[2026-05-29T19:20:05.386+0000] {logging_mixin.py:188} INFO - [2026-05-29T19:20:05.385+0000] {dag.py:3047} INFO - Sync 2 DAGs
[2026-05-29T19:20:05.390+0000] {logging_mixin.py:188} INFO - [2026-05-29T19:20:05.390+0000] {dag.py:3834} INFO - Setting next_dagrun for example_subdag_operator.section-1 to None, run_after=None
[2026-05-29T19:20:05.391+0000] {logging_mixin.py:188} INFO - [2026-05-29T19:20:05.391+0000] {dag.py:3834} INFO - Setting next_dagrun for example_subdag_operator.section-2 to None, run_after=None
[2026-05-29T19:20:05.401+0000] {processor.py:183} INFO - Processing /home/airflow/.local/lib/python3.8/site-packages/airflow/example_dags/example_subdag_operator.py took 0.084 seconds
[2026-05-29T19:20:35.660+0000] {processor.py:161} INFO - Started process (PID=561) to work on /home/airflow/.local/lib/python3.8/site-packages/airflow/example_dags/example_subdag_operator.py
[2026-05-29T19:20:35.662+0000] {processor.py:830} INFO - Processing file /home/airflow/.local/lib/python3.8/site-packages/airflow/example_dags/example_subdag_operator.py for tasks to queue
[2026-05-29T19:20:35.664+0000] {logging_mixin.py:188} INFO - [2026-05-29T19:20:35.664+0000] {dagbag.py:540} INFO - Filling up the DagBag from /home/airflow/.local/lib/python3.8/site-packages/airflow/example_dags/example_subdag_operator.py
[2026-05-29T19:20:35.693+0000] {processor.py:840} INFO - DAG(s) 'example_subdag_operator.section-1', 'example_subdag_operator.section-2', 'example_subdag_operator' retrieved from /home/airflow/.local/lib/python3.8/site-packages/airflow/example_dags/example_subdag_operator.py
[2026-05-29T19:20:35.707+0000] {logging_mixin.py:188} INFO - [2026-05-29T19:20:35.707+0000] {dag.py:3047} INFO - Sync 3 DAGs
[2026-05-29T19:20:35.724+0000] {logging_mixin.py:188} INFO - [2026-05-29T19:20:35.724+0000] {dag.py:3834} INFO - Setting next_dagrun for example_subdag_operator to 2022-01-01 00:00:00+00:00, run_after=2022-01-01 00:00:00+00:00
[2026-05-29T19:20:35.728+0000] {logging_mixin.py:188} INFO - [2026-05-29T19:20:35.728+0000] {dag.py:3834} INFO - Setting next_dagrun for example_subdag_operator.section-1 to None, run_after=None
[2026-05-29T19:20:35.730+0000] {logging_mixin.py:188} INFO - [2026-05-29T19:20:35.730+0000] {dag.py:3834} INFO - Setting next_dagrun for example_subdag_operator.section-2 to None, run_after=None
[2026-05-29T19:20:35.738+0000] {logging_mixin.py:188} INFO - [2026-05-29T19:20:35.737+0000] {dag.py:3047} INFO - Sync 2 DAGs
[2026-05-29T19:20:35.744+0000] {logging_mixin.py:188} INFO - [2026-05-29T19:20:35.744+0000] {dag.py:3834} INFO - Setting next_dagrun for example_subdag_operator.section-1 to None, run_after=None
[2026-05-29T19:20:35.745+0000] {logging_mixin.py:188} INFO - [2026-05-29T19:20:35.745+0000] {dag.py:3834} INFO - Setting next_dagrun for example_subdag_operator.section-2 to None, run_after=None
[2026-05-29T19:20:35.756+0000] {processor.py:183} INFO - Processing /home/airflow/.local/lib/python3.8/site-packages/airflow/example_dags/example_subdag_operator.py took 0.100 seconds
[2026-05-29T19:21:06.059+0000] {processor.py:161} INFO - Started process (PID=616) to work on /home/airflow/.local/lib/python3.8/site-packages/airflow/example_dags/example_subdag_operator.py
[2026-05-29T19:21:06.061+0000] {processor.py:830} INFO - Processing file /home/airflow/.local/lib/python3.8/site-packages/airflow/example_dags/example_subdag_operator.py for tasks to queue
[2026-05-29T19:21:06.063+0000] {logging_mixin.py:188} INFO - [2026-05-29T19:21:06.062+0000] {dagbag.py:540} INFO - Filling up the DagBag from /home/airflow/.local/lib/python3.8/site-packages/airflow/example_dags/example_subdag_operator.py
[2026-05-29T19:21:06.094+0000] {processor.py:840} INFO - DAG(s) 'example_subdag_operator.section-1', 'example_subdag_operator.section-2', 'example_subdag_operator' retrieved from /home/airflow/.local/lib/python3.8/site-packages/airflow/example_dags/example_subdag_operator.py
[2026-05-29T19:21:06.107+0000] {logging_mixin.py:188} INFO - [2026-05-29T19:21:06.107+0000] {dag.py:3047} INFO - Sync 3 DAGs
[2026-05-29T19:21:06.123+0000] {logging_mixin.py:188} INFO - [2026-05-29T19:21:06.123+0000] {dag.py:3834} INFO - Setting next_dagrun for example_subdag_operator to 2022-01-01 00:00:00+00:00, run_after=2022-01-01 00:00:00+00:00
[2026-05-29T19:21:06.126+0000] {logging_mixin.py:188} INFO - [2026-05-29T19:21:06.126+0000] {dag.py:3834} INFO - Setting next_dagrun for example_subdag_operator.section-1 to None, run_after=None
[2026-05-29T19:21:06.128+0000] {logging_mixin.py:188} INFO - [2026-05-29T19:21:06.128+0000] {dag.py:3834} INFO - Setting next_dagrun for example_subdag_operator.section-2 to None, run_after=None
[2026-05-29T19:21:06.137+0000] {logging_mixin.py:188} INFO - [2026-05-29T19:21:06.137+0000] {dag.py:3047} INFO - Sync 2 DAGs
[2026-05-29T19:21:06.142+0000] {logging_mixin.py:188} INFO - [2026-05-29T19:21:06.141+0000] {dag.py:3834} INFO - Setting next_dagrun for example_subdag_operator.section-1 to None, run_after=None
[2026-05-29T19:21:06.142+0000] {logging_mixin.py:188} INFO - [2026-05-29T19:21:06.142+0000] {dag.py:3834} INFO - Setting next_dagrun for example_subdag_operator.section-2 to None, run_after=None
[2026-05-29T19:21:06.153+0000] {processor.py:183} INFO - Processing /home/airflow/.local/lib/python3.8/site-packages/airflow/example_dags/example_subdag_operator.py took 0.098 seconds
[2026-05-29T19:21:36.250+0000] {processor.py:161} INFO - Started process (PID=671) to work on /home/airflow/.local/lib/python3.8/site-packages/airflow/example_dags/example_subdag_operator.py
[2026-05-29T19:21:36.251+0000] {processor.py:830} INFO - Processing file /home/airflow/.local/lib/python3.8/site-packages/airflow/example_dags/example_subdag_operator.py for tasks to queue
[2026-05-29T19:21:36.253+0000] {logging_mixin.py:188} INFO - [2026-05-29T19:21:36.252+0000] {dagbag.py:540} INFO - Filling up the DagBag from /home/airflow/.local/lib/python3.8/site-packages/airflow/example_dags/example_subdag_operator.py
[2026-05-29T19:21:36.278+0000] {processor.py:840} INFO - DAG(s) 'example_subdag_operator.section-1', 'example_subdag_operator.section-2', 'example_subdag_operator' retrieved from /home/airflow/.local/lib/python3.8/site-packages/airflow/example_dags/example_subdag_operator.py
[2026-05-29T19:21:36.294+0000] {logging_mixin.py:188} INFO - [2026-05-29T19:21:36.294+0000] {dag.py:3047} INFO - Sync 3 DAGs
[2026-05-29T19:21:36.311+0000] {logging_mixin.py:188} INFO - [2026-05-29T19:21:36.311+0000] {dag.py:3834} INFO - Setting next_dagrun for example_subdag_operator to 2022-01-01 00:00:00+00:00, run_after=2022-01-01 00:00:00+00:00
[2026-05-29T19:21:36.316+0000] {logging_mixin.py:188} INFO - [2026-05-29T19:21:36.316+0000] {dag.py:3834} INFO - Setting next_dagrun for example_subdag_operator.section-1 to None, run_after=None
[2026-05-29T19:21:36.317+0000] {logging_mixin.py:188} INFO - [2026-05-29T19:21:36.317+0000] {dag.py:3834} INFO - Setting next_dagrun for example_subdag_operator.section-2 to None, run_after=None
[2026-05-29T19:21:36.323+0000] {logging_mixin.py:188} INFO - [2026-05-29T19:21:36.323+0000] {dag.py:3047} INFO - Sync 2 DAGs
[2026-05-29T19:21:36.328+0000] {logging_mixin.py:188} INFO - [2026-05-29T19:21:36.328+0000] {dag.py:3834} INFO - Setting next_dagrun for example_subdag_operator.section-1 to None, run_after=None
[2026-05-29T19:21:36.329+0000] {logging_mixin.py:188} INFO - [2026-05-29T19:21:36.329+0000] {dag.py:3834} INFO - Setting next_dagrun for example_subdag_operator.section-2 to None, run_after=None
[2026-05-29T19:21:36.346+0000] {processor.py:183} INFO - Processing /home/airflow/.local/lib/python3.8/site-packages/airflow/example_dags/example_subdag_operator.py took 0.099 seconds
[2026-05-29T19:22:06.514+0000] {processor.py:161} INFO - Started process (PID=726) to work on /home/airflow/.local/lib/python3.8/site-packages/airflow/example_dags/example_subdag_operator.py
[2026-05-29T19:22:06.515+0000] {processor.py:830} INFO - Processing file /home/airflow/.local/lib/python3.8/site-packages/airflow/example_dags/example_subdag_operator.py for tasks to queue
[2026-05-29T19:22:06.517+0000] {logging_mixin.py:188} INFO - [2026-05-29T19:22:06.516+0000] {dagbag.py:540} INFO - Filling up the DagBag from /home/airflow/.local/lib/python3.8/site-packages/airflow/example_dags/example_subdag_operator.py
[2026-05-29T19:22:06.539+0000] {processor.py:840} INFO - DAG(s) 'example_subdag_operator.section-1', 'example_subdag_operator.section-2', 'example_subdag_operator' retrieved from /home/airflow/.local/lib/python3.8/site-packages/airflow/example_dags/example_subdag_operator.py
[2026-05-29T19:22:06.554+0000] {logging_mixin.py:188} INFO - [2026-05-29T19:22:06.554+0000] {dag.py:3047} INFO - Sync 3 DAGs
[2026-05-29T19:22:06.569+0000] {logging_mixin.py:188} INFO - [2026-05-29T19:22:06.569+0000] {dag.py:3834} INFO - Setting next_dagrun for example_subdag_operator to 2022-01-01 00:00:00+00:00, run_after=2022-01-01 00:00:00+00:00
[2026-05-29T19:22:06.572+0000] {logging_mixin.py:188} INFO - [2026-05-29T19:22:06.572+0000] {dag.py:3834} INFO - Setting next_dagrun for example_subdag_operator.section-1 to None, run_after=None
[2026-05-29T19:22:06.574+0000] {logging_mixin.py:188} INFO - [2026-05-29T19:22:06.573+0000] {dag.py:3834} INFO - Setting next_dagrun for example_subdag_operator.section-2 to None, run_after=None
[2026-05-29T19:22:06.579+0000] {logging_mixin.py:188} INFO - [2026-05-29T19:22:06.579+0000] {dag.py:3047} INFO - Sync 2 DAGs
[2026-05-29T19:22:06.584+0000] {logging_mixin.py:188} INFO - [2026-05-29T19:22:06.584+0000] {dag.py:3834} INFO - Setting next_dagrun for example_subdag_operator.section-1 to None, run_after=None
[2026-05-29T19:22:06.585+0000] {logging_mixin.py:188} INFO - [2026-05-29T19:22:06.584+0000] {dag.py:3834} INFO - Setting next_dagrun for example_subdag_operator.section-2 to None, run_after=None
[2026-05-29T19:22:06.601+0000] {processor.py:183} INFO - Processing /home/airflow/.local/lib/python3.8/site-packages/airflow/example_dags/example_subdag_operator.py took 0.090 seconds
[2026-05-29T19:22:36.891+0000] {processor.py:161} INFO - Started process (PID=781) to work on /home/airflow/.local/lib/python3.8/site-packages/airflow/example_dags/example_subdag_operator.py
[2026-05-29T19:22:36.892+0000] {processor.py:830} INFO - Processing file /home/airflow/.local/lib/python3.8/site-packages/airflow/example_dags/example_subdag_operator.py for tasks to queue
[2026-05-29T19:22:36.894+0000] {logging_mixin.py:188} INFO - [2026-05-29T19:22:36.894+0000] {dagbag.py:540} INFO - Filling up the DagBag from /home/airflow/.local/lib/python3.8/site-packages/airflow/example_dags/example_subdag_operator.py
[2026-05-29T19:22:36.917+0000] {processor.py:840} INFO - DAG(s) 'example_subdag_operator.section-1', 'example_subdag_operator.section-2', 'example_subdag_operator' retrieved from /home/airflow/.local/lib/python3.8/site-packages/airflow/example_dags/example_subdag_operator.py
[2026-05-29T19:22:36.929+0000] {logging_mixin.py:188} INFO - [2026-05-29T19:22:36.929+0000] {dag.py:3047} INFO - Sync 3 DAGs
[2026-05-29T19:22:36.945+0000] {logging_mixin.py:188} INFO - [2026-05-29T19:22:36.945+0000] {dag.py:3834} INFO - Setting next_dagrun for example_subdag_operator to 2022-01-01 00:00:00+00:00, run_after=2022-01-01 00:00:00+00:00
[2026-05-29T19:22:36.950+0000] {logging_mixin.py:188} INFO - [2026-05-29T19:22:36.949+0000] {dag.py:3834} INFO - Setting next_dagrun for example_subdag_operator.section-1 to None, run_after=None
[2026-05-29T19:22:36.951+0000] {logging_mixin.py:188} INFO - [2026-05-29T19:22:36.951+0000] {dag.py:3834} INFO - Setting next_dagrun for example_subdag_operator.section-2 to None, run_after=None
[2026-05-29T19:22:36.958+0000] {logging_mixin.py:188} INFO - [2026-05-29T19:22:36.958+0000] {dag.py:3047} INFO - Sync 2 DAGs
[2026-05-29T19:22:36.962+0000] {logging_mixin.py:188} INFO - [2026-05-29T19:22:36.962+0000] {dag.py:3834} INFO - Setting next_dagrun for example_subdag_operator.section-1 to None, run_after=None
[2026-05-29T19:22:36.963+0000] {logging_mixin.py:188} INFO - [2026-05-29T19:22:36.963+0000] {dag.py:3834} INFO - Setting next_dagrun for example_subdag_operator.section-2 to None, run_after=None
[2026-05-29T19:22:36.972+0000] {processor.py:183} INFO - Processing /home/airflow/.local/lib/python3.8/site-packages/airflow/example_dags/example_subdag_operator.py took 0.084 seconds
[2026-05-29T19:23:07.049+0000] {processor.py:161} INFO - Started process (PID=836) to work on /home/airflow/.local/lib/python3.8/site-packages/airflow/example_dags/example_subdag_operator.py
[2026-05-29T19:23:07.050+0000] {processor.py:830} INFO - Processing file /home/airflow/.local/lib/python3.8/site-packages/airflow/example_dags/example_subdag_operator.py for tasks to queue
[2026-05-29T19:23:07.052+0000] {logging_mixin.py:188} INFO - [2026-05-29T19:23:07.052+0000] {dagbag.py:540} INFO - Filling up the DagBag from /home/airflow/.local/lib/python3.8/site-packages/airflow/example_dags/example_subdag_operator.py
[2026-05-29T19:23:07.074+0000] {processor.py:840} INFO - DAG(s) 'example_subdag_operator.section-1', 'example_subdag_operator.section-2', 'example_subdag_operator' retrieved from /home/airflow/.local/lib/python3.8/site-packages/airflow/example_dags/example_subdag_operator.py
[2026-05-29T19:23:07.086+0000] {logging_mixin.py:188} INFO - [2026-05-29T19:23:07.086+0000] {dag.py:3047} INFO - Sync 3 DAGs
[2026-05-29T19:23:07.106+0000] {logging_mixin.py:188} INFO - [2026-05-29T19:23:07.106+0000] {dag.py:3834} INFO - Setting next_dagrun for example_subdag_operator to 2022-01-01 00:00:00+00:00, run_after=2022-01-01 00:00:00+00:00
[2026-05-29T19:23:07.110+0000] {logging_mixin.py:188} INFO - [2026-05-29T19:23:07.110+0000] {dag.py:3834} INFO - Setting next_dagrun for example_subdag_operator.section-1 to None, run_after=None
[2026-05-29T19:23:07.112+0000] {logging_mixin.py:188} INFO - [2026-05-29T19:23:07.112+0000] {dag.py:3834} INFO - Setting next_dagrun for example_subdag_operator.section-2 to None, run_after=None
[2026-05-29T19:23:07.119+0000] {logging_mixin.py:188} INFO - [2026-05-29T19:23:07.118+0000] {dag.py:3047} INFO - Sync 2 DAGs
[2026-05-29T19:23:07.124+0000] {logging_mixin.py:188} INFO - [2026-05-29T19:23:07.124+0000] {dag.py:3834} INFO - Setting next_dagrun for example_subdag_operator.section-1 to None, run_after=None
[2026-05-29T19:23:07.125+0000] {logging_mixin.py:188} INFO - [2026-05-29T19:23:07.125+0000] {dag.py:3834} INFO - Setting next_dagrun for example_subdag_operator.section-2 to None, run_after=None
[2026-05-29T19:23:07.138+0000] {processor.py:183} INFO - Processing /home/airflow/.local/lib/python3.8/site-packages/airflow/example_dags/example_subdag_operator.py took 0.091 seconds
[2026-05-29T19:23:37.234+0000] {processor.py:161} INFO - Started process (PID=891) to work on /home/airflow/.local/lib/python3.8/site-packages/airflow/example_dags/example_subdag_operator.py
[2026-05-29T19:23:37.236+0000] {processor.py:830} INFO - Processing file /home/airflow/.local/lib/python3.8/site-packages/airflow/example_dags/example_subdag_operator.py for tasks to queue
[2026-05-29T19:23:37.238+0000] {logging_mixin.py:188} INFO - [2026-05-29T19:23:37.237+0000] {dagbag.py:540} INFO - Filling up the DagBag from /home/airflow/.local/lib/python3.8/site-packages/airflow/example_dags/example_subdag_operator.py
[2026-05-29T19:23:37.260+0000] {processor.py:840} INFO - DAG(s) 'example_subdag_operator.section-1', 'example_subdag_operator.section-2', 'example_subdag_operator' retrieved from /home/airflow/.local/lib/python3.8/site-packages/airflow/example_dags/example_subdag_operator.py
[2026-05-29T19:23:37.272+0000] {logging_mixin.py:188} INFO - [2026-05-29T19:23:37.272+0000] {dag.py:3047} INFO - Sync 3 DAGs
[2026-05-29T19:23:37.289+0000] {logging_mixin.py:188} INFO - [2026-05-29T19:23:37.289+0000] {dag.py:3834} INFO - Setting next_dagrun for example_subdag_operator to 2022-01-01 00:00:00+00:00, run_after=2022-01-01 00:00:00+00:00
[2026-05-29T19:23:37.292+0000] {logging_mixin.py:188} INFO - [2026-05-29T19:23:37.292+0000] {dag.py:3834} INFO - Setting next_dagrun for example_subdag_operator.section-1 to None, run_after=None
[2026-05-29T19:23:37.293+0000] {logging_mixin.py:188} INFO - [2026-05-29T19:23:37.293+0000] {dag.py:3834} INFO - Setting next_dagrun for example_subdag_operator.section-2 to None, run_after=None
[2026-05-29T19:23:37.302+0000] {logging_mixin.py:188} INFO - [2026-05-29T19:23:37.301+0000] {dag.py:3047} INFO - Sync 2 DAGs
[2026-05-29T19:23:37.306+0000] {logging_mixin.py:188} INFO - [2026-05-29T19:23:37.306+0000] {dag.py:3834} INFO - Setting next_dagrun for example_subdag_operator.section-1 to None, run_after=None
[2026-05-29T19:23:37.307+0000] {logging_mixin.py:188} INFO - [2026-05-29T19:23:37.307+0000] {dag.py:3834} INFO - Setting next_dagrun for example_subdag_operator.section-2 to None, run_after=None
[2026-05-29T19:23:37.321+0000] {processor.py:183} INFO - Processing /home/airflow/.local/lib/python3.8/site-packages/airflow/example_dags/example_subdag_operator.py took 0.089 seconds
[2026-05-29T19:24:07.387+0000] {processor.py:161} INFO - Started process (PID=946) to work on /home/airflow/.local/lib/python3.8/site-packages/airflow/example_dags/example_subdag_operator.py
[2026-05-29T19:24:07.388+0000] {processor.py:830} INFO - Processing file /home/airflow/.local/lib/python3.8/site-packages/airflow/example_dags/example_subdag_operator.py for tasks to queue
[2026-05-29T19:24:07.391+0000] {logging_mixin.py:188} INFO - [2026-05-29T19:24:07.390+0000] {dagbag.py:540} INFO - Filling up the DagBag from /home/airflow/.local/lib/python3.8/site-packages/airflow/example_dags/example_subdag_operator.py
[2026-05-29T19:24:07.413+0000] {processor.py:840} INFO - DAG(s) 'example_subdag_operator.section-1', 'example_subdag_operator.section-2', 'example_subdag_operator' retrieved from /home/airflow/.local/lib/python3.8/site-packages/airflow/example_dags/example_subdag_operator.py
[2026-05-29T19:24:07.425+0000] {logging_mixin.py:188} INFO - [2026-05-29T19:24:07.424+0000] {dag.py:3047} INFO - Sync 3 DAGs
[2026-05-29T19:24:07.443+0000] {logging_mixin.py:188} INFO - [2026-05-29T19:24:07.442+0000] {dag.py:3834} INFO - Setting next_dagrun for example_subdag_operator to 2022-01-01 00:00:00+00:00, run_after=2022-01-01 00:00:00+00:00
[2026-05-29T19:24:07.447+0000] {logging_mixin.py:188} INFO - [2026-05-29T19:24:07.446+0000] {dag.py:3834} INFO - Setting next_dagrun for example_subdag_operator.section-1 to None, run_after=None
[2026-05-29T19:24:07.449+0000] {logging_mixin.py:188} INFO - [2026-05-29T19:24:07.448+0000] {dag.py:3834} INFO - Setting next_dagrun for example_subdag_operator.section-2 to None, run_after=None
[2026-05-29T19:24:07.455+0000] {logging_mixin.py:188} INFO - [2026-05-29T19:24:07.455+0000] {dag.py:3047} INFO - Sync 2 DAGs
[2026-05-29T19:24:07.459+0000] {logging_mixin.py:188} INFO - [2026-05-29T19:24:07.459+0000] {dag.py:3834} INFO - Setting next_dagrun for example_subdag_operator.section-1 to None, run_after=None
[2026-05-29T19:24:07.460+0000] {logging_mixin.py:188} INFO - [2026-05-29T19:24:07.459+0000] {dag.py:3834} INFO - Setting next_dagrun for example_subdag_operator.section-2 to None, run_after=None
[2026-05-29T19:24:07.471+0000] {processor.py:183} INFO - Processing /home/airflow/.local/lib/python3.8/site-packages/airflow/example_dags/example_subdag_operator.py took 0.087 seconds
[2026-05-29T19:24:37.849+0000] {processor.py:161} INFO - Started process (PID=1001) to work on /home/airflow/.local/lib/python3.8/site-packages/airflow/example_dags/example_subdag_operator.py
[2026-05-29T19:24:37.850+0000] {processor.py:830} INFO - Processing file /home/airflow/.local/lib/python3.8/site-packages/airflow/example_dags/example_subdag_operator.py for tasks to queue
[2026-05-29T19:24:37.853+0000] {logging_mixin.py:188} INFO - [2026-05-29T19:24:37.853+0000] {dagbag.py:540} INFO - Filling up the DagBag from /home/airflow/.local/lib/python3.8/site-packages/airflow/example_dags/example_subdag_operator.py
[2026-05-29T19:24:37.879+0000] {processor.py:840} INFO - DAG(s) 'example_subdag_operator.section-1', 'example_subdag_operator.section-2', 'example_subdag_operator' retrieved from /home/airflow/.local/lib/python3.8/site-packages/airflow/example_dags/example_subdag_operator.py
[2026-05-29T19:24:37.893+0000] {logging_mixin.py:188} INFO - [2026-05-29T19:24:37.893+0000] {dag.py:3047} INFO - Sync 3 DAGs
[2026-05-29T19:24:37.912+0000] {logging_mixin.py:188} INFO - [2026-05-29T19:24:37.912+0000] {dag.py:3834} INFO - Setting next_dagrun for example_subdag_operator to 2022-01-01 00:00:00+00:00, run_after=2022-01-01 00:00:00+00:00
[2026-05-29T19:24:37.917+0000] {logging_mixin.py:188} INFO - [2026-05-29T19:24:37.916+0000] {dag.py:3834} INFO - Setting next_dagrun for example_subdag_operator.section-1 to None, run_after=None
[2026-05-29T19:24:37.919+0000] {logging_mixin.py:188} INFO - [2026-05-29T19:24:37.919+0000] {dag.py:3834} INFO - Setting next_dagrun for example_subdag_operator.section-2 to None, run_after=None
[2026-05-29T19:24:37.929+0000] {logging_mixin.py:188} INFO - [2026-05-29T19:24:37.928+0000] {dag.py:3047} INFO - Sync 2 DAGs
[2026-05-29T19:24:37.933+0000] {logging_mixin.py:188} INFO - [2026-05-29T19:24:37.933+0000] {dag.py:3834} INFO - Setting next_dagrun for example_subdag_operator.section-1 to None, run_after=None
[2026-05-29T19:24:37.934+0000] {logging_mixin.py:188} INFO - [2026-05-29T19:24:37.934+0000] {dag.py:3834} INFO - Setting next_dagrun for example_subdag_operator.section-2 to None, run_after=None
[2026-05-29T19:24:37.944+0000] {processor.py:183} INFO - Processing /home/airflow/.local/lib/python3.8/site-packages/airflow/example_dags/example_subdag_operator.py took 0.099 seconds
[2026-05-29T19:25:08.288+0000] {processor.py:161} INFO - Started process (PID=1057) to work on /home/airflow/.local/lib/python3.8/site-packages/airflow/example_dags/example_subdag_operator.py
[2026-05-29T19:25:08.289+0000] {processor.py:830} INFO - Processing file /home/airflow/.local/lib/python3.8/site-packages/airflow/example_dags/example_subdag_operator.py for tasks to queue
[2026-05-29T19:25:08.291+0000] {logging_mixin.py:188} INFO - [2026-05-29T19:25:08.291+0000] {dagbag.py:540} INFO - Filling up the DagBag from /home/airflow/.local/lib/python3.8/site-packages/airflow/example_dags/example_subdag_operator.py
[2026-05-29T19:25:08.310+0000] {processor.py:840} INFO - DAG(s) 'example_subdag_operator.section-1', 'example_subdag_operator.section-2', 'example_subdag_operator' retrieved from /home/airflow/.local/lib/python3.8/site-packages/airflow/example_dags/example_subdag_operator.py
[2026-05-29T19:25:08.321+0000] {logging_mixin.py:188} INFO - [2026-05-29T19:25:08.321+0000] {dag.py:3047} INFO - Sync 3 DAGs
[2026-05-29T19:25:08.336+0000] {logging_mixin.py:188} INFO - [2026-05-29T19:25:08.336+0000] {dag.py:3834} INFO - Setting next_dagrun for example_subdag_operator to 2022-01-01 00:00:00+00:00, run_after=2022-01-01 00:00:00+00:00
[2026-05-29T19:25:08.339+0000] {logging_mixin.py:188} INFO - [2026-05-29T19:25:08.339+0000] {dag.py:3834} INFO - Setting next_dagrun for example_subdag_operator.section-1 to None, run_after=None
[2026-05-29T19:25:08.341+0000] {logging_mixin.py:188} INFO - [2026-05-29T19:25:08.341+0000] {dag.py:3834} INFO - Setting next_dagrun for example_subdag_operator.section-2 to None, run_after=None
[2026-05-29T19:25:08.346+0000] {logging_mixin.py:188} INFO - [2026-05-29T19:25:08.346+0000] {dag.py:3047} INFO - Sync 2 DAGs
[2026-05-29T19:25:08.350+0000] {logging_mixin.py:188} INFO - [2026-05-29T19:25:08.350+0000] {dag.py:3834} INFO - Setting next_dagrun for example_subdag_operator.section-1 to None, run_after=None
[2026-05-29T19:25:08.351+0000] {logging_mixin.py:188} INFO - [2026-05-29T19:25:08.350+0000] {dag.py:3834} INFO - Setting next_dagrun for example_subdag_operator.section-2 to None, run_after=None
[2026-05-29T19:25:08.358+0000] {processor.py:183} INFO - Processing /home/airflow/.local/lib/python3.8/site-packages/airflow/example_dags/example_subdag_operator.py took 0.074 seconds
[2026-05-29T19:25:38.729+0000] {processor.py:161} INFO - Started process (PID=1111) to work on /home/airflow/.local/lib/python3.8/site-packages/airflow/example_dags/example_subdag_operator.py
[2026-05-29T19:25:38.730+0000] {processor.py:830} INFO - Processing file /home/airflow/.local/lib/python3.8/site-packages/airflow/example_dags/example_subdag_operator.py for tasks to queue
[2026-05-29T19:25:38.733+0000] {logging_mixin.py:188} INFO - [2026-05-29T19:25:38.733+0000] {dagbag.py:540} INFO - Filling up the DagBag from /home/airflow/.local/lib/python3.8/site-packages/airflow/example_dags/example_subdag_operator.py
[2026-05-29T19:25:38.769+0000] {processor.py:840} INFO - DAG(s) 'example_subdag_operator.section-1', 'example_subdag_operator.section-2', 'example_subdag_operator' retrieved from /home/airflow/.local/lib/python3.8/site-packages/airflow/example_dags/example_subdag_operator.py
[2026-05-29T19:25:38.783+0000] {logging_mixin.py:188} INFO - [2026-05-29T19:25:38.782+0000] {dag.py:3047} INFO - Sync 3 DAGs
[2026-05-29T19:25:38.810+0000] {logging_mixin.py:188} INFO - [2026-05-29T19:25:38.808+0000] {dag.py:3834} INFO - Setting next_dagrun for example_subdag_operator to 2022-01-01 00:00:00+00:00, run_after=2022-01-01 00:00:00+00:00
[2026-05-29T19:25:38.815+0000] {logging_mixin.py:188} INFO - [2026-05-29T19:25:38.815+0000] {dag.py:3834} INFO - Setting next_dagrun for example_subdag_operator.section-1 to None, run_after=None
[2026-05-29T19:25:38.818+0000] {logging_mixin.py:188} INFO - [2026-05-29T19:25:38.818+0000] {dag.py:3834} INFO - Setting next_dagrun for example_subdag_operator.section-2 to None, run_after=None
[2026-05-29T19:25:38.824+0000] {logging_mixin.py:188} INFO - [2026-05-29T19:25:38.824+0000] {dag.py:3047} INFO - Sync 2 DAGs
[2026-05-29T19:25:38.830+0000] {logging_mixin.py:188} INFO - [2026-05-29T19:25:38.830+0000] {dag.py:3834} INFO - Setting next_dagrun for example_subdag_operator.section-1 to None, run_after=None
[2026-05-29T19:25:38.831+0000] {logging_mixin.py:188} INFO - [2026-05-29T19:25:38.831+0000] {dag.py:3834} INFO - Setting next_dagrun for example_subdag_operator.section-2 to None, run_after=None
[2026-05-29T19:25:38.846+0000] {processor.py:183} INFO - Processing /home/airflow/.local/lib/python3.8/site-packages/airflow/example_dags/example_subdag_operator.py took 0.121 seconds
[2026-05-29T19:26:08.980+0000] {processor.py:161} INFO - Started process (PID=1166) to work on /home/airflow/.local/lib/python3.8/site-packages/airflow/example_dags/example_subdag_operator.py
[2026-05-29T19:26:08.981+0000] {processor.py:830} INFO - Processing file /home/airflow/.local/lib/python3.8/site-packages/airflow/example_dags/example_subdag_operator.py for tasks to queue
[2026-05-29T19:26:08.983+0000] {logging_mixin.py:188} INFO - [2026-05-29T19:26:08.983+0000] {dagbag.py:540} INFO - Filling up the DagBag from /home/airflow/.local/lib/python3.8/site-packages/airflow/example_dags/example_subdag_operator.py
[2026-05-29T19:26:09.004+0000] {processor.py:840} INFO - DAG(s) 'example_subdag_operator.section-1', 'example_subdag_operator.section-2', 'example_subdag_operator' retrieved from /home/airflow/.local/lib/python3.8/site-packages/airflow/example_dags/example_subdag_operator.py
[2026-05-29T19:26:09.018+0000] {logging_mixin.py:188} INFO - [2026-05-29T19:26:09.018+0000] {dag.py:3047} INFO - Sync 3 DAGs
[2026-05-29T19:26:09.037+0000] {logging_mixin.py:188} INFO - [2026-05-29T19:26:09.036+0000] {dag.py:3834} INFO - Setting next_dagrun for example_subdag_operator to 2022-01-01 00:00:00+00:00, run_after=2022-01-01 00:00:00+00:00
[2026-05-29T19:26:09.041+0000] {logging_mixin.py:188} INFO - [2026-05-29T19:26:09.040+0000] {dag.py:3834} INFO - Setting next_dagrun for example_subdag_operator.section-1 to None, run_after=None
[2026-05-29T19:26:09.043+0000] {logging_mixin.py:188} INFO - [2026-05-29T19:26:09.042+0000] {dag.py:3834} INFO - Setting next_dagrun for example_subdag_operator.section-2 to None, run_after=None
[2026-05-29T19:26:09.049+0000] {logging_mixin.py:188} INFO - [2026-05-29T19:26:09.049+0000] {dag.py:3047} INFO - Sync 2 DAGs
[2026-05-29T19:26:09.054+0000] {logging_mixin.py:188} INFO - [2026-05-29T19:26:09.054+0000] {dag.py:3834} INFO - Setting next_dagrun for example_subdag_operator.section-1 to None, run_after=None
[2026-05-29T19:26:09.055+0000] {logging_mixin.py:188} INFO - [2026-05-29T19:26:09.055+0000] {dag.py:3834} INFO - Setting next_dagrun for example_subdag_operator.section-2 to None, run_after=None
[2026-05-29T19:26:09.067+0000] {processor.py:183} INFO - Processing /home/airflow/.local/lib/python3.8/site-packages/airflow/example_dags/example_subdag_operator.py took 0.090 seconds
[2026-05-29T19:26:39.273+0000] {processor.py:161} INFO - Started process (PID=1221) to work on /home/airflow/.local/lib/python3.8/site-packages/airflow/example_dags/example_subdag_operator.py
[2026-05-29T19:26:39.274+0000] {processor.py:830} INFO - Processing file /home/airflow/.local/lib/python3.8/site-packages/airflow/example_dags/example_subdag_operator.py for tasks to queue
[2026-05-29T19:26:39.276+0000] {logging_mixin.py:188} INFO - [2026-05-29T19:26:39.276+0000] {dagbag.py:540} INFO - Filling up the DagBag from /home/airflow/.local/lib/python3.8/site-packages/airflow/example_dags/example_subdag_operator.py
[2026-05-29T19:26:39.301+0000] {processor.py:840} INFO - DAG(s) 'example_subdag_operator.section-1', 'example_subdag_operator.section-2', 'example_subdag_operator' retrieved from /home/airflow/.local/lib/python3.8/site-packages/airflow/example_dags/example_subdag_operator.py
[2026-05-29T19:26:39.316+0000] {logging_mixin.py:188} INFO - [2026-05-29T19:26:39.316+0000] {dag.py:3047} INFO - Sync 3 DAGs
[2026-05-29T19:26:39.339+0000] {logging_mixin.py:188} INFO - [2026-05-29T19:26:39.339+0000] {dag.py:3834} INFO - Setting next_dagrun for example_subdag_operator to 2022-01-01 00:00:00+00:00, run_after=2022-01-01 00:00:00+00:00
[2026-05-29T19:26:39.344+0000] {logging_mixin.py:188} INFO - [2026-05-29T19:26:39.343+0000] {dag.py:3834} INFO - Setting next_dagrun for example_subdag_operator.section-1 to None, run_after=None
[2026-05-29T19:26:39.347+0000] {logging_mixin.py:188} INFO - [2026-05-29T19:26:39.347+0000] {dag.py:3834} INFO - Setting next_dagrun for example_subdag_operator.section-2 to None, run_after=None
[2026-05-29T19:26:39.357+0000] {logging_mixin.py:188} INFO - [2026-05-29T19:26:39.357+0000] {dag.py:3047} INFO - Sync 2 DAGs
[2026-05-29T19:26:39.364+0000] {logging_mixin.py:188} INFO - [2026-05-29T19:26:39.363+0000] {dag.py:3834} INFO - Setting next_dagrun for example_subdag_operator.section-1 to None, run_after=None
[2026-05-29T19:26:39.365+0000] {logging_mixin.py:188} INFO - [2026-05-29T19:26:39.365+0000] {dag.py:3834} INFO - Setting next_dagrun for example_subdag_operator.section-2 to None, run_after=None
[2026-05-29T19:26:39.381+0000] {processor.py:183} INFO - Processing /home/airflow/.local/lib/python3.8/site-packages/airflow/example_dags/example_subdag_operator.py took 0.111 seconds
[2026-05-29T19:27:09.420+0000] {processor.py:161} INFO - Started process (PID=1276) to work on /home/airflow/.local/lib/python3.8/site-packages/airflow/example_dags/example_subdag_operator.py
[2026-05-29T19:27:09.422+0000] {processor.py:830} INFO - Processing file /home/airflow/.local/lib/python3.8/site-packages/airflow/example_dags/example_subdag_operator.py for tasks to queue
[2026-05-29T19:27:09.423+0000] {logging_mixin.py:188} INFO - [2026-05-29T19:27:09.423+0000] {dagbag.py:540} INFO - Filling up the DagBag from /home/airflow/.local/lib/python3.8/site-packages/airflow/example_dags/example_subdag_operator.py
[2026-05-29T19:27:09.446+0000] {processor.py:840} INFO - DAG(s) 'example_subdag_operator.section-1', 'example_subdag_operator.section-2', 'example_subdag_operator' retrieved from /home/airflow/.local/lib/python3.8/site-packages/airflow/example_dags/example_subdag_operator.py
[2026-05-29T19:27:09.460+0000] {logging_mixin.py:188} INFO - [2026-05-29T19:27:09.460+0000] {dag.py:3047} INFO - Sync 3 DAGs
[2026-05-29T19:27:09.478+0000] {logging_mixin.py:188} INFO - [2026-05-29T19:27:09.477+0000] {dag.py:3834} INFO - Setting next_dagrun for example_subdag_operator to 2022-01-01 00:00:00+00:00, run_after=2022-01-01 00:00:00+00:00
[2026-05-29T19:27:09.481+0000] {logging_mixin.py:188} INFO - [2026-05-29T19:27:09.481+0000] {dag.py:3834} INFO - Setting next_dagrun for example_subdag_operator.section-1 to None, run_after=None
[2026-05-29T19:27:09.483+0000] {logging_mixin.py:188} INFO - [2026-05-29T19:27:09.482+0000] {dag.py:3834} INFO - Setting next_dagrun for example_subdag_operator.section-2 to None, run_after=None
[2026-05-29T19:27:09.489+0000] {logging_mixin.py:188} INFO - [2026-05-29T19:27:09.489+0000] {dag.py:3047} INFO - Sync 2 DAGs
[2026-05-29T19:27:09.493+0000] {logging_mixin.py:188} INFO - [2026-05-29T19:27:09.493+0000] {dag.py:3834} INFO - Setting next_dagrun for example_subdag_operator.section-1 to None, run_after=None
[2026-05-29T19:27:09.494+0000] {logging_mixin.py:188} INFO - [2026-05-29T19:27:09.494+0000] {dag.py:3834} INFO - Setting next_dagrun for example_subdag_operator.section-2 to None, run_after=None
[2026-05-29T19:27:09.508+0000] {processor.py:183} INFO - Processing /home/airflow/.local/lib/python3.8/site-packages/airflow/example_dags/example_subdag_operator.py took 0.090 seconds
[2026-05-29T19:27:40.103+0000] {processor.py:161} INFO - Started process (PID=1331) to work on /home/airflow/.local/lib/python3.8/site-packages/airflow/example_dags/example_subdag_operator.py
[2026-05-29T19:27:40.105+0000] {processor.py:830} INFO - Processing file /home/airflow/.local/lib/python3.8/site-packages/airflow/example_dags/example_subdag_operator.py for tasks to queue
[2026-05-29T19:27:40.107+0000] {logging_mixin.py:188} INFO - [2026-05-29T19:27:40.106+0000] {dagbag.py:540} INFO - Filling up the DagBag from /home/airflow/.local/lib/python3.8/site-packages/airflow/example_dags/example_subdag_operator.py
[2026-05-29T19:27:40.130+0000] {processor.py:840} INFO - DAG(s) 'example_subdag_operator.section-1', 'example_subdag_operator.section-2', 'example_subdag_operator' retrieved from /home/airflow/.local/lib/python3.8/site-packages/airflow/example_dags/example_subdag_operator.py
[2026-05-29T19:27:40.143+0000] {logging_mixin.py:188} INFO - [2026-05-29T19:27:40.143+0000] {dag.py:3047} INFO - Sync 3 DAGs
[2026-05-29T19:27:40.162+0000] {logging_mixin.py:188} INFO - [2026-05-29T19:27:40.162+0000] {dag.py:3834} INFO - Setting next_dagrun for example_subdag_operator to 2022-01-01 00:00:00+00:00, run_after=2022-01-01 00:00:00+00:00
[2026-05-29T19:27:40.167+0000] {logging_mixin.py:188} INFO - [2026-05-29T19:27:40.167+0000] {dag.py:3834} INFO - Setting next_dagrun for example_subdag_operator.section-1 to None, run_after=None
[2026-05-29T19:27:40.170+0000] {logging_mixin.py:188} INFO - [2026-05-29T19:27:40.169+0000] {dag.py:3834} INFO - Setting next_dagrun for example_subdag_operator.section-2 to None, run_after=None
[2026-05-29T19:27:40.177+0000] {logging_mixin.py:188} INFO - [2026-05-29T19:27:40.177+0000] {dag.py:3047} INFO - Sync 2 DAGs
[2026-05-29T19:27:40.183+0000] {logging_mixin.py:188} INFO - [2026-05-29T19:27:40.183+0000] {dag.py:3834} INFO - Setting next_dagrun for example_subdag_operator.section-1 to None, run_after=None
[2026-05-29T19:27:40.184+0000] {logging_mixin.py:188} INFO - [2026-05-29T19:27:40.184+0000] {dag.py:3834} INFO - Setting next_dagrun for example_subdag_operator.section-2 to None, run_after=None
[2026-05-29T19:27:40.197+0000] {processor.py:183} INFO - Processing /home/airflow/.local/lib/python3.8/site-packages/airflow/example_dags/example_subdag_operator.py took 0.097 seconds
[2026-05-29T19:28:10.287+0000] {processor.py:161} INFO - Started process (PID=1386) to work on /home/airflow/.local/lib/python3.8/site-packages/airflow/example_dags/example_subdag_operator.py
[2026-05-29T19:28:10.288+0000] {processor.py:830} INFO - Processing file /home/airflow/.local/lib/python3.8/site-packages/airflow/example_dags/example_subdag_operator.py for tasks to queue
[2026-05-29T19:28:10.290+0000] {logging_mixin.py:188} INFO - [2026-05-29T19:28:10.290+0000] {dagbag.py:540} INFO - Filling up the DagBag from /home/airflow/.local/lib/python3.8/site-packages/airflow/example_dags/example_subdag_operator.py
[2026-05-29T19:28:10.313+0000] {processor.py:840} INFO - DAG(s) 'example_subdag_operator.section-1', 'example_subdag_operator.section-2', 'example_subdag_operator' retrieved from /home/airflow/.local/lib/python3.8/site-packages/airflow/example_dags/example_subdag_operator.py
[2026-05-29T19:28:10.326+0000] {logging_mixin.py:188} INFO - [2026-05-29T19:28:10.326+0000] {dag.py:3047} INFO - Sync 3 DAGs
[2026-05-29T19:28:10.345+0000] {logging_mixin.py:188} INFO - [2026-05-29T19:28:10.345+0000] {dag.py:3834} INFO - Setting next_dagrun for example_subdag_operator to 2022-01-01 00:00:00+00:00, run_after=2022-01-01 00:00:00+00:00
[2026-05-29T19:28:10.349+0000] {logging_mixin.py:188} INFO - [2026-05-29T19:28:10.349+0000] {dag.py:3834} INFO - Setting next_dagrun for example_subdag_operator.section-1 to None, run_after=None
[2026-05-29T19:28:10.351+0000] {logging_mixin.py:188} INFO - [2026-05-29T19:28:10.351+0000] {dag.py:3834} INFO - Setting next_dagrun for example_subdag_operator.section-2 to None, run_after=None
[2026-05-29T19:28:10.364+0000] {logging_mixin.py:188} INFO - [2026-05-29T19:28:10.363+0000] {dag.py:3047} INFO - Sync 2 DAGs
[2026-05-29T19:28:10.375+0000] {logging_mixin.py:188} INFO - [2026-05-29T19:28:10.374+0000] {dag.py:3834} INFO - Setting next_dagrun for example_subdag_operator.section-1 to None, run_after=None
[2026-05-29T19:28:10.377+0000] {logging_mixin.py:188} INFO - [2026-05-29T19:28:10.376+0000] {dag.py:3834} INFO - Setting next_dagrun for example_subdag_operator.section-2 to None, run_after=None
[2026-05-29T19:28:10.409+0000] {processor.py:183} INFO - Processing /home/airflow/.local/lib/python3.8/site-packages/airflow/example_dags/example_subdag_operator.py took 0.126 seconds
[2026-05-29T19:28:40.753+0000] {processor.py:161} INFO - Started process (PID=1440) to work on /home/airflow/.local/lib/python3.8/site-packages/airflow/example_dags/example_subdag_operator.py
[2026-05-29T19:28:40.755+0000] {processor.py:830} INFO - Processing file /home/airflow/.local/lib/python3.8/site-packages/airflow/example_dags/example_subdag_operator.py for tasks to queue
[2026-05-29T19:28:40.757+0000] {logging_mixin.py:188} INFO - [2026-05-29T19:28:40.756+0000] {dagbag.py:540} INFO - Filling up the DagBag from /home/airflow/.local/lib/python3.8/site-packages/airflow/example_dags/example_subdag_operator.py
[2026-05-29T19:28:40.780+0000] {processor.py:840} INFO - DAG(s) 'example_subdag_operator.section-1', 'example_subdag_operator.section-2', 'example_subdag_operator' retrieved from /home/airflow/.local/lib/python3.8/site-packages/airflow/example_dags/example_subdag_operator.py
[2026-05-29T19:28:40.793+0000] {logging_mixin.py:188} INFO - [2026-05-29T19:28:40.793+0000] {dag.py:3047} INFO - Sync 3 DAGs
[2026-05-29T19:28:40.810+0000] {logging_mixin.py:188} INFO - [2026-05-29T19:28:40.810+0000] {dag.py:3834} INFO - Setting next_dagrun for example_subdag_operator to 2022-01-01 00:00:00+00:00, run_after=2022-01-01 00:00:00+00:00
[2026-05-29T19:28:40.814+0000] {logging_mixin.py:188} INFO - [2026-05-29T19:28:40.814+0000] {dag.py:3834} INFO - Setting next_dagrun for example_subdag_operator.section-1 to None, run_after=None
[2026-05-29T19:28:40.816+0000] {logging_mixin.py:188} INFO - [2026-05-29T19:28:40.816+0000] {dag.py:3834} INFO - Setting next_dagrun for example_subdag_operator.section-2 to None, run_after=None
[2026-05-29T19:28:40.823+0000] {logging_mixin.py:188} INFO - [2026-05-29T19:28:40.822+0000] {dag.py:3047} INFO - Sync 2 DAGs
[2026-05-29T19:28:40.827+0000] {logging_mixin.py:188} INFO - [2026-05-29T19:28:40.827+0000] {dag.py:3834} INFO - Setting next_dagrun for example_subdag_operator.section-1 to None, run_after=None
[2026-05-29T19:28:40.828+0000] {logging_mixin.py:188} INFO - [2026-05-29T19:28:40.828+0000] {dag.py:3834} INFO - Setting next_dagrun for example_subdag_operator.section-2 to None, run_after=None
[2026-05-29T19:28:40.843+0000] {processor.py:183} INFO - Processing /home/airflow/.local/lib/python3.8/site-packages/airflow/example_dags/example_subdag_operator.py took 0.092 seconds
[2026-05-29T19:29:11.338+0000] {processor.py:161} INFO - Started process (PID=1495) to work on /home/airflow/.local/lib/python3.8/site-packages/airflow/example_dags/example_subdag_operator.py
[2026-05-29T19:29:11.340+0000] {processor.py:830} INFO - Processing file /home/airflow/.local/lib/python3.8/site-packages/airflow/example_dags/example_subdag_operator.py for tasks to queue
[2026-05-29T19:29:11.342+0000] {logging_mixin.py:188} INFO - [2026-05-29T19:29:11.342+0000] {dagbag.py:540} INFO - Filling up the DagBag from /home/airflow/.local/lib/python3.8/site-packages/airflow/example_dags/example_subdag_operator.py
[2026-05-29T19:29:11.365+0000] {processor.py:840} INFO - DAG(s) 'example_subdag_operator.section-1', 'example_subdag_operator.section-2', 'example_subdag_operator' retrieved from /home/airflow/.local/lib/python3.8/site-packages/airflow/example_dags/example_subdag_operator.py
[2026-05-29T19:29:11.378+0000] {logging_mixin.py:188} INFO - [2026-05-29T19:29:11.378+0000] {dag.py:3047} INFO - Sync 3 DAGs
[2026-05-29T19:29:11.396+0000] {logging_mixin.py:188} INFO - [2026-05-29T19:29:11.396+0000] {dag.py:3834} INFO - Setting next_dagrun for example_subdag_operator to 2022-01-01 00:00:00+00:00, run_after=2022-01-01 00:00:00+00:00
[2026-05-29T19:29:11.400+0000] {logging_mixin.py:188} INFO - [2026-05-29T19:29:11.400+0000] {dag.py:3834} INFO - Setting next_dagrun for example_subdag_operator.section-1 to None, run_after=None
[2026-05-29T19:29:11.402+0000] {logging_mixin.py:188} INFO - [2026-05-29T19:29:11.402+0000] {dag.py:3834} INFO - Setting next_dagrun for example_subdag_operator.section-2 to None, run_after=None
[2026-05-29T19:29:11.409+0000] {logging_mixin.py:188} INFO - [2026-05-29T19:29:11.409+0000] {dag.py:3047} INFO - Sync 2 DAGs
[2026-05-29T19:29:11.413+0000] {logging_mixin.py:188} INFO - [2026-05-29T19:29:11.413+0000] {dag.py:3834} INFO - Setting next_dagrun for example_subdag_operator.section-1 to None, run_after=None
[2026-05-29T19:29:11.415+0000] {logging_mixin.py:188} INFO - [2026-05-29T19:29:11.414+0000] {dag.py:3834} INFO - Setting next_dagrun for example_subdag_operator.section-2 to None, run_after=None
[2026-05-29T19:29:11.428+0000] {processor.py:183} INFO - Processing /home/airflow/.local/lib/python3.8/site-packages/airflow/example_dags/example_subdag_operator.py took 0.093 seconds
[2026-05-29T19:29:41.678+0000] {processor.py:161} INFO - Started process (PID=1550) to work on /home/airflow/.local/lib/python3.8/site-packages/airflow/example_dags/example_subdag_operator.py
[2026-05-29T19:29:41.680+0000] {processor.py:830} INFO - Processing file /home/airflow/.local/lib/python3.8/site-packages/airflow/example_dags/example_subdag_operator.py for tasks to queue
[2026-05-29T19:29:41.683+0000] {logging_mixin.py:188} INFO - [2026-05-29T19:29:41.682+0000] {dagbag.py:540} INFO - Filling up the DagBag from /home/airflow/.local/lib/python3.8/site-packages/airflow/example_dags/example_subdag_operator.py
[2026-05-29T19:29:41.713+0000] {processor.py:840} INFO - DAG(s) 'example_subdag_operator.section-1', 'example_subdag_operator.section-2', 'example_subdag_operator' retrieved from /home/airflow/.local/lib/python3.8/site-packages/airflow/example_dags/example_subdag_operator.py
[2026-05-29T19:29:41.726+0000] {logging_mixin.py:188} INFO - [2026-05-29T19:29:41.726+0000] {dag.py:3047} INFO - Sync 3 DAGs
[2026-05-29T19:29:41.747+0000] {logging_mixin.py:188} INFO - [2026-05-29T19:29:41.747+0000] {dag.py:3834} INFO - Setting next_dagrun for example_subdag_operator to 2022-01-01 00:00:00+00:00, run_after=2022-01-01 00:00:00+00:00
[2026-05-29T19:29:41.752+0000] {logging_mixin.py:188} INFO - [2026-05-29T19:29:41.752+0000] {dag.py:3834} INFO - Setting next_dagrun for example_subdag_operator.section-1 to None, run_after=None
[2026-05-29T19:29:41.755+0000] {logging_mixin.py:188} INFO - [2026-05-29T19:29:41.755+0000] {dag.py:3834} INFO - Setting next_dagrun for example_subdag_operator.section-2 to None, run_after=None
[2026-05-29T19:29:41.762+0000] {logging_mixin.py:188} INFO - [2026-05-29T19:29:41.762+0000] {dag.py:3047} INFO - Sync 2 DAGs
[2026-05-29T19:29:41.767+0000] {logging_mixin.py:188} INFO - [2026-05-29T19:29:41.767+0000] {dag.py:3834} INFO - Setting next_dagrun for example_subdag_operator.section-1 to None, run_after=None
[2026-05-29T19:29:41.769+0000] {logging_mixin.py:188} INFO - [2026-05-29T19:29:41.768+0000] {dag.py:3834} INFO - Setting next_dagrun for example_subdag_operator.section-2 to None, run_after=None
[2026-05-29T19:29:41.785+0000] {processor.py:183} INFO - Processing /home/airflow/.local/lib/python3.8/site-packages/airflow/example_dags/example_subdag_operator.py took 0.111 seconds
[2026-05-29T19:30:12.118+0000] {processor.py:161} INFO - Started process (PID=1605) to work on /home/airflow/.local/lib/python3.8/site-packages/airflow/example_dags/example_subdag_operator.py
[2026-05-29T19:30:12.120+0000] {processor.py:830} INFO - Processing file /home/airflow/.local/lib/python3.8/site-packages/airflow/example_dags/example_subdag_operator.py for tasks to queue
[2026-05-29T19:30:12.122+0000] {logging_mixin.py:188} INFO - [2026-05-29T19:30:12.121+0000] {dagbag.py:540} INFO - Filling up the DagBag from /home/airflow/.local/lib/python3.8/site-packages/airflow/example_dags/example_subdag_operator.py
[2026-05-29T19:30:12.143+0000] {processor.py:840} INFO - DAG(s) 'example_subdag_operator.section-1', 'example_subdag_operator.section-2', 'example_subdag_operator' retrieved from /home/airflow/.local/lib/python3.8/site-packages/airflow/example_dags/example_subdag_operator.py
[2026-05-29T19:30:12.155+0000] {logging_mixin.py:188} INFO - [2026-05-29T19:30:12.154+0000] {dag.py:3047} INFO - Sync 3 DAGs
[2026-05-29T19:30:12.173+0000] {logging_mixin.py:188} INFO - [2026-05-29T19:30:12.173+0000] {dag.py:3834} INFO - Setting next_dagrun for example_subdag_operator to 2022-01-01 00:00:00+00:00, run_after=2022-01-01 00:00:00+00:00
[2026-05-29T19:30:12.176+0000] {logging_mixin.py:188} INFO - [2026-05-29T19:30:12.176+0000] {dag.py:3834} INFO - Setting next_dagrun for example_subdag_operator.section-1 to None, run_after=None
[2026-05-29T19:30:12.178+0000] {logging_mixin.py:188} INFO - [2026-05-29T19:30:12.178+0000] {dag.py:3834} INFO - Setting next_dagrun for example_subdag_operator.section-2 to None, run_after=None
[2026-05-29T19:30:12.185+0000] {logging_mixin.py:188} INFO - [2026-05-29T19:30:12.185+0000] {dag.py:3047} INFO - Sync 2 DAGs
[2026-05-29T19:30:12.189+0000] {logging_mixin.py:188} INFO - [2026-05-29T19:30:12.189+0000] {dag.py:3834} INFO - Setting next_dagrun for example_subdag_operator.section-1 to None, run_after=None
[2026-05-29T19:30:12.190+0000] {logging_mixin.py:188} INFO - [2026-05-29T19:30:12.190+0000] {dag.py:3834} INFO - Setting next_dagrun for example_subdag_operator.section-2 to None, run_after=None
[2026-05-29T19:30:12.203+0000] {processor.py:183} INFO - Processing /home/airflow/.local/lib/python3.8/site-packages/airflow/example_dags/example_subdag_operator.py took 0.088 seconds
[2026-05-29T19:30:42.302+0000] {processor.py:161} INFO - Started process (PID=1660) to work on /home/airflow/.local/lib/python3.8/site-packages/airflow/example_dags/example_subdag_operator.py
[2026-05-29T19:30:42.303+0000] {processor.py:830} INFO - Processing file /home/airflow/.local/lib/python3.8/site-packages/airflow/example_dags/example_subdag_operator.py for tasks to queue
[2026-05-29T19:30:42.305+0000] {logging_mixin.py:188} INFO - [2026-05-29T19:30:42.305+0000] {dagbag.py:540} INFO - Filling up the DagBag from /home/airflow/.local/lib/python3.8/site-packages/airflow/example_dags/example_subdag_operator.py
[2026-05-29T19:30:42.334+0000] {processor.py:840} INFO - DAG(s) 'example_subdag_operator.section-1', 'example_subdag_operator.section-2', 'example_subdag_operator' retrieved from /home/airflow/.local/lib/python3.8/site-packages/airflow/example_dags/example_subdag_operator.py
[2026-05-29T19:30:42.347+0000] {logging_mixin.py:188} INFO - [2026-05-29T19:30:42.347+0000] {dag.py:3047} INFO - Sync 3 DAGs
[2026-05-29T19:30:42.374+0000] {logging_mixin.py:188} INFO - [2026-05-29T19:30:42.373+0000] {dag.py:3834} INFO - Setting next_dagrun for example_subdag_operator to 2022-01-01 00:00:00+00:00, run_after=2022-01-01 00:00:00+00:00
[2026-05-29T19:30:42.379+0000] {logging_mixin.py:188} INFO - [2026-05-29T19:30:42.379+0000] {dag.py:3834} INFO - Setting next_dagrun for example_subdag_operator.section-1 to None, run_after=None
[2026-05-29T19:30:42.382+0000] {logging_mixin.py:188} INFO - [2026-05-29T19:30:42.382+0000] {dag.py:3834} INFO - Setting next_dagrun for example_subdag_operator.section-2 to None, run_after=None
[2026-05-29T19:30:42.390+0000] {logging_mixin.py:188} INFO - [2026-05-29T19:30:42.390+0000] {dag.py:3047} INFO - Sync 2 DAGs
[2026-05-29T19:30:42.396+0000] {logging_mixin.py:188} INFO - [2026-05-29T19:30:42.396+0000] {dag.py:3834} INFO - Setting next_dagrun for example_subdag_operator.section-1 to None, run_after=None
[2026-05-29T19:30:42.397+0000] {logging_mixin.py:188} INFO - [2026-05-29T19:30:42.397+0000] {dag.py:3834} INFO - Setting next_dagrun for example_subdag_operator.section-2 to None, run_after=None
[2026-05-29T19:30:42.412+0000] {processor.py:183} INFO - Processing /home/airflow/.local/lib/python3.8/site-packages/airflow/example_dags/example_subdag_operator.py took 0.112 seconds
[2026-05-29T19:31:12.544+0000] {processor.py:161} INFO - Started process (PID=1715) to work on /home/airflow/.local/lib/python3.8/site-packages/airflow/example_dags/example_subdag_operator.py
[2026-05-29T19:31:12.546+0000] {processor.py:830} INFO - Processing file /home/airflow/.local/lib/python3.8/site-packages/airflow/example_dags/example_subdag_operator.py for tasks to queue
[2026-05-29T19:31:12.547+0000] {logging_mixin.py:188} INFO - [2026-05-29T19:31:12.547+0000] {dagbag.py:540} INFO - Filling up the DagBag from /home/airflow/.local/lib/python3.8/site-packages/airflow/example_dags/example_subdag_operator.py
[2026-05-29T19:31:12.571+0000] {processor.py:840} INFO - DAG(s) 'example_subdag_operator.section-1', 'example_subdag_operator.section-2', 'example_subdag_operator' retrieved from /home/airflow/.local/lib/python3.8/site-packages/airflow/example_dags/example_subdag_operator.py
[2026-05-29T19:31:12.583+0000] {logging_mixin.py:188} INFO - [2026-05-29T19:31:12.583+0000] {dag.py:3047} INFO - Sync 3 DAGs
[2026-05-29T19:31:12.601+0000] {logging_mixin.py:188} INFO - [2026-05-29T19:31:12.601+0000] {dag.py:3834} INFO - Setting next_dagrun for example_subdag_operator to 2022-01-01 00:00:00+00:00, run_after=2022-01-01 00:00:00+00:00
[2026-05-29T19:31:12.605+0000] {logging_mixin.py:188} INFO - [2026-05-29T19:31:12.605+0000] {dag.py:3834} INFO - Setting next_dagrun for example_subdag_operator.section-1 to None, run_after=None
[2026-05-29T19:31:12.607+0000] {logging_mixin.py:188} INFO - [2026-05-29T19:31:12.607+0000] {dag.py:3834} INFO - Setting next_dagrun for example_subdag_operator.section-2 to None, run_after=None
[2026-05-29T19:31:12.614+0000] {logging_mixin.py:188} INFO - [2026-05-29T19:31:12.614+0000] {dag.py:3047} INFO - Sync 2 DAGs
[2026-05-29T19:31:12.619+0000] {logging_mixin.py:188} INFO - [2026-05-29T19:31:12.619+0000] {dag.py:3834} INFO - Setting next_dagrun for example_subdag_operator.section-1 to None, run_after=None
[2026-05-29T19:31:12.620+0000] {logging_mixin.py:188} INFO - [2026-05-29T19:31:12.620+0000] {dag.py:3834} INFO - Setting next_dagrun for example_subdag_operator.section-2 to None, run_after=None
[2026-05-29T19:31:12.632+0000] {processor.py:183} INFO - Processing /home/airflow/.local/lib/python3.8/site-packages/airflow/example_dags/example_subdag_operator.py took 0.090 seconds
[2026-05-29T19:31:43.050+0000] {processor.py:161} INFO - Started process (PID=1770) to work on /home/airflow/.local/lib/python3.8/site-packages/airflow/example_dags/example_subdag_operator.py
[2026-05-29T19:31:43.052+0000] {processor.py:830} INFO - Processing file /home/airflow/.local/lib/python3.8/site-packages/airflow/example_dags/example_subdag_operator.py for tasks to queue
[2026-05-29T19:31:43.055+0000] {logging_mixin.py:188} INFO - [2026-05-29T19:31:43.055+0000] {dagbag.py:540} INFO - Filling up the DagBag from /home/airflow/.local/lib/python3.8/site-packages/airflow/example_dags/example_subdag_operator.py
[2026-05-29T19:31:43.087+0000] {processor.py:840} INFO - DAG(s) 'example_subdag_operator.section-1', 'example_subdag_operator.section-2', 'example_subdag_operator' retrieved from /home/airflow/.local/lib/python3.8/site-packages/airflow/example_dags/example_subdag_operator.py
[2026-05-29T19:31:43.104+0000] {logging_mixin.py:188} INFO - [2026-05-29T19:31:43.104+0000] {dag.py:3047} INFO - Sync 3 DAGs
[2026-05-29T19:31:43.135+0000] {logging_mixin.py:188} INFO - [2026-05-29T19:31:43.135+0000] {dag.py:3834} INFO - Setting next_dagrun for example_subdag_operator to 2022-01-01 00:00:00+00:00, run_after=2022-01-01 00:00:00+00:00
[2026-05-29T19:31:43.139+0000] {logging_mixin.py:188} INFO - [2026-05-29T19:31:43.139+0000] {dag.py:3834} INFO - Setting next_dagrun for example_subdag_operator.section-1 to None, run_after=None
[2026-05-29T19:31:43.141+0000] {logging_mixin.py:188} INFO - [2026-05-29T19:31:43.141+0000] {dag.py:3834} INFO - Setting next_dagrun for example_subdag_operator.section-2 to None, run_after=None
[2026-05-29T19:31:43.152+0000] {logging_mixin.py:188} INFO - [2026-05-29T19:31:43.152+0000] {dag.py:3047} INFO - Sync 2 DAGs
[2026-05-29T19:31:43.161+0000] {logging_mixin.py:188} INFO - [2026-05-29T19:31:43.161+0000] {dag.py:3834} INFO - Setting next_dagrun for example_subdag_operator.section-1 to None, run_after=None
[2026-05-29T19:31:43.163+0000] {logging_mixin.py:188} INFO - [2026-05-29T19:31:43.163+0000] {dag.py:3834} INFO - Setting next_dagrun for example_subdag_operator.section-2 to None, run_after=None
[2026-05-29T19:31:43.181+0000] {processor.py:183} INFO - Processing /home/airflow/.local/lib/python3.8/site-packages/airflow/example_dags/example_subdag_operator.py took 0.137 seconds
[2026-05-29T19:32:13.268+0000] {processor.py:161} INFO - Started process (PID=1825) to work on /home/airflow/.local/lib/python3.8/site-packages/airflow/example_dags/example_subdag_operator.py
[2026-05-29T19:32:13.269+0000] {processor.py:830} INFO - Processing file /home/airflow/.local/lib/python3.8/site-packages/airflow/example_dags/example_subdag_operator.py for tasks to queue
[2026-05-29T19:32:13.271+0000] {logging_mixin.py:188} INFO - [2026-05-29T19:32:13.271+0000] {dagbag.py:540} INFO - Filling up the DagBag from /home/airflow/.local/lib/python3.8/site-packages/airflow/example_dags/example_subdag_operator.py
[2026-05-29T19:32:13.291+0000] {processor.py:840} INFO - DAG(s) 'example_subdag_operator.section-1', 'example_subdag_operator.section-2', 'example_subdag_operator' retrieved from /home/airflow/.local/lib/python3.8/site-packages/airflow/example_dags/example_subdag_operator.py
[2026-05-29T19:32:13.301+0000] {logging_mixin.py:188} INFO - [2026-05-29T19:32:13.301+0000] {dag.py:3047} INFO - Sync 3 DAGs
[2026-05-29T19:32:13.316+0000] {logging_mixin.py:188} INFO - [2026-05-29T19:32:13.316+0000] {dag.py:3834} INFO - Setting next_dagrun for example_subdag_operator to 2022-01-01 00:00:00+00:00, run_after=2022-01-01 00:00:00+00:00
[2026-05-29T19:32:13.319+0000] {logging_mixin.py:188} INFO - [2026-05-29T19:32:13.319+0000] {dag.py:3834} INFO - Setting next_dagrun for example_subdag_operator.section-1 to None, run_after=None
[2026-05-29T19:32:13.320+0000] {logging_mixin.py:188} INFO - [2026-05-29T19:32:13.320+0000] {dag.py:3834} INFO - Setting next_dagrun for example_subdag_operator.section-2 to None, run_after=None
[2026-05-29T19:32:13.326+0000] {logging_mixin.py:188} INFO - [2026-05-29T19:32:13.326+0000] {dag.py:3047} INFO - Sync 2 DAGs
[2026-05-29T19:32:13.330+0000] {logging_mixin.py:188} INFO - [2026-05-29T19:32:13.330+0000] {dag.py:3834} INFO - Setting next_dagrun for example_subdag_operator.section-1 to None, run_after=None
[2026-05-29T19:32:13.331+0000] {logging_mixin.py:188} INFO - [2026-05-29T19:32:13.331+0000] {dag.py:3834} INFO - Setting next_dagrun for example_subdag_operator.section-2 to None, run_after=None
[2026-05-29T19:32:13.344+0000] {processor.py:183} INFO - Processing /home/airflow/.local/lib/python3.8/site-packages/airflow/example_dags/example_subdag_operator.py took 0.079 seconds
[2026-05-29T19:32:43.662+0000] {processor.py:161} INFO - Started process (PID=1881) to work on /home/airflow/.local/lib/python3.8/site-packages/airflow/example_dags/example_subdag_operator.py
[2026-05-29T19:32:43.663+0000] {processor.py:830} INFO - Processing file /home/airflow/.local/lib/python3.8/site-packages/airflow/example_dags/example_subdag_operator.py for tasks to queue
[2026-05-29T19:32:43.665+0000] {logging_mixin.py:188} INFO - [2026-05-29T19:32:43.665+0000] {dagbag.py:540} INFO - Filling up the DagBag from /home/airflow/.local/lib/python3.8/site-packages/airflow/example_dags/example_subdag_operator.py
[2026-05-29T19:32:43.686+0000] {processor.py:840} INFO - DAG(s) 'example_subdag_operator.section-1', 'example_subdag_operator.section-2', 'example_subdag_operator' retrieved from /home/airflow/.local/lib/python3.8/site-packages/airflow/example_dags/example_subdag_operator.py
[2026-05-29T19:32:43.708+0000] {logging_mixin.py:188} INFO - [2026-05-29T19:32:43.707+0000] {dag.py:3047} INFO - Sync 3 DAGs
[2026-05-29T19:32:43.737+0000] {logging_mixin.py:188} INFO - [2026-05-29T19:32:43.736+0000] {dag.py:3834} INFO - Setting next_dagrun for example_subdag_operator to 2022-01-01 00:00:00+00:00, run_after=2022-01-01 00:00:00+00:00
[2026-05-29T19:32:43.744+0000] {logging_mixin.py:188} INFO - [2026-05-29T19:32:43.744+0000] {dag.py:3834} INFO - Setting next_dagrun for example_subdag_operator.section-1 to None, run_after=None
[2026-05-29T19:32:43.747+0000] {logging_mixin.py:188} INFO - [2026-05-29T19:32:43.747+0000] {dag.py:3834} INFO - Setting next_dagrun for example_subdag_operator.section-2 to None, run_after=None
[2026-05-29T19:32:43.762+0000] {logging_mixin.py:188} INFO - [2026-05-29T19:32:43.761+0000] {dag.py:3047} INFO - Sync 2 DAGs
[2026-05-29T19:32:43.770+0000] {logging_mixin.py:188} INFO - [2026-05-29T19:32:43.770+0000] {dag.py:3834} INFO - Setting next_dagrun for example_subdag_operator.section-1 to None, run_after=None
[2026-05-29T19:32:43.771+0000] {logging_mixin.py:188} INFO - [2026-05-29T19:32:43.771+0000] {dag.py:3834} INFO - Setting next_dagrun for example_subdag_operator.section-2 to None, run_after=None
[2026-05-29T19:32:43.786+0000] {processor.py:183} INFO - Processing /home/airflow/.local/lib/python3.8/site-packages/airflow/example_dags/example_subdag_operator.py took 0.127 seconds
[2026-05-29T19:33:13.932+0000] {processor.py:161} INFO - Started process (PID=1936) to work on /home/airflow/.local/lib/python3.8/site-packages/airflow/example_dags/example_subdag_operator.py
[2026-05-29T19:33:13.934+0000] {processor.py:830} INFO - Processing file /home/airflow/.local/lib/python3.8/site-packages/airflow/example_dags/example_subdag_operator.py for tasks to queue
[2026-05-29T19:33:13.937+0000] {logging_mixin.py:188} INFO - [2026-05-29T19:33:13.936+0000] {dagbag.py:540} INFO - Filling up the DagBag from /home/airflow/.local/lib/python3.8/site-packages/airflow/example_dags/example_subdag_operator.py
[2026-05-29T19:33:13.960+0000] {processor.py:840} INFO - DAG(s) 'example_subdag_operator.section-1', 'example_subdag_operator.section-2', 'example_subdag_operator' retrieved from /home/airflow/.local/lib/python3.8/site-packages/airflow/example_dags/example_subdag_operator.py
[2026-05-29T19:33:13.975+0000] {logging_mixin.py:188} INFO - [2026-05-29T19:33:13.975+0000] {dag.py:3047} INFO - Sync 3 DAGs
[2026-05-29T19:33:13.995+0000] {logging_mixin.py:188} INFO - [2026-05-29T19:33:13.994+0000] {dag.py:3834} INFO - Setting next_dagrun for example_subdag_operator to 2022-01-01 00:00:00+00:00, run_after=2022-01-01 00:00:00+00:00
[2026-05-29T19:33:13.998+0000] {logging_mixin.py:188} INFO - [2026-05-29T19:33:13.998+0000] {dag.py:3834} INFO - Setting next_dagrun for example_subdag_operator.section-1 to None, run_after=None
[2026-05-29T19:33:14.001+0000] {logging_mixin.py:188} INFO - [2026-05-29T19:33:14.000+0000] {dag.py:3834} INFO - Setting next_dagrun for example_subdag_operator.section-2 to None, run_after=None
[2026-05-29T19:33:14.008+0000] {logging_mixin.py:188} INFO - [2026-05-29T19:33:14.008+0000] {dag.py:3047} INFO - Sync 2 DAGs
[2026-05-29T19:33:14.012+0000] {logging_mixin.py:188} INFO - [2026-05-29T19:33:14.012+0000] {dag.py:3834} INFO - Setting next_dagrun for example_subdag_operator.section-1 to None, run_after=None
[2026-05-29T19:33:14.013+0000] {logging_mixin.py:188} INFO - [2026-05-29T19:33:14.013+0000] {dag.py:3834} INFO - Setting next_dagrun for example_subdag_operator.section-2 to None, run_after=None
[2026-05-29T19:33:14.023+0000] {processor.py:183} INFO - Processing /home/airflow/.local/lib/python3.8/site-packages/airflow/example_dags/example_subdag_operator.py took 0.094 seconds
[2026-05-29T19:33:44.499+0000] {processor.py:161} INFO - Started process (PID=1991) to work on /home/airflow/.local/lib/python3.8/site-packages/airflow/example_dags/example_subdag_operator.py
[2026-05-29T19:33:44.500+0000] {processor.py:830} INFO - Processing file /home/airflow/.local/lib/python3.8/site-packages/airflow/example_dags/example_subdag_operator.py for tasks to queue
[2026-05-29T19:33:44.503+0000] {logging_mixin.py:188} INFO - [2026-05-29T19:33:44.502+0000] {dagbag.py:540} INFO - Filling up the DagBag from /home/airflow/.local/lib/python3.8/site-packages/airflow/example_dags/example_subdag_operator.py
[2026-05-29T19:33:44.533+0000] {processor.py:840} INFO - DAG(s) 'example_subdag_operator.section-1', 'example_subdag_operator.section-2', 'example_subdag_operator' retrieved from /home/airflow/.local/lib/python3.8/site-packages/airflow/example_dags/example_subdag_operator.py
[2026-05-29T19:33:44.549+0000] {logging_mixin.py:188} INFO - [2026-05-29T19:33:44.548+0000] {dag.py:3047} INFO - Sync 3 DAGs
[2026-05-29T19:33:44.572+0000] {logging_mixin.py:188} INFO - [2026-05-29T19:33:44.572+0000] {dag.py:3834} INFO - Setting next_dagrun for example_subdag_operator to 2022-01-01 00:00:00+00:00, run_after=2022-01-01 00:00:00+00:00
[2026-05-29T19:33:44.576+0000] {logging_mixin.py:188} INFO - [2026-05-29T19:33:44.576+0000] {dag.py:3834} INFO - Setting next_dagrun for example_subdag_operator.section-1 to None, run_after=None
[2026-05-29T19:33:44.578+0000] {logging_mixin.py:188} INFO - [2026-05-29T19:33:44.577+0000] {dag.py:3834} INFO - Setting next_dagrun for example_subdag_operator.section-2 to None, run_after=None
[2026-05-29T19:33:44.585+0000] {logging_mixin.py:188} INFO - [2026-05-29T19:33:44.584+0000] {dag.py:3047} INFO - Sync 2 DAGs
[2026-05-29T19:33:44.590+0000] {logging_mixin.py:188} INFO - [2026-05-29T19:33:44.590+0000] {dag.py:3834} INFO - Setting next_dagrun for example_subdag_operator.section-1 to None, run_after=None
[2026-05-29T19:33:44.591+0000] {logging_mixin.py:188} INFO - [2026-05-29T19:33:44.591+0000] {dag.py:3834} INFO - Setting next_dagrun for example_subdag_operator.section-2 to None, run_after=None
[2026-05-29T19:33:44.607+0000] {processor.py:183} INFO - Processing /home/airflow/.local/lib/python3.8/site-packages/airflow/example_dags/example_subdag_operator.py took 0.112 seconds
