[2026-05-29T19:16:06.861+0000] {processor.py:161} INFO - Started process (PID=88) to work on /home/airflow/.local/lib/python3.8/site-packages/airflow/example_dags/example_trigger_target_dag.py
[2026-05-29T19:16:06.864+0000] {processor.py:830} INFO - Processing file /home/airflow/.local/lib/python3.8/site-packages/airflow/example_dags/example_trigger_target_dag.py for tasks to queue
[2026-05-29T19:16:06.867+0000] {logging_mixin.py:188} INFO - [2026-05-29T19:16:06.866+0000] {dagbag.py:540} INFO - Filling up the DagBag from /home/airflow/.local/lib/python3.8/site-packages/airflow/example_dags/example_trigger_target_dag.py
[2026-05-29T19:16:06.877+0000] {processor.py:840} INFO - DAG(s) 'example_trigger_target_dag' retrieved from /home/airflow/.local/lib/python3.8/site-packages/airflow/example_dags/example_trigger_target_dag.py
[2026-05-29T19:16:06.926+0000] {logging_mixin.py:188} INFO - [2026-05-29T19:16:06.925+0000] {dag.py:3047} INFO - Sync 1 DAGs
[2026-05-29T19:16:06.945+0000] {logging_mixin.py:188} INFO - [2026-05-29T19:16:06.945+0000] {dag.py:3834} INFO - Setting next_dagrun for example_trigger_target_dag to None, run_after=None
[2026-05-29T19:16:06.979+0000] {processor.py:183} INFO - Processing /home/airflow/.local/lib/python3.8/site-packages/airflow/example_dags/example_trigger_target_dag.py took 0.124 seconds
[2026-05-29T19:16:37.437+0000] {processor.py:161} INFO - Started process (PID=143) to work on /home/airflow/.local/lib/python3.8/site-packages/airflow/example_dags/example_trigger_target_dag.py
[2026-05-29T19:16:37.438+0000] {processor.py:830} INFO - Processing file /home/airflow/.local/lib/python3.8/site-packages/airflow/example_dags/example_trigger_target_dag.py for tasks to queue
[2026-05-29T19:16:37.440+0000] {logging_mixin.py:188} INFO - [2026-05-29T19:16:37.440+0000] {dagbag.py:540} INFO - Filling up the DagBag from /home/airflow/.local/lib/python3.8/site-packages/airflow/example_dags/example_trigger_target_dag.py
[2026-05-29T19:16:37.445+0000] {processor.py:840} INFO - DAG(s) 'example_trigger_target_dag' retrieved from /home/airflow/.local/lib/python3.8/site-packages/airflow/example_dags/example_trigger_target_dag.py
[2026-05-29T19:16:37.467+0000] {logging_mixin.py:188} INFO - [2026-05-29T19:16:37.467+0000] {dag.py:3047} INFO - Sync 1 DAGs
[2026-05-29T19:16:37.478+0000] {logging_mixin.py:188} INFO - [2026-05-29T19:16:37.478+0000] {dag.py:3834} INFO - Setting next_dagrun for example_trigger_target_dag to None, run_after=None
[2026-05-29T19:16:37.496+0000] {processor.py:183} INFO - Processing /home/airflow/.local/lib/python3.8/site-packages/airflow/example_dags/example_trigger_target_dag.py took 0.063 seconds
[2026-05-29T19:17:07.551+0000] {processor.py:161} INFO - Started process (PID=198) to work on /home/airflow/.local/lib/python3.8/site-packages/airflow/example_dags/example_trigger_target_dag.py
[2026-05-29T19:17:07.552+0000] {processor.py:830} INFO - Processing file /home/airflow/.local/lib/python3.8/site-packages/airflow/example_dags/example_trigger_target_dag.py for tasks to queue
[2026-05-29T19:17:07.554+0000] {logging_mixin.py:188} INFO - [2026-05-29T19:17:07.554+0000] {dagbag.py:540} INFO - Filling up the DagBag from /home/airflow/.local/lib/python3.8/site-packages/airflow/example_dags/example_trigger_target_dag.py
[2026-05-29T19:17:07.559+0000] {processor.py:840} INFO - DAG(s) 'example_trigger_target_dag' retrieved from /home/airflow/.local/lib/python3.8/site-packages/airflow/example_dags/example_trigger_target_dag.py
[2026-05-29T19:17:07.579+0000] {logging_mixin.py:188} INFO - [2026-05-29T19:17:07.579+0000] {dag.py:3047} INFO - Sync 1 DAGs
[2026-05-29T19:17:07.589+0000] {logging_mixin.py:188} INFO - [2026-05-29T19:17:07.589+0000] {dag.py:3834} INFO - Setting next_dagrun for example_trigger_target_dag to None, run_after=None
[2026-05-29T19:17:07.608+0000] {processor.py:183} INFO - Processing /home/airflow/.local/lib/python3.8/site-packages/airflow/example_dags/example_trigger_target_dag.py took 0.060 seconds
[2026-05-29T19:17:38.146+0000] {processor.py:161} INFO - Started process (PID=253) to work on /home/airflow/.local/lib/python3.8/site-packages/airflow/example_dags/example_trigger_target_dag.py
[2026-05-29T19:17:38.149+0000] {processor.py:830} INFO - Processing file /home/airflow/.local/lib/python3.8/site-packages/airflow/example_dags/example_trigger_target_dag.py for tasks to queue
[2026-05-29T19:17:38.151+0000] {logging_mixin.py:188} INFO - [2026-05-29T19:17:38.151+0000] {dagbag.py:540} INFO - Filling up the DagBag from /home/airflow/.local/lib/python3.8/site-packages/airflow/example_dags/example_trigger_target_dag.py
[2026-05-29T19:17:38.156+0000] {processor.py:840} INFO - DAG(s) 'example_trigger_target_dag' retrieved from /home/airflow/.local/lib/python3.8/site-packages/airflow/example_dags/example_trigger_target_dag.py
[2026-05-29T19:17:38.177+0000] {logging_mixin.py:188} INFO - [2026-05-29T19:17:38.177+0000] {dag.py:3047} INFO - Sync 1 DAGs
[2026-05-29T19:17:38.189+0000] {logging_mixin.py:188} INFO - [2026-05-29T19:17:38.188+0000] {dag.py:3834} INFO - Setting next_dagrun for example_trigger_target_dag to None, run_after=None
[2026-05-29T19:17:38.208+0000] {processor.py:183} INFO - Processing /home/airflow/.local/lib/python3.8/site-packages/airflow/example_dags/example_trigger_target_dag.py took 0.065 seconds
[2026-05-29T19:18:09.171+0000] {processor.py:161} INFO - Started process (PID=308) to work on /home/airflow/.local/lib/python3.8/site-packages/airflow/example_dags/example_trigger_target_dag.py
[2026-05-29T19:18:09.173+0000] {processor.py:830} INFO - Processing file /home/airflow/.local/lib/python3.8/site-packages/airflow/example_dags/example_trigger_target_dag.py for tasks to queue
[2026-05-29T19:18:09.175+0000] {logging_mixin.py:188} INFO - [2026-05-29T19:18:09.175+0000] {dagbag.py:540} INFO - Filling up the DagBag from /home/airflow/.local/lib/python3.8/site-packages/airflow/example_dags/example_trigger_target_dag.py
[2026-05-29T19:18:09.182+0000] {processor.py:840} INFO - DAG(s) 'example_trigger_target_dag' retrieved from /home/airflow/.local/lib/python3.8/site-packages/airflow/example_dags/example_trigger_target_dag.py
[2026-05-29T19:18:09.200+0000] {logging_mixin.py:188} INFO - [2026-05-29T19:18:09.200+0000] {dag.py:3047} INFO - Sync 1 DAGs
[2026-05-29T19:18:09.211+0000] {logging_mixin.py:188} INFO - [2026-05-29T19:18:09.210+0000] {dag.py:3834} INFO - Setting next_dagrun for example_trigger_target_dag to None, run_after=None
[2026-05-29T19:18:09.229+0000] {processor.py:183} INFO - Processing /home/airflow/.local/lib/python3.8/site-packages/airflow/example_dags/example_trigger_target_dag.py took 0.063 seconds
[2026-05-29T19:18:39.528+0000] {processor.py:161} INFO - Started process (PID=363) to work on /home/airflow/.local/lib/python3.8/site-packages/airflow/example_dags/example_trigger_target_dag.py
[2026-05-29T19:18:39.530+0000] {processor.py:830} INFO - Processing file /home/airflow/.local/lib/python3.8/site-packages/airflow/example_dags/example_trigger_target_dag.py for tasks to queue
[2026-05-29T19:18:39.536+0000] {logging_mixin.py:188} INFO - [2026-05-29T19:18:39.533+0000] {dagbag.py:540} INFO - Filling up the DagBag from /home/airflow/.local/lib/python3.8/site-packages/airflow/example_dags/example_trigger_target_dag.py
[2026-05-29T19:18:39.546+0000] {processor.py:840} INFO - DAG(s) 'example_trigger_target_dag' retrieved from /home/airflow/.local/lib/python3.8/site-packages/airflow/example_dags/example_trigger_target_dag.py
[2026-05-29T19:18:39.594+0000] {logging_mixin.py:188} INFO - [2026-05-29T19:18:39.593+0000] {dag.py:3047} INFO - Sync 1 DAGs
[2026-05-29T19:18:39.626+0000] {logging_mixin.py:188} INFO - [2026-05-29T19:18:39.625+0000] {dag.py:3834} INFO - Setting next_dagrun for example_trigger_target_dag to None, run_after=None
[2026-05-29T19:18:39.674+0000] {processor.py:183} INFO - Processing /home/airflow/.local/lib/python3.8/site-packages/airflow/example_dags/example_trigger_target_dag.py took 0.151 seconds
[2026-05-29T19:19:09.950+0000] {processor.py:161} INFO - Started process (PID=418) to work on /home/airflow/.local/lib/python3.8/site-packages/airflow/example_dags/example_trigger_target_dag.py
[2026-05-29T19:19:09.952+0000] {processor.py:830} INFO - Processing file /home/airflow/.local/lib/python3.8/site-packages/airflow/example_dags/example_trigger_target_dag.py for tasks to queue
[2026-05-29T19:19:09.955+0000] {logging_mixin.py:188} INFO - [2026-05-29T19:19:09.955+0000] {dagbag.py:540} INFO - Filling up the DagBag from /home/airflow/.local/lib/python3.8/site-packages/airflow/example_dags/example_trigger_target_dag.py
[2026-05-29T19:19:09.964+0000] {processor.py:840} INFO - DAG(s) 'example_trigger_target_dag' retrieved from /home/airflow/.local/lib/python3.8/site-packages/airflow/example_dags/example_trigger_target_dag.py
[2026-05-29T19:19:09.989+0000] {logging_mixin.py:188} INFO - [2026-05-29T19:19:09.988+0000] {dag.py:3047} INFO - Sync 1 DAGs
[2026-05-29T19:19:10.000+0000] {logging_mixin.py:188} INFO - [2026-05-29T19:19:10.000+0000] {dag.py:3834} INFO - Setting next_dagrun for example_trigger_target_dag to None, run_after=None
[2026-05-29T19:19:10.022+0000] {processor.py:183} INFO - Processing /home/airflow/.local/lib/python3.8/site-packages/airflow/example_dags/example_trigger_target_dag.py took 0.076 seconds
[2026-05-29T19:19:40.305+0000] {processor.py:161} INFO - Started process (PID=473) to work on /home/airflow/.local/lib/python3.8/site-packages/airflow/example_dags/example_trigger_target_dag.py
[2026-05-29T19:19:40.306+0000] {processor.py:830} INFO - Processing file /home/airflow/.local/lib/python3.8/site-packages/airflow/example_dags/example_trigger_target_dag.py for tasks to queue
[2026-05-29T19:19:40.309+0000] {logging_mixin.py:188} INFO - [2026-05-29T19:19:40.309+0000] {dagbag.py:540} INFO - Filling up the DagBag from /home/airflow/.local/lib/python3.8/site-packages/airflow/example_dags/example_trigger_target_dag.py
[2026-05-29T19:19:40.317+0000] {processor.py:840} INFO - DAG(s) 'example_trigger_target_dag' retrieved from /home/airflow/.local/lib/python3.8/site-packages/airflow/example_dags/example_trigger_target_dag.py
[2026-05-29T19:19:40.338+0000] {logging_mixin.py:188} INFO - [2026-05-29T19:19:40.338+0000] {dag.py:3047} INFO - Sync 1 DAGs
[2026-05-29T19:19:40.350+0000] {logging_mixin.py:188} INFO - [2026-05-29T19:19:40.350+0000] {dag.py:3834} INFO - Setting next_dagrun for example_trigger_target_dag to None, run_after=None
[2026-05-29T19:19:40.375+0000] {processor.py:183} INFO - Processing /home/airflow/.local/lib/python3.8/site-packages/airflow/example_dags/example_trigger_target_dag.py took 0.073 seconds
[2026-05-29T19:20:10.793+0000] {processor.py:161} INFO - Started process (PID=528) to work on /home/airflow/.local/lib/python3.8/site-packages/airflow/example_dags/example_trigger_target_dag.py
[2026-05-29T19:20:10.795+0000] {processor.py:830} INFO - Processing file /home/airflow/.local/lib/python3.8/site-packages/airflow/example_dags/example_trigger_target_dag.py for tasks to queue
[2026-05-29T19:20:10.798+0000] {logging_mixin.py:188} INFO - [2026-05-29T19:20:10.798+0000] {dagbag.py:540} INFO - Filling up the DagBag from /home/airflow/.local/lib/python3.8/site-packages/airflow/example_dags/example_trigger_target_dag.py
[2026-05-29T19:20:10.804+0000] {processor.py:840} INFO - DAG(s) 'example_trigger_target_dag' retrieved from /home/airflow/.local/lib/python3.8/site-packages/airflow/example_dags/example_trigger_target_dag.py
[2026-05-29T19:20:10.823+0000] {logging_mixin.py:188} INFO - [2026-05-29T19:20:10.823+0000] {dag.py:3047} INFO - Sync 1 DAGs
[2026-05-29T19:20:10.834+0000] {logging_mixin.py:188} INFO - [2026-05-29T19:20:10.834+0000] {dag.py:3834} INFO - Setting next_dagrun for example_trigger_target_dag to None, run_after=None
[2026-05-29T19:20:10.861+0000] {processor.py:183} INFO - Processing /home/airflow/.local/lib/python3.8/site-packages/airflow/example_dags/example_trigger_target_dag.py took 0.072 seconds
[2026-05-29T19:20:40.997+0000] {processor.py:161} INFO - Started process (PID=583) to work on /home/airflow/.local/lib/python3.8/site-packages/airflow/example_dags/example_trigger_target_dag.py
[2026-05-29T19:20:40.998+0000] {processor.py:830} INFO - Processing file /home/airflow/.local/lib/python3.8/site-packages/airflow/example_dags/example_trigger_target_dag.py for tasks to queue
[2026-05-29T19:20:41.001+0000] {logging_mixin.py:188} INFO - [2026-05-29T19:20:41.001+0000] {dagbag.py:540} INFO - Filling up the DagBag from /home/airflow/.local/lib/python3.8/site-packages/airflow/example_dags/example_trigger_target_dag.py
[2026-05-29T19:20:41.007+0000] {processor.py:840} INFO - DAG(s) 'example_trigger_target_dag' retrieved from /home/airflow/.local/lib/python3.8/site-packages/airflow/example_dags/example_trigger_target_dag.py
[2026-05-29T19:20:41.029+0000] {logging_mixin.py:188} INFO - [2026-05-29T19:20:41.029+0000] {dag.py:3047} INFO - Sync 1 DAGs
[2026-05-29T19:20:41.041+0000] {logging_mixin.py:188} INFO - [2026-05-29T19:20:41.041+0000] {dag.py:3834} INFO - Setting next_dagrun for example_trigger_target_dag to None, run_after=None
[2026-05-29T19:20:41.063+0000] {processor.py:183} INFO - Processing /home/airflow/.local/lib/python3.8/site-packages/airflow/example_dags/example_trigger_target_dag.py took 0.069 seconds
[2026-05-29T19:21:11.472+0000] {processor.py:161} INFO - Started process (PID=638) to work on /home/airflow/.local/lib/python3.8/site-packages/airflow/example_dags/example_trigger_target_dag.py
[2026-05-29T19:21:11.474+0000] {processor.py:830} INFO - Processing file /home/airflow/.local/lib/python3.8/site-packages/airflow/example_dags/example_trigger_target_dag.py for tasks to queue
[2026-05-29T19:21:11.476+0000] {logging_mixin.py:188} INFO - [2026-05-29T19:21:11.475+0000] {dagbag.py:540} INFO - Filling up the DagBag from /home/airflow/.local/lib/python3.8/site-packages/airflow/example_dags/example_trigger_target_dag.py
[2026-05-29T19:21:11.482+0000] {processor.py:840} INFO - DAG(s) 'example_trigger_target_dag' retrieved from /home/airflow/.local/lib/python3.8/site-packages/airflow/example_dags/example_trigger_target_dag.py
[2026-05-29T19:21:11.508+0000] {logging_mixin.py:188} INFO - [2026-05-29T19:21:11.508+0000] {dag.py:3047} INFO - Sync 1 DAGs
[2026-05-29T19:21:11.519+0000] {logging_mixin.py:188} INFO - [2026-05-29T19:21:11.519+0000] {dag.py:3834} INFO - Setting next_dagrun for example_trigger_target_dag to None, run_after=None
[2026-05-29T19:21:11.540+0000] {processor.py:183} INFO - Processing /home/airflow/.local/lib/python3.8/site-packages/airflow/example_dags/example_trigger_target_dag.py took 0.071 seconds
[2026-05-29T19:21:41.723+0000] {processor.py:161} INFO - Started process (PID=693) to work on /home/airflow/.local/lib/python3.8/site-packages/airflow/example_dags/example_trigger_target_dag.py
[2026-05-29T19:21:41.724+0000] {processor.py:830} INFO - Processing file /home/airflow/.local/lib/python3.8/site-packages/airflow/example_dags/example_trigger_target_dag.py for tasks to queue
[2026-05-29T19:21:41.726+0000] {logging_mixin.py:188} INFO - [2026-05-29T19:21:41.726+0000] {dagbag.py:540} INFO - Filling up the DagBag from /home/airflow/.local/lib/python3.8/site-packages/airflow/example_dags/example_trigger_target_dag.py
[2026-05-29T19:21:41.737+0000] {processor.py:840} INFO - DAG(s) 'example_trigger_target_dag' retrieved from /home/airflow/.local/lib/python3.8/site-packages/airflow/example_dags/example_trigger_target_dag.py
[2026-05-29T19:21:41.756+0000] {logging_mixin.py:188} INFO - [2026-05-29T19:21:41.756+0000] {dag.py:3047} INFO - Sync 1 DAGs
[2026-05-29T19:21:41.766+0000] {logging_mixin.py:188} INFO - [2026-05-29T19:21:41.766+0000] {dag.py:3834} INFO - Setting next_dagrun for example_trigger_target_dag to None, run_after=None
[2026-05-29T19:21:41.785+0000] {processor.py:183} INFO - Processing /home/airflow/.local/lib/python3.8/site-packages/airflow/example_dags/example_trigger_target_dag.py took 0.066 seconds
[2026-05-29T19:22:12.074+0000] {processor.py:161} INFO - Started process (PID=748) to work on /home/airflow/.local/lib/python3.8/site-packages/airflow/example_dags/example_trigger_target_dag.py
[2026-05-29T19:22:12.076+0000] {processor.py:830} INFO - Processing file /home/airflow/.local/lib/python3.8/site-packages/airflow/example_dags/example_trigger_target_dag.py for tasks to queue
[2026-05-29T19:22:12.078+0000] {logging_mixin.py:188} INFO - [2026-05-29T19:22:12.078+0000] {dagbag.py:540} INFO - Filling up the DagBag from /home/airflow/.local/lib/python3.8/site-packages/airflow/example_dags/example_trigger_target_dag.py
[2026-05-29T19:22:12.087+0000] {processor.py:840} INFO - DAG(s) 'example_trigger_target_dag' retrieved from /home/airflow/.local/lib/python3.8/site-packages/airflow/example_dags/example_trigger_target_dag.py
[2026-05-29T19:22:12.110+0000] {logging_mixin.py:188} INFO - [2026-05-29T19:22:12.110+0000] {dag.py:3047} INFO - Sync 1 DAGs
[2026-05-29T19:22:12.120+0000] {logging_mixin.py:188} INFO - [2026-05-29T19:22:12.119+0000] {dag.py:3834} INFO - Setting next_dagrun for example_trigger_target_dag to None, run_after=None
[2026-05-29T19:22:12.140+0000] {processor.py:183} INFO - Processing /home/airflow/.local/lib/python3.8/site-packages/airflow/example_dags/example_trigger_target_dag.py took 0.068 seconds
[2026-05-29T19:22:42.185+0000] {processor.py:161} INFO - Started process (PID=802) to work on /home/airflow/.local/lib/python3.8/site-packages/airflow/example_dags/example_trigger_target_dag.py
[2026-05-29T19:22:42.186+0000] {processor.py:830} INFO - Processing file /home/airflow/.local/lib/python3.8/site-packages/airflow/example_dags/example_trigger_target_dag.py for tasks to queue
[2026-05-29T19:22:42.187+0000] {logging_mixin.py:188} INFO - [2026-05-29T19:22:42.187+0000] {dagbag.py:540} INFO - Filling up the DagBag from /home/airflow/.local/lib/python3.8/site-packages/airflow/example_dags/example_trigger_target_dag.py
[2026-05-29T19:22:42.192+0000] {processor.py:840} INFO - DAG(s) 'example_trigger_target_dag' retrieved from /home/airflow/.local/lib/python3.8/site-packages/airflow/example_dags/example_trigger_target_dag.py
[2026-05-29T19:22:42.209+0000] {logging_mixin.py:188} INFO - [2026-05-29T19:22:42.209+0000] {dag.py:3047} INFO - Sync 1 DAGs
[2026-05-29T19:22:42.221+0000] {logging_mixin.py:188} INFO - [2026-05-29T19:22:42.221+0000] {dag.py:3834} INFO - Setting next_dagrun for example_trigger_target_dag to None, run_after=None
[2026-05-29T19:22:42.240+0000] {processor.py:183} INFO - Processing /home/airflow/.local/lib/python3.8/site-packages/airflow/example_dags/example_trigger_target_dag.py took 0.058 seconds
[2026-05-29T19:23:12.315+0000] {processor.py:161} INFO - Started process (PID=857) to work on /home/airflow/.local/lib/python3.8/site-packages/airflow/example_dags/example_trigger_target_dag.py
[2026-05-29T19:23:12.317+0000] {processor.py:830} INFO - Processing file /home/airflow/.local/lib/python3.8/site-packages/airflow/example_dags/example_trigger_target_dag.py for tasks to queue
[2026-05-29T19:23:12.320+0000] {logging_mixin.py:188} INFO - [2026-05-29T19:23:12.319+0000] {dagbag.py:540} INFO - Filling up the DagBag from /home/airflow/.local/lib/python3.8/site-packages/airflow/example_dags/example_trigger_target_dag.py
[2026-05-29T19:23:12.325+0000] {processor.py:840} INFO - DAG(s) 'example_trigger_target_dag' retrieved from /home/airflow/.local/lib/python3.8/site-packages/airflow/example_dags/example_trigger_target_dag.py
[2026-05-29T19:23:12.345+0000] {logging_mixin.py:188} INFO - [2026-05-29T19:23:12.345+0000] {dag.py:3047} INFO - Sync 1 DAGs
[2026-05-29T19:23:12.367+0000] {logging_mixin.py:188} INFO - [2026-05-29T19:23:12.367+0000] {dag.py:3834} INFO - Setting next_dagrun for example_trigger_target_dag to None, run_after=None
[2026-05-29T19:23:12.406+0000] {processor.py:183} INFO - Processing /home/airflow/.local/lib/python3.8/site-packages/airflow/example_dags/example_trigger_target_dag.py took 0.094 seconds
[2026-05-29T19:23:42.549+0000] {processor.py:161} INFO - Started process (PID=912) to work on /home/airflow/.local/lib/python3.8/site-packages/airflow/example_dags/example_trigger_target_dag.py
[2026-05-29T19:23:42.551+0000] {processor.py:830} INFO - Processing file /home/airflow/.local/lib/python3.8/site-packages/airflow/example_dags/example_trigger_target_dag.py for tasks to queue
[2026-05-29T19:23:42.553+0000] {logging_mixin.py:188} INFO - [2026-05-29T19:23:42.553+0000] {dagbag.py:540} INFO - Filling up the DagBag from /home/airflow/.local/lib/python3.8/site-packages/airflow/example_dags/example_trigger_target_dag.py
[2026-05-29T19:23:42.559+0000] {processor.py:840} INFO - DAG(s) 'example_trigger_target_dag' retrieved from /home/airflow/.local/lib/python3.8/site-packages/airflow/example_dags/example_trigger_target_dag.py
[2026-05-29T19:23:42.575+0000] {logging_mixin.py:188} INFO - [2026-05-29T19:23:42.575+0000] {dag.py:3047} INFO - Sync 1 DAGs
[2026-05-29T19:23:42.584+0000] {logging_mixin.py:188} INFO - [2026-05-29T19:23:42.584+0000] {dag.py:3834} INFO - Setting next_dagrun for example_trigger_target_dag to None, run_after=None
[2026-05-29T19:23:42.597+0000] {processor.py:183} INFO - Processing /home/airflow/.local/lib/python3.8/site-packages/airflow/example_dags/example_trigger_target_dag.py took 0.051 seconds
[2026-05-29T19:24:12.801+0000] {processor.py:161} INFO - Started process (PID=967) to work on /home/airflow/.local/lib/python3.8/site-packages/airflow/example_dags/example_trigger_target_dag.py
[2026-05-29T19:24:12.802+0000] {processor.py:830} INFO - Processing file /home/airflow/.local/lib/python3.8/site-packages/airflow/example_dags/example_trigger_target_dag.py for tasks to queue
[2026-05-29T19:24:12.804+0000] {logging_mixin.py:188} INFO - [2026-05-29T19:24:12.804+0000] {dagbag.py:540} INFO - Filling up the DagBag from /home/airflow/.local/lib/python3.8/site-packages/airflow/example_dags/example_trigger_target_dag.py
[2026-05-29T19:24:12.809+0000] {processor.py:840} INFO - DAG(s) 'example_trigger_target_dag' retrieved from /home/airflow/.local/lib/python3.8/site-packages/airflow/example_dags/example_trigger_target_dag.py
[2026-05-29T19:24:12.825+0000] {logging_mixin.py:188} INFO - [2026-05-29T19:24:12.825+0000] {dag.py:3047} INFO - Sync 1 DAGs
[2026-05-29T19:24:12.835+0000] {logging_mixin.py:188} INFO - [2026-05-29T19:24:12.835+0000] {dag.py:3834} INFO - Setting next_dagrun for example_trigger_target_dag to None, run_after=None
[2026-05-29T19:24:12.850+0000] {processor.py:183} INFO - Processing /home/airflow/.local/lib/python3.8/site-packages/airflow/example_dags/example_trigger_target_dag.py took 0.052 seconds
[2026-05-29T19:24:43.100+0000] {processor.py:161} INFO - Started process (PID=1023) to work on /home/airflow/.local/lib/python3.8/site-packages/airflow/example_dags/example_trigger_target_dag.py
[2026-05-29T19:24:43.101+0000] {processor.py:830} INFO - Processing file /home/airflow/.local/lib/python3.8/site-packages/airflow/example_dags/example_trigger_target_dag.py for tasks to queue
[2026-05-29T19:24:43.105+0000] {logging_mixin.py:188} INFO - [2026-05-29T19:24:43.104+0000] {dagbag.py:540} INFO - Filling up the DagBag from /home/airflow/.local/lib/python3.8/site-packages/airflow/example_dags/example_trigger_target_dag.py
[2026-05-29T19:24:43.112+0000] {processor.py:840} INFO - DAG(s) 'example_trigger_target_dag' retrieved from /home/airflow/.local/lib/python3.8/site-packages/airflow/example_dags/example_trigger_target_dag.py
[2026-05-29T19:24:43.135+0000] {logging_mixin.py:188} INFO - [2026-05-29T19:24:43.134+0000] {dag.py:3047} INFO - Sync 1 DAGs
[2026-05-29T19:24:43.147+0000] {logging_mixin.py:188} INFO - [2026-05-29T19:24:43.146+0000] {dag.py:3834} INFO - Setting next_dagrun for example_trigger_target_dag to None, run_after=None
[2026-05-29T19:24:43.175+0000] {processor.py:183} INFO - Processing /home/airflow/.local/lib/python3.8/site-packages/airflow/example_dags/example_trigger_target_dag.py took 0.078 seconds
[2026-05-29T19:25:13.406+0000] {processor.py:161} INFO - Started process (PID=1078) to work on /home/airflow/.local/lib/python3.8/site-packages/airflow/example_dags/example_trigger_target_dag.py
[2026-05-29T19:25:13.408+0000] {processor.py:830} INFO - Processing file /home/airflow/.local/lib/python3.8/site-packages/airflow/example_dags/example_trigger_target_dag.py for tasks to queue
[2026-05-29T19:25:13.413+0000] {logging_mixin.py:188} INFO - [2026-05-29T19:25:13.412+0000] {dagbag.py:540} INFO - Filling up the DagBag from /home/airflow/.local/lib/python3.8/site-packages/airflow/example_dags/example_trigger_target_dag.py
[2026-05-29T19:25:13.424+0000] {processor.py:840} INFO - DAG(s) 'example_trigger_target_dag' retrieved from /home/airflow/.local/lib/python3.8/site-packages/airflow/example_dags/example_trigger_target_dag.py
[2026-05-29T19:25:13.452+0000] {logging_mixin.py:188} INFO - [2026-05-29T19:25:13.452+0000] {dag.py:3047} INFO - Sync 1 DAGs
[2026-05-29T19:25:13.468+0000] {logging_mixin.py:188} INFO - [2026-05-29T19:25:13.467+0000] {dag.py:3834} INFO - Setting next_dagrun for example_trigger_target_dag to None, run_after=None
[2026-05-29T19:25:13.497+0000] {processor.py:183} INFO - Processing /home/airflow/.local/lib/python3.8/site-packages/airflow/example_dags/example_trigger_target_dag.py took 0.095 seconds
[2026-05-29T19:25:44.307+0000] {processor.py:161} INFO - Started process (PID=1133) to work on /home/airflow/.local/lib/python3.8/site-packages/airflow/example_dags/example_trigger_target_dag.py
[2026-05-29T19:25:44.309+0000] {processor.py:830} INFO - Processing file /home/airflow/.local/lib/python3.8/site-packages/airflow/example_dags/example_trigger_target_dag.py for tasks to queue
[2026-05-29T19:25:44.311+0000] {logging_mixin.py:188} INFO - [2026-05-29T19:25:44.311+0000] {dagbag.py:540} INFO - Filling up the DagBag from /home/airflow/.local/lib/python3.8/site-packages/airflow/example_dags/example_trigger_target_dag.py
[2026-05-29T19:25:44.321+0000] {processor.py:840} INFO - DAG(s) 'example_trigger_target_dag' retrieved from /home/airflow/.local/lib/python3.8/site-packages/airflow/example_dags/example_trigger_target_dag.py
[2026-05-29T19:25:44.344+0000] {logging_mixin.py:188} INFO - [2026-05-29T19:25:44.344+0000] {dag.py:3047} INFO - Sync 1 DAGs
[2026-05-29T19:25:44.355+0000] {logging_mixin.py:188} INFO - [2026-05-29T19:25:44.355+0000] {dag.py:3834} INFO - Setting next_dagrun for example_trigger_target_dag to None, run_after=None
[2026-05-29T19:25:44.378+0000] {processor.py:183} INFO - Processing /home/airflow/.local/lib/python3.8/site-packages/airflow/example_dags/example_trigger_target_dag.py took 0.074 seconds
[2026-05-29T19:26:14.526+0000] {processor.py:161} INFO - Started process (PID=1188) to work on /home/airflow/.local/lib/python3.8/site-packages/airflow/example_dags/example_trigger_target_dag.py
[2026-05-29T19:26:14.528+0000] {processor.py:830} INFO - Processing file /home/airflow/.local/lib/python3.8/site-packages/airflow/example_dags/example_trigger_target_dag.py for tasks to queue
[2026-05-29T19:26:14.530+0000] {logging_mixin.py:188} INFO - [2026-05-29T19:26:14.530+0000] {dagbag.py:540} INFO - Filling up the DagBag from /home/airflow/.local/lib/python3.8/site-packages/airflow/example_dags/example_trigger_target_dag.py
[2026-05-29T19:26:14.536+0000] {processor.py:840} INFO - DAG(s) 'example_trigger_target_dag' retrieved from /home/airflow/.local/lib/python3.8/site-packages/airflow/example_dags/example_trigger_target_dag.py
[2026-05-29T19:26:14.558+0000] {logging_mixin.py:188} INFO - [2026-05-29T19:26:14.558+0000] {dag.py:3047} INFO - Sync 1 DAGs
[2026-05-29T19:26:14.568+0000] {logging_mixin.py:188} INFO - [2026-05-29T19:26:14.568+0000] {dag.py:3834} INFO - Setting next_dagrun for example_trigger_target_dag to None, run_after=None
[2026-05-29T19:26:14.587+0000] {processor.py:183} INFO - Processing /home/airflow/.local/lib/python3.8/site-packages/airflow/example_dags/example_trigger_target_dag.py took 0.064 seconds
[2026-05-29T19:26:44.772+0000] {processor.py:161} INFO - Started process (PID=1243) to work on /home/airflow/.local/lib/python3.8/site-packages/airflow/example_dags/example_trigger_target_dag.py
[2026-05-29T19:26:44.774+0000] {processor.py:830} INFO - Processing file /home/airflow/.local/lib/python3.8/site-packages/airflow/example_dags/example_trigger_target_dag.py for tasks to queue
[2026-05-29T19:26:44.776+0000] {logging_mixin.py:188} INFO - [2026-05-29T19:26:44.776+0000] {dagbag.py:540} INFO - Filling up the DagBag from /home/airflow/.local/lib/python3.8/site-packages/airflow/example_dags/example_trigger_target_dag.py
[2026-05-29T19:26:44.783+0000] {processor.py:840} INFO - DAG(s) 'example_trigger_target_dag' retrieved from /home/airflow/.local/lib/python3.8/site-packages/airflow/example_dags/example_trigger_target_dag.py
[2026-05-29T19:26:44.801+0000] {logging_mixin.py:188} INFO - [2026-05-29T19:26:44.801+0000] {dag.py:3047} INFO - Sync 1 DAGs
[2026-05-29T19:26:44.812+0000] {logging_mixin.py:188} INFO - [2026-05-29T19:26:44.812+0000] {dag.py:3834} INFO - Setting next_dagrun for example_trigger_target_dag to None, run_after=None
[2026-05-29T19:26:44.831+0000] {processor.py:183} INFO - Processing /home/airflow/.local/lib/python3.8/site-packages/airflow/example_dags/example_trigger_target_dag.py took 0.062 seconds
[2026-05-29T19:27:15.043+0000] {processor.py:161} INFO - Started process (PID=1298) to work on /home/airflow/.local/lib/python3.8/site-packages/airflow/example_dags/example_trigger_target_dag.py
[2026-05-29T19:27:15.044+0000] {processor.py:830} INFO - Processing file /home/airflow/.local/lib/python3.8/site-packages/airflow/example_dags/example_trigger_target_dag.py for tasks to queue
[2026-05-29T19:27:15.046+0000] {logging_mixin.py:188} INFO - [2026-05-29T19:27:15.046+0000] {dagbag.py:540} INFO - Filling up the DagBag from /home/airflow/.local/lib/python3.8/site-packages/airflow/example_dags/example_trigger_target_dag.py
[2026-05-29T19:27:15.052+0000] {processor.py:840} INFO - DAG(s) 'example_trigger_target_dag' retrieved from /home/airflow/.local/lib/python3.8/site-packages/airflow/example_dags/example_trigger_target_dag.py
[2026-05-29T19:27:15.073+0000] {logging_mixin.py:188} INFO - [2026-05-29T19:27:15.073+0000] {dag.py:3047} INFO - Sync 1 DAGs
[2026-05-29T19:27:15.082+0000] {logging_mixin.py:188} INFO - [2026-05-29T19:27:15.082+0000] {dag.py:3834} INFO - Setting next_dagrun for example_trigger_target_dag to None, run_after=None
[2026-05-29T19:27:15.099+0000] {processor.py:183} INFO - Processing /home/airflow/.local/lib/python3.8/site-packages/airflow/example_dags/example_trigger_target_dag.py took 0.059 seconds
[2026-05-29T19:27:46.647+0000] {processor.py:161} INFO - Started process (PID=1353) to work on /home/airflow/.local/lib/python3.8/site-packages/airflow/example_dags/example_trigger_target_dag.py
[2026-05-29T19:27:46.649+0000] {processor.py:830} INFO - Processing file /home/airflow/.local/lib/python3.8/site-packages/airflow/example_dags/example_trigger_target_dag.py for tasks to queue
[2026-05-29T19:27:46.652+0000] {logging_mixin.py:188} INFO - [2026-05-29T19:27:46.652+0000] {dagbag.py:540} INFO - Filling up the DagBag from /home/airflow/.local/lib/python3.8/site-packages/airflow/example_dags/example_trigger_target_dag.py
[2026-05-29T19:27:46.659+0000] {processor.py:840} INFO - DAG(s) 'example_trigger_target_dag' retrieved from /home/airflow/.local/lib/python3.8/site-packages/airflow/example_dags/example_trigger_target_dag.py
[2026-05-29T19:27:46.681+0000] {logging_mixin.py:188} INFO - [2026-05-29T19:27:46.681+0000] {dag.py:3047} INFO - Sync 1 DAGs
[2026-05-29T19:27:46.694+0000] {logging_mixin.py:188} INFO - [2026-05-29T19:27:46.693+0000] {dag.py:3834} INFO - Setting next_dagrun for example_trigger_target_dag to None, run_after=None
[2026-05-29T19:27:46.722+0000] {processor.py:183} INFO - Processing /home/airflow/.local/lib/python3.8/site-packages/airflow/example_dags/example_trigger_target_dag.py took 0.080 seconds
[2026-05-29T19:28:17.186+0000] {processor.py:161} INFO - Started process (PID=1408) to work on /home/airflow/.local/lib/python3.8/site-packages/airflow/example_dags/example_trigger_target_dag.py
[2026-05-29T19:28:17.188+0000] {processor.py:830} INFO - Processing file /home/airflow/.local/lib/python3.8/site-packages/airflow/example_dags/example_trigger_target_dag.py for tasks to queue
[2026-05-29T19:28:17.190+0000] {logging_mixin.py:188} INFO - [2026-05-29T19:28:17.190+0000] {dagbag.py:540} INFO - Filling up the DagBag from /home/airflow/.local/lib/python3.8/site-packages/airflow/example_dags/example_trigger_target_dag.py
[2026-05-29T19:28:17.196+0000] {processor.py:840} INFO - DAG(s) 'example_trigger_target_dag' retrieved from /home/airflow/.local/lib/python3.8/site-packages/airflow/example_dags/example_trigger_target_dag.py
[2026-05-29T19:28:17.221+0000] {logging_mixin.py:188} INFO - [2026-05-29T19:28:17.221+0000] {dag.py:3047} INFO - Sync 1 DAGs
[2026-05-29T19:28:17.236+0000] {logging_mixin.py:188} INFO - [2026-05-29T19:28:17.236+0000] {dag.py:3834} INFO - Setting next_dagrun for example_trigger_target_dag to None, run_after=None
[2026-05-29T19:28:17.262+0000] {processor.py:183} INFO - Processing /home/airflow/.local/lib/python3.8/site-packages/airflow/example_dags/example_trigger_target_dag.py took 0.078 seconds
[2026-05-29T19:28:47.401+0000] {processor.py:161} INFO - Started process (PID=1462) to work on /home/airflow/.local/lib/python3.8/site-packages/airflow/example_dags/example_trigger_target_dag.py
[2026-05-29T19:28:47.403+0000] {processor.py:830} INFO - Processing file /home/airflow/.local/lib/python3.8/site-packages/airflow/example_dags/example_trigger_target_dag.py for tasks to queue
[2026-05-29T19:28:47.405+0000] {logging_mixin.py:188} INFO - [2026-05-29T19:28:47.405+0000] {dagbag.py:540} INFO - Filling up the DagBag from /home/airflow/.local/lib/python3.8/site-packages/airflow/example_dags/example_trigger_target_dag.py
[2026-05-29T19:28:47.411+0000] {processor.py:840} INFO - DAG(s) 'example_trigger_target_dag' retrieved from /home/airflow/.local/lib/python3.8/site-packages/airflow/example_dags/example_trigger_target_dag.py
[2026-05-29T19:28:47.431+0000] {logging_mixin.py:188} INFO - [2026-05-29T19:28:47.431+0000] {dag.py:3047} INFO - Sync 1 DAGs
[2026-05-29T19:28:47.441+0000] {logging_mixin.py:188} INFO - [2026-05-29T19:28:47.441+0000] {dag.py:3834} INFO - Setting next_dagrun for example_trigger_target_dag to None, run_after=None
[2026-05-29T19:28:47.459+0000] {processor.py:183} INFO - Processing /home/airflow/.local/lib/python3.8/site-packages/airflow/example_dags/example_trigger_target_dag.py took 0.061 seconds
[2026-05-29T19:29:17.611+0000] {processor.py:161} INFO - Started process (PID=1517) to work on /home/airflow/.local/lib/python3.8/site-packages/airflow/example_dags/example_trigger_target_dag.py
[2026-05-29T19:29:17.613+0000] {processor.py:830} INFO - Processing file /home/airflow/.local/lib/python3.8/site-packages/airflow/example_dags/example_trigger_target_dag.py for tasks to queue
[2026-05-29T19:29:17.615+0000] {logging_mixin.py:188} INFO - [2026-05-29T19:29:17.615+0000] {dagbag.py:540} INFO - Filling up the DagBag from /home/airflow/.local/lib/python3.8/site-packages/airflow/example_dags/example_trigger_target_dag.py
[2026-05-29T19:29:17.620+0000] {processor.py:840} INFO - DAG(s) 'example_trigger_target_dag' retrieved from /home/airflow/.local/lib/python3.8/site-packages/airflow/example_dags/example_trigger_target_dag.py
[2026-05-29T19:29:17.638+0000] {logging_mixin.py:188} INFO - [2026-05-29T19:29:17.638+0000] {dag.py:3047} INFO - Sync 1 DAGs
[2026-05-29T19:29:17.649+0000] {logging_mixin.py:188} INFO - [2026-05-29T19:29:17.649+0000] {dag.py:3834} INFO - Setting next_dagrun for example_trigger_target_dag to None, run_after=None
[2026-05-29T19:29:17.667+0000] {processor.py:183} INFO - Processing /home/airflow/.local/lib/python3.8/site-packages/airflow/example_dags/example_trigger_target_dag.py took 0.058 seconds
[2026-05-29T19:29:48.294+0000] {processor.py:161} INFO - Started process (PID=1572) to work on /home/airflow/.local/lib/python3.8/site-packages/airflow/example_dags/example_trigger_target_dag.py
[2026-05-29T19:29:48.296+0000] {processor.py:830} INFO - Processing file /home/airflow/.local/lib/python3.8/site-packages/airflow/example_dags/example_trigger_target_dag.py for tasks to queue
[2026-05-29T19:29:48.298+0000] {logging_mixin.py:188} INFO - [2026-05-29T19:29:48.298+0000] {dagbag.py:540} INFO - Filling up the DagBag from /home/airflow/.local/lib/python3.8/site-packages/airflow/example_dags/example_trigger_target_dag.py
[2026-05-29T19:29:48.305+0000] {processor.py:840} INFO - DAG(s) 'example_trigger_target_dag' retrieved from /home/airflow/.local/lib/python3.8/site-packages/airflow/example_dags/example_trigger_target_dag.py
[2026-05-29T19:29:48.331+0000] {logging_mixin.py:188} INFO - [2026-05-29T19:29:48.331+0000] {dag.py:3047} INFO - Sync 1 DAGs
[2026-05-29T19:29:48.344+0000] {logging_mixin.py:188} INFO - [2026-05-29T19:29:48.343+0000] {dag.py:3834} INFO - Setting next_dagrun for example_trigger_target_dag to None, run_after=None
[2026-05-29T19:29:48.368+0000] {processor.py:183} INFO - Processing /home/airflow/.local/lib/python3.8/site-packages/airflow/example_dags/example_trigger_target_dag.py took 0.077 seconds
[2026-05-29T19:30:18.479+0000] {processor.py:161} INFO - Started process (PID=1627) to work on /home/airflow/.local/lib/python3.8/site-packages/airflow/example_dags/example_trigger_target_dag.py
[2026-05-29T19:30:18.481+0000] {processor.py:830} INFO - Processing file /home/airflow/.local/lib/python3.8/site-packages/airflow/example_dags/example_trigger_target_dag.py for tasks to queue
[2026-05-29T19:30:18.483+0000] {logging_mixin.py:188} INFO - [2026-05-29T19:30:18.483+0000] {dagbag.py:540} INFO - Filling up the DagBag from /home/airflow/.local/lib/python3.8/site-packages/airflow/example_dags/example_trigger_target_dag.py
[2026-05-29T19:30:18.488+0000] {processor.py:840} INFO - DAG(s) 'example_trigger_target_dag' retrieved from /home/airflow/.local/lib/python3.8/site-packages/airflow/example_dags/example_trigger_target_dag.py
[2026-05-29T19:30:18.508+0000] {logging_mixin.py:188} INFO - [2026-05-29T19:30:18.508+0000] {dag.py:3047} INFO - Sync 1 DAGs
[2026-05-29T19:30:18.521+0000] {logging_mixin.py:188} INFO - [2026-05-29T19:30:18.521+0000] {dag.py:3834} INFO - Setting next_dagrun for example_trigger_target_dag to None, run_after=None
[2026-05-29T19:30:18.537+0000] {processor.py:183} INFO - Processing /home/airflow/.local/lib/python3.8/site-packages/airflow/example_dags/example_trigger_target_dag.py took 0.060 seconds
[2026-05-29T19:30:48.697+0000] {processor.py:161} INFO - Started process (PID=1682) to work on /home/airflow/.local/lib/python3.8/site-packages/airflow/example_dags/example_trigger_target_dag.py
[2026-05-29T19:30:48.698+0000] {processor.py:830} INFO - Processing file /home/airflow/.local/lib/python3.8/site-packages/airflow/example_dags/example_trigger_target_dag.py for tasks to queue
[2026-05-29T19:30:48.700+0000] {logging_mixin.py:188} INFO - [2026-05-29T19:30:48.700+0000] {dagbag.py:540} INFO - Filling up the DagBag from /home/airflow/.local/lib/python3.8/site-packages/airflow/example_dags/example_trigger_target_dag.py
[2026-05-29T19:30:48.707+0000] {processor.py:840} INFO - DAG(s) 'example_trigger_target_dag' retrieved from /home/airflow/.local/lib/python3.8/site-packages/airflow/example_dags/example_trigger_target_dag.py
[2026-05-29T19:30:48.727+0000] {logging_mixin.py:188} INFO - [2026-05-29T19:30:48.726+0000] {dag.py:3047} INFO - Sync 1 DAGs
[2026-05-29T19:30:48.740+0000] {logging_mixin.py:188} INFO - [2026-05-29T19:30:48.739+0000] {dag.py:3834} INFO - Setting next_dagrun for example_trigger_target_dag to None, run_after=None
[2026-05-29T19:30:48.760+0000] {processor.py:183} INFO - Processing /home/airflow/.local/lib/python3.8/site-packages/airflow/example_dags/example_trigger_target_dag.py took 0.066 seconds
[2026-05-29T19:31:19.710+0000] {processor.py:161} INFO - Started process (PID=1737) to work on /home/airflow/.local/lib/python3.8/site-packages/airflow/example_dags/example_trigger_target_dag.py
[2026-05-29T19:31:19.712+0000] {processor.py:830} INFO - Processing file /home/airflow/.local/lib/python3.8/site-packages/airflow/example_dags/example_trigger_target_dag.py for tasks to queue
[2026-05-29T19:31:19.714+0000] {logging_mixin.py:188} INFO - [2026-05-29T19:31:19.714+0000] {dagbag.py:540} INFO - Filling up the DagBag from /home/airflow/.local/lib/python3.8/site-packages/airflow/example_dags/example_trigger_target_dag.py
[2026-05-29T19:31:19.720+0000] {processor.py:840} INFO - DAG(s) 'example_trigger_target_dag' retrieved from /home/airflow/.local/lib/python3.8/site-packages/airflow/example_dags/example_trigger_target_dag.py
[2026-05-29T19:31:19.739+0000] {logging_mixin.py:188} INFO - [2026-05-29T19:31:19.739+0000] {dag.py:3047} INFO - Sync 1 DAGs
[2026-05-29T19:31:19.749+0000] {logging_mixin.py:188} INFO - [2026-05-29T19:31:19.748+0000] {dag.py:3834} INFO - Setting next_dagrun for example_trigger_target_dag to None, run_after=None
[2026-05-29T19:31:19.766+0000] {processor.py:183} INFO - Processing /home/airflow/.local/lib/python3.8/site-packages/airflow/example_dags/example_trigger_target_dag.py took 0.058 seconds
[2026-05-29T19:31:50.363+0000] {processor.py:161} INFO - Started process (PID=1792) to work on /home/airflow/.local/lib/python3.8/site-packages/airflow/example_dags/example_trigger_target_dag.py
[2026-05-29T19:31:50.365+0000] {processor.py:830} INFO - Processing file /home/airflow/.local/lib/python3.8/site-packages/airflow/example_dags/example_trigger_target_dag.py for tasks to queue
[2026-05-29T19:31:50.370+0000] {logging_mixin.py:188} INFO - [2026-05-29T19:31:50.368+0000] {dagbag.py:540} INFO - Filling up the DagBag from /home/airflow/.local/lib/python3.8/site-packages/airflow/example_dags/example_trigger_target_dag.py
[2026-05-29T19:31:50.376+0000] {processor.py:840} INFO - DAG(s) 'example_trigger_target_dag' retrieved from /home/airflow/.local/lib/python3.8/site-packages/airflow/example_dags/example_trigger_target_dag.py
[2026-05-29T19:31:50.404+0000] {logging_mixin.py:188} INFO - [2026-05-29T19:31:50.404+0000] {dag.py:3047} INFO - Sync 1 DAGs
[2026-05-29T19:31:50.415+0000] {logging_mixin.py:188} INFO - [2026-05-29T19:31:50.415+0000] {dag.py:3834} INFO - Setting next_dagrun for example_trigger_target_dag to None, run_after=None
[2026-05-29T19:31:50.441+0000] {processor.py:183} INFO - Processing /home/airflow/.local/lib/python3.8/site-packages/airflow/example_dags/example_trigger_target_dag.py took 0.081 seconds
[2026-05-29T19:32:20.522+0000] {processor.py:161} INFO - Started process (PID=1847) to work on /home/airflow/.local/lib/python3.8/site-packages/airflow/example_dags/example_trigger_target_dag.py
[2026-05-29T19:32:20.523+0000] {processor.py:830} INFO - Processing file /home/airflow/.local/lib/python3.8/site-packages/airflow/example_dags/example_trigger_target_dag.py for tasks to queue
[2026-05-29T19:32:20.526+0000] {logging_mixin.py:188} INFO - [2026-05-29T19:32:20.525+0000] {dagbag.py:540} INFO - Filling up the DagBag from /home/airflow/.local/lib/python3.8/site-packages/airflow/example_dags/example_trigger_target_dag.py
[2026-05-29T19:32:20.531+0000] {processor.py:840} INFO - DAG(s) 'example_trigger_target_dag' retrieved from /home/airflow/.local/lib/python3.8/site-packages/airflow/example_dags/example_trigger_target_dag.py
[2026-05-29T19:32:20.549+0000] {logging_mixin.py:188} INFO - [2026-05-29T19:32:20.549+0000] {dag.py:3047} INFO - Sync 1 DAGs
[2026-05-29T19:32:20.560+0000] {logging_mixin.py:188} INFO - [2026-05-29T19:32:20.559+0000] {dag.py:3834} INFO - Setting next_dagrun for example_trigger_target_dag to None, run_after=None
[2026-05-29T19:32:20.575+0000] {processor.py:183} INFO - Processing /home/airflow/.local/lib/python3.8/site-packages/airflow/example_dags/example_trigger_target_dag.py took 0.057 seconds
[2026-05-29T19:32:50.853+0000] {processor.py:161} INFO - Started process (PID=1903) to work on /home/airflow/.local/lib/python3.8/site-packages/airflow/example_dags/example_trigger_target_dag.py
[2026-05-29T19:32:50.854+0000] {processor.py:830} INFO - Processing file /home/airflow/.local/lib/python3.8/site-packages/airflow/example_dags/example_trigger_target_dag.py for tasks to queue
[2026-05-29T19:32:50.856+0000] {logging_mixin.py:188} INFO - [2026-05-29T19:32:50.856+0000] {dagbag.py:540} INFO - Filling up the DagBag from /home/airflow/.local/lib/python3.8/site-packages/airflow/example_dags/example_trigger_target_dag.py
[2026-05-29T19:32:50.862+0000] {processor.py:840} INFO - DAG(s) 'example_trigger_target_dag' retrieved from /home/airflow/.local/lib/python3.8/site-packages/airflow/example_dags/example_trigger_target_dag.py
[2026-05-29T19:32:50.881+0000] {logging_mixin.py:188} INFO - [2026-05-29T19:32:50.881+0000] {dag.py:3047} INFO - Sync 1 DAGs
[2026-05-29T19:32:50.891+0000] {logging_mixin.py:188} INFO - [2026-05-29T19:32:50.891+0000] {dag.py:3834} INFO - Setting next_dagrun for example_trigger_target_dag to None, run_after=None
[2026-05-29T19:32:50.909+0000] {processor.py:183} INFO - Processing /home/airflow/.local/lib/python3.8/site-packages/airflow/example_dags/example_trigger_target_dag.py took 0.059 seconds
[2026-05-29T19:33:21.520+0000] {processor.py:161} INFO - Started process (PID=1958) to work on /home/airflow/.local/lib/python3.8/site-packages/airflow/example_dags/example_trigger_target_dag.py
[2026-05-29T19:33:21.522+0000] {processor.py:830} INFO - Processing file /home/airflow/.local/lib/python3.8/site-packages/airflow/example_dags/example_trigger_target_dag.py for tasks to queue
[2026-05-29T19:33:21.525+0000] {logging_mixin.py:188} INFO - [2026-05-29T19:33:21.524+0000] {dagbag.py:540} INFO - Filling up the DagBag from /home/airflow/.local/lib/python3.8/site-packages/airflow/example_dags/example_trigger_target_dag.py
[2026-05-29T19:33:21.530+0000] {processor.py:840} INFO - DAG(s) 'example_trigger_target_dag' retrieved from /home/airflow/.local/lib/python3.8/site-packages/airflow/example_dags/example_trigger_target_dag.py
[2026-05-29T19:33:21.551+0000] {logging_mixin.py:188} INFO - [2026-05-29T19:33:21.551+0000] {dag.py:3047} INFO - Sync 1 DAGs
[2026-05-29T19:33:21.563+0000] {logging_mixin.py:188} INFO - [2026-05-29T19:33:21.562+0000] {dag.py:3834} INFO - Setting next_dagrun for example_trigger_target_dag to None, run_after=None
[2026-05-29T19:33:21.589+0000] {processor.py:183} INFO - Processing /home/airflow/.local/lib/python3.8/site-packages/airflow/example_dags/example_trigger_target_dag.py took 0.072 seconds
[2026-05-29T19:33:51.938+0000] {processor.py:161} INFO - Started process (PID=2013) to work on /home/airflow/.local/lib/python3.8/site-packages/airflow/example_dags/example_trigger_target_dag.py
[2026-05-29T19:33:51.939+0000] {processor.py:830} INFO - Processing file /home/airflow/.local/lib/python3.8/site-packages/airflow/example_dags/example_trigger_target_dag.py for tasks to queue
[2026-05-29T19:33:51.942+0000] {logging_mixin.py:188} INFO - [2026-05-29T19:33:51.942+0000] {dagbag.py:540} INFO - Filling up the DagBag from /home/airflow/.local/lib/python3.8/site-packages/airflow/example_dags/example_trigger_target_dag.py
[2026-05-29T19:33:51.947+0000] {processor.py:840} INFO - DAG(s) 'example_trigger_target_dag' retrieved from /home/airflow/.local/lib/python3.8/site-packages/airflow/example_dags/example_trigger_target_dag.py
[2026-05-29T19:33:51.965+0000] {logging_mixin.py:188} INFO - [2026-05-29T19:33:51.965+0000] {dag.py:3047} INFO - Sync 1 DAGs
[2026-05-29T19:33:51.977+0000] {logging_mixin.py:188} INFO - [2026-05-29T19:33:51.976+0000] {dag.py:3834} INFO - Setting next_dagrun for example_trigger_target_dag to None, run_after=None
[2026-05-29T19:33:51.994+0000] {processor.py:183} INFO - Processing /home/airflow/.local/lib/python3.8/site-packages/airflow/example_dags/example_trigger_target_dag.py took 0.059 seconds
