[2026-05-29T19:16:01.624+0000] {processor.py:161} INFO - Started process (PID=57) to work on /home/airflow/.local/lib/python3.8/site-packages/airflow/example_dags/example_task_group_decorator.py
[2026-05-29T19:16:01.627+0000] {processor.py:830} INFO - Processing file /home/airflow/.local/lib/python3.8/site-packages/airflow/example_dags/example_task_group_decorator.py for tasks to queue
[2026-05-29T19:16:01.631+0000] {logging_mixin.py:188} INFO - [2026-05-29T19:16:01.631+0000] {dagbag.py:540} INFO - Filling up the DagBag from /home/airflow/.local/lib/python3.8/site-packages/airflow/example_dags/example_task_group_decorator.py
[2026-05-29T19:16:01.661+0000] {processor.py:840} INFO - DAG(s) 'example_task_group_decorator' retrieved from /home/airflow/.local/lib/python3.8/site-packages/airflow/example_dags/example_task_group_decorator.py
[2026-05-29T19:16:01.722+0000] {logging_mixin.py:188} INFO - [2026-05-29T19:16:01.722+0000] {dag.py:3047} INFO - Sync 1 DAGs
[2026-05-29T19:16:01.759+0000] {logging_mixin.py:188} INFO - [2026-05-29T19:16:01.758+0000] {dag.py:3834} INFO - Setting next_dagrun for example_task_group_decorator to 2026-05-28 00:00:00+00:00, run_after=2026-05-29 00:00:00+00:00
[2026-05-29T19:16:01.786+0000] {processor.py:183} INFO - Processing /home/airflow/.local/lib/python3.8/site-packages/airflow/example_dags/example_task_group_decorator.py took 0.168 seconds
[2026-05-29T19:16:32.186+0000] {processor.py:161} INFO - Started process (PID=112) to work on /home/airflow/.local/lib/python3.8/site-packages/airflow/example_dags/example_task_group_decorator.py
[2026-05-29T19:16:32.188+0000] {processor.py:830} INFO - Processing file /home/airflow/.local/lib/python3.8/site-packages/airflow/example_dags/example_task_group_decorator.py for tasks to queue
[2026-05-29T19:16:32.192+0000] {logging_mixin.py:188} INFO - [2026-05-29T19:16:32.191+0000] {dagbag.py:540} INFO - Filling up the DagBag from /home/airflow/.local/lib/python3.8/site-packages/airflow/example_dags/example_task_group_decorator.py
[2026-05-29T19:16:32.216+0000] {processor.py:840} INFO - DAG(s) 'example_task_group_decorator' retrieved from /home/airflow/.local/lib/python3.8/site-packages/airflow/example_dags/example_task_group_decorator.py
[2026-05-29T19:16:32.263+0000] {logging_mixin.py:188} INFO - [2026-05-29T19:16:32.263+0000] {dag.py:3047} INFO - Sync 1 DAGs
[2026-05-29T19:16:32.310+0000] {logging_mixin.py:188} INFO - [2026-05-29T19:16:32.310+0000] {dag.py:3834} INFO - Setting next_dagrun for example_task_group_decorator to 2026-05-28 00:00:00+00:00, run_after=2026-05-29 00:00:00+00:00
[2026-05-29T19:16:32.343+0000] {processor.py:183} INFO - Processing /home/airflow/.local/lib/python3.8/site-packages/airflow/example_dags/example_task_group_decorator.py took 0.166 seconds
[2026-05-29T19:17:02.867+0000] {processor.py:161} INFO - Started process (PID=167) to work on /home/airflow/.local/lib/python3.8/site-packages/airflow/example_dags/example_task_group_decorator.py
[2026-05-29T19:17:02.868+0000] {processor.py:830} INFO - Processing file /home/airflow/.local/lib/python3.8/site-packages/airflow/example_dags/example_task_group_decorator.py for tasks to queue
[2026-05-29T19:17:02.872+0000] {logging_mixin.py:188} INFO - [2026-05-29T19:17:02.872+0000] {dagbag.py:540} INFO - Filling up the DagBag from /home/airflow/.local/lib/python3.8/site-packages/airflow/example_dags/example_task_group_decorator.py
[2026-05-29T19:17:02.885+0000] {processor.py:840} INFO - DAG(s) 'example_task_group_decorator' retrieved from /home/airflow/.local/lib/python3.8/site-packages/airflow/example_dags/example_task_group_decorator.py
[2026-05-29T19:17:02.913+0000] {logging_mixin.py:188} INFO - [2026-05-29T19:17:02.912+0000] {dag.py:3047} INFO - Sync 1 DAGs
[2026-05-29T19:17:02.950+0000] {logging_mixin.py:188} INFO - [2026-05-29T19:17:02.949+0000] {dag.py:3834} INFO - Setting next_dagrun for example_task_group_decorator to 2026-05-28 00:00:00+00:00, run_after=2026-05-29 00:00:00+00:00
[2026-05-29T19:17:02.983+0000] {processor.py:183} INFO - Processing /home/airflow/.local/lib/python3.8/site-packages/airflow/example_dags/example_task_group_decorator.py took 0.119 seconds
[2026-05-29T19:17:33.305+0000] {processor.py:161} INFO - Started process (PID=222) to work on /home/airflow/.local/lib/python3.8/site-packages/airflow/example_dags/example_task_group_decorator.py
[2026-05-29T19:17:33.307+0000] {processor.py:830} INFO - Processing file /home/airflow/.local/lib/python3.8/site-packages/airflow/example_dags/example_task_group_decorator.py for tasks to queue
[2026-05-29T19:17:33.310+0000] {logging_mixin.py:188} INFO - [2026-05-29T19:17:33.310+0000] {dagbag.py:540} INFO - Filling up the DagBag from /home/airflow/.local/lib/python3.8/site-packages/airflow/example_dags/example_task_group_decorator.py
[2026-05-29T19:17:33.320+0000] {processor.py:840} INFO - DAG(s) 'example_task_group_decorator' retrieved from /home/airflow/.local/lib/python3.8/site-packages/airflow/example_dags/example_task_group_decorator.py
[2026-05-29T19:17:33.343+0000] {logging_mixin.py:188} INFO - [2026-05-29T19:17:33.343+0000] {dag.py:3047} INFO - Sync 1 DAGs
[2026-05-29T19:17:33.366+0000] {logging_mixin.py:188} INFO - [2026-05-29T19:17:33.366+0000] {dag.py:3834} INFO - Setting next_dagrun for example_task_group_decorator to 2026-05-28 00:00:00+00:00, run_after=2026-05-29 00:00:00+00:00
[2026-05-29T19:17:33.384+0000] {processor.py:183} INFO - Processing /home/airflow/.local/lib/python3.8/site-packages/airflow/example_dags/example_task_group_decorator.py took 0.082 seconds
[2026-05-29T19:18:03.530+0000] {processor.py:161} INFO - Started process (PID=277) to work on /home/airflow/.local/lib/python3.8/site-packages/airflow/example_dags/example_task_group_decorator.py
[2026-05-29T19:18:03.532+0000] {processor.py:830} INFO - Processing file /home/airflow/.local/lib/python3.8/site-packages/airflow/example_dags/example_task_group_decorator.py for tasks to queue
[2026-05-29T19:18:03.534+0000] {logging_mixin.py:188} INFO - [2026-05-29T19:18:03.534+0000] {dagbag.py:540} INFO - Filling up the DagBag from /home/airflow/.local/lib/python3.8/site-packages/airflow/example_dags/example_task_group_decorator.py
[2026-05-29T19:18:03.546+0000] {processor.py:840} INFO - DAG(s) 'example_task_group_decorator' retrieved from /home/airflow/.local/lib/python3.8/site-packages/airflow/example_dags/example_task_group_decorator.py
[2026-05-29T19:18:03.566+0000] {logging_mixin.py:188} INFO - [2026-05-29T19:18:03.565+0000] {dag.py:3047} INFO - Sync 1 DAGs
[2026-05-29T19:18:03.583+0000] {logging_mixin.py:188} INFO - [2026-05-29T19:18:03.583+0000] {dag.py:3834} INFO - Setting next_dagrun for example_task_group_decorator to 2026-05-28 00:00:00+00:00, run_after=2026-05-29 00:00:00+00:00
[2026-05-29T19:18:03.602+0000] {processor.py:183} INFO - Processing /home/airflow/.local/lib/python3.8/site-packages/airflow/example_dags/example_task_group_decorator.py took 0.075 seconds
[2026-05-29T19:18:33.778+0000] {processor.py:161} INFO - Started process (PID=332) to work on /home/airflow/.local/lib/python3.8/site-packages/airflow/example_dags/example_task_group_decorator.py
[2026-05-29T19:18:33.779+0000] {processor.py:830} INFO - Processing file /home/airflow/.local/lib/python3.8/site-packages/airflow/example_dags/example_task_group_decorator.py for tasks to queue
[2026-05-29T19:18:33.781+0000] {logging_mixin.py:188} INFO - [2026-05-29T19:18:33.781+0000] {dagbag.py:540} INFO - Filling up the DagBag from /home/airflow/.local/lib/python3.8/site-packages/airflow/example_dags/example_task_group_decorator.py
[2026-05-29T19:18:33.795+0000] {processor.py:840} INFO - DAG(s) 'example_task_group_decorator' retrieved from /home/airflow/.local/lib/python3.8/site-packages/airflow/example_dags/example_task_group_decorator.py
[2026-05-29T19:18:33.816+0000] {logging_mixin.py:188} INFO - [2026-05-29T19:18:33.816+0000] {dag.py:3047} INFO - Sync 1 DAGs
[2026-05-29T19:18:33.836+0000] {logging_mixin.py:188} INFO - [2026-05-29T19:18:33.836+0000] {dag.py:3834} INFO - Setting next_dagrun for example_task_group_decorator to 2026-05-28 00:00:00+00:00, run_after=2026-05-29 00:00:00+00:00
[2026-05-29T19:18:33.861+0000] {processor.py:183} INFO - Processing /home/airflow/.local/lib/python3.8/site-packages/airflow/example_dags/example_task_group_decorator.py took 0.086 seconds
[2026-05-29T19:19:04.262+0000] {processor.py:161} INFO - Started process (PID=393) to work on /home/airflow/.local/lib/python3.8/site-packages/airflow/example_dags/example_task_group_decorator.py
[2026-05-29T19:19:04.264+0000] {processor.py:830} INFO - Processing file /home/airflow/.local/lib/python3.8/site-packages/airflow/example_dags/example_task_group_decorator.py for tasks to queue
[2026-05-29T19:19:04.268+0000] {logging_mixin.py:188} INFO - [2026-05-29T19:19:04.268+0000] {dagbag.py:540} INFO - Filling up the DagBag from /home/airflow/.local/lib/python3.8/site-packages/airflow/example_dags/example_task_group_decorator.py
[2026-05-29T19:19:04.280+0000] {processor.py:840} INFO - DAG(s) 'example_task_group_decorator' retrieved from /home/airflow/.local/lib/python3.8/site-packages/airflow/example_dags/example_task_group_decorator.py
[2026-05-29T19:19:04.304+0000] {logging_mixin.py:188} INFO - [2026-05-29T19:19:04.303+0000] {dag.py:3047} INFO - Sync 1 DAGs
[2026-05-29T19:19:04.323+0000] {logging_mixin.py:188} INFO - [2026-05-29T19:19:04.323+0000] {dag.py:3834} INFO - Setting next_dagrun for example_task_group_decorator to 2026-05-28 00:00:00+00:00, run_after=2026-05-29 00:00:00+00:00
[2026-05-29T19:19:04.347+0000] {processor.py:183} INFO - Processing /home/airflow/.local/lib/python3.8/site-packages/airflow/example_dags/example_task_group_decorator.py took 0.088 seconds
[2026-05-29T19:19:34.564+0000] {processor.py:161} INFO - Started process (PID=448) to work on /home/airflow/.local/lib/python3.8/site-packages/airflow/example_dags/example_task_group_decorator.py
[2026-05-29T19:19:34.565+0000] {processor.py:830} INFO - Processing file /home/airflow/.local/lib/python3.8/site-packages/airflow/example_dags/example_task_group_decorator.py for tasks to queue
[2026-05-29T19:19:34.567+0000] {logging_mixin.py:188} INFO - [2026-05-29T19:19:34.567+0000] {dagbag.py:540} INFO - Filling up the DagBag from /home/airflow/.local/lib/python3.8/site-packages/airflow/example_dags/example_task_group_decorator.py
[2026-05-29T19:19:34.577+0000] {processor.py:840} INFO - DAG(s) 'example_task_group_decorator' retrieved from /home/airflow/.local/lib/python3.8/site-packages/airflow/example_dags/example_task_group_decorator.py
[2026-05-29T19:19:34.598+0000] {logging_mixin.py:188} INFO - [2026-05-29T19:19:34.598+0000] {dag.py:3047} INFO - Sync 1 DAGs
[2026-05-29T19:19:34.616+0000] {logging_mixin.py:188} INFO - [2026-05-29T19:19:34.616+0000] {dag.py:3834} INFO - Setting next_dagrun for example_task_group_decorator to 2026-05-28 00:00:00+00:00, run_after=2026-05-29 00:00:00+00:00
[2026-05-29T19:19:34.637+0000] {processor.py:183} INFO - Processing /home/airflow/.local/lib/python3.8/site-packages/airflow/example_dags/example_task_group_decorator.py took 0.076 seconds
[2026-05-29T19:20:05.052+0000] {processor.py:161} INFO - Started process (PID=503) to work on /home/airflow/.local/lib/python3.8/site-packages/airflow/example_dags/example_task_group_decorator.py
[2026-05-29T19:20:05.054+0000] {processor.py:830} INFO - Processing file /home/airflow/.local/lib/python3.8/site-packages/airflow/example_dags/example_task_group_decorator.py for tasks to queue
[2026-05-29T19:20:05.056+0000] {logging_mixin.py:188} INFO - [2026-05-29T19:20:05.056+0000] {dagbag.py:540} INFO - Filling up the DagBag from /home/airflow/.local/lib/python3.8/site-packages/airflow/example_dags/example_task_group_decorator.py
[2026-05-29T19:20:05.069+0000] {processor.py:840} INFO - DAG(s) 'example_task_group_decorator' retrieved from /home/airflow/.local/lib/python3.8/site-packages/airflow/example_dags/example_task_group_decorator.py
[2026-05-29T19:20:05.098+0000] {logging_mixin.py:188} INFO - [2026-05-29T19:20:05.098+0000] {dag.py:3047} INFO - Sync 1 DAGs
[2026-05-29T19:20:05.120+0000] {logging_mixin.py:188} INFO - [2026-05-29T19:20:05.120+0000] {dag.py:3834} INFO - Setting next_dagrun for example_task_group_decorator to 2026-05-28 00:00:00+00:00, run_after=2026-05-29 00:00:00+00:00
[2026-05-29T19:20:05.141+0000] {processor.py:183} INFO - Processing /home/airflow/.local/lib/python3.8/site-packages/airflow/example_dags/example_task_group_decorator.py took 0.091 seconds
[2026-05-29T19:20:35.253+0000] {processor.py:161} INFO - Started process (PID=558) to work on /home/airflow/.local/lib/python3.8/site-packages/airflow/example_dags/example_task_group_decorator.py
[2026-05-29T19:20:35.255+0000] {processor.py:830} INFO - Processing file /home/airflow/.local/lib/python3.8/site-packages/airflow/example_dags/example_task_group_decorator.py for tasks to queue
[2026-05-29T19:20:35.257+0000] {logging_mixin.py:188} INFO - [2026-05-29T19:20:35.256+0000] {dagbag.py:540} INFO - Filling up the DagBag from /home/airflow/.local/lib/python3.8/site-packages/airflow/example_dags/example_task_group_decorator.py
[2026-05-29T19:20:35.268+0000] {processor.py:840} INFO - DAG(s) 'example_task_group_decorator' retrieved from /home/airflow/.local/lib/python3.8/site-packages/airflow/example_dags/example_task_group_decorator.py
[2026-05-29T19:20:35.302+0000] {logging_mixin.py:188} INFO - [2026-05-29T19:20:35.302+0000] {dag.py:3047} INFO - Sync 1 DAGs
[2026-05-29T19:20:35.335+0000] {logging_mixin.py:188} INFO - [2026-05-29T19:20:35.335+0000] {dag.py:3834} INFO - Setting next_dagrun for example_task_group_decorator to 2026-05-28 00:00:00+00:00, run_after=2026-05-29 00:00:00+00:00
[2026-05-29T19:20:35.357+0000] {processor.py:183} INFO - Processing /home/airflow/.local/lib/python3.8/site-packages/airflow/example_dags/example_task_group_decorator.py took 0.107 seconds
[2026-05-29T19:21:05.660+0000] {processor.py:161} INFO - Started process (PID=613) to work on /home/airflow/.local/lib/python3.8/site-packages/airflow/example_dags/example_task_group_decorator.py
[2026-05-29T19:21:05.661+0000] {processor.py:830} INFO - Processing file /home/airflow/.local/lib/python3.8/site-packages/airflow/example_dags/example_task_group_decorator.py for tasks to queue
[2026-05-29T19:21:05.663+0000] {logging_mixin.py:188} INFO - [2026-05-29T19:21:05.663+0000] {dagbag.py:540} INFO - Filling up the DagBag from /home/airflow/.local/lib/python3.8/site-packages/airflow/example_dags/example_task_group_decorator.py
[2026-05-29T19:21:05.674+0000] {processor.py:840} INFO - DAG(s) 'example_task_group_decorator' retrieved from /home/airflow/.local/lib/python3.8/site-packages/airflow/example_dags/example_task_group_decorator.py
[2026-05-29T19:21:05.696+0000] {logging_mixin.py:188} INFO - [2026-05-29T19:21:05.696+0000] {dag.py:3047} INFO - Sync 1 DAGs
[2026-05-29T19:21:05.716+0000] {logging_mixin.py:188} INFO - [2026-05-29T19:21:05.716+0000] {dag.py:3834} INFO - Setting next_dagrun for example_task_group_decorator to 2026-05-28 00:00:00+00:00, run_after=2026-05-29 00:00:00+00:00
[2026-05-29T19:21:05.742+0000] {processor.py:183} INFO - Processing /home/airflow/.local/lib/python3.8/site-packages/airflow/example_dags/example_task_group_decorator.py took 0.085 seconds
[2026-05-29T19:21:36.007+0000] {processor.py:161} INFO - Started process (PID=668) to work on /home/airflow/.local/lib/python3.8/site-packages/airflow/example_dags/example_task_group_decorator.py
[2026-05-29T19:21:36.009+0000] {processor.py:830} INFO - Processing file /home/airflow/.local/lib/python3.8/site-packages/airflow/example_dags/example_task_group_decorator.py for tasks to queue
[2026-05-29T19:21:36.011+0000] {logging_mixin.py:188} INFO - [2026-05-29T19:21:36.011+0000] {dagbag.py:540} INFO - Filling up the DagBag from /home/airflow/.local/lib/python3.8/site-packages/airflow/example_dags/example_task_group_decorator.py
[2026-05-29T19:21:36.029+0000] {processor.py:840} INFO - DAG(s) 'example_task_group_decorator' retrieved from /home/airflow/.local/lib/python3.8/site-packages/airflow/example_dags/example_task_group_decorator.py
[2026-05-29T19:21:36.049+0000] {logging_mixin.py:188} INFO - [2026-05-29T19:21:36.049+0000] {dag.py:3047} INFO - Sync 1 DAGs
[2026-05-29T19:21:36.068+0000] {logging_mixin.py:188} INFO - [2026-05-29T19:21:36.068+0000] {dag.py:3834} INFO - Setting next_dagrun for example_task_group_decorator to 2026-05-28 00:00:00+00:00, run_after=2026-05-29 00:00:00+00:00
[2026-05-29T19:21:36.096+0000] {processor.py:183} INFO - Processing /home/airflow/.local/lib/python3.8/site-packages/airflow/example_dags/example_task_group_decorator.py took 0.095 seconds
[2026-05-29T19:22:06.143+0000] {processor.py:161} INFO - Started process (PID=722) to work on /home/airflow/.local/lib/python3.8/site-packages/airflow/example_dags/example_task_group_decorator.py
[2026-05-29T19:22:06.145+0000] {processor.py:830} INFO - Processing file /home/airflow/.local/lib/python3.8/site-packages/airflow/example_dags/example_task_group_decorator.py for tasks to queue
[2026-05-29T19:22:06.149+0000] {logging_mixin.py:188} INFO - [2026-05-29T19:22:06.148+0000] {dagbag.py:540} INFO - Filling up the DagBag from /home/airflow/.local/lib/python3.8/site-packages/airflow/example_dags/example_task_group_decorator.py
[2026-05-29T19:22:06.162+0000] {processor.py:840} INFO - DAG(s) 'example_task_group_decorator' retrieved from /home/airflow/.local/lib/python3.8/site-packages/airflow/example_dags/example_task_group_decorator.py
[2026-05-29T19:22:06.182+0000] {logging_mixin.py:188} INFO - [2026-05-29T19:22:06.182+0000] {dag.py:3047} INFO - Sync 1 DAGs
[2026-05-29T19:22:06.198+0000] {logging_mixin.py:188} INFO - [2026-05-29T19:22:06.198+0000] {dag.py:3834} INFO - Setting next_dagrun for example_task_group_decorator to 2026-05-28 00:00:00+00:00, run_after=2026-05-29 00:00:00+00:00
[2026-05-29T19:22:06.225+0000] {processor.py:183} INFO - Processing /home/airflow/.local/lib/python3.8/site-packages/airflow/example_dags/example_task_group_decorator.py took 0.085 seconds
[2026-05-29T19:22:36.529+0000] {processor.py:161} INFO - Started process (PID=778) to work on /home/airflow/.local/lib/python3.8/site-packages/airflow/example_dags/example_task_group_decorator.py
[2026-05-29T19:22:36.531+0000] {processor.py:830} INFO - Processing file /home/airflow/.local/lib/python3.8/site-packages/airflow/example_dags/example_task_group_decorator.py for tasks to queue
[2026-05-29T19:22:36.533+0000] {logging_mixin.py:188} INFO - [2026-05-29T19:22:36.533+0000] {dagbag.py:540} INFO - Filling up the DagBag from /home/airflow/.local/lib/python3.8/site-packages/airflow/example_dags/example_task_group_decorator.py
[2026-05-29T19:22:36.545+0000] {processor.py:840} INFO - DAG(s) 'example_task_group_decorator' retrieved from /home/airflow/.local/lib/python3.8/site-packages/airflow/example_dags/example_task_group_decorator.py
[2026-05-29T19:22:36.569+0000] {logging_mixin.py:188} INFO - [2026-05-29T19:22:36.569+0000] {dag.py:3047} INFO - Sync 1 DAGs
[2026-05-29T19:22:36.593+0000] {logging_mixin.py:188} INFO - [2026-05-29T19:22:36.593+0000] {dag.py:3834} INFO - Setting next_dagrun for example_task_group_decorator to 2026-05-28 00:00:00+00:00, run_after=2026-05-29 00:00:00+00:00
[2026-05-29T19:22:36.620+0000] {processor.py:183} INFO - Processing /home/airflow/.local/lib/python3.8/site-packages/airflow/example_dags/example_task_group_decorator.py took 0.095 seconds
[2026-05-29T19:23:06.824+0000] {processor.py:161} INFO - Started process (PID=833) to work on /home/airflow/.local/lib/python3.8/site-packages/airflow/example_dags/example_task_group_decorator.py
[2026-05-29T19:23:06.826+0000] {processor.py:830} INFO - Processing file /home/airflow/.local/lib/python3.8/site-packages/airflow/example_dags/example_task_group_decorator.py for tasks to queue
[2026-05-29T19:23:06.828+0000] {logging_mixin.py:188} INFO - [2026-05-29T19:23:06.827+0000] {dagbag.py:540} INFO - Filling up the DagBag from /home/airflow/.local/lib/python3.8/site-packages/airflow/example_dags/example_task_group_decorator.py
[2026-05-29T19:23:06.838+0000] {processor.py:840} INFO - DAG(s) 'example_task_group_decorator' retrieved from /home/airflow/.local/lib/python3.8/site-packages/airflow/example_dags/example_task_group_decorator.py
[2026-05-29T19:23:06.859+0000] {logging_mixin.py:188} INFO - [2026-05-29T19:23:06.859+0000] {dag.py:3047} INFO - Sync 1 DAGs
[2026-05-29T19:23:06.878+0000] {logging_mixin.py:188} INFO - [2026-05-29T19:23:06.878+0000] {dag.py:3834} INFO - Setting next_dagrun for example_task_group_decorator to 2026-05-28 00:00:00+00:00, run_after=2026-05-29 00:00:00+00:00
[2026-05-29T19:23:06.900+0000] {processor.py:183} INFO - Processing /home/airflow/.local/lib/python3.8/site-packages/airflow/example_dags/example_task_group_decorator.py took 0.078 seconds
[2026-05-29T19:23:36.992+0000] {processor.py:161} INFO - Started process (PID=888) to work on /home/airflow/.local/lib/python3.8/site-packages/airflow/example_dags/example_task_group_decorator.py
[2026-05-29T19:23:36.993+0000] {processor.py:830} INFO - Processing file /home/airflow/.local/lib/python3.8/site-packages/airflow/example_dags/example_task_group_decorator.py for tasks to queue
[2026-05-29T19:23:36.995+0000] {logging_mixin.py:188} INFO - [2026-05-29T19:23:36.995+0000] {dagbag.py:540} INFO - Filling up the DagBag from /home/airflow/.local/lib/python3.8/site-packages/airflow/example_dags/example_task_group_decorator.py
[2026-05-29T19:23:37.009+0000] {processor.py:840} INFO - DAG(s) 'example_task_group_decorator' retrieved from /home/airflow/.local/lib/python3.8/site-packages/airflow/example_dags/example_task_group_decorator.py
[2026-05-29T19:23:37.041+0000] {logging_mixin.py:188} INFO - [2026-05-29T19:23:37.041+0000] {dag.py:3047} INFO - Sync 1 DAGs
[2026-05-29T19:23:37.068+0000] {logging_mixin.py:188} INFO - [2026-05-29T19:23:37.068+0000] {dag.py:3834} INFO - Setting next_dagrun for example_task_group_decorator to 2026-05-28 00:00:00+00:00, run_after=2026-05-29 00:00:00+00:00
[2026-05-29T19:23:37.092+0000] {processor.py:183} INFO - Processing /home/airflow/.local/lib/python3.8/site-packages/airflow/example_dags/example_task_group_decorator.py took 0.105 seconds
[2026-05-29T19:24:07.153+0000] {processor.py:161} INFO - Started process (PID=943) to work on /home/airflow/.local/lib/python3.8/site-packages/airflow/example_dags/example_task_group_decorator.py
[2026-05-29T19:24:07.154+0000] {processor.py:830} INFO - Processing file /home/airflow/.local/lib/python3.8/site-packages/airflow/example_dags/example_task_group_decorator.py for tasks to queue
[2026-05-29T19:24:07.156+0000] {logging_mixin.py:188} INFO - [2026-05-29T19:24:07.156+0000] {dagbag.py:540} INFO - Filling up the DagBag from /home/airflow/.local/lib/python3.8/site-packages/airflow/example_dags/example_task_group_decorator.py
[2026-05-29T19:24:07.166+0000] {processor.py:840} INFO - DAG(s) 'example_task_group_decorator' retrieved from /home/airflow/.local/lib/python3.8/site-packages/airflow/example_dags/example_task_group_decorator.py
[2026-05-29T19:24:07.193+0000] {logging_mixin.py:188} INFO - [2026-05-29T19:24:07.193+0000] {dag.py:3047} INFO - Sync 1 DAGs
[2026-05-29T19:24:07.214+0000] {logging_mixin.py:188} INFO - [2026-05-29T19:24:07.214+0000] {dag.py:3834} INFO - Setting next_dagrun for example_task_group_decorator to 2026-05-28 00:00:00+00:00, run_after=2026-05-29 00:00:00+00:00
[2026-05-29T19:24:07.236+0000] {processor.py:183} INFO - Processing /home/airflow/.local/lib/python3.8/site-packages/airflow/example_dags/example_task_group_decorator.py took 0.086 seconds
[2026-05-29T19:24:37.557+0000] {processor.py:161} INFO - Started process (PID=998) to work on /home/airflow/.local/lib/python3.8/site-packages/airflow/example_dags/example_task_group_decorator.py
[2026-05-29T19:24:37.559+0000] {processor.py:830} INFO - Processing file /home/airflow/.local/lib/python3.8/site-packages/airflow/example_dags/example_task_group_decorator.py for tasks to queue
[2026-05-29T19:24:37.561+0000] {logging_mixin.py:188} INFO - [2026-05-29T19:24:37.561+0000] {dagbag.py:540} INFO - Filling up the DagBag from /home/airflow/.local/lib/python3.8/site-packages/airflow/example_dags/example_task_group_decorator.py
[2026-05-29T19:24:37.572+0000] {processor.py:840} INFO - DAG(s) 'example_task_group_decorator' retrieved from /home/airflow/.local/lib/python3.8/site-packages/airflow/example_dags/example_task_group_decorator.py
[2026-05-29T19:24:37.601+0000] {logging_mixin.py:188} INFO - [2026-05-29T19:24:37.600+0000] {dag.py:3047} INFO - Sync 1 DAGs
[2026-05-29T19:24:37.630+0000] {logging_mixin.py:188} INFO - [2026-05-29T19:24:37.629+0000] {dag.py:3834} INFO - Setting next_dagrun for example_task_group_decorator to 2026-05-28 00:00:00+00:00, run_after=2026-05-29 00:00:00+00:00
[2026-05-29T19:24:37.664+0000] {processor.py:183} INFO - Processing /home/airflow/.local/lib/python3.8/site-packages/airflow/example_dags/example_task_group_decorator.py took 0.111 seconds
[2026-05-29T19:25:07.972+0000] {processor.py:161} INFO - Started process (PID=1053) to work on /home/airflow/.local/lib/python3.8/site-packages/airflow/example_dags/example_task_group_decorator.py
[2026-05-29T19:25:07.974+0000] {processor.py:830} INFO - Processing file /home/airflow/.local/lib/python3.8/site-packages/airflow/example_dags/example_task_group_decorator.py for tasks to queue
[2026-05-29T19:25:07.975+0000] {logging_mixin.py:188} INFO - [2026-05-29T19:25:07.975+0000] {dagbag.py:540} INFO - Filling up the DagBag from /home/airflow/.local/lib/python3.8/site-packages/airflow/example_dags/example_task_group_decorator.py
[2026-05-29T19:25:07.986+0000] {processor.py:840} INFO - DAG(s) 'example_task_group_decorator' retrieved from /home/airflow/.local/lib/python3.8/site-packages/airflow/example_dags/example_task_group_decorator.py
[2026-05-29T19:25:08.006+0000] {logging_mixin.py:188} INFO - [2026-05-29T19:25:08.006+0000] {dag.py:3047} INFO - Sync 1 DAGs
[2026-05-29T19:25:08.026+0000] {logging_mixin.py:188} INFO - [2026-05-29T19:25:08.026+0000] {dag.py:3834} INFO - Setting next_dagrun for example_task_group_decorator to 2026-05-28 00:00:00+00:00, run_after=2026-05-29 00:00:00+00:00
[2026-05-29T19:25:08.049+0000] {processor.py:183} INFO - Processing /home/airflow/.local/lib/python3.8/site-packages/airflow/example_dags/example_task_group_decorator.py took 0.080 seconds
[2026-05-29T19:25:38.416+0000] {processor.py:161} INFO - Started process (PID=1108) to work on /home/airflow/.local/lib/python3.8/site-packages/airflow/example_dags/example_task_group_decorator.py
[2026-05-29T19:25:38.420+0000] {processor.py:830} INFO - Processing file /home/airflow/.local/lib/python3.8/site-packages/airflow/example_dags/example_task_group_decorator.py for tasks to queue
[2026-05-29T19:25:38.425+0000] {logging_mixin.py:188} INFO - [2026-05-29T19:25:38.424+0000] {dagbag.py:540} INFO - Filling up the DagBag from /home/airflow/.local/lib/python3.8/site-packages/airflow/example_dags/example_task_group_decorator.py
[2026-05-29T19:25:38.443+0000] {processor.py:840} INFO - DAG(s) 'example_task_group_decorator' retrieved from /home/airflow/.local/lib/python3.8/site-packages/airflow/example_dags/example_task_group_decorator.py
[2026-05-29T19:25:38.476+0000] {logging_mixin.py:188} INFO - [2026-05-29T19:25:38.475+0000] {dag.py:3047} INFO - Sync 1 DAGs
[2026-05-29T19:25:38.507+0000] {logging_mixin.py:188} INFO - [2026-05-29T19:25:38.507+0000] {dag.py:3834} INFO - Setting next_dagrun for example_task_group_decorator to 2026-05-28 00:00:00+00:00, run_after=2026-05-29 00:00:00+00:00
[2026-05-29T19:25:38.545+0000] {processor.py:183} INFO - Processing /home/airflow/.local/lib/python3.8/site-packages/airflow/example_dags/example_task_group_decorator.py took 0.135 seconds
[2026-05-29T19:26:08.726+0000] {processor.py:161} INFO - Started process (PID=1163) to work on /home/airflow/.local/lib/python3.8/site-packages/airflow/example_dags/example_task_group_decorator.py
[2026-05-29T19:26:08.728+0000] {processor.py:830} INFO - Processing file /home/airflow/.local/lib/python3.8/site-packages/airflow/example_dags/example_task_group_decorator.py for tasks to queue
[2026-05-29T19:26:08.733+0000] {logging_mixin.py:188} INFO - [2026-05-29T19:26:08.732+0000] {dagbag.py:540} INFO - Filling up the DagBag from /home/airflow/.local/lib/python3.8/site-packages/airflow/example_dags/example_task_group_decorator.py
[2026-05-29T19:26:08.749+0000] {processor.py:840} INFO - DAG(s) 'example_task_group_decorator' retrieved from /home/airflow/.local/lib/python3.8/site-packages/airflow/example_dags/example_task_group_decorator.py
[2026-05-29T19:26:08.778+0000] {logging_mixin.py:188} INFO - [2026-05-29T19:26:08.778+0000] {dag.py:3047} INFO - Sync 1 DAGs
[2026-05-29T19:26:08.807+0000] {logging_mixin.py:188} INFO - [2026-05-29T19:26:08.807+0000] {dag.py:3834} INFO - Setting next_dagrun for example_task_group_decorator to 2026-05-28 00:00:00+00:00, run_after=2026-05-29 00:00:00+00:00
[2026-05-29T19:26:08.831+0000] {processor.py:183} INFO - Processing /home/airflow/.local/lib/python3.8/site-packages/airflow/example_dags/example_task_group_decorator.py took 0.109 seconds
[2026-05-29T19:26:39.033+0000] {processor.py:161} INFO - Started process (PID=1218) to work on /home/airflow/.local/lib/python3.8/site-packages/airflow/example_dags/example_task_group_decorator.py
[2026-05-29T19:26:39.035+0000] {processor.py:830} INFO - Processing file /home/airflow/.local/lib/python3.8/site-packages/airflow/example_dags/example_task_group_decorator.py for tasks to queue
[2026-05-29T19:26:39.037+0000] {logging_mixin.py:188} INFO - [2026-05-29T19:26:39.037+0000] {dagbag.py:540} INFO - Filling up the DagBag from /home/airflow/.local/lib/python3.8/site-packages/airflow/example_dags/example_task_group_decorator.py
[2026-05-29T19:26:39.051+0000] {processor.py:840} INFO - DAG(s) 'example_task_group_decorator' retrieved from /home/airflow/.local/lib/python3.8/site-packages/airflow/example_dags/example_task_group_decorator.py
[2026-05-29T19:26:39.076+0000] {logging_mixin.py:188} INFO - [2026-05-29T19:26:39.076+0000] {dag.py:3047} INFO - Sync 1 DAGs
[2026-05-29T19:26:39.098+0000] {logging_mixin.py:188} INFO - [2026-05-29T19:26:39.098+0000] {dag.py:3834} INFO - Setting next_dagrun for example_task_group_decorator to 2026-05-28 00:00:00+00:00, run_after=2026-05-29 00:00:00+00:00
[2026-05-29T19:26:39.123+0000] {processor.py:183} INFO - Processing /home/airflow/.local/lib/python3.8/site-packages/airflow/example_dags/example_task_group_decorator.py took 0.092 seconds
[2026-05-29T19:27:09.204+0000] {processor.py:161} INFO - Started process (PID=1273) to work on /home/airflow/.local/lib/python3.8/site-packages/airflow/example_dags/example_task_group_decorator.py
[2026-05-29T19:27:09.206+0000] {processor.py:830} INFO - Processing file /home/airflow/.local/lib/python3.8/site-packages/airflow/example_dags/example_task_group_decorator.py for tasks to queue
[2026-05-29T19:27:09.208+0000] {logging_mixin.py:188} INFO - [2026-05-29T19:27:09.208+0000] {dagbag.py:540} INFO - Filling up the DagBag from /home/airflow/.local/lib/python3.8/site-packages/airflow/example_dags/example_task_group_decorator.py
[2026-05-29T19:27:09.216+0000] {processor.py:840} INFO - DAG(s) 'example_task_group_decorator' retrieved from /home/airflow/.local/lib/python3.8/site-packages/airflow/example_dags/example_task_group_decorator.py
[2026-05-29T19:27:09.237+0000] {logging_mixin.py:188} INFO - [2026-05-29T19:27:09.237+0000] {dag.py:3047} INFO - Sync 1 DAGs
[2026-05-29T19:27:09.256+0000] {logging_mixin.py:188} INFO - [2026-05-29T19:27:09.255+0000] {dag.py:3834} INFO - Setting next_dagrun for example_task_group_decorator to 2026-05-28 00:00:00+00:00, run_after=2026-05-29 00:00:00+00:00
[2026-05-29T19:27:09.277+0000] {processor.py:183} INFO - Processing /home/airflow/.local/lib/python3.8/site-packages/airflow/example_dags/example_task_group_decorator.py took 0.079 seconds
[2026-05-29T19:27:39.853+0000] {processor.py:161} INFO - Started process (PID=1328) to work on /home/airflow/.local/lib/python3.8/site-packages/airflow/example_dags/example_task_group_decorator.py
[2026-05-29T19:27:39.854+0000] {processor.py:830} INFO - Processing file /home/airflow/.local/lib/python3.8/site-packages/airflow/example_dags/example_task_group_decorator.py for tasks to queue
[2026-05-29T19:27:39.856+0000] {logging_mixin.py:188} INFO - [2026-05-29T19:27:39.856+0000] {dagbag.py:540} INFO - Filling up the DagBag from /home/airflow/.local/lib/python3.8/site-packages/airflow/example_dags/example_task_group_decorator.py
[2026-05-29T19:27:39.869+0000] {processor.py:840} INFO - DAG(s) 'example_task_group_decorator' retrieved from /home/airflow/.local/lib/python3.8/site-packages/airflow/example_dags/example_task_group_decorator.py
[2026-05-29T19:27:39.893+0000] {logging_mixin.py:188} INFO - [2026-05-29T19:27:39.893+0000] {dag.py:3047} INFO - Sync 1 DAGs
[2026-05-29T19:27:39.921+0000] {logging_mixin.py:188} INFO - [2026-05-29T19:27:39.921+0000] {dag.py:3834} INFO - Setting next_dagrun for example_task_group_decorator to 2026-05-28 00:00:00+00:00, run_after=2026-05-29 00:00:00+00:00
[2026-05-29T19:27:39.944+0000] {processor.py:183} INFO - Processing /home/airflow/.local/lib/python3.8/site-packages/airflow/example_dags/example_task_group_decorator.py took 0.097 seconds
[2026-05-29T19:28:10.049+0000] {processor.py:161} INFO - Started process (PID=1383) to work on /home/airflow/.local/lib/python3.8/site-packages/airflow/example_dags/example_task_group_decorator.py
[2026-05-29T19:28:10.051+0000] {processor.py:830} INFO - Processing file /home/airflow/.local/lib/python3.8/site-packages/airflow/example_dags/example_task_group_decorator.py for tasks to queue
[2026-05-29T19:28:10.053+0000] {logging_mixin.py:188} INFO - [2026-05-29T19:28:10.053+0000] {dagbag.py:540} INFO - Filling up the DagBag from /home/airflow/.local/lib/python3.8/site-packages/airflow/example_dags/example_task_group_decorator.py
[2026-05-29T19:28:10.064+0000] {processor.py:840} INFO - DAG(s) 'example_task_group_decorator' retrieved from /home/airflow/.local/lib/python3.8/site-packages/airflow/example_dags/example_task_group_decorator.py
[2026-05-29T19:28:10.085+0000] {logging_mixin.py:188} INFO - [2026-05-29T19:28:10.085+0000] {dag.py:3047} INFO - Sync 1 DAGs
[2026-05-29T19:28:10.105+0000] {logging_mixin.py:188} INFO - [2026-05-29T19:28:10.105+0000] {dag.py:3834} INFO - Setting next_dagrun for example_task_group_decorator to 2026-05-28 00:00:00+00:00, run_after=2026-05-29 00:00:00+00:00
[2026-05-29T19:28:10.128+0000] {processor.py:183} INFO - Processing /home/airflow/.local/lib/python3.8/site-packages/airflow/example_dags/example_task_group_decorator.py took 0.082 seconds
[2026-05-29T19:28:40.535+0000] {processor.py:161} INFO - Started process (PID=1437) to work on /home/airflow/.local/lib/python3.8/site-packages/airflow/example_dags/example_task_group_decorator.py
[2026-05-29T19:28:40.537+0000] {processor.py:830} INFO - Processing file /home/airflow/.local/lib/python3.8/site-packages/airflow/example_dags/example_task_group_decorator.py for tasks to queue
[2026-05-29T19:28:40.540+0000] {logging_mixin.py:188} INFO - [2026-05-29T19:28:40.539+0000] {dagbag.py:540} INFO - Filling up the DagBag from /home/airflow/.local/lib/python3.8/site-packages/airflow/example_dags/example_task_group_decorator.py
[2026-05-29T19:28:40.552+0000] {processor.py:840} INFO - DAG(s) 'example_task_group_decorator' retrieved from /home/airflow/.local/lib/python3.8/site-packages/airflow/example_dags/example_task_group_decorator.py
[2026-05-29T19:28:40.573+0000] {logging_mixin.py:188} INFO - [2026-05-29T19:28:40.572+0000] {dag.py:3047} INFO - Sync 1 DAGs
[2026-05-29T19:28:40.593+0000] {logging_mixin.py:188} INFO - [2026-05-29T19:28:40.592+0000] {dag.py:3834} INFO - Setting next_dagrun for example_task_group_decorator to 2026-05-28 00:00:00+00:00, run_after=2026-05-29 00:00:00+00:00
[2026-05-29T19:28:40.614+0000] {processor.py:183} INFO - Processing /home/airflow/.local/lib/python3.8/site-packages/airflow/example_dags/example_task_group_decorator.py took 0.082 seconds
[2026-05-29T19:29:11.083+0000] {processor.py:161} INFO - Started process (PID=1492) to work on /home/airflow/.local/lib/python3.8/site-packages/airflow/example_dags/example_task_group_decorator.py
[2026-05-29T19:29:11.085+0000] {processor.py:830} INFO - Processing file /home/airflow/.local/lib/python3.8/site-packages/airflow/example_dags/example_task_group_decorator.py for tasks to queue
[2026-05-29T19:29:11.088+0000] {logging_mixin.py:188} INFO - [2026-05-29T19:29:11.087+0000] {dagbag.py:540} INFO - Filling up the DagBag from /home/airflow/.local/lib/python3.8/site-packages/airflow/example_dags/example_task_group_decorator.py
[2026-05-29T19:29:11.098+0000] {processor.py:840} INFO - DAG(s) 'example_task_group_decorator' retrieved from /home/airflow/.local/lib/python3.8/site-packages/airflow/example_dags/example_task_group_decorator.py
[2026-05-29T19:29:11.120+0000] {logging_mixin.py:188} INFO - [2026-05-29T19:29:11.120+0000] {dag.py:3047} INFO - Sync 1 DAGs
[2026-05-29T19:29:11.140+0000] {logging_mixin.py:188} INFO - [2026-05-29T19:29:11.139+0000] {dag.py:3834} INFO - Setting next_dagrun for example_task_group_decorator to 2026-05-28 00:00:00+00:00, run_after=2026-05-29 00:00:00+00:00
[2026-05-29T19:29:11.160+0000] {processor.py:183} INFO - Processing /home/airflow/.local/lib/python3.8/site-packages/airflow/example_dags/example_task_group_decorator.py took 0.080 seconds
[2026-05-29T19:29:41.315+0000] {processor.py:161} INFO - Started process (PID=1547) to work on /home/airflow/.local/lib/python3.8/site-packages/airflow/example_dags/example_task_group_decorator.py
[2026-05-29T19:29:41.317+0000] {processor.py:830} INFO - Processing file /home/airflow/.local/lib/python3.8/site-packages/airflow/example_dags/example_task_group_decorator.py for tasks to queue
[2026-05-29T19:29:41.325+0000] {logging_mixin.py:188} INFO - [2026-05-29T19:29:41.324+0000] {dagbag.py:540} INFO - Filling up the DagBag from /home/airflow/.local/lib/python3.8/site-packages/airflow/example_dags/example_task_group_decorator.py
[2026-05-29T19:29:41.341+0000] {processor.py:840} INFO - DAG(s) 'example_task_group_decorator' retrieved from /home/airflow/.local/lib/python3.8/site-packages/airflow/example_dags/example_task_group_decorator.py
[2026-05-29T19:29:41.406+0000] {logging_mixin.py:188} INFO - [2026-05-29T19:29:41.405+0000] {dag.py:3047} INFO - Sync 1 DAGs
[2026-05-29T19:29:41.464+0000] {logging_mixin.py:188} INFO - [2026-05-29T19:29:41.463+0000] {dag.py:3834} INFO - Setting next_dagrun for example_task_group_decorator to 2026-05-28 00:00:00+00:00, run_after=2026-05-29 00:00:00+00:00
[2026-05-29T19:29:41.499+0000] {processor.py:183} INFO - Processing /home/airflow/.local/lib/python3.8/site-packages/airflow/example_dags/example_task_group_decorator.py took 0.187 seconds
[2026-05-29T19:30:11.888+0000] {processor.py:161} INFO - Started process (PID=1602) to work on /home/airflow/.local/lib/python3.8/site-packages/airflow/example_dags/example_task_group_decorator.py
[2026-05-29T19:30:11.889+0000] {processor.py:830} INFO - Processing file /home/airflow/.local/lib/python3.8/site-packages/airflow/example_dags/example_task_group_decorator.py for tasks to queue
[2026-05-29T19:30:11.892+0000] {logging_mixin.py:188} INFO - [2026-05-29T19:30:11.892+0000] {dagbag.py:540} INFO - Filling up the DagBag from /home/airflow/.local/lib/python3.8/site-packages/airflow/example_dags/example_task_group_decorator.py
[2026-05-29T19:30:11.905+0000] {processor.py:840} INFO - DAG(s) 'example_task_group_decorator' retrieved from /home/airflow/.local/lib/python3.8/site-packages/airflow/example_dags/example_task_group_decorator.py
[2026-05-29T19:30:11.930+0000] {logging_mixin.py:188} INFO - [2026-05-29T19:30:11.929+0000] {dag.py:3047} INFO - Sync 1 DAGs
[2026-05-29T19:30:11.951+0000] {logging_mixin.py:188} INFO - [2026-05-29T19:30:11.951+0000] {dag.py:3834} INFO - Setting next_dagrun for example_task_group_decorator to 2026-05-28 00:00:00+00:00, run_after=2026-05-29 00:00:00+00:00
[2026-05-29T19:30:11.973+0000] {processor.py:183} INFO - Processing /home/airflow/.local/lib/python3.8/site-packages/airflow/example_dags/example_task_group_decorator.py took 0.088 seconds
[2026-05-29T19:30:42.089+0000] {processor.py:161} INFO - Started process (PID=1657) to work on /home/airflow/.local/lib/python3.8/site-packages/airflow/example_dags/example_task_group_decorator.py
[2026-05-29T19:30:42.091+0000] {processor.py:830} INFO - Processing file /home/airflow/.local/lib/python3.8/site-packages/airflow/example_dags/example_task_group_decorator.py for tasks to queue
[2026-05-29T19:30:42.093+0000] {logging_mixin.py:188} INFO - [2026-05-29T19:30:42.093+0000] {dagbag.py:540} INFO - Filling up the DagBag from /home/airflow/.local/lib/python3.8/site-packages/airflow/example_dags/example_task_group_decorator.py
[2026-05-29T19:30:42.103+0000] {processor.py:840} INFO - DAG(s) 'example_task_group_decorator' retrieved from /home/airflow/.local/lib/python3.8/site-packages/airflow/example_dags/example_task_group_decorator.py
[2026-05-29T19:30:42.128+0000] {logging_mixin.py:188} INFO - [2026-05-29T19:30:42.128+0000] {dag.py:3047} INFO - Sync 1 DAGs
[2026-05-29T19:30:42.148+0000] {logging_mixin.py:188} INFO - [2026-05-29T19:30:42.147+0000] {dag.py:3834} INFO - Setting next_dagrun for example_task_group_decorator to 2026-05-28 00:00:00+00:00, run_after=2026-05-29 00:00:00+00:00
[2026-05-29T19:30:42.168+0000] {processor.py:183} INFO - Processing /home/airflow/.local/lib/python3.8/site-packages/airflow/example_dags/example_task_group_decorator.py took 0.082 seconds
[2026-05-29T19:31:12.327+0000] {processor.py:161} INFO - Started process (PID=1712) to work on /home/airflow/.local/lib/python3.8/site-packages/airflow/example_dags/example_task_group_decorator.py
[2026-05-29T19:31:12.328+0000] {processor.py:830} INFO - Processing file /home/airflow/.local/lib/python3.8/site-packages/airflow/example_dags/example_task_group_decorator.py for tasks to queue
[2026-05-29T19:31:12.330+0000] {logging_mixin.py:188} INFO - [2026-05-29T19:31:12.330+0000] {dagbag.py:540} INFO - Filling up the DagBag from /home/airflow/.local/lib/python3.8/site-packages/airflow/example_dags/example_task_group_decorator.py
[2026-05-29T19:31:12.340+0000] {processor.py:840} INFO - DAG(s) 'example_task_group_decorator' retrieved from /home/airflow/.local/lib/python3.8/site-packages/airflow/example_dags/example_task_group_decorator.py
[2026-05-29T19:31:12.362+0000] {logging_mixin.py:188} INFO - [2026-05-29T19:31:12.362+0000] {dag.py:3047} INFO - Sync 1 DAGs
[2026-05-29T19:31:12.379+0000] {logging_mixin.py:188} INFO - [2026-05-29T19:31:12.379+0000] {dag.py:3834} INFO - Setting next_dagrun for example_task_group_decorator to 2026-05-28 00:00:00+00:00, run_after=2026-05-29 00:00:00+00:00
[2026-05-29T19:31:12.401+0000] {processor.py:183} INFO - Processing /home/airflow/.local/lib/python3.8/site-packages/airflow/example_dags/example_task_group_decorator.py took 0.078 seconds
[2026-05-29T19:31:42.774+0000] {processor.py:161} INFO - Started process (PID=1767) to work on /home/airflow/.local/lib/python3.8/site-packages/airflow/example_dags/example_task_group_decorator.py
[2026-05-29T19:31:42.775+0000] {processor.py:830} INFO - Processing file /home/airflow/.local/lib/python3.8/site-packages/airflow/example_dags/example_task_group_decorator.py for tasks to queue
[2026-05-29T19:31:42.777+0000] {logging_mixin.py:188} INFO - [2026-05-29T19:31:42.777+0000] {dagbag.py:540} INFO - Filling up the DagBag from /home/airflow/.local/lib/python3.8/site-packages/airflow/example_dags/example_task_group_decorator.py
[2026-05-29T19:31:42.795+0000] {processor.py:840} INFO - DAG(s) 'example_task_group_decorator' retrieved from /home/airflow/.local/lib/python3.8/site-packages/airflow/example_dags/example_task_group_decorator.py
[2026-05-29T19:31:42.827+0000] {logging_mixin.py:188} INFO - [2026-05-29T19:31:42.827+0000] {dag.py:3047} INFO - Sync 1 DAGs
[2026-05-29T19:31:42.851+0000] {logging_mixin.py:188} INFO - [2026-05-29T19:31:42.850+0000] {dag.py:3834} INFO - Setting next_dagrun for example_task_group_decorator to 2026-05-28 00:00:00+00:00, run_after=2026-05-29 00:00:00+00:00
[2026-05-29T19:31:42.875+0000] {processor.py:183} INFO - Processing /home/airflow/.local/lib/python3.8/site-packages/airflow/example_dags/example_task_group_decorator.py took 0.105 seconds
[2026-05-29T19:32:13.025+0000] {processor.py:161} INFO - Started process (PID=1822) to work on /home/airflow/.local/lib/python3.8/site-packages/airflow/example_dags/example_task_group_decorator.py
[2026-05-29T19:32:13.027+0000] {processor.py:830} INFO - Processing file /home/airflow/.local/lib/python3.8/site-packages/airflow/example_dags/example_task_group_decorator.py for tasks to queue
[2026-05-29T19:32:13.029+0000] {logging_mixin.py:188} INFO - [2026-05-29T19:32:13.029+0000] {dagbag.py:540} INFO - Filling up the DagBag from /home/airflow/.local/lib/python3.8/site-packages/airflow/example_dags/example_task_group_decorator.py
[2026-05-29T19:32:13.042+0000] {processor.py:840} INFO - DAG(s) 'example_task_group_decorator' retrieved from /home/airflow/.local/lib/python3.8/site-packages/airflow/example_dags/example_task_group_decorator.py
[2026-05-29T19:32:13.068+0000] {logging_mixin.py:188} INFO - [2026-05-29T19:32:13.068+0000] {dag.py:3047} INFO - Sync 1 DAGs
[2026-05-29T19:32:13.089+0000] {logging_mixin.py:188} INFO - [2026-05-29T19:32:13.089+0000] {dag.py:3834} INFO - Setting next_dagrun for example_task_group_decorator to 2026-05-28 00:00:00+00:00, run_after=2026-05-29 00:00:00+00:00
[2026-05-29T19:32:13.110+0000] {processor.py:183} INFO - Processing /home/airflow/.local/lib/python3.8/site-packages/airflow/example_dags/example_task_group_decorator.py took 0.089 seconds
[2026-05-29T19:32:43.326+0000] {processor.py:161} INFO - Started process (PID=1878) to work on /home/airflow/.local/lib/python3.8/site-packages/airflow/example_dags/example_task_group_decorator.py
[2026-05-29T19:32:43.327+0000] {processor.py:830} INFO - Processing file /home/airflow/.local/lib/python3.8/site-packages/airflow/example_dags/example_task_group_decorator.py for tasks to queue
[2026-05-29T19:32:43.329+0000] {logging_mixin.py:188} INFO - [2026-05-29T19:32:43.329+0000] {dagbag.py:540} INFO - Filling up the DagBag from /home/airflow/.local/lib/python3.8/site-packages/airflow/example_dags/example_task_group_decorator.py
[2026-05-29T19:32:43.343+0000] {processor.py:840} INFO - DAG(s) 'example_task_group_decorator' retrieved from /home/airflow/.local/lib/python3.8/site-packages/airflow/example_dags/example_task_group_decorator.py
[2026-05-29T19:32:43.371+0000] {logging_mixin.py:188} INFO - [2026-05-29T19:32:43.370+0000] {dag.py:3047} INFO - Sync 1 DAGs
[2026-05-29T19:32:43.393+0000] {logging_mixin.py:188} INFO - [2026-05-29T19:32:43.393+0000] {dag.py:3834} INFO - Setting next_dagrun for example_task_group_decorator to 2026-05-28 00:00:00+00:00, run_after=2026-05-29 00:00:00+00:00
[2026-05-29T19:32:43.416+0000] {processor.py:183} INFO - Processing /home/airflow/.local/lib/python3.8/site-packages/airflow/example_dags/example_task_group_decorator.py took 0.093 seconds
[2026-05-29T19:33:13.519+0000] {processor.py:161} INFO - Started process (PID=1933) to work on /home/airflow/.local/lib/python3.8/site-packages/airflow/example_dags/example_task_group_decorator.py
[2026-05-29T19:33:13.520+0000] {processor.py:830} INFO - Processing file /home/airflow/.local/lib/python3.8/site-packages/airflow/example_dags/example_task_group_decorator.py for tasks to queue
[2026-05-29T19:33:13.522+0000] {logging_mixin.py:188} INFO - [2026-05-29T19:33:13.522+0000] {dagbag.py:540} INFO - Filling up the DagBag from /home/airflow/.local/lib/python3.8/site-packages/airflow/example_dags/example_task_group_decorator.py
[2026-05-29T19:33:13.532+0000] {processor.py:840} INFO - DAG(s) 'example_task_group_decorator' retrieved from /home/airflow/.local/lib/python3.8/site-packages/airflow/example_dags/example_task_group_decorator.py
[2026-05-29T19:33:13.552+0000] {logging_mixin.py:188} INFO - [2026-05-29T19:33:13.552+0000] {dag.py:3047} INFO - Sync 1 DAGs
[2026-05-29T19:33:13.573+0000] {logging_mixin.py:188} INFO - [2026-05-29T19:33:13.573+0000] {dag.py:3834} INFO - Setting next_dagrun for example_task_group_decorator to 2026-05-28 00:00:00+00:00, run_after=2026-05-29 00:00:00+00:00
[2026-05-29T19:33:13.597+0000] {processor.py:183} INFO - Processing /home/airflow/.local/lib/python3.8/site-packages/airflow/example_dags/example_task_group_decorator.py took 0.081 seconds
[2026-05-29T19:33:43.966+0000] {processor.py:161} INFO - Started process (PID=1988) to work on /home/airflow/.local/lib/python3.8/site-packages/airflow/example_dags/example_task_group_decorator.py
[2026-05-29T19:33:43.969+0000] {processor.py:830} INFO - Processing file /home/airflow/.local/lib/python3.8/site-packages/airflow/example_dags/example_task_group_decorator.py for tasks to queue
[2026-05-29T19:33:43.974+0000] {logging_mixin.py:188} INFO - [2026-05-29T19:33:43.973+0000] {dagbag.py:540} INFO - Filling up the DagBag from /home/airflow/.local/lib/python3.8/site-packages/airflow/example_dags/example_task_group_decorator.py
[2026-05-29T19:33:44.025+0000] {processor.py:840} INFO - DAG(s) 'example_task_group_decorator' retrieved from /home/airflow/.local/lib/python3.8/site-packages/airflow/example_dags/example_task_group_decorator.py
[2026-05-29T19:33:44.128+0000] {logging_mixin.py:188} INFO - [2026-05-29T19:33:44.128+0000] {dag.py:3047} INFO - Sync 1 DAGs
[2026-05-29T19:33:44.218+0000] {logging_mixin.py:188} INFO - [2026-05-29T19:33:44.217+0000] {dag.py:3834} INFO - Setting next_dagrun for example_task_group_decorator to 2026-05-28 00:00:00+00:00, run_after=2026-05-29 00:00:00+00:00
[2026-05-29T19:33:44.295+0000] {processor.py:183} INFO - Processing /home/airflow/.local/lib/python3.8/site-packages/airflow/example_dags/example_task_group_decorator.py took 0.344 seconds
