[2026-05-29T19:16:07.559+0000] {processor.py:161} INFO - Started process (PID=94) to work on /home/airflow/.local/lib/python3.8/site-packages/airflow/example_dags/example_sensors.py
[2026-05-29T19:16:07.560+0000] {processor.py:830} INFO - Processing file /home/airflow/.local/lib/python3.8/site-packages/airflow/example_dags/example_sensors.py for tasks to queue
[2026-05-29T19:16:07.563+0000] {logging_mixin.py:188} INFO - [2026-05-29T19:16:07.562+0000] {dagbag.py:540} INFO - Filling up the DagBag from /home/airflow/.local/lib/python3.8/site-packages/airflow/example_dags/example_sensors.py
[2026-05-29T19:16:07.577+0000] {processor.py:840} INFO - DAG(s) 'example_sensors' retrieved from /home/airflow/.local/lib/python3.8/site-packages/airflow/example_dags/example_sensors.py
[2026-05-29T19:16:07.641+0000] {logging_mixin.py:188} INFO - [2026-05-29T19:16:07.640+0000] {dag.py:3047} INFO - Sync 1 DAGs
[2026-05-29T19:16:07.683+0000] {logging_mixin.py:188} INFO - [2026-05-29T19:16:07.682+0000] {dag.py:3834} INFO - Setting next_dagrun for example_sensors to None, run_after=None
[2026-05-29T19:16:07.719+0000] {processor.py:183} INFO - Processing /home/airflow/.local/lib/python3.8/site-packages/airflow/example_dags/example_sensors.py took 0.164 seconds
[2026-05-29T19:16:37.817+0000] {processor.py:161} INFO - Started process (PID=149) to work on /home/airflow/.local/lib/python3.8/site-packages/airflow/example_dags/example_sensors.py
[2026-05-29T19:16:37.819+0000] {processor.py:830} INFO - Processing file /home/airflow/.local/lib/python3.8/site-packages/airflow/example_dags/example_sensors.py for tasks to queue
[2026-05-29T19:16:37.821+0000] {logging_mixin.py:188} INFO - [2026-05-29T19:16:37.821+0000] {dagbag.py:540} INFO - Filling up the DagBag from /home/airflow/.local/lib/python3.8/site-packages/airflow/example_dags/example_sensors.py
[2026-05-29T19:16:37.828+0000] {processor.py:840} INFO - DAG(s) 'example_sensors' retrieved from /home/airflow/.local/lib/python3.8/site-packages/airflow/example_dags/example_sensors.py
[2026-05-29T19:16:37.848+0000] {logging_mixin.py:188} INFO - [2026-05-29T19:16:37.848+0000] {dag.py:3047} INFO - Sync 1 DAGs
[2026-05-29T19:16:37.859+0000] {logging_mixin.py:188} INFO - [2026-05-29T19:16:37.858+0000] {dag.py:3834} INFO - Setting next_dagrun for example_sensors to None, run_after=None
[2026-05-29T19:16:37.879+0000] {processor.py:183} INFO - Processing /home/airflow/.local/lib/python3.8/site-packages/airflow/example_dags/example_sensors.py took 0.065 seconds
[2026-05-29T19:17:07.913+0000] {processor.py:161} INFO - Started process (PID=204) to work on /home/airflow/.local/lib/python3.8/site-packages/airflow/example_dags/example_sensors.py
[2026-05-29T19:17:07.914+0000] {processor.py:830} INFO - Processing file /home/airflow/.local/lib/python3.8/site-packages/airflow/example_dags/example_sensors.py for tasks to queue
[2026-05-29T19:17:07.916+0000] {logging_mixin.py:188} INFO - [2026-05-29T19:17:07.916+0000] {dagbag.py:540} INFO - Filling up the DagBag from /home/airflow/.local/lib/python3.8/site-packages/airflow/example_dags/example_sensors.py
[2026-05-29T19:17:07.924+0000] {processor.py:840} INFO - DAG(s) 'example_sensors' retrieved from /home/airflow/.local/lib/python3.8/site-packages/airflow/example_dags/example_sensors.py
[2026-05-29T19:17:07.943+0000] {logging_mixin.py:188} INFO - [2026-05-29T19:17:07.943+0000] {dag.py:3047} INFO - Sync 1 DAGs
[2026-05-29T19:17:07.953+0000] {logging_mixin.py:188} INFO - [2026-05-29T19:17:07.953+0000] {dag.py:3834} INFO - Setting next_dagrun for example_sensors to None, run_after=None
[2026-05-29T19:17:07.972+0000] {processor.py:183} INFO - Processing /home/airflow/.local/lib/python3.8/site-packages/airflow/example_dags/example_sensors.py took 0.062 seconds
[2026-05-29T19:17:38.438+0000] {processor.py:161} INFO - Started process (PID=259) to work on /home/airflow/.local/lib/python3.8/site-packages/airflow/example_dags/example_sensors.py
[2026-05-29T19:17:38.439+0000] {processor.py:830} INFO - Processing file /home/airflow/.local/lib/python3.8/site-packages/airflow/example_dags/example_sensors.py for tasks to queue
[2026-05-29T19:17:38.441+0000] {logging_mixin.py:188} INFO - [2026-05-29T19:17:38.441+0000] {dagbag.py:540} INFO - Filling up the DagBag from /home/airflow/.local/lib/python3.8/site-packages/airflow/example_dags/example_sensors.py
[2026-05-29T19:17:38.452+0000] {processor.py:840} INFO - DAG(s) 'example_sensors' retrieved from /home/airflow/.local/lib/python3.8/site-packages/airflow/example_dags/example_sensors.py
[2026-05-29T19:17:38.484+0000] {logging_mixin.py:188} INFO - [2026-05-29T19:17:38.484+0000] {dag.py:3047} INFO - Sync 1 DAGs
[2026-05-29T19:17:38.496+0000] {logging_mixin.py:188} INFO - [2026-05-29T19:17:38.496+0000] {dag.py:3834} INFO - Setting next_dagrun for example_sensors to None, run_after=None
[2026-05-29T19:17:38.518+0000] {processor.py:183} INFO - Processing /home/airflow/.local/lib/python3.8/site-packages/airflow/example_dags/example_sensors.py took 0.083 seconds
[2026-05-29T19:18:09.470+0000] {processor.py:161} INFO - Started process (PID=314) to work on /home/airflow/.local/lib/python3.8/site-packages/airflow/example_dags/example_sensors.py
[2026-05-29T19:18:09.472+0000] {processor.py:830} INFO - Processing file /home/airflow/.local/lib/python3.8/site-packages/airflow/example_dags/example_sensors.py for tasks to queue
[2026-05-29T19:18:09.474+0000] {logging_mixin.py:188} INFO - [2026-05-29T19:18:09.473+0000] {dagbag.py:540} INFO - Filling up the DagBag from /home/airflow/.local/lib/python3.8/site-packages/airflow/example_dags/example_sensors.py
[2026-05-29T19:18:09.481+0000] {processor.py:840} INFO - DAG(s) 'example_sensors' retrieved from /home/airflow/.local/lib/python3.8/site-packages/airflow/example_dags/example_sensors.py
[2026-05-29T19:18:09.503+0000] {logging_mixin.py:188} INFO - [2026-05-29T19:18:09.503+0000] {dag.py:3047} INFO - Sync 1 DAGs
[2026-05-29T19:18:09.513+0000] {logging_mixin.py:188} INFO - [2026-05-29T19:18:09.513+0000] {dag.py:3834} INFO - Setting next_dagrun for example_sensors to None, run_after=None
[2026-05-29T19:18:09.531+0000] {processor.py:183} INFO - Processing /home/airflow/.local/lib/python3.8/site-packages/airflow/example_dags/example_sensors.py took 0.064 seconds
[2026-05-29T19:18:40.063+0000] {processor.py:161} INFO - Started process (PID=369) to work on /home/airflow/.local/lib/python3.8/site-packages/airflow/example_dags/example_sensors.py
[2026-05-29T19:18:40.064+0000] {processor.py:830} INFO - Processing file /home/airflow/.local/lib/python3.8/site-packages/airflow/example_dags/example_sensors.py for tasks to queue
[2026-05-29T19:18:40.068+0000] {logging_mixin.py:188} INFO - [2026-05-29T19:18:40.067+0000] {dagbag.py:540} INFO - Filling up the DagBag from /home/airflow/.local/lib/python3.8/site-packages/airflow/example_dags/example_sensors.py
[2026-05-29T19:18:40.078+0000] {processor.py:840} INFO - DAG(s) 'example_sensors' retrieved from /home/airflow/.local/lib/python3.8/site-packages/airflow/example_dags/example_sensors.py
[2026-05-29T19:18:40.109+0000] {logging_mixin.py:188} INFO - [2026-05-29T19:18:40.108+0000] {dag.py:3047} INFO - Sync 1 DAGs
[2026-05-29T19:18:40.125+0000] {logging_mixin.py:188} INFO - [2026-05-29T19:18:40.125+0000] {dag.py:3834} INFO - Setting next_dagrun for example_sensors to None, run_after=None
[2026-05-29T19:18:40.149+0000] {processor.py:183} INFO - Processing /home/airflow/.local/lib/python3.8/site-packages/airflow/example_dags/example_sensors.py took 0.090 seconds
[2026-05-29T19:19:10.281+0000] {processor.py:161} INFO - Started process (PID=424) to work on /home/airflow/.local/lib/python3.8/site-packages/airflow/example_dags/example_sensors.py
[2026-05-29T19:19:10.283+0000] {processor.py:830} INFO - Processing file /home/airflow/.local/lib/python3.8/site-packages/airflow/example_dags/example_sensors.py for tasks to queue
[2026-05-29T19:19:10.285+0000] {logging_mixin.py:188} INFO - [2026-05-29T19:19:10.285+0000] {dagbag.py:540} INFO - Filling up the DagBag from /home/airflow/.local/lib/python3.8/site-packages/airflow/example_dags/example_sensors.py
[2026-05-29T19:19:10.294+0000] {processor.py:840} INFO - DAG(s) 'example_sensors' retrieved from /home/airflow/.local/lib/python3.8/site-packages/airflow/example_dags/example_sensors.py
[2026-05-29T19:19:10.318+0000] {logging_mixin.py:188} INFO - [2026-05-29T19:19:10.318+0000] {dag.py:3047} INFO - Sync 1 DAGs
[2026-05-29T19:19:10.328+0000] {logging_mixin.py:188} INFO - [2026-05-29T19:19:10.328+0000] {dag.py:3834} INFO - Setting next_dagrun for example_sensors to None, run_after=None
[2026-05-29T19:19:10.350+0000] {processor.py:183} INFO - Processing /home/airflow/.local/lib/python3.8/site-packages/airflow/example_dags/example_sensors.py took 0.072 seconds
[2026-05-29T19:19:40.831+0000] {processor.py:161} INFO - Started process (PID=479) to work on /home/airflow/.local/lib/python3.8/site-packages/airflow/example_dags/example_sensors.py
[2026-05-29T19:19:40.832+0000] {processor.py:830} INFO - Processing file /home/airflow/.local/lib/python3.8/site-packages/airflow/example_dags/example_sensors.py for tasks to queue
[2026-05-29T19:19:40.835+0000] {logging_mixin.py:188} INFO - [2026-05-29T19:19:40.834+0000] {dagbag.py:540} INFO - Filling up the DagBag from /home/airflow/.local/lib/python3.8/site-packages/airflow/example_dags/example_sensors.py
[2026-05-29T19:19:40.843+0000] {processor.py:840} INFO - DAG(s) 'example_sensors' retrieved from /home/airflow/.local/lib/python3.8/site-packages/airflow/example_dags/example_sensors.py
[2026-05-29T19:19:40.869+0000] {logging_mixin.py:188} INFO - [2026-05-29T19:19:40.869+0000] {dag.py:3047} INFO - Sync 1 DAGs
[2026-05-29T19:19:40.880+0000] {logging_mixin.py:188} INFO - [2026-05-29T19:19:40.880+0000] {dag.py:3834} INFO - Setting next_dagrun for example_sensors to None, run_after=None
[2026-05-29T19:19:40.899+0000] {processor.py:183} INFO - Processing /home/airflow/.local/lib/python3.8/site-packages/airflow/example_dags/example_sensors.py took 0.071 seconds
[2026-05-29T19:20:11.147+0000] {processor.py:161} INFO - Started process (PID=534) to work on /home/airflow/.local/lib/python3.8/site-packages/airflow/example_dags/example_sensors.py
[2026-05-29T19:20:11.149+0000] {processor.py:830} INFO - Processing file /home/airflow/.local/lib/python3.8/site-packages/airflow/example_dags/example_sensors.py for tasks to queue
[2026-05-29T19:20:11.150+0000] {logging_mixin.py:188} INFO - [2026-05-29T19:20:11.150+0000] {dagbag.py:540} INFO - Filling up the DagBag from /home/airflow/.local/lib/python3.8/site-packages/airflow/example_dags/example_sensors.py
[2026-05-29T19:20:11.158+0000] {processor.py:840} INFO - DAG(s) 'example_sensors' retrieved from /home/airflow/.local/lib/python3.8/site-packages/airflow/example_dags/example_sensors.py
[2026-05-29T19:20:11.178+0000] {logging_mixin.py:188} INFO - [2026-05-29T19:20:11.178+0000] {dag.py:3047} INFO - Sync 1 DAGs
[2026-05-29T19:20:11.188+0000] {logging_mixin.py:188} INFO - [2026-05-29T19:20:11.187+0000] {dag.py:3834} INFO - Setting next_dagrun for example_sensors to None, run_after=None
[2026-05-29T19:20:11.205+0000] {processor.py:183} INFO - Processing /home/airflow/.local/lib/python3.8/site-packages/airflow/example_dags/example_sensors.py took 0.061 seconds
[2026-05-29T19:20:41.304+0000] {processor.py:161} INFO - Started process (PID=589) to work on /home/airflow/.local/lib/python3.8/site-packages/airflow/example_dags/example_sensors.py
[2026-05-29T19:20:41.306+0000] {processor.py:830} INFO - Processing file /home/airflow/.local/lib/python3.8/site-packages/airflow/example_dags/example_sensors.py for tasks to queue
[2026-05-29T19:20:41.308+0000] {logging_mixin.py:188} INFO - [2026-05-29T19:20:41.308+0000] {dagbag.py:540} INFO - Filling up the DagBag from /home/airflow/.local/lib/python3.8/site-packages/airflow/example_dags/example_sensors.py
[2026-05-29T19:20:41.316+0000] {processor.py:840} INFO - DAG(s) 'example_sensors' retrieved from /home/airflow/.local/lib/python3.8/site-packages/airflow/example_dags/example_sensors.py
[2026-05-29T19:20:41.340+0000] {logging_mixin.py:188} INFO - [2026-05-29T19:20:41.339+0000] {dag.py:3047} INFO - Sync 1 DAGs
[2026-05-29T19:20:41.348+0000] {logging_mixin.py:188} INFO - [2026-05-29T19:20:41.348+0000] {dag.py:3834} INFO - Setting next_dagrun for example_sensors to None, run_after=None
[2026-05-29T19:20:41.363+0000] {processor.py:183} INFO - Processing /home/airflow/.local/lib/python3.8/site-packages/airflow/example_dags/example_sensors.py took 0.062 seconds
[2026-05-29T19:21:11.837+0000] {processor.py:161} INFO - Started process (PID=644) to work on /home/airflow/.local/lib/python3.8/site-packages/airflow/example_dags/example_sensors.py
[2026-05-29T19:21:11.838+0000] {processor.py:830} INFO - Processing file /home/airflow/.local/lib/python3.8/site-packages/airflow/example_dags/example_sensors.py for tasks to queue
[2026-05-29T19:21:11.841+0000] {logging_mixin.py:188} INFO - [2026-05-29T19:21:11.841+0000] {dagbag.py:540} INFO - Filling up the DagBag from /home/airflow/.local/lib/python3.8/site-packages/airflow/example_dags/example_sensors.py
[2026-05-29T19:21:11.850+0000] {processor.py:840} INFO - DAG(s) 'example_sensors' retrieved from /home/airflow/.local/lib/python3.8/site-packages/airflow/example_dags/example_sensors.py
[2026-05-29T19:21:11.872+0000] {logging_mixin.py:188} INFO - [2026-05-29T19:21:11.872+0000] {dag.py:3047} INFO - Sync 1 DAGs
[2026-05-29T19:21:11.884+0000] {logging_mixin.py:188} INFO - [2026-05-29T19:21:11.884+0000] {dag.py:3834} INFO - Setting next_dagrun for example_sensors to None, run_after=None
[2026-05-29T19:21:11.909+0000] {processor.py:183} INFO - Processing /home/airflow/.local/lib/python3.8/site-packages/airflow/example_dags/example_sensors.py took 0.075 seconds
[2026-05-29T19:21:42.077+0000] {processor.py:161} INFO - Started process (PID=699) to work on /home/airflow/.local/lib/python3.8/site-packages/airflow/example_dags/example_sensors.py
[2026-05-29T19:21:42.078+0000] {processor.py:830} INFO - Processing file /home/airflow/.local/lib/python3.8/site-packages/airflow/example_dags/example_sensors.py for tasks to queue
[2026-05-29T19:21:42.080+0000] {logging_mixin.py:188} INFO - [2026-05-29T19:21:42.080+0000] {dagbag.py:540} INFO - Filling up the DagBag from /home/airflow/.local/lib/python3.8/site-packages/airflow/example_dags/example_sensors.py
[2026-05-29T19:21:42.089+0000] {processor.py:840} INFO - DAG(s) 'example_sensors' retrieved from /home/airflow/.local/lib/python3.8/site-packages/airflow/example_dags/example_sensors.py
[2026-05-29T19:21:42.114+0000] {logging_mixin.py:188} INFO - [2026-05-29T19:21:42.114+0000] {dag.py:3047} INFO - Sync 1 DAGs
[2026-05-29T19:21:42.128+0000] {logging_mixin.py:188} INFO - [2026-05-29T19:21:42.127+0000] {dag.py:3834} INFO - Setting next_dagrun for example_sensors to None, run_after=None
[2026-05-29T19:21:42.147+0000] {processor.py:183} INFO - Processing /home/airflow/.local/lib/python3.8/site-packages/airflow/example_dags/example_sensors.py took 0.074 seconds
[2026-05-29T19:22:12.536+0000] {processor.py:161} INFO - Started process (PID=754) to work on /home/airflow/.local/lib/python3.8/site-packages/airflow/example_dags/example_sensors.py
[2026-05-29T19:22:12.537+0000] {processor.py:830} INFO - Processing file /home/airflow/.local/lib/python3.8/site-packages/airflow/example_dags/example_sensors.py for tasks to queue
[2026-05-29T19:22:12.539+0000] {logging_mixin.py:188} INFO - [2026-05-29T19:22:12.538+0000] {dagbag.py:540} INFO - Filling up the DagBag from /home/airflow/.local/lib/python3.8/site-packages/airflow/example_dags/example_sensors.py
[2026-05-29T19:22:12.553+0000] {processor.py:840} INFO - DAG(s) 'example_sensors' retrieved from /home/airflow/.local/lib/python3.8/site-packages/airflow/example_dags/example_sensors.py
[2026-05-29T19:22:12.578+0000] {logging_mixin.py:188} INFO - [2026-05-29T19:22:12.578+0000] {dag.py:3047} INFO - Sync 1 DAGs
[2026-05-29T19:22:12.587+0000] {logging_mixin.py:188} INFO - [2026-05-29T19:22:12.587+0000] {dag.py:3834} INFO - Setting next_dagrun for example_sensors to None, run_after=None
[2026-05-29T19:22:12.606+0000] {processor.py:183} INFO - Processing /home/airflow/.local/lib/python3.8/site-packages/airflow/example_dags/example_sensors.py took 0.073 seconds
[2026-05-29T19:22:43.570+0000] {processor.py:161} INFO - Started process (PID=809) to work on /home/airflow/.local/lib/python3.8/site-packages/airflow/example_dags/example_sensors.py
[2026-05-29T19:22:43.572+0000] {processor.py:830} INFO - Processing file /home/airflow/.local/lib/python3.8/site-packages/airflow/example_dags/example_sensors.py for tasks to queue
[2026-05-29T19:22:43.574+0000] {logging_mixin.py:188} INFO - [2026-05-29T19:22:43.574+0000] {dagbag.py:540} INFO - Filling up the DagBag from /home/airflow/.local/lib/python3.8/site-packages/airflow/example_dags/example_sensors.py
[2026-05-29T19:22:43.582+0000] {processor.py:840} INFO - DAG(s) 'example_sensors' retrieved from /home/airflow/.local/lib/python3.8/site-packages/airflow/example_dags/example_sensors.py
[2026-05-29T19:22:43.603+0000] {logging_mixin.py:188} INFO - [2026-05-29T19:22:43.603+0000] {dag.py:3047} INFO - Sync 1 DAGs
[2026-05-29T19:22:43.612+0000] {logging_mixin.py:188} INFO - [2026-05-29T19:22:43.612+0000] {dag.py:3834} INFO - Setting next_dagrun for example_sensors to None, run_after=None
[2026-05-29T19:22:43.632+0000] {processor.py:183} INFO - Processing /home/airflow/.local/lib/python3.8/site-packages/airflow/example_dags/example_sensors.py took 0.064 seconds
[2026-05-29T19:23:13.839+0000] {processor.py:161} INFO - Started process (PID=864) to work on /home/airflow/.local/lib/python3.8/site-packages/airflow/example_dags/example_sensors.py
[2026-05-29T19:23:13.840+0000] {processor.py:830} INFO - Processing file /home/airflow/.local/lib/python3.8/site-packages/airflow/example_dags/example_sensors.py for tasks to queue
[2026-05-29T19:23:13.842+0000] {logging_mixin.py:188} INFO - [2026-05-29T19:23:13.842+0000] {dagbag.py:540} INFO - Filling up the DagBag from /home/airflow/.local/lib/python3.8/site-packages/airflow/example_dags/example_sensors.py
[2026-05-29T19:23:13.850+0000] {processor.py:840} INFO - DAG(s) 'example_sensors' retrieved from /home/airflow/.local/lib/python3.8/site-packages/airflow/example_dags/example_sensors.py
[2026-05-29T19:23:13.870+0000] {logging_mixin.py:188} INFO - [2026-05-29T19:23:13.870+0000] {dag.py:3047} INFO - Sync 1 DAGs
[2026-05-29T19:23:13.879+0000] {logging_mixin.py:188} INFO - [2026-05-29T19:23:13.879+0000] {dag.py:3834} INFO - Setting next_dagrun for example_sensors to None, run_after=None
[2026-05-29T19:23:13.898+0000] {processor.py:183} INFO - Processing /home/airflow/.local/lib/python3.8/site-packages/airflow/example_dags/example_sensors.py took 0.062 seconds
[2026-05-29T19:23:44.859+0000] {processor.py:161} INFO - Started process (PID=919) to work on /home/airflow/.local/lib/python3.8/site-packages/airflow/example_dags/example_sensors.py
[2026-05-29T19:23:44.860+0000] {processor.py:830} INFO - Processing file /home/airflow/.local/lib/python3.8/site-packages/airflow/example_dags/example_sensors.py for tasks to queue
[2026-05-29T19:23:44.862+0000] {logging_mixin.py:188} INFO - [2026-05-29T19:23:44.861+0000] {dagbag.py:540} INFO - Filling up the DagBag from /home/airflow/.local/lib/python3.8/site-packages/airflow/example_dags/example_sensors.py
[2026-05-29T19:23:44.869+0000] {processor.py:840} INFO - DAG(s) 'example_sensors' retrieved from /home/airflow/.local/lib/python3.8/site-packages/airflow/example_dags/example_sensors.py
[2026-05-29T19:23:44.888+0000] {logging_mixin.py:188} INFO - [2026-05-29T19:23:44.887+0000] {dag.py:3047} INFO - Sync 1 DAGs
[2026-05-29T19:23:44.896+0000] {logging_mixin.py:188} INFO - [2026-05-29T19:23:44.896+0000] {dag.py:3834} INFO - Setting next_dagrun for example_sensors to None, run_after=None
[2026-05-29T19:23:44.920+0000] {processor.py:183} INFO - Processing /home/airflow/.local/lib/python3.8/site-packages/airflow/example_dags/example_sensors.py took 0.064 seconds
[2026-05-29T19:24:15.230+0000] {processor.py:161} INFO - Started process (PID=974) to work on /home/airflow/.local/lib/python3.8/site-packages/airflow/example_dags/example_sensors.py
[2026-05-29T19:24:15.232+0000] {processor.py:830} INFO - Processing file /home/airflow/.local/lib/python3.8/site-packages/airflow/example_dags/example_sensors.py for tasks to queue
[2026-05-29T19:24:15.234+0000] {logging_mixin.py:188} INFO - [2026-05-29T19:24:15.233+0000] {dagbag.py:540} INFO - Filling up the DagBag from /home/airflow/.local/lib/python3.8/site-packages/airflow/example_dags/example_sensors.py
[2026-05-29T19:24:15.241+0000] {processor.py:840} INFO - DAG(s) 'example_sensors' retrieved from /home/airflow/.local/lib/python3.8/site-packages/airflow/example_dags/example_sensors.py
[2026-05-29T19:24:15.260+0000] {logging_mixin.py:188} INFO - [2026-05-29T19:24:15.260+0000] {dag.py:3047} INFO - Sync 1 DAGs
[2026-05-29T19:24:15.270+0000] {logging_mixin.py:188} INFO - [2026-05-29T19:24:15.270+0000] {dag.py:3834} INFO - Setting next_dagrun for example_sensors to None, run_after=None
[2026-05-29T19:24:15.287+0000] {processor.py:183} INFO - Processing /home/airflow/.local/lib/python3.8/site-packages/airflow/example_dags/example_sensors.py took 0.060 seconds
[2026-05-29T19:24:45.427+0000] {processor.py:161} INFO - Started process (PID=1029) to work on /home/airflow/.local/lib/python3.8/site-packages/airflow/example_dags/example_sensors.py
[2026-05-29T19:24:45.428+0000] {processor.py:830} INFO - Processing file /home/airflow/.local/lib/python3.8/site-packages/airflow/example_dags/example_sensors.py for tasks to queue
[2026-05-29T19:24:45.430+0000] {logging_mixin.py:188} INFO - [2026-05-29T19:24:45.430+0000] {dagbag.py:540} INFO - Filling up the DagBag from /home/airflow/.local/lib/python3.8/site-packages/airflow/example_dags/example_sensors.py
[2026-05-29T19:24:45.438+0000] {processor.py:840} INFO - DAG(s) 'example_sensors' retrieved from /home/airflow/.local/lib/python3.8/site-packages/airflow/example_dags/example_sensors.py
[2026-05-29T19:24:45.459+0000] {logging_mixin.py:188} INFO - [2026-05-29T19:24:45.459+0000] {dag.py:3047} INFO - Sync 1 DAGs
[2026-05-29T19:24:45.469+0000] {logging_mixin.py:188} INFO - [2026-05-29T19:24:45.469+0000] {dag.py:3834} INFO - Setting next_dagrun for example_sensors to None, run_after=None
[2026-05-29T19:24:45.510+0000] {processor.py:183} INFO - Processing /home/airflow/.local/lib/python3.8/site-packages/airflow/example_dags/example_sensors.py took 0.087 seconds
[2026-05-29T19:25:15.872+0000] {processor.py:161} INFO - Started process (PID=1084) to work on /home/airflow/.local/lib/python3.8/site-packages/airflow/example_dags/example_sensors.py
[2026-05-29T19:25:15.874+0000] {processor.py:830} INFO - Processing file /home/airflow/.local/lib/python3.8/site-packages/airflow/example_dags/example_sensors.py for tasks to queue
[2026-05-29T19:25:15.876+0000] {logging_mixin.py:188} INFO - [2026-05-29T19:25:15.875+0000] {dagbag.py:540} INFO - Filling up the DagBag from /home/airflow/.local/lib/python3.8/site-packages/airflow/example_dags/example_sensors.py
[2026-05-29T19:25:15.882+0000] {processor.py:840} INFO - DAG(s) 'example_sensors' retrieved from /home/airflow/.local/lib/python3.8/site-packages/airflow/example_dags/example_sensors.py
[2026-05-29T19:25:15.909+0000] {logging_mixin.py:188} INFO - [2026-05-29T19:25:15.908+0000] {dag.py:3047} INFO - Sync 1 DAGs
[2026-05-29T19:25:15.921+0000] {logging_mixin.py:188} INFO - [2026-05-29T19:25:15.920+0000] {dag.py:3834} INFO - Setting next_dagrun for example_sensors to None, run_after=None
[2026-05-29T19:25:15.940+0000] {processor.py:183} INFO - Processing /home/airflow/.local/lib/python3.8/site-packages/airflow/example_dags/example_sensors.py took 0.071 seconds
[2026-05-29T19:25:46.677+0000] {processor.py:161} INFO - Started process (PID=1139) to work on /home/airflow/.local/lib/python3.8/site-packages/airflow/example_dags/example_sensors.py
[2026-05-29T19:25:46.679+0000] {processor.py:830} INFO - Processing file /home/airflow/.local/lib/python3.8/site-packages/airflow/example_dags/example_sensors.py for tasks to queue
[2026-05-29T19:25:46.682+0000] {logging_mixin.py:188} INFO - [2026-05-29T19:25:46.681+0000] {dagbag.py:540} INFO - Filling up the DagBag from /home/airflow/.local/lib/python3.8/site-packages/airflow/example_dags/example_sensors.py
[2026-05-29T19:25:46.691+0000] {processor.py:840} INFO - DAG(s) 'example_sensors' retrieved from /home/airflow/.local/lib/python3.8/site-packages/airflow/example_dags/example_sensors.py
[2026-05-29T19:25:46.713+0000] {logging_mixin.py:188} INFO - [2026-05-29T19:25:46.713+0000] {dag.py:3047} INFO - Sync 1 DAGs
[2026-05-29T19:25:46.724+0000] {logging_mixin.py:188} INFO - [2026-05-29T19:25:46.724+0000] {dag.py:3834} INFO - Setting next_dagrun for example_sensors to None, run_after=None
[2026-05-29T19:25:46.744+0000] {processor.py:183} INFO - Processing /home/airflow/.local/lib/python3.8/site-packages/airflow/example_dags/example_sensors.py took 0.070 seconds
[2026-05-29T19:26:16.823+0000] {processor.py:161} INFO - Started process (PID=1194) to work on /home/airflow/.local/lib/python3.8/site-packages/airflow/example_dags/example_sensors.py
[2026-05-29T19:26:16.825+0000] {processor.py:830} INFO - Processing file /home/airflow/.local/lib/python3.8/site-packages/airflow/example_dags/example_sensors.py for tasks to queue
[2026-05-29T19:26:16.827+0000] {logging_mixin.py:188} INFO - [2026-05-29T19:26:16.827+0000] {dagbag.py:540} INFO - Filling up the DagBag from /home/airflow/.local/lib/python3.8/site-packages/airflow/example_dags/example_sensors.py
[2026-05-29T19:26:16.834+0000] {processor.py:840} INFO - DAG(s) 'example_sensors' retrieved from /home/airflow/.local/lib/python3.8/site-packages/airflow/example_dags/example_sensors.py
[2026-05-29T19:26:16.854+0000] {logging_mixin.py:188} INFO - [2026-05-29T19:26:16.854+0000] {dag.py:3047} INFO - Sync 1 DAGs
[2026-05-29T19:26:16.863+0000] {logging_mixin.py:188} INFO - [2026-05-29T19:26:16.863+0000] {dag.py:3834} INFO - Setting next_dagrun for example_sensors to None, run_after=None
[2026-05-29T19:26:16.881+0000] {processor.py:183} INFO - Processing /home/airflow/.local/lib/python3.8/site-packages/airflow/example_dags/example_sensors.py took 0.060 seconds
[2026-05-29T19:26:47.103+0000] {processor.py:161} INFO - Started process (PID=1249) to work on /home/airflow/.local/lib/python3.8/site-packages/airflow/example_dags/example_sensors.py
[2026-05-29T19:26:47.105+0000] {processor.py:830} INFO - Processing file /home/airflow/.local/lib/python3.8/site-packages/airflow/example_dags/example_sensors.py for tasks to queue
[2026-05-29T19:26:47.107+0000] {logging_mixin.py:188} INFO - [2026-05-29T19:26:47.107+0000] {dagbag.py:540} INFO - Filling up the DagBag from /home/airflow/.local/lib/python3.8/site-packages/airflow/example_dags/example_sensors.py
[2026-05-29T19:26:47.114+0000] {processor.py:840} INFO - DAG(s) 'example_sensors' retrieved from /home/airflow/.local/lib/python3.8/site-packages/airflow/example_dags/example_sensors.py
[2026-05-29T19:26:47.134+0000] {logging_mixin.py:188} INFO - [2026-05-29T19:26:47.134+0000] {dag.py:3047} INFO - Sync 1 DAGs
[2026-05-29T19:26:47.144+0000] {logging_mixin.py:188} INFO - [2026-05-29T19:26:47.143+0000] {dag.py:3834} INFO - Setting next_dagrun for example_sensors to None, run_after=None
[2026-05-29T19:26:47.163+0000] {processor.py:183} INFO - Processing /home/airflow/.local/lib/python3.8/site-packages/airflow/example_dags/example_sensors.py took 0.062 seconds
[2026-05-29T19:27:17.445+0000] {processor.py:161} INFO - Started process (PID=1304) to work on /home/airflow/.local/lib/python3.8/site-packages/airflow/example_dags/example_sensors.py
[2026-05-29T19:27:17.447+0000] {processor.py:830} INFO - Processing file /home/airflow/.local/lib/python3.8/site-packages/airflow/example_dags/example_sensors.py for tasks to queue
[2026-05-29T19:27:17.448+0000] {logging_mixin.py:188} INFO - [2026-05-29T19:27:17.448+0000] {dagbag.py:540} INFO - Filling up the DagBag from /home/airflow/.local/lib/python3.8/site-packages/airflow/example_dags/example_sensors.py
[2026-05-29T19:27:17.455+0000] {processor.py:840} INFO - DAG(s) 'example_sensors' retrieved from /home/airflow/.local/lib/python3.8/site-packages/airflow/example_dags/example_sensors.py
[2026-05-29T19:27:17.475+0000] {logging_mixin.py:188} INFO - [2026-05-29T19:27:17.475+0000] {dag.py:3047} INFO - Sync 1 DAGs
[2026-05-29T19:27:17.484+0000] {logging_mixin.py:188} INFO - [2026-05-29T19:27:17.484+0000] {dag.py:3834} INFO - Setting next_dagrun for example_sensors to None, run_after=None
[2026-05-29T19:27:17.505+0000] {processor.py:183} INFO - Processing /home/airflow/.local/lib/python3.8/site-packages/airflow/example_dags/example_sensors.py took 0.063 seconds
[2026-05-29T19:27:48.031+0000] {processor.py:161} INFO - Started process (PID=1359) to work on /home/airflow/.local/lib/python3.8/site-packages/airflow/example_dags/example_sensors.py
[2026-05-29T19:27:48.034+0000] {processor.py:830} INFO - Processing file /home/airflow/.local/lib/python3.8/site-packages/airflow/example_dags/example_sensors.py for tasks to queue
[2026-05-29T19:27:48.036+0000] {logging_mixin.py:188} INFO - [2026-05-29T19:27:48.036+0000] {dagbag.py:540} INFO - Filling up the DagBag from /home/airflow/.local/lib/python3.8/site-packages/airflow/example_dags/example_sensors.py
[2026-05-29T19:27:48.044+0000] {processor.py:840} INFO - DAG(s) 'example_sensors' retrieved from /home/airflow/.local/lib/python3.8/site-packages/airflow/example_dags/example_sensors.py
[2026-05-29T19:27:48.069+0000] {logging_mixin.py:188} INFO - [2026-05-29T19:27:48.069+0000] {dag.py:3047} INFO - Sync 1 DAGs
[2026-05-29T19:27:48.079+0000] {logging_mixin.py:188} INFO - [2026-05-29T19:27:48.079+0000] {dag.py:3834} INFO - Setting next_dagrun for example_sensors to None, run_after=None
[2026-05-29T19:27:48.103+0000] {processor.py:183} INFO - Processing /home/airflow/.local/lib/python3.8/site-packages/airflow/example_dags/example_sensors.py took 0.075 seconds
[2026-05-29T19:28:19.419+0000] {processor.py:161} INFO - Started process (PID=1414) to work on /home/airflow/.local/lib/python3.8/site-packages/airflow/example_dags/example_sensors.py
[2026-05-29T19:28:19.421+0000] {processor.py:830} INFO - Processing file /home/airflow/.local/lib/python3.8/site-packages/airflow/example_dags/example_sensors.py for tasks to queue
[2026-05-29T19:28:19.423+0000] {logging_mixin.py:188} INFO - [2026-05-29T19:28:19.422+0000] {dagbag.py:540} INFO - Filling up the DagBag from /home/airflow/.local/lib/python3.8/site-packages/airflow/example_dags/example_sensors.py
[2026-05-29T19:28:19.433+0000] {processor.py:840} INFO - DAG(s) 'example_sensors' retrieved from /home/airflow/.local/lib/python3.8/site-packages/airflow/example_dags/example_sensors.py
[2026-05-29T19:28:19.464+0000] {logging_mixin.py:188} INFO - [2026-05-29T19:28:19.463+0000] {dag.py:3047} INFO - Sync 1 DAGs
[2026-05-29T19:28:19.478+0000] {logging_mixin.py:188} INFO - [2026-05-29T19:28:19.478+0000] {dag.py:3834} INFO - Setting next_dagrun for example_sensors to None, run_after=None
[2026-05-29T19:28:19.502+0000] {processor.py:183} INFO - Processing /home/airflow/.local/lib/python3.8/site-packages/airflow/example_dags/example_sensors.py took 0.086 seconds
[2026-05-29T19:28:49.769+0000] {processor.py:161} INFO - Started process (PID=1468) to work on /home/airflow/.local/lib/python3.8/site-packages/airflow/example_dags/example_sensors.py
[2026-05-29T19:28:49.771+0000] {processor.py:830} INFO - Processing file /home/airflow/.local/lib/python3.8/site-packages/airflow/example_dags/example_sensors.py for tasks to queue
[2026-05-29T19:28:49.774+0000] {logging_mixin.py:188} INFO - [2026-05-29T19:28:49.773+0000] {dagbag.py:540} INFO - Filling up the DagBag from /home/airflow/.local/lib/python3.8/site-packages/airflow/example_dags/example_sensors.py
[2026-05-29T19:28:49.783+0000] {processor.py:840} INFO - DAG(s) 'example_sensors' retrieved from /home/airflow/.local/lib/python3.8/site-packages/airflow/example_dags/example_sensors.py
[2026-05-29T19:28:49.816+0000] {logging_mixin.py:188} INFO - [2026-05-29T19:28:49.816+0000] {dag.py:3047} INFO - Sync 1 DAGs
[2026-05-29T19:28:49.834+0000] {logging_mixin.py:188} INFO - [2026-05-29T19:28:49.833+0000] {dag.py:3834} INFO - Setting next_dagrun for example_sensors to None, run_after=None
[2026-05-29T19:28:49.872+0000] {processor.py:183} INFO - Processing /home/airflow/.local/lib/python3.8/site-packages/airflow/example_dags/example_sensors.py took 0.107 seconds
[2026-05-29T19:29:20.857+0000] {processor.py:161} INFO - Started process (PID=1523) to work on /home/airflow/.local/lib/python3.8/site-packages/airflow/example_dags/example_sensors.py
[2026-05-29T19:29:20.859+0000] {processor.py:830} INFO - Processing file /home/airflow/.local/lib/python3.8/site-packages/airflow/example_dags/example_sensors.py for tasks to queue
[2026-05-29T19:29:20.861+0000] {logging_mixin.py:188} INFO - [2026-05-29T19:29:20.860+0000] {dagbag.py:540} INFO - Filling up the DagBag from /home/airflow/.local/lib/python3.8/site-packages/airflow/example_dags/example_sensors.py
[2026-05-29T19:29:20.870+0000] {processor.py:840} INFO - DAG(s) 'example_sensors' retrieved from /home/airflow/.local/lib/python3.8/site-packages/airflow/example_dags/example_sensors.py
[2026-05-29T19:29:20.896+0000] {logging_mixin.py:188} INFO - [2026-05-29T19:29:20.895+0000] {dag.py:3047} INFO - Sync 1 DAGs
[2026-05-29T19:29:20.907+0000] {logging_mixin.py:188} INFO - [2026-05-29T19:29:20.906+0000] {dag.py:3834} INFO - Setting next_dagrun for example_sensors to None, run_after=None
[2026-05-29T19:29:20.933+0000] {processor.py:183} INFO - Processing /home/airflow/.local/lib/python3.8/site-packages/airflow/example_dags/example_sensors.py took 0.078 seconds
[2026-05-29T19:29:51.571+0000] {processor.py:161} INFO - Started process (PID=1578) to work on /home/airflow/.local/lib/python3.8/site-packages/airflow/example_dags/example_sensors.py
[2026-05-29T19:29:51.572+0000] {processor.py:830} INFO - Processing file /home/airflow/.local/lib/python3.8/site-packages/airflow/example_dags/example_sensors.py for tasks to queue
[2026-05-29T19:29:51.574+0000] {logging_mixin.py:188} INFO - [2026-05-29T19:29:51.574+0000] {dagbag.py:540} INFO - Filling up the DagBag from /home/airflow/.local/lib/python3.8/site-packages/airflow/example_dags/example_sensors.py
[2026-05-29T19:29:51.581+0000] {processor.py:840} INFO - DAG(s) 'example_sensors' retrieved from /home/airflow/.local/lib/python3.8/site-packages/airflow/example_dags/example_sensors.py
[2026-05-29T19:29:51.606+0000] {logging_mixin.py:188} INFO - [2026-05-29T19:29:51.606+0000] {dag.py:3047} INFO - Sync 1 DAGs
[2026-05-29T19:29:51.616+0000] {logging_mixin.py:188} INFO - [2026-05-29T19:29:51.615+0000] {dag.py:3834} INFO - Setting next_dagrun for example_sensors to None, run_after=None
[2026-05-29T19:29:51.639+0000] {processor.py:183} INFO - Processing /home/airflow/.local/lib/python3.8/site-packages/airflow/example_dags/example_sensors.py took 0.070 seconds
[2026-05-29T19:30:21.715+0000] {processor.py:161} INFO - Started process (PID=1633) to work on /home/airflow/.local/lib/python3.8/site-packages/airflow/example_dags/example_sensors.py
[2026-05-29T19:30:21.716+0000] {processor.py:830} INFO - Processing file /home/airflow/.local/lib/python3.8/site-packages/airflow/example_dags/example_sensors.py for tasks to queue
[2026-05-29T19:30:21.718+0000] {logging_mixin.py:188} INFO - [2026-05-29T19:30:21.718+0000] {dagbag.py:540} INFO - Filling up the DagBag from /home/airflow/.local/lib/python3.8/site-packages/airflow/example_dags/example_sensors.py
[2026-05-29T19:30:21.725+0000] {processor.py:840} INFO - DAG(s) 'example_sensors' retrieved from /home/airflow/.local/lib/python3.8/site-packages/airflow/example_dags/example_sensors.py
[2026-05-29T19:30:21.746+0000] {logging_mixin.py:188} INFO - [2026-05-29T19:30:21.746+0000] {dag.py:3047} INFO - Sync 1 DAGs
[2026-05-29T19:30:21.758+0000] {logging_mixin.py:188} INFO - [2026-05-29T19:30:21.758+0000] {dag.py:3834} INFO - Setting next_dagrun for example_sensors to None, run_after=None
[2026-05-29T19:30:21.779+0000] {processor.py:183} INFO - Processing /home/airflow/.local/lib/python3.8/site-packages/airflow/example_dags/example_sensors.py took 0.067 seconds
[2026-05-29T19:30:51.933+0000] {processor.py:161} INFO - Started process (PID=1688) to work on /home/airflow/.local/lib/python3.8/site-packages/airflow/example_dags/example_sensors.py
[2026-05-29T19:30:51.934+0000] {processor.py:830} INFO - Processing file /home/airflow/.local/lib/python3.8/site-packages/airflow/example_dags/example_sensors.py for tasks to queue
[2026-05-29T19:30:51.936+0000] {logging_mixin.py:188} INFO - [2026-05-29T19:30:51.936+0000] {dagbag.py:540} INFO - Filling up the DagBag from /home/airflow/.local/lib/python3.8/site-packages/airflow/example_dags/example_sensors.py
[2026-05-29T19:30:51.944+0000] {processor.py:840} INFO - DAG(s) 'example_sensors' retrieved from /home/airflow/.local/lib/python3.8/site-packages/airflow/example_dags/example_sensors.py
[2026-05-29T19:30:51.967+0000] {logging_mixin.py:188} INFO - [2026-05-29T19:30:51.966+0000] {dag.py:3047} INFO - Sync 1 DAGs
[2026-05-29T19:30:51.980+0000] {logging_mixin.py:188} INFO - [2026-05-29T19:30:51.980+0000] {dag.py:3834} INFO - Setting next_dagrun for example_sensors to None, run_after=None
[2026-05-29T19:30:52.005+0000] {processor.py:183} INFO - Processing /home/airflow/.local/lib/python3.8/site-packages/airflow/example_dags/example_sensors.py took 0.075 seconds
[2026-05-29T19:31:22.919+0000] {processor.py:161} INFO - Started process (PID=1743) to work on /home/airflow/.local/lib/python3.8/site-packages/airflow/example_dags/example_sensors.py
[2026-05-29T19:31:22.920+0000] {processor.py:830} INFO - Processing file /home/airflow/.local/lib/python3.8/site-packages/airflow/example_dags/example_sensors.py for tasks to queue
[2026-05-29T19:31:22.923+0000] {logging_mixin.py:188} INFO - [2026-05-29T19:31:22.922+0000] {dagbag.py:540} INFO - Filling up the DagBag from /home/airflow/.local/lib/python3.8/site-packages/airflow/example_dags/example_sensors.py
[2026-05-29T19:31:22.929+0000] {processor.py:840} INFO - DAG(s) 'example_sensors' retrieved from /home/airflow/.local/lib/python3.8/site-packages/airflow/example_dags/example_sensors.py
[2026-05-29T19:31:22.949+0000] {logging_mixin.py:188} INFO - [2026-05-29T19:31:22.949+0000] {dag.py:3047} INFO - Sync 1 DAGs
[2026-05-29T19:31:22.959+0000] {logging_mixin.py:188} INFO - [2026-05-29T19:31:22.959+0000] {dag.py:3834} INFO - Setting next_dagrun for example_sensors to None, run_after=None
[2026-05-29T19:31:22.979+0000] {processor.py:183} INFO - Processing /home/airflow/.local/lib/python3.8/site-packages/airflow/example_dags/example_sensors.py took 0.063 seconds
[2026-05-29T19:31:53.628+0000] {processor.py:161} INFO - Started process (PID=1798) to work on /home/airflow/.local/lib/python3.8/site-packages/airflow/example_dags/example_sensors.py
[2026-05-29T19:31:53.630+0000] {processor.py:830} INFO - Processing file /home/airflow/.local/lib/python3.8/site-packages/airflow/example_dags/example_sensors.py for tasks to queue
[2026-05-29T19:31:53.631+0000] {logging_mixin.py:188} INFO - [2026-05-29T19:31:53.631+0000] {dagbag.py:540} INFO - Filling up the DagBag from /home/airflow/.local/lib/python3.8/site-packages/airflow/example_dags/example_sensors.py
[2026-05-29T19:31:53.639+0000] {processor.py:840} INFO - DAG(s) 'example_sensors' retrieved from /home/airflow/.local/lib/python3.8/site-packages/airflow/example_dags/example_sensors.py
[2026-05-29T19:31:53.669+0000] {logging_mixin.py:188} INFO - [2026-05-29T19:31:53.668+0000] {dag.py:3047} INFO - Sync 1 DAGs
[2026-05-29T19:31:53.682+0000] {logging_mixin.py:188} INFO - [2026-05-29T19:31:53.682+0000] {dag.py:3834} INFO - Setting next_dagrun for example_sensors to None, run_after=None
[2026-05-29T19:31:53.717+0000] {processor.py:183} INFO - Processing /home/airflow/.local/lib/python3.8/site-packages/airflow/example_dags/example_sensors.py took 0.091 seconds
[2026-05-29T19:32:23.850+0000] {processor.py:161} INFO - Started process (PID=1853) to work on /home/airflow/.local/lib/python3.8/site-packages/airflow/example_dags/example_sensors.py
[2026-05-29T19:32:23.853+0000] {processor.py:830} INFO - Processing file /home/airflow/.local/lib/python3.8/site-packages/airflow/example_dags/example_sensors.py for tasks to queue
[2026-05-29T19:32:23.857+0000] {logging_mixin.py:188} INFO - [2026-05-29T19:32:23.856+0000] {dagbag.py:540} INFO - Filling up the DagBag from /home/airflow/.local/lib/python3.8/site-packages/airflow/example_dags/example_sensors.py
[2026-05-29T19:32:23.870+0000] {processor.py:840} INFO - DAG(s) 'example_sensors' retrieved from /home/airflow/.local/lib/python3.8/site-packages/airflow/example_dags/example_sensors.py
[2026-05-29T19:32:23.922+0000] {logging_mixin.py:188} INFO - [2026-05-29T19:32:23.922+0000] {dag.py:3047} INFO - Sync 1 DAGs
[2026-05-29T19:32:23.936+0000] {logging_mixin.py:188} INFO - [2026-05-29T19:32:23.936+0000] {dag.py:3834} INFO - Setting next_dagrun for example_sensors to None, run_after=None
[2026-05-29T19:32:23.968+0000] {processor.py:183} INFO - Processing /home/airflow/.local/lib/python3.8/site-packages/airflow/example_dags/example_sensors.py took 0.123 seconds
[2026-05-29T19:32:54.081+0000] {processor.py:161} INFO - Started process (PID=1909) to work on /home/airflow/.local/lib/python3.8/site-packages/airflow/example_dags/example_sensors.py
[2026-05-29T19:32:54.082+0000] {processor.py:830} INFO - Processing file /home/airflow/.local/lib/python3.8/site-packages/airflow/example_dags/example_sensors.py for tasks to queue
[2026-05-29T19:32:54.084+0000] {logging_mixin.py:188} INFO - [2026-05-29T19:32:54.084+0000] {dagbag.py:540} INFO - Filling up the DagBag from /home/airflow/.local/lib/python3.8/site-packages/airflow/example_dags/example_sensors.py
[2026-05-29T19:32:54.092+0000] {processor.py:840} INFO - DAG(s) 'example_sensors' retrieved from /home/airflow/.local/lib/python3.8/site-packages/airflow/example_dags/example_sensors.py
[2026-05-29T19:32:54.112+0000] {logging_mixin.py:188} INFO - [2026-05-29T19:32:54.112+0000] {dag.py:3047} INFO - Sync 1 DAGs
[2026-05-29T19:32:54.123+0000] {logging_mixin.py:188} INFO - [2026-05-29T19:32:54.123+0000] {dag.py:3834} INFO - Setting next_dagrun for example_sensors to None, run_after=None
[2026-05-29T19:32:54.147+0000] {processor.py:183} INFO - Processing /home/airflow/.local/lib/python3.8/site-packages/airflow/example_dags/example_sensors.py took 0.069 seconds
[2026-05-29T19:33:24.928+0000] {processor.py:161} INFO - Started process (PID=1964) to work on /home/airflow/.local/lib/python3.8/site-packages/airflow/example_dags/example_sensors.py
[2026-05-29T19:33:24.929+0000] {processor.py:830} INFO - Processing file /home/airflow/.local/lib/python3.8/site-packages/airflow/example_dags/example_sensors.py for tasks to queue
[2026-05-29T19:33:24.931+0000] {logging_mixin.py:188} INFO - [2026-05-29T19:33:24.931+0000] {dagbag.py:540} INFO - Filling up the DagBag from /home/airflow/.local/lib/python3.8/site-packages/airflow/example_dags/example_sensors.py
[2026-05-29T19:33:24.939+0000] {processor.py:840} INFO - DAG(s) 'example_sensors' retrieved from /home/airflow/.local/lib/python3.8/site-packages/airflow/example_dags/example_sensors.py
[2026-05-29T19:33:24.965+0000] {logging_mixin.py:188} INFO - [2026-05-29T19:33:24.965+0000] {dag.py:3047} INFO - Sync 1 DAGs
[2026-05-29T19:33:24.976+0000] {logging_mixin.py:188} INFO - [2026-05-29T19:33:24.976+0000] {dag.py:3834} INFO - Setting next_dagrun for example_sensors to None, run_after=None
[2026-05-29T19:33:24.999+0000] {processor.py:183} INFO - Processing /home/airflow/.local/lib/python3.8/site-packages/airflow/example_dags/example_sensors.py took 0.074 seconds
[2026-05-29T19:33:55.147+0000] {processor.py:161} INFO - Started process (PID=2019) to work on /home/airflow/.local/lib/python3.8/site-packages/airflow/example_dags/example_sensors.py
[2026-05-29T19:33:55.148+0000] {processor.py:830} INFO - Processing file /home/airflow/.local/lib/python3.8/site-packages/airflow/example_dags/example_sensors.py for tasks to queue
[2026-05-29T19:33:55.150+0000] {logging_mixin.py:188} INFO - [2026-05-29T19:33:55.149+0000] {dagbag.py:540} INFO - Filling up the DagBag from /home/airflow/.local/lib/python3.8/site-packages/airflow/example_dags/example_sensors.py
[2026-05-29T19:33:55.157+0000] {processor.py:840} INFO - DAG(s) 'example_sensors' retrieved from /home/airflow/.local/lib/python3.8/site-packages/airflow/example_dags/example_sensors.py
[2026-05-29T19:33:55.179+0000] {logging_mixin.py:188} INFO - [2026-05-29T19:33:55.178+0000] {dag.py:3047} INFO - Sync 1 DAGs
[2026-05-29T19:33:55.189+0000] {logging_mixin.py:188} INFO - [2026-05-29T19:33:55.189+0000] {dag.py:3834} INFO - Setting next_dagrun for example_sensors to None, run_after=None
[2026-05-29T19:33:55.219+0000] {processor.py:183} INFO - Processing /home/airflow/.local/lib/python3.8/site-packages/airflow/example_dags/example_sensors.py took 0.076 seconds
