[2026-05-29T19:16:06.575+0000] {processor.py:161} INFO - Started process (PID=85) to work on /home/airflow/.local/lib/python3.8/site-packages/airflow/example_dags/tutorial.py
[2026-05-29T19:16:06.577+0000] {processor.py:830} INFO - Processing file /home/airflow/.local/lib/python3.8/site-packages/airflow/example_dags/tutorial.py for tasks to queue
[2026-05-29T19:16:06.580+0000] {logging_mixin.py:188} INFO - [2026-05-29T19:16:06.579+0000] {dagbag.py:540} INFO - Filling up the DagBag from /home/airflow/.local/lib/python3.8/site-packages/airflow/example_dags/tutorial.py
[2026-05-29T19:16:06.592+0000] {processor.py:840} INFO - DAG(s) 'tutorial' retrieved from /home/airflow/.local/lib/python3.8/site-packages/airflow/example_dags/tutorial.py
[2026-05-29T19:16:06.650+0000] {logging_mixin.py:188} INFO - [2026-05-29T19:16:06.649+0000] {dag.py:3047} INFO - Sync 1 DAGs
[2026-05-29T19:16:06.681+0000] {logging_mixin.py:188} INFO - [2026-05-29T19:16:06.680+0000] {dag.py:3834} INFO - Setting next_dagrun for tutorial to 2026-05-28 00:00:00+00:00, run_after=2026-05-29 00:00:00+00:00
[2026-05-29T19:16:06.713+0000] {processor.py:183} INFO - Processing /home/airflow/.local/lib/python3.8/site-packages/airflow/example_dags/tutorial.py took 0.143 seconds
[2026-05-29T19:16:37.100+0000] {processor.py:161} INFO - Started process (PID=140) to work on /home/airflow/.local/lib/python3.8/site-packages/airflow/example_dags/tutorial.py
[2026-05-29T19:16:37.101+0000] {processor.py:830} INFO - Processing file /home/airflow/.local/lib/python3.8/site-packages/airflow/example_dags/tutorial.py for tasks to queue
[2026-05-29T19:16:37.103+0000] {logging_mixin.py:188} INFO - [2026-05-29T19:16:37.103+0000] {dagbag.py:540} INFO - Filling up the DagBag from /home/airflow/.local/lib/python3.8/site-packages/airflow/example_dags/tutorial.py
[2026-05-29T19:16:37.108+0000] {processor.py:840} INFO - DAG(s) 'tutorial' retrieved from /home/airflow/.local/lib/python3.8/site-packages/airflow/example_dags/tutorial.py
[2026-05-29T19:16:37.130+0000] {logging_mixin.py:188} INFO - [2026-05-29T19:16:37.129+0000] {dag.py:3047} INFO - Sync 1 DAGs
[2026-05-29T19:16:37.150+0000] {logging_mixin.py:188} INFO - [2026-05-29T19:16:37.150+0000] {dag.py:3834} INFO - Setting next_dagrun for tutorial to 2026-05-28 00:00:00+00:00, run_after=2026-05-29 00:00:00+00:00
[2026-05-29T19:16:37.176+0000] {processor.py:183} INFO - Processing /home/airflow/.local/lib/python3.8/site-packages/airflow/example_dags/tutorial.py took 0.079 seconds
[2026-05-29T19:17:07.402+0000] {processor.py:161} INFO - Started process (PID=195) to work on /home/airflow/.local/lib/python3.8/site-packages/airflow/example_dags/tutorial.py
[2026-05-29T19:17:07.404+0000] {processor.py:830} INFO - Processing file /home/airflow/.local/lib/python3.8/site-packages/airflow/example_dags/tutorial.py for tasks to queue
[2026-05-29T19:17:07.406+0000] {logging_mixin.py:188} INFO - [2026-05-29T19:17:07.406+0000] {dagbag.py:540} INFO - Filling up the DagBag from /home/airflow/.local/lib/python3.8/site-packages/airflow/example_dags/tutorial.py
[2026-05-29T19:17:07.411+0000] {processor.py:840} INFO - DAG(s) 'tutorial' retrieved from /home/airflow/.local/lib/python3.8/site-packages/airflow/example_dags/tutorial.py
[2026-05-29T19:17:07.430+0000] {logging_mixin.py:188} INFO - [2026-05-29T19:17:07.430+0000] {dag.py:3047} INFO - Sync 1 DAGs
[2026-05-29T19:17:07.451+0000] {logging_mixin.py:188} INFO - [2026-05-29T19:17:07.451+0000] {dag.py:3834} INFO - Setting next_dagrun for tutorial to 2026-05-28 00:00:00+00:00, run_after=2026-05-29 00:00:00+00:00
[2026-05-29T19:17:07.468+0000] {processor.py:183} INFO - Processing /home/airflow/.local/lib/python3.8/site-packages/airflow/example_dags/tutorial.py took 0.069 seconds
[2026-05-29T19:17:37.967+0000] {processor.py:161} INFO - Started process (PID=250) to work on /home/airflow/.local/lib/python3.8/site-packages/airflow/example_dags/tutorial.py
[2026-05-29T19:17:37.969+0000] {processor.py:830} INFO - Processing file /home/airflow/.local/lib/python3.8/site-packages/airflow/example_dags/tutorial.py for tasks to queue
[2026-05-29T19:17:37.971+0000] {logging_mixin.py:188} INFO - [2026-05-29T19:17:37.970+0000] {dagbag.py:540} INFO - Filling up the DagBag from /home/airflow/.local/lib/python3.8/site-packages/airflow/example_dags/tutorial.py
[2026-05-29T19:17:37.976+0000] {processor.py:840} INFO - DAG(s) 'tutorial' retrieved from /home/airflow/.local/lib/python3.8/site-packages/airflow/example_dags/tutorial.py
[2026-05-29T19:17:38.004+0000] {logging_mixin.py:188} INFO - [2026-05-29T19:17:38.004+0000] {dag.py:3047} INFO - Sync 1 DAGs
[2026-05-29T19:17:38.026+0000] {logging_mixin.py:188} INFO - [2026-05-29T19:17:38.026+0000] {dag.py:3834} INFO - Setting next_dagrun for tutorial to 2026-05-28 00:00:00+00:00, run_after=2026-05-29 00:00:00+00:00
[2026-05-29T19:17:38.052+0000] {processor.py:183} INFO - Processing /home/airflow/.local/lib/python3.8/site-packages/airflow/example_dags/tutorial.py took 0.088 seconds
[2026-05-29T19:18:08.983+0000] {processor.py:161} INFO - Started process (PID=305) to work on /home/airflow/.local/lib/python3.8/site-packages/airflow/example_dags/tutorial.py
[2026-05-29T19:18:08.985+0000] {processor.py:830} INFO - Processing file /home/airflow/.local/lib/python3.8/site-packages/airflow/example_dags/tutorial.py for tasks to queue
[2026-05-29T19:18:08.988+0000] {logging_mixin.py:188} INFO - [2026-05-29T19:18:08.987+0000] {dagbag.py:540} INFO - Filling up the DagBag from /home/airflow/.local/lib/python3.8/site-packages/airflow/example_dags/tutorial.py
[2026-05-29T19:18:08.995+0000] {processor.py:840} INFO - DAG(s) 'tutorial' retrieved from /home/airflow/.local/lib/python3.8/site-packages/airflow/example_dags/tutorial.py
[2026-05-29T19:18:09.022+0000] {logging_mixin.py:188} INFO - [2026-05-29T19:18:09.022+0000] {dag.py:3047} INFO - Sync 1 DAGs
[2026-05-29T19:18:09.049+0000] {logging_mixin.py:188} INFO - [2026-05-29T19:18:09.048+0000] {dag.py:3834} INFO - Setting next_dagrun for tutorial to 2026-05-28 00:00:00+00:00, run_after=2026-05-29 00:00:00+00:00
[2026-05-29T19:18:09.073+0000] {processor.py:183} INFO - Processing /home/airflow/.local/lib/python3.8/site-packages/airflow/example_dags/tutorial.py took 0.093 seconds
[2026-05-29T19:18:39.211+0000] {processor.py:161} INFO - Started process (PID=360) to work on /home/airflow/.local/lib/python3.8/site-packages/airflow/example_dags/tutorial.py
[2026-05-29T19:18:39.212+0000] {processor.py:830} INFO - Processing file /home/airflow/.local/lib/python3.8/site-packages/airflow/example_dags/tutorial.py for tasks to queue
[2026-05-29T19:18:39.215+0000] {logging_mixin.py:188} INFO - [2026-05-29T19:18:39.214+0000] {dagbag.py:540} INFO - Filling up the DagBag from /home/airflow/.local/lib/python3.8/site-packages/airflow/example_dags/tutorial.py
[2026-05-29T19:18:39.222+0000] {processor.py:840} INFO - DAG(s) 'tutorial' retrieved from /home/airflow/.local/lib/python3.8/site-packages/airflow/example_dags/tutorial.py
[2026-05-29T19:18:39.264+0000] {logging_mixin.py:188} INFO - [2026-05-29T19:18:39.262+0000] {dag.py:3047} INFO - Sync 1 DAGs
[2026-05-29T19:18:39.325+0000] {logging_mixin.py:188} INFO - [2026-05-29T19:18:39.325+0000] {dag.py:3834} INFO - Setting next_dagrun for tutorial to 2026-05-28 00:00:00+00:00, run_after=2026-05-29 00:00:00+00:00
[2026-05-29T19:18:39.364+0000] {processor.py:183} INFO - Processing /home/airflow/.local/lib/python3.8/site-packages/airflow/example_dags/tutorial.py took 0.157 seconds
[2026-05-29T19:19:09.767+0000] {processor.py:161} INFO - Started process (PID=415) to work on /home/airflow/.local/lib/python3.8/site-packages/airflow/example_dags/tutorial.py
[2026-05-29T19:19:09.769+0000] {processor.py:830} INFO - Processing file /home/airflow/.local/lib/python3.8/site-packages/airflow/example_dags/tutorial.py for tasks to queue
[2026-05-29T19:19:09.772+0000] {logging_mixin.py:188} INFO - [2026-05-29T19:19:09.771+0000] {dagbag.py:540} INFO - Filling up the DagBag from /home/airflow/.local/lib/python3.8/site-packages/airflow/example_dags/tutorial.py
[2026-05-29T19:19:09.777+0000] {processor.py:840} INFO - DAG(s) 'tutorial' retrieved from /home/airflow/.local/lib/python3.8/site-packages/airflow/example_dags/tutorial.py
[2026-05-29T19:19:09.796+0000] {logging_mixin.py:188} INFO - [2026-05-29T19:19:09.795+0000] {dag.py:3047} INFO - Sync 1 DAGs
[2026-05-29T19:19:09.818+0000] {logging_mixin.py:188} INFO - [2026-05-29T19:19:09.817+0000] {dag.py:3834} INFO - Setting next_dagrun for tutorial to 2026-05-28 00:00:00+00:00, run_after=2026-05-29 00:00:00+00:00
[2026-05-29T19:19:09.835+0000] {processor.py:183} INFO - Processing /home/airflow/.local/lib/python3.8/site-packages/airflow/example_dags/tutorial.py took 0.072 seconds
[2026-05-29T19:19:40.050+0000] {processor.py:161} INFO - Started process (PID=470) to work on /home/airflow/.local/lib/python3.8/site-packages/airflow/example_dags/tutorial.py
[2026-05-29T19:19:40.052+0000] {processor.py:830} INFO - Processing file /home/airflow/.local/lib/python3.8/site-packages/airflow/example_dags/tutorial.py for tasks to queue
[2026-05-29T19:19:40.054+0000] {logging_mixin.py:188} INFO - [2026-05-29T19:19:40.053+0000] {dagbag.py:540} INFO - Filling up the DagBag from /home/airflow/.local/lib/python3.8/site-packages/airflow/example_dags/tutorial.py
[2026-05-29T19:19:40.060+0000] {processor.py:840} INFO - DAG(s) 'tutorial' retrieved from /home/airflow/.local/lib/python3.8/site-packages/airflow/example_dags/tutorial.py
[2026-05-29T19:19:40.080+0000] {logging_mixin.py:188} INFO - [2026-05-29T19:19:40.080+0000] {dag.py:3047} INFO - Sync 1 DAGs
[2026-05-29T19:19:40.102+0000] {logging_mixin.py:188} INFO - [2026-05-29T19:19:40.102+0000] {dag.py:3834} INFO - Setting next_dagrun for tutorial to 2026-05-28 00:00:00+00:00, run_after=2026-05-29 00:00:00+00:00
[2026-05-29T19:19:40.125+0000] {processor.py:183} INFO - Processing /home/airflow/.local/lib/python3.8/site-packages/airflow/example_dags/tutorial.py took 0.078 seconds
[2026-05-29T19:20:10.582+0000] {processor.py:161} INFO - Started process (PID=525) to work on /home/airflow/.local/lib/python3.8/site-packages/airflow/example_dags/tutorial.py
[2026-05-29T19:20:10.584+0000] {processor.py:830} INFO - Processing file /home/airflow/.local/lib/python3.8/site-packages/airflow/example_dags/tutorial.py for tasks to queue
[2026-05-29T19:20:10.587+0000] {logging_mixin.py:188} INFO - [2026-05-29T19:20:10.587+0000] {dagbag.py:540} INFO - Filling up the DagBag from /home/airflow/.local/lib/python3.8/site-packages/airflow/example_dags/tutorial.py
[2026-05-29T19:20:10.594+0000] {processor.py:840} INFO - DAG(s) 'tutorial' retrieved from /home/airflow/.local/lib/python3.8/site-packages/airflow/example_dags/tutorial.py
[2026-05-29T19:20:10.614+0000] {logging_mixin.py:188} INFO - [2026-05-29T19:20:10.614+0000] {dag.py:3047} INFO - Sync 1 DAGs
[2026-05-29T19:20:10.640+0000] {logging_mixin.py:188} INFO - [2026-05-29T19:20:10.640+0000] {dag.py:3834} INFO - Setting next_dagrun for tutorial to 2026-05-28 00:00:00+00:00, run_after=2026-05-29 00:00:00+00:00
[2026-05-29T19:20:10.668+0000] {processor.py:183} INFO - Processing /home/airflow/.local/lib/python3.8/site-packages/airflow/example_dags/tutorial.py took 0.089 seconds
[2026-05-29T19:20:40.814+0000] {processor.py:161} INFO - Started process (PID=580) to work on /home/airflow/.local/lib/python3.8/site-packages/airflow/example_dags/tutorial.py
[2026-05-29T19:20:40.815+0000] {processor.py:830} INFO - Processing file /home/airflow/.local/lib/python3.8/site-packages/airflow/example_dags/tutorial.py for tasks to queue
[2026-05-29T19:20:40.817+0000] {logging_mixin.py:188} INFO - [2026-05-29T19:20:40.817+0000] {dagbag.py:540} INFO - Filling up the DagBag from /home/airflow/.local/lib/python3.8/site-packages/airflow/example_dags/tutorial.py
[2026-05-29T19:20:40.826+0000] {processor.py:840} INFO - DAG(s) 'tutorial' retrieved from /home/airflow/.local/lib/python3.8/site-packages/airflow/example_dags/tutorial.py
[2026-05-29T19:20:40.848+0000] {logging_mixin.py:188} INFO - [2026-05-29T19:20:40.848+0000] {dag.py:3047} INFO - Sync 1 DAGs
[2026-05-29T19:20:40.871+0000] {logging_mixin.py:188} INFO - [2026-05-29T19:20:40.871+0000] {dag.py:3834} INFO - Setting next_dagrun for tutorial to 2026-05-28 00:00:00+00:00, run_after=2026-05-29 00:00:00+00:00
[2026-05-29T19:20:40.894+0000] {processor.py:183} INFO - Processing /home/airflow/.local/lib/python3.8/site-packages/airflow/example_dags/tutorial.py took 0.083 seconds
[2026-05-29T19:21:11.274+0000] {processor.py:161} INFO - Started process (PID=635) to work on /home/airflow/.local/lib/python3.8/site-packages/airflow/example_dags/tutorial.py
[2026-05-29T19:21:11.276+0000] {processor.py:830} INFO - Processing file /home/airflow/.local/lib/python3.8/site-packages/airflow/example_dags/tutorial.py for tasks to queue
[2026-05-29T19:21:11.278+0000] {logging_mixin.py:188} INFO - [2026-05-29T19:21:11.278+0000] {dagbag.py:540} INFO - Filling up the DagBag from /home/airflow/.local/lib/python3.8/site-packages/airflow/example_dags/tutorial.py
[2026-05-29T19:21:11.284+0000] {processor.py:840} INFO - DAG(s) 'tutorial' retrieved from /home/airflow/.local/lib/python3.8/site-packages/airflow/example_dags/tutorial.py
[2026-05-29T19:21:11.309+0000] {logging_mixin.py:188} INFO - [2026-05-29T19:21:11.308+0000] {dag.py:3047} INFO - Sync 1 DAGs
[2026-05-29T19:21:11.337+0000] {logging_mixin.py:188} INFO - [2026-05-29T19:21:11.336+0000] {dag.py:3834} INFO - Setting next_dagrun for tutorial to 2026-05-28 00:00:00+00:00, run_after=2026-05-29 00:00:00+00:00
[2026-05-29T19:21:11.356+0000] {processor.py:183} INFO - Processing /home/airflow/.local/lib/python3.8/site-packages/airflow/example_dags/tutorial.py took 0.084 seconds
[2026-05-29T19:21:41.527+0000] {processor.py:161} INFO - Started process (PID=690) to work on /home/airflow/.local/lib/python3.8/site-packages/airflow/example_dags/tutorial.py
[2026-05-29T19:21:41.528+0000] {processor.py:830} INFO - Processing file /home/airflow/.local/lib/python3.8/site-packages/airflow/example_dags/tutorial.py for tasks to queue
[2026-05-29T19:21:41.531+0000] {logging_mixin.py:188} INFO - [2026-05-29T19:21:41.530+0000] {dagbag.py:540} INFO - Filling up the DagBag from /home/airflow/.local/lib/python3.8/site-packages/airflow/example_dags/tutorial.py
[2026-05-29T19:21:41.540+0000] {processor.py:840} INFO - DAG(s) 'tutorial' retrieved from /home/airflow/.local/lib/python3.8/site-packages/airflow/example_dags/tutorial.py
[2026-05-29T19:21:41.566+0000] {logging_mixin.py:188} INFO - [2026-05-29T19:21:41.565+0000] {dag.py:3047} INFO - Sync 1 DAGs
[2026-05-29T19:21:41.585+0000] {logging_mixin.py:188} INFO - [2026-05-29T19:21:41.585+0000] {dag.py:3834} INFO - Setting next_dagrun for tutorial to 2026-05-28 00:00:00+00:00, run_after=2026-05-29 00:00:00+00:00
[2026-05-29T19:21:41.606+0000] {processor.py:183} INFO - Processing /home/airflow/.local/lib/python3.8/site-packages/airflow/example_dags/tutorial.py took 0.083 seconds
[2026-05-29T19:22:11.759+0000] {processor.py:161} INFO - Started process (PID=745) to work on /home/airflow/.local/lib/python3.8/site-packages/airflow/example_dags/tutorial.py
[2026-05-29T19:22:11.765+0000] {processor.py:830} INFO - Processing file /home/airflow/.local/lib/python3.8/site-packages/airflow/example_dags/tutorial.py for tasks to queue
[2026-05-29T19:22:11.769+0000] {logging_mixin.py:188} INFO - [2026-05-29T19:22:11.768+0000] {dagbag.py:540} INFO - Filling up the DagBag from /home/airflow/.local/lib/python3.8/site-packages/airflow/example_dags/tutorial.py
[2026-05-29T19:22:11.780+0000] {processor.py:840} INFO - DAG(s) 'tutorial' retrieved from /home/airflow/.local/lib/python3.8/site-packages/airflow/example_dags/tutorial.py
[2026-05-29T19:22:11.815+0000] {logging_mixin.py:188} INFO - [2026-05-29T19:22:11.814+0000] {dag.py:3047} INFO - Sync 1 DAGs
[2026-05-29T19:22:11.848+0000] {logging_mixin.py:188} INFO - [2026-05-29T19:22:11.848+0000] {dag.py:3834} INFO - Setting next_dagrun for tutorial to 2026-05-28 00:00:00+00:00, run_after=2026-05-29 00:00:00+00:00
[2026-05-29T19:22:11.876+0000] {processor.py:183} INFO - Processing /home/airflow/.local/lib/python3.8/site-packages/airflow/example_dags/tutorial.py took 0.131 seconds
[2026-05-29T19:22:42.020+0000] {processor.py:161} INFO - Started process (PID=800) to work on /home/airflow/.local/lib/python3.8/site-packages/airflow/example_dags/tutorial.py
[2026-05-29T19:22:42.022+0000] {processor.py:830} INFO - Processing file /home/airflow/.local/lib/python3.8/site-packages/airflow/example_dags/tutorial.py for tasks to queue
[2026-05-29T19:22:42.024+0000] {logging_mixin.py:188} INFO - [2026-05-29T19:22:42.024+0000] {dagbag.py:540} INFO - Filling up the DagBag from /home/airflow/.local/lib/python3.8/site-packages/airflow/example_dags/tutorial.py
[2026-05-29T19:22:42.029+0000] {processor.py:840} INFO - DAG(s) 'tutorial' retrieved from /home/airflow/.local/lib/python3.8/site-packages/airflow/example_dags/tutorial.py
[2026-05-29T19:22:42.048+0000] {logging_mixin.py:188} INFO - [2026-05-29T19:22:42.048+0000] {dag.py:3047} INFO - Sync 1 DAGs
[2026-05-29T19:22:42.069+0000] {logging_mixin.py:188} INFO - [2026-05-29T19:22:42.068+0000] {dag.py:3834} INFO - Setting next_dagrun for tutorial to 2026-05-28 00:00:00+00:00, run_after=2026-05-29 00:00:00+00:00
[2026-05-29T19:22:42.087+0000] {processor.py:183} INFO - Processing /home/airflow/.local/lib/python3.8/site-packages/airflow/example_dags/tutorial.py took 0.072 seconds
[2026-05-29T19:23:12.202+0000] {processor.py:161} INFO - Started process (PID=855) to work on /home/airflow/.local/lib/python3.8/site-packages/airflow/example_dags/tutorial.py
[2026-05-29T19:23:12.204+0000] {processor.py:830} INFO - Processing file /home/airflow/.local/lib/python3.8/site-packages/airflow/example_dags/tutorial.py for tasks to queue
[2026-05-29T19:23:12.206+0000] {logging_mixin.py:188} INFO - [2026-05-29T19:23:12.206+0000] {dagbag.py:540} INFO - Filling up the DagBag from /home/airflow/.local/lib/python3.8/site-packages/airflow/example_dags/tutorial.py
[2026-05-29T19:23:12.212+0000] {processor.py:840} INFO - DAG(s) 'tutorial' retrieved from /home/airflow/.local/lib/python3.8/site-packages/airflow/example_dags/tutorial.py
[2026-05-29T19:23:12.237+0000] {logging_mixin.py:188} INFO - [2026-05-29T19:23:12.236+0000] {dag.py:3047} INFO - Sync 1 DAGs
[2026-05-29T19:23:12.257+0000] {logging_mixin.py:188} INFO - [2026-05-29T19:23:12.257+0000] {dag.py:3834} INFO - Setting next_dagrun for tutorial to 2026-05-28 00:00:00+00:00, run_after=2026-05-29 00:00:00+00:00
[2026-05-29T19:23:12.278+0000] {processor.py:183} INFO - Processing /home/airflow/.local/lib/python3.8/site-packages/airflow/example_dags/tutorial.py took 0.079 seconds
[2026-05-29T19:23:42.432+0000] {processor.py:161} INFO - Started process (PID=910) to work on /home/airflow/.local/lib/python3.8/site-packages/airflow/example_dags/tutorial.py
[2026-05-29T19:23:42.433+0000] {processor.py:830} INFO - Processing file /home/airflow/.local/lib/python3.8/site-packages/airflow/example_dags/tutorial.py for tasks to queue
[2026-05-29T19:23:42.435+0000] {logging_mixin.py:188} INFO - [2026-05-29T19:23:42.435+0000] {dagbag.py:540} INFO - Filling up the DagBag from /home/airflow/.local/lib/python3.8/site-packages/airflow/example_dags/tutorial.py
[2026-05-29T19:23:42.440+0000] {processor.py:840} INFO - DAG(s) 'tutorial' retrieved from /home/airflow/.local/lib/python3.8/site-packages/airflow/example_dags/tutorial.py
[2026-05-29T19:23:42.464+0000] {logging_mixin.py:188} INFO - [2026-05-29T19:23:42.464+0000] {dag.py:3047} INFO - Sync 1 DAGs
[2026-05-29T19:23:42.481+0000] {logging_mixin.py:188} INFO - [2026-05-29T19:23:42.481+0000] {dag.py:3834} INFO - Setting next_dagrun for tutorial to 2026-05-28 00:00:00+00:00, run_after=2026-05-29 00:00:00+00:00
[2026-05-29T19:23:42.503+0000] {processor.py:183} INFO - Processing /home/airflow/.local/lib/python3.8/site-packages/airflow/example_dags/tutorial.py took 0.074 seconds
[2026-05-29T19:24:12.665+0000] {processor.py:161} INFO - Started process (PID=965) to work on /home/airflow/.local/lib/python3.8/site-packages/airflow/example_dags/tutorial.py
[2026-05-29T19:24:12.667+0000] {processor.py:830} INFO - Processing file /home/airflow/.local/lib/python3.8/site-packages/airflow/example_dags/tutorial.py for tasks to queue
[2026-05-29T19:24:12.669+0000] {logging_mixin.py:188} INFO - [2026-05-29T19:24:12.669+0000] {dagbag.py:540} INFO - Filling up the DagBag from /home/airflow/.local/lib/python3.8/site-packages/airflow/example_dags/tutorial.py
[2026-05-29T19:24:12.674+0000] {processor.py:840} INFO - DAG(s) 'tutorial' retrieved from /home/airflow/.local/lib/python3.8/site-packages/airflow/example_dags/tutorial.py
[2026-05-29T19:24:12.702+0000] {logging_mixin.py:188} INFO - [2026-05-29T19:24:12.701+0000] {dag.py:3047} INFO - Sync 1 DAGs
[2026-05-29T19:24:12.723+0000] {logging_mixin.py:188} INFO - [2026-05-29T19:24:12.723+0000] {dag.py:3834} INFO - Setting next_dagrun for tutorial to 2026-05-28 00:00:00+00:00, run_after=2026-05-29 00:00:00+00:00
[2026-05-29T19:24:12.747+0000] {processor.py:183} INFO - Processing /home/airflow/.local/lib/python3.8/site-packages/airflow/example_dags/tutorial.py took 0.085 seconds
[2026-05-29T19:24:42.867+0000] {processor.py:161} INFO - Started process (PID=1020) to work on /home/airflow/.local/lib/python3.8/site-packages/airflow/example_dags/tutorial.py
[2026-05-29T19:24:42.869+0000] {processor.py:830} INFO - Processing file /home/airflow/.local/lib/python3.8/site-packages/airflow/example_dags/tutorial.py for tasks to queue
[2026-05-29T19:24:42.873+0000] {logging_mixin.py:188} INFO - [2026-05-29T19:24:42.872+0000] {dagbag.py:540} INFO - Filling up the DagBag from /home/airflow/.local/lib/python3.8/site-packages/airflow/example_dags/tutorial.py
[2026-05-29T19:24:42.880+0000] {processor.py:840} INFO - DAG(s) 'tutorial' retrieved from /home/airflow/.local/lib/python3.8/site-packages/airflow/example_dags/tutorial.py
[2026-05-29T19:24:42.907+0000] {logging_mixin.py:188} INFO - [2026-05-29T19:24:42.906+0000] {dag.py:3047} INFO - Sync 1 DAGs
[2026-05-29T19:24:42.937+0000] {logging_mixin.py:188} INFO - [2026-05-29T19:24:42.936+0000] {dag.py:3834} INFO - Setting next_dagrun for tutorial to 2026-05-28 00:00:00+00:00, run_after=2026-05-29 00:00:00+00:00
[2026-05-29T19:24:42.964+0000] {processor.py:183} INFO - Processing /home/airflow/.local/lib/python3.8/site-packages/airflow/example_dags/tutorial.py took 0.102 seconds
[2026-05-29T19:25:13.188+0000] {processor.py:161} INFO - Started process (PID=1075) to work on /home/airflow/.local/lib/python3.8/site-packages/airflow/example_dags/tutorial.py
[2026-05-29T19:25:13.190+0000] {processor.py:830} INFO - Processing file /home/airflow/.local/lib/python3.8/site-packages/airflow/example_dags/tutorial.py for tasks to queue
[2026-05-29T19:25:13.192+0000] {logging_mixin.py:188} INFO - [2026-05-29T19:25:13.192+0000] {dagbag.py:540} INFO - Filling up the DagBag from /home/airflow/.local/lib/python3.8/site-packages/airflow/example_dags/tutorial.py
[2026-05-29T19:25:13.197+0000] {processor.py:840} INFO - DAG(s) 'tutorial' retrieved from /home/airflow/.local/lib/python3.8/site-packages/airflow/example_dags/tutorial.py
[2026-05-29T19:25:13.216+0000] {logging_mixin.py:188} INFO - [2026-05-29T19:25:13.215+0000] {dag.py:3047} INFO - Sync 1 DAGs
[2026-05-29T19:25:13.242+0000] {logging_mixin.py:188} INFO - [2026-05-29T19:25:13.241+0000] {dag.py:3834} INFO - Setting next_dagrun for tutorial to 2026-05-28 00:00:00+00:00, run_after=2026-05-29 00:00:00+00:00
[2026-05-29T19:25:13.267+0000] {processor.py:183} INFO - Processing /home/airflow/.local/lib/python3.8/site-packages/airflow/example_dags/tutorial.py took 0.082 seconds
[2026-05-29T19:25:44.081+0000] {processor.py:161} INFO - Started process (PID=1130) to work on /home/airflow/.local/lib/python3.8/site-packages/airflow/example_dags/tutorial.py
[2026-05-29T19:25:44.083+0000] {processor.py:830} INFO - Processing file /home/airflow/.local/lib/python3.8/site-packages/airflow/example_dags/tutorial.py for tasks to queue
[2026-05-29T19:25:44.085+0000] {logging_mixin.py:188} INFO - [2026-05-29T19:25:44.085+0000] {dagbag.py:540} INFO - Filling up the DagBag from /home/airflow/.local/lib/python3.8/site-packages/airflow/example_dags/tutorial.py
[2026-05-29T19:25:44.091+0000] {processor.py:840} INFO - DAG(s) 'tutorial' retrieved from /home/airflow/.local/lib/python3.8/site-packages/airflow/example_dags/tutorial.py
[2026-05-29T19:25:44.108+0000] {logging_mixin.py:188} INFO - [2026-05-29T19:25:44.108+0000] {dag.py:3047} INFO - Sync 1 DAGs
[2026-05-29T19:25:44.125+0000] {logging_mixin.py:188} INFO - [2026-05-29T19:25:44.124+0000] {dag.py:3834} INFO - Setting next_dagrun for tutorial to 2026-05-28 00:00:00+00:00, run_after=2026-05-29 00:00:00+00:00
[2026-05-29T19:25:44.153+0000] {processor.py:183} INFO - Processing /home/airflow/.local/lib/python3.8/site-packages/airflow/example_dags/tutorial.py took 0.075 seconds
[2026-05-29T19:26:14.369+0000] {processor.py:161} INFO - Started process (PID=1185) to work on /home/airflow/.local/lib/python3.8/site-packages/airflow/example_dags/tutorial.py
[2026-05-29T19:26:14.371+0000] {processor.py:830} INFO - Processing file /home/airflow/.local/lib/python3.8/site-packages/airflow/example_dags/tutorial.py for tasks to queue
[2026-05-29T19:26:14.373+0000] {logging_mixin.py:188} INFO - [2026-05-29T19:26:14.373+0000] {dagbag.py:540} INFO - Filling up the DagBag from /home/airflow/.local/lib/python3.8/site-packages/airflow/example_dags/tutorial.py
[2026-05-29T19:26:14.378+0000] {processor.py:840} INFO - DAG(s) 'tutorial' retrieved from /home/airflow/.local/lib/python3.8/site-packages/airflow/example_dags/tutorial.py
[2026-05-29T19:26:14.399+0000] {logging_mixin.py:188} INFO - [2026-05-29T19:26:14.398+0000] {dag.py:3047} INFO - Sync 1 DAGs
[2026-05-29T19:26:14.415+0000] {logging_mixin.py:188} INFO - [2026-05-29T19:26:14.415+0000] {dag.py:3834} INFO - Setting next_dagrun for tutorial to 2026-05-28 00:00:00+00:00, run_after=2026-05-29 00:00:00+00:00
[2026-05-29T19:26:14.433+0000] {processor.py:183} INFO - Processing /home/airflow/.local/lib/python3.8/site-packages/airflow/example_dags/tutorial.py took 0.066 seconds
[2026-05-29T19:26:44.589+0000] {processor.py:161} INFO - Started process (PID=1240) to work on /home/airflow/.local/lib/python3.8/site-packages/airflow/example_dags/tutorial.py
[2026-05-29T19:26:44.591+0000] {processor.py:830} INFO - Processing file /home/airflow/.local/lib/python3.8/site-packages/airflow/example_dags/tutorial.py for tasks to queue
[2026-05-29T19:26:44.594+0000] {logging_mixin.py:188} INFO - [2026-05-29T19:26:44.594+0000] {dagbag.py:540} INFO - Filling up the DagBag from /home/airflow/.local/lib/python3.8/site-packages/airflow/example_dags/tutorial.py
[2026-05-29T19:26:44.600+0000] {processor.py:840} INFO - DAG(s) 'tutorial' retrieved from /home/airflow/.local/lib/python3.8/site-packages/airflow/example_dags/tutorial.py
[2026-05-29T19:26:44.620+0000] {logging_mixin.py:188} INFO - [2026-05-29T19:26:44.620+0000] {dag.py:3047} INFO - Sync 1 DAGs
[2026-05-29T19:26:44.645+0000] {logging_mixin.py:188} INFO - [2026-05-29T19:26:44.645+0000] {dag.py:3834} INFO - Setting next_dagrun for tutorial to 2026-05-28 00:00:00+00:00, run_after=2026-05-29 00:00:00+00:00
[2026-05-29T19:26:44.665+0000] {processor.py:183} INFO - Processing /home/airflow/.local/lib/python3.8/site-packages/airflow/example_dags/tutorial.py took 0.079 seconds
[2026-05-29T19:27:14.884+0000] {processor.py:161} INFO - Started process (PID=1295) to work on /home/airflow/.local/lib/python3.8/site-packages/airflow/example_dags/tutorial.py
[2026-05-29T19:27:14.885+0000] {processor.py:830} INFO - Processing file /home/airflow/.local/lib/python3.8/site-packages/airflow/example_dags/tutorial.py for tasks to queue
[2026-05-29T19:27:14.888+0000] {logging_mixin.py:188} INFO - [2026-05-29T19:27:14.887+0000] {dagbag.py:540} INFO - Filling up the DagBag from /home/airflow/.local/lib/python3.8/site-packages/airflow/example_dags/tutorial.py
[2026-05-29T19:27:14.893+0000] {processor.py:840} INFO - DAG(s) 'tutorial' retrieved from /home/airflow/.local/lib/python3.8/site-packages/airflow/example_dags/tutorial.py
[2026-05-29T19:27:14.911+0000] {logging_mixin.py:188} INFO - [2026-05-29T19:27:14.911+0000] {dag.py:3047} INFO - Sync 1 DAGs
[2026-05-29T19:27:14.931+0000] {logging_mixin.py:188} INFO - [2026-05-29T19:27:14.931+0000] {dag.py:3834} INFO - Setting next_dagrun for tutorial to 2026-05-28 00:00:00+00:00, run_after=2026-05-29 00:00:00+00:00
[2026-05-29T19:27:14.946+0000] {processor.py:183} INFO - Processing /home/airflow/.local/lib/python3.8/site-packages/airflow/example_dags/tutorial.py took 0.065 seconds
[2026-05-29T19:27:46.396+0000] {processor.py:161} INFO - Started process (PID=1350) to work on /home/airflow/.local/lib/python3.8/site-packages/airflow/example_dags/tutorial.py
[2026-05-29T19:27:46.397+0000] {processor.py:830} INFO - Processing file /home/airflow/.local/lib/python3.8/site-packages/airflow/example_dags/tutorial.py for tasks to queue
[2026-05-29T19:27:46.402+0000] {logging_mixin.py:188} INFO - [2026-05-29T19:27:46.401+0000] {dagbag.py:540} INFO - Filling up the DagBag from /home/airflow/.local/lib/python3.8/site-packages/airflow/example_dags/tutorial.py
[2026-05-29T19:27:46.411+0000] {processor.py:840} INFO - DAG(s) 'tutorial' retrieved from /home/airflow/.local/lib/python3.8/site-packages/airflow/example_dags/tutorial.py
[2026-05-29T19:27:46.443+0000] {logging_mixin.py:188} INFO - [2026-05-29T19:27:46.443+0000] {dag.py:3047} INFO - Sync 1 DAGs
[2026-05-29T19:27:46.471+0000] {logging_mixin.py:188} INFO - [2026-05-29T19:27:46.470+0000] {dag.py:3834} INFO - Setting next_dagrun for tutorial to 2026-05-28 00:00:00+00:00, run_after=2026-05-29 00:00:00+00:00
[2026-05-29T19:27:46.503+0000] {processor.py:183} INFO - Processing /home/airflow/.local/lib/python3.8/site-packages/airflow/example_dags/tutorial.py took 0.112 seconds
[2026-05-29T19:28:16.934+0000] {processor.py:161} INFO - Started process (PID=1405) to work on /home/airflow/.local/lib/python3.8/site-packages/airflow/example_dags/tutorial.py
[2026-05-29T19:28:16.936+0000] {processor.py:830} INFO - Processing file /home/airflow/.local/lib/python3.8/site-packages/airflow/example_dags/tutorial.py for tasks to queue
[2026-05-29T19:28:16.938+0000] {logging_mixin.py:188} INFO - [2026-05-29T19:28:16.938+0000] {dagbag.py:540} INFO - Filling up the DagBag from /home/airflow/.local/lib/python3.8/site-packages/airflow/example_dags/tutorial.py
[2026-05-29T19:28:16.944+0000] {processor.py:840} INFO - DAG(s) 'tutorial' retrieved from /home/airflow/.local/lib/python3.8/site-packages/airflow/example_dags/tutorial.py
[2026-05-29T19:28:16.975+0000] {logging_mixin.py:188} INFO - [2026-05-29T19:28:16.975+0000] {dag.py:3047} INFO - Sync 1 DAGs
[2026-05-29T19:28:17.009+0000] {logging_mixin.py:188} INFO - [2026-05-29T19:28:17.008+0000] {dag.py:3834} INFO - Setting next_dagrun for tutorial to 2026-05-28 00:00:00+00:00, run_after=2026-05-29 00:00:00+00:00
[2026-05-29T19:28:17.030+0000] {processor.py:183} INFO - Processing /home/airflow/.local/lib/python3.8/site-packages/airflow/example_dags/tutorial.py took 0.098 seconds
[2026-05-29T19:28:47.176+0000] {processor.py:161} INFO - Started process (PID=1459) to work on /home/airflow/.local/lib/python3.8/site-packages/airflow/example_dags/tutorial.py
[2026-05-29T19:28:47.178+0000] {processor.py:830} INFO - Processing file /home/airflow/.local/lib/python3.8/site-packages/airflow/example_dags/tutorial.py for tasks to queue
[2026-05-29T19:28:47.180+0000] {logging_mixin.py:188} INFO - [2026-05-29T19:28:47.179+0000] {dagbag.py:540} INFO - Filling up the DagBag from /home/airflow/.local/lib/python3.8/site-packages/airflow/example_dags/tutorial.py
[2026-05-29T19:28:47.185+0000] {processor.py:840} INFO - DAG(s) 'tutorial' retrieved from /home/airflow/.local/lib/python3.8/site-packages/airflow/example_dags/tutorial.py
[2026-05-29T19:28:47.203+0000] {logging_mixin.py:188} INFO - [2026-05-29T19:28:47.203+0000] {dag.py:3047} INFO - Sync 1 DAGs
[2026-05-29T19:28:47.220+0000] {logging_mixin.py:188} INFO - [2026-05-29T19:28:47.220+0000] {dag.py:3834} INFO - Setting next_dagrun for tutorial to 2026-05-28 00:00:00+00:00, run_after=2026-05-29 00:00:00+00:00
[2026-05-29T19:28:47.241+0000] {processor.py:183} INFO - Processing /home/airflow/.local/lib/python3.8/site-packages/airflow/example_dags/tutorial.py took 0.068 seconds
[2026-05-29T19:29:17.482+0000] {processor.py:161} INFO - Started process (PID=1514) to work on /home/airflow/.local/lib/python3.8/site-packages/airflow/example_dags/tutorial.py
[2026-05-29T19:29:17.484+0000] {processor.py:830} INFO - Processing file /home/airflow/.local/lib/python3.8/site-packages/airflow/example_dags/tutorial.py for tasks to queue
[2026-05-29T19:29:17.486+0000] {logging_mixin.py:188} INFO - [2026-05-29T19:29:17.485+0000] {dagbag.py:540} INFO - Filling up the DagBag from /home/airflow/.local/lib/python3.8/site-packages/airflow/example_dags/tutorial.py
[2026-05-29T19:29:17.494+0000] {processor.py:840} INFO - DAG(s) 'tutorial' retrieved from /home/airflow/.local/lib/python3.8/site-packages/airflow/example_dags/tutorial.py
[2026-05-29T19:29:17.512+0000] {logging_mixin.py:188} INFO - [2026-05-29T19:29:17.512+0000] {dag.py:3047} INFO - Sync 1 DAGs
[2026-05-29T19:29:17.531+0000] {logging_mixin.py:188} INFO - [2026-05-29T19:29:17.530+0000] {dag.py:3834} INFO - Setting next_dagrun for tutorial to 2026-05-28 00:00:00+00:00, run_after=2026-05-29 00:00:00+00:00
[2026-05-29T19:29:17.549+0000] {processor.py:183} INFO - Processing /home/airflow/.local/lib/python3.8/site-packages/airflow/example_dags/tutorial.py took 0.070 seconds
[2026-05-29T19:29:48.105+0000] {processor.py:161} INFO - Started process (PID=1569) to work on /home/airflow/.local/lib/python3.8/site-packages/airflow/example_dags/tutorial.py
[2026-05-29T19:29:48.107+0000] {processor.py:830} INFO - Processing file /home/airflow/.local/lib/python3.8/site-packages/airflow/example_dags/tutorial.py for tasks to queue
[2026-05-29T19:29:48.109+0000] {logging_mixin.py:188} INFO - [2026-05-29T19:29:48.109+0000] {dagbag.py:540} INFO - Filling up the DagBag from /home/airflow/.local/lib/python3.8/site-packages/airflow/example_dags/tutorial.py
[2026-05-29T19:29:48.115+0000] {processor.py:840} INFO - DAG(s) 'tutorial' retrieved from /home/airflow/.local/lib/python3.8/site-packages/airflow/example_dags/tutorial.py
[2026-05-29T19:29:48.138+0000] {logging_mixin.py:188} INFO - [2026-05-29T19:29:48.138+0000] {dag.py:3047} INFO - Sync 1 DAGs
[2026-05-29T19:29:48.160+0000] {logging_mixin.py:188} INFO - [2026-05-29T19:29:48.160+0000] {dag.py:3834} INFO - Setting next_dagrun for tutorial to 2026-05-28 00:00:00+00:00, run_after=2026-05-29 00:00:00+00:00
[2026-05-29T19:29:48.182+0000] {processor.py:183} INFO - Processing /home/airflow/.local/lib/python3.8/site-packages/airflow/example_dags/tutorial.py took 0.080 seconds
[2026-05-29T19:30:18.344+0000] {processor.py:161} INFO - Started process (PID=1624) to work on /home/airflow/.local/lib/python3.8/site-packages/airflow/example_dags/tutorial.py
[2026-05-29T19:30:18.346+0000] {processor.py:830} INFO - Processing file /home/airflow/.local/lib/python3.8/site-packages/airflow/example_dags/tutorial.py for tasks to queue
[2026-05-29T19:30:18.349+0000] {logging_mixin.py:188} INFO - [2026-05-29T19:30:18.348+0000] {dagbag.py:540} INFO - Filling up the DagBag from /home/airflow/.local/lib/python3.8/site-packages/airflow/example_dags/tutorial.py
[2026-05-29T19:30:18.355+0000] {processor.py:840} INFO - DAG(s) 'tutorial' retrieved from /home/airflow/.local/lib/python3.8/site-packages/airflow/example_dags/tutorial.py
[2026-05-29T19:30:18.375+0000] {logging_mixin.py:188} INFO - [2026-05-29T19:30:18.374+0000] {dag.py:3047} INFO - Sync 1 DAGs
[2026-05-29T19:30:18.393+0000] {logging_mixin.py:188} INFO - [2026-05-29T19:30:18.393+0000] {dag.py:3834} INFO - Setting next_dagrun for tutorial to 2026-05-28 00:00:00+00:00, run_after=2026-05-29 00:00:00+00:00
[2026-05-29T19:30:18.410+0000] {processor.py:183} INFO - Processing /home/airflow/.local/lib/python3.8/site-packages/airflow/example_dags/tutorial.py took 0.069 seconds
[2026-05-29T19:30:48.562+0000] {processor.py:161} INFO - Started process (PID=1679) to work on /home/airflow/.local/lib/python3.8/site-packages/airflow/example_dags/tutorial.py
[2026-05-29T19:30:48.564+0000] {processor.py:830} INFO - Processing file /home/airflow/.local/lib/python3.8/site-packages/airflow/example_dags/tutorial.py for tasks to queue
[2026-05-29T19:30:48.567+0000] {logging_mixin.py:188} INFO - [2026-05-29T19:30:48.567+0000] {dagbag.py:540} INFO - Filling up the DagBag from /home/airflow/.local/lib/python3.8/site-packages/airflow/example_dags/tutorial.py
[2026-05-29T19:30:48.573+0000] {processor.py:840} INFO - DAG(s) 'tutorial' retrieved from /home/airflow/.local/lib/python3.8/site-packages/airflow/example_dags/tutorial.py
[2026-05-29T19:30:48.591+0000] {logging_mixin.py:188} INFO - [2026-05-29T19:30:48.591+0000] {dag.py:3047} INFO - Sync 1 DAGs
[2026-05-29T19:30:48.609+0000] {logging_mixin.py:188} INFO - [2026-05-29T19:30:48.609+0000] {dag.py:3834} INFO - Setting next_dagrun for tutorial to 2026-05-28 00:00:00+00:00, run_after=2026-05-29 00:00:00+00:00
[2026-05-29T19:30:48.627+0000] {processor.py:183} INFO - Processing /home/airflow/.local/lib/python3.8/site-packages/airflow/example_dags/tutorial.py took 0.067 seconds
[2026-05-29T19:31:19.568+0000] {processor.py:161} INFO - Started process (PID=1734) to work on /home/airflow/.local/lib/python3.8/site-packages/airflow/example_dags/tutorial.py
[2026-05-29T19:31:19.569+0000] {processor.py:830} INFO - Processing file /home/airflow/.local/lib/python3.8/site-packages/airflow/example_dags/tutorial.py for tasks to queue
[2026-05-29T19:31:19.572+0000] {logging_mixin.py:188} INFO - [2026-05-29T19:31:19.571+0000] {dagbag.py:540} INFO - Filling up the DagBag from /home/airflow/.local/lib/python3.8/site-packages/airflow/example_dags/tutorial.py
[2026-05-29T19:31:19.577+0000] {processor.py:840} INFO - DAG(s) 'tutorial' retrieved from /home/airflow/.local/lib/python3.8/site-packages/airflow/example_dags/tutorial.py
[2026-05-29T19:31:19.597+0000] {logging_mixin.py:188} INFO - [2026-05-29T19:31:19.596+0000] {dag.py:3047} INFO - Sync 1 DAGs
[2026-05-29T19:31:19.615+0000] {logging_mixin.py:188} INFO - [2026-05-29T19:31:19.615+0000] {dag.py:3834} INFO - Setting next_dagrun for tutorial to 2026-05-28 00:00:00+00:00, run_after=2026-05-29 00:00:00+00:00
[2026-05-29T19:31:19.632+0000] {processor.py:183} INFO - Processing /home/airflow/.local/lib/python3.8/site-packages/airflow/example_dags/tutorial.py took 0.067 seconds
[2026-05-29T19:31:50.199+0000] {processor.py:161} INFO - Started process (PID=1789) to work on /home/airflow/.local/lib/python3.8/site-packages/airflow/example_dags/tutorial.py
[2026-05-29T19:31:50.201+0000] {processor.py:830} INFO - Processing file /home/airflow/.local/lib/python3.8/site-packages/airflow/example_dags/tutorial.py for tasks to queue
[2026-05-29T19:31:50.203+0000] {logging_mixin.py:188} INFO - [2026-05-29T19:31:50.203+0000] {dagbag.py:540} INFO - Filling up the DagBag from /home/airflow/.local/lib/python3.8/site-packages/airflow/example_dags/tutorial.py
[2026-05-29T19:31:50.208+0000] {processor.py:840} INFO - DAG(s) 'tutorial' retrieved from /home/airflow/.local/lib/python3.8/site-packages/airflow/example_dags/tutorial.py
[2026-05-29T19:31:50.230+0000] {logging_mixin.py:188} INFO - [2026-05-29T19:31:50.229+0000] {dag.py:3047} INFO - Sync 1 DAGs
[2026-05-29T19:31:50.250+0000] {logging_mixin.py:188} INFO - [2026-05-29T19:31:50.250+0000] {dag.py:3834} INFO - Setting next_dagrun for tutorial to 2026-05-28 00:00:00+00:00, run_after=2026-05-29 00:00:00+00:00
[2026-05-29T19:31:50.268+0000] {processor.py:183} INFO - Processing /home/airflow/.local/lib/python3.8/site-packages/airflow/example_dags/tutorial.py took 0.072 seconds
[2026-05-29T19:32:20.358+0000] {processor.py:161} INFO - Started process (PID=1844) to work on /home/airflow/.local/lib/python3.8/site-packages/airflow/example_dags/tutorial.py
[2026-05-29T19:32:20.360+0000] {processor.py:830} INFO - Processing file /home/airflow/.local/lib/python3.8/site-packages/airflow/example_dags/tutorial.py for tasks to queue
[2026-05-29T19:32:20.362+0000] {logging_mixin.py:188} INFO - [2026-05-29T19:32:20.362+0000] {dagbag.py:540} INFO - Filling up the DagBag from /home/airflow/.local/lib/python3.8/site-packages/airflow/example_dags/tutorial.py
[2026-05-29T19:32:20.367+0000] {processor.py:840} INFO - DAG(s) 'tutorial' retrieved from /home/airflow/.local/lib/python3.8/site-packages/airflow/example_dags/tutorial.py
[2026-05-29T19:32:20.388+0000] {logging_mixin.py:188} INFO - [2026-05-29T19:32:20.388+0000] {dag.py:3047} INFO - Sync 1 DAGs
[2026-05-29T19:32:20.409+0000] {logging_mixin.py:188} INFO - [2026-05-29T19:32:20.409+0000] {dag.py:3834} INFO - Setting next_dagrun for tutorial to 2026-05-28 00:00:00+00:00, run_after=2026-05-29 00:00:00+00:00
[2026-05-29T19:32:20.427+0000] {processor.py:183} INFO - Processing /home/airflow/.local/lib/python3.8/site-packages/airflow/example_dags/tutorial.py took 0.071 seconds
[2026-05-29T19:32:50.707+0000] {processor.py:161} INFO - Started process (PID=1900) to work on /home/airflow/.local/lib/python3.8/site-packages/airflow/example_dags/tutorial.py
[2026-05-29T19:32:50.708+0000] {processor.py:830} INFO - Processing file /home/airflow/.local/lib/python3.8/site-packages/airflow/example_dags/tutorial.py for tasks to queue
[2026-05-29T19:32:50.710+0000] {logging_mixin.py:188} INFO - [2026-05-29T19:32:50.710+0000] {dagbag.py:540} INFO - Filling up the DagBag from /home/airflow/.local/lib/python3.8/site-packages/airflow/example_dags/tutorial.py
[2026-05-29T19:32:50.715+0000] {processor.py:840} INFO - DAG(s) 'tutorial' retrieved from /home/airflow/.local/lib/python3.8/site-packages/airflow/example_dags/tutorial.py
[2026-05-29T19:32:50.734+0000] {logging_mixin.py:188} INFO - [2026-05-29T19:32:50.733+0000] {dag.py:3047} INFO - Sync 1 DAGs
[2026-05-29T19:32:50.751+0000] {logging_mixin.py:188} INFO - [2026-05-29T19:32:50.751+0000] {dag.py:3834} INFO - Setting next_dagrun for tutorial to 2026-05-28 00:00:00+00:00, run_after=2026-05-29 00:00:00+00:00
[2026-05-29T19:32:50.768+0000] {processor.py:183} INFO - Processing /home/airflow/.local/lib/python3.8/site-packages/airflow/example_dags/tutorial.py took 0.064 seconds
[2026-05-29T19:33:21.229+0000] {processor.py:161} INFO - Started process (PID=1955) to work on /home/airflow/.local/lib/python3.8/site-packages/airflow/example_dags/tutorial.py
[2026-05-29T19:33:21.231+0000] {processor.py:830} INFO - Processing file /home/airflow/.local/lib/python3.8/site-packages/airflow/example_dags/tutorial.py for tasks to queue
[2026-05-29T19:33:21.234+0000] {logging_mixin.py:188} INFO - [2026-05-29T19:33:21.233+0000] {dagbag.py:540} INFO - Filling up the DagBag from /home/airflow/.local/lib/python3.8/site-packages/airflow/example_dags/tutorial.py
[2026-05-29T19:33:21.239+0000] {processor.py:840} INFO - DAG(s) 'tutorial' retrieved from /home/airflow/.local/lib/python3.8/site-packages/airflow/example_dags/tutorial.py
[2026-05-29T19:33:21.257+0000] {logging_mixin.py:188} INFO - [2026-05-29T19:33:21.257+0000] {dag.py:3047} INFO - Sync 1 DAGs
[2026-05-29T19:33:21.276+0000] {logging_mixin.py:188} INFO - [2026-05-29T19:33:21.276+0000] {dag.py:3834} INFO - Setting next_dagrun for tutorial to 2026-05-28 00:00:00+00:00, run_after=2026-05-29 00:00:00+00:00
[2026-05-29T19:33:21.407+0000] {processor.py:183} INFO - Processing /home/airflow/.local/lib/python3.8/site-packages/airflow/example_dags/tutorial.py took 0.181 seconds
[2026-05-29T19:33:51.785+0000] {processor.py:161} INFO - Started process (PID=2010) to work on /home/airflow/.local/lib/python3.8/site-packages/airflow/example_dags/tutorial.py
[2026-05-29T19:33:51.787+0000] {processor.py:830} INFO - Processing file /home/airflow/.local/lib/python3.8/site-packages/airflow/example_dags/tutorial.py for tasks to queue
[2026-05-29T19:33:51.789+0000] {logging_mixin.py:188} INFO - [2026-05-29T19:33:51.789+0000] {dagbag.py:540} INFO - Filling up the DagBag from /home/airflow/.local/lib/python3.8/site-packages/airflow/example_dags/tutorial.py
[2026-05-29T19:33:51.794+0000] {processor.py:840} INFO - DAG(s) 'tutorial' retrieved from /home/airflow/.local/lib/python3.8/site-packages/airflow/example_dags/tutorial.py
[2026-05-29T19:33:51.812+0000] {logging_mixin.py:188} INFO - [2026-05-29T19:33:51.812+0000] {dag.py:3047} INFO - Sync 1 DAGs
[2026-05-29T19:33:51.835+0000] {logging_mixin.py:188} INFO - [2026-05-29T19:33:51.835+0000] {dag.py:3834} INFO - Setting next_dagrun for tutorial to 2026-05-28 00:00:00+00:00, run_after=2026-05-29 00:00:00+00:00
[2026-05-29T19:33:51.854+0000] {processor.py:183} INFO - Processing /home/airflow/.local/lib/python3.8/site-packages/airflow/example_dags/tutorial.py took 0.072 seconds
