[2026-05-29T19:16:07.424+0000] {processor.py:161} INFO - Started process (PID=93) to work on /home/airflow/.local/lib/python3.8/site-packages/airflow/example_dags/tutorial_objectstorage.py
[2026-05-29T19:16:07.425+0000] {processor.py:830} INFO - Processing file /home/airflow/.local/lib/python3.8/site-packages/airflow/example_dags/tutorial_objectstorage.py for tasks to queue
[2026-05-29T19:16:07.428+0000] {logging_mixin.py:188} INFO - [2026-05-29T19:16:07.428+0000] {dagbag.py:540} INFO - Filling up the DagBag from /home/airflow/.local/lib/python3.8/site-packages/airflow/example_dags/tutorial_objectstorage.py
[2026-05-29T19:16:07.437+0000] {processor.py:840} INFO - DAG(s) 'tutorial_objectstorage' retrieved from /home/airflow/.local/lib/python3.8/site-packages/airflow/example_dags/tutorial_objectstorage.py
[2026-05-29T19:16:07.464+0000] {logging_mixin.py:188} INFO - [2026-05-29T19:16:07.463+0000] {dag.py:3047} INFO - Sync 1 DAGs
[2026-05-29T19:16:07.477+0000] {logging_mixin.py:188} INFO - [2026-05-29T19:16:07.476+0000] {dag.py:3834} INFO - Setting next_dagrun for tutorial_objectstorage to None, run_after=None
[2026-05-29T19:16:07.504+0000] {processor.py:183} INFO - Processing /home/airflow/.local/lib/python3.8/site-packages/airflow/example_dags/tutorial_objectstorage.py took 0.085 seconds
[2026-05-29T19:16:37.730+0000] {processor.py:161} INFO - Started process (PID=148) to work on /home/airflow/.local/lib/python3.8/site-packages/airflow/example_dags/tutorial_objectstorage.py
[2026-05-29T19:16:37.731+0000] {processor.py:830} INFO - Processing file /home/airflow/.local/lib/python3.8/site-packages/airflow/example_dags/tutorial_objectstorage.py for tasks to queue
[2026-05-29T19:16:37.733+0000] {logging_mixin.py:188} INFO - [2026-05-29T19:16:37.733+0000] {dagbag.py:540} INFO - Filling up the DagBag from /home/airflow/.local/lib/python3.8/site-packages/airflow/example_dags/tutorial_objectstorage.py
[2026-05-29T19:16:37.740+0000] {processor.py:840} INFO - DAG(s) 'tutorial_objectstorage' retrieved from /home/airflow/.local/lib/python3.8/site-packages/airflow/example_dags/tutorial_objectstorage.py
[2026-05-29T19:16:37.758+0000] {logging_mixin.py:188} INFO - [2026-05-29T19:16:37.758+0000] {dag.py:3047} INFO - Sync 1 DAGs
[2026-05-29T19:16:37.768+0000] {logging_mixin.py:188} INFO - [2026-05-29T19:16:37.768+0000] {dag.py:3834} INFO - Setting next_dagrun for tutorial_objectstorage to None, run_after=None
[2026-05-29T19:16:37.785+0000] {processor.py:183} INFO - Processing /home/airflow/.local/lib/python3.8/site-packages/airflow/example_dags/tutorial_objectstorage.py took 0.057 seconds
[2026-05-29T19:17:07.826+0000] {processor.py:161} INFO - Started process (PID=203) to work on /home/airflow/.local/lib/python3.8/site-packages/airflow/example_dags/tutorial_objectstorage.py
[2026-05-29T19:17:07.827+0000] {processor.py:830} INFO - Processing file /home/airflow/.local/lib/python3.8/site-packages/airflow/example_dags/tutorial_objectstorage.py for tasks to queue
[2026-05-29T19:17:07.829+0000] {logging_mixin.py:188} INFO - [2026-05-29T19:17:07.829+0000] {dagbag.py:540} INFO - Filling up the DagBag from /home/airflow/.local/lib/python3.8/site-packages/airflow/example_dags/tutorial_objectstorage.py
[2026-05-29T19:17:07.835+0000] {processor.py:840} INFO - DAG(s) 'tutorial_objectstorage' retrieved from /home/airflow/.local/lib/python3.8/site-packages/airflow/example_dags/tutorial_objectstorage.py
[2026-05-29T19:17:07.852+0000] {logging_mixin.py:188} INFO - [2026-05-29T19:17:07.851+0000] {dag.py:3047} INFO - Sync 1 DAGs
[2026-05-29T19:17:07.862+0000] {logging_mixin.py:188} INFO - [2026-05-29T19:17:07.861+0000] {dag.py:3834} INFO - Setting next_dagrun for tutorial_objectstorage to None, run_after=None
[2026-05-29T19:17:07.876+0000] {processor.py:183} INFO - Processing /home/airflow/.local/lib/python3.8/site-packages/airflow/example_dags/tutorial_objectstorage.py took 0.053 seconds
[2026-05-29T19:17:38.388+0000] {processor.py:161} INFO - Started process (PID=258) to work on /home/airflow/.local/lib/python3.8/site-packages/airflow/example_dags/tutorial_objectstorage.py
[2026-05-29T19:17:38.390+0000] {processor.py:830} INFO - Processing file /home/airflow/.local/lib/python3.8/site-packages/airflow/example_dags/tutorial_objectstorage.py for tasks to queue
[2026-05-29T19:17:38.391+0000] {logging_mixin.py:188} INFO - [2026-05-29T19:17:38.391+0000] {dagbag.py:540} INFO - Filling up the DagBag from /home/airflow/.local/lib/python3.8/site-packages/airflow/example_dags/tutorial_objectstorage.py
[2026-05-29T19:17:38.398+0000] {processor.py:840} INFO - DAG(s) 'tutorial_objectstorage' retrieved from /home/airflow/.local/lib/python3.8/site-packages/airflow/example_dags/tutorial_objectstorage.py
[2026-05-29T19:17:38.418+0000] {logging_mixin.py:188} INFO - [2026-05-29T19:17:38.418+0000] {dag.py:3047} INFO - Sync 1 DAGs
[2026-05-29T19:17:38.429+0000] {logging_mixin.py:188} INFO - [2026-05-29T19:17:38.429+0000] {dag.py:3834} INFO - Setting next_dagrun for tutorial_objectstorage to None, run_after=None
[2026-05-29T19:17:38.449+0000] {processor.py:183} INFO - Processing /home/airflow/.local/lib/python3.8/site-packages/airflow/example_dags/tutorial_objectstorage.py took 0.064 seconds
[2026-05-29T19:18:09.426+0000] {processor.py:161} INFO - Started process (PID=313) to work on /home/airflow/.local/lib/python3.8/site-packages/airflow/example_dags/tutorial_objectstorage.py
[2026-05-29T19:18:09.428+0000] {processor.py:830} INFO - Processing file /home/airflow/.local/lib/python3.8/site-packages/airflow/example_dags/tutorial_objectstorage.py for tasks to queue
[2026-05-29T19:18:09.429+0000] {logging_mixin.py:188} INFO - [2026-05-29T19:18:09.429+0000] {dagbag.py:540} INFO - Filling up the DagBag from /home/airflow/.local/lib/python3.8/site-packages/airflow/example_dags/tutorial_objectstorage.py
[2026-05-29T19:18:09.435+0000] {processor.py:840} INFO - DAG(s) 'tutorial_objectstorage' retrieved from /home/airflow/.local/lib/python3.8/site-packages/airflow/example_dags/tutorial_objectstorage.py
[2026-05-29T19:18:09.453+0000] {logging_mixin.py:188} INFO - [2026-05-29T19:18:09.453+0000] {dag.py:3047} INFO - Sync 1 DAGs
[2026-05-29T19:18:09.464+0000] {logging_mixin.py:188} INFO - [2026-05-29T19:18:09.464+0000] {dag.py:3834} INFO - Setting next_dagrun for tutorial_objectstorage to None, run_after=None
[2026-05-29T19:18:09.481+0000] {processor.py:183} INFO - Processing /home/airflow/.local/lib/python3.8/site-packages/airflow/example_dags/tutorial_objectstorage.py took 0.058 seconds
[2026-05-29T19:18:40.011+0000] {processor.py:161} INFO - Started process (PID=368) to work on /home/airflow/.local/lib/python3.8/site-packages/airflow/example_dags/tutorial_objectstorage.py
[2026-05-29T19:18:40.013+0000] {processor.py:830} INFO - Processing file /home/airflow/.local/lib/python3.8/site-packages/airflow/example_dags/tutorial_objectstorage.py for tasks to queue
[2026-05-29T19:18:40.017+0000] {logging_mixin.py:188} INFO - [2026-05-29T19:18:40.016+0000] {dagbag.py:540} INFO - Filling up the DagBag from /home/airflow/.local/lib/python3.8/site-packages/airflow/example_dags/tutorial_objectstorage.py
[2026-05-29T19:18:40.028+0000] {processor.py:840} INFO - DAG(s) 'tutorial_objectstorage' retrieved from /home/airflow/.local/lib/python3.8/site-packages/airflow/example_dags/tutorial_objectstorage.py
[2026-05-29T19:18:40.056+0000] {logging_mixin.py:188} INFO - [2026-05-29T19:18:40.056+0000] {dag.py:3047} INFO - Sync 1 DAGs
[2026-05-29T19:18:40.069+0000] {logging_mixin.py:188} INFO - [2026-05-29T19:18:40.069+0000] {dag.py:3834} INFO - Setting next_dagrun for tutorial_objectstorage to None, run_after=None
[2026-05-29T19:18:40.099+0000] {processor.py:183} INFO - Processing /home/airflow/.local/lib/python3.8/site-packages/airflow/example_dags/tutorial_objectstorage.py took 0.094 seconds
[2026-05-29T19:19:10.219+0000] {processor.py:161} INFO - Started process (PID=423) to work on /home/airflow/.local/lib/python3.8/site-packages/airflow/example_dags/tutorial_objectstorage.py
[2026-05-29T19:19:10.220+0000] {processor.py:830} INFO - Processing file /home/airflow/.local/lib/python3.8/site-packages/airflow/example_dags/tutorial_objectstorage.py for tasks to queue
[2026-05-29T19:19:10.222+0000] {logging_mixin.py:188} INFO - [2026-05-29T19:19:10.222+0000] {dagbag.py:540} INFO - Filling up the DagBag from /home/airflow/.local/lib/python3.8/site-packages/airflow/example_dags/tutorial_objectstorage.py
[2026-05-29T19:19:10.228+0000] {processor.py:840} INFO - DAG(s) 'tutorial_objectstorage' retrieved from /home/airflow/.local/lib/python3.8/site-packages/airflow/example_dags/tutorial_objectstorage.py
[2026-05-29T19:19:10.253+0000] {logging_mixin.py:188} INFO - [2026-05-29T19:19:10.252+0000] {dag.py:3047} INFO - Sync 1 DAGs
[2026-05-29T19:19:10.266+0000] {logging_mixin.py:188} INFO - [2026-05-29T19:19:10.265+0000] {dag.py:3834} INFO - Setting next_dagrun for tutorial_objectstorage to None, run_after=None
[2026-05-29T19:19:10.286+0000] {processor.py:183} INFO - Processing /home/airflow/.local/lib/python3.8/site-packages/airflow/example_dags/tutorial_objectstorage.py took 0.070 seconds
[2026-05-29T19:19:40.736+0000] {processor.py:161} INFO - Started process (PID=478) to work on /home/airflow/.local/lib/python3.8/site-packages/airflow/example_dags/tutorial_objectstorage.py
[2026-05-29T19:19:40.738+0000] {processor.py:830} INFO - Processing file /home/airflow/.local/lib/python3.8/site-packages/airflow/example_dags/tutorial_objectstorage.py for tasks to queue
[2026-05-29T19:19:40.740+0000] {logging_mixin.py:188} INFO - [2026-05-29T19:19:40.740+0000] {dagbag.py:540} INFO - Filling up the DagBag from /home/airflow/.local/lib/python3.8/site-packages/airflow/example_dags/tutorial_objectstorage.py
[2026-05-29T19:19:40.748+0000] {processor.py:840} INFO - DAG(s) 'tutorial_objectstorage' retrieved from /home/airflow/.local/lib/python3.8/site-packages/airflow/example_dags/tutorial_objectstorage.py
[2026-05-29T19:19:40.767+0000] {logging_mixin.py:188} INFO - [2026-05-29T19:19:40.767+0000] {dag.py:3047} INFO - Sync 1 DAGs
[2026-05-29T19:19:40.777+0000] {logging_mixin.py:188} INFO - [2026-05-29T19:19:40.777+0000] {dag.py:3834} INFO - Setting next_dagrun for tutorial_objectstorage to None, run_after=None
[2026-05-29T19:19:40.795+0000] {processor.py:183} INFO - Processing /home/airflow/.local/lib/python3.8/site-packages/airflow/example_dags/tutorial_objectstorage.py took 0.063 seconds
[2026-05-29T19:20:11.043+0000] {processor.py:161} INFO - Started process (PID=533) to work on /home/airflow/.local/lib/python3.8/site-packages/airflow/example_dags/tutorial_objectstorage.py
[2026-05-29T19:20:11.045+0000] {processor.py:830} INFO - Processing file /home/airflow/.local/lib/python3.8/site-packages/airflow/example_dags/tutorial_objectstorage.py for tasks to queue
[2026-05-29T19:20:11.047+0000] {logging_mixin.py:188} INFO - [2026-05-29T19:20:11.046+0000] {dagbag.py:540} INFO - Filling up the DagBag from /home/airflow/.local/lib/python3.8/site-packages/airflow/example_dags/tutorial_objectstorage.py
[2026-05-29T19:20:11.053+0000] {processor.py:840} INFO - DAG(s) 'tutorial_objectstorage' retrieved from /home/airflow/.local/lib/python3.8/site-packages/airflow/example_dags/tutorial_objectstorage.py
[2026-05-29T19:20:11.074+0000] {logging_mixin.py:188} INFO - [2026-05-29T19:20:11.074+0000] {dag.py:3047} INFO - Sync 1 DAGs
[2026-05-29T19:20:11.084+0000] {logging_mixin.py:188} INFO - [2026-05-29T19:20:11.084+0000] {dag.py:3834} INFO - Setting next_dagrun for tutorial_objectstorage to None, run_after=None
[2026-05-29T19:20:11.104+0000] {processor.py:183} INFO - Processing /home/airflow/.local/lib/python3.8/site-packages/airflow/example_dags/tutorial_objectstorage.py took 0.064 seconds
[2026-05-29T19:20:41.252+0000] {processor.py:161} INFO - Started process (PID=588) to work on /home/airflow/.local/lib/python3.8/site-packages/airflow/example_dags/tutorial_objectstorage.py
[2026-05-29T19:20:41.254+0000] {processor.py:830} INFO - Processing file /home/airflow/.local/lib/python3.8/site-packages/airflow/example_dags/tutorial_objectstorage.py for tasks to queue
[2026-05-29T19:20:41.256+0000] {logging_mixin.py:188} INFO - [2026-05-29T19:20:41.256+0000] {dagbag.py:540} INFO - Filling up the DagBag from /home/airflow/.local/lib/python3.8/site-packages/airflow/example_dags/tutorial_objectstorage.py
[2026-05-29T19:20:41.262+0000] {processor.py:840} INFO - DAG(s) 'tutorial_objectstorage' retrieved from /home/airflow/.local/lib/python3.8/site-packages/airflow/example_dags/tutorial_objectstorage.py
[2026-05-29T19:20:41.281+0000] {logging_mixin.py:188} INFO - [2026-05-29T19:20:41.281+0000] {dag.py:3047} INFO - Sync 1 DAGs
[2026-05-29T19:20:41.292+0000] {logging_mixin.py:188} INFO - [2026-05-29T19:20:41.291+0000] {dag.py:3834} INFO - Setting next_dagrun for tutorial_objectstorage to None, run_after=None
[2026-05-29T19:20:41.311+0000] {processor.py:183} INFO - Processing /home/airflow/.local/lib/python3.8/site-packages/airflow/example_dags/tutorial_objectstorage.py took 0.062 seconds
[2026-05-29T19:21:11.766+0000] {processor.py:161} INFO - Started process (PID=643) to work on /home/airflow/.local/lib/python3.8/site-packages/airflow/example_dags/tutorial_objectstorage.py
[2026-05-29T19:21:11.768+0000] {processor.py:830} INFO - Processing file /home/airflow/.local/lib/python3.8/site-packages/airflow/example_dags/tutorial_objectstorage.py for tasks to queue
[2026-05-29T19:21:11.770+0000] {logging_mixin.py:188} INFO - [2026-05-29T19:21:11.770+0000] {dagbag.py:540} INFO - Filling up the DagBag from /home/airflow/.local/lib/python3.8/site-packages/airflow/example_dags/tutorial_objectstorage.py
[2026-05-29T19:21:11.776+0000] {processor.py:840} INFO - DAG(s) 'tutorial_objectstorage' retrieved from /home/airflow/.local/lib/python3.8/site-packages/airflow/example_dags/tutorial_objectstorage.py
[2026-05-29T19:21:11.794+0000] {logging_mixin.py:188} INFO - [2026-05-29T19:21:11.794+0000] {dag.py:3047} INFO - Sync 1 DAGs
[2026-05-29T19:21:11.812+0000] {logging_mixin.py:188} INFO - [2026-05-29T19:21:11.812+0000] {dag.py:3834} INFO - Setting next_dagrun for tutorial_objectstorage to None, run_after=None
[2026-05-29T19:21:11.835+0000] {processor.py:183} INFO - Processing /home/airflow/.local/lib/python3.8/site-packages/airflow/example_dags/tutorial_objectstorage.py took 0.072 seconds
[2026-05-29T19:21:42.002+0000] {processor.py:161} INFO - Started process (PID=698) to work on /home/airflow/.local/lib/python3.8/site-packages/airflow/example_dags/tutorial_objectstorage.py
[2026-05-29T19:21:42.003+0000] {processor.py:830} INFO - Processing file /home/airflow/.local/lib/python3.8/site-packages/airflow/example_dags/tutorial_objectstorage.py for tasks to queue
[2026-05-29T19:21:42.006+0000] {logging_mixin.py:188} INFO - [2026-05-29T19:21:42.006+0000] {dagbag.py:540} INFO - Filling up the DagBag from /home/airflow/.local/lib/python3.8/site-packages/airflow/example_dags/tutorial_objectstorage.py
[2026-05-29T19:21:42.013+0000] {processor.py:840} INFO - DAG(s) 'tutorial_objectstorage' retrieved from /home/airflow/.local/lib/python3.8/site-packages/airflow/example_dags/tutorial_objectstorage.py
[2026-05-29T19:21:42.034+0000] {logging_mixin.py:188} INFO - [2026-05-29T19:21:42.034+0000] {dag.py:3047} INFO - Sync 1 DAGs
[2026-05-29T19:21:42.049+0000] {logging_mixin.py:188} INFO - [2026-05-29T19:21:42.048+0000] {dag.py:3834} INFO - Setting next_dagrun for tutorial_objectstorage to None, run_after=None
[2026-05-29T19:21:42.073+0000] {processor.py:183} INFO - Processing /home/airflow/.local/lib/python3.8/site-packages/airflow/example_dags/tutorial_objectstorage.py took 0.074 seconds
[2026-05-29T19:22:12.535+0000] {processor.py:161} INFO - Started process (PID=753) to work on /home/airflow/.local/lib/python3.8/site-packages/airflow/example_dags/tutorial_objectstorage.py
[2026-05-29T19:22:12.536+0000] {processor.py:830} INFO - Processing file /home/airflow/.local/lib/python3.8/site-packages/airflow/example_dags/tutorial_objectstorage.py for tasks to queue
[2026-05-29T19:22:12.538+0000] {logging_mixin.py:188} INFO - [2026-05-29T19:22:12.538+0000] {dagbag.py:540} INFO - Filling up the DagBag from /home/airflow/.local/lib/python3.8/site-packages/airflow/example_dags/tutorial_objectstorage.py
[2026-05-29T19:22:12.546+0000] {processor.py:840} INFO - DAG(s) 'tutorial_objectstorage' retrieved from /home/airflow/.local/lib/python3.8/site-packages/airflow/example_dags/tutorial_objectstorage.py
[2026-05-29T19:22:12.574+0000] {logging_mixin.py:188} INFO - [2026-05-29T19:22:12.574+0000] {dag.py:3047} INFO - Sync 1 DAGs
[2026-05-29T19:22:12.585+0000] {logging_mixin.py:188} INFO - [2026-05-29T19:22:12.585+0000] {dag.py:3834} INFO - Setting next_dagrun for tutorial_objectstorage to None, run_after=None
[2026-05-29T19:22:12.605+0000] {processor.py:183} INFO - Processing /home/airflow/.local/lib/python3.8/site-packages/airflow/example_dags/tutorial_objectstorage.py took 0.073 seconds
[2026-05-29T19:22:43.570+0000] {processor.py:161} INFO - Started process (PID=808) to work on /home/airflow/.local/lib/python3.8/site-packages/airflow/example_dags/tutorial_objectstorage.py
[2026-05-29T19:22:43.572+0000] {processor.py:830} INFO - Processing file /home/airflow/.local/lib/python3.8/site-packages/airflow/example_dags/tutorial_objectstorage.py for tasks to queue
[2026-05-29T19:22:43.574+0000] {logging_mixin.py:188} INFO - [2026-05-29T19:22:43.574+0000] {dagbag.py:540} INFO - Filling up the DagBag from /home/airflow/.local/lib/python3.8/site-packages/airflow/example_dags/tutorial_objectstorage.py
[2026-05-29T19:22:43.580+0000] {processor.py:840} INFO - DAG(s) 'tutorial_objectstorage' retrieved from /home/airflow/.local/lib/python3.8/site-packages/airflow/example_dags/tutorial_objectstorage.py
[2026-05-29T19:22:43.597+0000] {logging_mixin.py:188} INFO - [2026-05-29T19:22:43.597+0000] {dag.py:3047} INFO - Sync 1 DAGs
[2026-05-29T19:22:43.609+0000] {logging_mixin.py:188} INFO - [2026-05-29T19:22:43.609+0000] {dag.py:3834} INFO - Setting next_dagrun for tutorial_objectstorage to None, run_after=None
[2026-05-29T19:22:43.631+0000] {processor.py:183} INFO - Processing /home/airflow/.local/lib/python3.8/site-packages/airflow/example_dags/tutorial_objectstorage.py took 0.063 seconds
[2026-05-29T19:23:13.839+0000] {processor.py:161} INFO - Started process (PID=863) to work on /home/airflow/.local/lib/python3.8/site-packages/airflow/example_dags/tutorial_objectstorage.py
[2026-05-29T19:23:13.840+0000] {processor.py:830} INFO - Processing file /home/airflow/.local/lib/python3.8/site-packages/airflow/example_dags/tutorial_objectstorage.py for tasks to queue
[2026-05-29T19:23:13.842+0000] {logging_mixin.py:188} INFO - [2026-05-29T19:23:13.842+0000] {dagbag.py:540} INFO - Filling up the DagBag from /home/airflow/.local/lib/python3.8/site-packages/airflow/example_dags/tutorial_objectstorage.py
[2026-05-29T19:23:13.847+0000] {processor.py:840} INFO - DAG(s) 'tutorial_objectstorage' retrieved from /home/airflow/.local/lib/python3.8/site-packages/airflow/example_dags/tutorial_objectstorage.py
[2026-05-29T19:23:13.867+0000] {logging_mixin.py:188} INFO - [2026-05-29T19:23:13.867+0000] {dag.py:3047} INFO - Sync 1 DAGs
[2026-05-29T19:23:13.877+0000] {logging_mixin.py:188} INFO - [2026-05-29T19:23:13.877+0000] {dag.py:3834} INFO - Setting next_dagrun for tutorial_objectstorage to None, run_after=None
[2026-05-29T19:23:13.894+0000] {processor.py:183} INFO - Processing /home/airflow/.local/lib/python3.8/site-packages/airflow/example_dags/tutorial_objectstorage.py took 0.057 seconds
[2026-05-29T19:23:44.772+0000] {processor.py:161} INFO - Started process (PID=918) to work on /home/airflow/.local/lib/python3.8/site-packages/airflow/example_dags/tutorial_objectstorage.py
[2026-05-29T19:23:44.773+0000] {processor.py:830} INFO - Processing file /home/airflow/.local/lib/python3.8/site-packages/airflow/example_dags/tutorial_objectstorage.py for tasks to queue
[2026-05-29T19:23:44.775+0000] {logging_mixin.py:188} INFO - [2026-05-29T19:23:44.775+0000] {dagbag.py:540} INFO - Filling up the DagBag from /home/airflow/.local/lib/python3.8/site-packages/airflow/example_dags/tutorial_objectstorage.py
[2026-05-29T19:23:44.781+0000] {processor.py:840} INFO - DAG(s) 'tutorial_objectstorage' retrieved from /home/airflow/.local/lib/python3.8/site-packages/airflow/example_dags/tutorial_objectstorage.py
[2026-05-29T19:23:44.798+0000] {logging_mixin.py:188} INFO - [2026-05-29T19:23:44.798+0000] {dag.py:3047} INFO - Sync 1 DAGs
[2026-05-29T19:23:44.807+0000] {logging_mixin.py:188} INFO - [2026-05-29T19:23:44.807+0000] {dag.py:3834} INFO - Setting next_dagrun for tutorial_objectstorage to None, run_after=None
[2026-05-29T19:23:44.824+0000] {processor.py:183} INFO - Processing /home/airflow/.local/lib/python3.8/site-packages/airflow/example_dags/tutorial_objectstorage.py took 0.055 seconds
[2026-05-29T19:24:15.121+0000] {processor.py:161} INFO - Started process (PID=973) to work on /home/airflow/.local/lib/python3.8/site-packages/airflow/example_dags/tutorial_objectstorage.py
[2026-05-29T19:24:15.123+0000] {processor.py:830} INFO - Processing file /home/airflow/.local/lib/python3.8/site-packages/airflow/example_dags/tutorial_objectstorage.py for tasks to queue
[2026-05-29T19:24:15.125+0000] {logging_mixin.py:188} INFO - [2026-05-29T19:24:15.124+0000] {dagbag.py:540} INFO - Filling up the DagBag from /home/airflow/.local/lib/python3.8/site-packages/airflow/example_dags/tutorial_objectstorage.py
[2026-05-29T19:24:15.131+0000] {processor.py:840} INFO - DAG(s) 'tutorial_objectstorage' retrieved from /home/airflow/.local/lib/python3.8/site-packages/airflow/example_dags/tutorial_objectstorage.py
[2026-05-29T19:24:15.151+0000] {logging_mixin.py:188} INFO - [2026-05-29T19:24:15.150+0000] {dag.py:3047} INFO - Sync 1 DAGs
[2026-05-29T19:24:15.162+0000] {logging_mixin.py:188} INFO - [2026-05-29T19:24:15.162+0000] {dag.py:3834} INFO - Setting next_dagrun for tutorial_objectstorage to None, run_after=None
[2026-05-29T19:24:15.182+0000] {processor.py:183} INFO - Processing /home/airflow/.local/lib/python3.8/site-packages/airflow/example_dags/tutorial_objectstorage.py took 0.064 seconds
[2026-05-29T19:24:45.340+0000] {processor.py:161} INFO - Started process (PID=1027) to work on /home/airflow/.local/lib/python3.8/site-packages/airflow/example_dags/tutorial_objectstorage.py
[2026-05-29T19:24:45.342+0000] {processor.py:830} INFO - Processing file /home/airflow/.local/lib/python3.8/site-packages/airflow/example_dags/tutorial_objectstorage.py for tasks to queue
[2026-05-29T19:24:45.344+0000] {logging_mixin.py:188} INFO - [2026-05-29T19:24:45.343+0000] {dagbag.py:540} INFO - Filling up the DagBag from /home/airflow/.local/lib/python3.8/site-packages/airflow/example_dags/tutorial_objectstorage.py
[2026-05-29T19:24:45.349+0000] {processor.py:840} INFO - DAG(s) 'tutorial_objectstorage' retrieved from /home/airflow/.local/lib/python3.8/site-packages/airflow/example_dags/tutorial_objectstorage.py
[2026-05-29T19:24:45.365+0000] {logging_mixin.py:188} INFO - [2026-05-29T19:24:45.365+0000] {dag.py:3047} INFO - Sync 1 DAGs
[2026-05-29T19:24:45.373+0000] {logging_mixin.py:188} INFO - [2026-05-29T19:24:45.373+0000] {dag.py:3834} INFO - Setting next_dagrun for tutorial_objectstorage to None, run_after=None
[2026-05-29T19:24:45.391+0000] {processor.py:183} INFO - Processing /home/airflow/.local/lib/python3.8/site-packages/airflow/example_dags/tutorial_objectstorage.py took 0.054 seconds
[2026-05-29T19:25:15.786+0000] {processor.py:161} INFO - Started process (PID=1083) to work on /home/airflow/.local/lib/python3.8/site-packages/airflow/example_dags/tutorial_objectstorage.py
[2026-05-29T19:25:15.787+0000] {processor.py:830} INFO - Processing file /home/airflow/.local/lib/python3.8/site-packages/airflow/example_dags/tutorial_objectstorage.py for tasks to queue
[2026-05-29T19:25:15.789+0000] {logging_mixin.py:188} INFO - [2026-05-29T19:25:15.789+0000] {dagbag.py:540} INFO - Filling up the DagBag from /home/airflow/.local/lib/python3.8/site-packages/airflow/example_dags/tutorial_objectstorage.py
[2026-05-29T19:25:15.794+0000] {processor.py:840} INFO - DAG(s) 'tutorial_objectstorage' retrieved from /home/airflow/.local/lib/python3.8/site-packages/airflow/example_dags/tutorial_objectstorage.py
[2026-05-29T19:25:15.811+0000] {logging_mixin.py:188} INFO - [2026-05-29T19:25:15.811+0000] {dag.py:3047} INFO - Sync 1 DAGs
[2026-05-29T19:25:15.821+0000] {logging_mixin.py:188} INFO - [2026-05-29T19:25:15.820+0000] {dag.py:3834} INFO - Setting next_dagrun for tutorial_objectstorage to None, run_after=None
[2026-05-29T19:25:15.837+0000] {processor.py:183} INFO - Processing /home/airflow/.local/lib/python3.8/site-packages/airflow/example_dags/tutorial_objectstorage.py took 0.055 seconds
[2026-05-29T19:25:46.549+0000] {processor.py:161} INFO - Started process (PID=1138) to work on /home/airflow/.local/lib/python3.8/site-packages/airflow/example_dags/tutorial_objectstorage.py
[2026-05-29T19:25:46.550+0000] {processor.py:830} INFO - Processing file /home/airflow/.local/lib/python3.8/site-packages/airflow/example_dags/tutorial_objectstorage.py for tasks to queue
[2026-05-29T19:25:46.554+0000] {logging_mixin.py:188} INFO - [2026-05-29T19:25:46.554+0000] {dagbag.py:540} INFO - Filling up the DagBag from /home/airflow/.local/lib/python3.8/site-packages/airflow/example_dags/tutorial_objectstorage.py
[2026-05-29T19:25:46.562+0000] {processor.py:840} INFO - DAG(s) 'tutorial_objectstorage' retrieved from /home/airflow/.local/lib/python3.8/site-packages/airflow/example_dags/tutorial_objectstorage.py
[2026-05-29T19:25:46.586+0000] {logging_mixin.py:188} INFO - [2026-05-29T19:25:46.585+0000] {dag.py:3047} INFO - Sync 1 DAGs
[2026-05-29T19:25:46.598+0000] {logging_mixin.py:188} INFO - [2026-05-29T19:25:46.598+0000] {dag.py:3834} INFO - Setting next_dagrun for tutorial_objectstorage to None, run_after=None
[2026-05-29T19:25:46.623+0000] {processor.py:183} INFO - Processing /home/airflow/.local/lib/python3.8/site-packages/airflow/example_dags/tutorial_objectstorage.py took 0.078 seconds
[2026-05-29T19:26:16.736+0000] {processor.py:161} INFO - Started process (PID=1192) to work on /home/airflow/.local/lib/python3.8/site-packages/airflow/example_dags/tutorial_objectstorage.py
[2026-05-29T19:26:16.738+0000] {processor.py:830} INFO - Processing file /home/airflow/.local/lib/python3.8/site-packages/airflow/example_dags/tutorial_objectstorage.py for tasks to queue
[2026-05-29T19:26:16.740+0000] {logging_mixin.py:188} INFO - [2026-05-29T19:26:16.739+0000] {dagbag.py:540} INFO - Filling up the DagBag from /home/airflow/.local/lib/python3.8/site-packages/airflow/example_dags/tutorial_objectstorage.py
[2026-05-29T19:26:16.745+0000] {processor.py:840} INFO - DAG(s) 'tutorial_objectstorage' retrieved from /home/airflow/.local/lib/python3.8/site-packages/airflow/example_dags/tutorial_objectstorage.py
[2026-05-29T19:26:16.762+0000] {logging_mixin.py:188} INFO - [2026-05-29T19:26:16.762+0000] {dag.py:3047} INFO - Sync 1 DAGs
[2026-05-29T19:26:16.772+0000] {logging_mixin.py:188} INFO - [2026-05-29T19:26:16.771+0000] {dag.py:3834} INFO - Setting next_dagrun for tutorial_objectstorage to None, run_after=None
[2026-05-29T19:26:16.787+0000] {processor.py:183} INFO - Processing /home/airflow/.local/lib/python3.8/site-packages/airflow/example_dags/tutorial_objectstorage.py took 0.054 seconds
[2026-05-29T19:26:46.999+0000] {processor.py:161} INFO - Started process (PID=1247) to work on /home/airflow/.local/lib/python3.8/site-packages/airflow/example_dags/tutorial_objectstorage.py
[2026-05-29T19:26:47.000+0000] {processor.py:830} INFO - Processing file /home/airflow/.local/lib/python3.8/site-packages/airflow/example_dags/tutorial_objectstorage.py for tasks to queue
[2026-05-29T19:26:47.002+0000] {logging_mixin.py:188} INFO - [2026-05-29T19:26:47.002+0000] {dagbag.py:540} INFO - Filling up the DagBag from /home/airflow/.local/lib/python3.8/site-packages/airflow/example_dags/tutorial_objectstorage.py
[2026-05-29T19:26:47.012+0000] {processor.py:840} INFO - DAG(s) 'tutorial_objectstorage' retrieved from /home/airflow/.local/lib/python3.8/site-packages/airflow/example_dags/tutorial_objectstorage.py
[2026-05-29T19:26:47.032+0000] {logging_mixin.py:188} INFO - [2026-05-29T19:26:47.031+0000] {dag.py:3047} INFO - Sync 1 DAGs
[2026-05-29T19:26:47.042+0000] {logging_mixin.py:188} INFO - [2026-05-29T19:26:47.042+0000] {dag.py:3834} INFO - Setting next_dagrun for tutorial_objectstorage to None, run_after=None
[2026-05-29T19:26:47.060+0000] {processor.py:183} INFO - Processing /home/airflow/.local/lib/python3.8/site-packages/airflow/example_dags/tutorial_objectstorage.py took 0.064 seconds
[2026-05-29T19:27:17.360+0000] {processor.py:161} INFO - Started process (PID=1303) to work on /home/airflow/.local/lib/python3.8/site-packages/airflow/example_dags/tutorial_objectstorage.py
[2026-05-29T19:27:17.362+0000] {processor.py:830} INFO - Processing file /home/airflow/.local/lib/python3.8/site-packages/airflow/example_dags/tutorial_objectstorage.py for tasks to queue
[2026-05-29T19:27:17.364+0000] {logging_mixin.py:188} INFO - [2026-05-29T19:27:17.363+0000] {dagbag.py:540} INFO - Filling up the DagBag from /home/airflow/.local/lib/python3.8/site-packages/airflow/example_dags/tutorial_objectstorage.py
[2026-05-29T19:27:17.369+0000] {processor.py:840} INFO - DAG(s) 'tutorial_objectstorage' retrieved from /home/airflow/.local/lib/python3.8/site-packages/airflow/example_dags/tutorial_objectstorage.py
[2026-05-29T19:27:17.385+0000] {logging_mixin.py:188} INFO - [2026-05-29T19:27:17.385+0000] {dag.py:3047} INFO - Sync 1 DAGs
[2026-05-29T19:27:17.395+0000] {logging_mixin.py:188} INFO - [2026-05-29T19:27:17.395+0000] {dag.py:3834} INFO - Setting next_dagrun for tutorial_objectstorage to None, run_after=None
[2026-05-29T19:27:17.414+0000] {processor.py:183} INFO - Processing /home/airflow/.local/lib/python3.8/site-packages/airflow/example_dags/tutorial_objectstorage.py took 0.058 seconds
[2026-05-29T19:27:48.031+0000] {processor.py:161} INFO - Started process (PID=1358) to work on /home/airflow/.local/lib/python3.8/site-packages/airflow/example_dags/tutorial_objectstorage.py
[2026-05-29T19:27:48.034+0000] {processor.py:830} INFO - Processing file /home/airflow/.local/lib/python3.8/site-packages/airflow/example_dags/tutorial_objectstorage.py for tasks to queue
[2026-05-29T19:27:48.037+0000] {logging_mixin.py:188} INFO - [2026-05-29T19:27:48.036+0000] {dagbag.py:540} INFO - Filling up the DagBag from /home/airflow/.local/lib/python3.8/site-packages/airflow/example_dags/tutorial_objectstorage.py
[2026-05-29T19:27:48.043+0000] {processor.py:840} INFO - DAG(s) 'tutorial_objectstorage' retrieved from /home/airflow/.local/lib/python3.8/site-packages/airflow/example_dags/tutorial_objectstorage.py
[2026-05-29T19:27:48.064+0000] {logging_mixin.py:188} INFO - [2026-05-29T19:27:48.063+0000] {dag.py:3047} INFO - Sync 1 DAGs
[2026-05-29T19:27:48.076+0000] {logging_mixin.py:188} INFO - [2026-05-29T19:27:48.076+0000] {dag.py:3834} INFO - Setting next_dagrun for tutorial_objectstorage to None, run_after=None
[2026-05-29T19:27:48.102+0000] {processor.py:183} INFO - Processing /home/airflow/.local/lib/python3.8/site-packages/airflow/example_dags/tutorial_objectstorage.py took 0.074 seconds
[2026-05-29T19:28:19.319+0000] {processor.py:161} INFO - Started process (PID=1413) to work on /home/airflow/.local/lib/python3.8/site-packages/airflow/example_dags/tutorial_objectstorage.py
[2026-05-29T19:28:19.321+0000] {processor.py:830} INFO - Processing file /home/airflow/.local/lib/python3.8/site-packages/airflow/example_dags/tutorial_objectstorage.py for tasks to queue
[2026-05-29T19:28:19.323+0000] {logging_mixin.py:188} INFO - [2026-05-29T19:28:19.322+0000] {dagbag.py:540} INFO - Filling up the DagBag from /home/airflow/.local/lib/python3.8/site-packages/airflow/example_dags/tutorial_objectstorage.py
[2026-05-29T19:28:19.329+0000] {processor.py:840} INFO - DAG(s) 'tutorial_objectstorage' retrieved from /home/airflow/.local/lib/python3.8/site-packages/airflow/example_dags/tutorial_objectstorage.py
[2026-05-29T19:28:19.353+0000] {logging_mixin.py:188} INFO - [2026-05-29T19:28:19.353+0000] {dag.py:3047} INFO - Sync 1 DAGs
[2026-05-29T19:28:19.364+0000] {logging_mixin.py:188} INFO - [2026-05-29T19:28:19.364+0000] {dag.py:3834} INFO - Setting next_dagrun for tutorial_objectstorage to None, run_after=None
[2026-05-29T19:28:19.383+0000] {processor.py:183} INFO - Processing /home/airflow/.local/lib/python3.8/site-packages/airflow/example_dags/tutorial_objectstorage.py took 0.066 seconds
[2026-05-29T19:28:49.639+0000] {processor.py:161} INFO - Started process (PID=1467) to work on /home/airflow/.local/lib/python3.8/site-packages/airflow/example_dags/tutorial_objectstorage.py
[2026-05-29T19:28:49.641+0000] {processor.py:830} INFO - Processing file /home/airflow/.local/lib/python3.8/site-packages/airflow/example_dags/tutorial_objectstorage.py for tasks to queue
[2026-05-29T19:28:49.643+0000] {logging_mixin.py:188} INFO - [2026-05-29T19:28:49.643+0000] {dagbag.py:540} INFO - Filling up the DagBag from /home/airflow/.local/lib/python3.8/site-packages/airflow/example_dags/tutorial_objectstorage.py
[2026-05-29T19:28:49.653+0000] {processor.py:840} INFO - DAG(s) 'tutorial_objectstorage' retrieved from /home/airflow/.local/lib/python3.8/site-packages/airflow/example_dags/tutorial_objectstorage.py
[2026-05-29T19:28:49.678+0000] {logging_mixin.py:188} INFO - [2026-05-29T19:28:49.678+0000] {dag.py:3047} INFO - Sync 1 DAGs
[2026-05-29T19:28:49.696+0000] {logging_mixin.py:188} INFO - [2026-05-29T19:28:49.695+0000] {dag.py:3834} INFO - Setting next_dagrun for tutorial_objectstorage to None, run_after=None
[2026-05-29T19:28:49.724+0000] {processor.py:183} INFO - Processing /home/airflow/.local/lib/python3.8/site-packages/airflow/example_dags/tutorial_objectstorage.py took 0.089 seconds
[2026-05-29T19:29:19.764+0000] {processor.py:161} INFO - Started process (PID=1521) to work on /home/airflow/.local/lib/python3.8/site-packages/airflow/example_dags/tutorial_objectstorage.py
[2026-05-29T19:29:19.765+0000] {processor.py:830} INFO - Processing file /home/airflow/.local/lib/python3.8/site-packages/airflow/example_dags/tutorial_objectstorage.py for tasks to queue
[2026-05-29T19:29:19.767+0000] {logging_mixin.py:188} INFO - [2026-05-29T19:29:19.767+0000] {dagbag.py:540} INFO - Filling up the DagBag from /home/airflow/.local/lib/python3.8/site-packages/airflow/example_dags/tutorial_objectstorage.py
[2026-05-29T19:29:19.772+0000] {processor.py:840} INFO - DAG(s) 'tutorial_objectstorage' retrieved from /home/airflow/.local/lib/python3.8/site-packages/airflow/example_dags/tutorial_objectstorage.py
[2026-05-29T19:29:19.789+0000] {logging_mixin.py:188} INFO - [2026-05-29T19:29:19.789+0000] {dag.py:3047} INFO - Sync 1 DAGs
[2026-05-29T19:29:19.802+0000] {logging_mixin.py:188} INFO - [2026-05-29T19:29:19.801+0000] {dag.py:3834} INFO - Setting next_dagrun for tutorial_objectstorage to None, run_after=None
[2026-05-29T19:29:19.822+0000] {processor.py:183} INFO - Processing /home/airflow/.local/lib/python3.8/site-packages/airflow/example_dags/tutorial_objectstorage.py took 0.061 seconds
[2026-05-29T19:29:50.543+0000] {processor.py:161} INFO - Started process (PID=1577) to work on /home/airflow/.local/lib/python3.8/site-packages/airflow/example_dags/tutorial_objectstorage.py
[2026-05-29T19:29:50.544+0000] {processor.py:830} INFO - Processing file /home/airflow/.local/lib/python3.8/site-packages/airflow/example_dags/tutorial_objectstorage.py for tasks to queue
[2026-05-29T19:29:50.547+0000] {logging_mixin.py:188} INFO - [2026-05-29T19:29:50.547+0000] {dagbag.py:540} INFO - Filling up the DagBag from /home/airflow/.local/lib/python3.8/site-packages/airflow/example_dags/tutorial_objectstorage.py
[2026-05-29T19:29:50.552+0000] {processor.py:840} INFO - DAG(s) 'tutorial_objectstorage' retrieved from /home/airflow/.local/lib/python3.8/site-packages/airflow/example_dags/tutorial_objectstorage.py
[2026-05-29T19:29:50.573+0000] {logging_mixin.py:188} INFO - [2026-05-29T19:29:50.572+0000] {dag.py:3047} INFO - Sync 1 DAGs
[2026-05-29T19:29:50.584+0000] {logging_mixin.py:188} INFO - [2026-05-29T19:29:50.584+0000] {dag.py:3834} INFO - Setting next_dagrun for tutorial_objectstorage to None, run_after=None
[2026-05-29T19:29:50.607+0000] {processor.py:183} INFO - Processing /home/airflow/.local/lib/python3.8/site-packages/airflow/example_dags/tutorial_objectstorage.py took 0.067 seconds
[2026-05-29T19:30:20.692+0000] {processor.py:161} INFO - Started process (PID=1632) to work on /home/airflow/.local/lib/python3.8/site-packages/airflow/example_dags/tutorial_objectstorage.py
[2026-05-29T19:30:20.693+0000] {processor.py:830} INFO - Processing file /home/airflow/.local/lib/python3.8/site-packages/airflow/example_dags/tutorial_objectstorage.py for tasks to queue
[2026-05-29T19:30:20.695+0000] {logging_mixin.py:188} INFO - [2026-05-29T19:30:20.695+0000] {dagbag.py:540} INFO - Filling up the DagBag from /home/airflow/.local/lib/python3.8/site-packages/airflow/example_dags/tutorial_objectstorage.py
[2026-05-29T19:30:20.701+0000] {processor.py:840} INFO - DAG(s) 'tutorial_objectstorage' retrieved from /home/airflow/.local/lib/python3.8/site-packages/airflow/example_dags/tutorial_objectstorage.py
[2026-05-29T19:30:20.721+0000] {logging_mixin.py:188} INFO - [2026-05-29T19:30:20.720+0000] {dag.py:3047} INFO - Sync 1 DAGs
[2026-05-29T19:30:20.732+0000] {logging_mixin.py:188} INFO - [2026-05-29T19:30:20.732+0000] {dag.py:3834} INFO - Setting next_dagrun for tutorial_objectstorage to None, run_after=None
[2026-05-29T19:30:20.754+0000] {processor.py:183} INFO - Processing /home/airflow/.local/lib/python3.8/site-packages/airflow/example_dags/tutorial_objectstorage.py took 0.066 seconds
[2026-05-29T19:30:50.912+0000] {processor.py:161} INFO - Started process (PID=1687) to work on /home/airflow/.local/lib/python3.8/site-packages/airflow/example_dags/tutorial_objectstorage.py
[2026-05-29T19:30:50.914+0000] {processor.py:830} INFO - Processing file /home/airflow/.local/lib/python3.8/site-packages/airflow/example_dags/tutorial_objectstorage.py for tasks to queue
[2026-05-29T19:30:50.915+0000] {logging_mixin.py:188} INFO - [2026-05-29T19:30:50.915+0000] {dagbag.py:540} INFO - Filling up the DagBag from /home/airflow/.local/lib/python3.8/site-packages/airflow/example_dags/tutorial_objectstorage.py
[2026-05-29T19:30:50.921+0000] {processor.py:840} INFO - DAG(s) 'tutorial_objectstorage' retrieved from /home/airflow/.local/lib/python3.8/site-packages/airflow/example_dags/tutorial_objectstorage.py
[2026-05-29T19:30:50.940+0000] {logging_mixin.py:188} INFO - [2026-05-29T19:30:50.940+0000] {dag.py:3047} INFO - Sync 1 DAGs
[2026-05-29T19:30:50.950+0000] {logging_mixin.py:188} INFO - [2026-05-29T19:30:50.950+0000] {dag.py:3834} INFO - Setting next_dagrun for tutorial_objectstorage to None, run_after=None
[2026-05-29T19:30:50.970+0000] {processor.py:183} INFO - Processing /home/airflow/.local/lib/python3.8/site-packages/airflow/example_dags/tutorial_objectstorage.py took 0.061 seconds
[2026-05-29T19:31:21.855+0000] {processor.py:161} INFO - Started process (PID=1742) to work on /home/airflow/.local/lib/python3.8/site-packages/airflow/example_dags/tutorial_objectstorage.py
[2026-05-29T19:31:21.856+0000] {processor.py:830} INFO - Processing file /home/airflow/.local/lib/python3.8/site-packages/airflow/example_dags/tutorial_objectstorage.py for tasks to queue
[2026-05-29T19:31:21.858+0000] {logging_mixin.py:188} INFO - [2026-05-29T19:31:21.857+0000] {dagbag.py:540} INFO - Filling up the DagBag from /home/airflow/.local/lib/python3.8/site-packages/airflow/example_dags/tutorial_objectstorage.py
[2026-05-29T19:31:21.864+0000] {processor.py:840} INFO - DAG(s) 'tutorial_objectstorage' retrieved from /home/airflow/.local/lib/python3.8/site-packages/airflow/example_dags/tutorial_objectstorage.py
[2026-05-29T19:31:21.882+0000] {logging_mixin.py:188} INFO - [2026-05-29T19:31:21.882+0000] {dag.py:3047} INFO - Sync 1 DAGs
[2026-05-29T19:31:21.895+0000] {logging_mixin.py:188} INFO - [2026-05-29T19:31:21.895+0000] {dag.py:3834} INFO - Setting next_dagrun for tutorial_objectstorage to None, run_after=None
[2026-05-29T19:31:21.915+0000] {processor.py:183} INFO - Processing /home/airflow/.local/lib/python3.8/site-packages/airflow/example_dags/tutorial_objectstorage.py took 0.064 seconds
[2026-05-29T19:31:52.610+0000] {processor.py:161} INFO - Started process (PID=1797) to work on /home/airflow/.local/lib/python3.8/site-packages/airflow/example_dags/tutorial_objectstorage.py
[2026-05-29T19:31:52.611+0000] {processor.py:830} INFO - Processing file /home/airflow/.local/lib/python3.8/site-packages/airflow/example_dags/tutorial_objectstorage.py for tasks to queue
[2026-05-29T19:31:52.613+0000] {logging_mixin.py:188} INFO - [2026-05-29T19:31:52.613+0000] {dagbag.py:540} INFO - Filling up the DagBag from /home/airflow/.local/lib/python3.8/site-packages/airflow/example_dags/tutorial_objectstorage.py
[2026-05-29T19:31:52.619+0000] {processor.py:840} INFO - DAG(s) 'tutorial_objectstorage' retrieved from /home/airflow/.local/lib/python3.8/site-packages/airflow/example_dags/tutorial_objectstorage.py
[2026-05-29T19:31:52.638+0000] {logging_mixin.py:188} INFO - [2026-05-29T19:31:52.638+0000] {dag.py:3047} INFO - Sync 1 DAGs
[2026-05-29T19:31:52.650+0000] {logging_mixin.py:188} INFO - [2026-05-29T19:31:52.650+0000] {dag.py:3834} INFO - Setting next_dagrun for tutorial_objectstorage to None, run_after=None
[2026-05-29T19:31:52.672+0000] {processor.py:183} INFO - Processing /home/airflow/.local/lib/python3.8/site-packages/airflow/example_dags/tutorial_objectstorage.py took 0.064 seconds
[2026-05-29T19:32:22.730+0000] {processor.py:161} INFO - Started process (PID=1852) to work on /home/airflow/.local/lib/python3.8/site-packages/airflow/example_dags/tutorial_objectstorage.py
[2026-05-29T19:32:22.731+0000] {processor.py:830} INFO - Processing file /home/airflow/.local/lib/python3.8/site-packages/airflow/example_dags/tutorial_objectstorage.py for tasks to queue
[2026-05-29T19:32:22.733+0000] {logging_mixin.py:188} INFO - [2026-05-29T19:32:22.733+0000] {dagbag.py:540} INFO - Filling up the DagBag from /home/airflow/.local/lib/python3.8/site-packages/airflow/example_dags/tutorial_objectstorage.py
[2026-05-29T19:32:22.739+0000] {processor.py:840} INFO - DAG(s) 'tutorial_objectstorage' retrieved from /home/airflow/.local/lib/python3.8/site-packages/airflow/example_dags/tutorial_objectstorage.py
[2026-05-29T19:32:22.757+0000] {logging_mixin.py:188} INFO - [2026-05-29T19:32:22.757+0000] {dag.py:3047} INFO - Sync 1 DAGs
[2026-05-29T19:32:22.767+0000] {logging_mixin.py:188} INFO - [2026-05-29T19:32:22.767+0000] {dag.py:3834} INFO - Setting next_dagrun for tutorial_objectstorage to None, run_after=None
[2026-05-29T19:32:22.786+0000] {processor.py:183} INFO - Processing /home/airflow/.local/lib/python3.8/site-packages/airflow/example_dags/tutorial_objectstorage.py took 0.058 seconds
[2026-05-29T19:32:52.991+0000] {processor.py:161} INFO - Started process (PID=1908) to work on /home/airflow/.local/lib/python3.8/site-packages/airflow/example_dags/tutorial_objectstorage.py
[2026-05-29T19:32:52.992+0000] {processor.py:830} INFO - Processing file /home/airflow/.local/lib/python3.8/site-packages/airflow/example_dags/tutorial_objectstorage.py for tasks to queue
[2026-05-29T19:32:52.994+0000] {logging_mixin.py:188} INFO - [2026-05-29T19:32:52.993+0000] {dagbag.py:540} INFO - Filling up the DagBag from /home/airflow/.local/lib/python3.8/site-packages/airflow/example_dags/tutorial_objectstorage.py
[2026-05-29T19:32:52.999+0000] {processor.py:840} INFO - DAG(s) 'tutorial_objectstorage' retrieved from /home/airflow/.local/lib/python3.8/site-packages/airflow/example_dags/tutorial_objectstorage.py
[2026-05-29T19:32:53.018+0000] {logging_mixin.py:188} INFO - [2026-05-29T19:32:53.018+0000] {dag.py:3047} INFO - Sync 1 DAGs
[2026-05-29T19:32:53.029+0000] {logging_mixin.py:188} INFO - [2026-05-29T19:32:53.029+0000] {dag.py:3834} INFO - Setting next_dagrun for tutorial_objectstorage to None, run_after=None
[2026-05-29T19:32:53.051+0000] {processor.py:183} INFO - Processing /home/airflow/.local/lib/python3.8/site-packages/airflow/example_dags/tutorial_objectstorage.py took 0.063 seconds
[2026-05-29T19:33:23.783+0000] {processor.py:161} INFO - Started process (PID=1963) to work on /home/airflow/.local/lib/python3.8/site-packages/airflow/example_dags/tutorial_objectstorage.py
[2026-05-29T19:33:23.785+0000] {processor.py:830} INFO - Processing file /home/airflow/.local/lib/python3.8/site-packages/airflow/example_dags/tutorial_objectstorage.py for tasks to queue
[2026-05-29T19:33:23.788+0000] {logging_mixin.py:188} INFO - [2026-05-29T19:33:23.788+0000] {dagbag.py:540} INFO - Filling up the DagBag from /home/airflow/.local/lib/python3.8/site-packages/airflow/example_dags/tutorial_objectstorage.py
[2026-05-29T19:33:23.798+0000] {processor.py:840} INFO - DAG(s) 'tutorial_objectstorage' retrieved from /home/airflow/.local/lib/python3.8/site-packages/airflow/example_dags/tutorial_objectstorage.py
[2026-05-29T19:33:23.826+0000] {logging_mixin.py:188} INFO - [2026-05-29T19:33:23.826+0000] {dag.py:3047} INFO - Sync 1 DAGs
[2026-05-29T19:33:23.841+0000] {logging_mixin.py:188} INFO - [2026-05-29T19:33:23.841+0000] {dag.py:3834} INFO - Setting next_dagrun for tutorial_objectstorage to None, run_after=None
[2026-05-29T19:33:23.876+0000] {processor.py:183} INFO - Processing /home/airflow/.local/lib/python3.8/site-packages/airflow/example_dags/tutorial_objectstorage.py took 0.097 seconds
[2026-05-29T19:33:54.088+0000] {processor.py:161} INFO - Started process (PID=2018) to work on /home/airflow/.local/lib/python3.8/site-packages/airflow/example_dags/tutorial_objectstorage.py
[2026-05-29T19:33:54.089+0000] {processor.py:830} INFO - Processing file /home/airflow/.local/lib/python3.8/site-packages/airflow/example_dags/tutorial_objectstorage.py for tasks to queue
[2026-05-29T19:33:54.091+0000] {logging_mixin.py:188} INFO - [2026-05-29T19:33:54.091+0000] {dagbag.py:540} INFO - Filling up the DagBag from /home/airflow/.local/lib/python3.8/site-packages/airflow/example_dags/tutorial_objectstorage.py
[2026-05-29T19:33:54.096+0000] {processor.py:840} INFO - DAG(s) 'tutorial_objectstorage' retrieved from /home/airflow/.local/lib/python3.8/site-packages/airflow/example_dags/tutorial_objectstorage.py
[2026-05-29T19:33:54.115+0000] {logging_mixin.py:188} INFO - [2026-05-29T19:33:54.115+0000] {dag.py:3047} INFO - Sync 1 DAGs
[2026-05-29T19:33:54.125+0000] {logging_mixin.py:188} INFO - [2026-05-29T19:33:54.125+0000] {dag.py:3834} INFO - Setting next_dagrun for tutorial_objectstorage to None, run_after=None
[2026-05-29T19:33:54.146+0000] {processor.py:183} INFO - Processing /home/airflow/.local/lib/python3.8/site-packages/airflow/example_dags/tutorial_objectstorage.py took 0.061 seconds
