[2026-05-29T19:16:06.957+0000] {processor.py:161} INFO - Started process (PID=89) to work on /home/airflow/.local/lib/python3.8/site-packages/airflow/example_dags/tutorial_taskflow_api.py
[2026-05-29T19:16:06.960+0000] {processor.py:830} INFO - Processing file /home/airflow/.local/lib/python3.8/site-packages/airflow/example_dags/tutorial_taskflow_api.py for tasks to queue
[2026-05-29T19:16:06.963+0000] {logging_mixin.py:188} INFO - [2026-05-29T19:16:06.963+0000] {dagbag.py:540} INFO - Filling up the DagBag from /home/airflow/.local/lib/python3.8/site-packages/airflow/example_dags/tutorial_taskflow_api.py
[2026-05-29T19:16:06.979+0000] {processor.py:840} INFO - DAG(s) 'tutorial_taskflow_api' retrieved from /home/airflow/.local/lib/python3.8/site-packages/airflow/example_dags/tutorial_taskflow_api.py
[2026-05-29T19:16:07.020+0000] {logging_mixin.py:188} INFO - [2026-05-29T19:16:07.020+0000] {dag.py:3047} INFO - Sync 1 DAGs
[2026-05-29T19:16:07.038+0000] {logging_mixin.py:188} INFO - [2026-05-29T19:16:07.037+0000] {dag.py:3834} INFO - Setting next_dagrun for tutorial_taskflow_api to None, run_after=None
[2026-05-29T19:16:07.076+0000] {processor.py:183} INFO - Processing /home/airflow/.local/lib/python3.8/site-packages/airflow/example_dags/tutorial_taskflow_api.py took 0.126 seconds
[2026-05-29T19:16:37.437+0000] {processor.py:161} INFO - Started process (PID=144) to work on /home/airflow/.local/lib/python3.8/site-packages/airflow/example_dags/tutorial_taskflow_api.py
[2026-05-29T19:16:37.438+0000] {processor.py:830} INFO - Processing file /home/airflow/.local/lib/python3.8/site-packages/airflow/example_dags/tutorial_taskflow_api.py for tasks to queue
[2026-05-29T19:16:37.440+0000] {logging_mixin.py:188} INFO - [2026-05-29T19:16:37.440+0000] {dagbag.py:540} INFO - Filling up the DagBag from /home/airflow/.local/lib/python3.8/site-packages/airflow/example_dags/tutorial_taskflow_api.py
[2026-05-29T19:16:37.447+0000] {processor.py:840} INFO - DAG(s) 'tutorial_taskflow_api' retrieved from /home/airflow/.local/lib/python3.8/site-packages/airflow/example_dags/tutorial_taskflow_api.py
[2026-05-29T19:16:37.466+0000] {logging_mixin.py:188} INFO - [2026-05-29T19:16:37.466+0000] {dag.py:3047} INFO - Sync 1 DAGs
[2026-05-29T19:16:37.478+0000] {logging_mixin.py:188} INFO - [2026-05-29T19:16:37.478+0000] {dag.py:3834} INFO - Setting next_dagrun for tutorial_taskflow_api to None, run_after=None
[2026-05-29T19:16:37.497+0000] {processor.py:183} INFO - Processing /home/airflow/.local/lib/python3.8/site-packages/airflow/example_dags/tutorial_taskflow_api.py took 0.063 seconds
[2026-05-29T19:17:07.597+0000] {processor.py:161} INFO - Started process (PID=199) to work on /home/airflow/.local/lib/python3.8/site-packages/airflow/example_dags/tutorial_taskflow_api.py
[2026-05-29T19:17:07.598+0000] {processor.py:830} INFO - Processing file /home/airflow/.local/lib/python3.8/site-packages/airflow/example_dags/tutorial_taskflow_api.py for tasks to queue
[2026-05-29T19:17:07.600+0000] {logging_mixin.py:188} INFO - [2026-05-29T19:17:07.600+0000] {dagbag.py:540} INFO - Filling up the DagBag from /home/airflow/.local/lib/python3.8/site-packages/airflow/example_dags/tutorial_taskflow_api.py
[2026-05-29T19:17:07.606+0000] {processor.py:840} INFO - DAG(s) 'tutorial_taskflow_api' retrieved from /home/airflow/.local/lib/python3.8/site-packages/airflow/example_dags/tutorial_taskflow_api.py
[2026-05-29T19:17:07.626+0000] {logging_mixin.py:188} INFO - [2026-05-29T19:17:07.626+0000] {dag.py:3047} INFO - Sync 1 DAGs
[2026-05-29T19:17:07.638+0000] {logging_mixin.py:188} INFO - [2026-05-29T19:17:07.637+0000] {dag.py:3834} INFO - Setting next_dagrun for tutorial_taskflow_api to None, run_after=None
[2026-05-29T19:17:07.656+0000] {processor.py:183} INFO - Processing /home/airflow/.local/lib/python3.8/site-packages/airflow/example_dags/tutorial_taskflow_api.py took 0.062 seconds
[2026-05-29T19:17:38.195+0000] {processor.py:161} INFO - Started process (PID=254) to work on /home/airflow/.local/lib/python3.8/site-packages/airflow/example_dags/tutorial_taskflow_api.py
[2026-05-29T19:17:38.197+0000] {processor.py:830} INFO - Processing file /home/airflow/.local/lib/python3.8/site-packages/airflow/example_dags/tutorial_taskflow_api.py for tasks to queue
[2026-05-29T19:17:38.199+0000] {logging_mixin.py:188} INFO - [2026-05-29T19:17:38.199+0000] {dagbag.py:540} INFO - Filling up the DagBag from /home/airflow/.local/lib/python3.8/site-packages/airflow/example_dags/tutorial_taskflow_api.py
[2026-05-29T19:17:38.205+0000] {processor.py:840} INFO - DAG(s) 'tutorial_taskflow_api' retrieved from /home/airflow/.local/lib/python3.8/site-packages/airflow/example_dags/tutorial_taskflow_api.py
[2026-05-29T19:17:38.227+0000] {logging_mixin.py:188} INFO - [2026-05-29T19:17:38.227+0000] {dag.py:3047} INFO - Sync 1 DAGs
[2026-05-29T19:17:38.237+0000] {logging_mixin.py:188} INFO - [2026-05-29T19:17:38.237+0000] {dag.py:3834} INFO - Setting next_dagrun for tutorial_taskflow_api to None, run_after=None
[2026-05-29T19:17:38.255+0000] {processor.py:183} INFO - Processing /home/airflow/.local/lib/python3.8/site-packages/airflow/example_dags/tutorial_taskflow_api.py took 0.063 seconds
[2026-05-29T19:18:09.207+0000] {processor.py:161} INFO - Started process (PID=309) to work on /home/airflow/.local/lib/python3.8/site-packages/airflow/example_dags/tutorial_taskflow_api.py
[2026-05-29T19:18:09.209+0000] {processor.py:830} INFO - Processing file /home/airflow/.local/lib/python3.8/site-packages/airflow/example_dags/tutorial_taskflow_api.py for tasks to queue
[2026-05-29T19:18:09.212+0000] {logging_mixin.py:188} INFO - [2026-05-29T19:18:09.211+0000] {dagbag.py:540} INFO - Filling up the DagBag from /home/airflow/.local/lib/python3.8/site-packages/airflow/example_dags/tutorial_taskflow_api.py
[2026-05-29T19:18:09.218+0000] {processor.py:840} INFO - DAG(s) 'tutorial_taskflow_api' retrieved from /home/airflow/.local/lib/python3.8/site-packages/airflow/example_dags/tutorial_taskflow_api.py
[2026-05-29T19:18:09.237+0000] {logging_mixin.py:188} INFO - [2026-05-29T19:18:09.237+0000] {dag.py:3047} INFO - Sync 1 DAGs
[2026-05-29T19:18:09.252+0000] {logging_mixin.py:188} INFO - [2026-05-29T19:18:09.252+0000] {dag.py:3834} INFO - Setting next_dagrun for tutorial_taskflow_api to None, run_after=None
[2026-05-29T19:18:09.270+0000] {processor.py:183} INFO - Processing /home/airflow/.local/lib/python3.8/site-packages/airflow/example_dags/tutorial_taskflow_api.py took 0.066 seconds
[2026-05-29T19:18:39.672+0000] {processor.py:161} INFO - Started process (PID=364) to work on /home/airflow/.local/lib/python3.8/site-packages/airflow/example_dags/tutorial_taskflow_api.py
[2026-05-29T19:18:39.675+0000] {processor.py:830} INFO - Processing file /home/airflow/.local/lib/python3.8/site-packages/airflow/example_dags/tutorial_taskflow_api.py for tasks to queue
[2026-05-29T19:18:39.680+0000] {logging_mixin.py:188} INFO - [2026-05-29T19:18:39.679+0000] {dagbag.py:540} INFO - Filling up the DagBag from /home/airflow/.local/lib/python3.8/site-packages/airflow/example_dags/tutorial_taskflow_api.py
[2026-05-29T19:18:39.696+0000] {processor.py:840} INFO - DAG(s) 'tutorial_taskflow_api' retrieved from /home/airflow/.local/lib/python3.8/site-packages/airflow/example_dags/tutorial_taskflow_api.py
[2026-05-29T19:18:39.735+0000] {logging_mixin.py:188} INFO - [2026-05-29T19:18:39.734+0000] {dag.py:3047} INFO - Sync 1 DAGs
[2026-05-29T19:18:39.757+0000] {logging_mixin.py:188} INFO - [2026-05-29T19:18:39.756+0000] {dag.py:3834} INFO - Setting next_dagrun for tutorial_taskflow_api to None, run_after=None
[2026-05-29T19:18:39.788+0000] {processor.py:183} INFO - Processing /home/airflow/.local/lib/python3.8/site-packages/airflow/example_dags/tutorial_taskflow_api.py took 0.125 seconds
[2026-05-29T19:19:09.993+0000] {processor.py:161} INFO - Started process (PID=419) to work on /home/airflow/.local/lib/python3.8/site-packages/airflow/example_dags/tutorial_taskflow_api.py
[2026-05-29T19:19:09.995+0000] {processor.py:830} INFO - Processing file /home/airflow/.local/lib/python3.8/site-packages/airflow/example_dags/tutorial_taskflow_api.py for tasks to queue
[2026-05-29T19:19:09.997+0000] {logging_mixin.py:188} INFO - [2026-05-29T19:19:09.997+0000] {dagbag.py:540} INFO - Filling up the DagBag from /home/airflow/.local/lib/python3.8/site-packages/airflow/example_dags/tutorial_taskflow_api.py
[2026-05-29T19:19:10.004+0000] {processor.py:840} INFO - DAG(s) 'tutorial_taskflow_api' retrieved from /home/airflow/.local/lib/python3.8/site-packages/airflow/example_dags/tutorial_taskflow_api.py
[2026-05-29T19:19:10.026+0000] {logging_mixin.py:188} INFO - [2026-05-29T19:19:10.026+0000] {dag.py:3047} INFO - Sync 1 DAGs
[2026-05-29T19:19:10.039+0000] {logging_mixin.py:188} INFO - [2026-05-29T19:19:10.038+0000] {dag.py:3834} INFO - Setting next_dagrun for tutorial_taskflow_api to None, run_after=None
[2026-05-29T19:19:10.059+0000] {processor.py:183} INFO - Processing /home/airflow/.local/lib/python3.8/site-packages/airflow/example_dags/tutorial_taskflow_api.py took 0.069 seconds
[2026-05-29T19:19:40.425+0000] {processor.py:161} INFO - Started process (PID=474) to work on /home/airflow/.local/lib/python3.8/site-packages/airflow/example_dags/tutorial_taskflow_api.py
[2026-05-29T19:19:40.427+0000] {processor.py:830} INFO - Processing file /home/airflow/.local/lib/python3.8/site-packages/airflow/example_dags/tutorial_taskflow_api.py for tasks to queue
[2026-05-29T19:19:40.430+0000] {logging_mixin.py:188} INFO - [2026-05-29T19:19:40.429+0000] {dagbag.py:540} INFO - Filling up the DagBag from /home/airflow/.local/lib/python3.8/site-packages/airflow/example_dags/tutorial_taskflow_api.py
[2026-05-29T19:19:40.436+0000] {processor.py:840} INFO - DAG(s) 'tutorial_taskflow_api' retrieved from /home/airflow/.local/lib/python3.8/site-packages/airflow/example_dags/tutorial_taskflow_api.py
[2026-05-29T19:19:40.454+0000] {logging_mixin.py:188} INFO - [2026-05-29T19:19:40.453+0000] {dag.py:3047} INFO - Sync 1 DAGs
[2026-05-29T19:19:40.467+0000] {logging_mixin.py:188} INFO - [2026-05-29T19:19:40.466+0000] {dag.py:3834} INFO - Setting next_dagrun for tutorial_taskflow_api to None, run_after=None
[2026-05-29T19:19:40.485+0000] {processor.py:183} INFO - Processing /home/airflow/.local/lib/python3.8/site-packages/airflow/example_dags/tutorial_taskflow_api.py took 0.062 seconds
[2026-05-29T19:20:10.819+0000] {processor.py:161} INFO - Started process (PID=529) to work on /home/airflow/.local/lib/python3.8/site-packages/airflow/example_dags/tutorial_taskflow_api.py
[2026-05-29T19:20:10.820+0000] {processor.py:830} INFO - Processing file /home/airflow/.local/lib/python3.8/site-packages/airflow/example_dags/tutorial_taskflow_api.py for tasks to queue
[2026-05-29T19:20:10.823+0000] {logging_mixin.py:188} INFO - [2026-05-29T19:20:10.823+0000] {dagbag.py:540} INFO - Filling up the DagBag from /home/airflow/.local/lib/python3.8/site-packages/airflow/example_dags/tutorial_taskflow_api.py
[2026-05-29T19:20:10.829+0000] {processor.py:840} INFO - DAG(s) 'tutorial_taskflow_api' retrieved from /home/airflow/.local/lib/python3.8/site-packages/airflow/example_dags/tutorial_taskflow_api.py
[2026-05-29T19:20:10.852+0000] {logging_mixin.py:188} INFO - [2026-05-29T19:20:10.851+0000] {dag.py:3047} INFO - Sync 1 DAGs
[2026-05-29T19:20:10.865+0000] {logging_mixin.py:188} INFO - [2026-05-29T19:20:10.865+0000] {dag.py:3834} INFO - Setting next_dagrun for tutorial_taskflow_api to None, run_after=None
[2026-05-29T19:20:10.887+0000] {processor.py:183} INFO - Processing /home/airflow/.local/lib/python3.8/site-packages/airflow/example_dags/tutorial_taskflow_api.py took 0.071 seconds
[2026-05-29T19:20:41.045+0000] {processor.py:161} INFO - Started process (PID=584) to work on /home/airflow/.local/lib/python3.8/site-packages/airflow/example_dags/tutorial_taskflow_api.py
[2026-05-29T19:20:41.046+0000] {processor.py:830} INFO - Processing file /home/airflow/.local/lib/python3.8/site-packages/airflow/example_dags/tutorial_taskflow_api.py for tasks to queue
[2026-05-29T19:20:41.049+0000] {logging_mixin.py:188} INFO - [2026-05-29T19:20:41.048+0000] {dagbag.py:540} INFO - Filling up the DagBag from /home/airflow/.local/lib/python3.8/site-packages/airflow/example_dags/tutorial_taskflow_api.py
[2026-05-29T19:20:41.057+0000] {processor.py:840} INFO - DAG(s) 'tutorial_taskflow_api' retrieved from /home/airflow/.local/lib/python3.8/site-packages/airflow/example_dags/tutorial_taskflow_api.py
[2026-05-29T19:20:41.079+0000] {logging_mixin.py:188} INFO - [2026-05-29T19:20:41.079+0000] {dag.py:3047} INFO - Sync 1 DAGs
[2026-05-29T19:20:41.091+0000] {logging_mixin.py:188} INFO - [2026-05-29T19:20:41.091+0000] {dag.py:3834} INFO - Setting next_dagrun for tutorial_taskflow_api to None, run_after=None
[2026-05-29T19:20:41.112+0000] {processor.py:183} INFO - Processing /home/airflow/.local/lib/python3.8/site-packages/airflow/example_dags/tutorial_taskflow_api.py took 0.070 seconds
[2026-05-29T19:21:11.515+0000] {processor.py:161} INFO - Started process (PID=639) to work on /home/airflow/.local/lib/python3.8/site-packages/airflow/example_dags/tutorial_taskflow_api.py
[2026-05-29T19:21:11.516+0000] {processor.py:830} INFO - Processing file /home/airflow/.local/lib/python3.8/site-packages/airflow/example_dags/tutorial_taskflow_api.py for tasks to queue
[2026-05-29T19:21:11.520+0000] {logging_mixin.py:188} INFO - [2026-05-29T19:21:11.520+0000] {dagbag.py:540} INFO - Filling up the DagBag from /home/airflow/.local/lib/python3.8/site-packages/airflow/example_dags/tutorial_taskflow_api.py
[2026-05-29T19:21:11.529+0000] {processor.py:840} INFO - DAG(s) 'tutorial_taskflow_api' retrieved from /home/airflow/.local/lib/python3.8/site-packages/airflow/example_dags/tutorial_taskflow_api.py
[2026-05-29T19:21:11.551+0000] {logging_mixin.py:188} INFO - [2026-05-29T19:21:11.550+0000] {dag.py:3047} INFO - Sync 1 DAGs
[2026-05-29T19:21:11.561+0000] {logging_mixin.py:188} INFO - [2026-05-29T19:21:11.561+0000] {dag.py:3834} INFO - Setting next_dagrun for tutorial_taskflow_api to None, run_after=None
[2026-05-29T19:21:11.583+0000] {processor.py:183} INFO - Processing /home/airflow/.local/lib/python3.8/site-packages/airflow/example_dags/tutorial_taskflow_api.py took 0.072 seconds
[2026-05-29T19:21:41.753+0000] {processor.py:161} INFO - Started process (PID=694) to work on /home/airflow/.local/lib/python3.8/site-packages/airflow/example_dags/tutorial_taskflow_api.py
[2026-05-29T19:21:41.755+0000] {processor.py:830} INFO - Processing file /home/airflow/.local/lib/python3.8/site-packages/airflow/example_dags/tutorial_taskflow_api.py for tasks to queue
[2026-05-29T19:21:41.757+0000] {logging_mixin.py:188} INFO - [2026-05-29T19:21:41.757+0000] {dagbag.py:540} INFO - Filling up the DagBag from /home/airflow/.local/lib/python3.8/site-packages/airflow/example_dags/tutorial_taskflow_api.py
[2026-05-29T19:21:41.763+0000] {processor.py:840} INFO - DAG(s) 'tutorial_taskflow_api' retrieved from /home/airflow/.local/lib/python3.8/site-packages/airflow/example_dags/tutorial_taskflow_api.py
[2026-05-29T19:21:41.781+0000] {logging_mixin.py:188} INFO - [2026-05-29T19:21:41.781+0000] {dag.py:3047} INFO - Sync 1 DAGs
[2026-05-29T19:21:41.792+0000] {logging_mixin.py:188} INFO - [2026-05-29T19:21:41.791+0000] {dag.py:3834} INFO - Setting next_dagrun for tutorial_taskflow_api to None, run_after=None
[2026-05-29T19:21:41.815+0000] {processor.py:183} INFO - Processing /home/airflow/.local/lib/python3.8/site-packages/airflow/example_dags/tutorial_taskflow_api.py took 0.067 seconds
[2026-05-29T19:22:12.192+0000] {processor.py:161} INFO - Started process (PID=749) to work on /home/airflow/.local/lib/python3.8/site-packages/airflow/example_dags/tutorial_taskflow_api.py
[2026-05-29T19:22:12.194+0000] {processor.py:830} INFO - Processing file /home/airflow/.local/lib/python3.8/site-packages/airflow/example_dags/tutorial_taskflow_api.py for tasks to queue
[2026-05-29T19:22:12.196+0000] {logging_mixin.py:188} INFO - [2026-05-29T19:22:12.195+0000] {dagbag.py:540} INFO - Filling up the DagBag from /home/airflow/.local/lib/python3.8/site-packages/airflow/example_dags/tutorial_taskflow_api.py
[2026-05-29T19:22:12.201+0000] {processor.py:840} INFO - DAG(s) 'tutorial_taskflow_api' retrieved from /home/airflow/.local/lib/python3.8/site-packages/airflow/example_dags/tutorial_taskflow_api.py
[2026-05-29T19:22:12.223+0000] {logging_mixin.py:188} INFO - [2026-05-29T19:22:12.223+0000] {dag.py:3047} INFO - Sync 1 DAGs
[2026-05-29T19:22:12.236+0000] {logging_mixin.py:188} INFO - [2026-05-29T19:22:12.236+0000] {dag.py:3834} INFO - Setting next_dagrun for tutorial_taskflow_api to None, run_after=None
[2026-05-29T19:22:12.253+0000] {processor.py:183} INFO - Processing /home/airflow/.local/lib/python3.8/site-packages/airflow/example_dags/tutorial_taskflow_api.py took 0.064 seconds
[2026-05-29T19:22:42.287+0000] {processor.py:161} INFO - Started process (PID=804) to work on /home/airflow/.local/lib/python3.8/site-packages/airflow/example_dags/tutorial_taskflow_api.py
[2026-05-29T19:22:42.288+0000] {processor.py:830} INFO - Processing file /home/airflow/.local/lib/python3.8/site-packages/airflow/example_dags/tutorial_taskflow_api.py for tasks to queue
[2026-05-29T19:22:42.291+0000] {logging_mixin.py:188} INFO - [2026-05-29T19:22:42.291+0000] {dagbag.py:540} INFO - Filling up the DagBag from /home/airflow/.local/lib/python3.8/site-packages/airflow/example_dags/tutorial_taskflow_api.py
[2026-05-29T19:22:42.297+0000] {processor.py:840} INFO - DAG(s) 'tutorial_taskflow_api' retrieved from /home/airflow/.local/lib/python3.8/site-packages/airflow/example_dags/tutorial_taskflow_api.py
[2026-05-29T19:22:42.317+0000] {logging_mixin.py:188} INFO - [2026-05-29T19:22:42.316+0000] {dag.py:3047} INFO - Sync 1 DAGs
[2026-05-29T19:22:42.327+0000] {logging_mixin.py:188} INFO - [2026-05-29T19:22:42.326+0000] {dag.py:3834} INFO - Setting next_dagrun for tutorial_taskflow_api to None, run_after=None
[2026-05-29T19:22:42.347+0000] {processor.py:183} INFO - Processing /home/airflow/.local/lib/python3.8/site-packages/airflow/example_dags/tutorial_taskflow_api.py took 0.063 seconds
[2026-05-29T19:23:12.482+0000] {processor.py:161} INFO - Started process (PID=859) to work on /home/airflow/.local/lib/python3.8/site-packages/airflow/example_dags/tutorial_taskflow_api.py
[2026-05-29T19:23:12.484+0000] {processor.py:830} INFO - Processing file /home/airflow/.local/lib/python3.8/site-packages/airflow/example_dags/tutorial_taskflow_api.py for tasks to queue
[2026-05-29T19:23:12.492+0000] {logging_mixin.py:188} INFO - [2026-05-29T19:23:12.492+0000] {dagbag.py:540} INFO - Filling up the DagBag from /home/airflow/.local/lib/python3.8/site-packages/airflow/example_dags/tutorial_taskflow_api.py
[2026-05-29T19:23:12.500+0000] {processor.py:840} INFO - DAG(s) 'tutorial_taskflow_api' retrieved from /home/airflow/.local/lib/python3.8/site-packages/airflow/example_dags/tutorial_taskflow_api.py
[2026-05-29T19:23:12.542+0000] {logging_mixin.py:188} INFO - [2026-05-29T19:23:12.541+0000] {dag.py:3047} INFO - Sync 1 DAGs
[2026-05-29T19:23:12.558+0000] {logging_mixin.py:188} INFO - [2026-05-29T19:23:12.558+0000] {dag.py:3834} INFO - Setting next_dagrun for tutorial_taskflow_api to None, run_after=None
[2026-05-29T19:23:12.587+0000] {processor.py:183} INFO - Processing /home/airflow/.local/lib/python3.8/site-packages/airflow/example_dags/tutorial_taskflow_api.py took 0.109 seconds
[2026-05-29T19:23:42.631+0000] {processor.py:161} INFO - Started process (PID=914) to work on /home/airflow/.local/lib/python3.8/site-packages/airflow/example_dags/tutorial_taskflow_api.py
[2026-05-29T19:23:42.632+0000] {processor.py:830} INFO - Processing file /home/airflow/.local/lib/python3.8/site-packages/airflow/example_dags/tutorial_taskflow_api.py for tasks to queue
[2026-05-29T19:23:42.634+0000] {logging_mixin.py:188} INFO - [2026-05-29T19:23:42.634+0000] {dagbag.py:540} INFO - Filling up the DagBag from /home/airflow/.local/lib/python3.8/site-packages/airflow/example_dags/tutorial_taskflow_api.py
[2026-05-29T19:23:42.639+0000] {processor.py:840} INFO - DAG(s) 'tutorial_taskflow_api' retrieved from /home/airflow/.local/lib/python3.8/site-packages/airflow/example_dags/tutorial_taskflow_api.py
[2026-05-29T19:23:42.658+0000] {logging_mixin.py:188} INFO - [2026-05-29T19:23:42.658+0000] {dag.py:3047} INFO - Sync 1 DAGs
[2026-05-29T19:23:42.669+0000] {logging_mixin.py:188} INFO - [2026-05-29T19:23:42.668+0000] {dag.py:3834} INFO - Setting next_dagrun for tutorial_taskflow_api to None, run_after=None
[2026-05-29T19:23:42.691+0000] {processor.py:183} INFO - Processing /home/airflow/.local/lib/python3.8/site-packages/airflow/example_dags/tutorial_taskflow_api.py took 0.063 seconds
[2026-05-29T19:24:12.887+0000] {processor.py:161} INFO - Started process (PID=969) to work on /home/airflow/.local/lib/python3.8/site-packages/airflow/example_dags/tutorial_taskflow_api.py
[2026-05-29T19:24:12.889+0000] {processor.py:830} INFO - Processing file /home/airflow/.local/lib/python3.8/site-packages/airflow/example_dags/tutorial_taskflow_api.py for tasks to queue
[2026-05-29T19:24:12.891+0000] {logging_mixin.py:188} INFO - [2026-05-29T19:24:12.890+0000] {dagbag.py:540} INFO - Filling up the DagBag from /home/airflow/.local/lib/python3.8/site-packages/airflow/example_dags/tutorial_taskflow_api.py
[2026-05-29T19:24:12.898+0000] {processor.py:840} INFO - DAG(s) 'tutorial_taskflow_api' retrieved from /home/airflow/.local/lib/python3.8/site-packages/airflow/example_dags/tutorial_taskflow_api.py
[2026-05-29T19:24:12.916+0000] {logging_mixin.py:188} INFO - [2026-05-29T19:24:12.916+0000] {dag.py:3047} INFO - Sync 1 DAGs
[2026-05-29T19:24:12.925+0000] {logging_mixin.py:188} INFO - [2026-05-29T19:24:12.925+0000] {dag.py:3834} INFO - Setting next_dagrun for tutorial_taskflow_api to None, run_after=None
[2026-05-29T19:24:12.943+0000] {processor.py:183} INFO - Processing /home/airflow/.local/lib/python3.8/site-packages/airflow/example_dags/tutorial_taskflow_api.py took 0.058 seconds
[2026-05-29T19:24:43.139+0000] {processor.py:161} INFO - Started process (PID=1024) to work on /home/airflow/.local/lib/python3.8/site-packages/airflow/example_dags/tutorial_taskflow_api.py
[2026-05-29T19:24:43.141+0000] {processor.py:830} INFO - Processing file /home/airflow/.local/lib/python3.8/site-packages/airflow/example_dags/tutorial_taskflow_api.py for tasks to queue
[2026-05-29T19:24:43.143+0000] {logging_mixin.py:188} INFO - [2026-05-29T19:24:43.143+0000] {dagbag.py:540} INFO - Filling up the DagBag from /home/airflow/.local/lib/python3.8/site-packages/airflow/example_dags/tutorial_taskflow_api.py
[2026-05-29T19:24:43.149+0000] {processor.py:840} INFO - DAG(s) 'tutorial_taskflow_api' retrieved from /home/airflow/.local/lib/python3.8/site-packages/airflow/example_dags/tutorial_taskflow_api.py
[2026-05-29T19:24:43.175+0000] {logging_mixin.py:188} INFO - [2026-05-29T19:24:43.174+0000] {dag.py:3047} INFO - Sync 1 DAGs
[2026-05-29T19:24:43.190+0000] {logging_mixin.py:188} INFO - [2026-05-29T19:24:43.189+0000] {dag.py:3834} INFO - Setting next_dagrun for tutorial_taskflow_api to None, run_after=None
[2026-05-29T19:24:43.211+0000] {processor.py:183} INFO - Processing /home/airflow/.local/lib/python3.8/site-packages/airflow/example_dags/tutorial_taskflow_api.py took 0.075 seconds
[2026-05-29T19:25:13.445+0000] {processor.py:161} INFO - Started process (PID=1079) to work on /home/airflow/.local/lib/python3.8/site-packages/airflow/example_dags/tutorial_taskflow_api.py
[2026-05-29T19:25:13.446+0000] {processor.py:830} INFO - Processing file /home/airflow/.local/lib/python3.8/site-packages/airflow/example_dags/tutorial_taskflow_api.py for tasks to queue
[2026-05-29T19:25:13.449+0000] {logging_mixin.py:188} INFO - [2026-05-29T19:25:13.449+0000] {dagbag.py:540} INFO - Filling up the DagBag from /home/airflow/.local/lib/python3.8/site-packages/airflow/example_dags/tutorial_taskflow_api.py
[2026-05-29T19:25:13.459+0000] {processor.py:840} INFO - DAG(s) 'tutorial_taskflow_api' retrieved from /home/airflow/.local/lib/python3.8/site-packages/airflow/example_dags/tutorial_taskflow_api.py
[2026-05-29T19:25:13.483+0000] {logging_mixin.py:188} INFO - [2026-05-29T19:25:13.482+0000] {dag.py:3047} INFO - Sync 1 DAGs
[2026-05-29T19:25:13.499+0000] {logging_mixin.py:188} INFO - [2026-05-29T19:25:13.498+0000] {dag.py:3834} INFO - Setting next_dagrun for tutorial_taskflow_api to None, run_after=None
[2026-05-29T19:25:13.526+0000] {processor.py:183} INFO - Processing /home/airflow/.local/lib/python3.8/site-packages/airflow/example_dags/tutorial_taskflow_api.py took 0.085 seconds
[2026-05-29T19:25:44.426+0000] {processor.py:161} INFO - Started process (PID=1134) to work on /home/airflow/.local/lib/python3.8/site-packages/airflow/example_dags/tutorial_taskflow_api.py
[2026-05-29T19:25:44.427+0000] {processor.py:830} INFO - Processing file /home/airflow/.local/lib/python3.8/site-packages/airflow/example_dags/tutorial_taskflow_api.py for tasks to queue
[2026-05-29T19:25:44.429+0000] {logging_mixin.py:188} INFO - [2026-05-29T19:25:44.429+0000] {dagbag.py:540} INFO - Filling up the DagBag from /home/airflow/.local/lib/python3.8/site-packages/airflow/example_dags/tutorial_taskflow_api.py
[2026-05-29T19:25:44.435+0000] {processor.py:840} INFO - DAG(s) 'tutorial_taskflow_api' retrieved from /home/airflow/.local/lib/python3.8/site-packages/airflow/example_dags/tutorial_taskflow_api.py
[2026-05-29T19:25:44.452+0000] {logging_mixin.py:188} INFO - [2026-05-29T19:25:44.451+0000] {dag.py:3047} INFO - Sync 1 DAGs
[2026-05-29T19:25:44.461+0000] {logging_mixin.py:188} INFO - [2026-05-29T19:25:44.460+0000] {dag.py:3834} INFO - Setting next_dagrun for tutorial_taskflow_api to None, run_after=None
[2026-05-29T19:25:44.479+0000] {processor.py:183} INFO - Processing /home/airflow/.local/lib/python3.8/site-packages/airflow/example_dags/tutorial_taskflow_api.py took 0.056 seconds
[2026-05-29T19:26:14.562+0000] {processor.py:161} INFO - Started process (PID=1189) to work on /home/airflow/.local/lib/python3.8/site-packages/airflow/example_dags/tutorial_taskflow_api.py
[2026-05-29T19:26:14.564+0000] {processor.py:830} INFO - Processing file /home/airflow/.local/lib/python3.8/site-packages/airflow/example_dags/tutorial_taskflow_api.py for tasks to queue
[2026-05-29T19:26:14.566+0000] {logging_mixin.py:188} INFO - [2026-05-29T19:26:14.565+0000] {dagbag.py:540} INFO - Filling up the DagBag from /home/airflow/.local/lib/python3.8/site-packages/airflow/example_dags/tutorial_taskflow_api.py
[2026-05-29T19:26:14.572+0000] {processor.py:840} INFO - DAG(s) 'tutorial_taskflow_api' retrieved from /home/airflow/.local/lib/python3.8/site-packages/airflow/example_dags/tutorial_taskflow_api.py
[2026-05-29T19:26:14.591+0000] {logging_mixin.py:188} INFO - [2026-05-29T19:26:14.591+0000] {dag.py:3047} INFO - Sync 1 DAGs
[2026-05-29T19:26:14.601+0000] {logging_mixin.py:188} INFO - [2026-05-29T19:26:14.601+0000] {dag.py:3834} INFO - Setting next_dagrun for tutorial_taskflow_api to None, run_after=None
[2026-05-29T19:26:14.615+0000] {processor.py:183} INFO - Processing /home/airflow/.local/lib/python3.8/site-packages/airflow/example_dags/tutorial_taskflow_api.py took 0.056 seconds
[2026-05-29T19:26:44.803+0000] {processor.py:161} INFO - Started process (PID=1244) to work on /home/airflow/.local/lib/python3.8/site-packages/airflow/example_dags/tutorial_taskflow_api.py
[2026-05-29T19:26:44.804+0000] {processor.py:830} INFO - Processing file /home/airflow/.local/lib/python3.8/site-packages/airflow/example_dags/tutorial_taskflow_api.py for tasks to queue
[2026-05-29T19:26:44.807+0000] {logging_mixin.py:188} INFO - [2026-05-29T19:26:44.806+0000] {dagbag.py:540} INFO - Filling up the DagBag from /home/airflow/.local/lib/python3.8/site-packages/airflow/example_dags/tutorial_taskflow_api.py
[2026-05-29T19:26:44.813+0000] {processor.py:840} INFO - DAG(s) 'tutorial_taskflow_api' retrieved from /home/airflow/.local/lib/python3.8/site-packages/airflow/example_dags/tutorial_taskflow_api.py
[2026-05-29T19:26:44.832+0000] {logging_mixin.py:188} INFO - [2026-05-29T19:26:44.832+0000] {dag.py:3047} INFO - Sync 1 DAGs
[2026-05-29T19:26:44.843+0000] {logging_mixin.py:188} INFO - [2026-05-29T19:26:44.843+0000] {dag.py:3834} INFO - Setting next_dagrun for tutorial_taskflow_api to None, run_after=None
[2026-05-29T19:26:44.859+0000] {processor.py:183} INFO - Processing /home/airflow/.local/lib/python3.8/site-packages/airflow/example_dags/tutorial_taskflow_api.py took 0.059 seconds
[2026-05-29T19:27:15.078+0000] {processor.py:161} INFO - Started process (PID=1299) to work on /home/airflow/.local/lib/python3.8/site-packages/airflow/example_dags/tutorial_taskflow_api.py
[2026-05-29T19:27:15.079+0000] {processor.py:830} INFO - Processing file /home/airflow/.local/lib/python3.8/site-packages/airflow/example_dags/tutorial_taskflow_api.py for tasks to queue
[2026-05-29T19:27:15.082+0000] {logging_mixin.py:188} INFO - [2026-05-29T19:27:15.082+0000] {dagbag.py:540} INFO - Filling up the DagBag from /home/airflow/.local/lib/python3.8/site-packages/airflow/example_dags/tutorial_taskflow_api.py
[2026-05-29T19:27:15.088+0000] {processor.py:840} INFO - DAG(s) 'tutorial_taskflow_api' retrieved from /home/airflow/.local/lib/python3.8/site-packages/airflow/example_dags/tutorial_taskflow_api.py
[2026-05-29T19:27:15.106+0000] {logging_mixin.py:188} INFO - [2026-05-29T19:27:15.105+0000] {dag.py:3047} INFO - Sync 1 DAGs
[2026-05-29T19:27:15.116+0000] {logging_mixin.py:188} INFO - [2026-05-29T19:27:15.116+0000] {dag.py:3834} INFO - Setting next_dagrun for tutorial_taskflow_api to None, run_after=None
[2026-05-29T19:27:15.131+0000] {processor.py:183} INFO - Processing /home/airflow/.local/lib/python3.8/site-packages/airflow/example_dags/tutorial_taskflow_api.py took 0.055 seconds
[2026-05-29T19:27:46.673+0000] {processor.py:161} INFO - Started process (PID=1354) to work on /home/airflow/.local/lib/python3.8/site-packages/airflow/example_dags/tutorial_taskflow_api.py
[2026-05-29T19:27:46.677+0000] {processor.py:830} INFO - Processing file /home/airflow/.local/lib/python3.8/site-packages/airflow/example_dags/tutorial_taskflow_api.py for tasks to queue
[2026-05-29T19:27:46.680+0000] {logging_mixin.py:188} INFO - [2026-05-29T19:27:46.680+0000] {dagbag.py:540} INFO - Filling up the DagBag from /home/airflow/.local/lib/python3.8/site-packages/airflow/example_dags/tutorial_taskflow_api.py
[2026-05-29T19:27:46.689+0000] {processor.py:840} INFO - DAG(s) 'tutorial_taskflow_api' retrieved from /home/airflow/.local/lib/python3.8/site-packages/airflow/example_dags/tutorial_taskflow_api.py
[2026-05-29T19:27:46.713+0000] {logging_mixin.py:188} INFO - [2026-05-29T19:27:46.713+0000] {dag.py:3047} INFO - Sync 1 DAGs
[2026-05-29T19:27:46.724+0000] {logging_mixin.py:188} INFO - [2026-05-29T19:27:46.724+0000] {dag.py:3834} INFO - Setting next_dagrun for tutorial_taskflow_api to None, run_after=None
[2026-05-29T19:27:46.745+0000] {processor.py:183} INFO - Processing /home/airflow/.local/lib/python3.8/site-packages/airflow/example_dags/tutorial_taskflow_api.py took 0.075 seconds
[2026-05-29T19:28:17.308+0000] {processor.py:161} INFO - Started process (PID=1409) to work on /home/airflow/.local/lib/python3.8/site-packages/airflow/example_dags/tutorial_taskflow_api.py
[2026-05-29T19:28:17.310+0000] {processor.py:830} INFO - Processing file /home/airflow/.local/lib/python3.8/site-packages/airflow/example_dags/tutorial_taskflow_api.py for tasks to queue
[2026-05-29T19:28:17.313+0000] {logging_mixin.py:188} INFO - [2026-05-29T19:28:17.313+0000] {dagbag.py:540} INFO - Filling up the DagBag from /home/airflow/.local/lib/python3.8/site-packages/airflow/example_dags/tutorial_taskflow_api.py
[2026-05-29T19:28:17.322+0000] {processor.py:840} INFO - DAG(s) 'tutorial_taskflow_api' retrieved from /home/airflow/.local/lib/python3.8/site-packages/airflow/example_dags/tutorial_taskflow_api.py
[2026-05-29T19:28:17.341+0000] {logging_mixin.py:188} INFO - [2026-05-29T19:28:17.341+0000] {dag.py:3047} INFO - Sync 1 DAGs
[2026-05-29T19:28:17.354+0000] {logging_mixin.py:188} INFO - [2026-05-29T19:28:17.353+0000] {dag.py:3834} INFO - Setting next_dagrun for tutorial_taskflow_api to None, run_after=None
[2026-05-29T19:28:17.378+0000] {processor.py:183} INFO - Processing /home/airflow/.local/lib/python3.8/site-packages/airflow/example_dags/tutorial_taskflow_api.py took 0.072 seconds
[2026-05-29T19:28:47.504+0000] {processor.py:161} INFO - Started process (PID=1463) to work on /home/airflow/.local/lib/python3.8/site-packages/airflow/example_dags/tutorial_taskflow_api.py
[2026-05-29T19:28:47.505+0000] {processor.py:830} INFO - Processing file /home/airflow/.local/lib/python3.8/site-packages/airflow/example_dags/tutorial_taskflow_api.py for tasks to queue
[2026-05-29T19:28:47.507+0000] {logging_mixin.py:188} INFO - [2026-05-29T19:28:47.507+0000] {dagbag.py:540} INFO - Filling up the DagBag from /home/airflow/.local/lib/python3.8/site-packages/airflow/example_dags/tutorial_taskflow_api.py
[2026-05-29T19:28:47.512+0000] {processor.py:840} INFO - DAG(s) 'tutorial_taskflow_api' retrieved from /home/airflow/.local/lib/python3.8/site-packages/airflow/example_dags/tutorial_taskflow_api.py
[2026-05-29T19:28:47.528+0000] {logging_mixin.py:188} INFO - [2026-05-29T19:28:47.528+0000] {dag.py:3047} INFO - Sync 1 DAGs
[2026-05-29T19:28:47.537+0000] {logging_mixin.py:188} INFO - [2026-05-29T19:28:47.537+0000] {dag.py:3834} INFO - Setting next_dagrun for tutorial_taskflow_api to None, run_after=None
[2026-05-29T19:28:47.554+0000] {processor.py:183} INFO - Processing /home/airflow/.local/lib/python3.8/site-packages/airflow/example_dags/tutorial_taskflow_api.py took 0.054 seconds
[2026-05-29T19:29:17.668+0000] {processor.py:161} INFO - Started process (PID=1518) to work on /home/airflow/.local/lib/python3.8/site-packages/airflow/example_dags/tutorial_taskflow_api.py
[2026-05-29T19:29:17.669+0000] {processor.py:830} INFO - Processing file /home/airflow/.local/lib/python3.8/site-packages/airflow/example_dags/tutorial_taskflow_api.py for tasks to queue
[2026-05-29T19:29:17.671+0000] {logging_mixin.py:188} INFO - [2026-05-29T19:29:17.671+0000] {dagbag.py:540} INFO - Filling up the DagBag from /home/airflow/.local/lib/python3.8/site-packages/airflow/example_dags/tutorial_taskflow_api.py
[2026-05-29T19:29:17.677+0000] {processor.py:840} INFO - DAG(s) 'tutorial_taskflow_api' retrieved from /home/airflow/.local/lib/python3.8/site-packages/airflow/example_dags/tutorial_taskflow_api.py
[2026-05-29T19:29:17.693+0000] {logging_mixin.py:188} INFO - [2026-05-29T19:29:17.693+0000] {dag.py:3047} INFO - Sync 1 DAGs
[2026-05-29T19:29:17.703+0000] {logging_mixin.py:188} INFO - [2026-05-29T19:29:17.702+0000] {dag.py:3834} INFO - Setting next_dagrun for tutorial_taskflow_api to None, run_after=None
[2026-05-29T19:29:17.716+0000] {processor.py:183} INFO - Processing /home/airflow/.local/lib/python3.8/site-packages/airflow/example_dags/tutorial_taskflow_api.py took 0.051 seconds
[2026-05-29T19:29:48.347+0000] {processor.py:161} INFO - Started process (PID=1573) to work on /home/airflow/.local/lib/python3.8/site-packages/airflow/example_dags/tutorial_taskflow_api.py
[2026-05-29T19:29:48.349+0000] {processor.py:830} INFO - Processing file /home/airflow/.local/lib/python3.8/site-packages/airflow/example_dags/tutorial_taskflow_api.py for tasks to queue
[2026-05-29T19:29:48.353+0000] {logging_mixin.py:188} INFO - [2026-05-29T19:29:48.353+0000] {dagbag.py:540} INFO - Filling up the DagBag from /home/airflow/.local/lib/python3.8/site-packages/airflow/example_dags/tutorial_taskflow_api.py
[2026-05-29T19:29:48.360+0000] {processor.py:840} INFO - DAG(s) 'tutorial_taskflow_api' retrieved from /home/airflow/.local/lib/python3.8/site-packages/airflow/example_dags/tutorial_taskflow_api.py
[2026-05-29T19:29:48.382+0000] {logging_mixin.py:188} INFO - [2026-05-29T19:29:48.382+0000] {dag.py:3047} INFO - Sync 1 DAGs
[2026-05-29T19:29:48.394+0000] {logging_mixin.py:188} INFO - [2026-05-29T19:29:48.394+0000] {dag.py:3834} INFO - Setting next_dagrun for tutorial_taskflow_api to None, run_after=None
[2026-05-29T19:29:48.416+0000] {processor.py:183} INFO - Processing /home/airflow/.local/lib/python3.8/site-packages/airflow/example_dags/tutorial_taskflow_api.py took 0.071 seconds
[2026-05-29T19:30:18.535+0000] {processor.py:161} INFO - Started process (PID=1628) to work on /home/airflow/.local/lib/python3.8/site-packages/airflow/example_dags/tutorial_taskflow_api.py
[2026-05-29T19:30:18.537+0000] {processor.py:830} INFO - Processing file /home/airflow/.local/lib/python3.8/site-packages/airflow/example_dags/tutorial_taskflow_api.py for tasks to queue
[2026-05-29T19:30:18.540+0000] {logging_mixin.py:188} INFO - [2026-05-29T19:30:18.539+0000] {dagbag.py:540} INFO - Filling up the DagBag from /home/airflow/.local/lib/python3.8/site-packages/airflow/example_dags/tutorial_taskflow_api.py
[2026-05-29T19:30:18.546+0000] {processor.py:840} INFO - DAG(s) 'tutorial_taskflow_api' retrieved from /home/airflow/.local/lib/python3.8/site-packages/airflow/example_dags/tutorial_taskflow_api.py
[2026-05-29T19:30:18.562+0000] {logging_mixin.py:188} INFO - [2026-05-29T19:30:18.562+0000] {dag.py:3047} INFO - Sync 1 DAGs
[2026-05-29T19:30:18.571+0000] {logging_mixin.py:188} INFO - [2026-05-29T19:30:18.571+0000] {dag.py:3834} INFO - Setting next_dagrun for tutorial_taskflow_api to None, run_after=None
[2026-05-29T19:30:18.584+0000] {processor.py:183} INFO - Processing /home/airflow/.local/lib/python3.8/site-packages/airflow/example_dags/tutorial_taskflow_api.py took 0.052 seconds
[2026-05-29T19:30:48.762+0000] {processor.py:161} INFO - Started process (PID=1683) to work on /home/airflow/.local/lib/python3.8/site-packages/airflow/example_dags/tutorial_taskflow_api.py
[2026-05-29T19:30:48.764+0000] {processor.py:830} INFO - Processing file /home/airflow/.local/lib/python3.8/site-packages/airflow/example_dags/tutorial_taskflow_api.py for tasks to queue
[2026-05-29T19:30:48.766+0000] {logging_mixin.py:188} INFO - [2026-05-29T19:30:48.766+0000] {dagbag.py:540} INFO - Filling up the DagBag from /home/airflow/.local/lib/python3.8/site-packages/airflow/example_dags/tutorial_taskflow_api.py
[2026-05-29T19:30:48.772+0000] {processor.py:840} INFO - DAG(s) 'tutorial_taskflow_api' retrieved from /home/airflow/.local/lib/python3.8/site-packages/airflow/example_dags/tutorial_taskflow_api.py
[2026-05-29T19:30:48.789+0000] {logging_mixin.py:188} INFO - [2026-05-29T19:30:48.789+0000] {dag.py:3047} INFO - Sync 1 DAGs
[2026-05-29T19:30:48.798+0000] {logging_mixin.py:188} INFO - [2026-05-29T19:30:48.798+0000] {dag.py:3834} INFO - Setting next_dagrun for tutorial_taskflow_api to None, run_after=None
[2026-05-29T19:30:48.812+0000] {processor.py:183} INFO - Processing /home/airflow/.local/lib/python3.8/site-packages/airflow/example_dags/tutorial_taskflow_api.py took 0.053 seconds
[2026-05-29T19:31:19.754+0000] {processor.py:161} INFO - Started process (PID=1738) to work on /home/airflow/.local/lib/python3.8/site-packages/airflow/example_dags/tutorial_taskflow_api.py
[2026-05-29T19:31:19.755+0000] {processor.py:830} INFO - Processing file /home/airflow/.local/lib/python3.8/site-packages/airflow/example_dags/tutorial_taskflow_api.py for tasks to queue
[2026-05-29T19:31:19.757+0000] {logging_mixin.py:188} INFO - [2026-05-29T19:31:19.757+0000] {dagbag.py:540} INFO - Filling up the DagBag from /home/airflow/.local/lib/python3.8/site-packages/airflow/example_dags/tutorial_taskflow_api.py
[2026-05-29T19:31:19.763+0000] {processor.py:840} INFO - DAG(s) 'tutorial_taskflow_api' retrieved from /home/airflow/.local/lib/python3.8/site-packages/airflow/example_dags/tutorial_taskflow_api.py
[2026-05-29T19:31:19.782+0000] {logging_mixin.py:188} INFO - [2026-05-29T19:31:19.782+0000] {dag.py:3047} INFO - Sync 1 DAGs
[2026-05-29T19:31:19.791+0000] {logging_mixin.py:188} INFO - [2026-05-29T19:31:19.791+0000] {dag.py:3834} INFO - Setting next_dagrun for tutorial_taskflow_api to None, run_after=None
[2026-05-29T19:31:19.805+0000] {processor.py:183} INFO - Processing /home/airflow/.local/lib/python3.8/site-packages/airflow/example_dags/tutorial_taskflow_api.py took 0.053 seconds
[2026-05-29T19:31:50.422+0000] {processor.py:161} INFO - Started process (PID=1793) to work on /home/airflow/.local/lib/python3.8/site-packages/airflow/example_dags/tutorial_taskflow_api.py
[2026-05-29T19:31:50.423+0000] {processor.py:830} INFO - Processing file /home/airflow/.local/lib/python3.8/site-packages/airflow/example_dags/tutorial_taskflow_api.py for tasks to queue
[2026-05-29T19:31:50.426+0000] {logging_mixin.py:188} INFO - [2026-05-29T19:31:50.425+0000] {dagbag.py:540} INFO - Filling up the DagBag from /home/airflow/.local/lib/python3.8/site-packages/airflow/example_dags/tutorial_taskflow_api.py
[2026-05-29T19:31:50.438+0000] {processor.py:840} INFO - DAG(s) 'tutorial_taskflow_api' retrieved from /home/airflow/.local/lib/python3.8/site-packages/airflow/example_dags/tutorial_taskflow_api.py
[2026-05-29T19:31:50.461+0000] {logging_mixin.py:188} INFO - [2026-05-29T19:31:50.461+0000] {dag.py:3047} INFO - Sync 1 DAGs
[2026-05-29T19:31:50.472+0000] {logging_mixin.py:188} INFO - [2026-05-29T19:31:50.471+0000] {dag.py:3834} INFO - Setting next_dagrun for tutorial_taskflow_api to None, run_after=None
[2026-05-29T19:31:50.485+0000] {processor.py:183} INFO - Processing /home/airflow/.local/lib/python3.8/site-packages/airflow/example_dags/tutorial_taskflow_api.py took 0.066 seconds
[2026-05-29T19:32:20.548+0000] {processor.py:161} INFO - Started process (PID=1848) to work on /home/airflow/.local/lib/python3.8/site-packages/airflow/example_dags/tutorial_taskflow_api.py
[2026-05-29T19:32:20.550+0000] {processor.py:830} INFO - Processing file /home/airflow/.local/lib/python3.8/site-packages/airflow/example_dags/tutorial_taskflow_api.py for tasks to queue
[2026-05-29T19:32:20.552+0000] {logging_mixin.py:188} INFO - [2026-05-29T19:32:20.551+0000] {dagbag.py:540} INFO - Filling up the DagBag from /home/airflow/.local/lib/python3.8/site-packages/airflow/example_dags/tutorial_taskflow_api.py
[2026-05-29T19:32:20.558+0000] {processor.py:840} INFO - DAG(s) 'tutorial_taskflow_api' retrieved from /home/airflow/.local/lib/python3.8/site-packages/airflow/example_dags/tutorial_taskflow_api.py
[2026-05-29T19:32:20.575+0000] {logging_mixin.py:188} INFO - [2026-05-29T19:32:20.575+0000] {dag.py:3047} INFO - Sync 1 DAGs
[2026-05-29T19:32:20.588+0000] {logging_mixin.py:188} INFO - [2026-05-29T19:32:20.588+0000] {dag.py:3834} INFO - Setting next_dagrun for tutorial_taskflow_api to None, run_after=None
[2026-05-29T19:32:20.604+0000] {processor.py:183} INFO - Processing /home/airflow/.local/lib/python3.8/site-packages/airflow/example_dags/tutorial_taskflow_api.py took 0.059 seconds
[2026-05-29T19:32:50.892+0000] {processor.py:161} INFO - Started process (PID=1904) to work on /home/airflow/.local/lib/python3.8/site-packages/airflow/example_dags/tutorial_taskflow_api.py
[2026-05-29T19:32:50.893+0000] {processor.py:830} INFO - Processing file /home/airflow/.local/lib/python3.8/site-packages/airflow/example_dags/tutorial_taskflow_api.py for tasks to queue
[2026-05-29T19:32:50.896+0000] {logging_mixin.py:188} INFO - [2026-05-29T19:32:50.895+0000] {dagbag.py:540} INFO - Filling up the DagBag from /home/airflow/.local/lib/python3.8/site-packages/airflow/example_dags/tutorial_taskflow_api.py
[2026-05-29T19:32:50.901+0000] {processor.py:840} INFO - DAG(s) 'tutorial_taskflow_api' retrieved from /home/airflow/.local/lib/python3.8/site-packages/airflow/example_dags/tutorial_taskflow_api.py
[2026-05-29T19:32:50.919+0000] {logging_mixin.py:188} INFO - [2026-05-29T19:32:50.919+0000] {dag.py:3047} INFO - Sync 1 DAGs
[2026-05-29T19:32:50.929+0000] {logging_mixin.py:188} INFO - [2026-05-29T19:32:50.929+0000] {dag.py:3834} INFO - Setting next_dagrun for tutorial_taskflow_api to None, run_after=None
[2026-05-29T19:32:50.944+0000] {processor.py:183} INFO - Processing /home/airflow/.local/lib/python3.8/site-packages/airflow/example_dags/tutorial_taskflow_api.py took 0.054 seconds
[2026-05-29T19:33:21.622+0000] {processor.py:161} INFO - Started process (PID=1959) to work on /home/airflow/.local/lib/python3.8/site-packages/airflow/example_dags/tutorial_taskflow_api.py
[2026-05-29T19:33:21.623+0000] {processor.py:830} INFO - Processing file /home/airflow/.local/lib/python3.8/site-packages/airflow/example_dags/tutorial_taskflow_api.py for tasks to queue
[2026-05-29T19:33:21.625+0000] {logging_mixin.py:188} INFO - [2026-05-29T19:33:21.625+0000] {dagbag.py:540} INFO - Filling up the DagBag from /home/airflow/.local/lib/python3.8/site-packages/airflow/example_dags/tutorial_taskflow_api.py
[2026-05-29T19:33:21.631+0000] {processor.py:840} INFO - DAG(s) 'tutorial_taskflow_api' retrieved from /home/airflow/.local/lib/python3.8/site-packages/airflow/example_dags/tutorial_taskflow_api.py
[2026-05-29T19:33:21.647+0000] {logging_mixin.py:188} INFO - [2026-05-29T19:33:21.647+0000] {dag.py:3047} INFO - Sync 1 DAGs
[2026-05-29T19:33:21.656+0000] {logging_mixin.py:188} INFO - [2026-05-29T19:33:21.655+0000] {dag.py:3834} INFO - Setting next_dagrun for tutorial_taskflow_api to None, run_after=None
[2026-05-29T19:33:21.669+0000] {processor.py:183} INFO - Processing /home/airflow/.local/lib/python3.8/site-packages/airflow/example_dags/tutorial_taskflow_api.py took 0.051 seconds
[2026-05-29T19:33:51.990+0000] {processor.py:161} INFO - Started process (PID=2014) to work on /home/airflow/.local/lib/python3.8/site-packages/airflow/example_dags/tutorial_taskflow_api.py
[2026-05-29T19:33:51.991+0000] {processor.py:830} INFO - Processing file /home/airflow/.local/lib/python3.8/site-packages/airflow/example_dags/tutorial_taskflow_api.py for tasks to queue
[2026-05-29T19:33:51.994+0000] {logging_mixin.py:188} INFO - [2026-05-29T19:33:51.993+0000] {dagbag.py:540} INFO - Filling up the DagBag from /home/airflow/.local/lib/python3.8/site-packages/airflow/example_dags/tutorial_taskflow_api.py
[2026-05-29T19:33:52.000+0000] {processor.py:840} INFO - DAG(s) 'tutorial_taskflow_api' retrieved from /home/airflow/.local/lib/python3.8/site-packages/airflow/example_dags/tutorial_taskflow_api.py
[2026-05-29T19:33:52.016+0000] {logging_mixin.py:188} INFO - [2026-05-29T19:33:52.016+0000] {dag.py:3047} INFO - Sync 1 DAGs
[2026-05-29T19:33:52.025+0000] {logging_mixin.py:188} INFO - [2026-05-29T19:33:52.025+0000] {dag.py:3834} INFO - Setting next_dagrun for tutorial_taskflow_api to None, run_after=None
[2026-05-29T19:33:52.038+0000] {processor.py:183} INFO - Processing /home/airflow/.local/lib/python3.8/site-packages/airflow/example_dags/tutorial_taskflow_api.py took 0.051 seconds
